Global frequency set at 1000000000000 ticks per second
gem5 Simulator System.  https://www.gem5.org
gem5 is copyrighted software; use the --copyright option for details.

gem5 version 23.1.0.0
gem5 compiled May 11 2024 01:31:06
gem5 started May 11 2024 02:04:00
gem5 executing on bakery-Virtual-Machine, pid 130317
command line: build/X86/gem5.opt --debug-flags=ECCMemobj configs/ncu_lab1_config/ecc_memobj.py

Beginning simulation!
  77000: system.memobj: mem->cpu Got response for addr 0x190 , 400
  77000: system.memobj: size 0x8
  77000: system.memobj: id 94061710356144
  77000: system.memobj: data_hex : 4831ED4989D15E48 
  77000: system.memobj: data : 0100100000110001111011010100100110001001110100010101111001001000 
  77000: system.memobj: fix data : 0100100000110001111011010100100110001001110100010101111001001000 
  77000: system.memobj: -------------------------------------
 126000: system.memobj: mem->cpu Got response for addr 0x190 , 400
 126000: system.memobj: size 0x8
 126000: system.memobj: id 94061710354992
 126000: system.memobj: data_hex : 4831ED4989D15E48 
 126000: system.memobj: data : 0100100000110001111011010100100110001001110100010101111001001000 
 126000: system.memobj: fix data : 0100100000110001111011010100100110001001110100010101111001001000 
 126000: system.memobj: -------------------------------------
 175000: system.memobj: mem->cpu Got response for addr 0x190 , 400
 175000: system.memobj: size 0x8
 175000: system.memobj: id 94061710356144
 175000: system.memobj: data_hex : 4831ED4989D15E48 
 175000: system.memobj: data : 0100100000110001111011010100100110001001110100010101111001001000 
 175000: system.memobj: fix data : 0100100000110001111011010100100110001001110100010101111001001000 
 175000: system.memobj: -------------------------------------
 238000: system.memobj: mem->cpu Got response for addr 0x94dd0 , 609744
 238000: system.memobj: size 0x8
 238000: system.memobj: id 94061710355280
 238000: system.memobj: data_hex : 0100000000000000 
 238000: system.memobj: data : 0000000100000000000000000000000000000000000000000000000000000000 
 238000: system.memobj: fix data : 0000000100000000000000000000000000000000000000000000000000000000 
 238000: system.memobj: -------------------------------------
 287000: system.memobj: mem->cpu Got response for addr 0x190 , 400
 287000: system.memobj: size 0x8
 287000: system.memobj: id 94061710355280
 287000: system.memobj: data_hex : 4831ED4989D15E48 
 287000: system.memobj: data : 0100100000110001111011010100100110001001110100010101111001001000 
 287000: system.memobj: fix data : 0100100000110001111011010100100110001001110100010101111001001000 
 287000: system.memobj: -------------------------------------
 336000: system.memobj: mem->cpu Got response for addr 0x198 , 408
 336000: system.memobj: size 0x8
 336000: system.memobj: id 94061710356144
 336000: system.memobj: data_hex : 89E24883E4F05054 
 336000: system.memobj: data : 1000100111100010010010001000001111100100111100000101000001010100 
 336000: system.memobj: fix data : 1000100111100010010010001000001111100100111100000101000001010100 
 336000: system.memobj: -------------------------------------
 385000: system.memobj: mem->cpu Got response for addr 0x198 , 408
 385000: system.memobj: size 0x8
 385000: system.memobj: id 94061710355280
 385000: system.memobj: data_hex : 89E24883E4F05054 
 385000: system.memobj: data : 1000100111100010010010001000001111100100111100000101000001010100 
 385000: system.memobj: fix data : 1000100111100010010010001000001111100100111100000101000001010100 
 385000: system.memobj: -------------------------------------
 434000: system.memobj: mem->cpu Got response for addr 0x198 , 408
 434000: system.memobj: size 0x8
 434000: system.memobj: id 94061710356144
 434000: system.memobj: data_hex : 89E24883E4F05054 
 434000: system.memobj: data : 1000100111100010010010001000001111100100111100000101000001010100 
 434000: system.memobj: fix data : 1000100111100010010010001000001111100100111100000101000001010100 
 434000: system.memobj: -------------------------------------
 434000: system.memobj: cpu->mem Got request for addr 0x94dc8 , 609736
 434000: system.memobj: size 0x8
 434000: system.memobj: id 94061710356432
 434000: system.memobj: data_hex : 0000000000000000 
 434000: system.memobj: data : 0000000000000000000000000000000000000000000000000000000000000000 
 434000: system.memobj: hamming code addr: 609736 
 434000: system.memobj: hamming code : 0 
 434000: system.memobj: hamming code addr: 609744 
 434000: system.memobj: hamming code : 0 
 434000: system.memobj: hamming code addr: 609752 
 434000: system.memobj: hamming code : 0 
 434000: system.memobj: hamming code addr: 609760 
 434000: system.memobj: hamming code : 0 
 434000: system.memobj: hamming code addr: 609768 
 434000: system.memobj: hamming code : 0 
 434000: system.memobj: hamming code addr: 609776 
 434000: system.memobj: hamming code : 0 
 434000: system.memobj: hamming code addr: 609784 
 434000: system.memobj: hamming code : 0 
 434000: system.memobj: hamming code addr: 609792 
 434000: system.memobj: hamming code : 0 
 434000: system.memobj: Enter Error Bit index: 8 
 434000: system.memobj: flip data : 0000000100000000000000000000000000000000000000000000000000000000 
 434000: system.memobj: -------------------------------------
 504000: system.memobj: mem->cpu Got response for addr 0x198 , 408
 504000: system.memobj: size 0x8
 504000: system.memobj: id 94061710356432
 504000: system.memobj: data_hex : 89E24883E4F05054 
 504000: system.memobj: data : 1000100111100010010010001000001111100100111100000101000001010100 
 504000: system.memobj: fix data : 1000100111100010010010001000001111100100111100000101000001010100 
 504000: system.memobj: -------------------------------------
 504000: system.memobj: cpu->mem Got request for addr 0x94dc0 , 609728
 504000: system.memobj: size 0x8
 504000: system.memobj: id 94061710356720
 504000: system.memobj: data_hex : C8EDFFFFFF7F0000 
 504000: system.memobj: data : 1100100011101101111111111111111111111111011111110000000000000000 
 504000: system.memobj: hamming code addr: 609728 
 504000: system.memobj: hamming code : 15 
 504000: system.memobj: hamming code addr: 609736 
 504000: system.memobj: hamming code : 15 
 504000: system.memobj: hamming code addr: 609744 
 504000: system.memobj: hamming code : 3 
 504000: system.memobj: hamming code addr: 609752 
 504000: system.memobj: hamming code : 3 
 504000: system.memobj: hamming code addr: 609760 
 504000: system.memobj: hamming code : 3 
 504000: system.memobj: hamming code addr: 609768 
 504000: system.memobj: hamming code : 0 
 504000: system.memobj: hamming code addr: 609776 
 504000: system.memobj: hamming code : 0 
 504000: system.memobj: hamming code addr: 609784 
 504000: system.memobj: hamming code : 0 
 504000: system.memobj: Enter Error Bit index: 7 
 504000: system.memobj: flip data : 1100101011101101111111111111111111111111011111110000000000000000 
 504000: system.memobj: -------------------------------------
 574000: system.memobj: mem->cpu Got response for addr 0x1a0 , 416
 574000: system.memobj: size 0x8
 574000: system.memobj: id 94061710356720
 574000: system.memobj: data_hex : 49C7C060A0400048 
 574000: system.memobj: data : 0100100111000111110000000110000010100000010000000000000001001000 
 574000: system.memobj: fix data : 0100100111000111110000000110000010100000010000000000000001001000 
 574000: system.memobj: -------------------------------------
 623000: system.memobj: mem->cpu Got response for addr 0x1a0 , 416
 623000: system.memobj: size 0x8
 623000: system.memobj: id 94061710356432
 623000: system.memobj: data_hex : 49C7C060A0400048 
 623000: system.memobj: data : 0100100111000111110000000110000010100000010000000000000001001000 
 623000: system.memobj: fix data : 0100100111000111110000000110000010100000010000000000000001001000 
 623000: system.memobj: -------------------------------------
 672000: system.memobj: mem->cpu Got response for addr 0x1a8 , 424
 672000: system.memobj: size 0x8
 672000: system.memobj: id 94061710356720
 672000: system.memobj: data_hex : C7C1F09F400048C7 
 672000: system.memobj: data : 1100011111000001111100001001111101000000000000000100100011000111 
 672000: system.memobj: fix data : 1100011111000001111100001001111101000000000000000100100011000111 
 672000: system.memobj: -------------------------------------
 721000: system.memobj: mem->cpu Got response for addr 0x1a8 , 424
 721000: system.memobj: size 0x8
 721000: system.memobj: id 94061710356432
 721000: system.memobj: data_hex : C7C1F09F400048C7 
 721000: system.memobj: data : 1100011111000001111100001001111101000000000000000100100011000111 
 721000: system.memobj: fix data : 1100011111000001111100001001111101000000000000000100100011000111 
 721000: system.memobj: -------------------------------------
 770000: system.memobj: mem->cpu Got response for addr 0x1b0 , 432
 770000: system.memobj: size 0x8
 770000: system.memobj: id 94061710356720
 770000: system.memobj: data_hex : C774024000E84698 
 770000: system.memobj: data : 1100011101110100000000100100000000000000111010000100011010011000 
 770000: system.memobj: fix data : 1100011101110100000000100100000000000000111010000100011010011000 
 770000: system.memobj: -------------------------------------
 819000: system.memobj: mem->cpu Got response for addr 0x1b0 , 432
 819000: system.memobj: size 0x8
 819000: system.memobj: id 94061710356432
 819000: system.memobj: data_hex : C774024000E84698 
 819000: system.memobj: data : 1100011101110100000000100100000000000000111010000100011010011000 
 819000: system.memobj: fix data : 1100011101110100000000100100000000000000111010000100011010011000 
 819000: system.memobj: -------------------------------------
 868000: system.memobj: mem->cpu Got response for addr 0x1b8 , 440
 868000: system.memobj: size 0x8
 868000: system.memobj: id 94061710356720
 868000: system.memobj: data_hex : 0000F4904883EC08 
 868000: system.memobj: data : 0000000000000000111101001001000001001000100000111110110000001000 
 868000: system.memobj: fix data : 0000000000000000111101001001000001001000100000111110110000001000 
 868000: system.memobj: -------------------------------------
 868000: system.memobj: cpu->mem Got request for addr 0x94db8 , 609720
 868000: system.memobj: size 0x8
 868000: system.memobj: id 94061710357008
 868000: system.memobj: data_hex : BA01400000000000 
 868000: system.memobj: data : 1011101000000001010000000000000000000000000000000000000000000000 
 868000: system.memobj: hamming code addr: 609720 
 868000: system.memobj: hamming code : 0 
 868000: system.memobj: hamming code addr: 609728 
 868000: system.memobj: hamming code : 12 
 868000: system.memobj: hamming code addr: 609736 
 868000: system.memobj: hamming code : 5 
 868000: system.memobj: hamming code addr: 609744 
 868000: system.memobj: hamming code : 0 
 868000: system.memobj: hamming code addr: 609752 
 868000: system.memobj: hamming code : 0 
 868000: system.memobj: hamming code addr: 609760 
 868000: system.memobj: hamming code : 0 
 868000: system.memobj: hamming code addr: 609768 
 868000: system.memobj: hamming code : 0 
 868000: system.memobj: hamming code addr: 609776 
 868000: system.memobj: hamming code : 0 
 868000: system.memobj: Enter Error Bit index: 2 
 868000: system.memobj: flip data : 1111101000000001010000000000000000000000000000000000000000000000 
 868000: system.memobj: -------------------------------------
 952000: system.memobj: mem->cpu Got response for addr 0x9a00 , 39424
 952000: system.memobj: size 0x8
 952000: system.memobj: id 94061710357008
 952000: system.memobj: data_hex : 41574863C64D89CF 
 952000: system.memobj: data : 0100000101010111010010000110001111000110010011011000100111001111 
 952000: system.memobj: fix data : 0100000101010111010010000110001111000110010011011000100111001111 
 952000: system.memobj: -------------------------------------
 952000: system.memobj: cpu->mem Got request for addr 0x94db0 , 609712
 952000: system.memobj: size 0x8
 952000: system.memobj: id 94061710357296
 952000: system.memobj: data_hex : 0000000000000000 
 952000: system.memobj: data : 0000000000000000000000000000000000000000000000000000000000000000 
 952000: system.memobj: hamming code addr: 609712 
 952000: system.memobj: hamming code : 0 
 952000: system.memobj: hamming code addr: 609720 
 952000: system.memobj: hamming code : 0 
 952000: system.memobj: hamming code addr: 609728 
 952000: system.memobj: hamming code : 0 
 952000: system.memobj: hamming code addr: 609736 
 952000: system.memobj: hamming code : 0 
 952000: system.memobj: hamming code addr: 609744 
 952000: system.memobj: hamming code : 0 
 952000: system.memobj: hamming code addr: 609752 
 952000: system.memobj: hamming code : 0 
 952000: system.memobj: hamming code addr: 609760 
 952000: system.memobj: hamming code : 0 
 952000: system.memobj: hamming code addr: 609768 
 952000: system.memobj: hamming code : 0 
 952000: system.memobj: Enter Error Bit index: 4 
 952000: system.memobj: flip data : 0001000000000000000000000000000000000000000000000000000000000000 
 952000: system.memobj: -------------------------------------
1022000: system.memobj: mem->cpu Got response for addr 0x9a00 , 39424
1022000: system.memobj: size 0x8
1022000: system.memobj: id 94061710357296
1022000: system.memobj: data_hex : 41574863C64D89CF 
1022000: system.memobj: data : 0100000101010111010010000110001111000110010011011000100111001111 
1022000: system.memobj: fix data : 0100000101010111010010000110001111000110010011011000100111001111 
1022000: system.memobj: -------------------------------------
1071000: system.memobj: mem->cpu Got response for addr 0x9a00 , 39424
1071000: system.memobj: size 0x8
1071000: system.memobj: id 94061710357008
1071000: system.memobj: data_hex : 41574863C64D89CF 
1071000: system.memobj: data : 0100000101010111010010000110001111000110010011011000100111001111 
1071000: system.memobj: fix data : 0100000101010111010010000110001111000110010011011000100111001111 
1071000: system.memobj: -------------------------------------
1120000: system.memobj: mem->cpu Got response for addr 0x9a08 , 39432
1120000: system.memobj: size 0x8
1120000: system.memobj: id 94061710357296
1120000: system.memobj: data_hex : 41564989D6415541 
1120000: system.memobj: data : 0100000101010110010010011000100111010110010000010101010101000001 
1120000: system.memobj: fix data : 0100000101010110010010011000100111010110010000010101010101000001 
1120000: system.memobj: -------------------------------------
1120000: system.memobj: cpu->mem Got request for addr 0x94da8 , 609704
1120000: system.memobj: size 0x8
1120000: system.memobj: id 94061710357584
1120000: system.memobj: data_hex : 0000000000000000 
1120000: system.memobj: data : 0000000000000000000000000000000000000000000000000000000000000000 
1120000: system.memobj: hamming code addr: 609704 
1120000: system.memobj: hamming code : 0 
1120000: system.memobj: hamming code addr: 609712 
1120000: system.memobj: hamming code : 0 
1120000: system.memobj: hamming code addr: 609720 
1120000: system.memobj: hamming code : 0 
1120000: system.memobj: hamming code addr: 609728 
1120000: system.memobj: hamming code : 0 
1120000: system.memobj: hamming code addr: 609736 
1120000: system.memobj: hamming code : 0 
1120000: system.memobj: hamming code addr: 609744 
1120000: system.memobj: hamming code : 0 
1120000: system.memobj: hamming code addr: 609752 
1120000: system.memobj: hamming code : 0 
1120000: system.memobj: hamming code addr: 609760 
1120000: system.memobj: hamming code : 0 
1120000: system.memobj: Enter Error Bit index: 2 
1120000: system.memobj: flip data : 0100000000000000000000000000000000000000000000000000000000000000 
1120000: system.memobj: -------------------------------------
1190000: system.memobj: mem->cpu Got response for addr 0x9a08 , 39432
1190000: system.memobj: size 0x8
1190000: system.memobj: id 94061710357584
1190000: system.memobj: data_hex : 41564989D6415541 
1190000: system.memobj: data : 0100000101010110010010011000100111010110010000010101010101000001 
1190000: system.memobj: fix data : 0100000101010110010010011000100111010110010000010101010101000001 
1190000: system.memobj: -------------------------------------
1239000: system.memobj: mem->cpu Got response for addr 0x9a08 , 39432
1239000: system.memobj: size 0x8
1239000: system.memobj: id 94061710357296
1239000: system.memobj: data_hex : 41564989D6415541 
1239000: system.memobj: data : 0100000101010110010010011000100111010110010000010101010101000001 
1239000: system.memobj: fix data : 0100000101010110010010011000100111010110010000010101010101000001 
1239000: system.memobj: -------------------------------------
1239000: system.memobj: cpu->mem Got request for addr 0x94da0 , 609696
1239000: system.memobj: size 0x8
1239000: system.memobj: id 94061710357872
1239000: system.memobj: data_hex : 0000000000000000 
1239000: system.memobj: data : 0000000000000000000000000000000000000000000000000000000000000000 
1239000: system.memobj: hamming code addr: 609696 
1239000: system.memobj: hamming code : 0 
1239000: system.memobj: hamming code addr: 609704 
1239000: system.memobj: hamming code : 0 
1239000: system.memobj: hamming code addr: 609712 
1239000: system.memobj: hamming code : 0 
1239000: system.memobj: hamming code addr: 609720 
1239000: system.memobj: hamming code : 0 
1239000: system.memobj: hamming code addr: 609728 
1239000: system.memobj: hamming code : 0 
1239000: system.memobj: hamming code addr: 609736 
1239000: system.memobj: hamming code : 0 
1239000: system.memobj: hamming code addr: 609744 
1239000: system.memobj: hamming code : 0 
1239000: system.memobj: hamming code addr: 609752 
1239000: system.memobj: hamming code : 0 
1239000: system.memobj: Enter Error Bit index: 8 
1239000: system.memobj: flip data : 0000000100000000000000000000000000000000000000000000000000000000 
1239000: system.memobj: -------------------------------------
1309000: system.memobj: mem->cpu Got response for addr 0x9a08 , 39432
1309000: system.memobj: size 0x8
1309000: system.memobj: id 94061710357872
1309000: system.memobj: data_hex : 41564989D6415541 
1309000: system.memobj: data : 0100000101010110010010011000100111010110010000010101010101000001 
1309000: system.memobj: fix data : 0100000101010110010010011000100111010110010000010101010101000001 
1309000: system.memobj: -------------------------------------
1358000: system.memobj: mem->cpu Got response for addr 0x9a10 , 39440
1358000: system.memobj: size 0x8
1358000: system.memobj: id 94061710357296
1358000: system.memobj: data_hex : 89F5415455534881 
1358000: system.memobj: data : 1000100111110101010000010101010001010101010100110100100010000001 
1358000: system.memobj: fix data : 1000100111110101010000010101010001010101010100110100100010000001 
1358000: system.memobj: -------------------------------------
1407000: system.memobj: mem->cpu Got response for addr 0x9a10 , 39440
1407000: system.memobj: size 0x8
1407000: system.memobj: id 94061710357872
1407000: system.memobj: data_hex : 89F5415455534881 
1407000: system.memobj: data : 1000100111110101010000010101010001010101010100110100100010000001 
1407000: system.memobj: fix data : 1000100111110101010000010101010001010101010100110100100010000001 
1407000: system.memobj: -------------------------------------
1407000: system.memobj: cpu->mem Got request for addr 0x94d98 , 609688
1407000: system.memobj: size 0x8
1407000: system.memobj: id 94061710358160
1407000: system.memobj: data_hex : 0000000000000000 
1407000: system.memobj: data : 0000000000000000000000000000000000000000000000000000000000000000 
1407000: system.memobj: hamming code addr: 609688 
1407000: system.memobj: hamming code : 0 
1407000: system.memobj: hamming code addr: 609696 
1407000: system.memobj: hamming code : 0 
1407000: system.memobj: hamming code addr: 609704 
1407000: system.memobj: hamming code : 0 
1407000: system.memobj: hamming code addr: 609712 
1407000: system.memobj: hamming code : 0 
1407000: system.memobj: hamming code addr: 609720 
1407000: system.memobj: hamming code : 0 
1407000: system.memobj: hamming code addr: 609728 
1407000: system.memobj: hamming code : 0 
1407000: system.memobj: hamming code addr: 609736 
1407000: system.memobj: hamming code : 0 
1407000: system.memobj: hamming code addr: 609744 
1407000: system.memobj: hamming code : 0 
1407000: system.memobj: Enter Error Bit index: 3 
1407000: system.memobj: flip data : 0010000000000000000000000000000000000000000000000000000000000000 
1407000: system.memobj: -------------------------------------
1477000: system.memobj: mem->cpu Got response for addr 0x9a10 , 39440
1477000: system.memobj: size 0x8
1477000: system.memobj: id 94061710358160
1477000: system.memobj: data_hex : 89F5415455534881 
1477000: system.memobj: data : 1000100111110101010000010101010001010101010100110100100010000001 
1477000: system.memobj: fix data : 1000100111110101010000010101010001010101010100110100100010000001 
1477000: system.memobj: -------------------------------------
1477000: system.memobj: cpu->mem Got request for addr 0x94d90 , 609680
1477000: system.memobj: size 0x8
1477000: system.memobj: id 94061710358448
1477000: system.memobj: data_hex : 0000000000000000 
1477000: system.memobj: data : 0000000000000000000000000000000000000000000000000000000000000000 
1477000: system.memobj: hamming code addr: 609680 
1477000: system.memobj: hamming code : 0 
1477000: system.memobj: hamming code addr: 609688 
1477000: system.memobj: hamming code : 0 
1477000: system.memobj: hamming code addr: 609696 
1477000: system.memobj: hamming code : 0 
1477000: system.memobj: hamming code addr: 609704 
1477000: system.memobj: hamming code : 0 
1477000: system.memobj: hamming code addr: 609712 
1477000: system.memobj: hamming code : 0 
1477000: system.memobj: hamming code addr: 609720 
1477000: system.memobj: hamming code : 0 
1477000: system.memobj: hamming code addr: 609728 
1477000: system.memobj: hamming code : 0 
1477000: system.memobj: hamming code addr: 609736 
1477000: system.memobj: hamming code : 0 
1477000: system.memobj: Enter Error Bit index: 5 
1477000: system.memobj: flip data : 0000100000000000000000000000000000000000000000000000000000000000 
1477000: system.memobj: -------------------------------------
1547000: system.memobj: mem->cpu Got response for addr 0x9a10 , 39440
1547000: system.memobj: size 0x8
1547000: system.memobj: id 94061710358448
1547000: system.memobj: data_hex : 89F5415455534881 
1547000: system.memobj: data : 1000100111110101010000010101010001010101010100110100100010000001 
1547000: system.memobj: fix data : 1000100111110101010000010101010001010101010100110100100010000001 
1547000: system.memobj: -------------------------------------
1547000: system.memobj: cpu->mem Got request for addr 0x94d88 , 609672
1547000: system.memobj: size 0x8
1547000: system.memobj: id 94061710358736
1547000: system.memobj: data_hex : 0000000000000000 
1547000: system.memobj: data : 0000000000000000000000000000000000000000000000000000000000000000 
1547000: system.memobj: hamming code addr: 609672 
1547000: system.memobj: hamming code : 0 
1547000: system.memobj: hamming code addr: 609680 
1547000: system.memobj: hamming code : 0 
1547000: system.memobj: hamming code addr: 609688 
1547000: system.memobj: hamming code : 0 
1547000: system.memobj: hamming code addr: 609696 
1547000: system.memobj: hamming code : 0 
1547000: system.memobj: hamming code addr: 609704 
1547000: system.memobj: hamming code : 0 
1547000: system.memobj: hamming code addr: 609712 
1547000: system.memobj: hamming code : 0 
1547000: system.memobj: hamming code addr: 609720 
1547000: system.memobj: hamming code : 0 
1547000: system.memobj: hamming code addr: 609728 
1547000: system.memobj: hamming code : 0 
1547000: system.memobj: Enter Error Bit index: 2 
1547000: system.memobj: flip data : 0100000000000000000000000000000000000000000000000000000000000000 
1547000: system.memobj: -------------------------------------
1617000: system.memobj: mem->cpu Got response for addr 0x9a10 , 39440
1617000: system.memobj: size 0x8
1617000: system.memobj: id 94061710358736
1617000: system.memobj: data_hex : 89F5415455534881 
1617000: system.memobj: data : 1000100111110101010000010101010001010101010100110100100010000001 
1617000: system.memobj: fix data : 1000100111110101010000010101010001010101010100110100100010000001 
1617000: system.memobj: -------------------------------------
1666000: system.memobj: mem->cpu Got response for addr 0x9a18 , 39448
1666000: system.memobj: size 0x8
1666000: system.memobj: id 94061710358448
1666000: system.memobj: data_hex : ECF801000048897C 
1666000: system.memobj: data : 1110110011111000000000010000000000000000010010001000100101111100 
1666000: system.memobj: fix data : 1110110011111000000000010000000000000000010010001000100101111100 
1666000: system.memobj: -------------------------------------
1715000: system.memobj: mem->cpu Got response for addr 0x9a18 , 39448
1715000: system.memobj: size 0x8
1715000: system.memobj: id 94061710358736
1715000: system.memobj: data_hex : ECF801000048897C 
1715000: system.memobj: data : 1110110011111000000000010000000000000000010010001000100101111100 
1715000: system.memobj: fix data : 1110110011111000000000010000000000000000010010001000100101111100 
1715000: system.memobj: -------------------------------------
1764000: system.memobj: mem->cpu Got response for addr 0x9a20 , 39456
1764000: system.memobj: size 0x8
1764000: system.memobj: id 94061710358448
1764000: system.memobj: data_hex : 2418488D7CC208B8 
1764000: system.memobj: data : 0010010000011000010010001000110101111100110000100000100010111000 
1764000: system.memobj: fix data : 0010010000011000010010001000110101111100110000100000100010111000 
1764000: system.memobj: -------------------------------------
1764000: system.memobj: cpu->mem Got request for addr 0x94ba8 , 609192
1764000: system.memobj: size 0x8
1764000: system.memobj: id 94061710359024
1764000: system.memobj: data_hex : 7402400000000000 
1764000: system.memobj: data : 0111010000000010010000000000000000000000000000000000000000000000 
1764000: system.memobj: hamming code addr: 609192 
1764000: system.memobj: hamming code : 14 
1764000: system.memobj: hamming code addr: 609200 
1764000: system.memobj: hamming code : 11 
1764000: system.memobj: hamming code addr: 609208 
1764000: system.memobj: hamming code : 5 
1764000: system.memobj: hamming code addr: 609216 
1764000: system.memobj: hamming code : 0 
1764000: system.memobj: hamming code addr: 609224 
1764000: system.memobj: hamming code : 0 
1764000: system.memobj: hamming code addr: 609232 
1764000: system.memobj: hamming code : 0 
1764000: system.memobj: hamming code addr: 609240 
1764000: system.memobj: hamming code : 0 
1764000: system.memobj: hamming code addr: 609248 
1764000: system.memobj: hamming code : 0 
1764000: system.memobj: Enter Error Bit index: 6 
1764000: system.memobj: flip data : 0111000000000010010000000000000000000000000000000000000000000000 
1764000: system.memobj: -------------------------------------
1834000: system.memobj: mem->cpu Got response for addr 0x9a20 , 39456
1834000: system.memobj: size 0x8
1834000: system.memobj: id 94061710359024
1834000: system.memobj: data_hex : 2418488D7CC208B8 
1834000: system.memobj: data : 0010010000011000010010001000110101111100110000100000100010111000 
1834000: system.memobj: fix data : 0010010000011000010010001000110101111100110000100000100010111000 
1834000: system.memobj: -------------------------------------
1897000: system.memobj: mem->cpu Got response for addr 0x9a20 , 39456
1897000: system.memobj: size 0x8
1897000: system.memobj: id 94061710359312
1897000: system.memobj: data_hex : 2418488D7CC208B8 
1897000: system.memobj: data : 0010010000011000010010001000110101111100110000100000100010111000 
1897000: system.memobj: fix data : 0010010000011000010010001000110101111100110000100000100010111000 
1897000: system.memobj: -------------------------------------
1946000: system.memobj: mem->cpu Got response for addr 0x9a28 , 39464
1946000: system.memobj: size 0x8
1946000: system.memobj: id 94061710359024
1946000: system.memobj: data_hex : 0000000031D24885 
1946000: system.memobj: data : 0000000000000000000000000000000000110001110100100100100010000101 
1946000: system.memobj: fix data : 0000000000000000000000000000000000110001110100100100100010000101 
1946000: system.memobj: -------------------------------------
1995000: system.memobj: mem->cpu Got response for addr 0x9a28 , 39464
1995000: system.memobj: size 0x8
1995000: system.memobj: id 94061710359312
1995000: system.memobj: data_hex : 0000000031D24885 
1995000: system.memobj: data : 0000000000000000000000000000000000110001110100100100100010000101 
1995000: system.memobj: fix data : 0000000000000000000000000000000000110001110100100100100010000101 
1995000: system.memobj: -------------------------------------
2044000: system.memobj: mem->cpu Got response for addr 0x9a28 , 39464
2044000: system.memobj: size 0x8
2044000: system.memobj: id 94061710359024
2044000: system.memobj: data_hex : 0000000031D24885 
2044000: system.memobj: data : 0000000000000000000000000000000000110001110100100100100010000101 
2044000: system.memobj: fix data : 0000000000000000000000000000000000110001110100100100100010000101 
2044000: system.memobj: -------------------------------------
2093000: system.memobj: mem->cpu Got response for addr 0x9a30 , 39472
2093000: system.memobj: size 0x8
2093000: system.memobj: id 94061710359312
2093000: system.memobj: data_hex : C048894C24104C89 
2093000: system.memobj: data : 1100000001001000100010010100110000100100000100000100110010001001 
2093000: system.memobj: fix data : 1100000001001000100010010100110000100100000100000100110010001001 
2093000: system.memobj: -------------------------------------
2142000: system.memobj: mem->cpu Got response for addr 0x9a30 , 39472
2142000: system.memobj: size 0x8
2142000: system.memobj: id 94061710359024
2142000: system.memobj: data_hex : C048894C24104C89 
2142000: system.memobj: data : 1100000001001000100010010100110000100100000100000100110010001001 
2142000: system.memobj: fix data : 1100000001001000100010010100110000100100000100000100110010001001 
2142000: system.memobj: -------------------------------------
2142000: system.memobj: cpu->mem Got request for addr 0x94ba0 , 609184
2142000: system.memobj: size 0x8
2142000: system.memobj: id 94061710359600
2142000: system.memobj: data_hex : F09F400000000000 
2142000: system.memobj: data : 1111000010011111010000000000000000000000000000000000000000000000 
2142000: system.memobj: hamming code addr: 609184 
2142000: system.memobj: hamming code : 7 
2142000: system.memobj: hamming code addr: 609192 
2142000: system.memobj: hamming code : 0 
2142000: system.memobj: hamming code addr: 609200 
2142000: system.memobj: hamming code : 5 
2142000: system.memobj: hamming code addr: 609208 
2142000: system.memobj: hamming code : 0 
2142000: system.memobj: hamming code addr: 609216 
2142000: system.memobj: hamming code : 0 
2142000: system.memobj: hamming code addr: 609224 
2142000: system.memobj: hamming code : 0 
2142000: system.memobj: hamming code addr: 609232 
2142000: system.memobj: hamming code : 0 
2142000: system.memobj: hamming code addr: 609240 
2142000: system.memobj: hamming code : 0 
2142000: system.memobj: Enter Error Bit index: 3 
2142000: system.memobj: flip data : 1101000010011111010000000000000000000000000000000000000000000000 
2142000: system.memobj: -------------------------------------
2212000: system.memobj: mem->cpu Got response for addr 0x9a30 , 39472
2212000: system.memobj: size 0x8
2212000: system.memobj: id 94061710359600
2212000: system.memobj: data_hex : C048894C24104C89 
2212000: system.memobj: data : 1100000001001000100010010100110000100100000100000100110010001001 
2212000: system.memobj: fix data : 1100000001001000100010010100110000100100000100000100110010001001 
2212000: system.memobj: -------------------------------------
2261000: system.memobj: mem->cpu Got response for addr 0x9a38 , 39480
2261000: system.memobj: size 0x8
2261000: system.memobj: id 94061710359024
2261000: system.memobj: data_hex : 4424087412448B1D 
2261000: system.memobj: data : 0100010000100100000010000111010000010010010001001000101100011101 
2261000: system.memobj: fix data : 0100010000100100000010000111010000010010010001001000101100011101 
2261000: system.memobj: -------------------------------------
2261000: system.memobj: cpu->mem Got request for addr 0x94b98 , 609176
2261000: system.memobj: size 0x8
2261000: system.memobj: id 94061710359888
2261000: system.memobj: data_hex : 60A0400000000000 
2261000: system.memobj: data : 0110000010100000010000000000000000000000000000000000000000000000 
2261000: system.memobj: hamming code addr: 609176 
2261000: system.memobj: hamming code : 3 
2261000: system.memobj: hamming code addr: 609184 
2261000: system.memobj: hamming code : 5 
2261000: system.memobj: hamming code addr: 609192 
2261000: system.memobj: hamming code : 5 
2261000: system.memobj: hamming code addr: 609200 
2261000: system.memobj: hamming code : 0 
2261000: system.memobj: hamming code addr: 609208 
2261000: system.memobj: hamming code : 0 
2261000: system.memobj: hamming code addr: 609216 
2261000: system.memobj: hamming code : 0 
2261000: system.memobj: hamming code addr: 609224 
2261000: system.memobj: hamming code : 0 
2261000: system.memobj: hamming code addr: 609232 
2261000: system.memobj: hamming code : 0 
2261000: system.memobj: Enter Error Bit index: 4 
2261000: system.memobj: flip data : 0111000010100000010000000000000000000000000000000000000000000000 
2261000: system.memobj: -------------------------------------
2331000: system.memobj: mem->cpu Got response for addr 0x9a38 , 39480
2331000: system.memobj: size 0x8
2331000: system.memobj: id 94061710359888
2331000: system.memobj: data_hex : 4424087412448B1D 
2331000: system.memobj: data : 0100010000100100000010000111010000010010010001001000101100011101 
2331000: system.memobj: fix data : 0100010000100100000010000111010000010010010001001000101100011101 
2331000: system.memobj: -------------------------------------
2380000: system.memobj: mem->cpu Got response for addr 0x9a48 , 39496
2380000: system.memobj: size 0x8
2380000: system.memobj: id 94061710359024
2380000: system.memobj: data_hex : 004585DB0F44D048 
2380000: system.memobj: data : 0000000001000101100001011101101100001111010001001101000001001000 
2380000: system.memobj: fix data : 0000000001000101100001011101101100001111010001001101000001001000 
2380000: system.memobj: -------------------------------------
2429000: system.memobj: mem->cpu Got response for addr 0x9a50 , 39504
2429000: system.memobj: size 0x8
2429000: system.memobj: id 94061710359888
2429000: system.memobj: data_hex : 8B84243002000089 
2429000: system.memobj: data : 1000101110000100001001000011000000000010000000000000000010001001 
2429000: system.memobj: fix data : 1000101110000100001001000011000000000010000000000000000010001001 
2429000: system.memobj: -------------------------------------
2478000: system.memobj: mem->cpu Got response for addr 0x94dc0 , 609728
2478000: system.memobj: size 0x8
2478000: system.memobj: id 94061710360176
2478000: system.memobj: data_hex : CAEDFFFFFF7F0000 
2478000: system.memobj: data : 1100101011101101111111111111111111111111011111110000000000000000 
2478000: system.memobj: hamming code addr: 609728 
2478000: system.memobj: hamming code out: 15 
2478000: system.memobj: find Error Bit index : 7 
2478000: system.memobj: hamming code addr: 609736 
2478000: system.memobj: hamming code out: 15 
2478000: system.memobj: hamming code addr: 609744 
2478000: system.memobj: hamming code out: 3 
2478000: system.memobj: hamming code addr: 609752 
2478000: system.memobj: hamming code out: 3 
2478000: system.memobj: hamming code addr: 609760 
2478000: system.memobj: hamming code out: 3 
2478000: system.memobj: hamming code addr: 609768 
2478000: system.memobj: hamming code out: 0 
2478000: system.memobj: hamming code addr: 609776 
2478000: system.memobj: hamming code out: 0 
2478000: system.memobj: hamming code addr: 609784 
2478000: system.memobj: hamming code out: 0 
2478000: system.memobj: fix data : 1100100011101101111111111111111111111111011111110000000000000000 
2478000: system.memobj: -------------------------------------
2527000: system.memobj: mem->cpu Got response for addr 0x9a50 , 39504
2527000: system.memobj: size 0x8
2527000: system.memobj: id 94061710360176
2527000: system.memobj: data_hex : 8B84243002000089 
2527000: system.memobj: data : 1000101110000100001001000011000000000010000000000000000010001001 
2527000: system.memobj: fix data : 1000101110000100001001000011000000000010000000000000000010001001 
2527000: system.memobj: -------------------------------------
2576000: system.memobj: mem->cpu Got response for addr 0x9a58 , 39512
2576000: system.memobj: size 0x8
2576000: system.memobj: id 94061710359888
2576000: system.memobj: data_hex : 15536D170048893D 
2576000: system.memobj: data : 0001010101010011011011010001011100000000010010001000100100111101 
2576000: system.memobj: fix data : 0001010101010011011011010001011100000000010010001000100100111101 
2576000: system.memobj: -------------------------------------
2576000: system.memobj: cpu->mem Got request for addr 0x807b0 , 526256
2576000: system.memobj: size 0x4
2576000: system.memobj: id 94061721083920
2576000: system.memobj: data_hex : 00000000 
2576000: system.memobj: data : 00000000000000000000000000000000 
2576000: system.memobj: hamming code addr: 526256 
2576000: system.memobj: hamming code : 0 
2576000: system.memobj: hamming code addr: 526264 
2576000: system.memobj: hamming code : 0 
2576000: system.memobj: hamming code addr: 526272 
2576000: system.memobj: hamming code : 0 
2576000: system.memobj: hamming code addr: 526280 
2576000: system.memobj: hamming code : 0 
2576000: system.memobj: Enter Error Bit index: 3 
2576000: system.memobj: flip data : 00100000000000000000000000000000 
2576000: system.memobj: -------------------------------------
2646000: system.memobj: mem->cpu Got response for addr 0x9a58 , 39512
2646000: system.memobj: size 0x8
2646000: system.memobj: id 94061721083920
2646000: system.memobj: data_hex : 15536D170048893D 
2646000: system.memobj: data : 0001010101010011011011010001011100000000010010001000100100111101 
2646000: system.memobj: fix data : 0001010101010011011011010001011100000000010010001000100100111101 
2646000: system.memobj: -------------------------------------
2695000: system.memobj: mem->cpu Got response for addr 0x9a60 , 39520
2695000: system.memobj: size 0x8
2695000: system.memobj: id 94061710359888
2695000: system.memobj: data_hex : 949318004889058D 
2695000: system.memobj: data : 1001010010010011000110000000000001001000100010010000010110001101 
2695000: system.memobj: fix data : 1001010010010011000110000000000001001000100010010000010110001101 
2695000: system.memobj: -------------------------------------
2695000: system.memobj: cpu->mem Got request for addr 0x92df8 , 601592
2695000: system.memobj: size 0x8
2695000: system.memobj: id 94061721084208
2695000: system.memobj: data_hex : E8EDFFFFFF7F0000 
2695000: system.memobj: data : 1110100011101101111111111111111111111111011111110000000000000000 
2695000: system.memobj: hamming code addr: 601592 
2695000: system.memobj: hamming code : 9 
2695000: system.memobj: hamming code addr: 601600 
2695000: system.memobj: hamming code : 15 
2695000: system.memobj: hamming code addr: 601608 
2695000: system.memobj: hamming code : 3 
2695000: system.memobj: hamming code addr: 601616 
2695000: system.memobj: hamming code : 3 
2695000: system.memobj: hamming code addr: 601624 
2695000: system.memobj: hamming code : 3 
2695000: system.memobj: hamming code addr: 601632 
2695000: system.memobj: hamming code : 0 
2695000: system.memobj: hamming code addr: 601640 
2695000: system.memobj: hamming code : 0 
2695000: system.memobj: hamming code addr: 601648 
2695000: system.memobj: hamming code : 0 
2695000: system.memobj: Enter Error Bit index: 4 
2695000: system.memobj: flip data : 1111100011101101111111111111111111111111011111110000000000000000 
2695000: system.memobj: -------------------------------------
2765000: system.memobj: mem->cpu Got response for addr 0x9a60 , 39520
2765000: system.memobj: size 0x8
2765000: system.memobj: id 94061721084208
2765000: system.memobj: data_hex : 949318004889058D 
2765000: system.memobj: data : 1001010010010011000110000000000001001000100010010000010110001101 
2765000: system.memobj: fix data : 1001010010010011000110000000000001001000100010010000010110001101 
2765000: system.memobj: -------------------------------------
2828000: system.memobj: mem->cpu Got response for addr 0x9a68 , 39528
2828000: system.memobj: size 0x8
2828000: system.memobj: id 94061710359888
2828000: system.memobj: data_hex : 5F17006666906690 
2828000: system.memobj: data : 0101111100010111000000000110011001100110100100000110011010010000 
2828000: system.memobj: fix data : 0101111100010111000000000110011001100110100100000110011010010000 
2828000: system.memobj: -------------------------------------
2828000: system.memobj: cpu->mem Got request for addr 0x7f9f8 , 522744
2828000: system.memobj: size 0x8
2828000: system.memobj: id 94061721084496
2828000: system.memobj: data_hex : C8EDFFFFFF7F0000 
2828000: system.memobj: data : 1100100011101101111111111111111111111111011111110000000000000000 
2828000: system.memobj: hamming code addr: 522744 
2828000: system.memobj: hamming code : 15 
2828000: system.memobj: hamming code addr: 522752 
2828000: system.memobj: hamming code : 15 
2828000: system.memobj: hamming code addr: 522760 
2828000: system.memobj: hamming code : 3 
2828000: system.memobj: hamming code addr: 522768 
2828000: system.memobj: hamming code : 3 
2828000: system.memobj: hamming code addr: 522776 
2828000: system.memobj: hamming code : 3 
2828000: system.memobj: hamming code addr: 522784 
2828000: system.memobj: hamming code : 0 
2828000: system.memobj: hamming code addr: 522792 
2828000: system.memobj: hamming code : 0 
2828000: system.memobj: hamming code addr: 522800 
2828000: system.memobj: hamming code : 0 
2828000: system.memobj: Enter Error Bit index: 4 
2828000: system.memobj: flip data : 1101100011101101111111111111111111111111011111110000000000000000 
2828000: system.memobj: -------------------------------------
2898000: system.memobj: mem->cpu Got response for addr 0x9a68 , 39528
2898000: system.memobj: size 0x8
2898000: system.memobj: id 94061721084496
2898000: system.memobj: data_hex : 5F17006666906690 
2898000: system.memobj: data : 0101111100010111000000000110011001100110100100000110011010010000 
2898000: system.memobj: fix data : 0101111100010111000000000110011001100110100100000110011010010000 
2898000: system.memobj: -------------------------------------
2947000: system.memobj: mem->cpu Got response for addr 0x9a68 , 39528
2947000: system.memobj: size 0x8
2947000: system.memobj: id 94061710359888
2947000: system.memobj: data_hex : 5F17006666906690 
2947000: system.memobj: data : 0101111100010111000000000110011001100110100100000110011010010000 
2947000: system.memobj: fix data : 0101111100010111000000000110011001100110100100000110011010010000 
2947000: system.memobj: -------------------------------------
2996000: system.memobj: mem->cpu Got response for addr 0x9a70 , 39536
2996000: system.memobj: size 0x8
2996000: system.memobj: id 94061721084496
2996000: system.memobj: data_hex : 488B074883C70848 
2996000: system.memobj: data : 0100100010001011000001110100100010000011110001110000100001001000 
2996000: system.memobj: fix data : 0100100010001011000001110100100010000011110001110000100001001000 
2996000: system.memobj: -------------------------------------
3045000: system.memobj: mem->cpu Got response for addr 0x94de8 , 609768
3045000: system.memobj: size 0x8
3045000: system.memobj: id 94061721084784
3045000: system.memobj: data_hex : 0000000000000000 
3045000: system.memobj: data : 0000000000000000000000000000000000000000000000000000000000000000 
3045000: system.memobj: fix data : 0000000000000000000000000000000000000000000000000000000000000000 
3045000: system.memobj: -------------------------------------
3094000: system.memobj: mem->cpu Got response for addr 0x9a70 , 39536
3094000: system.memobj: size 0x8
3094000: system.memobj: id 94061721084784
3094000: system.memobj: data_hex : 488B074883C70848 
3094000: system.memobj: data : 0100100010001011000001110100100010000011110001110000100001001000 
3094000: system.memobj: fix data : 0100100010001011000001110100100010000011110001110000100001001000 
3094000: system.memobj: -------------------------------------
3143000: system.memobj: mem->cpu Got response for addr 0x9a70 , 39536
3143000: system.memobj: size 0x8
3143000: system.memobj: id 94061721084496
3143000: system.memobj: data_hex : 488B074883C70848 
3143000: system.memobj: data : 0100100010001011000001110100100010000011110001110000100001001000 
3143000: system.memobj: fix data : 0100100010001011000001110100100010000011110001110000100001001000 
3143000: system.memobj: -------------------------------------
3192000: system.memobj: mem->cpu Got response for addr 0x9a78 , 39544
3192000: system.memobj: size 0x8
3192000: system.memobj: id 94061721084784
3192000: system.memobj: data_hex : 85C075F4E87FC000 
3192000: system.memobj: data : 1000010111000000011101011111010011101000011111111100000000000000 
3192000: system.memobj: fix data : 1000010111000000011101011111010011101000011111111100000000000000 
3192000: system.memobj: -------------------------------------
3241000: system.memobj: mem->cpu Got response for addr 0x9a78 , 39544
3241000: system.memobj: size 0x8
3241000: system.memobj: id 94061721084496
3241000: system.memobj: data_hex : 85C075F4E87FC000 
3241000: system.memobj: data : 1000010111000000011101011111010011101000011111111100000000000000 
3241000: system.memobj: fix data : 1000010111000000011101011111010011101000011111111100000000000000 
3241000: system.memobj: -------------------------------------
3290000: system.memobj: mem->cpu Got response for addr 0x9a78 , 39544
3290000: system.memobj: size 0x8
3290000: system.memobj: id 94061721084784
3290000: system.memobj: data_hex : 85C075F4E87FC000 
3290000: system.memobj: data : 1000010111000000011101011111010011101000011111111100000000000000 
3290000: system.memobj: fix data : 1000010111000000011101011111010011101000011111111100000000000000 
3290000: system.memobj: -------------------------------------
3339000: system.memobj: mem->cpu Got response for addr 0x9a80 , 39552
3339000: system.memobj: size 0x8
3339000: system.memobj: id 94061721084496
3339000: system.memobj: data_hex : 00448B15286D1700 
3339000: system.memobj: data : 0000000001000100100010110001010100101000011011010001011100000000 
3339000: system.memobj: fix data : 0000000001000100100010110001010100101000011011010001011100000000 
3339000: system.memobj: -------------------------------------
3339000: system.memobj: cpu->mem Got request for addr 0x94b88 , 609160
3339000: system.memobj: size 0x8
3339000: system.memobj: id 94061721085072
3339000: system.memobj: data_hex : 819A400000000000 
3339000: system.memobj: data : 1000000110011010010000000000000000000000000000000000000000000000 
3339000: system.memobj: hamming code addr: 609160 
3339000: system.memobj: hamming code : 15 
3339000: system.memobj: hamming code addr: 609168 
3339000: system.memobj: hamming code : 6 
3339000: system.memobj: hamming code addr: 609176 
3339000: system.memobj: hamming code : 5 
3339000: system.memobj: hamming code addr: 609184 
3339000: system.memobj: hamming code : 0 
3339000: system.memobj: hamming code addr: 609192 
3339000: system.memobj: hamming code : 0 
3339000: system.memobj: hamming code addr: 609200 
3339000: system.memobj: hamming code : 0 
3339000: system.memobj: hamming code addr: 609208 
3339000: system.memobj: hamming code : 0 
3339000: system.memobj: hamming code addr: 609216 
3339000: system.memobj: hamming code : 0 
3339000: system.memobj: Enter Error Bit index: 7 
3339000: system.memobj: flip data : 1000001110011010010000000000000000000000000000000000000000000000 
3339000: system.memobj: -------------------------------------
3437000: system.memobj: mem->cpu Got response for addr 0x15b00 , 88832
3437000: system.memobj: size 0x8
3437000: system.memobj: id 94061721085072
3437000: system.memobj: data_hex : 488B0731D231C931 
3437000: system.memobj: data : 0100100010001011000001110011000111010010001100011100100100110001 
3437000: system.memobj: fix data : 0100100010001011000001110011000111010010001100011100100100110001 
3437000: system.memobj: -------------------------------------
3514000: system.memobj: mem->cpu Got response for addr 0x94df0 , 609776
3514000: system.memobj: size 0x8
3514000: system.memobj: id 94061721084496
3514000: system.memobj: data_hex : 2100000000000000 
3514000: system.memobj: data : 0010000100000000000000000000000000000000000000000000000000000000 
3514000: system.memobj: fix data : 0010000100000000000000000000000000000000000000000000000000000000 
3514000: system.memobj: -------------------------------------
3591000: system.memobj: mem->cpu Got response for addr 0x15b00 , 88832
3591000: system.memobj: size 0x8
3591000: system.memobj: id 94061721084496
3591000: system.memobj: data_hex : 488B0731D231C931 
3591000: system.memobj: data : 0100100010001011000001110011000111010010001100011100100100110001 
3591000: system.memobj: fix data : 0100100010001011000001110011000111010010001100011100100100110001 
3591000: system.memobj: -------------------------------------
3640000: system.memobj: mem->cpu Got response for addr 0x15b00 , 88832
3640000: system.memobj: size 0x8
3640000: system.memobj: id 94061721085072
3640000: system.memobj: data_hex : 488B0731D231C931 
3640000: system.memobj: data : 0100100010001011000001110011000111010010001100011100100100110001 
3640000: system.memobj: fix data : 0100100010001011000001110011000111010010001100011100100100110001 
3640000: system.memobj: -------------------------------------
3689000: system.memobj: mem->cpu Got response for addr 0x15b00 , 88832
3689000: system.memobj: size 0x8
3689000: system.memobj: id 94061721084496
3689000: system.memobj: data_hex : 488B0731D231C931 
3689000: system.memobj: data : 0100100010001011000001110011000111010010001100011100100100110001 
3689000: system.memobj: fix data : 0100100010001011000001110011000111010010001100011100100100110001 
3689000: system.memobj: -------------------------------------
3738000: system.memobj: mem->cpu Got response for addr 0x15b08 , 88840
3738000: system.memobj: size 0x8
3738000: system.memobj: id 94061721085072
3738000: system.memobj: data_hex : F64885C074476690 
3738000: system.memobj: data : 1111011001001000100001011100000001110100010001110110011010010000 
3738000: system.memobj: fix data : 1111011001001000100001011100000001110100010001110110011010010000 
3738000: system.memobj: -------------------------------------
3787000: system.memobj: mem->cpu Got response for addr 0x15b08 , 88840
3787000: system.memobj: size 0x8
3787000: system.memobj: id 94061721084496
3787000: system.memobj: data_hex : F64885C074476690 
3787000: system.memobj: data : 1111011001001000100001011100000001110100010001110110011010010000 
3787000: system.memobj: fix data : 1111011001001000100001011100000001110100010001110110011010010000 
3787000: system.memobj: -------------------------------------
3836000: system.memobj: mem->cpu Got response for addr 0x15b08 , 88840
3836000: system.memobj: size 0x8
3836000: system.memobj: id 94061721085072
3836000: system.memobj: data_hex : F64885C074476690 
3836000: system.memobj: data : 1111011001001000100001011100000001110100010001110110011010010000 
3836000: system.memobj: fix data : 1111011001001000100001011100000001110100010001110110011010010000 
3836000: system.memobj: -------------------------------------
3885000: system.memobj: mem->cpu Got response for addr 0x15b08 , 88840
3885000: system.memobj: size 0x8
3885000: system.memobj: id 94061721084496
3885000: system.memobj: data_hex : F64885C074476690 
3885000: system.memobj: data : 1111011001001000100001011100000001110100010001110110011010010000 
3885000: system.memobj: fix data : 1111011001001000100001011100000001110100010001110110011010010000 
3885000: system.memobj: -------------------------------------
3934000: system.memobj: mem->cpu Got response for addr 0x15b10 , 88848
3934000: system.memobj: size 0x8
3934000: system.memobj: id 94061721085072
3934000: system.memobj: data_hex : 4883E8034883F814 
3934000: system.memobj: data : 0100100010000011111010000000001101001000100000111111100000010100 
3934000: system.memobj: fix data : 0100100010000011111010000000001101001000100000111111100000010100 
3934000: system.memobj: -------------------------------------
3983000: system.memobj: mem->cpu Got response for addr 0x15b10 , 88848
3983000: system.memobj: size 0x8
3983000: system.memobj: id 94061721084496
3983000: system.memobj: data_hex : 4883E8034883F814 
3983000: system.memobj: data : 0100100010000011111010000000001101001000100000111111100000010100 
3983000: system.memobj: fix data : 0100100010000011111010000000001101001000100000111111100000010100 
3983000: system.memobj: -------------------------------------
4032000: system.memobj: mem->cpu Got response for addr 0x15b18 , 88856
4032000: system.memobj: size 0x8
4032000: system.memobj: id 94061721085072
4032000: system.memobj: data_hex : 7726FF24C580EB45 
4032000: system.memobj: data : 0111011100100110111111110010010011000101100000001110101101000101 
4032000: system.memobj: fix data : 0111011100100110111111110010010011000101100000001110101101000101 
4032000: system.memobj: -------------------------------------
4081000: system.memobj: mem->cpu Got response for addr 0x15b40 , 88896
4081000: system.memobj: size 0x8
4081000: system.memobj: id 94061721084496
4081000: system.memobj: data_hex : 4883C710488B0748 
4081000: system.memobj: data : 0100100010000011110001110001000001001000100010110000011101001000 
4081000: system.memobj: fix data : 0100100010000011110001110001000001001000100010110000011101001000 
4081000: system.memobj: -------------------------------------
4130000: system.memobj: mem->cpu Got response for addr 0x15b40 , 88896
4130000: system.memobj: size 0x8
4130000: system.memobj: id 94061721085072
4130000: system.memobj: data_hex : 4883C710488B0748 
4130000: system.memobj: data : 0100100010000011110001110001000001001000100010110000011101001000 
4130000: system.memobj: fix data : 0100100010000011110001110001000001001000100010110000011101001000 
4130000: system.memobj: -------------------------------------
4207000: system.memobj: mem->cpu Got response for addr 0x94e00 , 609792
4207000: system.memobj: size 0x8
4207000: system.memobj: id 94061721084496
4207000: system.memobj: data_hex : 1000000000000000 
4207000: system.memobj: data : 0001000000000000000000000000000000000000000000000000000000000000 
4207000: system.memobj: fix data : 0001000000000000000000000000000000000000000000000000000000000000 
4207000: system.memobj: -------------------------------------
4284000: system.memobj: mem->cpu Got response for addr 0x15b40 , 88896
4284000: system.memobj: size 0x8
4284000: system.memobj: id 94061721084496
4284000: system.memobj: data_hex : 4883C710488B0748 
4284000: system.memobj: data : 0100100010000011110001110001000001001000100010110000011101001000 
4284000: system.memobj: fix data : 0100100010000011110001110001000001001000100010110000011101001000 
4284000: system.memobj: -------------------------------------
4333000: system.memobj: mem->cpu Got response for addr 0x15b48 , 88904
4333000: system.memobj: size 0x8
4333000: system.memobj: id 94061721085072
4333000: system.memobj: data_hex : 85C075C483FA0F0F 
4333000: system.memobj: data : 1000010111000000011101011100010010000011111110100000111100001111 
4333000: system.memobj: fix data : 1000010111000000011101011100010010000011111110100000111100001111 
4333000: system.memobj: -------------------------------------
4382000: system.memobj: mem->cpu Got response for addr 0x15b48 , 88904
4382000: system.memobj: size 0x8
4382000: system.memobj: id 94061721084496
4382000: system.memobj: data_hex : 85C075C483FA0F0F 
4382000: system.memobj: data : 1000010111000000011101011100010010000011111110100000111100001111 
4382000: system.memobj: fix data : 1000010111000000011101011100010010000011111110100000111100001111 
4382000: system.memobj: -------------------------------------
4431000: system.memobj: mem->cpu Got response for addr 0x15b10 , 88848
4431000: system.memobj: size 0x8
4431000: system.memobj: id 94061721085072
4431000: system.memobj: data_hex : 4883E8034883F814 
4431000: system.memobj: data : 0100100010000011111010000000001101001000100000111111100000010100 
4431000: system.memobj: fix data : 0100100010000011111010000000001101001000100000111111100000010100 
4431000: system.memobj: -------------------------------------
4480000: system.memobj: mem->cpu Got response for addr 0x15b10 , 88848
4480000: system.memobj: size 0x8
4480000: system.memobj: id 94061721084496
4480000: system.memobj: data_hex : 4883E8034883F814 
4480000: system.memobj: data : 0100100010000011111010000000001101001000100000111111100000010100 
4480000: system.memobj: fix data : 0100100010000011111010000000001101001000100000111111100000010100 
4480000: system.memobj: -------------------------------------
4529000: system.memobj: mem->cpu Got response for addr 0x15b18 , 88856
4529000: system.memobj: size 0x8
4529000: system.memobj: id 94061721085072
4529000: system.memobj: data_hex : 7726FF24C580EB45 
4529000: system.memobj: data : 0111011100100110111111110010010011000101100000001110101101000101 
4529000: system.memobj: fix data : 0111011100100110111111110010010011000101100000001110101101000101 
4529000: system.memobj: -------------------------------------
4578000: system.memobj: mem->cpu Got response for addr 0x15b18 , 88856
4578000: system.memobj: size 0x8
4578000: system.memobj: id 94061721084496
4578000: system.memobj: data_hex : 7726FF24C580EB45 
4578000: system.memobj: data : 0111011100100110111111110010010011000101100000001110101101000101 
4578000: system.memobj: fix data : 0111011100100110111111110010010011000101100000001110101101000101 
4578000: system.memobj: -------------------------------------
4627000: system.memobj: mem->cpu Got response for addr 0x15b20 , 88864
4627000: system.memobj: size 0x8
4627000: system.memobj: id 94061721085072
4627000: system.memobj: data_hex : 00488B4708BAFFFF 
4627000: system.memobj: data : 0000000001001000100010110100011100001000101110101111111111111111 
4627000: system.memobj: fix data : 0000000001001000100010110100011100001000101110101111111111111111 
4627000: system.memobj: -------------------------------------
4690000: system.memobj: mem->cpu Got response for addr 0x5ebe8 , 388072
4690000: system.memobj: size 0x8
4690000: system.memobj: id 94061721085360
4690000: system.memobj: data_hex : 6F5B410000000000 
4690000: system.memobj: data : 0110111101011011010000010000000000000000000000000000000000000000 
4690000: system.memobj: fix data : 0110111101011011010000010000000000000000000000000000000000000000 
4690000: system.memobj: -------------------------------------
4739000: system.memobj: mem->cpu Got response for addr 0x15b68 , 88936
4739000: system.memobj: size 0x8
4739000: system.memobj: id 94061721085360
4739000: system.memobj: data_hex : 4885C075A3EBDD48 
4739000: system.memobj: data : 0100100010000101110000000111010110100011111010111101110101001000 
4739000: system.memobj: fix data : 0100100010000101110000000111010110100011111010111101110101001000 
4739000: system.memobj: -------------------------------------
4788000: system.memobj: mem->cpu Got response for addr 0x15b70 , 88944
4788000: system.memobj: size 0x8
4788000: system.memobj: id 94061721085072
4788000: system.memobj: data_hex : 8B47084883C71048 
4788000: system.memobj: data : 1000101101000111000010000100100010000011110001110001000001001000 
4788000: system.memobj: fix data : 1000101101000111000010000100100010000011110001110001000001001000 
4788000: system.memobj: -------------------------------------
4865000: system.memobj: mem->cpu Got response for addr 0x94e08 , 609800
4865000: system.memobj: size 0x8
4865000: system.memobj: id 94061721085648
4865000: system.memobj: data_hex : FFFB8B0700000000 
4865000: system.memobj: data : 1111111111111011100010110000011100000000000000000000000000000000 
4865000: system.memobj: fix data : 1111111111111011100010110000011100000000000000000000000000000000 
4865000: system.memobj: -------------------------------------
4942000: system.memobj: mem->cpu Got response for addr 0x15b70 , 88944
4942000: system.memobj: size 0x8
4942000: system.memobj: id 94061721085648
4942000: system.memobj: data_hex : 8B47084883C71048 
4942000: system.memobj: data : 1000101101000111000010000100100010000011110001110001000001001000 
4942000: system.memobj: fix data : 1000101101000111000010000100100010000011110001110001000001001000 
4942000: system.memobj: -------------------------------------
4991000: system.memobj: mem->cpu Got response for addr 0x15b70 , 88944
4991000: system.memobj: size 0x8
4991000: system.memobj: id 94061721085072
4991000: system.memobj: data_hex : 8B47084883C71048 
4991000: system.memobj: data : 1000101101000111000010000100100010000011110001110001000001001000 
4991000: system.memobj: fix data : 1000101101000111000010000100100010000011110001110001000001001000 
4991000: system.memobj: -------------------------------------
5040000: system.memobj: mem->cpu Got response for addr 0x15b78 , 88952
5040000: system.memobj: size 0x8
5040000: system.memobj: id 94061721085648
5040000: system.memobj: data_hex : 8905F2D21700488B 
5040000: system.memobj: data : 1000100100000101111100101101001000010111000000000100100010001011 
5040000: system.memobj: fix data : 1000100100000101111100101101001000010111000000000100100010001011 
5040000: system.memobj: -------------------------------------
5040000: system.memobj: cpu->mem Got request for addr 0x92e70 , 601712
5040000: system.memobj: size 0x8
5040000: system.memobj: id 94061721085936
5040000: system.memobj: data_hex : FFFB8B0700000000 
5040000: system.memobj: data : 1111111111111011100010110000011100000000000000000000000000000000 
5040000: system.memobj: hamming code addr: 601712 
5040000: system.memobj: hamming code : 3 
5040000: system.memobj: hamming code addr: 601720 
5040000: system.memobj: hamming code : 9 
5040000: system.memobj: hamming code addr: 601728 
5040000: system.memobj: hamming code : 13 
5040000: system.memobj: hamming code addr: 601736 
5040000: system.memobj: hamming code : 13 
5040000: system.memobj: hamming code addr: 601744 
5040000: system.memobj: hamming code : 0 
5040000: system.memobj: hamming code addr: 601752 
5040000: system.memobj: hamming code : 0 
5040000: system.memobj: hamming code addr: 601760 
5040000: system.memobj: hamming code : 0 
5040000: system.memobj: hamming code addr: 601768 
5040000: system.memobj: hamming code : 0 
5040000: system.memobj: Enter Error Bit index: 5 
5040000: system.memobj: flip data : 1111011111111011100010110000011100000000000000000000000000000000 
5040000: system.memobj: -------------------------------------
5110000: system.memobj: mem->cpu Got response for addr 0x15b78 , 88952
5110000: system.memobj: size 0x8
5110000: system.memobj: id 94061721085936
5110000: system.memobj: data_hex : 8905F2D21700488B 
5110000: system.memobj: data : 1000100100000101111100101101001000010111000000000100100010001011 
5110000: system.memobj: fix data : 1000100100000101111100101101001000010111000000000100100010001011 
5110000: system.memobj: -------------------------------------
5159000: system.memobj: mem->cpu Got response for addr 0x15b80 , 88960
5159000: system.memobj: size 0x8
5159000: system.memobj: id 94061721085648
5159000: system.memobj: data_hex : 074885C0758AEBC4 
5159000: system.memobj: data : 0000011101001000100001011100000001110101100010101110101111000100 
5159000: system.memobj: fix data : 0000011101001000100001011100000001110101100010101110101111000100 
5159000: system.memobj: -------------------------------------
5236000: system.memobj: mem->cpu Got response for addr 0x94e10 , 609808
5236000: system.memobj: size 0x8
5236000: system.memobj: id 94061721085936
5236000: system.memobj: data_hex : 0600000000000000 
5236000: system.memobj: data : 0000011000000000000000000000000000000000000000000000000000000000 
5236000: system.memobj: fix data : 0000011000000000000000000000000000000000000000000000000000000000 
5236000: system.memobj: -------------------------------------
5313000: system.memobj: mem->cpu Got response for addr 0x15b80 , 88960
5313000: system.memobj: size 0x8
5313000: system.memobj: id 94061721085936
5313000: system.memobj: data_hex : 074885C0758AEBC4 
5313000: system.memobj: data : 0000011101001000100001011100000001110101100010101110101111000100 
5313000: system.memobj: fix data : 0000011101001000100001011100000001110101100010101110101111000100 
5313000: system.memobj: -------------------------------------
5362000: system.memobj: mem->cpu Got response for addr 0x15b80 , 88960
5362000: system.memobj: size 0x8
5362000: system.memobj: id 94061721085648
5362000: system.memobj: data_hex : 074885C0758AEBC4 
5362000: system.memobj: data : 0000011101001000100001011100000001110101100010101110101111000100 
5362000: system.memobj: fix data : 0000011101001000100001011100000001110101100010101110101111000100 
5362000: system.memobj: -------------------------------------
5411000: system.memobj: mem->cpu Got response for addr 0x15b10 , 88848
5411000: system.memobj: size 0x8
5411000: system.memobj: id 94061721085936
5411000: system.memobj: data_hex : 4883E8034883F814 
5411000: system.memobj: data : 0100100010000011111010000000001101001000100000111111100000010100 
5411000: system.memobj: fix data : 0100100010000011111010000000001101001000100000111111100000010100 
5411000: system.memobj: -------------------------------------
5460000: system.memobj: mem->cpu Got response for addr 0x15b10 , 88848
5460000: system.memobj: size 0x8
5460000: system.memobj: id 94061721085648
5460000: system.memobj: data_hex : 4883E8034883F814 
5460000: system.memobj: data : 0100100010000011111010000000001101001000100000111111100000010100 
5460000: system.memobj: fix data : 0100100010000011111010000000001101001000100000111111100000010100 
5460000: system.memobj: -------------------------------------
5509000: system.memobj: mem->cpu Got response for addr 0x15b18 , 88856
5509000: system.memobj: size 0x8
5509000: system.memobj: id 94061721085936
5509000: system.memobj: data_hex : 7726FF24C580EB45 
5509000: system.memobj: data : 0111011100100110111111110010010011000101100000001110101101000101 
5509000: system.memobj: fix data : 0111011100100110111111110010010011000101100000001110101101000101 
5509000: system.memobj: -------------------------------------
5558000: system.memobj: mem->cpu Got response for addr 0x15b18 , 88856
5558000: system.memobj: size 0x8
5558000: system.memobj: id 94061721085648
5558000: system.memobj: data_hex : 7726FF24C580EB45 
5558000: system.memobj: data : 0111011100100110111111110010010011000101100000001110101101000101 
5558000: system.memobj: fix data : 0111011100100110111111110010010011000101100000001110101101000101 
5558000: system.memobj: -------------------------------------
5607000: system.memobj: mem->cpu Got response for addr 0x15b20 , 88864
5607000: system.memobj: size 0x8
5607000: system.memobj: id 94061721085936
5607000: system.memobj: data_hex : 00488B4708BAFFFF 
5607000: system.memobj: data : 0000000001001000100010110100011100001000101110101111111111111111 
5607000: system.memobj: fix data : 0000000001001000100010110100011100001000101110101111111111111111 
5607000: system.memobj: -------------------------------------
5656000: system.memobj: mem->cpu Got response for addr 0x5eb98 , 387992
5656000: system.memobj: size 0x8
5656000: system.memobj: id 94061721085648
5656000: system.memobj: data_hex : EE5B410000000000 
5656000: system.memobj: data : 1110111001011011010000010000000000000000000000000000000000000000 
5656000: system.memobj: fix data : 1110111001011011010000010000000000000000000000000000000000000000 
5656000: system.memobj: -------------------------------------
5705000: system.memobj: mem->cpu Got response for addr 0x15be8 , 89064
5705000: system.memobj: size 0x8
5705000: system.memobj: id 94061721085648
5705000: system.memobj: data_hex : FFE95EFFFFFF488B 
5705000: system.memobj: data : 1111111111101001010111101111111111111111111111110100100010001011 
5705000: system.memobj: fix data : 1111111111101001010111101111111111111111111111110100100010001011 
5705000: system.memobj: -------------------------------------
5754000: system.memobj: mem->cpu Got response for addr 0x15bf0 , 89072
5754000: system.memobj: size 0x8
5754000: system.memobj: id 94061721085936
5754000: system.memobj: data_hex : 47084883C7104889 
5754000: system.memobj: data : 0100011100001000010010001000001111000111000100000100100010001001 
5754000: system.memobj: fix data : 0100011100001000010010001000001111000111000100000100100010001001 
5754000: system.memobj: -------------------------------------
5831000: system.memobj: mem->cpu Got response for addr 0x94e18 , 609816
5831000: system.memobj: size 0x8
5831000: system.memobj: id 94061721085648
5831000: system.memobj: data_hex : 0010000000000000 
5831000: system.memobj: data : 0000000000010000000000000000000000000000000000000000000000000000 
5831000: system.memobj: fix data : 0000000000010000000000000000000000000000000000000000000000000000 
5831000: system.memobj: -------------------------------------
5908000: system.memobj: mem->cpu Got response for addr 0x15bf0 , 89072
5908000: system.memobj: size 0x8
5908000: system.memobj: id 94061721085648
5908000: system.memobj: data_hex : 47084883C7104889 
5908000: system.memobj: data : 0100011100001000010010001000001111000111000100000100100010001001 
5908000: system.memobj: fix data : 0100011100001000010010001000001111000111000100000100100010001001 
5908000: system.memobj: -------------------------------------
5957000: system.memobj: mem->cpu Got response for addr 0x15bf0 , 89072
5957000: system.memobj: size 0x8
5957000: system.memobj: id 94061721085936
5957000: system.memobj: data_hex : 47084883C7104889 
5957000: system.memobj: data : 0100011100001000010010001000001111000111000100000100100010001001 
5957000: system.memobj: fix data : 0100011100001000010010001000001111000111000100000100100010001001 
5957000: system.memobj: -------------------------------------
6006000: system.memobj: mem->cpu Got response for addr 0x15bf8 , 89080
6006000: system.memobj: size 0x8
6006000: system.memobj: id 94061721085648
6006000: system.memobj: data_hex : 0543D91700488B07 
6006000: system.memobj: data : 0000010101000011110110010001011100000000010010001000101100000111 
6006000: system.memobj: fix data : 0000010101000011110110010001011100000000010010001000101100000111 
6006000: system.memobj: -------------------------------------
6006000: system.memobj: cpu->mem Got request for addr 0x93540 , 603456
6006000: system.memobj: size 0x8
6006000: system.memobj: id 94061721086224
6006000: system.memobj: data_hex : 0010000000000000 
6006000: system.memobj: data : 0000000000010000000000000000000000000000000000000000000000000000 
6006000: system.memobj: hamming code addr: 603456 
6006000: system.memobj: hamming code : 0 
6006000: system.memobj: hamming code addr: 603464 
6006000: system.memobj: hamming code : 7 
6006000: system.memobj: hamming code addr: 603472 
6006000: system.memobj: hamming code : 0 
6006000: system.memobj: hamming code addr: 603480 
6006000: system.memobj: hamming code : 0 
6006000: system.memobj: hamming code addr: 603488 
6006000: system.memobj: hamming code : 0 
6006000: system.memobj: hamming code addr: 603496 
6006000: system.memobj: hamming code : 0 
6006000: system.memobj: hamming code addr: 603504 
6006000: system.memobj: hamming code : 0 
6006000: system.memobj: hamming code addr: 603512 
6006000: system.memobj: hamming code : 0 
6006000: system.memobj: Enter Error Bit index: 3 
6006000: system.memobj: flip data : 0010000000010000000000000000000000000000000000000000000000000000 
6006000: system.memobj: -------------------------------------
6076000: system.memobj: mem->cpu Got response for addr 0x15bf8 , 89080
6076000: system.memobj: size 0x8
6076000: system.memobj: id 94061721086224
6076000: system.memobj: data_hex : 0543D91700488B07 
6076000: system.memobj: data : 0000010101000011110110010001011100000000010010001000101100000111 
6076000: system.memobj: fix data : 0000010101000011110110010001011100000000010010001000101100000111 
6076000: system.memobj: -------------------------------------
6153000: system.memobj: mem->cpu Got response for addr 0x94e20 , 609824
6153000: system.memobj: size 0x8
6153000: system.memobj: id 94061721085648
6153000: system.memobj: data_hex : 1100000000000000 
6153000: system.memobj: data : 0001000100000000000000000000000000000000000000000000000000000000 
6153000: system.memobj: fix data : 0001000100000000000000000000000000000000000000000000000000000000 
6153000: system.memobj: -------------------------------------
6230000: system.memobj: mem->cpu Got response for addr 0x15c00 , 89088
6230000: system.memobj: size 0x8
6230000: system.memobj: id 94061721085648
6230000: system.memobj: data_hex : 4885C00F8507FFFF 
6230000: system.memobj: data : 0100100010000101110000000000111110000101000001111111111111111111 
6230000: system.memobj: fix data : 0100100010000101110000000000111110000101000001111111111111111111 
6230000: system.memobj: -------------------------------------
6279000: system.memobj: mem->cpu Got response for addr 0x15c00 , 89088
6279000: system.memobj: size 0x8
6279000: system.memobj: id 94061721086224
6279000: system.memobj: data_hex : 4885C00F8507FFFF 
6279000: system.memobj: data : 0100100010000101110000000000111110000101000001111111111111111111 
6279000: system.memobj: fix data : 0100100010000101110000000000111110000101000001111111111111111111 
6279000: system.memobj: -------------------------------------
6328000: system.memobj: mem->cpu Got response for addr 0x15c08 , 89096
6328000: system.memobj: size 0x8
6328000: system.memobj: id 94061721085648
6328000: system.memobj: data_hex : FFE93EFFFFFF488B 
6328000: system.memobj: data : 1111111111101001001111101111111111111111111111110100100010001011 
6328000: system.memobj: fix data : 1111111111101001001111101111111111111111111111110100100010001011 
6328000: system.memobj: -------------------------------------
6377000: system.memobj: mem->cpu Got response for addr 0x15b10 , 88848
6377000: system.memobj: size 0x8
6377000: system.memobj: id 94061721086224
6377000: system.memobj: data_hex : 4883E8034883F814 
6377000: system.memobj: data : 0100100010000011111010000000001101001000100000111111100000010100 
6377000: system.memobj: fix data : 0100100010000011111010000000001101001000100000111111100000010100 
6377000: system.memobj: -------------------------------------
6426000: system.memobj: mem->cpu Got response for addr 0x15b10 , 88848
6426000: system.memobj: size 0x8
6426000: system.memobj: id 94061721085648
6426000: system.memobj: data_hex : 4883E8034883F814 
6426000: system.memobj: data : 0100100010000011111010000000001101001000100000111111100000010100 
6426000: system.memobj: fix data : 0100100010000011111010000000001101001000100000111111100000010100 
6426000: system.memobj: -------------------------------------
6475000: system.memobj: mem->cpu Got response for addr 0x15b18 , 88856
6475000: system.memobj: size 0x8
6475000: system.memobj: id 94061721086224
6475000: system.memobj: data_hex : 7726FF24C580EB45 
6475000: system.memobj: data : 0111011100100110111111110010010011000101100000001110101101000101 
6475000: system.memobj: fix data : 0111011100100110111111110010010011000101100000001110101101000101 
6475000: system.memobj: -------------------------------------
6524000: system.memobj: mem->cpu Got response for addr 0x15b18 , 88856
6524000: system.memobj: size 0x8
6524000: system.memobj: id 94061721085648
6524000: system.memobj: data_hex : 7726FF24C580EB45 
6524000: system.memobj: data : 0111011100100110111111110010010011000101100000001110101101000101 
6524000: system.memobj: fix data : 0111011100100110111111110010010011000101100000001110101101000101 
6524000: system.memobj: -------------------------------------
6573000: system.memobj: mem->cpu Got response for addr 0x15b20 , 88864
6573000: system.memobj: size 0x8
6573000: system.memobj: id 94061721086224
6573000: system.memobj: data_hex : 00488B4708BAFFFF 
6573000: system.memobj: data : 0000000001001000100010110100011100001000101110101111111111111111 
6573000: system.memobj: fix data : 0000000001001000100010110100011100001000101110101111111111111111 
6573000: system.memobj: -------------------------------------
6622000: system.memobj: mem->cpu Got response for addr 0x5ebf0 , 388080
6622000: system.memobj: size 0x8
6622000: system.memobj: id 94061721085648
6622000: system.memobj: data_hex : 575B410000000000 
6622000: system.memobj: data : 0101011101011011010000010000000000000000000000000000000000000000 
6622000: system.memobj: fix data : 0101011101011011010000010000000000000000000000000000000000000000 
6622000: system.memobj: -------------------------------------
6671000: system.memobj: mem->cpu Got response for addr 0x15b50 , 88912
6671000: system.memobj: size 0x8
6671000: system.memobj: id 94061721085648
6671000: system.memobj: data_hex : 84F9000000F3C348 
6671000: system.memobj: data : 1000010011111001000000000000000000000000111100111100001101001000 
6671000: system.memobj: fix data : 1000010011111001000000000000000000000000111100111100001101001000 
6671000: system.memobj: -------------------------------------
6720000: system.memobj: mem->cpu Got response for addr 0x15b58 , 88920
6720000: system.memobj: size 0x8
6720000: system.memobj: id 94061721086224
6720000: system.memobj: data_hex : 8B47084883C71089 
6720000: system.memobj: data : 1000101101000111000010000100100010000011110001110001000010001001 
6720000: system.memobj: fix data : 1000101101000111000010000100100010000011110001110001000010001001 
6720000: system.memobj: -------------------------------------
6797000: system.memobj: mem->cpu Got response for addr 0x94e28 , 609832
6797000: system.memobj: size 0x8
6797000: system.memobj: id 94061721085648
6797000: system.memobj: data_hex : 6400000000000000 
6797000: system.memobj: data : 0110010000000000000000000000000000000000000000000000000000000000 
6797000: system.memobj: fix data : 0110010000000000000000000000000000000000000000000000000000000000 
6797000: system.memobj: -------------------------------------
6874000: system.memobj: mem->cpu Got response for addr 0x15b58 , 88920
6874000: system.memobj: size 0x8
6874000: system.memobj: id 94061721085648
6874000: system.memobj: data_hex : 8B47084883C71089 
6874000: system.memobj: data : 1000101101000111000010000100100010000011110001110001000010001001 
6874000: system.memobj: fix data : 1000101101000111000010000100100010000011110001110001000010001001 
6874000: system.memobj: -------------------------------------
6923000: system.memobj: mem->cpu Got response for addr 0x15b58 , 88920
6923000: system.memobj: size 0x8
6923000: system.memobj: id 94061721086224
6923000: system.memobj: data_hex : 8B47084883C71089 
6923000: system.memobj: data : 1000101101000111000010000100100010000011110001110001000010001001 
6923000: system.memobj: fix data : 1000101101000111000010000100100010000011110001110001000010001001 
6923000: system.memobj: -------------------------------------
6972000: system.memobj: mem->cpu Got response for addr 0x15b60 , 88928
6972000: system.memobj: size 0x8
6972000: system.memobj: id 94061721085648
6972000: system.memobj: data_hex : 058BD91700488B07 
6972000: system.memobj: data : 0000010110001011110110010001011100000000010010001000101100000111 
6972000: system.memobj: fix data : 0000010110001011110110010001011100000000010010001000101100000111 
6972000: system.memobj: -------------------------------------
6972000: system.memobj: cpu->mem Got request for addr 0x934f0 , 603376
6972000: system.memobj: size 0x4
6972000: system.memobj: id 94061721086512
6972000: system.memobj: data_hex : 64000000 
6972000: system.memobj: data : 01100100000000000000000000000000 
6972000: system.memobj: hamming code addr: 603376 
6972000: system.memobj: hamming code : 9 
6972000: system.memobj: hamming code addr: 603384 
6972000: system.memobj: hamming code : 0 
6972000: system.memobj: hamming code addr: 603392 
6972000: system.memobj: hamming code : 0 
6972000: system.memobj: hamming code addr: 603400 
6972000: system.memobj: hamming code : 0 
6972000: system.memobj: Enter Error Bit index: 1 
6972000: system.memobj: flip data : 11100100000000000000000000000000 
6972000: system.memobj: -------------------------------------
7042000: system.memobj: mem->cpu Got response for addr 0x15b60 , 88928
7042000: system.memobj: size 0x8
7042000: system.memobj: id 94061721086512
7042000: system.memobj: data_hex : 058BD91700488B07 
7042000: system.memobj: data : 0000010110001011110110010001011100000000010010001000101100000111 
7042000: system.memobj: fix data : 0000010110001011110110010001011100000000010010001000101100000111 
7042000: system.memobj: -------------------------------------
7119000: system.memobj: mem->cpu Got response for addr 0x94e30 , 609840
7119000: system.memobj: size 0x8
7119000: system.memobj: id 94061721085648
7119000: system.memobj: data_hex : 0300000000000000 
7119000: system.memobj: data : 0000001100000000000000000000000000000000000000000000000000000000 
7119000: system.memobj: fix data : 0000001100000000000000000000000000000000000000000000000000000000 
7119000: system.memobj: -------------------------------------
7196000: system.memobj: mem->cpu Got response for addr 0x15b68 , 88936
7196000: system.memobj: size 0x8
7196000: system.memobj: id 94061721085648
7196000: system.memobj: data_hex : 4885C075A3EBDD48 
7196000: system.memobj: data : 0100100010000101110000000111010110100011111010111101110101001000 
7196000: system.memobj: fix data : 0100100010000101110000000111010110100011111010111101110101001000 
7196000: system.memobj: -------------------------------------
7245000: system.memobj: mem->cpu Got response for addr 0x15b68 , 88936
7245000: system.memobj: size 0x8
7245000: system.memobj: id 94061721086512
7245000: system.memobj: data_hex : 4885C075A3EBDD48 
7245000: system.memobj: data : 0100100010000101110000000111010110100011111010111101110101001000 
7245000: system.memobj: fix data : 0100100010000101110000000111010110100011111010111101110101001000 
7245000: system.memobj: -------------------------------------
7294000: system.memobj: mem->cpu Got response for addr 0x15b10 , 88848
7294000: system.memobj: size 0x8
7294000: system.memobj: id 94061721085648
7294000: system.memobj: data_hex : 4883E8034883F814 
7294000: system.memobj: data : 0100100010000011111010000000001101001000100000111111100000010100 
7294000: system.memobj: fix data : 0100100010000011111010000000001101001000100000111111100000010100 
7294000: system.memobj: -------------------------------------
7343000: system.memobj: mem->cpu Got response for addr 0x15b10 , 88848
7343000: system.memobj: size 0x8
7343000: system.memobj: id 94061721086512
7343000: system.memobj: data_hex : 4883E8034883F814 
7343000: system.memobj: data : 0100100010000011111010000000001101001000100000111111100000010100 
7343000: system.memobj: fix data : 0100100010000011111010000000001101001000100000111111100000010100 
7343000: system.memobj: -------------------------------------
7392000: system.memobj: mem->cpu Got response for addr 0x15b18 , 88856
7392000: system.memobj: size 0x8
7392000: system.memobj: id 94061721085648
7392000: system.memobj: data_hex : 7726FF24C580EB45 
7392000: system.memobj: data : 0111011100100110111111110010010011000101100000001110101101000101 
7392000: system.memobj: fix data : 0111011100100110111111110010010011000101100000001110101101000101 
7392000: system.memobj: -------------------------------------
7441000: system.memobj: mem->cpu Got response for addr 0x15b18 , 88856
7441000: system.memobj: size 0x8
7441000: system.memobj: id 94061721086512
7441000: system.memobj: data_hex : 7726FF24C580EB45 
7441000: system.memobj: data : 0111011100100110111111110010010011000101100000001110101101000101 
7441000: system.memobj: fix data : 0111011100100110111111110010010011000101100000001110101101000101 
7441000: system.memobj: -------------------------------------
7490000: system.memobj: mem->cpu Got response for addr 0x15b20 , 88864
7490000: system.memobj: size 0x8
7490000: system.memobj: id 94061721085648
7490000: system.memobj: data_hex : 00488B4708BAFFFF 
7490000: system.memobj: data : 0000000001001000100010110100011100001000101110101111111111111111 
7490000: system.memobj: fix data : 0000000001001000100010110100011100001000101110101111111111111111 
7490000: system.memobj: -------------------------------------
7539000: system.memobj: mem->cpu Got response for addr 0x5eb80 , 387968
7539000: system.memobj: size 0x8
7539000: system.memobj: id 94061721086512
7539000: system.memobj: data_hex : 0E5C410000000000 
7539000: system.memobj: data : 0000111001011100010000010000000000000000000000000000000000000000 
7539000: system.memobj: fix data : 0000111001011100010000010000000000000000000000000000000000000000 
7539000: system.memobj: -------------------------------------
7588000: system.memobj: mem->cpu Got response for addr 0x15c08 , 89096
7588000: system.memobj: size 0x8
7588000: system.memobj: id 94061721086512
7588000: system.memobj: data_hex : FFE93EFFFFFF488B 
7588000: system.memobj: data : 1111111111101001001111101111111111111111111111110100100010001011 
7588000: system.memobj: fix data : 1111111111101001001111101111111111111111111111110100100010001011 
7588000: system.memobj: -------------------------------------
7637000: system.memobj: mem->cpu Got response for addr 0x15c10 , 89104
7637000: system.memobj: size 0x8
7637000: system.memobj: id 94061721085648
7637000: system.memobj: data_hex : 47084883C7104889 
7637000: system.memobj: data : 0100011100001000010010001000001111000111000100000100100010001001 
7637000: system.memobj: fix data : 0100011100001000010010001000001111000111000100000100100010001001 
7637000: system.memobj: -------------------------------------
7714000: system.memobj: mem->cpu Got response for addr 0x94e38 , 609848
7714000: system.memobj: size 0x8
7714000: system.memobj: id 94061721086512
7714000: system.memobj: data_hex : 4000400000000000 
7714000: system.memobj: data : 0100000000000000010000000000000000000000000000000000000000000000 
7714000: system.memobj: fix data : 0100000000000000010000000000000000000000000000000000000000000000 
7714000: system.memobj: -------------------------------------
7791000: system.memobj: mem->cpu Got response for addr 0x15c10 , 89104
7791000: system.memobj: size 0x8
7791000: system.memobj: id 94061721086512
7791000: system.memobj: data_hex : 47084883C7104889 
7791000: system.memobj: data : 0100011100001000010010001000001111000111000100000100100010001001 
7791000: system.memobj: fix data : 0100011100001000010010001000001111000111000100000100100010001001 
7791000: system.memobj: -------------------------------------
8123000: system.memobj: mem->cpu Got response for addr 0x15c10 , 89104
8123000: system.memobj: size 0x8
8123000: system.memobj: id 94061721085648
8123000: system.memobj: data_hex : 47084883C7104889 
8123000: system.memobj: data : 0100011100001000010010001000001111000111000100000100100010001001 
8123000: system.memobj: fix data : 0100011100001000010010001000001111000111000100000100100010001001 
8123000: system.memobj: -------------------------------------
8172000: system.memobj: mem->cpu Got response for addr 0x15c18 , 89112
8172000: system.memobj: size 0x8
8172000: system.memobj: id 94061721086512
8172000: system.memobj: data_hex : 05C3D81700488B07 
8172000: system.memobj: data : 0000010111000011110110000001011100000000010010001000101100000111 
8172000: system.memobj: fix data : 0000010111000011110110000001011100000000010010001000101100000111 
8172000: system.memobj: -------------------------------------
8172000: system.memobj: cpu->mem Got request for addr 0x934e0 , 603360
8172000: system.memobj: size 0x8
8172000: system.memobj: id 94061721086800
8172000: system.memobj: data_hex : 4000400000000000 
8172000: system.memobj: data : 0100000000000000010000000000000000000000000000000000000000000000 
8172000: system.memobj: hamming code addr: 603360 
8172000: system.memobj: hamming code : 5 
8172000: system.memobj: hamming code addr: 603368 
8172000: system.memobj: hamming code : 0 
8172000: system.memobj: hamming code addr: 603376 
8172000: system.memobj: hamming code : 5 
8172000: system.memobj: hamming code addr: 603384 
8172000: system.memobj: hamming code : 0 
8172000: system.memobj: hamming code addr: 603392 
8172000: system.memobj: hamming code : 0 
8172000: system.memobj: hamming code addr: 603400 
8172000: system.memobj: hamming code : 0 
8172000: system.memobj: hamming code addr: 603408 
8172000: system.memobj: hamming code : 0 
8172000: system.memobj: hamming code addr: 603416 
8172000: system.memobj: hamming code : 0 
8172000: system.memobj: Enter Error Bit index: 1 
8172000: system.memobj: flip data : 1100000000000000010000000000000000000000000000000000000000000000 
8172000: system.memobj: -------------------------------------
8242000: system.memobj: mem->cpu Got response for addr 0x15c18 , 89112
8242000: system.memobj: size 0x8
8242000: system.memobj: id 94061721086800
8242000: system.memobj: data_hex : 05C3D81700488B07 
8242000: system.memobj: data : 0000010111000011110110000001011100000000010010001000101100000111 
8242000: system.memobj: fix data : 0000010111000011110110000001011100000000010010001000101100000111 
8242000: system.memobj: -------------------------------------
8319000: system.memobj: mem->cpu Got response for addr 0x94e40 , 609856
8319000: system.memobj: size 0x8
8319000: system.memobj: id 94061721086512
8319000: system.memobj: data_hex : 0400000000000000 
8319000: system.memobj: data : 0000010000000000000000000000000000000000000000000000000000000000 
8319000: system.memobj: fix data : 0000010000000000000000000000000000000000000000000000000000000000 
8319000: system.memobj: -------------------------------------
8396000: system.memobj: mem->cpu Got response for addr 0x15c20 , 89120
8396000: system.memobj: size 0x8
8396000: system.memobj: id 94061721086512
8396000: system.memobj: data_hex : 4885C00F85E7FEFF 
8396000: system.memobj: data : 0100100010000101110000000000111110000101111001111111111011111111 
8396000: system.memobj: fix data : 0100100010000101110000000000111110000101111001111111111011111111 
8396000: system.memobj: -------------------------------------
8445000: system.memobj: mem->cpu Got response for addr 0x15c20 , 89120
8445000: system.memobj: size 0x8
8445000: system.memobj: id 94061721086800
8445000: system.memobj: data_hex : 4885C00F85E7FEFF 
8445000: system.memobj: data : 0100100010000101110000000000111110000101111001111111111011111111 
8445000: system.memobj: fix data : 0100100010000101110000000000111110000101111001111111111011111111 
8445000: system.memobj: -------------------------------------
8494000: system.memobj: mem->cpu Got response for addr 0x15c28 , 89128
8494000: system.memobj: size 0x8
8494000: system.memobj: id 94061721086512
8494000: system.memobj: data_hex : FFE91EFFFFFF488B 
8494000: system.memobj: data : 1111111111101001000111101111111111111111111111110100100010001011 
8494000: system.memobj: fix data : 1111111111101001000111101111111111111111111111110100100010001011 
8494000: system.memobj: -------------------------------------
8543000: system.memobj: mem->cpu Got response for addr 0x15b10 , 88848
8543000: system.memobj: size 0x8
8543000: system.memobj: id 94061721086800
8543000: system.memobj: data_hex : 4883E8034883F814 
8543000: system.memobj: data : 0100100010000011111010000000001101001000100000111111100000010100 
8543000: system.memobj: fix data : 0100100010000011111010000000001101001000100000111111100000010100 
8543000: system.memobj: -------------------------------------
8592000: system.memobj: mem->cpu Got response for addr 0x15b10 , 88848
8592000: system.memobj: size 0x8
8592000: system.memobj: id 94061721086512
8592000: system.memobj: data_hex : 4883E8034883F814 
8592000: system.memobj: data : 0100100010000011111010000000001101001000100000111111100000010100 
8592000: system.memobj: fix data : 0100100010000011111010000000001101001000100000111111100000010100 
8592000: system.memobj: -------------------------------------
8641000: system.memobj: mem->cpu Got response for addr 0x15b18 , 88856
8641000: system.memobj: size 0x8
8641000: system.memobj: id 94061721086800
8641000: system.memobj: data_hex : 7726FF24C580EB45 
8641000: system.memobj: data : 0111011100100110111111110010010011000101100000001110101101000101 
8641000: system.memobj: fix data : 0111011100100110111111110010010011000101100000001110101101000101 
8641000: system.memobj: -------------------------------------
8690000: system.memobj: mem->cpu Got response for addr 0x15b18 , 88856
8690000: system.memobj: size 0x8
8690000: system.memobj: id 94061721086512
8690000: system.memobj: data_hex : 7726FF24C580EB45 
8690000: system.memobj: data : 0111011100100110111111110010010011000101100000001110101101000101 
8690000: system.memobj: fix data : 0111011100100110111111110010010011000101100000001110101101000101 
8690000: system.memobj: -------------------------------------
8739000: system.memobj: mem->cpu Got response for addr 0x15b20 , 88864
8739000: system.memobj: size 0x8
8739000: system.memobj: id 94061721086800
8739000: system.memobj: data_hex : 00488B4708BAFFFF 
8739000: system.memobj: data : 0000000001001000100010110100011100001000101110101111111111111111 
8739000: system.memobj: fix data : 0000000001001000100010110100011100001000101110101111111111111111 
8739000: system.memobj: -------------------------------------
8802000: system.memobj: mem->cpu Got response for addr 0x5eb88 , 387976
8802000: system.memobj: size 0x8
8802000: system.memobj: id 94061721086512
8802000: system.memobj: data_hex : 405B410000000000 
8802000: system.memobj: data : 0100000001011011010000010000000000000000000000000000000000000000 
8802000: system.memobj: fix data : 0100000001011011010000010000000000000000000000000000000000000000 
8802000: system.memobj: -------------------------------------
8851000: system.memobj: mem->cpu Got response for addr 0x15b40 , 88896
8851000: system.memobj: size 0x8
8851000: system.memobj: id 94061721086512
8851000: system.memobj: data_hex : 4883C710488B0748 
8851000: system.memobj: data : 0100100010000011110001110001000001001000100010110000011101001000 
8851000: system.memobj: fix data : 0100100010000011110001110001000001001000100010110000011101001000 
8851000: system.memobj: -------------------------------------
8900000: system.memobj: mem->cpu Got response for addr 0x15b40 , 88896
8900000: system.memobj: size 0x8
8900000: system.memobj: id 94061721086800
8900000: system.memobj: data_hex : 4883C710488B0748 
8900000: system.memobj: data : 0100100010000011110001110001000001001000100010110000011101001000 
8900000: system.memobj: fix data : 0100100010000011110001110001000001001000100010110000011101001000 
8900000: system.memobj: -------------------------------------
8977000: system.memobj: mem->cpu Got response for addr 0x94e50 , 609872
8977000: system.memobj: size 0x8
8977000: system.memobj: id 94061721086512
8977000: system.memobj: data_hex : 0500000000000000 
8977000: system.memobj: data : 0000010100000000000000000000000000000000000000000000000000000000 
8977000: system.memobj: fix data : 0000010100000000000000000000000000000000000000000000000000000000 
8977000: system.memobj: -------------------------------------
9054000: system.memobj: mem->cpu Got response for addr 0x15b40 , 88896
9054000: system.memobj: size 0x8
9054000: system.memobj: id 94061721086512
9054000: system.memobj: data_hex : 4883C710488B0748 
9054000: system.memobj: data : 0100100010000011110001110001000001001000100010110000011101001000 
9054000: system.memobj: fix data : 0100100010000011110001110001000001001000100010110000011101001000 
9054000: system.memobj: -------------------------------------
9103000: system.memobj: mem->cpu Got response for addr 0x15b48 , 88904
9103000: system.memobj: size 0x8
9103000: system.memobj: id 94061721086800
9103000: system.memobj: data_hex : 85C075C483FA0F0F 
9103000: system.memobj: data : 1000010111000000011101011100010010000011111110100000111100001111 
9103000: system.memobj: fix data : 1000010111000000011101011100010010000011111110100000111100001111 
9103000: system.memobj: -------------------------------------
9152000: system.memobj: mem->cpu Got response for addr 0x15b48 , 88904
9152000: system.memobj: size 0x8
9152000: system.memobj: id 94061721086512
9152000: system.memobj: data_hex : 85C075C483FA0F0F 
9152000: system.memobj: data : 1000010111000000011101011100010010000011111110100000111100001111 
9152000: system.memobj: fix data : 1000010111000000011101011100010010000011111110100000111100001111 
9152000: system.memobj: -------------------------------------
9201000: system.memobj: mem->cpu Got response for addr 0x15b10 , 88848
9201000: system.memobj: size 0x8
9201000: system.memobj: id 94061721086800
9201000: system.memobj: data_hex : 4883E8034883F814 
9201000: system.memobj: data : 0100100010000011111010000000001101001000100000111111100000010100 
9201000: system.memobj: fix data : 0100100010000011111010000000001101001000100000111111100000010100 
9201000: system.memobj: -------------------------------------
9250000: system.memobj: mem->cpu Got response for addr 0x15b10 , 88848
9250000: system.memobj: size 0x8
9250000: system.memobj: id 94061721086512
9250000: system.memobj: data_hex : 4883E8034883F814 
9250000: system.memobj: data : 0100100010000011111010000000001101001000100000111111100000010100 
9250000: system.memobj: fix data : 0100100010000011111010000000001101001000100000111111100000010100 
9250000: system.memobj: -------------------------------------
9299000: system.memobj: mem->cpu Got response for addr 0x15b18 , 88856
9299000: system.memobj: size 0x8
9299000: system.memobj: id 94061721086800
9299000: system.memobj: data_hex : 7726FF24C580EB45 
9299000: system.memobj: data : 0111011100100110111111110010010011000101100000001110101101000101 
9299000: system.memobj: fix data : 0111011100100110111111110010010011000101100000001110101101000101 
9299000: system.memobj: -------------------------------------
9348000: system.memobj: mem->cpu Got response for addr 0x15b18 , 88856
9348000: system.memobj: size 0x8
9348000: system.memobj: id 94061721086512
9348000: system.memobj: data_hex : 7726FF24C580EB45 
9348000: system.memobj: data : 0111011100100110111111110010010011000101100000001110101101000101 
9348000: system.memobj: fix data : 0111011100100110111111110010010011000101100000001110101101000101 
9348000: system.memobj: -------------------------------------
9397000: system.memobj: mem->cpu Got response for addr 0x15b20 , 88864
9397000: system.memobj: size 0x8
9397000: system.memobj: id 94061721086800
9397000: system.memobj: data_hex : 00488B4708BAFFFF 
9397000: system.memobj: data : 0000000001001000100010110100011100001000101110101111111111111111 
9397000: system.memobj: fix data : 0000000001001000100010110100011100001000101110101111111111111111 
9397000: system.memobj: -------------------------------------
9446000: system.memobj: mem->cpu Got response for addr 0x5eb90 , 387984
9446000: system.memobj: size 0x8
9446000: system.memobj: id 94061721086512
9446000: system.memobj: data_hex : 2E5C410000000000 
9446000: system.memobj: data : 0010111001011100010000010000000000000000000000000000000000000000 
9446000: system.memobj: fix data : 0010111001011100010000010000000000000000000000000000000000000000 
9446000: system.memobj: -------------------------------------
9495000: system.memobj: mem->cpu Got response for addr 0x15c28 , 89128
9495000: system.memobj: size 0x8
9495000: system.memobj: id 94061721086512
9495000: system.memobj: data_hex : FFE91EFFFFFF488B 
9495000: system.memobj: data : 1111111111101001000111101111111111111111111111110100100010001011 
9495000: system.memobj: fix data : 1111111111101001000111101111111111111111111111110100100010001011 
9495000: system.memobj: -------------------------------------
9544000: system.memobj: mem->cpu Got response for addr 0x15c30 , 89136
9544000: system.memobj: size 0x8
9544000: system.memobj: id 94061721086800
9544000: system.memobj: data_hex : 47084883C7104889 
9544000: system.memobj: data : 0100011100001000010010001000001111000111000100000100100010001001 
9544000: system.memobj: fix data : 0100011100001000010010001000001111000111000100000100100010001001 
9544000: system.memobj: -------------------------------------
9621000: system.memobj: mem->cpu Got response for addr 0x94e58 , 609880
9621000: system.memobj: size 0x8
9621000: system.memobj: id 94061721086512
9621000: system.memobj: data_hex : 0500000000000000 
9621000: system.memobj: data : 0000010100000000000000000000000000000000000000000000000000000000 
9621000: system.memobj: fix data : 0000010100000000000000000000000000000000000000000000000000000000 
9621000: system.memobj: -------------------------------------
9698000: system.memobj: mem->cpu Got response for addr 0x15c30 , 89136
9698000: system.memobj: size 0x8
9698000: system.memobj: id 94061721086512
9698000: system.memobj: data_hex : 47084883C7104889 
9698000: system.memobj: data : 0100011100001000010010001000001111000111000100000100100010001001 
9698000: system.memobj: fix data : 0100011100001000010010001000001111000111000100000100100010001001 
9698000: system.memobj: -------------------------------------
9747000: system.memobj: mem->cpu Got response for addr 0x15c30 , 89136
9747000: system.memobj: size 0x8
9747000: system.memobj: id 94061721086800
9747000: system.memobj: data_hex : 47084883C7104889 
9747000: system.memobj: data : 0100011100001000010010001000001111000111000100000100100010001001 
9747000: system.memobj: fix data : 0100011100001000010010001000001111000111000100000100100010001001 
9747000: system.memobj: -------------------------------------
9796000: system.memobj: mem->cpu Got response for addr 0x15c38 , 89144
9796000: system.memobj: size 0x8
9796000: system.memobj: id 94061721086512
9796000: system.memobj: data_hex : 05D3D81700488B07 
9796000: system.memobj: data : 0000010111010011110110000001011100000000010010001000101100000111 
9796000: system.memobj: fix data : 0000010111010011110110000001011100000000010010001000101100000111 
9796000: system.memobj: -------------------------------------
9796000: system.memobj: cpu->mem Got request for addr 0x93510 , 603408
9796000: system.memobj: size 0x8
9796000: system.memobj: id 94061721087088
9796000: system.memobj: data_hex : 0500000000000000 
9796000: system.memobj: data : 0000010100000000000000000000000000000000000000000000000000000000 
9796000: system.memobj: hamming code addr: 603408 
9796000: system.memobj: hamming code : 6 
9796000: system.memobj: hamming code addr: 603416 
9796000: system.memobj: hamming code : 0 
9796000: system.memobj: hamming code addr: 603424 
9796000: system.memobj: hamming code : 0 
9796000: system.memobj: hamming code addr: 603432 
9796000: system.memobj: hamming code : 0 
9796000: system.memobj: hamming code addr: 603440 
9796000: system.memobj: hamming code : 0 
9796000: system.memobj: hamming code addr: 603448 
9796000: system.memobj: hamming code : 0 
9796000: system.memobj: hamming code addr: 603456 
9796000: system.memobj: hamming code : 0 
9796000: system.memobj: hamming code addr: 603464 
9796000: system.memobj: hamming code : 0 
9796000: system.memobj: Enter Error Bit index: 4 
9796000: system.memobj: flip data : 0001010100000000000000000000000000000000000000000000000000000000 
9796000: system.memobj: -------------------------------------
9866000: system.memobj: mem->cpu Got response for addr 0x15c38 , 89144
9866000: system.memobj: size 0x8
9866000: system.memobj: id 94061721087088
9866000: system.memobj: data_hex : 05D3D81700488B07 
9866000: system.memobj: data : 0000010111010011110110000001011100000000010010001000101100000111 
9866000: system.memobj: fix data : 0000010111010011110110000001011100000000010010001000101100000111 
9866000: system.memobj: -------------------------------------
9943000: system.memobj: mem->cpu Got response for addr 0x94e60 , 609888
9943000: system.memobj: size 0x8
9943000: system.memobj: id 94061721086512
9943000: system.memobj: data_hex : 0700000000000000 
9943000: system.memobj: data : 0000011100000000000000000000000000000000000000000000000000000000 
9943000: system.memobj: fix data : 0000011100000000000000000000000000000000000000000000000000000000 
9943000: system.memobj: -------------------------------------
10020000: system.memobj: mem->cpu Got response for addr 0x15c40 , 89152
10020000: system.memobj: size 0x8
10020000: system.memobj: id 94061721086512
10020000: system.memobj: data_hex : 4885C00F85C7FEFF 
10020000: system.memobj: data : 0100100010000101110000000000111110000101110001111111111011111111 
10020000: system.memobj: fix data : 0100100010000101110000000000111110000101110001111111111011111111 
10020000: system.memobj: -------------------------------------
10069000: system.memobj: mem->cpu Got response for addr 0x15c40 , 89152
10069000: system.memobj: size 0x8
10069000: system.memobj: id 94061721087088
10069000: system.memobj: data_hex : 4885C00F85C7FEFF 
10069000: system.memobj: data : 0100100010000101110000000000111110000101110001111111111011111111 
10069000: system.memobj: fix data : 0100100010000101110000000000111110000101110001111111111011111111 
10069000: system.memobj: -------------------------------------
10118000: system.memobj: mem->cpu Got response for addr 0x15c48 , 89160
10118000: system.memobj: size 0x8
10118000: system.memobj: id 94061721086512
10118000: system.memobj: data_hex : FFE9FEFEFFFF85C9 
10118000: system.memobj: data : 1111111111101001111111101111111011111111111111111000010111001001 
10118000: system.memobj: fix data : 1111111111101001111111101111111011111111111111111000010111001001 
10118000: system.memobj: -------------------------------------
10167000: system.memobj: mem->cpu Got response for addr 0x15b10 , 88848
10167000: system.memobj: size 0x8
10167000: system.memobj: id 94061721087088
10167000: system.memobj: data_hex : 4883E8034883F814 
10167000: system.memobj: data : 0100100010000011111010000000001101001000100000111111100000010100 
10167000: system.memobj: fix data : 0100100010000011111010000000001101001000100000111111100000010100 
10167000: system.memobj: -------------------------------------
10216000: system.memobj: mem->cpu Got response for addr 0x15b10 , 88848
10216000: system.memobj: size 0x8
10216000: system.memobj: id 94061721086512
10216000: system.memobj: data_hex : 4883E8034883F814 
10216000: system.memobj: data : 0100100010000011111010000000001101001000100000111111100000010100 
10216000: system.memobj: fix data : 0100100010000011111010000000001101001000100000111111100000010100 
10216000: system.memobj: -------------------------------------
10265000: system.memobj: mem->cpu Got response for addr 0x15b18 , 88856
10265000: system.memobj: size 0x8
10265000: system.memobj: id 94061721087088
10265000: system.memobj: data_hex : 7726FF24C580EB45 
10265000: system.memobj: data : 0111011100100110111111110010010011000101100000001110101101000101 
10265000: system.memobj: fix data : 0111011100100110111111110010010011000101100000001110101101000101 
10265000: system.memobj: -------------------------------------
10314000: system.memobj: mem->cpu Got response for addr 0x15b18 , 88856
10314000: system.memobj: size 0x8
10314000: system.memobj: id 94061721086512
10314000: system.memobj: data_hex : 7726FF24C580EB45 
10314000: system.memobj: data : 0111011100100110111111110010010011000101100000001110101101000101 
10314000: system.memobj: fix data : 0111011100100110111111110010010011000101100000001110101101000101 
10314000: system.memobj: -------------------------------------
10363000: system.memobj: mem->cpu Got response for addr 0x15b20 , 88864
10363000: system.memobj: size 0x8
10363000: system.memobj: id 94061721087088
10363000: system.memobj: data_hex : 00488B4708BAFFFF 
10363000: system.memobj: data : 0000000001001000100010110100011100001000101110101111111111111111 
10363000: system.memobj: fix data : 0000000001001000100010110100011100001000101110101111111111111111 
10363000: system.memobj: -------------------------------------
10412000: system.memobj: mem->cpu Got response for addr 0x5eba0 , 388000
10412000: system.memobj: size 0x8
10412000: system.memobj: id 94061721086512
10412000: system.memobj: data_hex : 405B410000000000 
10412000: system.memobj: data : 0100000001011011010000010000000000000000000000000000000000000000 
10412000: system.memobj: fix data : 0100000001011011010000010000000000000000000000000000000000000000 
10412000: system.memobj: -------------------------------------
10461000: system.memobj: mem->cpu Got response for addr 0x15b40 , 88896
10461000: system.memobj: size 0x8
10461000: system.memobj: id 94061721086512
10461000: system.memobj: data_hex : 4883C710488B0748 
10461000: system.memobj: data : 0100100010000011110001110001000001001000100010110000011101001000 
10461000: system.memobj: fix data : 0100100010000011110001110001000001001000100010110000011101001000 
10461000: system.memobj: -------------------------------------
10510000: system.memobj: mem->cpu Got response for addr 0x15b40 , 88896
10510000: system.memobj: size 0x8
10510000: system.memobj: id 94061721087088
10510000: system.memobj: data_hex : 4883C710488B0748 
10510000: system.memobj: data : 0100100010000011110001110001000001001000100010110000011101001000 
10510000: system.memobj: fix data : 0100100010000011110001110001000001001000100010110000011101001000 
10510000: system.memobj: -------------------------------------
10587000: system.memobj: mem->cpu Got response for addr 0x94e70 , 609904
10587000: system.memobj: size 0x8
10587000: system.memobj: id 94061721086512
10587000: system.memobj: data_hex : 0800000000000000 
10587000: system.memobj: data : 0000100000000000000000000000000000000000000000000000000000000000 
10587000: system.memobj: fix data : 0000100000000000000000000000000000000000000000000000000000000000 
10587000: system.memobj: -------------------------------------
10664000: system.memobj: mem->cpu Got response for addr 0x15b40 , 88896
10664000: system.memobj: size 0x8
10664000: system.memobj: id 94061721086512
10664000: system.memobj: data_hex : 4883C710488B0748 
10664000: system.memobj: data : 0100100010000011110001110001000001001000100010110000011101001000 
10664000: system.memobj: fix data : 0100100010000011110001110001000001001000100010110000011101001000 
10664000: system.memobj: -------------------------------------
10713000: system.memobj: mem->cpu Got response for addr 0x15b48 , 88904
10713000: system.memobj: size 0x8
10713000: system.memobj: id 94061721087088
10713000: system.memobj: data_hex : 85C075C483FA0F0F 
10713000: system.memobj: data : 1000010111000000011101011100010010000011111110100000111100001111 
10713000: system.memobj: fix data : 1000010111000000011101011100010010000011111110100000111100001111 
10713000: system.memobj: -------------------------------------
10762000: system.memobj: mem->cpu Got response for addr 0x15b48 , 88904
10762000: system.memobj: size 0x8
10762000: system.memobj: id 94061721086512
10762000: system.memobj: data_hex : 85C075C483FA0F0F 
10762000: system.memobj: data : 1000010111000000011101011100010010000011111110100000111100001111 
10762000: system.memobj: fix data : 1000010111000000011101011100010010000011111110100000111100001111 
10762000: system.memobj: -------------------------------------
10811000: system.memobj: mem->cpu Got response for addr 0x15b10 , 88848
10811000: system.memobj: size 0x8
10811000: system.memobj: id 94061721087088
10811000: system.memobj: data_hex : 4883E8034883F814 
10811000: system.memobj: data : 0100100010000011111010000000001101001000100000111111100000010100 
10811000: system.memobj: fix data : 0100100010000011111010000000001101001000100000111111100000010100 
10811000: system.memobj: -------------------------------------
10860000: system.memobj: mem->cpu Got response for addr 0x15b10 , 88848
10860000: system.memobj: size 0x8
10860000: system.memobj: id 94061721086512
10860000: system.memobj: data_hex : 4883E8034883F814 
10860000: system.memobj: data : 0100100010000011111010000000001101001000100000111111100000010100 
10860000: system.memobj: fix data : 0100100010000011111010000000001101001000100000111111100000010100 
10860000: system.memobj: -------------------------------------
10909000: system.memobj: mem->cpu Got response for addr 0x15b18 , 88856
10909000: system.memobj: size 0x8
10909000: system.memobj: id 94061721087088
10909000: system.memobj: data_hex : 7726FF24C580EB45 
10909000: system.memobj: data : 0111011100100110111111110010010011000101100000001110101101000101 
10909000: system.memobj: fix data : 0111011100100110111111110010010011000101100000001110101101000101 
10909000: system.memobj: -------------------------------------
10958000: system.memobj: mem->cpu Got response for addr 0x15b18 , 88856
10958000: system.memobj: size 0x8
10958000: system.memobj: id 94061721086512
10958000: system.memobj: data_hex : 7726FF24C580EB45 
10958000: system.memobj: data : 0111011100100110111111110010010011000101100000001110101101000101 
10958000: system.memobj: fix data : 0111011100100110111111110010010011000101100000001110101101000101 
10958000: system.memobj: -------------------------------------
11007000: system.memobj: mem->cpu Got response for addr 0x15b20 , 88864
11007000: system.memobj: size 0x8
11007000: system.memobj: id 94061721087088
11007000: system.memobj: data_hex : 00488B4708BAFFFF 
11007000: system.memobj: data : 0000000001001000100010110100011100001000101110101111111111111111 
11007000: system.memobj: fix data : 0000000001001000100010110100011100001000101110101111111111111111 
11007000: system.memobj: -------------------------------------
11056000: system.memobj: mem->cpu Got response for addr 0x5eba8 , 388008
11056000: system.memobj: size 0x8
11056000: system.memobj: id 94061721086512
11056000: system.memobj: data_hex : 405B410000000000 
11056000: system.memobj: data : 0100000001011011010000010000000000000000000000000000000000000000 
11056000: system.memobj: fix data : 0100000001011011010000010000000000000000000000000000000000000000 
11056000: system.memobj: -------------------------------------
11105000: system.memobj: mem->cpu Got response for addr 0x15b40 , 88896
11105000: system.memobj: size 0x8
11105000: system.memobj: id 94061721086512
11105000: system.memobj: data_hex : 4883C710488B0748 
11105000: system.memobj: data : 0100100010000011110001110001000001001000100010110000011101001000 
11105000: system.memobj: fix data : 0100100010000011110001110001000001001000100010110000011101001000 
11105000: system.memobj: -------------------------------------
11154000: system.memobj: mem->cpu Got response for addr 0x15b40 , 88896
11154000: system.memobj: size 0x8
11154000: system.memobj: id 94061721087088
11154000: system.memobj: data_hex : 4883C710488B0748 
11154000: system.memobj: data : 0100100010000011110001110001000001001000100010110000011101001000 
11154000: system.memobj: fix data : 0100100010000011110001110001000001001000100010110000011101001000 
11154000: system.memobj: -------------------------------------
11231000: system.memobj: mem->cpu Got response for addr 0x94e80 , 609920
11231000: system.memobj: size 0x8
11231000: system.memobj: id 94061721086512
11231000: system.memobj: data_hex : 0900000000000000 
11231000: system.memobj: data : 0000100100000000000000000000000000000000000000000000000000000000 
11231000: system.memobj: fix data : 0000100100000000000000000000000000000000000000000000000000000000 
11231000: system.memobj: -------------------------------------
11308000: system.memobj: mem->cpu Got response for addr 0x15b40 , 88896
11308000: system.memobj: size 0x8
11308000: system.memobj: id 94061721086512
11308000: system.memobj: data_hex : 4883C710488B0748 
11308000: system.memobj: data : 0100100010000011110001110001000001001000100010110000011101001000 
11308000: system.memobj: fix data : 0100100010000011110001110001000001001000100010110000011101001000 
11308000: system.memobj: -------------------------------------
11357000: system.memobj: mem->cpu Got response for addr 0x15b48 , 88904
11357000: system.memobj: size 0x8
11357000: system.memobj: id 94061721087088
11357000: system.memobj: data_hex : 85C075C483FA0F0F 
11357000: system.memobj: data : 1000010111000000011101011100010010000011111110100000111100001111 
11357000: system.memobj: fix data : 1000010111000000011101011100010010000011111110100000111100001111 
11357000: system.memobj: -------------------------------------
11406000: system.memobj: mem->cpu Got response for addr 0x15b48 , 88904
11406000: system.memobj: size 0x8
11406000: system.memobj: id 94061721086512
11406000: system.memobj: data_hex : 85C075C483FA0F0F 
11406000: system.memobj: data : 1000010111000000011101011100010010000011111110100000111100001111 
11406000: system.memobj: fix data : 1000010111000000011101011100010010000011111110100000111100001111 
11406000: system.memobj: -------------------------------------
11455000: system.memobj: mem->cpu Got response for addr 0x15b10 , 88848
11455000: system.memobj: size 0x8
11455000: system.memobj: id 94061721087088
11455000: system.memobj: data_hex : 4883E8034883F814 
11455000: system.memobj: data : 0100100010000011111010000000001101001000100000111111100000010100 
11455000: system.memobj: fix data : 0100100010000011111010000000001101001000100000111111100000010100 
11455000: system.memobj: -------------------------------------
11504000: system.memobj: mem->cpu Got response for addr 0x15b10 , 88848
11504000: system.memobj: size 0x8
11504000: system.memobj: id 94061721086512
11504000: system.memobj: data_hex : 4883E8034883F814 
11504000: system.memobj: data : 0100100010000011111010000000001101001000100000111111100000010100 
11504000: system.memobj: fix data : 0100100010000011111010000000001101001000100000111111100000010100 
11504000: system.memobj: -------------------------------------
11553000: system.memobj: mem->cpu Got response for addr 0x15b18 , 88856
11553000: system.memobj: size 0x8
11553000: system.memobj: id 94061721087088
11553000: system.memobj: data_hex : 7726FF24C580EB45 
11553000: system.memobj: data : 0111011100100110111111110010010011000101100000001110101101000101 
11553000: system.memobj: fix data : 0111011100100110111111110010010011000101100000001110101101000101 
11553000: system.memobj: -------------------------------------
11602000: system.memobj: mem->cpu Got response for addr 0x15b18 , 88856
11602000: system.memobj: size 0x8
11602000: system.memobj: id 94061721086512
11602000: system.memobj: data_hex : 7726FF24C580EB45 
11602000: system.memobj: data : 0111011100100110111111110010010011000101100000001110101101000101 
11602000: system.memobj: fix data : 0111011100100110111111110010010011000101100000001110101101000101 
11602000: system.memobj: -------------------------------------
11651000: system.memobj: mem->cpu Got response for addr 0x15b20 , 88864
11651000: system.memobj: size 0x8
11651000: system.memobj: id 94061721087088
11651000: system.memobj: data_hex : 00488B4708BAFFFF 
11651000: system.memobj: data : 0000000001001000100010110100011100001000101110101111111111111111 
11651000: system.memobj: fix data : 0000000001001000100010110100011100001000101110101111111111111111 
11651000: system.memobj: -------------------------------------
11700000: system.memobj: mem->cpu Got response for addr 0x5ebb0 , 388016
11700000: system.memobj: size 0x8
11700000: system.memobj: id 94061721086512
11700000: system.memobj: data_hex : 405B410000000000 
11700000: system.memobj: data : 0100000001011011010000010000000000000000000000000000000000000000 
11700000: system.memobj: fix data : 0100000001011011010000010000000000000000000000000000000000000000 
11700000: system.memobj: -------------------------------------
11749000: system.memobj: mem->cpu Got response for addr 0x15b40 , 88896
11749000: system.memobj: size 0x8
11749000: system.memobj: id 94061721086512
11749000: system.memobj: data_hex : 4883C710488B0748 
11749000: system.memobj: data : 0100100010000011110001110001000001001000100010110000011101001000 
11749000: system.memobj: fix data : 0100100010000011110001110001000001001000100010110000011101001000 
11749000: system.memobj: -------------------------------------
11798000: system.memobj: mem->cpu Got response for addr 0x15b40 , 88896
11798000: system.memobj: size 0x8
11798000: system.memobj: id 94061721087088
11798000: system.memobj: data_hex : 4883C710488B0748 
11798000: system.memobj: data : 0100100010000011110001110001000001001000100010110000011101001000 
11798000: system.memobj: fix data : 0100100010000011110001110001000001001000100010110000011101001000 
11798000: system.memobj: -------------------------------------
11875000: system.memobj: mem->cpu Got response for addr 0x94e90 , 609936
11875000: system.memobj: size 0x8
11875000: system.memobj: id 94061721086512
11875000: system.memobj: data_hex : 0B00000000000000 
11875000: system.memobj: data : 0000101100000000000000000000000000000000000000000000000000000000 
11875000: system.memobj: fix data : 0000101100000000000000000000000000000000000000000000000000000000 
11875000: system.memobj: -------------------------------------
11952000: system.memobj: mem->cpu Got response for addr 0x15b40 , 88896
11952000: system.memobj: size 0x8
11952000: system.memobj: id 94061721086512
11952000: system.memobj: data_hex : 4883C710488B0748 
11952000: system.memobj: data : 0100100010000011110001110001000001001000100010110000011101001000 
11952000: system.memobj: fix data : 0100100010000011110001110001000001001000100010110000011101001000 
11952000: system.memobj: -------------------------------------
12001000: system.memobj: mem->cpu Got response for addr 0x15b48 , 88904
12001000: system.memobj: size 0x8
12001000: system.memobj: id 94061721087088
12001000: system.memobj: data_hex : 85C075C483FA0F0F 
12001000: system.memobj: data : 1000010111000000011101011100010010000011111110100000111100001111 
12001000: system.memobj: fix data : 1000010111000000011101011100010010000011111110100000111100001111 
12001000: system.memobj: -------------------------------------
12050000: system.memobj: mem->cpu Got response for addr 0x15b48 , 88904
12050000: system.memobj: size 0x8
12050000: system.memobj: id 94061721086512
12050000: system.memobj: data_hex : 85C075C483FA0F0F 
12050000: system.memobj: data : 1000010111000000011101011100010010000011111110100000111100001111 
12050000: system.memobj: fix data : 1000010111000000011101011100010010000011111110100000111100001111 
12050000: system.memobj: -------------------------------------
12099000: system.memobj: mem->cpu Got response for addr 0x15b10 , 88848
12099000: system.memobj: size 0x8
12099000: system.memobj: id 94061721087088
12099000: system.memobj: data_hex : 4883E8034883F814 
12099000: system.memobj: data : 0100100010000011111010000000001101001000100000111111100000010100 
12099000: system.memobj: fix data : 0100100010000011111010000000001101001000100000111111100000010100 
12099000: system.memobj: -------------------------------------
12148000: system.memobj: mem->cpu Got response for addr 0x15b10 , 88848
12148000: system.memobj: size 0x8
12148000: system.memobj: id 94061721086512
12148000: system.memobj: data_hex : 4883E8034883F814 
12148000: system.memobj: data : 0100100010000011111010000000001101001000100000111111100000010100 
12148000: system.memobj: fix data : 0100100010000011111010000000001101001000100000111111100000010100 
12148000: system.memobj: -------------------------------------
12197000: system.memobj: mem->cpu Got response for addr 0x15b18 , 88856
12197000: system.memobj: size 0x8
12197000: system.memobj: id 94061721087088
12197000: system.memobj: data_hex : 7726FF24C580EB45 
12197000: system.memobj: data : 0111011100100110111111110010010011000101100000001110101101000101 
12197000: system.memobj: fix data : 0111011100100110111111110010010011000101100000001110101101000101 
12197000: system.memobj: -------------------------------------
12246000: system.memobj: mem->cpu Got response for addr 0x15b18 , 88856
12246000: system.memobj: size 0x8
12246000: system.memobj: id 94061721086512
12246000: system.memobj: data_hex : 7726FF24C580EB45 
12246000: system.memobj: data : 0111011100100110111111110010010011000101100000001110101101000101 
12246000: system.memobj: fix data : 0111011100100110111111110010010011000101100000001110101101000101 
12246000: system.memobj: -------------------------------------
12295000: system.memobj: mem->cpu Got response for addr 0x15b20 , 88864
12295000: system.memobj: size 0x8
12295000: system.memobj: id 94061721087088
12295000: system.memobj: data_hex : 00488B4708BAFFFF 
12295000: system.memobj: data : 0000000001001000100010110100011100001000101110101111111111111111 
12295000: system.memobj: fix data : 0000000001001000100010110100011100001000101110101111111111111111 
12295000: system.memobj: -------------------------------------
12344000: system.memobj: mem->cpu Got response for addr 0x5ebc0 , 388032
12344000: system.memobj: size 0x8
12344000: system.memobj: id 94061721086512
12344000: system.memobj: data_hex : D35B410000000000 
12344000: system.memobj: data : 1101001101011011010000010000000000000000000000000000000000000000 
12344000: system.memobj: fix data : 1101001101011011010000010000000000000000000000000000000000000000 
12344000: system.memobj: -------------------------------------
12393000: system.memobj: mem->cpu Got response for addr 0x15bd0 , 89040
12393000: system.memobj: size 0x8
12393000: system.memobj: id 94061721086512
12393000: system.memobj: data_hex : FFFFFF334F084883 
12393000: system.memobj: data : 1111111111111111111111110011001101001111000010000100100010000011 
12393000: system.memobj: fix data : 1111111111111111111111110011001101001111000010000100100010000011 
12393000: system.memobj: -------------------------------------
12470000: system.memobj: mem->cpu Got response for addr 0x94e98 , 609944
12470000: system.memobj: size 0x4
12470000: system.memobj: id 94061721087376
12470000: system.memobj: data_hex : 64000000 
12470000: system.memobj: data : 01100100000000000000000000000000 
12470000: system.memobj: fix data : 01100100000000000000000000000000 
12470000: system.memobj: -------------------------------------
12547000: system.memobj: mem->cpu Got response for addr 0x15bd0 , 89040
12547000: system.memobj: size 0x8
12547000: system.memobj: id 94061721087376
12547000: system.memobj: data_hex : FFFFFF334F084883 
12547000: system.memobj: data : 1111111111111111111111110011001101001111000010000100100010000011 
12547000: system.memobj: fix data : 1111111111111111111111110011001101001111000010000100100010000011 
12547000: system.memobj: -------------------------------------
12596000: system.memobj: mem->cpu Got response for addr 0x15bd8 , 89048
12596000: system.memobj: size 0x8
12596000: system.memobj: id 94061721086512
12596000: system.memobj: data_hex : C71083CA01488B07 
12596000: system.memobj: data : 1100011100010000100000111100101000000001010010001000101100000111 
12596000: system.memobj: fix data : 1100011100010000100000111100101000000001010010001000101100000111 
12596000: system.memobj: -------------------------------------
12645000: system.memobj: mem->cpu Got response for addr 0x15bd8 , 89048
12645000: system.memobj: size 0x8
12645000: system.memobj: id 94061721087376
12645000: system.memobj: data_hex : C71083CA01488B07 
12645000: system.memobj: data : 1100011100010000100000111100101000000001010010001000101100000111 
12645000: system.memobj: fix data : 1100011100010000100000111100101000000001010010001000101100000111 
12645000: system.memobj: -------------------------------------
12694000: system.memobj: mem->cpu Got response for addr 0x15bd8 , 89048
12694000: system.memobj: size 0x8
12694000: system.memobj: id 94061721086512
12694000: system.memobj: data_hex : C71083CA01488B07 
12694000: system.memobj: data : 1100011100010000100000111100101000000001010010001000101100000111 
12694000: system.memobj: fix data : 1100011100010000100000111100101000000001010010001000101100000111 
12694000: system.memobj: -------------------------------------
12771000: system.memobj: mem->cpu Got response for addr 0x94ea0 , 609952
12771000: system.memobj: size 0x8
12771000: system.memobj: id 94061721087376
12771000: system.memobj: data_hex : 0C00000000000000 
12771000: system.memobj: data : 0000110000000000000000000000000000000000000000000000000000000000 
12771000: system.memobj: fix data : 0000110000000000000000000000000000000000000000000000000000000000 
12771000: system.memobj: -------------------------------------
12848000: system.memobj: mem->cpu Got response for addr 0x15be0 , 89056
12848000: system.memobj: size 0x8
12848000: system.memobj: id 94061721087376
12848000: system.memobj: data_hex : 4885C00F8527FFFF 
12848000: system.memobj: data : 0100100010000101110000000000111110000101001001111111111111111111 
12848000: system.memobj: fix data : 0100100010000101110000000000111110000101001001111111111111111111 
12848000: system.memobj: -------------------------------------
12897000: system.memobj: mem->cpu Got response for addr 0x15be0 , 89056
12897000: system.memobj: size 0x8
12897000: system.memobj: id 94061721086512
12897000: system.memobj: data_hex : 4885C00F8527FFFF 
12897000: system.memobj: data : 0100100010000101110000000000111110000101001001111111111111111111 
12897000: system.memobj: fix data : 0100100010000101110000000000111110000101001001111111111111111111 
12897000: system.memobj: -------------------------------------
12946000: system.memobj: mem->cpu Got response for addr 0x15be8 , 89064
12946000: system.memobj: size 0x8
12946000: system.memobj: id 94061721087376
12946000: system.memobj: data_hex : FFE95EFFFFFF488B 
12946000: system.memobj: data : 1111111111101001010111101111111111111111111111110100100010001011 
12946000: system.memobj: fix data : 1111111111101001010111101111111111111111111111110100100010001011 
12946000: system.memobj: -------------------------------------
12995000: system.memobj: mem->cpu Got response for addr 0x15b10 , 88848
12995000: system.memobj: size 0x8
12995000: system.memobj: id 94061721086512
12995000: system.memobj: data_hex : 4883E8034883F814 
12995000: system.memobj: data : 0100100010000011111010000000001101001000100000111111100000010100 
12995000: system.memobj: fix data : 0100100010000011111010000000001101001000100000111111100000010100 
12995000: system.memobj: -------------------------------------
13044000: system.memobj: mem->cpu Got response for addr 0x15b10 , 88848
13044000: system.memobj: size 0x8
13044000: system.memobj: id 94061721087376
13044000: system.memobj: data_hex : 4883E8034883F814 
13044000: system.memobj: data : 0100100010000011111010000000001101001000100000111111100000010100 
13044000: system.memobj: fix data : 0100100010000011111010000000001101001000100000111111100000010100 
13044000: system.memobj: -------------------------------------
13093000: system.memobj: mem->cpu Got response for addr 0x15b18 , 88856
13093000: system.memobj: size 0x8
13093000: system.memobj: id 94061721086512
13093000: system.memobj: data_hex : 7726FF24C580EB45 
13093000: system.memobj: data : 0111011100100110111111110010010011000101100000001110101101000101 
13093000: system.memobj: fix data : 0111011100100110111111110010010011000101100000001110101101000101 
13093000: system.memobj: -------------------------------------
13142000: system.memobj: mem->cpu Got response for addr 0x15b18 , 88856
13142000: system.memobj: size 0x8
13142000: system.memobj: id 94061721087376
13142000: system.memobj: data_hex : 7726FF24C580EB45 
13142000: system.memobj: data : 0111011100100110111111110010010011000101100000001110101101000101 
13142000: system.memobj: fix data : 0111011100100110111111110010010011000101100000001110101101000101 
13142000: system.memobj: -------------------------------------
13191000: system.memobj: mem->cpu Got response for addr 0x15b20 , 88864
13191000: system.memobj: size 0x8
13191000: system.memobj: id 94061721086512
13191000: system.memobj: data_hex : 00488B4708BAFFFF 
13191000: system.memobj: data : 0000000001001000100010110100011100001000101110101111111111111111 
13191000: system.memobj: fix data : 0000000001001000100010110100011100001000101110101111111111111111 
13191000: system.memobj: -------------------------------------
13240000: system.memobj: mem->cpu Got response for addr 0x5ebc8 , 388040
13240000: system.memobj: size 0x8
13240000: system.memobj: id 94061721087376
13240000: system.memobj: data_hex : B85B410000000000 
13240000: system.memobj: data : 1011100001011011010000010000000000000000000000000000000000000000 
13240000: system.memobj: fix data : 1011100001011011010000010000000000000000000000000000000000000000 
13240000: system.memobj: -------------------------------------
13289000: system.memobj: mem->cpu Got response for addr 0x15bb8 , 89016
13289000: system.memobj: size 0x8
13289000: system.memobj: id 94061721087376
13289000: system.memobj: data_hex : 334F084883C71083 
13289000: system.memobj: data : 0011001101001111000010000100100010000011110001110001000010000011 
13289000: system.memobj: fix data : 0011001101001111000010000100100010000011110001110001000010000011 
13289000: system.memobj: -------------------------------------
13366000: system.memobj: mem->cpu Got response for addr 0x94ea8 , 609960
13366000: system.memobj: size 0x4
13366000: system.memobj: id 94061721086512
13366000: system.memobj: data_hex : 64000000 
13366000: system.memobj: data : 01100100000000000000000000000000 
13366000: system.memobj: fix data : 01100100000000000000000000000000 
13366000: system.memobj: -------------------------------------
13443000: system.memobj: mem->cpu Got response for addr 0x15bb8 , 89016
13443000: system.memobj: size 0x8
13443000: system.memobj: id 94061721086512
13443000: system.memobj: data_hex : 334F084883C71083 
13443000: system.memobj: data : 0011001101001111000010000100100010000011110001110001000010000011 
13443000: system.memobj: fix data : 0011001101001111000010000100100010000011110001110001000010000011 
13443000: system.memobj: -------------------------------------
13492000: system.memobj: mem->cpu Got response for addr 0x15bb8 , 89016
13492000: system.memobj: size 0x8
13492000: system.memobj: id 94061721087376
13492000: system.memobj: data_hex : 334F084883C71083 
13492000: system.memobj: data : 0011001101001111000010000100100010000011110001110001000010000011 
13492000: system.memobj: fix data : 0011001101001111000010000100100010000011110001110001000010000011 
13492000: system.memobj: -------------------------------------
13541000: system.memobj: mem->cpu Got response for addr 0x15bc0 , 89024
13541000: system.memobj: size 0x8
13541000: system.memobj: id 94061721086512
13541000: system.memobj: data_hex : CA02488B074885C0 
13541000: system.memobj: data : 1100101000000010010010001000101100000111010010001000010111000000 
13541000: system.memobj: fix data : 1100101000000010010010001000101100000111010010001000010111000000 
13541000: system.memobj: -------------------------------------
13590000: system.memobj: mem->cpu Got response for addr 0x15bc0 , 89024
13590000: system.memobj: size 0x8
13590000: system.memobj: id 94061721087376
13590000: system.memobj: data_hex : CA02488B074885C0 
13590000: system.memobj: data : 1100101000000010010010001000101100000111010010001000010111000000 
13590000: system.memobj: fix data : 1100101000000010010010001000101100000111010010001000010111000000 
13590000: system.memobj: -------------------------------------
13667000: system.memobj: mem->cpu Got response for addr 0x94eb0 , 609968
13667000: system.memobj: size 0x8
13667000: system.memobj: id 94061721086512
13667000: system.memobj: data_hex : 0D00000000000000 
13667000: system.memobj: data : 0000110100000000000000000000000000000000000000000000000000000000 
13667000: system.memobj: fix data : 0000110100000000000000000000000000000000000000000000000000000000 
13667000: system.memobj: -------------------------------------
13744000: system.memobj: mem->cpu Got response for addr 0x15bc0 , 89024
13744000: system.memobj: size 0x8
13744000: system.memobj: id 94061721086512
13744000: system.memobj: data_hex : CA02488B074885C0 
13744000: system.memobj: data : 1100101000000010010010001000101100000111010010001000010111000000 
13744000: system.memobj: fix data : 1100101000000010010010001000101100000111010010001000010111000000 
13744000: system.memobj: -------------------------------------
13793000: system.memobj: mem->cpu Got response for addr 0x15bc8 , 89032
13793000: system.memobj: size 0x8
13793000: system.memobj: id 94061721087376
13793000: system.memobj: data_hex : 0F8542FFFFFFE979 
13793000: system.memobj: data : 0000111110000101010000101111111111111111111111111110100101111001 
13793000: system.memobj: fix data : 0000111110000101010000101111111111111111111111111110100101111001 
13793000: system.memobj: -------------------------------------
13842000: system.memobj: mem->cpu Got response for addr 0x15b10 , 88848
13842000: system.memobj: size 0x8
13842000: system.memobj: id 94061721086512
13842000: system.memobj: data_hex : 4883E8034883F814 
13842000: system.memobj: data : 0100100010000011111010000000001101001000100000111111100000010100 
13842000: system.memobj: fix data : 0100100010000011111010000000001101001000100000111111100000010100 
13842000: system.memobj: -------------------------------------
13891000: system.memobj: mem->cpu Got response for addr 0x15b10 , 88848
13891000: system.memobj: size 0x8
13891000: system.memobj: id 94061721087376
13891000: system.memobj: data_hex : 4883E8034883F814 
13891000: system.memobj: data : 0100100010000011111010000000001101001000100000111111100000010100 
13891000: system.memobj: fix data : 0100100010000011111010000000001101001000100000111111100000010100 
13891000: system.memobj: -------------------------------------
13940000: system.memobj: mem->cpu Got response for addr 0x15b18 , 88856
13940000: system.memobj: size 0x8
13940000: system.memobj: id 94061721086512
13940000: system.memobj: data_hex : 7726FF24C580EB45 
13940000: system.memobj: data : 0111011100100110111111110010010011000101100000001110101101000101 
13940000: system.memobj: fix data : 0111011100100110111111110010010011000101100000001110101101000101 
13940000: system.memobj: -------------------------------------
13989000: system.memobj: mem->cpu Got response for addr 0x15b18 , 88856
13989000: system.memobj: size 0x8
13989000: system.memobj: id 94061721087376
13989000: system.memobj: data_hex : 7726FF24C580EB45 
13989000: system.memobj: data : 0111011100100110111111110010010011000101100000001110101101000101 
13989000: system.memobj: fix data : 0111011100100110111111110010010011000101100000001110101101000101 
13989000: system.memobj: -------------------------------------
14038000: system.memobj: mem->cpu Got response for addr 0x15b20 , 88864
14038000: system.memobj: size 0x8
14038000: system.memobj: id 94061721086512
14038000: system.memobj: data_hex : 00488B4708BAFFFF 
14038000: system.memobj: data : 0000000001001000100010110100011100001000101110101111111111111111 
14038000: system.memobj: fix data : 0000000001001000100010110100011100001000101110101111111111111111 
14038000: system.memobj: -------------------------------------
14087000: system.memobj: mem->cpu Got response for addr 0x5ebd0 , 388048
14087000: system.memobj: size 0x8
14087000: system.memobj: id 94061721087376
14087000: system.memobj: data_hex : A05B410000000000 
14087000: system.memobj: data : 1010000001011011010000010000000000000000000000000000000000000000 
14087000: system.memobj: fix data : 1010000001011011010000010000000000000000000000000000000000000000 
14087000: system.memobj: -------------------------------------
14136000: system.memobj: mem->cpu Got response for addr 0x15ba0 , 88992
14136000: system.memobj: size 0x8
14136000: system.memobj: id 94061721087376
14136000: system.memobj: data_hex : 3377084883C71083 
14136000: system.memobj: data : 0011001101110111000010000100100010000011110001110001000010000011 
14136000: system.memobj: fix data : 0011001101110111000010000100100010000011110001110001000010000011 
14136000: system.memobj: -------------------------------------
14213000: system.memobj: mem->cpu Got response for addr 0x94eb8 , 609976
14213000: system.memobj: size 0x4
14213000: system.memobj: id 94061721087664
14213000: system.memobj: data_hex : 64000000 
14213000: system.memobj: data : 01100100000000000000000000000000 
14213000: system.memobj: fix data : 01100100000000000000000000000000 
14213000: system.memobj: -------------------------------------
14290000: system.memobj: mem->cpu Got response for addr 0x15ba0 , 88992
14290000: system.memobj: size 0x8
14290000: system.memobj: id 94061721087664
14290000: system.memobj: data_hex : 3377084883C71083 
14290000: system.memobj: data : 0011001101110111000010000100100010000011110001110001000010000011 
14290000: system.memobj: fix data : 0011001101110111000010000100100010000011110001110001000010000011 
14290000: system.memobj: -------------------------------------
14339000: system.memobj: mem->cpu Got response for addr 0x15ba0 , 88992
14339000: system.memobj: size 0x8
14339000: system.memobj: id 94061721087376
14339000: system.memobj: data_hex : 3377084883C71083 
14339000: system.memobj: data : 0011001101110111000010000100100010000011110001110001000010000011 
14339000: system.memobj: fix data : 0011001101110111000010000100100010000011110001110001000010000011 
14339000: system.memobj: -------------------------------------
14388000: system.memobj: mem->cpu Got response for addr 0x15ba8 , 89000
14388000: system.memobj: size 0x8
14388000: system.memobj: id 94061721087664
14388000: system.memobj: data_hex : CA04488B074885C0 
14388000: system.memobj: data : 1100101000000100010010001000101100000111010010001000010111000000 
14388000: system.memobj: fix data : 1100101000000100010010001000101100000111010010001000010111000000 
14388000: system.memobj: -------------------------------------
14437000: system.memobj: mem->cpu Got response for addr 0x15ba8 , 89000
14437000: system.memobj: size 0x8
14437000: system.memobj: id 94061721087376
14437000: system.memobj: data_hex : CA04488B074885C0 
14437000: system.memobj: data : 1100101000000100010010001000101100000111010010001000010111000000 
14437000: system.memobj: fix data : 1100101000000100010010001000101100000111010010001000010111000000 
14437000: system.memobj: -------------------------------------
14514000: system.memobj: mem->cpu Got response for addr 0x94ec0 , 609984
14514000: system.memobj: size 0x8
14514000: system.memobj: id 94061721087664
14514000: system.memobj: data_hex : 0E00000000000000 
14514000: system.memobj: data : 0000111000000000000000000000000000000000000000000000000000000000 
14514000: system.memobj: fix data : 0000111000000000000000000000000000000000000000000000000000000000 
14514000: system.memobj: -------------------------------------
14591000: system.memobj: mem->cpu Got response for addr 0x15ba8 , 89000
14591000: system.memobj: size 0x8
14591000: system.memobj: id 94061721087664
14591000: system.memobj: data_hex : CA04488B074885C0 
14591000: system.memobj: data : 1100101000000100010010001000101100000111010010001000010111000000 
14591000: system.memobj: fix data : 1100101000000100010010001000101100000111010010001000010111000000 
14591000: system.memobj: -------------------------------------
14640000: system.memobj: mem->cpu Got response for addr 0x15bb0 , 89008
14640000: system.memobj: size 0x8
14640000: system.memobj: id 94061721087376
14640000: system.memobj: data_hex : 0F855AFFFFFFEB94 
14640000: system.memobj: data : 0000111110000101010110101111111111111111111111111110101110010100 
14640000: system.memobj: fix data : 0000111110000101010110101111111111111111111111111110101110010100 
14640000: system.memobj: -------------------------------------
14689000: system.memobj: mem->cpu Got response for addr 0x15b10 , 88848
14689000: system.memobj: size 0x8
14689000: system.memobj: id 94061721087664
14689000: system.memobj: data_hex : 4883E8034883F814 
14689000: system.memobj: data : 0100100010000011111010000000001101001000100000111111100000010100 
14689000: system.memobj: fix data : 0100100010000011111010000000001101001000100000111111100000010100 
14689000: system.memobj: -------------------------------------
14738000: system.memobj: mem->cpu Got response for addr 0x15b10 , 88848
14738000: system.memobj: size 0x8
14738000: system.memobj: id 94061721087376
14738000: system.memobj: data_hex : 4883E8034883F814 
14738000: system.memobj: data : 0100100010000011111010000000001101001000100000111111100000010100 
14738000: system.memobj: fix data : 0100100010000011111010000000001101001000100000111111100000010100 
14738000: system.memobj: -------------------------------------
14787000: system.memobj: mem->cpu Got response for addr 0x15b18 , 88856
14787000: system.memobj: size 0x8
14787000: system.memobj: id 94061721087664
14787000: system.memobj: data_hex : 7726FF24C580EB45 
14787000: system.memobj: data : 0111011100100110111111110010010011000101100000001110101101000101 
14787000: system.memobj: fix data : 0111011100100110111111110010010011000101100000001110101101000101 
14787000: system.memobj: -------------------------------------
14836000: system.memobj: mem->cpu Got response for addr 0x15b18 , 88856
14836000: system.memobj: size 0x8
14836000: system.memobj: id 94061721087376
14836000: system.memobj: data_hex : 7726FF24C580EB45 
14836000: system.memobj: data : 0111011100100110111111110010010011000101100000001110101101000101 
14836000: system.memobj: fix data : 0111011100100110111111110010010011000101100000001110101101000101 
14836000: system.memobj: -------------------------------------
14885000: system.memobj: mem->cpu Got response for addr 0x15b20 , 88864
14885000: system.memobj: size 0x8
14885000: system.memobj: id 94061721087664
14885000: system.memobj: data_hex : 00488B4708BAFFFF 
14885000: system.memobj: data : 0000000001001000100010110100011100001000101110101111111111111111 
14885000: system.memobj: fix data : 0000000001001000100010110100011100001000101110101111111111111111 
14885000: system.memobj: -------------------------------------
14934000: system.memobj: mem->cpu Got response for addr 0x5ebd8 , 388056
14934000: system.memobj: size 0x8
14934000: system.memobj: id 94061721087376
14934000: system.memobj: data_hex : 885B410000000000 
14934000: system.memobj: data : 1000100001011011010000010000000000000000000000000000000000000000 
14934000: system.memobj: fix data : 1000100001011011010000010000000000000000000000000000000000000000 
14934000: system.memobj: -------------------------------------
14983000: system.memobj: mem->cpu Got response for addr 0x15b88 , 88968
14983000: system.memobj: size 0x8
14983000: system.memobj: id 94061721087376
14983000: system.memobj: data_hex : 3377084883C71083 
14983000: system.memobj: data : 0011001101110111000010000100100010000011110001110001000010000011 
14983000: system.memobj: fix data : 0011001101110111000010000100100010000011110001110001000010000011 
14983000: system.memobj: -------------------------------------
15060000: system.memobj: mem->cpu Got response for addr 0x94ec8 , 609992
15060000: system.memobj: size 0x4
15060000: system.memobj: id 94061721087664
15060000: system.memobj: data_hex : 64000000 
15060000: system.memobj: data : 01100100000000000000000000000000 
15060000: system.memobj: fix data : 01100100000000000000000000000000 
15060000: system.memobj: -------------------------------------
15137000: system.memobj: mem->cpu Got response for addr 0x15b88 , 88968
15137000: system.memobj: size 0x8
15137000: system.memobj: id 94061721087664
15137000: system.memobj: data_hex : 3377084883C71083 
15137000: system.memobj: data : 0011001101110111000010000100100010000011110001110001000010000011 
15137000: system.memobj: fix data : 0011001101110111000010000100100010000011110001110001000010000011 
15137000: system.memobj: -------------------------------------
15186000: system.memobj: mem->cpu Got response for addr 0x15b88 , 88968
15186000: system.memobj: size 0x8
15186000: system.memobj: id 94061721087376
15186000: system.memobj: data_hex : 3377084883C71083 
15186000: system.memobj: data : 0011001101110111000010000100100010000011110001110001000010000011 
15186000: system.memobj: fix data : 0011001101110111000010000100100010000011110001110001000010000011 
15186000: system.memobj: -------------------------------------
15235000: system.memobj: mem->cpu Got response for addr 0x15b90 , 88976
15235000: system.memobj: size 0x8
15235000: system.memobj: id 94061721087664
15235000: system.memobj: data_hex : CA08488B074885C0 
15235000: system.memobj: data : 1100101000001000010010001000101100000111010010001000010111000000 
15235000: system.memobj: fix data : 1100101000001000010010001000101100000111010010001000010111000000 
15235000: system.memobj: -------------------------------------
15284000: system.memobj: mem->cpu Got response for addr 0x15b90 , 88976
15284000: system.memobj: size 0x8
15284000: system.memobj: id 94061721087376
15284000: system.memobj: data_hex : CA08488B074885C0 
15284000: system.memobj: data : 1100101000001000010010001000101100000111010010001000010111000000 
15284000: system.memobj: fix data : 1100101000001000010010001000101100000111010010001000010111000000 
15284000: system.memobj: -------------------------------------
15361000: system.memobj: mem->cpu Got response for addr 0x94ed0 , 610000
15361000: system.memobj: size 0x8
15361000: system.memobj: id 94061721087664
15361000: system.memobj: data_hex : 1700000000000000 
15361000: system.memobj: data : 0001011100000000000000000000000000000000000000000000000000000000 
15361000: system.memobj: fix data : 0001011100000000000000000000000000000000000000000000000000000000 
15361000: system.memobj: -------------------------------------
15438000: system.memobj: mem->cpu Got response for addr 0x15b90 , 88976
15438000: system.memobj: size 0x8
15438000: system.memobj: id 94061721087664
15438000: system.memobj: data_hex : CA08488B074885C0 
15438000: system.memobj: data : 1100101000001000010010001000101100000111010010001000010111000000 
15438000: system.memobj: fix data : 1100101000001000010010001000101100000111010010001000010111000000 
15438000: system.memobj: -------------------------------------
15487000: system.memobj: mem->cpu Got response for addr 0x15b98 , 88984
15487000: system.memobj: size 0x8
15487000: system.memobj: id 94061721087376
15487000: system.memobj: data_hex : 0F8572FFFFFFEBAC 
15487000: system.memobj: data : 0000111110000101011100101111111111111111111111111110101110101100 
15487000: system.memobj: fix data : 0000111110000101011100101111111111111111111111111110101110101100 
15487000: system.memobj: -------------------------------------
15536000: system.memobj: mem->cpu Got response for addr 0x15b10 , 88848
15536000: system.memobj: size 0x8
15536000: system.memobj: id 94061721087664
15536000: system.memobj: data_hex : 4883E8034883F814 
15536000: system.memobj: data : 0100100010000011111010000000001101001000100000111111100000010100 
15536000: system.memobj: fix data : 0100100010000011111010000000001101001000100000111111100000010100 
15536000: system.memobj: -------------------------------------
15585000: system.memobj: mem->cpu Got response for addr 0x15b10 , 88848
15585000: system.memobj: size 0x8
15585000: system.memobj: id 94061721087376
15585000: system.memobj: data_hex : 4883E8034883F814 
15585000: system.memobj: data : 0100100010000011111010000000001101001000100000111111100000010100 
15585000: system.memobj: fix data : 0100100010000011111010000000001101001000100000111111100000010100 
15585000: system.memobj: -------------------------------------
15909000: system.memobj: mem->cpu Got response for addr 0x15b18 , 88856
15909000: system.memobj: size 0x8
15909000: system.memobj: id 94061721087664
15909000: system.memobj: data_hex : 7726FF24C580EB45 
15909000: system.memobj: data : 0111011100100110111111110010010011000101100000001110101101000101 
15909000: system.memobj: fix data : 0111011100100110111111110010010011000101100000001110101101000101 
15909000: system.memobj: -------------------------------------
15958000: system.memobj: mem->cpu Got response for addr 0x15b18 , 88856
15958000: system.memobj: size 0x8
15958000: system.memobj: id 94061721087376
15958000: system.memobj: data_hex : 7726FF24C580EB45 
15958000: system.memobj: data : 0111011100100110111111110010010011000101100000001110101101000101 
15958000: system.memobj: fix data : 0111011100100110111111110010010011000101100000001110101101000101 
15958000: system.memobj: -------------------------------------
16007000: system.memobj: mem->cpu Got response for addr 0x15b20 , 88864
16007000: system.memobj: size 0x8
16007000: system.memobj: id 94061721087664
16007000: system.memobj: data_hex : 00488B4708BAFFFF 
16007000: system.memobj: data : 0000000001001000100010110100011100001000101110101111111111111111 
16007000: system.memobj: fix data : 0000000001001000100010110100011100001000101110101111111111111111 
16007000: system.memobj: -------------------------------------
16070000: system.memobj: mem->cpu Got response for addr 0x5ec20 , 388128
16070000: system.memobj: size 0x8
16070000: system.memobj: id 94061721087376
16070000: system.memobj: data_hex : 215B410000000000 
16070000: system.memobj: data : 0010000101011011010000010000000000000000000000000000000000000000 
16070000: system.memobj: fix data : 0010000101011011010000010000000000000000000000000000000000000000 
16070000: system.memobj: -------------------------------------
16119000: system.memobj: mem->cpu Got response for addr 0x15b20 , 88864
16119000: system.memobj: size 0x8
16119000: system.memobj: id 94061721087376
16119000: system.memobj: data_hex : 00488B4708BAFFFF 
16119000: system.memobj: data : 0000000001001000100010110100011100001000101110101111111111111111 
16119000: system.memobj: fix data : 0000000001001000100010110100011100001000101110101111111111111111 
16119000: system.memobj: -------------------------------------
16196000: system.memobj: mem->cpu Got response for addr 0x94ed8 , 610008
16196000: system.memobj: size 0x8
16196000: system.memobj: id 94061721087664
16196000: system.memobj: data_hex : 0000000000000000 
16196000: system.memobj: data : 0000000000000000000000000000000000000000000000000000000000000000 
16196000: system.memobj: fix data : 0000000000000000000000000000000000000000000000000000000000000000 
16196000: system.memobj: -------------------------------------
16273000: system.memobj: mem->cpu Got response for addr 0x15b20 , 88864
16273000: system.memobj: size 0x8
16273000: system.memobj: id 94061721087664
16273000: system.memobj: data_hex : 00488B4708BAFFFF 
16273000: system.memobj: data : 0000000001001000100010110100011100001000101110101111111111111111 
16273000: system.memobj: fix data : 0000000001001000100010110100011100001000101110101111111111111111 
16273000: system.memobj: -------------------------------------
16322000: system.memobj: mem->cpu Got response for addr 0x15b28 , 88872
16322000: system.memobj: size 0x8
16322000: system.memobj: id 94061721087376
16322000: system.memobj: data_hex : FFFFC7055CDA1700 
16322000: system.memobj: data : 1111111111111111110001110000010101011100110110100001011100000000 
16322000: system.memobj: fix data : 1111111111111111110001110000010101011100110110100001011100000000 
16322000: system.memobj: -------------------------------------
16371000: system.memobj: mem->cpu Got response for addr 0x15b28 , 88872
16371000: system.memobj: size 0x8
16371000: system.memobj: id 94061721087664
16371000: system.memobj: data_hex : FFFFC7055CDA1700 
16371000: system.memobj: data : 1111111111111111110001110000010101011100110110100001011100000000 
16371000: system.memobj: fix data : 1111111111111111110001110000010101011100110110100001011100000000 
16371000: system.memobj: -------------------------------------
16420000: system.memobj: mem->cpu Got response for addr 0x15b30 , 88880
16420000: system.memobj: size 0x8
16420000: system.memobj: id 94061721087376
16420000: system.memobj: data_hex : 010000008905C69E 
16420000: system.memobj: data : 0000000100000000000000000000000010001001000001011100011010011110 
16420000: system.memobj: fix data : 0000000100000000000000000000000010001001000001011100011010011110 
16420000: system.memobj: -------------------------------------
16420000: system.memobj: cpu->mem Got request for addr 0x93590 , 603536
16420000: system.memobj: size 0x4
16420000: system.memobj: id 94061721087952
16420000: system.memobj: data_hex : 01000000 
16420000: system.memobj: data : 00000001000000000000000000000000 
16420000: system.memobj: hamming code addr: 603536 
16420000: system.memobj: hamming code : 12 
16420000: system.memobj: hamming code addr: 603544 
16420000: system.memobj: hamming code : 0 
16420000: system.memobj: hamming code addr: 603552 
16420000: system.memobj: hamming code : 0 
16420000: system.memobj: hamming code addr: 603560 
16420000: system.memobj: hamming code : 0 
16420000: system.memobj: Enter Error Bit index: 1 
16420000: system.memobj: flip data : 10000001000000000000000000000000 
16420000: system.memobj: -------------------------------------
16490000: system.memobj: mem->cpu Got response for addr 0x15b30 , 88880
16490000: system.memobj: size 0x8
16490000: system.memobj: id 94061721087952
16490000: system.memobj: data_hex : 010000008905C69E 
16490000: system.memobj: data : 0000000100000000000000000000000010001001000001011100011010011110 
16490000: system.memobj: fix data : 0000000100000000000000000000000010001001000001011100011010011110 
16490000: system.memobj: -------------------------------------
16539000: system.memobj: mem->cpu Got response for addr 0x15b38 , 88888
16539000: system.memobj: size 0x8
16539000: system.memobj: id 94061721087376
16539000: system.memobj: data_hex : 1600666690666690 
16539000: system.memobj: data : 0001011000000000011001100110011010010000011001100110011010010000 
16539000: system.memobj: fix data : 0001011000000000011001100110011010010000011001100110011010010000 
16539000: system.memobj: -------------------------------------
16539000: system.memobj: cpu->mem Got request for addr 0x7fa00 , 522752
16539000: system.memobj: size 0x4
16539000: system.memobj: id 94061721088240
16539000: system.memobj: data_hex : 00000000 
16539000: system.memobj: data : 00000000000000000000000000000000 
16539000: system.memobj: hamming code addr: 522752 
16539000: system.memobj: hamming code : 0 
16539000: system.memobj: hamming code addr: 522760 
16539000: system.memobj: hamming code : 0 
16539000: system.memobj: hamming code addr: 522768 
16539000: system.memobj: hamming code : 0 
16539000: system.memobj: hamming code addr: 522776 
16539000: system.memobj: hamming code : 0 
16539000: system.memobj: Enter Error Bit index: 4 
16539000: system.memobj: flip data : 00010000000000000000000000000000 
16539000: system.memobj: -------------------------------------
16609000: system.memobj: mem->cpu Got response for addr 0x15b38 , 88888
16609000: system.memobj: size 0x8
16609000: system.memobj: id 94061721088240
16609000: system.memobj: data_hex : 1600666690666690 
16609000: system.memobj: data : 0001011000000000011001100110011010010000011001100110011010010000 
16609000: system.memobj: fix data : 0001011000000000011001100110011010010000011001100110011010010000 
16609000: system.memobj: -------------------------------------
16658000: system.memobj: mem->cpu Got response for addr 0x15b38 , 88888
16658000: system.memobj: size 0x8
16658000: system.memobj: id 94061721087376
16658000: system.memobj: data_hex : 1600666690666690 
16658000: system.memobj: data : 0001011000000000011001100110011010010000011001100110011010010000 
16658000: system.memobj: fix data : 0001011000000000011001100110011010010000011001100110011010010000 
16658000: system.memobj: -------------------------------------
16707000: system.memobj: mem->cpu Got response for addr 0x15b40 , 88896
16707000: system.memobj: size 0x8
16707000: system.memobj: id 94061721088240
16707000: system.memobj: data_hex : 4883C710488B0748 
16707000: system.memobj: data : 0100100010000011110001110001000001001000100010110000011101001000 
16707000: system.memobj: fix data : 0100100010000011110001110001000001001000100010110000011101001000 
16707000: system.memobj: -------------------------------------
16756000: system.memobj: mem->cpu Got response for addr 0x15b40 , 88896
16756000: system.memobj: size 0x8
16756000: system.memobj: id 94061721087376
16756000: system.memobj: data_hex : 4883C710488B0748 
16756000: system.memobj: data : 0100100010000011110001110001000001001000100010110000011101001000 
16756000: system.memobj: fix data : 0100100010000011110001110001000001001000100010110000011101001000 
16756000: system.memobj: -------------------------------------
16833000: system.memobj: mem->cpu Got response for addr 0x94ee0 , 610016
16833000: system.memobj: size 0x8
16833000: system.memobj: id 94061721088240
16833000: system.memobj: data_hex : 1900000000000000 
16833000: system.memobj: data : 0001100100000000000000000000000000000000000000000000000000000000 
16833000: system.memobj: fix data : 0001100100000000000000000000000000000000000000000000000000000000 
16833000: system.memobj: -------------------------------------
16910000: system.memobj: mem->cpu Got response for addr 0x15b40 , 88896
16910000: system.memobj: size 0x8
16910000: system.memobj: id 94061721088240
16910000: system.memobj: data_hex : 4883C710488B0748 
16910000: system.memobj: data : 0100100010000011110001110001000001001000100010110000011101001000 
16910000: system.memobj: fix data : 0100100010000011110001110001000001001000100010110000011101001000 
16910000: system.memobj: -------------------------------------
16959000: system.memobj: mem->cpu Got response for addr 0x15b48 , 88904
16959000: system.memobj: size 0x8
16959000: system.memobj: id 94061721087376
16959000: system.memobj: data_hex : 85C075C483FA0F0F 
16959000: system.memobj: data : 1000010111000000011101011100010010000011111110100000111100001111 
16959000: system.memobj: fix data : 1000010111000000011101011100010010000011111110100000111100001111 
16959000: system.memobj: -------------------------------------
17008000: system.memobj: mem->cpu Got response for addr 0x15b48 , 88904
17008000: system.memobj: size 0x8
17008000: system.memobj: id 94061721088240
17008000: system.memobj: data_hex : 85C075C483FA0F0F 
17008000: system.memobj: data : 1000010111000000011101011100010010000011111110100000111100001111 
17008000: system.memobj: fix data : 1000010111000000011101011100010010000011111110100000111100001111 
17008000: system.memobj: -------------------------------------
17057000: system.memobj: mem->cpu Got response for addr 0x15b10 , 88848
17057000: system.memobj: size 0x8
17057000: system.memobj: id 94061721087376
17057000: system.memobj: data_hex : 4883E8034883F814 
17057000: system.memobj: data : 0100100010000011111010000000001101001000100000111111100000010100 
17057000: system.memobj: fix data : 0100100010000011111010000000001101001000100000111111100000010100 
17057000: system.memobj: -------------------------------------
17106000: system.memobj: mem->cpu Got response for addr 0x15b10 , 88848
17106000: system.memobj: size 0x8
17106000: system.memobj: id 94061721088240
17106000: system.memobj: data_hex : 4883E8034883F814 
17106000: system.memobj: data : 0100100010000011111010000000001101001000100000111111100000010100 
17106000: system.memobj: fix data : 0100100010000011111010000000001101001000100000111111100000010100 
17106000: system.memobj: -------------------------------------
17155000: system.memobj: mem->cpu Got response for addr 0x15b18 , 88856
17155000: system.memobj: size 0x8
17155000: system.memobj: id 94061721087376
17155000: system.memobj: data_hex : 7726FF24C580EB45 
17155000: system.memobj: data : 0111011100100110111111110010010011000101100000001110101101000101 
17155000: system.memobj: fix data : 0111011100100110111111110010010011000101100000001110101101000101 
17155000: system.memobj: -------------------------------------
17204000: system.memobj: mem->cpu Got response for addr 0x15b40 , 88896
17204000: system.memobj: size 0x8
17204000: system.memobj: id 94061721088240
17204000: system.memobj: data_hex : 4883C710488B0748 
17204000: system.memobj: data : 0100100010000011110001110001000001001000100010110000011101001000 
17204000: system.memobj: fix data : 0100100010000011110001110001000001001000100010110000011101001000 
17204000: system.memobj: -------------------------------------
17253000: system.memobj: mem->cpu Got response for addr 0x15b40 , 88896
17253000: system.memobj: size 0x8
17253000: system.memobj: id 94061721087376
17253000: system.memobj: data_hex : 4883C710488B0748 
17253000: system.memobj: data : 0100100010000011110001110001000001001000100010110000011101001000 
17253000: system.memobj: fix data : 0100100010000011110001110001000001001000100010110000011101001000 
17253000: system.memobj: -------------------------------------
17330000: system.memobj: mem->cpu Got response for addr 0x94ef0 , 610032
17330000: system.memobj: size 0x8
17330000: system.memobj: id 94061721088240
17330000: system.memobj: data_hex : 1F00000000000000 
17330000: system.memobj: data : 0001111100000000000000000000000000000000000000000000000000000000 
17330000: system.memobj: fix data : 0001111100000000000000000000000000000000000000000000000000000000 
17330000: system.memobj: -------------------------------------
17407000: system.memobj: mem->cpu Got response for addr 0x15b40 , 88896
17407000: system.memobj: size 0x8
17407000: system.memobj: id 94061721088240
17407000: system.memobj: data_hex : 4883C710488B0748 
17407000: system.memobj: data : 0100100010000011110001110001000001001000100010110000011101001000 
17407000: system.memobj: fix data : 0100100010000011110001110001000001001000100010110000011101001000 
17407000: system.memobj: -------------------------------------
17456000: system.memobj: mem->cpu Got response for addr 0x15b48 , 88904
17456000: system.memobj: size 0x8
17456000: system.memobj: id 94061721087376
17456000: system.memobj: data_hex : 85C075C483FA0F0F 
17456000: system.memobj: data : 1000010111000000011101011100010010000011111110100000111100001111 
17456000: system.memobj: fix data : 1000010111000000011101011100010010000011111110100000111100001111 
17456000: system.memobj: -------------------------------------
17505000: system.memobj: mem->cpu Got response for addr 0x15b48 , 88904
17505000: system.memobj: size 0x8
17505000: system.memobj: id 94061721088240
17505000: system.memobj: data_hex : 85C075C483FA0F0F 
17505000: system.memobj: data : 1000010111000000011101011100010010000011111110100000111100001111 
17505000: system.memobj: fix data : 1000010111000000011101011100010010000011111110100000111100001111 
17505000: system.memobj: -------------------------------------
17554000: system.memobj: mem->cpu Got response for addr 0x15b10 , 88848
17554000: system.memobj: size 0x8
17554000: system.memobj: id 94061721087376
17554000: system.memobj: data_hex : 4883E8034883F814 
17554000: system.memobj: data : 0100100010000011111010000000001101001000100000111111100000010100 
17554000: system.memobj: fix data : 0100100010000011111010000000001101001000100000111111100000010100 
17554000: system.memobj: -------------------------------------
17603000: system.memobj: mem->cpu Got response for addr 0x15b10 , 88848
17603000: system.memobj: size 0x8
17603000: system.memobj: id 94061721088240
17603000: system.memobj: data_hex : 4883E8034883F814 
17603000: system.memobj: data : 0100100010000011111010000000001101001000100000111111100000010100 
17603000: system.memobj: fix data : 0100100010000011111010000000001101001000100000111111100000010100 
17603000: system.memobj: -------------------------------------
17652000: system.memobj: mem->cpu Got response for addr 0x15b18 , 88856
17652000: system.memobj: size 0x8
17652000: system.memobj: id 94061721087376
17652000: system.memobj: data_hex : 7726FF24C580EB45 
17652000: system.memobj: data : 0111011100100110111111110010010011000101100000001110101101000101 
17652000: system.memobj: fix data : 0111011100100110111111110010010011000101100000001110101101000101 
17652000: system.memobj: -------------------------------------
17701000: system.memobj: mem->cpu Got response for addr 0x15b40 , 88896
17701000: system.memobj: size 0x8
17701000: system.memobj: id 94061721088240
17701000: system.memobj: data_hex : 4883C710488B0748 
17701000: system.memobj: data : 0100100010000011110001110001000001001000100010110000011101001000 
17701000: system.memobj: fix data : 0100100010000011110001110001000001001000100010110000011101001000 
17701000: system.memobj: -------------------------------------
17750000: system.memobj: mem->cpu Got response for addr 0x15b40 , 88896
17750000: system.memobj: size 0x8
17750000: system.memobj: id 94061721087376
17750000: system.memobj: data_hex : 4883C710488B0748 
17750000: system.memobj: data : 0100100010000011110001110001000001001000100010110000011101001000 
17750000: system.memobj: fix data : 0100100010000011110001110001000001001000100010110000011101001000 
17750000: system.memobj: -------------------------------------
17827000: system.memobj: mem->cpu Got response for addr 0x94f00 , 610048
17827000: system.memobj: size 0x8
17827000: system.memobj: id 94061721088240
17827000: system.memobj: data_hex : 0F00000000000000 
17827000: system.memobj: data : 0000111100000000000000000000000000000000000000000000000000000000 
17827000: system.memobj: fix data : 0000111100000000000000000000000000000000000000000000000000000000 
17827000: system.memobj: -------------------------------------
17904000: system.memobj: mem->cpu Got response for addr 0x15b40 , 88896
17904000: system.memobj: size 0x8
17904000: system.memobj: id 94061721088240
17904000: system.memobj: data_hex : 4883C710488B0748 
17904000: system.memobj: data : 0100100010000011110001110001000001001000100010110000011101001000 
17904000: system.memobj: fix data : 0100100010000011110001110001000001001000100010110000011101001000 
17904000: system.memobj: -------------------------------------
17953000: system.memobj: mem->cpu Got response for addr 0x15b48 , 88904
17953000: system.memobj: size 0x8
17953000: system.memobj: id 94061721087376
17953000: system.memobj: data_hex : 85C075C483FA0F0F 
17953000: system.memobj: data : 1000010111000000011101011100010010000011111110100000111100001111 
17953000: system.memobj: fix data : 1000010111000000011101011100010010000011111110100000111100001111 
17953000: system.memobj: -------------------------------------
18002000: system.memobj: mem->cpu Got response for addr 0x15b48 , 88904
18002000: system.memobj: size 0x8
18002000: system.memobj: id 94061721088240
18002000: system.memobj: data_hex : 85C075C483FA0F0F 
18002000: system.memobj: data : 1000010111000000011101011100010010000011111110100000111100001111 
18002000: system.memobj: fix data : 1000010111000000011101011100010010000011111110100000111100001111 
18002000: system.memobj: -------------------------------------
18051000: system.memobj: mem->cpu Got response for addr 0x15b10 , 88848
18051000: system.memobj: size 0x8
18051000: system.memobj: id 94061721087376
18051000: system.memobj: data_hex : 4883E8034883F814 
18051000: system.memobj: data : 0100100010000011111010000000001101001000100000111111100000010100 
18051000: system.memobj: fix data : 0100100010000011111010000000001101001000100000111111100000010100 
18051000: system.memobj: -------------------------------------
18100000: system.memobj: mem->cpu Got response for addr 0x15b10 , 88848
18100000: system.memobj: size 0x8
18100000: system.memobj: id 94061721088240
18100000: system.memobj: data_hex : 4883E8034883F814 
18100000: system.memobj: data : 0100100010000011111010000000001101001000100000111111100000010100 
18100000: system.memobj: fix data : 0100100010000011111010000000001101001000100000111111100000010100 
18100000: system.memobj: -------------------------------------
18149000: system.memobj: mem->cpu Got response for addr 0x15b18 , 88856
18149000: system.memobj: size 0x8
18149000: system.memobj: id 94061721087376
18149000: system.memobj: data_hex : 7726FF24C580EB45 
18149000: system.memobj: data : 0111011100100110111111110010010011000101100000001110101101000101 
18149000: system.memobj: fix data : 0111011100100110111111110010010011000101100000001110101101000101 
18149000: system.memobj: -------------------------------------
18198000: system.memobj: mem->cpu Got response for addr 0x15b18 , 88856
18198000: system.memobj: size 0x8
18198000: system.memobj: id 94061721088240
18198000: system.memobj: data_hex : 7726FF24C580EB45 
18198000: system.memobj: data : 0111011100100110111111110010010011000101100000001110101101000101 
18198000: system.memobj: fix data : 0111011100100110111111110010010011000101100000001110101101000101 
18198000: system.memobj: -------------------------------------
18247000: system.memobj: mem->cpu Got response for addr 0x15b20 , 88864
18247000: system.memobj: size 0x8
18247000: system.memobj: id 94061721087376
18247000: system.memobj: data_hex : 00488B4708BAFFFF 
18247000: system.memobj: data : 0000000001001000100010110100011100001000101110101111111111111111 
18247000: system.memobj: fix data : 0000000001001000100010110100011100001000101110101111111111111111 
18247000: system.memobj: -------------------------------------
18296000: system.memobj: mem->cpu Got response for addr 0x5ebe0 , 388064
18296000: system.memobj: size 0x8
18296000: system.memobj: id 94061721088240
18296000: system.memobj: data_hex : 405B410000000000 
18296000: system.memobj: data : 0100000001011011010000010000000000000000000000000000000000000000 
18296000: system.memobj: fix data : 0100000001011011010000010000000000000000000000000000000000000000 
18296000: system.memobj: -------------------------------------
18345000: system.memobj: mem->cpu Got response for addr 0x15b40 , 88896
18345000: system.memobj: size 0x8
18345000: system.memobj: id 94061721088240
18345000: system.memobj: data_hex : 4883C710488B0748 
18345000: system.memobj: data : 0100100010000011110001110001000001001000100010110000011101001000 
18345000: system.memobj: fix data : 0100100010000011110001110001000001001000100010110000011101001000 
18345000: system.memobj: -------------------------------------
18394000: system.memobj: mem->cpu Got response for addr 0x15b40 , 88896
18394000: system.memobj: size 0x8
18394000: system.memobj: id 94061721087376
18394000: system.memobj: data_hex : 4883C710488B0748 
18394000: system.memobj: data : 0100100010000011110001110001000001001000100010110000011101001000 
18394000: system.memobj: fix data : 0100100010000011110001110001000001001000100010110000011101001000 
18394000: system.memobj: -------------------------------------
18471000: system.memobj: mem->cpu Got response for addr 0x94f10 , 610064
18471000: system.memobj: size 0x8
18471000: system.memobj: id 94061721088240
18471000: system.memobj: data_hex : 0000000000000000 
18471000: system.memobj: data : 0000000000000000000000000000000000000000000000000000000000000000 
18471000: system.memobj: fix data : 0000000000000000000000000000000000000000000000000000000000000000 
18471000: system.memobj: -------------------------------------
18548000: system.memobj: mem->cpu Got response for addr 0x15b40 , 88896
18548000: system.memobj: size 0x8
18548000: system.memobj: id 94061721088240
18548000: system.memobj: data_hex : 4883C710488B0748 
18548000: system.memobj: data : 0100100010000011110001110001000001001000100010110000011101001000 
18548000: system.memobj: fix data : 0100100010000011110001110001000001001000100010110000011101001000 
18548000: system.memobj: -------------------------------------
18597000: system.memobj: mem->cpu Got response for addr 0x15b48 , 88904
18597000: system.memobj: size 0x8
18597000: system.memobj: id 94061721087376
18597000: system.memobj: data_hex : 85C075C483FA0F0F 
18597000: system.memobj: data : 1000010111000000011101011100010010000011111110100000111100001111 
18597000: system.memobj: fix data : 1000010111000000011101011100010010000011111110100000111100001111 
18597000: system.memobj: -------------------------------------
18646000: system.memobj: mem->cpu Got response for addr 0x15b48 , 88904
18646000: system.memobj: size 0x8
18646000: system.memobj: id 94061721088240
18646000: system.memobj: data_hex : 85C075C483FA0F0F 
18646000: system.memobj: data : 1000010111000000011101011100010010000011111110100000111100001111 
18646000: system.memobj: fix data : 1000010111000000011101011100010010000011111110100000111100001111 
18646000: system.memobj: -------------------------------------
18695000: system.memobj: mem->cpu Got response for addr 0x15b48 , 88904
18695000: system.memobj: size 0x8
18695000: system.memobj: id 94061721087376
18695000: system.memobj: data_hex : 85C075C483FA0F0F 
18695000: system.memobj: data : 1000010111000000011101011100010010000011111110100000111100001111 
18695000: system.memobj: fix data : 1000010111000000011101011100010010000011111110100000111100001111 
18695000: system.memobj: -------------------------------------
18744000: system.memobj: mem->cpu Got response for addr 0x15b48 , 88904
18744000: system.memobj: size 0x8
18744000: system.memobj: id 94061721088240
18744000: system.memobj: data_hex : 85C075C483FA0F0F 
18744000: system.memobj: data : 1000010111000000011101011100010010000011111110100000111100001111 
18744000: system.memobj: fix data : 1000010111000000011101011100010010000011111110100000111100001111 
18744000: system.memobj: -------------------------------------
18793000: system.memobj: mem->cpu Got response for addr 0x15b50 , 88912
18793000: system.memobj: size 0x8
18793000: system.memobj: id 94061721087376
18793000: system.memobj: data_hex : 84F9000000F3C348 
18793000: system.memobj: data : 1000010011111001000000000000000000000000111100111100001101001000 
18793000: system.memobj: fix data : 1000010011111001000000000000000000000000111100111100001101001000 
18793000: system.memobj: -------------------------------------
18842000: system.memobj: mem->cpu Got response for addr 0x15b50 , 88912
18842000: system.memobj: size 0x8
18842000: system.memobj: id 94061721088240
18842000: system.memobj: data_hex : 84F9000000F3C348 
18842000: system.memobj: data : 1000010011111001000000000000000000000000111100111100001101001000 
18842000: system.memobj: fix data : 1000010011111001000000000000000000000000111100111100001101001000 
18842000: system.memobj: -------------------------------------
18919000: system.memobj: mem->cpu Got response for addr 0x94b88 , 609160
18919000: system.memobj: size 0x8
18919000: system.memobj: id 94061721088528
18919000: system.memobj: data_hex : 839A400000000000 
18919000: system.memobj: data : 1000001110011010010000000000000000000000000000000000000000000000 
18919000: system.memobj: hamming code addr: 609160 
18919000: system.memobj: hamming code out: 15 
18919000: system.memobj: find Error Bit index : 7 
18919000: system.memobj: hamming code addr: 609168 
18919000: system.memobj: hamming code out: 6 
18919000: system.memobj: hamming code addr: 609176 
18919000: system.memobj: hamming code out: 5 
18919000: system.memobj: hamming code addr: 609184 
18919000: system.memobj: hamming code out: 0 
18919000: system.memobj: hamming code addr: 609192 
18919000: system.memobj: hamming code out: 0 
18919000: system.memobj: hamming code addr: 609200 
18919000: system.memobj: hamming code out: 0 
18919000: system.memobj: hamming code addr: 609208 
18919000: system.memobj: hamming code out: 0 
18919000: system.memobj: hamming code addr: 609216 
18919000: system.memobj: hamming code out: 0 
18919000: system.memobj: fix data : 1000000110011010010000000000000000000000000000000000000000000000 
18919000: system.memobj: -------------------------------------
18982000: system.memobj: mem->cpu Got response for addr 0x9a80 , 39552
18982000: system.memobj: size 0x8
18982000: system.memobj: id 94061721088528
18982000: system.memobj: data_hex : 00448B15286D1700 
18982000: system.memobj: data : 0000000001000100100010110001010100101000011011010001011100000000 
18982000: system.memobj: fix data : 0000000001000100100010110001010100101000011011010001011100000000 
18982000: system.memobj: -------------------------------------
19002000: system.memobj: mem->cpu Got response for addr 0x807b0 , 526256
19002000: system.memobj: size 0x4
19002000: system.memobj: id 94061721088816
19002000: system.memobj: data_hex : 20000000 
19002000: system.memobj: data : 00100000000000000000000000000000 
19002000: system.memobj: hamming code addr: 526256 
19002000: system.memobj: hamming code out: 0 
19002000: system.memobj: find Error Bit index : 3 
19002000: system.memobj: hamming code addr: 526264 
19002000: system.memobj: hamming code out: 0 
19002000: system.memobj: hamming code addr: 526272 
19002000: system.memobj: hamming code out: 0 
19002000: system.memobj: hamming code addr: 526280 
19002000: system.memobj: hamming code out: 0 
19002000: system.memobj: fix data : 00000000000000000000000000000000 
19002000: system.memobj: -------------------------------------
19051000: system.memobj: mem->cpu Got response for addr 0x9a88 , 39560
19051000: system.memobj: size 0x8
19051000: system.memobj: id 94061721088816
19051000: system.memobj: data_hex : 4585D20F85A40000 
19051000: system.memobj: data : 0100010110000101110100100000111110000101101001000000000000000000 
19051000: system.memobj: fix data : 0100010110000101110100100000111110000101101001000000000000000000 
19051000: system.memobj: -------------------------------------
19100000: system.memobj: mem->cpu Got response for addr 0x9a88 , 39560
19100000: system.memobj: size 0x8
19100000: system.memobj: id 94061721088528
19100000: system.memobj: data_hex : 4585D20F85A40000 
19100000: system.memobj: data : 0100010110000101110100100000111110000101101001000000000000000000 
19100000: system.memobj: fix data : 0100010110000101110100100000111110000101101001000000000000000000 
19100000: system.memobj: -------------------------------------
19149000: system.memobj: mem->cpu Got response for addr 0x9a90 , 39568
19149000: system.memobj: size 0x8
19149000: system.memobj: id 94061721088816
19149000: system.memobj: data_hex : 00488D5C24204C8D 
19149000: system.memobj: data : 0000000001001000100011010101110000100100001000000100110010001101 
19149000: system.memobj: fix data : 0000000001001000100011010101110000100100001000000100110010001101 
19149000: system.memobj: -------------------------------------
19198000: system.memobj: mem->cpu Got response for addr 0x9a90 , 39568
19198000: system.memobj: size 0x8
19198000: system.memobj: id 94061721088528
19198000: system.memobj: data_hex : 00488D5C24204C8D 
19198000: system.memobj: data : 0000000001001000100011010101110000100100001000000100110010001101 
19198000: system.memobj: fix data : 0000000001001000100011010101110000100100001000000100110010001101 
19198000: system.memobj: -------------------------------------
19247000: system.memobj: mem->cpu Got response for addr 0x9a90 , 39568
19247000: system.memobj: size 0x8
19247000: system.memobj: id 94061721089104
19247000: system.memobj: data_hex : 00488D5C24204C8D 
19247000: system.memobj: data : 0000000001001000100011010101110000100100001000000100110010001101 
19247000: system.memobj: fix data : 0000000001001000100011010101110000100100001000000100110010001101 
19247000: system.memobj: -------------------------------------
19296000: system.memobj: mem->cpu Got response for addr 0x9a98 , 39576
19296000: system.memobj: size 0x8
19296000: system.memobj: id 94061721088528
19296000: system.memobj: data_hex : A424B00100004889 
19296000: system.memobj: data : 1010010000100100101100000000000100000000000000000100100010001001 
19296000: system.memobj: fix data : 1010010000100100101100000000000100000000000000000100100010001001 
19296000: system.memobj: -------------------------------------
19345000: system.memobj: mem->cpu Got response for addr 0x9a98 , 39576
19345000: system.memobj: size 0x8
19345000: system.memobj: id 94061721089392
19345000: system.memobj: data_hex : A424B00100004889 
19345000: system.memobj: data : 1010010000100100101100000000000100000000000000000100100010001001 
19345000: system.memobj: fix data : 1010010000100100101100000000000100000000000000000100100010001001 
19345000: system.memobj: -------------------------------------
19394000: system.memobj: mem->cpu Got response for addr 0x9aa0 , 39584
19394000: system.memobj: size 0x8
19394000: system.memobj: id 94061721088528
19394000: system.memobj: data_hex : DFE8EA97000085C0 
19394000: system.memobj: data : 1101111111101000111010101001011100000000000000001000010111000000 
19394000: system.memobj: fix data : 1101111111101000111010101001011100000000000000001000010111000000 
19394000: system.memobj: -------------------------------------
19443000: system.memobj: mem->cpu Got response for addr 0x9aa0 , 39584
19443000: system.memobj: size 0x8
19443000: system.memobj: id 94061721089392
19443000: system.memobj: data_hex : DFE8EA97000085C0 
19443000: system.memobj: data : 1101111111101000111010101001011100000000000000001000010111000000 
19443000: system.memobj: fix data : 1101111111101000111010101001011100000000000000001000010111000000 
19443000: system.memobj: -------------------------------------
19443000: system.memobj: cpu->mem Got request for addr 0x94b88 , 609160
19443000: system.memobj: size 0x8
19443000: system.memobj: id 94061721089680
19443000: system.memobj: data_hex : A69A400000000000 
19443000: system.memobj: data : 1010011010011010010000000000000000000000000000000000000000000000 
19443000: system.memobj: hamming code addr: 609160 
19443000: system.memobj: hamming code : 4 
19443000: system.memobj: hamming code addr: 609168 
19443000: system.memobj: hamming code : 6 
19443000: system.memobj: hamming code addr: 609176 
19443000: system.memobj: hamming code : 5 
19443000: system.memobj: hamming code addr: 609184 
19443000: system.memobj: hamming code : 0 
19443000: system.memobj: hamming code addr: 609192 
19443000: system.memobj: hamming code : 0 
19443000: system.memobj: hamming code addr: 609200 
19443000: system.memobj: hamming code : 0 
19443000: system.memobj: hamming code addr: 609208 
19443000: system.memobj: hamming code : 0 
19443000: system.memobj: hamming code addr: 609216 
19443000: system.memobj: hamming code : 0 
19443000: system.memobj: Enter Error Bit index: 6 
19443000: system.memobj: flip data : 1010001010011010010000000000000000000000000000000000000000000000 
19443000: system.memobj: -------------------------------------
19527000: system.memobj: mem->cpu Got response for addr 0x13290 , 78480
19527000: system.memobj: size 0x8
19527000: system.memobj: id 94061721089680
19527000: system.memobj: data_hex : 48C7C03F0000000F 
19527000: system.memobj: data : 0100100011000111110000000011111100000000000000000000000000001111 
19527000: system.memobj: fix data : 0100100011000111110000000011111100000000000000000000000000001111 
19527000: system.memobj: -------------------------------------
19576000: system.memobj: mem->cpu Got response for addr 0x13290 , 78480
19576000: system.memobj: size 0x8
19576000: system.memobj: id 94061721089392
19576000: system.memobj: data_hex : 48C7C03F0000000F 
19576000: system.memobj: data : 0100100011000111110000000011111100000000000000000000000000001111 
19576000: system.memobj: fix data : 0100100011000111110000000011111100000000000000000000000000001111 
19576000: system.memobj: -------------------------------------
19625000: system.memobj: mem->cpu Got response for addr 0x13298 , 78488
19625000: system.memobj: size 0x8
19625000: system.memobj: id 94061721089680
19625000: system.memobj: data_hex : 05483D01F0FFFF0F 
19625000: system.memobj: data : 0000010101001000001111010000000111110000111111111111111100001111 
19625000: system.memobj: fix data : 0000010101001000001111010000000111110000111111111111111100001111 
19625000: system.memobj: -------------------------------------
19674000: system.memobj: mem->cpu Got response for addr 0x13298 , 78488
19674000: system.memobj: size 0x8
19674000: system.memobj: id 94061721089680
19674000: system.memobj: data_hex : 05483D01F0FFFF0F 
19674000: system.memobj: data : 0000010101001000001111010000000111110000111111111111111100001111 
19674000: system.memobj: fix data : 0000010101001000001111010000000111110000111111111111111100001111 
19674000: system.memobj: -------------------------------------
19723000: system.memobj: mem->cpu Got response for addr 0x13298 , 78488
19723000: system.memobj: size 0x8
19723000: system.memobj: id 94061721089392
19723000: system.memobj: data_hex : 05483D01F0FFFF0F 
19723000: system.memobj: data : 0000010101001000001111010000000111110000111111111111111100001111 
19723000: system.memobj: fix data : 0000010101001000001111010000000111110000111111111111111100001111 
19723000: system.memobj: -------------------------------------
19772000: system.memobj: mem->cpu Got response for addr 0x132a0 , 78496
19772000: system.memobj: size 0x8
19772000: system.memobj: id 94061721089680
19772000: system.memobj: data_hex : 83EB2F0000C39090 
19772000: system.memobj: data : 1000001111101011001011110000000000000000110000111001000010010000 
19772000: system.memobj: fix data : 1000001111101011001011110000000000000000110000111001000010010000 
19772000: system.memobj: -------------------------------------
19821000: system.memobj: mem->cpu Got response for addr 0x132a0 , 78496
19821000: system.memobj: size 0x8
19821000: system.memobj: id 94061721089392
19821000: system.memobj: data_hex : 83EB2F0000C39090 
19821000: system.memobj: data : 1000001111101011001011110000000000000000110000111001000010010000 
19821000: system.memobj: fix data : 1000001111101011001011110000000000000000110000111001000010010000 
19821000: system.memobj: -------------------------------------
19870000: system.memobj: mem->cpu Got response for addr 0x94b88 , 609160
19870000: system.memobj: size 0x8
19870000: system.memobj: id 94061721089968
19870000: system.memobj: data_hex : A29A400000000000 
19870000: system.memobj: data : 1010001010011010010000000000000000000000000000000000000000000000 
19870000: system.memobj: hamming code addr: 609160 
19870000: system.memobj: hamming code out: 4 
19870000: system.memobj: find Error Bit index : 6 
19870000: system.memobj: hamming code addr: 609168 
19870000: system.memobj: hamming code out: 6 
19870000: system.memobj: hamming code addr: 609176 
19870000: system.memobj: hamming code out: 5 
19870000: system.memobj: hamming code addr: 609184 
19870000: system.memobj: hamming code out: 0 
19870000: system.memobj: hamming code addr: 609192 
19870000: system.memobj: hamming code out: 0 
19870000: system.memobj: hamming code addr: 609200 
19870000: system.memobj: hamming code out: 0 
19870000: system.memobj: hamming code addr: 609208 
19870000: system.memobj: hamming code out: 0 
19870000: system.memobj: hamming code addr: 609216 
19870000: system.memobj: hamming code out: 0 
19870000: system.memobj: fix data : 1010011010011010010000000000000000000000000000000000000000000000 
19870000: system.memobj: -------------------------------------
19919000: system.memobj: mem->cpu Got response for addr 0x9aa0 , 39584
19919000: system.memobj: size 0x8
19919000: system.memobj: id 94061721089968
19919000: system.memobj: data_hex : DFE8EA97000085C0 
19919000: system.memobj: data : 1101111111101000111010101001011100000000000000001000010111000000 
19919000: system.memobj: fix data : 1101111111101000111010101001011100000000000000001000010111000000 
19919000: system.memobj: -------------------------------------
19968000: system.memobj: mem->cpu Got response for addr 0x9aa8 , 39592
19968000: system.memobj: size 0x8
19968000: system.memobj: id 94061721089392
19968000: system.memobj: data_hex : 0F85FF0000004C8D 
19968000: system.memobj: data : 0000111110000101111111110000000000000000000000000100110010001101 
19968000: system.memobj: fix data : 0000111110000101111111110000000000000000000000000100110010001101 
19968000: system.memobj: -------------------------------------
20017000: system.memobj: mem->cpu Got response for addr 0x9aa8 , 39592
20017000: system.memobj: size 0x8
20017000: system.memobj: id 94061721089968
20017000: system.memobj: data_hex : 0F85FF0000004C8D 
20017000: system.memobj: data : 0000111110000101111111110000000000000000000000000100110010001101 
20017000: system.memobj: fix data : 0000111110000101111111110000000000000000000000000100110010001101 
20017000: system.memobj: -------------------------------------
20066000: system.memobj: mem->cpu Got response for addr 0x9ab0 , 39600
20066000: system.memobj: size 0x8
20066000: system.memobj: id 94061721089392
20066000: system.memobj: data_hex : A382000000410FB6 
20066000: system.memobj: data : 1010001110000010000000000000000000000000010000010000111110110110 
20066000: system.memobj: fix data : 1010001110000010000000000000000000000000010000010000111110110110 
20066000: system.memobj: -------------------------------------
20115000: system.memobj: mem->cpu Got response for addr 0x9ab0 , 39600
20115000: system.memobj: size 0x8
20115000: system.memobj: id 94061721090256
20115000: system.memobj: data_hex : A382000000410FB6 
20115000: system.memobj: data : 1010001110000010000000000000000000000000010000010000111110110110 
20115000: system.memobj: fix data : 1010001110000010000000000000000000000000010000010000111110110110 
20115000: system.memobj: -------------------------------------
20164000: system.memobj: mem->cpu Got response for addr 0x9ab8 , 39608
20164000: system.memobj: size 0x8
20164000: system.memobj: id 94061721089392
20164000: system.memobj: data_hex : 142431FF4531C04C 
20164000: system.memobj: data : 0001010000100100001100011111111101000101001100011100000001001100 
20164000: system.memobj: fix data : 0001010000100100001100011111111101000101001100011100000001001100 
20164000: system.memobj: -------------------------------------
20213000: system.memobj: mem->cpu Got response for addr 0x94c32 , 609330
20213000: system.memobj: size 0x1
20213000: system.memobj: id 94061721090544
20213000: system.memobj: data_hex : 35 
20213000: system.memobj: data : 00110101 
20213000: system.memobj: fix data : 00110101 
20213000: system.memobj: -------------------------------------
20276000: system.memobj: mem->cpu Got response for addr 0x9ab8 , 39608
20276000: system.memobj: size 0x8
20276000: system.memobj: id 94061721090544
20276000: system.memobj: data_hex : 142431FF4531C04C 
20276000: system.memobj: data : 0001010000100100001100011111111101000101001100011100000001001100 
20276000: system.memobj: fix data : 0001010000100100001100011111111101000101001100011100000001001100 
20276000: system.memobj: -------------------------------------
20325000: system.memobj: mem->cpu Got response for addr 0x9ab8 , 39608
20325000: system.memobj: size 0x8
20325000: system.memobj: id 94061721089392
20325000: system.memobj: data_hex : 142431FF4531C04C 
20325000: system.memobj: data : 0001010000100100001100011111111101000101001100011100000001001100 
20325000: system.memobj: fix data : 0001010000100100001100011111111101000101001100011100000001001100 
20325000: system.memobj: -------------------------------------
20374000: system.memobj: mem->cpu Got response for addr 0x9ab8 , 39608
20374000: system.memobj: size 0x8
20374000: system.memobj: id 94061721090544
20374000: system.memobj: data_hex : 142431FF4531C04C 
20374000: system.memobj: data : 0001010000100100001100011111111101000101001100011100000001001100 
20374000: system.memobj: fix data : 0001010000100100001100011111111101000101001100011100000001001100 
20374000: system.memobj: -------------------------------------
20423000: system.memobj: mem->cpu Got response for addr 0x9ac0 , 39616
20423000: system.memobj: size 0x8
20423000: system.memobj: id 94061721089392
20423000: system.memobj: data_hex : 89E68D42D03C0977 
20423000: system.memobj: data : 1000100111100110100011010100001011010000001111000000100101110111 
20423000: system.memobj: fix data : 1000100111100110100011010100001011010000001111000000100101110111 
20423000: system.memobj: -------------------------------------
20472000: system.memobj: mem->cpu Got response for addr 0x9ac0 , 39616
20472000: system.memobj: size 0x8
20472000: system.memobj: id 94061721090544
20472000: system.memobj: data_hex : 89E68D42D03C0977 
20472000: system.memobj: data : 1000100111100110100011010100001011010000001111000000100101110111 
20472000: system.memobj: fix data : 1000100111100110100011010100001011010000001111000000100101110111 
20472000: system.memobj: -------------------------------------
20521000: system.memobj: mem->cpu Got response for addr 0x9ac0 , 39616
20521000: system.memobj: size 0x8
20521000: system.memobj: id 94061721090832
20521000: system.memobj: data_hex : 89E68D42D03C0977 
20521000: system.memobj: data : 1000100111100110100011010100001011010000001111000000100101110111 
20521000: system.memobj: fix data : 1000100111100110100011010100001011010000001111000000100101110111 
20521000: system.memobj: -------------------------------------
20570000: system.memobj: mem->cpu Got response for addr 0x9ac0 , 39616
20570000: system.memobj: size 0x8
20570000: system.memobj: id 94061721090544
20570000: system.memobj: data_hex : 89E68D42D03C0977 
20570000: system.memobj: data : 1000100111100110100011010100001011010000001111000000100101110111 
20570000: system.memobj: fix data : 1000100111100110100011010100001011010000001111000000100101110111 
20570000: system.memobj: -------------------------------------
20619000: system.memobj: mem->cpu Got response for addr 0x9ac8 , 39624
20619000: system.memobj: size 0x8
20619000: system.memobj: id 94061721090832
20619000: system.memobj: data_hex : 4D66666690666690 
20619000: system.memobj: data : 0100110101100110011001100110011010010000011001100110011010010000 
20619000: system.memobj: fix data : 0100110101100110011001100110011010010000011001100110011010010000 
20619000: system.memobj: -------------------------------------
20668000: system.memobj: mem->cpu Got response for addr 0x9ac8 , 39624
20668000: system.memobj: size 0x8
20668000: system.memobj: id 94061721090544
20668000: system.memobj: data_hex : 4D66666690666690 
20668000: system.memobj: data : 0100110101100110011001100110011010010000011001100110011010010000 
20668000: system.memobj: fix data : 0100110101100110011001100110011010010000011001100110011010010000 
20668000: system.memobj: -------------------------------------
20717000: system.memobj: mem->cpu Got response for addr 0x9ac8 , 39624
20717000: system.memobj: size 0x8
20717000: system.memobj: id 94061721090832
20717000: system.memobj: data_hex : 4D66666690666690 
20717000: system.memobj: data : 0100110101100110011001100110011010010000011001100110011010010000 
20717000: system.memobj: fix data : 0100110101100110011001100110011010010000011001100110011010010000 
20717000: system.memobj: -------------------------------------
20766000: system.memobj: mem->cpu Got response for addr 0x9ad0 , 39632
20766000: system.memobj: size 0x8
20766000: system.memobj: id 94061721090544
20766000: system.memobj: data_hex : 0FBEC28D48D0EB11 
20766000: system.memobj: data : 0000111110111110110000101000110101001000110100001110101100010001 
20766000: system.memobj: fix data : 0000111110111110110000101000110101001000110100001110101100010001 
20766000: system.memobj: -------------------------------------
20815000: system.memobj: mem->cpu Got response for addr 0x9ad0 , 39632
20815000: system.memobj: size 0x8
20815000: system.memobj: id 94061721090832
20815000: system.memobj: data_hex : 0FBEC28D48D0EB11 
20815000: system.memobj: data : 0000111110111110110000101000110101001000110100001110101100010001 
20815000: system.memobj: fix data : 0000111110111110110000101000110101001000110100001110101100010001 
20815000: system.memobj: -------------------------------------
20864000: system.memobj: mem->cpu Got response for addr 0x9ad0 , 39632
20864000: system.memobj: size 0x8
20864000: system.memobj: id 94061721091120
20864000: system.memobj: data_hex : 0FBEC28D48D0EB11 
20864000: system.memobj: data : 0000111110111110110000101000110101001000110100001110101100010001 
20864000: system.memobj: fix data : 0000111110111110110000101000110101001000110100001110101100010001 
20864000: system.memobj: -------------------------------------
20913000: system.memobj: mem->cpu Got response for addr 0x9ae8 , 39656
20913000: system.memobj: size 0x8
20913000: system.memobj: id 94061721090832
20913000: system.memobj: data_hex : D048FFC60FB6168D 
20913000: system.memobj: data : 1101000001001000111111111100011000001111101101100001011010001101 
20913000: system.memobj: fix data : 1101000001001000111111111100011000001111101101100001011010001101 
20913000: system.memobj: -------------------------------------
20962000: system.memobj: mem->cpu Got response for addr 0x9ae8 , 39656
20962000: system.memobj: size 0x8
20962000: system.memobj: id 94061721091120
20962000: system.memobj: data_hex : D048FFC60FB6168D 
20962000: system.memobj: data : 1101000001001000111111111100011000001111101101100001011010001101 
20962000: system.memobj: fix data : 1101000001001000111111111100011000001111101101100001011010001101 
20962000: system.memobj: -------------------------------------
21011000: system.memobj: mem->cpu Got response for addr 0x94c33 , 609331
21011000: system.memobj: size 0x1
21011000: system.memobj: id 94061721091408
21011000: system.memobj: data_hex : 2E 
21011000: system.memobj: data : 00101110 
21011000: system.memobj: fix data : 00101110 
21011000: system.memobj: -------------------------------------
21060000: system.memobj: mem->cpu Got response for addr 0x9ae8 , 39656
21060000: system.memobj: size 0x8
21060000: system.memobj: id 94061721091408
21060000: system.memobj: data_hex : D048FFC60FB6168D 
21060000: system.memobj: data : 1101000001001000111111111100011000001111101101100001011010001101 
21060000: system.memobj: fix data : 1101000001001000111111111100011000001111101101100001011010001101 
21060000: system.memobj: -------------------------------------
21123000: system.memobj: mem->cpu Got response for addr 0x9af0 , 39664
21123000: system.memobj: size 0x8
21123000: system.memobj: id 94061721091120
21123000: system.memobj: data_hex : 42D03C0976E2C1E7 
21123000: system.memobj: data : 0100001011010000001111000000100101110110111000101100000111100111 
21123000: system.memobj: fix data : 0100001011010000001111000000100101110110111000101100000111100111 
21123000: system.memobj: -------------------------------------
21172000: system.memobj: mem->cpu Got response for addr 0x9af0 , 39664
21172000: system.memobj: size 0x8
21172000: system.memobj: id 94061721091408
21172000: system.memobj: data_hex : 42D03C0976E2C1E7 
21172000: system.memobj: data : 0100001011010000001111000000100101110110111000101100000111100111 
21172000: system.memobj: fix data : 0100001011010000001111000000100101110110111000101100000111100111 
21172000: system.memobj: -------------------------------------
21221000: system.memobj: mem->cpu Got response for addr 0x9af0 , 39664
21221000: system.memobj: size 0x8
21221000: system.memobj: id 94061721091120
21221000: system.memobj: data_hex : 42D03C0976E2C1E7 
21221000: system.memobj: data : 0100001011010000001111000000100101110110111000101100000111100111 
21221000: system.memobj: fix data : 0100001011010000001111000000100101110110111000101100000111100111 
21221000: system.memobj: -------------------------------------
21270000: system.memobj: mem->cpu Got response for addr 0x9af0 , 39664
21270000: system.memobj: size 0x8
21270000: system.memobj: id 94061721091408
21270000: system.memobj: data_hex : 42D03C0976E2C1E7 
21270000: system.memobj: data : 0100001011010000001111000000100101110110111000101100000111100111 
21270000: system.memobj: fix data : 0100001011010000001111000000100101110110111000101100000111100111 
21270000: system.memobj: -------------------------------------
21319000: system.memobj: mem->cpu Got response for addr 0x9af8 , 39672
21319000: system.memobj: size 0x8
21319000: system.memobj: id 94061721091120
21319000: system.memobj: data_hex : 0841FFC048FFC609 
21319000: system.memobj: data : 0000100001000001111111111100000001001000111111111100011000001001 
21319000: system.memobj: fix data : 0000100001000001111111111100000001001000111111111100011000001001 
21319000: system.memobj: -------------------------------------
21368000: system.memobj: mem->cpu Got response for addr 0x9af8 , 39672
21368000: system.memobj: size 0x8
21368000: system.memobj: id 94061721091408
21368000: system.memobj: data_hex : 0841FFC048FFC609 
21368000: system.memobj: data : 0000100001000001111111111100000001001000111111111100011000001001 
21368000: system.memobj: fix data : 0000100001000001111111111100000001001000111111111100011000001001 
21368000: system.memobj: -------------------------------------
21417000: system.memobj: mem->cpu Got response for addr 0x9af8 , 39672
21417000: system.memobj: size 0x8
21417000: system.memobj: id 94061721091120
21417000: system.memobj: data_hex : 0841FFC048FFC609 
21417000: system.memobj: data : 0000100001000001111111111100000001001000111111111100011000001001 
21417000: system.memobj: fix data : 0000100001000001111111111100000001001000111111111100011000001001 
21417000: system.memobj: -------------------------------------
21466000: system.memobj: mem->cpu Got response for addr 0x9af8 , 39672
21466000: system.memobj: size 0x8
21466000: system.memobj: id 94061721091408
21466000: system.memobj: data_hex : 0841FFC048FFC609 
21466000: system.memobj: data : 0000100001000001111111111100000001001000111111111100011000001001 
21466000: system.memobj: fix data : 0000100001000001111111111100000001001000111111111100011000001001 
21466000: system.memobj: -------------------------------------
21515000: system.memobj: mem->cpu Got response for addr 0x9b00 , 39680
21515000: system.memobj: size 0x8
21515000: system.memobj: id 94061721091120
21515000: system.memobj: data_hex : CF80FA2E750A0FB6 
21515000: system.memobj: data : 1100111110000000111110100010111001110101000010100000111110110110 
21515000: system.memobj: fix data : 1100111110000000111110100010111001110101000010100000111110110110 
21515000: system.memobj: -------------------------------------
21564000: system.memobj: mem->cpu Got response for addr 0x9b00 , 39680
21564000: system.memobj: size 0x8
21564000: system.memobj: id 94061721091408
21564000: system.memobj: data_hex : CF80FA2E750A0FB6 
21564000: system.memobj: data : 1100111110000000111110100010111001110101000010100000111110110110 
21564000: system.memobj: fix data : 1100111110000000111110100010111001110101000010100000111110110110 
21564000: system.memobj: -------------------------------------
21613000: system.memobj: mem->cpu Got response for addr 0x9b00 , 39680
21613000: system.memobj: size 0x8
21613000: system.memobj: id 94061721091120
21613000: system.memobj: data_hex : CF80FA2E750A0FB6 
21613000: system.memobj: data : 1100111110000000111110100010111001110101000010100000111110110110 
21613000: system.memobj: fix data : 1100111110000000111110100010111001110101000010100000111110110110 
21613000: system.memobj: -------------------------------------
21662000: system.memobj: mem->cpu Got response for addr 0x9b00 , 39680
21662000: system.memobj: size 0x8
21662000: system.memobj: id 94061721091408
21662000: system.memobj: data_hex : CF80FA2E750A0FB6 
21662000: system.memobj: data : 1100111110000000111110100010111001110101000010100000111110110110 
21662000: system.memobj: fix data : 1100111110000000111110100010111001110101000010100000111110110110 
21662000: system.memobj: -------------------------------------
21711000: system.memobj: mem->cpu Got response for addr 0x9b08 , 39688
21711000: system.memobj: size 0x8
21711000: system.memobj: id 94061721091120
21711000: system.memobj: data_hex : 168D42D03C0976C0 
21711000: system.memobj: data : 0001011010001101010000101101000000111100000010010111011011000000 
21711000: system.memobj: fix data : 0001011010001101010000101101000000111100000010010111011011000000 
21711000: system.memobj: -------------------------------------
21760000: system.memobj: mem->cpu Got response for addr 0x94c34 , 609332
21760000: system.memobj: size 0x1
21760000: system.memobj: id 94061721091408
21760000: system.memobj: data_hex : 31 
21760000: system.memobj: data : 00110001 
21760000: system.memobj: fix data : 00110001 
21760000: system.memobj: -------------------------------------
21809000: system.memobj: mem->cpu Got response for addr 0x9b08 , 39688
21809000: system.memobj: size 0x8
21809000: system.memobj: id 94061721091408
21809000: system.memobj: data_hex : 168D42D03C0976C0 
21809000: system.memobj: data : 0001011010001101010000101101000000111100000010010111011011000000 
21809000: system.memobj: fix data : 0001011010001101010000101101000000111100000010010111011011000000 
21809000: system.memobj: -------------------------------------
21858000: system.memobj: mem->cpu Got response for addr 0x9b08 , 39688
21858000: system.memobj: size 0x8
21858000: system.memobj: id 94061721091120
21858000: system.memobj: data_hex : 168D42D03C0976C0 
21858000: system.memobj: data : 0001011010001101010000101101000000111100000010010111011011000000 
21858000: system.memobj: fix data : 0001011010001101010000101101000000111100000010010111011011000000 
21858000: system.memobj: -------------------------------------
21907000: system.memobj: mem->cpu Got response for addr 0x9b08 , 39688
21907000: system.memobj: size 0x8
21907000: system.memobj: id 94061721091408
21907000: system.memobj: data_hex : 168D42D03C0976C0 
21907000: system.memobj: data : 0001011010001101010000101101000000111100000010010111011011000000 
21907000: system.memobj: fix data : 0001011010001101010000101101000000111100000010010111011011000000 
21907000: system.memobj: -------------------------------------
21970000: system.memobj: mem->cpu Got response for addr 0x9ad0 , 39632
21970000: system.memobj: size 0x8
21970000: system.memobj: id 94061721091120
21970000: system.memobj: data_hex : 0FBEC28D48D0EB11 
21970000: system.memobj: data : 0000111110111110110000101000110101001000110100001110101100010001 
21970000: system.memobj: fix data : 0000111110111110110000101000110101001000110100001110101100010001 
21970000: system.memobj: -------------------------------------
22019000: system.memobj: mem->cpu Got response for addr 0x9ad0 , 39632
22019000: system.memobj: size 0x8
22019000: system.memobj: id 94061721091408
22019000: system.memobj: data_hex : 0FBEC28D48D0EB11 
22019000: system.memobj: data : 0000111110111110110000101000110101001000110100001110101100010001 
22019000: system.memobj: fix data : 0000111110111110110000101000110101001000110100001110101100010001 
22019000: system.memobj: -------------------------------------
22068000: system.memobj: mem->cpu Got response for addr 0x9ad0 , 39632
22068000: system.memobj: size 0x8
22068000: system.memobj: id 94061721091120
22068000: system.memobj: data_hex : 0FBEC28D48D0EB11 
22068000: system.memobj: data : 0000111110111110110000101000110101001000110100001110101100010001 
22068000: system.memobj: fix data : 0000111110111110110000101000110101001000110100001110101100010001 
22068000: system.memobj: -------------------------------------
22117000: system.memobj: mem->cpu Got response for addr 0x9ae8 , 39656
22117000: system.memobj: size 0x8
22117000: system.memobj: id 94061721091408
22117000: system.memobj: data_hex : D048FFC60FB6168D 
22117000: system.memobj: data : 1101000001001000111111111100011000001111101101100001011010001101 
22117000: system.memobj: fix data : 1101000001001000111111111100011000001111101101100001011010001101 
22117000: system.memobj: -------------------------------------
22166000: system.memobj: mem->cpu Got response for addr 0x9ae8 , 39656
22166000: system.memobj: size 0x8
22166000: system.memobj: id 94061721091120
22166000: system.memobj: data_hex : D048FFC60FB6168D 
22166000: system.memobj: data : 1101000001001000111111111100011000001111101101100001011010001101 
22166000: system.memobj: fix data : 1101000001001000111111111100011000001111101101100001011010001101 
22166000: system.memobj: -------------------------------------
22215000: system.memobj: mem->cpu Got response for addr 0x94c35 , 609333
22215000: system.memobj: size 0x1
22215000: system.memobj: id 94061721091408
22215000: system.memobj: data_hex : 2E 
22215000: system.memobj: data : 00101110 
22215000: system.memobj: fix data : 00101110 
22215000: system.memobj: -------------------------------------
22264000: system.memobj: mem->cpu Got response for addr 0x9ae8 , 39656
22264000: system.memobj: size 0x8
22264000: system.memobj: id 94061721091408
22264000: system.memobj: data_hex : D048FFC60FB6168D 
22264000: system.memobj: data : 1101000001001000111111111100011000001111101101100001011010001101 
22264000: system.memobj: fix data : 1101000001001000111111111100011000001111101101100001011010001101 
22264000: system.memobj: -------------------------------------
22313000: system.memobj: mem->cpu Got response for addr 0x9af0 , 39664
22313000: system.memobj: size 0x8
22313000: system.memobj: id 94061721091120
22313000: system.memobj: data_hex : 42D03C0976E2C1E7 
22313000: system.memobj: data : 0100001011010000001111000000100101110110111000101100000111100111 
22313000: system.memobj: fix data : 0100001011010000001111000000100101110110111000101100000111100111 
22313000: system.memobj: -------------------------------------
22362000: system.memobj: mem->cpu Got response for addr 0x9af0 , 39664
22362000: system.memobj: size 0x8
22362000: system.memobj: id 94061721091408
22362000: system.memobj: data_hex : 42D03C0976E2C1E7 
22362000: system.memobj: data : 0100001011010000001111000000100101110110111000101100000111100111 
22362000: system.memobj: fix data : 0100001011010000001111000000100101110110111000101100000111100111 
22362000: system.memobj: -------------------------------------
22411000: system.memobj: mem->cpu Got response for addr 0x9af0 , 39664
22411000: system.memobj: size 0x8
22411000: system.memobj: id 94061721091120
22411000: system.memobj: data_hex : 42D03C0976E2C1E7 
22411000: system.memobj: data : 0100001011010000001111000000100101110110111000101100000111100111 
22411000: system.memobj: fix data : 0100001011010000001111000000100101110110111000101100000111100111 
22411000: system.memobj: -------------------------------------
22460000: system.memobj: mem->cpu Got response for addr 0x9af0 , 39664
22460000: system.memobj: size 0x8
22460000: system.memobj: id 94061721091408
22460000: system.memobj: data_hex : 42D03C0976E2C1E7 
22460000: system.memobj: data : 0100001011010000001111000000100101110110111000101100000111100111 
22460000: system.memobj: fix data : 0100001011010000001111000000100101110110111000101100000111100111 
22460000: system.memobj: -------------------------------------
22509000: system.memobj: mem->cpu Got response for addr 0x9af8 , 39672
22509000: system.memobj: size 0x8
22509000: system.memobj: id 94061721091120
22509000: system.memobj: data_hex : 0841FFC048FFC609 
22509000: system.memobj: data : 0000100001000001111111111100000001001000111111111100011000001001 
22509000: system.memobj: fix data : 0000100001000001111111111100000001001000111111111100011000001001 
22509000: system.memobj: -------------------------------------
22558000: system.memobj: mem->cpu Got response for addr 0x9af8 , 39672
22558000: system.memobj: size 0x8
22558000: system.memobj: id 94061721091408
22558000: system.memobj: data_hex : 0841FFC048FFC609 
22558000: system.memobj: data : 0000100001000001111111111100000001001000111111111100011000001001 
22558000: system.memobj: fix data : 0000100001000001111111111100000001001000111111111100011000001001 
22558000: system.memobj: -------------------------------------
22607000: system.memobj: mem->cpu Got response for addr 0x9af8 , 39672
22607000: system.memobj: size 0x8
22607000: system.memobj: id 94061721091120
22607000: system.memobj: data_hex : 0841FFC048FFC609 
22607000: system.memobj: data : 0000100001000001111111111100000001001000111111111100011000001001 
22607000: system.memobj: fix data : 0000100001000001111111111100000001001000111111111100011000001001 
22607000: system.memobj: -------------------------------------
22656000: system.memobj: mem->cpu Got response for addr 0x9af8 , 39672
22656000: system.memobj: size 0x8
22656000: system.memobj: id 94061721091408
22656000: system.memobj: data_hex : 0841FFC048FFC609 
22656000: system.memobj: data : 0000100001000001111111111100000001001000111111111100011000001001 
22656000: system.memobj: fix data : 0000100001000001111111111100000001001000111111111100011000001001 
22656000: system.memobj: -------------------------------------
22705000: system.memobj: mem->cpu Got response for addr 0x9b00 , 39680
22705000: system.memobj: size 0x8
22705000: system.memobj: id 94061721091120
22705000: system.memobj: data_hex : CF80FA2E750A0FB6 
22705000: system.memobj: data : 1100111110000000111110100010111001110101000010100000111110110110 
22705000: system.memobj: fix data : 1100111110000000111110100010111001110101000010100000111110110110 
22705000: system.memobj: -------------------------------------
22754000: system.memobj: mem->cpu Got response for addr 0x9b00 , 39680
22754000: system.memobj: size 0x8
22754000: system.memobj: id 94061721091408
22754000: system.memobj: data_hex : CF80FA2E750A0FB6 
22754000: system.memobj: data : 1100111110000000111110100010111001110101000010100000111110110110 
22754000: system.memobj: fix data : 1100111110000000111110100010111001110101000010100000111110110110 
22754000: system.memobj: -------------------------------------
22817000: system.memobj: mem->cpu Got response for addr 0x9b00 , 39680
22817000: system.memobj: size 0x8
22817000: system.memobj: id 94061721091120
22817000: system.memobj: data_hex : CF80FA2E750A0FB6 
22817000: system.memobj: data : 1100111110000000111110100010111001110101000010100000111110110110 
22817000: system.memobj: fix data : 1100111110000000111110100010111001110101000010100000111110110110 
22817000: system.memobj: -------------------------------------
22866000: system.memobj: mem->cpu Got response for addr 0x9b00 , 39680
22866000: system.memobj: size 0x8
22866000: system.memobj: id 94061721091408
22866000: system.memobj: data_hex : CF80FA2E750A0FB6 
22866000: system.memobj: data : 1100111110000000111110100010111001110101000010100000111110110110 
22866000: system.memobj: fix data : 1100111110000000111110100010111001110101000010100000111110110110 
22866000: system.memobj: -------------------------------------
22915000: system.memobj: mem->cpu Got response for addr 0x9b08 , 39688
22915000: system.memobj: size 0x8
22915000: system.memobj: id 94061721091120
22915000: system.memobj: data_hex : 168D42D03C0976C0 
22915000: system.memobj: data : 0001011010001101010000101101000000111100000010010111011011000000 
22915000: system.memobj: fix data : 0001011010001101010000101101000000111100000010010111011011000000 
22915000: system.memobj: -------------------------------------
22964000: system.memobj: mem->cpu Got response for addr 0x94c36 , 609334
22964000: system.memobj: size 0x1
22964000: system.memobj: id 94061721091408
22964000: system.memobj: data_hex : 30 
22964000: system.memobj: data : 00110000 
22964000: system.memobj: fix data : 00110000 
22964000: system.memobj: -------------------------------------
23013000: system.memobj: mem->cpu Got response for addr 0x9b08 , 39688
23013000: system.memobj: size 0x8
23013000: system.memobj: id 94061721091408
23013000: system.memobj: data_hex : 168D42D03C0976C0 
23013000: system.memobj: data : 0001011010001101010000101101000000111100000010010111011011000000 
23013000: system.memobj: fix data : 0001011010001101010000101101000000111100000010010111011011000000 
23013000: system.memobj: -------------------------------------
23062000: system.memobj: mem->cpu Got response for addr 0x9b08 , 39688
23062000: system.memobj: size 0x8
23062000: system.memobj: id 94061721091120
23062000: system.memobj: data_hex : 168D42D03C0976C0 
23062000: system.memobj: data : 0001011010001101010000101101000000111100000010010111011011000000 
23062000: system.memobj: fix data : 0001011010001101010000101101000000111100000010010111011011000000 
23062000: system.memobj: -------------------------------------
23111000: system.memobj: mem->cpu Got response for addr 0x9b08 , 39688
23111000: system.memobj: size 0x8
23111000: system.memobj: id 94061721091408
23111000: system.memobj: data_hex : 168D42D03C0976C0 
23111000: system.memobj: data : 0001011010001101010000101101000000111100000010010111011011000000 
23111000: system.memobj: fix data : 0001011010001101010000101101000000111100000010010111011011000000 
23111000: system.memobj: -------------------------------------
23160000: system.memobj: mem->cpu Got response for addr 0x9ad0 , 39632
23160000: system.memobj: size 0x8
23160000: system.memobj: id 94061721091120
23160000: system.memobj: data_hex : 0FBEC28D48D0EB11 
23160000: system.memobj: data : 0000111110111110110000101000110101001000110100001110101100010001 
23160000: system.memobj: fix data : 0000111110111110110000101000110101001000110100001110101100010001 
23160000: system.memobj: -------------------------------------
23209000: system.memobj: mem->cpu Got response for addr 0x9ad0 , 39632
23209000: system.memobj: size 0x8
23209000: system.memobj: id 94061721091408
23209000: system.memobj: data_hex : 0FBEC28D48D0EB11 
23209000: system.memobj: data : 0000111110111110110000101000110101001000110100001110101100010001 
23209000: system.memobj: fix data : 0000111110111110110000101000110101001000110100001110101100010001 
23209000: system.memobj: -------------------------------------
23258000: system.memobj: mem->cpu Got response for addr 0x9ad0 , 39632
23258000: system.memobj: size 0x8
23258000: system.memobj: id 94061721091120
23258000: system.memobj: data_hex : 0FBEC28D48D0EB11 
23258000: system.memobj: data : 0000111110111110110000101000110101001000110100001110101100010001 
23258000: system.memobj: fix data : 0000111110111110110000101000110101001000110100001110101100010001 
23258000: system.memobj: -------------------------------------
23307000: system.memobj: mem->cpu Got response for addr 0x9ae8 , 39656
23307000: system.memobj: size 0x8
23307000: system.memobj: id 94061721091408
23307000: system.memobj: data_hex : D048FFC60FB6168D 
23307000: system.memobj: data : 1101000001001000111111111100011000001111101101100001011010001101 
23307000: system.memobj: fix data : 1101000001001000111111111100011000001111101101100001011010001101 
23307000: system.memobj: -------------------------------------
23356000: system.memobj: mem->cpu Got response for addr 0x9ae8 , 39656
23356000: system.memobj: size 0x8
23356000: system.memobj: id 94061721091120
23356000: system.memobj: data_hex : D048FFC60FB6168D 
23356000: system.memobj: data : 1101000001001000111111111100011000001111101101100001011010001101 
23356000: system.memobj: fix data : 1101000001001000111111111100011000001111101101100001011010001101 
23356000: system.memobj: -------------------------------------
23405000: system.memobj: mem->cpu Got response for addr 0x94c37 , 609335
23405000: system.memobj: size 0x1
23405000: system.memobj: id 94061721091408
23405000: system.memobj: data_hex : 00 
23405000: system.memobj: data : 00000000 
23405000: system.memobj: fix data : 00000000 
23405000: system.memobj: -------------------------------------
23695000: system.memobj: mem->cpu Got response for addr 0x9ae8 , 39656
23695000: system.memobj: size 0x8
23695000: system.memobj: id 94061721091408
23695000: system.memobj: data_hex : D048FFC60FB6168D 
23695000: system.memobj: data : 1101000001001000111111111100011000001111101101100001011010001101 
23695000: system.memobj: fix data : 1101000001001000111111111100011000001111101101100001011010001101 
23695000: system.memobj: -------------------------------------
23744000: system.memobj: mem->cpu Got response for addr 0x9af0 , 39664
23744000: system.memobj: size 0x8
23744000: system.memobj: id 94061721091120
23744000: system.memobj: data_hex : 42D03C0976E2C1E7 
23744000: system.memobj: data : 0100001011010000001111000000100101110110111000101100000111100111 
23744000: system.memobj: fix data : 0100001011010000001111000000100101110110111000101100000111100111 
23744000: system.memobj: -------------------------------------
23793000: system.memobj: mem->cpu Got response for addr 0x9af0 , 39664
23793000: system.memobj: size 0x8
23793000: system.memobj: id 94061721091408
23793000: system.memobj: data_hex : 42D03C0976E2C1E7 
23793000: system.memobj: data : 0100001011010000001111000000100101110110111000101100000111100111 
23793000: system.memobj: fix data : 0100001011010000001111000000100101110110111000101100000111100111 
23793000: system.memobj: -------------------------------------
23842000: system.memobj: mem->cpu Got response for addr 0x9af0 , 39664
23842000: system.memobj: size 0x8
23842000: system.memobj: id 94061721091120
23842000: system.memobj: data_hex : 42D03C0976E2C1E7 
23842000: system.memobj: data : 0100001011010000001111000000100101110110111000101100000111100111 
23842000: system.memobj: fix data : 0100001011010000001111000000100101110110111000101100000111100111 
23842000: system.memobj: -------------------------------------
23891000: system.memobj: mem->cpu Got response for addr 0x9af0 , 39664
23891000: system.memobj: size 0x8
23891000: system.memobj: id 94061721091408
23891000: system.memobj: data_hex : 42D03C0976E2C1E7 
23891000: system.memobj: data : 0100001011010000001111000000100101110110111000101100000111100111 
23891000: system.memobj: fix data : 0100001011010000001111000000100101110110111000101100000111100111 
23891000: system.memobj: -------------------------------------
23940000: system.memobj: mem->cpu Got response for addr 0x9af8 , 39672
23940000: system.memobj: size 0x8
23940000: system.memobj: id 94061721091120
23940000: system.memobj: data_hex : 0841FFC048FFC609 
23940000: system.memobj: data : 0000100001000001111111111100000001001000111111111100011000001001 
23940000: system.memobj: fix data : 0000100001000001111111111100000001001000111111111100011000001001 
23940000: system.memobj: -------------------------------------
23989000: system.memobj: mem->cpu Got response for addr 0x9af8 , 39672
23989000: system.memobj: size 0x8
23989000: system.memobj: id 94061721091408
23989000: system.memobj: data_hex : 0841FFC048FFC609 
23989000: system.memobj: data : 0000100001000001111111111100000001001000111111111100011000001001 
23989000: system.memobj: fix data : 0000100001000001111111111100000001001000111111111100011000001001 
23989000: system.memobj: -------------------------------------
24038000: system.memobj: mem->cpu Got response for addr 0x9af8 , 39672
24038000: system.memobj: size 0x8
24038000: system.memobj: id 94061721091120
24038000: system.memobj: data_hex : 0841FFC048FFC609 
24038000: system.memobj: data : 0000100001000001111111111100000001001000111111111100011000001001 
24038000: system.memobj: fix data : 0000100001000001111111111100000001001000111111111100011000001001 
24038000: system.memobj: -------------------------------------
24087000: system.memobj: mem->cpu Got response for addr 0x9af8 , 39672
24087000: system.memobj: size 0x8
24087000: system.memobj: id 94061721091408
24087000: system.memobj: data_hex : 0841FFC048FFC609 
24087000: system.memobj: data : 0000100001000001111111111100000001001000111111111100011000001001 
24087000: system.memobj: fix data : 0000100001000001111111111100000001001000111111111100011000001001 
24087000: system.memobj: -------------------------------------
24136000: system.memobj: mem->cpu Got response for addr 0x9b00 , 39680
24136000: system.memobj: size 0x8
24136000: system.memobj: id 94061721091120
24136000: system.memobj: data_hex : CF80FA2E750A0FB6 
24136000: system.memobj: data : 1100111110000000111110100010111001110101000010100000111110110110 
24136000: system.memobj: fix data : 1100111110000000111110100010111001110101000010100000111110110110 
24136000: system.memobj: -------------------------------------
24185000: system.memobj: mem->cpu Got response for addr 0x9b00 , 39680
24185000: system.memobj: size 0x8
24185000: system.memobj: id 94061721091408
24185000: system.memobj: data_hex : CF80FA2E750A0FB6 
24185000: system.memobj: data : 1100111110000000111110100010111001110101000010100000111110110110 
24185000: system.memobj: fix data : 1100111110000000111110100010111001110101000010100000111110110110 
24185000: system.memobj: -------------------------------------
24234000: system.memobj: mem->cpu Got response for addr 0x9b00 , 39680
24234000: system.memobj: size 0x8
24234000: system.memobj: id 94061721091120
24234000: system.memobj: data_hex : CF80FA2E750A0FB6 
24234000: system.memobj: data : 1100111110000000111110100010111001110101000010100000111110110110 
24234000: system.memobj: fix data : 1100111110000000111110100010111001110101000010100000111110110110 
24234000: system.memobj: -------------------------------------
24283000: system.memobj: mem->cpu Got response for addr 0x9b10 , 39696
24283000: system.memobj: size 0x8
24283000: system.memobj: id 94061721091408
24283000: system.memobj: data_hex : 4183F8027F0DB903 
24283000: system.memobj: data : 0100000110000011111110000000001001111111000011011011100100000011 
24283000: system.memobj: fix data : 0100000110000011111110000000001001111111000011011011100100000011 
24283000: system.memobj: -------------------------------------
24332000: system.memobj: mem->cpu Got response for addr 0x9b10 , 39696
24332000: system.memobj: size 0x8
24332000: system.memobj: id 94061721091120
24332000: system.memobj: data_hex : 4183F8027F0DB903 
24332000: system.memobj: data : 0100000110000011111110000000001001111111000011011011100100000011 
24332000: system.memobj: fix data : 0100000110000011111110000000001001111111000011011011100100000011 
24332000: system.memobj: -------------------------------------
24381000: system.memobj: mem->cpu Got response for addr 0x9b20 , 39712
24381000: system.memobj: size 0x8
24381000: system.memobj: id 94061721091408
24381000: system.memobj: data_hex : 03D3E781FF000402 
24381000: system.memobj: data : 0000001111010011111001111000000111111111000000000000010000000010 
24381000: system.memobj: fix data : 0000001111010011111001111000000111111111000000000000010000000010 
24381000: system.memobj: -------------------------------------
24430000: system.memobj: mem->cpu Got response for addr 0x9b28 , 39720
24430000: system.memobj: size 0x8
24430000: system.memobj: id 94061721091120
24430000: system.memobj: data_hex : 000F86DC00000089 
24430000: system.memobj: data : 0000000000001111100001101101110000000000000000000000000010001001 
24430000: system.memobj: fix data : 0000000000001111100001101101110000000000000000000000000010001001 
24430000: system.memobj: -------------------------------------
24493000: system.memobj: mem->cpu Got response for addr 0x9b28 , 39720
24493000: system.memobj: size 0x8
24493000: system.memobj: id 94061721091408
24493000: system.memobj: data_hex : 000F86DC00000089 
24493000: system.memobj: data : 0000000000001111100001101101110000000000000000000000000010001001 
24493000: system.memobj: fix data : 0000000000001111100001101101110000000000000000000000000010001001 
24493000: system.memobj: -------------------------------------
24542000: system.memobj: mem->cpu Got response for addr 0x9b28 , 39720
24542000: system.memobj: size 0x8
24542000: system.memobj: id 94061721091120
24542000: system.memobj: data_hex : 000F86DC00000089 
24542000: system.memobj: data : 0000000000001111100001101101110000000000000000000000000010001001 
24542000: system.memobj: fix data : 0000000000001111100001101101110000000000000000000000000010001001 
24542000: system.memobj: -------------------------------------
24591000: system.memobj: mem->cpu Got response for addr 0x9b30 , 39728
24591000: system.memobj: size 0x8
24591000: system.memobj: id 94061721091408
24591000: system.memobj: data_hex : 3DFB991800E8A604 
24591000: system.memobj: data : 0011110111111011100110010001100000000000111010001010011000000100 
24591000: system.memobj: fix data : 0011110111111011100110010001100000000000111010001010011000000100 
24591000: system.memobj: -------------------------------------
24591000: system.memobj: cpu->mem Got request for addr 0x93530 , 603440
24591000: system.memobj: size 0x4
24591000: system.memobj: id 94061721091696
24591000: system.memobj: data_hex : 00010500 
24591000: system.memobj: data : 00000000000000010000010100000000 
24591000: system.memobj: hamming code addr: 603440 
24591000: system.memobj: hamming code : 0 
24591000: system.memobj: hamming code addr: 603448 
24591000: system.memobj: hamming code : 12 
24591000: system.memobj: hamming code addr: 603456 
24591000: system.memobj: hamming code : 6 
24591000: system.memobj: hamming code addr: 603464 
24591000: system.memobj: hamming code : 0 
24591000: system.memobj: Enter Error Bit index: 3 
24591000: system.memobj: flip data : 00100000000000010000010100000000 
24591000: system.memobj: -------------------------------------
24661000: system.memobj: mem->cpu Got response for addr 0x9b30 , 39728
24661000: system.memobj: size 0x8
24661000: system.memobj: id 94061721091696
24661000: system.memobj: data_hex : 3DFB991800E8A604 
24661000: system.memobj: data : 0011110111111011100110010001100000000000111010001010011000000100 
24661000: system.memobj: fix data : 0011110111111011100110010001100000000000111010001010011000000100 
24661000: system.memobj: -------------------------------------
24710000: system.memobj: mem->cpu Got response for addr 0x9b38 , 39736
24710000: system.memobj: size 0x8
24710000: system.memobj: id 94061721091408
24710000: system.memobj: data_hex : 00004D85FF740C31 
24710000: system.memobj: data : 0000000000000000010011011000010111111111011101000000110000110001 
24710000: system.memobj: fix data : 0000000000000000010011011000010111111111011101000000110000110001 
24710000: system.memobj: -------------------------------------
24710000: system.memobj: cpu->mem Got request for addr 0x94b88 , 609160
24710000: system.memobj: size 0x8
24710000: system.memobj: id 94061721690128
24710000: system.memobj: data_hex : 3A9B400000000000 
24710000: system.memobj: data : 0011101010011011010000000000000000000000000000000000000000000000 
24710000: system.memobj: hamming code addr: 609160 
24710000: system.memobj: hamming code : 3 
24710000: system.memobj: hamming code addr: 609168 
24710000: system.memobj: hamming code : 10 
24710000: system.memobj: hamming code addr: 609176 
24710000: system.memobj: hamming code : 5 
24710000: system.memobj: hamming code addr: 609184 
24710000: system.memobj: hamming code : 0 
24710000: system.memobj: hamming code addr: 609192 
24710000: system.memobj: hamming code : 0 
24710000: system.memobj: hamming code addr: 609200 
24710000: system.memobj: hamming code : 0 
24710000: system.memobj: hamming code addr: 609208 
24710000: system.memobj: hamming code : 0 
24710000: system.memobj: hamming code addr: 609216 
24710000: system.memobj: hamming code : 0 
24710000: system.memobj: Enter Error Bit index: 3 
24710000: system.memobj: flip data : 0001101010011011010000000000000000000000000000000000000000000000 
24710000: system.memobj: -------------------------------------
24780000: system.memobj: mem->cpu Got response for addr 0x9fe0 , 40928
24780000: system.memobj: size 0x8
24780000: system.memobj: id 94061721690128
24780000: system.memobj: data_hex : BE08000000BF2000 
24780000: system.memobj: data : 1011111000001000000000000000000000000000101111110010000000000000 
24780000: system.memobj: fix data : 1011111000001000000000000000000000000000101111110010000000000000 
24780000: system.memobj: -------------------------------------
24829000: system.memobj: mem->cpu Got response for addr 0x9fe0 , 40928
24829000: system.memobj: size 0x8
24829000: system.memobj: id 94061721091408
24829000: system.memobj: data_hex : BE08000000BF2000 
24829000: system.memobj: data : 1011111000001000000000000000000000000000101111110010000000000000 
24829000: system.memobj: fix data : 1011111000001000000000000000000000000000101111110010000000000000 
24829000: system.memobj: -------------------------------------
24878000: system.memobj: mem->cpu Got response for addr 0x9fe8 , 40936
24878000: system.memobj: size 0x8
24878000: system.memobj: id 94061721690128
24878000: system.memobj: data_hex : 0000E911FDFFFF90 
24878000: system.memobj: data : 0000000000000000111010010001000111111101111111111111111110010000 
24878000: system.memobj: fix data : 0000000000000000111010010001000111111101111111111111111110010000 
24878000: system.memobj: -------------------------------------
24927000: system.memobj: mem->cpu Got response for addr 0x9fe8 , 40936
24927000: system.memobj: size 0x8
24927000: system.memobj: id 94061721091408
24927000: system.memobj: data_hex : 0000E911FDFFFF90 
24927000: system.memobj: data : 0000000000000000111010010001000111111101111111111111111110010000 
24927000: system.memobj: fix data : 0000000000000000111010010001000111111101111111111111111110010000 
24927000: system.memobj: -------------------------------------
24976000: system.memobj: mem->cpu Got response for addr 0x9d00 , 40192
24976000: system.memobj: size 0x8
24976000: system.memobj: id 94061721690128
24976000: system.memobj: data_hex : 4C896C24E84C8974 
24976000: system.memobj: data : 0100110010001001011011000010010011101000010011001000100101110100 
24976000: system.memobj: fix data : 0100110010001001011011000010010011101000010011001000100101110100 
24976000: system.memobj: -------------------------------------
24976000: system.memobj: cpu->mem Got request for addr 0x94b70 , 609136
24976000: system.memobj: size 0x8
24976000: system.memobj: id 94061721690416
24976000: system.memobj: data_hex : 0100000000000000 
24976000: system.memobj: data : 0000000100000000000000000000000000000000000000000000000000000000 
24976000: system.memobj: hamming code addr: 609136 
24976000: system.memobj: hamming code : 12 
24976000: system.memobj: hamming code addr: 609144 
24976000: system.memobj: hamming code : 0 
24976000: system.memobj: hamming code addr: 609152 
24976000: system.memobj: hamming code : 0 
24976000: system.memobj: hamming code addr: 609160 
24976000: system.memobj: hamming code : 0 
24976000: system.memobj: hamming code addr: 609168 
24976000: system.memobj: hamming code : 0 
24976000: system.memobj: hamming code addr: 609176 
24976000: system.memobj: hamming code : 0 
24976000: system.memobj: hamming code addr: 609184 
24976000: system.memobj: hamming code : 0 
24976000: system.memobj: hamming code addr: 609192 
24976000: system.memobj: hamming code : 0 
24976000: system.memobj: Enter Error Bit index: 7 
24976000: system.memobj: flip data : 0000001100000000000000000000000000000000000000000000000000000000 
24976000: system.memobj: -------------------------------------
25046000: system.memobj: mem->cpu Got response for addr 0x9d00 , 40192
25046000: system.memobj: size 0x8
25046000: system.memobj: id 94061721690416
25046000: system.memobj: data_hex : 4C896C24E84C8974 
25046000: system.memobj: data : 0100110010001001011011000010010011101000010011001000100101110100 
25046000: system.memobj: fix data : 0100110010001001011011000010010011101000010011001000100101110100 
25046000: system.memobj: -------------------------------------
25095000: system.memobj: mem->cpu Got response for addr 0x9d08 , 40200
25095000: system.memobj: size 0x8
25095000: system.memobj: id 94061721690128
25095000: system.memobj: data_hex : 24F04531ED4C897C 
25095000: system.memobj: data : 0010010011110000010001010011000111101101010011001000100101111100 
25095000: system.memobj: fix data : 0010010011110000010001010011000111101101010011001000100101111100 
25095000: system.memobj: -------------------------------------
25095000: system.memobj: cpu->mem Got request for addr 0x94b78 , 609144
25095000: system.memobj: size 0x8
25095000: system.memobj: id 94061721690704
25095000: system.memobj: data_hex : D8EDFFFFFF7F0000 
25095000: system.memobj: data : 1101100011101101111111111111111111111111011111110000000000000000 
25095000: system.memobj: hamming code addr: 609144 
25095000: system.memobj: hamming code : 8 
25095000: system.memobj: hamming code addr: 609152 
25095000: system.memobj: hamming code : 15 
25095000: system.memobj: hamming code addr: 609160 
25095000: system.memobj: hamming code : 3 
25095000: system.memobj: hamming code addr: 609168 
25095000: system.memobj: hamming code : 3 
25095000: system.memobj: hamming code addr: 609176 
25095000: system.memobj: hamming code : 3 
25095000: system.memobj: hamming code addr: 609184 
25095000: system.memobj: hamming code : 0 
25095000: system.memobj: hamming code addr: 609192 
25095000: system.memobj: hamming code : 0 
25095000: system.memobj: hamming code addr: 609200 
25095000: system.memobj: hamming code : 0 
25095000: system.memobj: Enter Error Bit index: 4 
25095000: system.memobj: flip data : 1100100011101101111111111111111111111111011111110000000000000000 
25095000: system.memobj: -------------------------------------
25165000: system.memobj: mem->cpu Got response for addr 0x9d08 , 40200
25165000: system.memobj: size 0x8
25165000: system.memobj: id 94061721690704
25165000: system.memobj: data_hex : 24F04531ED4C897C 
25165000: system.memobj: data : 0010010011110000010001010011000111101101010011001000100101111100 
25165000: system.memobj: fix data : 0010010011110000010001010011000111101101010011001000100101111100 
25165000: system.memobj: -------------------------------------
25214000: system.memobj: mem->cpu Got response for addr 0x9d08 , 40200
25214000: system.memobj: size 0x8
25214000: system.memobj: id 94061721690128
25214000: system.memobj: data_hex : 24F04531ED4C897C 
25214000: system.memobj: data : 0010010011110000010001010011000111101101010011001000100101111100 
25214000: system.memobj: fix data : 0010010011110000010001010011000111101101010011001000100101111100 
25214000: system.memobj: -------------------------------------
25263000: system.memobj: mem->cpu Got response for addr 0x9d10 , 40208
25263000: system.memobj: size 0x8
25263000: system.memobj: id 94061721690704
25263000: system.memobj: data_hex : 24F848895C24D045 
25263000: system.memobj: data : 0010010011111000010010001000100101011100001001001101000001000101 
25263000: system.memobj: fix data : 0010010011111000010010001000100101011100001001001101000001000101 
25263000: system.memobj: -------------------------------------
25263000: system.memobj: cpu->mem Got request for addr 0x94b80 , 609152
25263000: system.memobj: size 0x8
25263000: system.memobj: id 94061721690992
25263000: system.memobj: data_hex : 0000000000000000 
25263000: system.memobj: data : 0000000000000000000000000000000000000000000000000000000000000000 
25263000: system.memobj: hamming code addr: 609152 
25263000: system.memobj: hamming code : 0 
25263000: system.memobj: hamming code addr: 609160 
25263000: system.memobj: hamming code : 0 
25263000: system.memobj: hamming code addr: 609168 
25263000: system.memobj: hamming code : 0 
25263000: system.memobj: hamming code addr: 609176 
25263000: system.memobj: hamming code : 0 
25263000: system.memobj: hamming code addr: 609184 
25263000: system.memobj: hamming code : 0 
25263000: system.memobj: hamming code addr: 609192 
25263000: system.memobj: hamming code : 0 
25263000: system.memobj: hamming code addr: 609200 
25263000: system.memobj: hamming code : 0 
25263000: system.memobj: hamming code addr: 609208 
25263000: system.memobj: hamming code : 0 
25263000: system.memobj: Enter Error Bit index: 4 
25263000: system.memobj: flip data : 0001000000000000000000000000000000000000000000000000000000000000 
25263000: system.memobj: -------------------------------------
25333000: system.memobj: mem->cpu Got response for addr 0x9d10 , 40208
25333000: system.memobj: size 0x8
25333000: system.memobj: id 94061721690992
25333000: system.memobj: data_hex : 24F848895C24D045 
25333000: system.memobj: data : 0010010011111000010010001000100101011100001001001101000001000101 
25333000: system.memobj: fix data : 0010010011111000010010001000100101011100001001001101000001000101 
25333000: system.memobj: -------------------------------------
25333000: system.memobj: cpu->mem Got request for addr 0x94b58 , 609112
25333000: system.memobj: size 0x8
25333000: system.memobj: id 94061721691280
25333000: system.memobj: data_hex : B0EBFFFFFF7F0000 
25333000: system.memobj: data : 1011000011101011111111111111111111111111011111110000000000000000 
25333000: system.memobj: hamming code addr: 609112 
25333000: system.memobj: hamming code : 2 
25333000: system.memobj: hamming code addr: 609120 
25333000: system.memobj: hamming code : 14 
25333000: system.memobj: hamming code addr: 609128 
25333000: system.memobj: hamming code : 3 
25333000: system.memobj: hamming code addr: 609136 
25333000: system.memobj: hamming code : 3 
25333000: system.memobj: hamming code addr: 609144 
25333000: system.memobj: hamming code : 3 
25333000: system.memobj: hamming code addr: 609152 
25333000: system.memobj: hamming code : 0 
25333000: system.memobj: hamming code addr: 609160 
25333000: system.memobj: hamming code : 0 
25333000: system.memobj: hamming code addr: 609168 
25333000: system.memobj: hamming code : 0 
25333000: system.memobj: Enter Error Bit index: 8 
25333000: system.memobj: flip data : 1011000111101011111111111111111111111111011111110000000000000000 
25333000: system.memobj: -------------------------------------
25417000: system.memobj: mem->cpu Got response for addr 0x9d10 , 40208
25417000: system.memobj: size 0x8
25417000: system.memobj: id 94061721691280
25417000: system.memobj: data_hex : 24F848895C24D045 
25417000: system.memobj: data : 0010010011111000010010001000100101011100001001001101000001000101 
25417000: system.memobj: fix data : 0010010011111000010010001000100101011100001001001101000001000101 
25417000: system.memobj: -------------------------------------
25466000: system.memobj: mem->cpu Got response for addr 0x9d18 , 40216
25466000: system.memobj: size 0x8
25466000: system.memobj: id 94061721690992
25466000: system.memobj: data_hex : 31F648896C24D84C 
25466000: system.memobj: data : 0011000111110110010010001000100101101100001001001101100001001100 
25466000: system.memobj: fix data : 0011000111110110010010001000100101101100001001001101100001001100 
25466000: system.memobj: -------------------------------------
25515000: system.memobj: mem->cpu Got response for addr 0x9d18 , 40216
25515000: system.memobj: size 0x8
25515000: system.memobj: id 94061721691280
25515000: system.memobj: data_hex : 31F648896C24D84C 
25515000: system.memobj: data : 0011000111110110010010001000100101101100001001001101100001001100 
25515000: system.memobj: fix data : 0011000111110110010010001000100101101100001001001101100001001100 
25515000: system.memobj: -------------------------------------
25515000: system.memobj: cpu->mem Got request for addr 0x94b60 , 609120
25515000: system.memobj: size 0x8
25515000: system.memobj: id 94061721691568
25515000: system.memobj: data_hex : 0000000000000000 
25515000: system.memobj: data : 0000000000000000000000000000000000000000000000000000000000000000 
25515000: system.memobj: hamming code addr: 609120 
25515000: system.memobj: hamming code : 0 
25515000: system.memobj: hamming code addr: 609128 
25515000: system.memobj: hamming code : 0 
25515000: system.memobj: hamming code addr: 609136 
25515000: system.memobj: hamming code : 0 
25515000: system.memobj: hamming code addr: 609144 
25515000: system.memobj: hamming code : 0 
25515000: system.memobj: hamming code addr: 609152 
25515000: system.memobj: hamming code : 0 
25515000: system.memobj: hamming code addr: 609160 
25515000: system.memobj: hamming code : 0 
25515000: system.memobj: hamming code addr: 609168 
25515000: system.memobj: hamming code : 0 
25515000: system.memobj: hamming code addr: 609176 
25515000: system.memobj: hamming code : 0 
25515000: system.memobj: Enter Error Bit index: 2 
25515000: system.memobj: flip data : 0100000000000000000000000000000000000000000000000000000000000000 
25515000: system.memobj: -------------------------------------
25585000: system.memobj: mem->cpu Got response for addr 0x9d18 , 40216
25585000: system.memobj: size 0x8
25585000: system.memobj: id 94061721691568
25585000: system.memobj: data_hex : 31F648896C24D84C 
25585000: system.memobj: data : 0011000111110110010010001000100101101100001001001101100001001100 
25585000: system.memobj: fix data : 0011000111110110010010001000100101101100001001001101100001001100 
25585000: system.memobj: -------------------------------------
25634000: system.memobj: mem->cpu Got response for addr 0x9d20 , 40224
25634000: system.memobj: size 0x8
25634000: system.memobj: id 94061721691280
25634000: system.memobj: data_hex : 896424E04883EC48 
25634000: system.memobj: data : 1000100101100100001001001110000001001000100000111110110001001000 
25634000: system.memobj: fix data : 1000100101100100001001001110000001001000100000111110110001001000 
25634000: system.memobj: -------------------------------------
25634000: system.memobj: cpu->mem Got request for addr 0x94b68 , 609128
25634000: system.memobj: size 0x8
25634000: system.memobj: id 94061721691856
25634000: system.memobj: data_hex : 32ECFFFFFF7F0000 
25634000: system.memobj: data : 0011001011101100111111111111111111111111011111110000000000000000 
25634000: system.memobj: hamming code addr: 609128 
25634000: system.memobj: hamming code : 10 
25634000: system.memobj: hamming code addr: 609136 
25634000: system.memobj: hamming code : 3 
25634000: system.memobj: hamming code addr: 609144 
25634000: system.memobj: hamming code : 3 
25634000: system.memobj: hamming code addr: 609152 
25634000: system.memobj: hamming code : 3 
25634000: system.memobj: hamming code addr: 609160 
25634000: system.memobj: hamming code : 3 
25634000: system.memobj: hamming code addr: 609168 
25634000: system.memobj: hamming code : 0 
25634000: system.memobj: hamming code addr: 609176 
25634000: system.memobj: hamming code : 0 
25634000: system.memobj: hamming code addr: 609184 
25634000: system.memobj: hamming code : 0 
25634000: system.memobj: Enter Error Bit index: 3 
25634000: system.memobj: flip data : 0001001011101100111111111111111111111111011111110000000000000000 
25634000: system.memobj: -------------------------------------
25704000: system.memobj: mem->cpu Got response for addr 0x9d20 , 40224
25704000: system.memobj: size 0x8
25704000: system.memobj: id 94061721691856
25704000: system.memobj: data_hex : 896424E04883EC48 
25704000: system.memobj: data : 1000100101100100001001001110000001001000100000111110110001001000 
25704000: system.memobj: fix data : 1000100101100100001001001110000001001000100000111110110001001000 
25704000: system.memobj: -------------------------------------
25753000: system.memobj: mem->cpu Got response for addr 0x9d28 , 40232
25753000: system.memobj: size 0x8
25753000: system.memobj: id 94061721691280
25753000: system.memobj: data_hex : 488B05B197180049 
25753000: system.memobj: data : 0100100010001011000001011011000110010111000110000000000001001001 
25753000: system.memobj: fix data : 0100100010001011000001011011000110010111000110000000000001001001 
25753000: system.memobj: -------------------------------------
25816000: system.memobj: mem->cpu Got response for addr 0x934e0 , 603360
25816000: system.memobj: size 0x8
25816000: system.memobj: id 94061721692144
25816000: system.memobj: data_hex : C000400000000000 
25816000: system.memobj: data : 1100000000000000010000000000000000000000000000000000000000000000 
25816000: system.memobj: hamming code addr: 603360 
25816000: system.memobj: hamming code out: 5 
25816000: system.memobj: find Error Bit index : 1 
25816000: system.memobj: hamming code addr: 603368 
25816000: system.memobj: hamming code out: 0 
25816000: system.memobj: hamming code addr: 603376 
25816000: system.memobj: hamming code out: 5 
25816000: system.memobj: hamming code addr: 603384 
25816000: system.memobj: hamming code out: 0 
25816000: system.memobj: hamming code addr: 603392 
25816000: system.memobj: hamming code out: 0 
25816000: system.memobj: hamming code addr: 603400 
25816000: system.memobj: hamming code out: 0 
25816000: system.memobj: hamming code addr: 603408 
25816000: system.memobj: hamming code out: 0 
25816000: system.memobj: hamming code addr: 603416 
25816000: system.memobj: hamming code out: 0 
25816000: system.memobj: fix data : 0100000000000000010000000000000000000000000000000000000000000000 
25816000: system.memobj: -------------------------------------
25865000: system.memobj: mem->cpu Got response for addr 0x9d28 , 40232
25865000: system.memobj: size 0x8
25865000: system.memobj: id 94061721692144
25865000: system.memobj: data_hex : 488B05B197180049 
25865000: system.memobj: data : 0100100010001011000001011011000110010111000110000000000001001001 
25865000: system.memobj: fix data : 0100100010001011000001011011000110010111000110000000000001001001 
25865000: system.memobj: -------------------------------------
25914000: system.memobj: mem->cpu Got response for addr 0x9d30 , 40240
25914000: system.memobj: size 0x8
25914000: system.memobj: id 94061721691280
25914000: system.memobj: data_hex : 89FF48C744241000 
25914000: system.memobj: data : 1000100111111111010010001100011101000100001001000001000000000000 
25914000: system.memobj: fix data : 1000100111111111010010001100011101000100001001000001000000000000 
25914000: system.memobj: -------------------------------------
25963000: system.memobj: mem->cpu Got response for addr 0x9d30 , 40240
25963000: system.memobj: size 0x8
25963000: system.memobj: id 94061721692144
25963000: system.memobj: data_hex : 89FF48C744241000 
25963000: system.memobj: data : 1000100111111111010010001100011101000100001001000001000000000000 
25963000: system.memobj: fix data : 1000100111111111010010001100011101000100001001000001000000000000 
25963000: system.memobj: -------------------------------------
26012000: system.memobj: mem->cpu Got response for addr 0x9d38 , 40248
26012000: system.memobj: size 0x8
26012000: system.memobj: id 94061721691280
26012000: system.memobj: data_hex : 00000048C7442408 
26012000: system.memobj: data : 0000000000000000000000000100100011000111010001000010010000001000 
26012000: system.memobj: fix data : 0000000000000000000000000100100011000111010001000010010000001000 
26012000: system.memobj: -------------------------------------
26012000: system.memobj: cpu->mem Got request for addr 0x94b50 , 609104
26012000: system.memobj: size 0x8
26012000: system.memobj: id 94061721692432
26012000: system.memobj: data_hex : 0000000000000000 
26012000: system.memobj: data : 0000000000000000000000000000000000000000000000000000000000000000 
26012000: system.memobj: hamming code addr: 609104 
26012000: system.memobj: hamming code : 0 
26012000: system.memobj: hamming code addr: 609112 
26012000: system.memobj: hamming code : 0 
26012000: system.memobj: hamming code addr: 609120 
26012000: system.memobj: hamming code : 0 
26012000: system.memobj: hamming code addr: 609128 
26012000: system.memobj: hamming code : 0 
26012000: system.memobj: hamming code addr: 609136 
26012000: system.memobj: hamming code : 0 
26012000: system.memobj: hamming code addr: 609144 
26012000: system.memobj: hamming code : 0 
26012000: system.memobj: hamming code addr: 609152 
26012000: system.memobj: hamming code : 0 
26012000: system.memobj: hamming code addr: 609160 
26012000: system.memobj: hamming code : 0 
26012000: system.memobj: Enter Error Bit index: 7 
26012000: system.memobj: flip data : 0000001000000000000000000000000000000000000000000000000000000000 
26012000: system.memobj: -------------------------------------
26082000: system.memobj: mem->cpu Got response for addr 0x9d38 , 40248
26082000: system.memobj: size 0x8
26082000: system.memobj: id 94061721692432
26082000: system.memobj: data_hex : 00000048C7442408 
26082000: system.memobj: data : 0000000000000000000000000100100011000111010001000010010000001000 
26082000: system.memobj: fix data : 0000000000000000000000000100100011000111010001000010010000001000 
26082000: system.memobj: -------------------------------------
26131000: system.memobj: mem->cpu Got response for addr 0x9d40 , 40256
26131000: system.memobj: size 0x8
26131000: system.memobj: id 94061721691280
26131000: system.memobj: data_hex : 0000000048893424 
26131000: system.memobj: data : 0000000000000000000000000000000001001000100010010011010000100100 
26131000: system.memobj: fix data : 0000000000000000000000000000000001001000100010010011010000100100 
26131000: system.memobj: -------------------------------------
26131000: system.memobj: cpu->mem Got request for addr 0x94b48 , 609096
26131000: system.memobj: size 0x8
26131000: system.memobj: id 94061721692720
26131000: system.memobj: data_hex : 0000000000000000 
26131000: system.memobj: data : 0000000000000000000000000000000000000000000000000000000000000000 
26131000: system.memobj: hamming code addr: 609096 
26131000: system.memobj: hamming code : 0 
26131000: system.memobj: hamming code addr: 609104 
26131000: system.memobj: hamming code : 0 
26131000: system.memobj: hamming code addr: 609112 
26131000: system.memobj: hamming code : 0 
26131000: system.memobj: hamming code addr: 609120 
26131000: system.memobj: hamming code : 0 
26131000: system.memobj: hamming code addr: 609128 
26131000: system.memobj: hamming code : 0 
26131000: system.memobj: hamming code addr: 609136 
26131000: system.memobj: hamming code : 0 
26131000: system.memobj: hamming code addr: 609144 
26131000: system.memobj: hamming code : 0 
26131000: system.memobj: hamming code addr: 609152 
26131000: system.memobj: hamming code : 0 
26131000: system.memobj: Enter Error Bit index: 3 
26131000: system.memobj: flip data : 0010000000000000000000000000000000000000000000000000000000000000 
26131000: system.memobj: -------------------------------------
26201000: system.memobj: mem->cpu Got response for addr 0x9d40 , 40256
26201000: system.memobj: size 0x8
26201000: system.memobj: id 94061721692720
26201000: system.memobj: data_hex : 0000000048893424 
26201000: system.memobj: data : 0000000000000000000000000000000001001000100010010011010000100100 
26201000: system.memobj: fix data : 0000000000000000000000000000000001001000100010010011010000100100 
26201000: system.memobj: -------------------------------------
26201000: system.memobj: cpu->mem Got request for addr 0x94b40 , 609088
26201000: system.memobj: size 0x8
26201000: system.memobj: id 94061721693008
26201000: system.memobj: data_hex : 0800000000000000 
26201000: system.memobj: data : 0000100000000000000000000000000000000000000000000000000000000000 
26201000: system.memobj: hamming code addr: 609088 
26201000: system.memobj: hamming code : 9 
26201000: system.memobj: hamming code addr: 609096 
26201000: system.memobj: hamming code : 0 
26201000: system.memobj: hamming code addr: 609104 
26201000: system.memobj: hamming code : 0 
26201000: system.memobj: hamming code addr: 609112 
26201000: system.memobj: hamming code : 0 
26201000: system.memobj: hamming code addr: 609120 
26201000: system.memobj: hamming code : 0 
26201000: system.memobj: hamming code addr: 609128 
26201000: system.memobj: hamming code : 0 
26201000: system.memobj: hamming code addr: 609136 
26201000: system.memobj: hamming code : 0 
26201000: system.memobj: hamming code addr: 609144 
26201000: system.memobj: hamming code : 0 
26201000: system.memobj: Enter Error Bit index: 6 
26201000: system.memobj: flip data : 0000110000000000000000000000000000000000000000000000000000000000 
26201000: system.memobj: -------------------------------------
26271000: system.memobj: mem->cpu Got response for addr 0x9d48 , 40264
26271000: system.memobj: size 0x8
26271000: system.memobj: id 94061721693008
26271000: system.memobj: data_hex : 4885C07435488B15 
26271000: system.memobj: data : 0100100010000101110000000111010000110101010010001000101100010101 
26271000: system.memobj: fix data : 0100100010000101110000000111010000110101010010001000101100010101 
26271000: system.memobj: -------------------------------------
26320000: system.memobj: mem->cpu Got response for addr 0x9d48 , 40264
26320000: system.memobj: size 0x8
26320000: system.memobj: id 94061721692720
26320000: system.memobj: data_hex : 4885C07435488B15 
26320000: system.memobj: data : 0100100010000101110000000111010000110101010010001000101100010101 
26320000: system.memobj: fix data : 0100100010000101110000000111010000110101010010001000101100010101 
26320000: system.memobj: -------------------------------------
26383000: system.memobj: mem->cpu Got response for addr 0x9d48 , 40264
26383000: system.memobj: size 0x8
26383000: system.memobj: id 94061721693008
26383000: system.memobj: data_hex : 4885C07435488B15 
26383000: system.memobj: data : 0100100010000101110000000111010000110101010010001000101100010101 
26383000: system.memobj: fix data : 0100100010000101110000000111010000110101010010001000101100010101 
26383000: system.memobj: -------------------------------------
26432000: system.memobj: mem->cpu Got response for addr 0x9d50 , 40272
26432000: system.memobj: size 0x8
26432000: system.memobj: id 94061721692720
26432000: system.memobj: data_hex : BC9718004889C148 
26432000: system.memobj: data : 1011110010010111000110000000000001001000100010011100000101001000 
26432000: system.memobj: fix data : 1011110010010111000110000000000001001000100010011100000101001000 
26432000: system.memobj: -------------------------------------
26452000: system.memobj: mem->cpu Got response for addr 0x93510 , 603408
26452000: system.memobj: size 0x8
26452000: system.memobj: id 94061721693296
26452000: system.memobj: data_hex : 1500000000000000 
26452000: system.memobj: data : 0001010100000000000000000000000000000000000000000000000000000000 
26452000: system.memobj: hamming code addr: 603408 
26452000: system.memobj: hamming code out: 6 
26452000: system.memobj: find Error Bit index : 4 
26452000: system.memobj: hamming code addr: 603416 
26452000: system.memobj: hamming code out: 0 
26452000: system.memobj: hamming code addr: 603424 
26452000: system.memobj: hamming code out: 0 
26452000: system.memobj: hamming code addr: 603432 
26452000: system.memobj: hamming code out: 0 
26452000: system.memobj: hamming code addr: 603440 
26452000: system.memobj: hamming code out: 0 
26452000: system.memobj: hamming code addr: 603448 
26452000: system.memobj: hamming code out: 0 
26452000: system.memobj: hamming code addr: 603456 
26452000: system.memobj: hamming code out: 0 
26452000: system.memobj: hamming code addr: 603464 
26452000: system.memobj: hamming code out: 0 
26452000: system.memobj: fix data : 0000010100000000000000000000000000000000000000000000000000000000 
26452000: system.memobj: -------------------------------------
26501000: system.memobj: mem->cpu Got response for addr 0x9d50 , 40272
26501000: system.memobj: size 0x8
26501000: system.memobj: id 94061721693296
26501000: system.memobj: data_hex : BC9718004889C148 
26501000: system.memobj: data : 1011110010010111000110000000000001001000100010011100000101001000 
26501000: system.memobj: fix data : 1011110010010111000110000000000001001000100010011100000101001000 
26501000: system.memobj: -------------------------------------
26550000: system.memobj: mem->cpu Got response for addr 0x9d50 , 40272
26550000: system.memobj: size 0x8
26550000: system.memobj: id 94061721692720
26550000: system.memobj: data_hex : BC9718004889C148 
26550000: system.memobj: data : 1011110010010111000110000000000001001000100010011100000101001000 
26550000: system.memobj: fix data : 1011110010010111000110000000000001001000100010011100000101001000 
26550000: system.memobj: -------------------------------------
26599000: system.memobj: mem->cpu Got response for addr 0x9d58 , 40280
26599000: system.memobj: size 0x8
26599000: system.memobj: id 94061721693296
26599000: system.memobj: data_hex : 8D04D50000000048 
26599000: system.memobj: data : 1000110100000100110101010000000000000000000000000000000001001000 
26599000: system.memobj: fix data : 1000110100000100110101010000000000000000000000000000000001001000 
26599000: system.memobj: -------------------------------------
26648000: system.memobj: mem->cpu Got response for addr 0x9d58 , 40280
26648000: system.memobj: size 0x8
26648000: system.memobj: id 94061721693584
26648000: system.memobj: data_hex : 8D04D50000000048 
26648000: system.memobj: data : 1000110100000100110101010000000000000000000000000000000001001000 
26648000: system.memobj: fix data : 1000110100000100110101010000000000000000000000000000000001001000 
26648000: system.memobj: -------------------------------------
26697000: system.memobj: mem->cpu Got response for addr 0x9d60 , 40288
26697000: system.memobj: size 0x8
26697000: system.memobj: id 94061721693296
26697000: system.memobj: data_hex : 29D0488D04C14839 
26697000: system.memobj: data : 0010100111010000010010001000110100000100110000010100100000111001 
26697000: system.memobj: fix data : 0010100111010000010010001000110100000100110000010100100000111001 
26697000: system.memobj: -------------------------------------
26746000: system.memobj: mem->cpu Got response for addr 0x9d60 , 40288
26746000: system.memobj: size 0x8
26746000: system.memobj: id 94061721693584
26746000: system.memobj: data_hex : 29D0488D04C14839 
26746000: system.memobj: data : 0010100111010000010010001000110100000100110000010100100000111001 
26746000: system.memobj: fix data : 0010100111010000010010001000110100000100110000010100100000111001 
26746000: system.memobj: -------------------------------------
26795000: system.memobj: mem->cpu Got response for addr 0x9d60 , 40288
26795000: system.memobj: size 0x8
26795000: system.memobj: id 94061721693872
26795000: system.memobj: data_hex : 29D0488D04C14839 
26795000: system.memobj: data : 0010100111010000010010001000110100000100110000010100100000111001 
26795000: system.memobj: fix data : 0010100111010000010010001000110100000100110000010100100000111001 
26795000: system.memobj: -------------------------------------
26844000: system.memobj: mem->cpu Got response for addr 0x9d68 , 40296
26844000: system.memobj: size 0x8
26844000: system.memobj: id 94061721693584
26844000: system.memobj: data_hex : C876176666906690 
26844000: system.memobj: data : 1100100001110110000101110110011001100110100100000110011010010000 
26844000: system.memobj: fix data : 1100100001110110000101110110011001100110100100000110011010010000 
26844000: system.memobj: -------------------------------------
26893000: system.memobj: mem->cpu Got response for addr 0x9d68 , 40296
26893000: system.memobj: size 0x8
26893000: system.memobj: id 94061721693872
26893000: system.memobj: data_hex : C876176666906690 
26893000: system.memobj: data : 1100100001110110000101110110011001100110100100000110011010010000 
26893000: system.memobj: fix data : 1100100001110110000101110110011001100110100100000110011010010000 
26893000: system.memobj: -------------------------------------
26942000: system.memobj: mem->cpu Got response for addr 0x9d68 , 40296
26942000: system.memobj: size 0x8
26942000: system.memobj: id 94061721693584
26942000: system.memobj: data_hex : C876176666906690 
26942000: system.memobj: data : 1100100001110110000101110110011001100110100100000110011010010000 
26942000: system.memobj: fix data : 1100100001110110000101110110011001100110100100000110011010010000 
26942000: system.memobj: -------------------------------------
26991000: system.memobj: mem->cpu Got response for addr 0x9d68 , 40296
26991000: system.memobj: size 0x8
26991000: system.memobj: id 94061721693872
26991000: system.memobj: data_hex : C876176666906690 
26991000: system.memobj: data : 1100100001110110000101110110011001100110100100000110011010010000 
26991000: system.memobj: fix data : 1100100001110110000101110110011001100110100100000110011010010000 
26991000: system.memobj: -------------------------------------
27040000: system.memobj: mem->cpu Got response for addr 0x9d70 , 40304
27040000: system.memobj: size 0x8
27040000: system.memobj: id 94061721693584
27040000: system.memobj: data_hex : 8339070F84D90100 
27040000: system.memobj: data : 1000001100111001000001110000111110000100110110010000000100000000 
27040000: system.memobj: fix data : 1000001100111001000001110000111110000100110110010000000100000000 
27040000: system.memobj: -------------------------------------
27103000: system.memobj: mem->cpu Got response for addr 0x40 , 64
27103000: system.memobj: size 0x4
27103000: system.memobj: id 94061721694160
27103000: system.memobj: data_hex : 01000000 
27103000: system.memobj: data : 00000001000000000000000000000000 
27103000: system.memobj: fix data : 00000001000000000000000000000000 
27103000: system.memobj: -------------------------------------
27152000: system.memobj: mem->cpu Got response for addr 0x9d70 , 40304
27152000: system.memobj: size 0x8
27152000: system.memobj: id 94061721694160
27152000: system.memobj: data_hex : 8339070F84D90100 
27152000: system.memobj: data : 1000001100111001000001110000111110000100110110010000000100000000 
27152000: system.memobj: fix data : 1000001100111001000001110000111110000100110110010000000100000000 
27152000: system.memobj: -------------------------------------
27201000: system.memobj: mem->cpu Got response for addr 0x9d78 , 40312
27201000: system.memobj: size 0x8
27201000: system.memobj: id 94061721693584
27201000: system.memobj: data_hex : 004883C1384839C8 
27201000: system.memobj: data : 0000000001001000100000111100000100111000010010000011100111001000 
27201000: system.memobj: fix data : 0000000001001000100000111100000100111000010010000011100111001000 
27201000: system.memobj: -------------------------------------
27264000: system.memobj: mem->cpu Got response for addr 0x9d78 , 40312
27264000: system.memobj: size 0x8
27264000: system.memobj: id 94061721694160
27264000: system.memobj: data_hex : 004883C1384839C8 
27264000: system.memobj: data : 0000000001001000100000111100000100111000010010000011100111001000 
27264000: system.memobj: fix data : 0000000001001000100000111100000100111000010010000011100111001000 
27264000: system.memobj: -------------------------------------
27313000: system.memobj: mem->cpu Got response for addr 0x9d78 , 40312
27313000: system.memobj: size 0x8
27313000: system.memobj: id 94061721693584
27313000: system.memobj: data_hex : 004883C1384839C8 
27313000: system.memobj: data : 0000000001001000100000111100000100111000010010000011100111001000 
27313000: system.memobj: fix data : 0000000001001000100000111100000100111000010010000011100111001000 
27313000: system.memobj: -------------------------------------
27362000: system.memobj: mem->cpu Got response for addr 0x9d80 , 40320
27362000: system.memobj: size 0x8
27362000: system.memobj: id 94061721694160
27362000: system.memobj: data_hex : 77EE4D85ED0F94C2 
27362000: system.memobj: data : 0111011111101110010011011000010111101101000011111001010011000010 
27362000: system.memobj: fix data : 0111011111101110010011011000010111101101000011111001010011000010 
27362000: system.memobj: -------------------------------------
27411000: system.memobj: mem->cpu Got response for addr 0x9d70 , 40304
27411000: system.memobj: size 0x8
27411000: system.memobj: id 94061721693584
27411000: system.memobj: data_hex : 8339070F84D90100 
27411000: system.memobj: data : 1000001100111001000001110000111110000100110110010000000100000000 
27411000: system.memobj: fix data : 1000001100111001000001110000111110000100110110010000000100000000 
27411000: system.memobj: -------------------------------------
27460000: system.memobj: mem->cpu Got response for addr 0x78 , 120
27460000: system.memobj: size 0x4
27460000: system.memobj: id 94061721694160
27460000: system.memobj: data_hex : 01000000 
27460000: system.memobj: data : 00000001000000000000000000000000 
27460000: system.memobj: fix data : 00000001000000000000000000000000 
27460000: system.memobj: -------------------------------------
27509000: system.memobj: mem->cpu Got response for addr 0x9d70 , 40304
27509000: system.memobj: size 0x8
27509000: system.memobj: id 94061721694160
27509000: system.memobj: data_hex : 8339070F84D90100 
27509000: system.memobj: data : 1000001100111001000001110000111110000100110110010000000100000000 
27509000: system.memobj: fix data : 1000001100111001000001110000111110000100110110010000000100000000 
27509000: system.memobj: -------------------------------------
27558000: system.memobj: mem->cpu Got response for addr 0x9d78 , 40312
27558000: system.memobj: size 0x8
27558000: system.memobj: id 94061721693584
27558000: system.memobj: data_hex : 004883C1384839C8 
27558000: system.memobj: data : 0000000001001000100000111100000100111000010010000011100111001000 
27558000: system.memobj: fix data : 0000000001001000100000111100000100111000010010000011100111001000 
27558000: system.memobj: -------------------------------------
27607000: system.memobj: mem->cpu Got response for addr 0x9d78 , 40312
27607000: system.memobj: size 0x8
27607000: system.memobj: id 94061721694160
27607000: system.memobj: data_hex : 004883C1384839C8 
27607000: system.memobj: data : 0000000001001000100000111100000100111000010010000011100111001000 
27607000: system.memobj: fix data : 0000000001001000100000111100000100111000010010000011100111001000 
27607000: system.memobj: -------------------------------------
27656000: system.memobj: mem->cpu Got response for addr 0x9d78 , 40312
27656000: system.memobj: size 0x8
27656000: system.memobj: id 94061721693584
27656000: system.memobj: data_hex : 004883C1384839C8 
27656000: system.memobj: data : 0000000001001000100000111100000100111000010010000011100111001000 
27656000: system.memobj: fix data : 0000000001001000100000111100000100111000010010000011100111001000 
27656000: system.memobj: -------------------------------------
27705000: system.memobj: mem->cpu Got response for addr 0x9d80 , 40320
27705000: system.memobj: size 0x8
27705000: system.memobj: id 94061721694160
27705000: system.memobj: data_hex : 77EE4D85ED0F94C2 
27705000: system.memobj: data : 0111011111101110010011011000010111101101000011111001010011000010 
27705000: system.memobj: fix data : 0111011111101110010011011000010111101101000011111001010011000010 
27705000: system.memobj: -------------------------------------
27754000: system.memobj: mem->cpu Got response for addr 0x9d70 , 40304
27754000: system.memobj: size 0x8
27754000: system.memobj: id 94061721693584
27754000: system.memobj: data_hex : 8339070F84D90100 
27754000: system.memobj: data : 1000001100111001000001110000111110000100110110010000000100000000 
27754000: system.memobj: fix data : 1000001100111001000001110000111110000100110110010000000100000000 
27754000: system.memobj: -------------------------------------
27803000: system.memobj: mem->cpu Got response for addr 0xb0 , 176
27803000: system.memobj: size 0x4
27803000: system.memobj: id 94061721694160
27803000: system.memobj: data_hex : 04000000 
27803000: system.memobj: data : 00000100000000000000000000000000 
27803000: system.memobj: fix data : 00000100000000000000000000000000 
27803000: system.memobj: -------------------------------------
27852000: system.memobj: mem->cpu Got response for addr 0x9d70 , 40304
27852000: system.memobj: size 0x8
27852000: system.memobj: id 94061721694160
27852000: system.memobj: data_hex : 8339070F84D90100 
27852000: system.memobj: data : 1000001100111001000001110000111110000100110110010000000100000000 
27852000: system.memobj: fix data : 1000001100111001000001110000111110000100110110010000000100000000 
27852000: system.memobj: -------------------------------------
27901000: system.memobj: mem->cpu Got response for addr 0x9d78 , 40312
27901000: system.memobj: size 0x8
27901000: system.memobj: id 94061721693584
27901000: system.memobj: data_hex : 004883C1384839C8 
27901000: system.memobj: data : 0000000001001000100000111100000100111000010010000011100111001000 
27901000: system.memobj: fix data : 0000000001001000100000111100000100111000010010000011100111001000 
27901000: system.memobj: -------------------------------------
27950000: system.memobj: mem->cpu Got response for addr 0x9d78 , 40312
27950000: system.memobj: size 0x8
27950000: system.memobj: id 94061721694160
27950000: system.memobj: data_hex : 004883C1384839C8 
27950000: system.memobj: data : 0000000001001000100000111100000100111000010010000011100111001000 
27950000: system.memobj: fix data : 0000000001001000100000111100000100111000010010000011100111001000 
27950000: system.memobj: -------------------------------------
27999000: system.memobj: mem->cpu Got response for addr 0x9d78 , 40312
27999000: system.memobj: size 0x8
27999000: system.memobj: id 94061721693584
27999000: system.memobj: data_hex : 004883C1384839C8 
27999000: system.memobj: data : 0000000001001000100000111100000100111000010010000011100111001000 
27999000: system.memobj: fix data : 0000000001001000100000111100000100111000010010000011100111001000 
27999000: system.memobj: -------------------------------------
28048000: system.memobj: mem->cpu Got response for addr 0x9d80 , 40320
28048000: system.memobj: size 0x8
28048000: system.memobj: id 94061721694160
28048000: system.memobj: data_hex : 77EE4D85ED0F94C2 
28048000: system.memobj: data : 0111011111101110010011011000010111101101000011111001010011000010 
28048000: system.memobj: fix data : 0111011111101110010011011000010111101101000011111001010011000010 
28048000: system.memobj: -------------------------------------
28097000: system.memobj: mem->cpu Got response for addr 0x9d70 , 40304
28097000: system.memobj: size 0x8
28097000: system.memobj: id 94061721693584
28097000: system.memobj: data_hex : 8339070F84D90100 
28097000: system.memobj: data : 1000001100111001000001110000111110000100110110010000000100000000 
28097000: system.memobj: fix data : 1000001100111001000001110000111110000100110110010000000100000000 
28097000: system.memobj: -------------------------------------
28146000: system.memobj: mem->cpu Got response for addr 0xe8 , 232
28146000: system.memobj: size 0x4
28146000: system.memobj: id 94061721694160
28146000: system.memobj: data_hex : 51E57464 
28146000: system.memobj: data : 01010001111001010111010001100100 
28146000: system.memobj: fix data : 01010001111001010111010001100100 
28146000: system.memobj: -------------------------------------
28209000: system.memobj: mem->cpu Got response for addr 0x9d70 , 40304
28209000: system.memobj: size 0x8
28209000: system.memobj: id 94061721694160
28209000: system.memobj: data_hex : 8339070F84D90100 
28209000: system.memobj: data : 1000001100111001000001110000111110000100110110010000000100000000 
28209000: system.memobj: fix data : 1000001100111001000001110000111110000100110110010000000100000000 
28209000: system.memobj: -------------------------------------
28258000: system.memobj: mem->cpu Got response for addr 0x9d78 , 40312
28258000: system.memobj: size 0x8
28258000: system.memobj: id 94061721693584
28258000: system.memobj: data_hex : 004883C1384839C8 
28258000: system.memobj: data : 0000000001001000100000111100000100111000010010000011100111001000 
28258000: system.memobj: fix data : 0000000001001000100000111100000100111000010010000011100111001000 
28258000: system.memobj: -------------------------------------
28307000: system.memobj: mem->cpu Got response for addr 0x9d78 , 40312
28307000: system.memobj: size 0x8
28307000: system.memobj: id 94061721694160
28307000: system.memobj: data_hex : 004883C1384839C8 
28307000: system.memobj: data : 0000000001001000100000111100000100111000010010000011100111001000 
28307000: system.memobj: fix data : 0000000001001000100000111100000100111000010010000011100111001000 
28307000: system.memobj: -------------------------------------
28356000: system.memobj: mem->cpu Got response for addr 0x9d78 , 40312
28356000: system.memobj: size 0x8
28356000: system.memobj: id 94061721693584
28356000: system.memobj: data_hex : 004883C1384839C8 
28356000: system.memobj: data : 0000000001001000100000111100000100111000010010000011100111001000 
28356000: system.memobj: fix data : 0000000001001000100000111100000100111000010010000011100111001000 
28356000: system.memobj: -------------------------------------
28405000: system.memobj: mem->cpu Got response for addr 0x9d80 , 40320
28405000: system.memobj: size 0x8
28405000: system.memobj: id 94061721694160
28405000: system.memobj: data_hex : 77EE4D85ED0F94C2 
28405000: system.memobj: data : 0111011111101110010011011000010111101101000011111001010011000010 
28405000: system.memobj: fix data : 0111011111101110010011011000010111101101000011111001010011000010 
28405000: system.memobj: -------------------------------------
28454000: system.memobj: mem->cpu Got response for addr 0x9d70 , 40304
28454000: system.memobj: size 0x8
28454000: system.memobj: id 94061721693584
28454000: system.memobj: data_hex : 8339070F84D90100 
28454000: system.memobj: data : 1000001100111001000001110000111110000100110110010000000100000000 
28454000: system.memobj: fix data : 1000001100111001000001110000111110000100110110010000000100000000 
28454000: system.memobj: -------------------------------------
28503000: system.memobj: mem->cpu Got response for addr 0x120 , 288
28503000: system.memobj: size 0x4
28503000: system.memobj: id 94061721694160
28503000: system.memobj: data_hex : 80150465 
28503000: system.memobj: data : 10000000000101010000010001100101 
28503000: system.memobj: fix data : 10000000000101010000010001100101 
28503000: system.memobj: -------------------------------------
28552000: system.memobj: mem->cpu Got response for addr 0x9d70 , 40304
28552000: system.memobj: size 0x8
28552000: system.memobj: id 94061721694160
28552000: system.memobj: data_hex : 8339070F84D90100 
28552000: system.memobj: data : 1000001100111001000001110000111110000100110110010000000100000000 
28552000: system.memobj: fix data : 1000001100111001000001110000111110000100110110010000000100000000 
28552000: system.memobj: -------------------------------------
28601000: system.memobj: mem->cpu Got response for addr 0x9d78 , 40312
28601000: system.memobj: size 0x8
28601000: system.memobj: id 94061721693584
28601000: system.memobj: data_hex : 004883C1384839C8 
28601000: system.memobj: data : 0000000001001000100000111100000100111000010010000011100111001000 
28601000: system.memobj: fix data : 0000000001001000100000111100000100111000010010000011100111001000 
28601000: system.memobj: -------------------------------------
28650000: system.memobj: mem->cpu Got response for addr 0x9d78 , 40312
28650000: system.memobj: size 0x8
28650000: system.memobj: id 94061721694160
28650000: system.memobj: data_hex : 004883C1384839C8 
28650000: system.memobj: data : 0000000001001000100000111100000100111000010010000011100111001000 
28650000: system.memobj: fix data : 0000000001001000100000111100000100111000010010000011100111001000 
28650000: system.memobj: -------------------------------------
28699000: system.memobj: mem->cpu Got response for addr 0x9d78 , 40312
28699000: system.memobj: size 0x8
28699000: system.memobj: id 94061721693584
28699000: system.memobj: data_hex : 004883C1384839C8 
28699000: system.memobj: data : 0000000001001000100000111100000100111000010010000011100111001000 
28699000: system.memobj: fix data : 0000000001001000100000111100000100111000010010000011100111001000 
28699000: system.memobj: -------------------------------------
28748000: system.memobj: mem->cpu Got response for addr 0x9d80 , 40320
28748000: system.memobj: size 0x8
28748000: system.memobj: id 94061721694160
28748000: system.memobj: data_hex : 77EE4D85ED0F94C2 
28748000: system.memobj: data : 0111011111101110010011011000010111101101000011111001010011000010 
28748000: system.memobj: fix data : 0111011111101110010011011000010111101101000011111001010011000010 
28748000: system.memobj: -------------------------------------
28797000: system.memobj: mem->cpu Got response for addr 0x9d80 , 40320
28797000: system.memobj: size 0x8
28797000: system.memobj: id 94061721693584
28797000: system.memobj: data_hex : 77EE4D85ED0F94C2 
28797000: system.memobj: data : 0111011111101110010011011000010111101101000011111001010011000010 
28797000: system.memobj: fix data : 0111011111101110010011011000010111101101000011111001010011000010 
28797000: system.memobj: -------------------------------------
28846000: system.memobj: mem->cpu Got response for addr 0x9d80 , 40320
28846000: system.memobj: size 0x8
28846000: system.memobj: id 94061721694160
28846000: system.memobj: data_hex : 77EE4D85ED0F94C2 
28846000: system.memobj: data : 0111011111101110010011011000010111101101000011111001010011000010 
28846000: system.memobj: fix data : 0111011111101110010011011000010111101101000011111001010011000010 
28846000: system.memobj: -------------------------------------
28895000: system.memobj: mem->cpu Got response for addr 0x9d88 , 40328
28895000: system.memobj: size 0x8
28895000: system.memobj: id 94061721693584
28895000: system.memobj: data_hex : 31C04983FF200F96 
28895000: system.memobj: data : 0011000111000000010010011000001111111111001000000000111110010110 
28895000: system.memobj: fix data : 0011000111000000010010011000001111111111001000000000111110010110 
28895000: system.memobj: -------------------------------------
28944000: system.memobj: mem->cpu Got response for addr 0x9d88 , 40328
28944000: system.memobj: size 0x8
28944000: system.memobj: id 94061721694160
28944000: system.memobj: data_hex : 31C04983FF200F96 
28944000: system.memobj: data : 0011000111000000010010011000001111111111001000000000111110010110 
28944000: system.memobj: fix data : 0011000111000000010010011000001111111111001000000000111110010110 
28944000: system.memobj: -------------------------------------
28993000: system.memobj: mem->cpu Got response for addr 0x9d88 , 40328
28993000: system.memobj: size 0x8
28993000: system.memobj: id 94061721693584
28993000: system.memobj: data_hex : 31C04983FF200F96 
28993000: system.memobj: data : 0011000111000000010010011000001111111111001000000000111110010110 
28993000: system.memobj: fix data : 0011000111000000010010011000001111111111001000000000111110010110 
28993000: system.memobj: -------------------------------------
29056000: system.memobj: mem->cpu Got response for addr 0x9d90 , 40336
29056000: system.memobj: size 0x8
29056000: system.memobj: id 94061721694160
29056000: system.memobj: data_hex : C085C27423488B5C 
29056000: system.memobj: data : 1100000010000101110000100111010000100011010010001000101101011100 
29056000: system.memobj: fix data : 1100000010000101110000100111010000100011010010001000101101011100 
29056000: system.memobj: -------------------------------------
29105000: system.memobj: mem->cpu Got response for addr 0x9d90 , 40336
29105000: system.memobj: size 0x8
29105000: system.memobj: id 94061721693584
29105000: system.memobj: data_hex : C085C27423488B5C 
29105000: system.memobj: data : 1100000010000101110000100111010000100011010010001000101101011100 
29105000: system.memobj: fix data : 1100000010000101110000100111010000100011010010001000101101011100 
29105000: system.memobj: -------------------------------------
29154000: system.memobj: mem->cpu Got response for addr 0x9d90 , 40336
29154000: system.memobj: size 0x8
29154000: system.memobj: id 94061721694160
29154000: system.memobj: data_hex : C085C27423488B5C 
29154000: system.memobj: data : 1100000010000101110000100111010000100011010010001000101101011100 
29154000: system.memobj: fix data : 1100000010000101110000100111010000100011010010001000101101011100 
29154000: system.memobj: -------------------------------------
29203000: system.memobj: mem->cpu Got response for addr 0x9d90 , 40336
29203000: system.memobj: size 0x8
29203000: system.memobj: id 94061721693584
29203000: system.memobj: data_hex : C085C27423488B5C 
29203000: system.memobj: data : 1100000010000101110000100111010000100011010010001000101101011100 
29203000: system.memobj: fix data : 1100000010000101110000100111010000100011010010001000101101011100 
29203000: system.memobj: -------------------------------------
29252000: system.memobj: mem->cpu Got response for addr 0x9d98 , 40344
29252000: system.memobj: size 0x8
29252000: system.memobj: id 94061721694160
29252000: system.memobj: data_hex : 2418488B6C24204C 
29252000: system.memobj: data : 0010010000011000010010001000101101101100001001000010000001001100 
29252000: system.memobj: fix data : 0010010000011000010010001000101101101100001001000010000001001100 
29252000: system.memobj: -------------------------------------
29315000: system.memobj: mem->cpu Got response for addr 0x94b58 , 609112
29315000: system.memobj: size 0x8
29315000: system.memobj: id 94061721694448
29315000: system.memobj: data_hex : B1EBFFFFFF7F0000 
29315000: system.memobj: data : 1011000111101011111111111111111111111111011111110000000000000000 
29315000: system.memobj: hamming code addr: 609112 
29315000: system.memobj: hamming code out: 2 
29315000: system.memobj: find Error Bit index : 8 
29315000: system.memobj: hamming code addr: 609120 
29315000: system.memobj: hamming code out: 14 
29315000: system.memobj: hamming code addr: 609128 
29315000: system.memobj: hamming code out: 3 
29315000: system.memobj: hamming code addr: 609136 
29315000: system.memobj: hamming code out: 3 
29315000: system.memobj: hamming code addr: 609144 
29315000: system.memobj: hamming code out: 3 
29315000: system.memobj: hamming code addr: 609152 
29315000: system.memobj: hamming code out: 0 
29315000: system.memobj: hamming code addr: 609160 
29315000: system.memobj: hamming code out: 0 
29315000: system.memobj: hamming code addr: 609168 
29315000: system.memobj: hamming code out: 0 
29315000: system.memobj: fix data : 1011000011101011111111111111111111111111011111110000000000000000 
29315000: system.memobj: -------------------------------------
29364000: system.memobj: mem->cpu Got response for addr 0x9d98 , 40344
29364000: system.memobj: size 0x8
29364000: system.memobj: id 94061721694448
29364000: system.memobj: data_hex : 2418488B6C24204C 
29364000: system.memobj: data : 0010010000011000010010001000101101101100001001000010000001001100 
29364000: system.memobj: fix data : 0010010000011000010010001000101101101100001001000010000001001100 
29364000: system.memobj: -------------------------------------
29413000: system.memobj: mem->cpu Got response for addr 0x94b60 , 609120
29413000: system.memobj: size 0x8
29413000: system.memobj: id 94061721694736
29413000: system.memobj: data_hex : 4000000000000000 
29413000: system.memobj: data : 0100000000000000000000000000000000000000000000000000000000000000 
29413000: system.memobj: hamming code addr: 609120 
29413000: system.memobj: hamming code out: 0 
29413000: system.memobj: find Error Bit index : 2 
29413000: system.memobj: hamming code addr: 609128 
29413000: system.memobj: hamming code out: 0 
29413000: system.memobj: hamming code addr: 609136 
29413000: system.memobj: hamming code out: 0 
29413000: system.memobj: hamming code addr: 609144 
29413000: system.memobj: hamming code out: 0 
29413000: system.memobj: hamming code addr: 609152 
29413000: system.memobj: hamming code out: 0 
29413000: system.memobj: hamming code addr: 609160 
29413000: system.memobj: hamming code out: 0 
29413000: system.memobj: hamming code addr: 609168 
29413000: system.memobj: hamming code out: 0 
29413000: system.memobj: hamming code addr: 609176 
29413000: system.memobj: hamming code out: 0 
29413000: system.memobj: fix data : 0000000000000000000000000000000000000000000000000000000000000000 
29413000: system.memobj: -------------------------------------
29462000: system.memobj: mem->cpu Got response for addr 0x9d98 , 40344
29462000: system.memobj: size 0x8
29462000: system.memobj: id 94061721694736
29462000: system.memobj: data_hex : 2418488B6C24204C 
29462000: system.memobj: data : 0010010000011000010010001000101101101100001001000010000001001100 
29462000: system.memobj: fix data : 0010010000011000010010001000101101101100001001000010000001001100 
29462000: system.memobj: -------------------------------------
29511000: system.memobj: mem->cpu Got response for addr 0x9da0 , 40352
29511000: system.memobj: size 0x8
29511000: system.memobj: id 94061721694448
29511000: system.memobj: data_hex : 8B6424284C8B6C24 
29511000: system.memobj: data : 1000101101100100001001000010100001001100100010110110110000100100 
29511000: system.memobj: fix data : 1000101101100100001001000010100001001100100010110110110000100100 
29511000: system.memobj: -------------------------------------
29560000: system.memobj: mem->cpu Got response for addr 0x94b68 , 609128
29560000: system.memobj: size 0x8
29560000: system.memobj: id 94061721695024
29560000: system.memobj: data_hex : 12ECFFFFFF7F0000 
29560000: system.memobj: data : 0001001011101100111111111111111111111111011111110000000000000000 
29560000: system.memobj: hamming code addr: 609128 
29560000: system.memobj: hamming code out: 10 
29560000: system.memobj: find Error Bit index : 3 
29560000: system.memobj: hamming code addr: 609136 
29560000: system.memobj: hamming code out: 3 
29560000: system.memobj: hamming code addr: 609144 
29560000: system.memobj: hamming code out: 3 
29560000: system.memobj: hamming code addr: 609152 
29560000: system.memobj: hamming code out: 3 
29560000: system.memobj: hamming code addr: 609160 
29560000: system.memobj: hamming code out: 3 
29560000: system.memobj: hamming code addr: 609168 
29560000: system.memobj: hamming code out: 0 
29560000: system.memobj: hamming code addr: 609176 
29560000: system.memobj: hamming code out: 0 
29560000: system.memobj: hamming code addr: 609184 
29560000: system.memobj: hamming code out: 0 
29560000: system.memobj: fix data : 0011001011101100111111111111111111111111011111110000000000000000 
29560000: system.memobj: -------------------------------------
29609000: system.memobj: mem->cpu Got response for addr 0x9da0 , 40352
29609000: system.memobj: size 0x8
29609000: system.memobj: id 94061721695024
29609000: system.memobj: data_hex : 8B6424284C8B6C24 
29609000: system.memobj: data : 1000101101100100001001000010100001001100100010110110110000100100 
29609000: system.memobj: fix data : 1000101101100100001001000010100001001100100010110110110000100100 
29609000: system.memobj: -------------------------------------
29658000: system.memobj: mem->cpu Got response for addr 0x9da8 , 40360
29658000: system.memobj: size 0x8
29658000: system.memobj: id 94061721694448
29658000: system.memobj: data_hex : 304C8B7424384C8B 
29658000: system.memobj: data : 0011000001001100100010110111010000100100001110000100110010001011 
29658000: system.memobj: fix data : 0011000001001100100010110111010000100100001110000100110010001011 
29658000: system.memobj: -------------------------------------
29678000: system.memobj: mem->cpu Got response for addr 0x94b70 , 609136
29678000: system.memobj: size 0x8
29678000: system.memobj: id 94061721695312
29678000: system.memobj: data_hex : 0300000000000000 
29678000: system.memobj: data : 0000001100000000000000000000000000000000000000000000000000000000 
29678000: system.memobj: hamming code addr: 609136 
29678000: system.memobj: hamming code out: 12 
29678000: system.memobj: find Error Bit index : 7 
29678000: system.memobj: hamming code addr: 609144 
29678000: system.memobj: hamming code out: 0 
29678000: system.memobj: hamming code addr: 609152 
29678000: system.memobj: hamming code out: 0 
29678000: system.memobj: hamming code addr: 609160 
29678000: system.memobj: hamming code out: 0 
29678000: system.memobj: hamming code addr: 609168 
29678000: system.memobj: hamming code out: 0 
29678000: system.memobj: hamming code addr: 609176 
29678000: system.memobj: hamming code out: 0 
29678000: system.memobj: hamming code addr: 609184 
29678000: system.memobj: hamming code out: 0 
29678000: system.memobj: hamming code addr: 609192 
29678000: system.memobj: hamming code out: 0 
29678000: system.memobj: fix data : 0000000100000000000000000000000000000000000000000000000000000000 
29678000: system.memobj: -------------------------------------
29727000: system.memobj: mem->cpu Got response for addr 0x9da8 , 40360
29727000: system.memobj: size 0x8
29727000: system.memobj: id 94061721695312
29727000: system.memobj: data_hex : 304C8B7424384C8B 
29727000: system.memobj: data : 0011000001001100100010110111010000100100001110000100110010001011 
29727000: system.memobj: fix data : 0011000001001100100010110111010000100100001110000100110010001011 
29727000: system.memobj: -------------------------------------
29776000: system.memobj: mem->cpu Got response for addr 0x94b78 , 609144
29776000: system.memobj: size 0x8
29776000: system.memobj: id 94061721695600
29776000: system.memobj: data_hex : C8EDFFFFFF7F0000 
29776000: system.memobj: data : 1100100011101101111111111111111111111111011111110000000000000000 
29776000: system.memobj: hamming code addr: 609144 
29776000: system.memobj: hamming code out: 8 
29776000: system.memobj: find Error Bit index : 4 
29776000: system.memobj: hamming code addr: 609152 
29776000: system.memobj: hamming code out: 15 
29776000: system.memobj: hamming code addr: 609160 
29776000: system.memobj: hamming code out: 3 
29776000: system.memobj: hamming code addr: 609168 
29776000: system.memobj: hamming code out: 3 
29776000: system.memobj: hamming code addr: 609176 
29776000: system.memobj: hamming code out: 3 
29776000: system.memobj: hamming code addr: 609184 
29776000: system.memobj: hamming code out: 0 
29776000: system.memobj: hamming code addr: 609192 
29776000: system.memobj: hamming code out: 0 
29776000: system.memobj: hamming code addr: 609200 
29776000: system.memobj: hamming code out: 0 
29776000: system.memobj: fix data : 1101100011101101111111111111111111111111011111110000000000000000 
29776000: system.memobj: -------------------------------------
29825000: system.memobj: mem->cpu Got response for addr 0x9da8 , 40360
29825000: system.memobj: size 0x8
29825000: system.memobj: id 94061721695600
29825000: system.memobj: data_hex : 304C8B7424384C8B 
29825000: system.memobj: data : 0011000001001100100010110111010000100100001110000100110010001011 
29825000: system.memobj: fix data : 0011000001001100100010110111010000100100001110000100110010001011 
29825000: system.memobj: -------------------------------------
29874000: system.memobj: mem->cpu Got response for addr 0x9db0 , 40368
29874000: system.memobj: size 0x8
29874000: system.memobj: id 94061721695312
29874000: system.memobj: data_hex : 7C24404883C448C3 
29874000: system.memobj: data : 0111110000100100010000000100100010000011110001000100100011000011 
29874000: system.memobj: fix data : 0111110000100100010000000100100010000011110001000100100011000011 
29874000: system.memobj: -------------------------------------
29923000: system.memobj: mem->cpu Got response for addr 0x94b80 , 609152
29923000: system.memobj: size 0x8
29923000: system.memobj: id 94061721695888
29923000: system.memobj: data_hex : 1000000000000000 
29923000: system.memobj: data : 0001000000000000000000000000000000000000000000000000000000000000 
29923000: system.memobj: hamming code addr: 609152 
29923000: system.memobj: hamming code out: 0 
29923000: system.memobj: find Error Bit index : 4 
29923000: system.memobj: hamming code addr: 609160 
29923000: system.memobj: hamming code out: 0 
29923000: system.memobj: hamming code addr: 609168 
29923000: system.memobj: hamming code out: 0 
29923000: system.memobj: hamming code addr: 609176 
29923000: system.memobj: hamming code out: 0 
29923000: system.memobj: hamming code addr: 609184 
29923000: system.memobj: hamming code out: 0 
29923000: system.memobj: hamming code addr: 609192 
29923000: system.memobj: hamming code out: 0 
29923000: system.memobj: hamming code addr: 609200 
29923000: system.memobj: hamming code out: 0 
29923000: system.memobj: hamming code addr: 609208 
29923000: system.memobj: hamming code out: 0 
29923000: system.memobj: fix data : 0000000000000000000000000000000000000000000000000000000000000000 
29923000: system.memobj: -------------------------------------
29972000: system.memobj: mem->cpu Got response for addr 0x9db0 , 40368
29972000: system.memobj: size 0x8
29972000: system.memobj: id 94061721695888
29972000: system.memobj: data_hex : 7C24404883C448C3 
29972000: system.memobj: data : 0111110000100100010000000100100010000011110001000100100011000011 
29972000: system.memobj: fix data : 0111110000100100010000000100100010000011110001000100100011000011 
29972000: system.memobj: -------------------------------------
30021000: system.memobj: mem->cpu Got response for addr 0x9db0 , 40368
30021000: system.memobj: size 0x8
30021000: system.memobj: id 94061721695312
30021000: system.memobj: data_hex : 7C24404883C448C3 
30021000: system.memobj: data : 0111110000100100010000000100100010000011110001000100100011000011 
30021000: system.memobj: fix data : 0111110000100100010000000100100010000011110001000100100011000011 
30021000: system.memobj: -------------------------------------
30070000: system.memobj: mem->cpu Got response for addr 0x94b88 , 609160
30070000: system.memobj: size 0x8
30070000: system.memobj: id 94061721695888
30070000: system.memobj: data_hex : 1A9B400000000000 
30070000: system.memobj: data : 0001101010011011010000000000000000000000000000000000000000000000 
30070000: system.memobj: hamming code addr: 609160 
30070000: system.memobj: hamming code out: 3 
30070000: system.memobj: find Error Bit index : 3 
30070000: system.memobj: hamming code addr: 609168 
30070000: system.memobj: hamming code out: 10 
30070000: system.memobj: hamming code addr: 609176 
30070000: system.memobj: hamming code out: 5 
30070000: system.memobj: hamming code addr: 609184 
30070000: system.memobj: hamming code out: 0 
30070000: system.memobj: hamming code addr: 609192 
30070000: system.memobj: hamming code out: 0 
30070000: system.memobj: hamming code addr: 609200 
30070000: system.memobj: hamming code out: 0 
30070000: system.memobj: hamming code addr: 609208 
30070000: system.memobj: hamming code out: 0 
30070000: system.memobj: hamming code addr: 609216 
30070000: system.memobj: hamming code out: 0 
30070000: system.memobj: fix data : 0011101010011011010000000000000000000000000000000000000000000000 
30070000: system.memobj: -------------------------------------
30119000: system.memobj: mem->cpu Got response for addr 0x9b38 , 39736
30119000: system.memobj: size 0x8
30119000: system.memobj: id 94061721695888
30119000: system.memobj: data_hex : 00004D85FF740C31 
30119000: system.memobj: data : 0000000000000000010011011000010111111111011101000000110000110001 
30119000: system.memobj: fix data : 0000000000000000010011011000010111111111011101000000110000110001 
30119000: system.memobj: -------------------------------------
30182000: system.memobj: mem->cpu Got response for addr 0x9b38 , 39736
30182000: system.memobj: size 0x8
30182000: system.memobj: id 94061721695312
30182000: system.memobj: data_hex : 00004D85FF740C31 
30182000: system.memobj: data : 0000000000000000010011011000010111111111011101000000110000110001 
30182000: system.memobj: fix data : 0000000000000000010011011000010111111111011101000000110000110001 
30182000: system.memobj: -------------------------------------
30231000: system.memobj: mem->cpu Got response for addr 0x9b48 , 39752
30231000: system.memobj: size 0x8
30231000: system.memobj: id 94061721695888
30231000: system.memobj: data_hex : 0F0000488B15A692 
30231000: system.memobj: data : 0000111100000000000000000100100010001011000101011010011010010010 
30231000: system.memobj: fix data : 0000111100000000000000000100100010001011000101011010011010010010 
30231000: system.memobj: -------------------------------------
30280000: system.memobj: mem->cpu Got response for addr 0x9b50 , 39760
30280000: system.memobj: size 0x8
30280000: system.memobj: id 94061721695312
30280000: system.memobj: data_hex : 18004C89F64489EF 
30280000: system.memobj: data : 0001100000000000010011001000100111110110010001001000100111101111 
30280000: system.memobj: fix data : 0001100000000000010011001000100111110110010001001000100111101111 
30280000: system.memobj: -------------------------------------
30300000: system.memobj: mem->cpu Got response for addr 0x92df8 , 601592
30300000: system.memobj: size 0x8
30300000: system.memobj: id 94061721696176
30300000: system.memobj: data_hex : F8EDFFFFFF7F0000 
30300000: system.memobj: data : 1111100011101101111111111111111111111111011111110000000000000000 
30300000: system.memobj: hamming code addr: 601592 
30300000: system.memobj: hamming code out: 9 
30300000: system.memobj: find Error Bit index : 4 
30300000: system.memobj: hamming code addr: 601600 
30300000: system.memobj: hamming code out: 15 
30300000: system.memobj: hamming code addr: 601608 
30300000: system.memobj: hamming code out: 3 
30300000: system.memobj: hamming code addr: 601616 
30300000: system.memobj: hamming code out: 3 
30300000: system.memobj: hamming code addr: 601624 
30300000: system.memobj: hamming code out: 3 
30300000: system.memobj: hamming code addr: 601632 
30300000: system.memobj: hamming code out: 0 
30300000: system.memobj: hamming code addr: 601640 
30300000: system.memobj: hamming code out: 0 
30300000: system.memobj: hamming code addr: 601648 
30300000: system.memobj: hamming code out: 0 
30300000: system.memobj: fix data : 1110100011101101111111111111111111111111011111110000000000000000 
30300000: system.memobj: -------------------------------------
30349000: system.memobj: mem->cpu Got response for addr 0x9b50 , 39760
30349000: system.memobj: size 0x8
30349000: system.memobj: id 94061721696176
30349000: system.memobj: data_hex : 18004C89F64489EF 
30349000: system.memobj: data : 0001100000000000010011001000100111110110010001001000100111101111 
30349000: system.memobj: fix data : 0001100000000000010011001000100111110110010001001000100111101111 
30349000: system.memobj: -------------------------------------
30398000: system.memobj: mem->cpu Got response for addr 0x9b50 , 39760
30398000: system.memobj: size 0x8
30398000: system.memobj: id 94061721695312
30398000: system.memobj: data_hex : 18004C89F64489EF 
30398000: system.memobj: data : 0001100000000000010011001000100111110110010001001000100111101111 
30398000: system.memobj: fix data : 0001100000000000010011001000100111110110010001001000100111101111 
30398000: system.memobj: -------------------------------------
30447000: system.memobj: mem->cpu Got response for addr 0x9b58 , 39768
30447000: system.memobj: size 0x8
30447000: system.memobj: id 94061721696176
30447000: system.memobj: data_hex : E813C7000048837C 
30447000: system.memobj: data : 1110100000010011110001110000000000000000010010001000001101111100 
30447000: system.memobj: fix data : 1110100000010011110001110000000000000000010010001000001101111100 
30447000: system.memobj: -------------------------------------
30447000: system.memobj: cpu->mem Got request for addr 0x94b88 , 609160
30447000: system.memobj: size 0x8
30447000: system.memobj: id 94061721696464
30447000: system.memobj: data_hex : 5D9B400000000000 
30447000: system.memobj: data : 0101110110011011010000000000000000000000000000000000000000000000 
30447000: system.memobj: hamming code addr: 609160 
30447000: system.memobj: hamming code : 13 
30447000: system.memobj: hamming code addr: 609168 
30447000: system.memobj: hamming code : 10 
30447000: system.memobj: hamming code addr: 609176 
30447000: system.memobj: hamming code : 5 
30447000: system.memobj: hamming code addr: 609184 
30447000: system.memobj: hamming code : 0 
30447000: system.memobj: hamming code addr: 609192 
30447000: system.memobj: hamming code : 0 
30447000: system.memobj: hamming code addr: 609200 
30447000: system.memobj: hamming code : 0 
30447000: system.memobj: hamming code addr: 609208 
30447000: system.memobj: hamming code : 0 
30447000: system.memobj: hamming code addr: 609216 
30447000: system.memobj: hamming code : 0 
30447000: system.memobj: Enter Error Bit index: 8 
30447000: system.memobj: flip data : 0101110010011011010000000000000000000000000000000000000000000000 
30447000: system.memobj: -------------------------------------
30531000: system.memobj: mem->cpu Got response for addr 0x16270 , 90736
30531000: system.memobj: size 0x8
30531000: system.memobj: id 94061721696464
30531000: system.memobj: data_hex : E96BFFFFFF666666 
30531000: system.memobj: data : 1110100101101011111111111111111111111111011001100110011001100110 
30531000: system.memobj: fix data : 1110100101101011111111111111111111111111011001100110011001100110 
30531000: system.memobj: -------------------------------------
30580000: system.memobj: mem->cpu Got response for addr 0x161e0 , 90592
30580000: system.memobj: size 0x8
30580000: system.memobj: id 94061721696176
30580000: system.memobj: data_hex : B80000000048895C 
30580000: system.memobj: data : 1011100000000000000000000000000000000000010010001000100101011100 
30580000: system.memobj: fix data : 1011100000000000000000000000000000000000010010001000100101011100 
30580000: system.memobj: -------------------------------------
30629000: system.memobj: mem->cpu Got response for addr 0x161e0 , 90592
30629000: system.memobj: size 0x8
30629000: system.memobj: id 94061721696464
30629000: system.memobj: data_hex : B80000000048895C 
30629000: system.memobj: data : 1011100000000000000000000000000000000000010010001000100101011100 
30629000: system.memobj: fix data : 1011100000000000000000000000000000000000010010001000100101011100 
30629000: system.memobj: -------------------------------------
30678000: system.memobj: mem->cpu Got response for addr 0x161e8 , 90600
30678000: system.memobj: size 0x8
30678000: system.memobj: id 94061721696176
30678000: system.memobj: data_hex : 24E848896C24F04C 
30678000: system.memobj: data : 0010010011101000010010001000100101101100001001001111000001001100 
30678000: system.memobj: fix data : 0010010011101000010010001000100101101100001001001111000001001100 
30678000: system.memobj: -------------------------------------
30678000: system.memobj: cpu->mem Got request for addr 0x94b70 , 609136
30678000: system.memobj: size 0x8
30678000: system.memobj: id 94061721696752
30678000: system.memobj: data_hex : B0EBFFFFFF7F0000 
30678000: system.memobj: data : 1011000011101011111111111111111111111111011111110000000000000000 
30678000: system.memobj: hamming code addr: 609136 
30678000: system.memobj: hamming code : 2 
30678000: system.memobj: hamming code addr: 609144 
30678000: system.memobj: hamming code : 14 
30678000: system.memobj: hamming code addr: 609152 
30678000: system.memobj: hamming code : 3 
30678000: system.memobj: hamming code addr: 609160 
30678000: system.memobj: hamming code : 3 
30678000: system.memobj: hamming code addr: 609168 
30678000: system.memobj: hamming code : 3 
30678000: system.memobj: hamming code addr: 609176 
30678000: system.memobj: hamming code : 0 
30678000: system.memobj: hamming code addr: 609184 
30678000: system.memobj: hamming code : 0 
30678000: system.memobj: hamming code addr: 609192 
30678000: system.memobj: hamming code : 0 
30678000: system.memobj: Enter Error Bit index: 2 
30678000: system.memobj: flip data : 1111000011101011111111111111111111111111011111110000000000000000 
30678000: system.memobj: -------------------------------------
30748000: system.memobj: mem->cpu Got response for addr 0x161e8 , 90600
30748000: system.memobj: size 0x8
30748000: system.memobj: id 94061721696752
30748000: system.memobj: data_hex : 24E848896C24F04C 
30748000: system.memobj: data : 0010010011101000010010001000100101101100001001001111000001001100 
30748000: system.memobj: fix data : 0010010011101000010010001000100101101100001001001111000001001100 
30748000: system.memobj: -------------------------------------
30748000: system.memobj: cpu->mem Got request for addr 0x94b78 , 609144
30748000: system.memobj: size 0x8
30748000: system.memobj: id 94061721697040
30748000: system.memobj: data_hex : 0000000000000000 
30748000: system.memobj: data : 0000000000000000000000000000000000000000000000000000000000000000 
30748000: system.memobj: hamming code addr: 609144 
30748000: system.memobj: hamming code : 0 
30748000: system.memobj: hamming code addr: 609152 
30748000: system.memobj: hamming code : 0 
30748000: system.memobj: hamming code addr: 609160 
30748000: system.memobj: hamming code : 0 
30748000: system.memobj: hamming code addr: 609168 
30748000: system.memobj: hamming code : 0 
30748000: system.memobj: hamming code addr: 609176 
30748000: system.memobj: hamming code : 0 
30748000: system.memobj: hamming code addr: 609184 
30748000: system.memobj: hamming code : 0 
30748000: system.memobj: hamming code addr: 609192 
30748000: system.memobj: hamming code : 0 
30748000: system.memobj: hamming code addr: 609200 
30748000: system.memobj: hamming code : 0 
30748000: system.memobj: Enter Error Bit index: 1 
30748000: system.memobj: flip data : 1000000000000000000000000000000000000000000000000000000000000000 
30748000: system.memobj: -------------------------------------
30818000: system.memobj: mem->cpu Got response for addr 0x161e8 , 90600
30818000: system.memobj: size 0x8
30818000: system.memobj: id 94061721697040
30818000: system.memobj: data_hex : 24E848896C24F04C 
30818000: system.memobj: data : 0010010011101000010010001000100101101100001001001111000001001100 
30818000: system.memobj: fix data : 0010010011101000010010001000100101101100001001001111000001001100 
30818000: system.memobj: -------------------------------------
30867000: system.memobj: mem->cpu Got response for addr 0x161f0 , 90608
30867000: system.memobj: size 0x8
30867000: system.memobj: id 94061721696752
30867000: system.memobj: data_hex : 896424F84889D348 
30867000: system.memobj: data : 1000100101100100001001001111100001001000100010011101001101001000 
30867000: system.memobj: fix data : 1000100101100100001001001111100001001000100010011101001101001000 
30867000: system.memobj: -------------------------------------
30867000: system.memobj: cpu->mem Got request for addr 0x94b80 , 609152
30867000: system.memobj: size 0x8
30867000: system.memobj: id 94061721697328
30867000: system.memobj: data_hex : 32ECFFFFFF7F0000 
30867000: system.memobj: data : 0011001011101100111111111111111111111111011111110000000000000000 
30867000: system.memobj: hamming code addr: 609152 
30867000: system.memobj: hamming code : 10 
30867000: system.memobj: hamming code addr: 609160 
30867000: system.memobj: hamming code : 3 
30867000: system.memobj: hamming code addr: 609168 
30867000: system.memobj: hamming code : 3 
30867000: system.memobj: hamming code addr: 609176 
30867000: system.memobj: hamming code : 3 
30867000: system.memobj: hamming code addr: 609184 
30867000: system.memobj: hamming code : 3 
30867000: system.memobj: hamming code addr: 609192 
30867000: system.memobj: hamming code : 0 
30867000: system.memobj: hamming code addr: 609200 
30867000: system.memobj: hamming code : 0 
30867000: system.memobj: hamming code addr: 609208 
30867000: system.memobj: hamming code : 0 
30867000: system.memobj: Enter Error Bit index: 4 
30867000: system.memobj: flip data : 0010001011101100111111111111111111111111011111110000000000000000 
30867000: system.memobj: -------------------------------------
30937000: system.memobj: mem->cpu Got response for addr 0x161f0 , 90608
30937000: system.memobj: size 0x8
30937000: system.memobj: id 94061721697328
30937000: system.memobj: data_hex : 896424F84889D348 
30937000: system.memobj: data : 1000100101100100001001001111100001001000100010011101001101001000 
30937000: system.memobj: fix data : 1000100101100100001001001111100001001000100010011101001101001000 
30937000: system.memobj: -------------------------------------
30986000: system.memobj: mem->cpu Got response for addr 0x161f0 , 90608
30986000: system.memobj: size 0x8
30986000: system.memobj: id 94061721696752
30986000: system.memobj: data_hex : 896424F84889D348 
30986000: system.memobj: data : 1000100101100100001001001111100001001000100010011101001101001000 
30986000: system.memobj: fix data : 1000100101100100001001001111100001001000100010011101001101001000 
30986000: system.memobj: -------------------------------------
31035000: system.memobj: mem->cpu Got response for addr 0x161f8 , 90616
31035000: system.memobj: size 0x8
31035000: system.memobj: id 94061721697328
31035000: system.memobj: data_hex : 83EC1831D24885C0 
31035000: system.memobj: data : 1000001111101100000110000011000111010010010010001000010111000000 
31035000: system.memobj: fix data : 1000001111101100000110000011000111010010010010001000010111000000 
31035000: system.memobj: -------------------------------------
31084000: system.memobj: mem->cpu Got response for addr 0x161f8 , 90616
31084000: system.memobj: size 0x8
31084000: system.memobj: id 94061721696752
31084000: system.memobj: data_hex : 83EC1831D24885C0 
31084000: system.memobj: data : 1000001111101100000110000011000111010010010010001000010111000000 
31084000: system.memobj: fix data : 1000001111101100000110000011000111010010010010001000010111000000 
31084000: system.memobj: -------------------------------------
31133000: system.memobj: mem->cpu Got response for addr 0x161f8 , 90616
31133000: system.memobj: size 0x8
31133000: system.memobj: id 94061721697328
31133000: system.memobj: data_hex : 83EC1831D24885C0 
31133000: system.memobj: data : 1000001111101100000110000011000111010010010010001000010111000000 
31133000: system.memobj: fix data : 1000001111101100000110000011000111010010010010001000010111000000 
31133000: system.memobj: -------------------------------------
31182000: system.memobj: mem->cpu Got response for addr 0x16200 , 90624
31182000: system.memobj: size 0x8
31182000: system.memobj: id 94061721696752
31182000: system.memobj: data_hex : 4189FC4889F57410 
31182000: system.memobj: data : 0100000110001001111111000100100010001001111101010111010000010000 
31182000: system.memobj: fix data : 0100000110001001111111000100100010001001111101010111010000010000 
31182000: system.memobj: -------------------------------------
31482000: system.memobj: mem->cpu Got response for addr 0x16200 , 90624
31482000: system.memobj: size 0x8
31482000: system.memobj: id 94061721697328
31482000: system.memobj: data_hex : 4189FC4889F57410 
31482000: system.memobj: data : 0100000110001001111111000100100010001001111101010111010000010000 
31482000: system.memobj: fix data : 0100000110001001111111000100100010001001111101010111010000010000 
31482000: system.memobj: -------------------------------------
31531000: system.memobj: mem->cpu Got response for addr 0x16200 , 90624
31531000: system.memobj: size 0x8
31531000: system.memobj: id 94061721696752
31531000: system.memobj: data_hex : 4189FC4889F57410 
31531000: system.memobj: data : 0100000110001001111111000100100010001001111101010111010000010000 
31531000: system.memobj: fix data : 0100000110001001111111000100100010001001111101010111010000010000 
31531000: system.memobj: -------------------------------------
31580000: system.memobj: mem->cpu Got response for addr 0x16218 , 90648
31580000: system.memobj: size 0x8
31580000: system.memobj: id 94061721697328
31580000: system.memobj: data_hex : 85D2891590A51600 
31580000: system.memobj: data : 1000010111010010100010010001010110010000101001010001011000000000 
31580000: system.memobj: fix data : 1000010111010010100010010001010110010000101001010001011000000000 
31580000: system.memobj: -------------------------------------
31629000: system.memobj: mem->cpu Got response for addr 0x16218 , 90648
31629000: system.memobj: size 0x8
31629000: system.memobj: id 94061721696752
31629000: system.memobj: data_hex : 85D2891590A51600 
31629000: system.memobj: data : 1000010111010010100010010001010110010000101001010001011000000000 
31629000: system.memobj: fix data : 1000010111010010100010010001010110010000101001010001011000000000 
31629000: system.memobj: -------------------------------------
31629000: system.memobj: cpu->mem Got request for addr 0x807b0 , 526256
31629000: system.memobj: size 0x4
31629000: system.memobj: id 94061721697616
31629000: system.memobj: data_hex : 00000000 
31629000: system.memobj: data : 00000000000000000000000000000000 
31629000: system.memobj: hamming code addr: 526256 
31629000: system.memobj: hamming code : 0 
31629000: system.memobj: hamming code addr: 526264 
31629000: system.memobj: hamming code : 0 
31629000: system.memobj: hamming code addr: 526272 
31629000: system.memobj: hamming code : 0 
31629000: system.memobj: hamming code addr: 526280 
31629000: system.memobj: hamming code : 0 
31629000: system.memobj: Enter Error Bit index: 3 
31629000: system.memobj: flip data : 00100000000000000000000000000000 
31629000: system.memobj: -------------------------------------
31699000: system.memobj: mem->cpu Got response for addr 0x16220 , 90656
31699000: system.memobj: size 0x8
31699000: system.memobj: id 94061721697616
31699000: system.memobj: data_hex : 743F4489256FD317 
31699000: system.memobj: data : 0111010000111111010001001000100100100101011011111101001100010111 
31699000: system.memobj: fix data : 0111010000111111010001001000100100100101011011111101001100010111 
31699000: system.memobj: -------------------------------------
31748000: system.memobj: mem->cpu Got response for addr 0x16260 , 90720
31748000: system.memobj: size 0x8
31748000: system.memobj: id 94061721696752
31748000: system.memobj: data_hex : FF0FB73D78A71600 
31748000: system.memobj: data : 1111111100001111101101110011110101111000101001110001011000000000 
31748000: system.memobj: fix data : 1111111100001111101101110011110101111000101001110001011000000000 
31748000: system.memobj: -------------------------------------
31811000: system.memobj: mem->cpu Got response for addr 0x809e0 , 526816
31811000: system.memobj: size 0x2
31811000: system.memobj: id 94061721697904
31811000: system.memobj: data_hex : 7F03 
31811000: system.memobj: data : 0111111100000011 
31811000: system.memobj: fix data : 0111111100000011 
31811000: system.memobj: -------------------------------------
31860000: system.memobj: mem->cpu Got response for addr 0x16268 , 90728
31860000: system.memobj: size 0x8
31860000: system.memobj: id 94061721697904
31860000: system.memobj: data_hex : E8433C0000EBB390 
31860000: system.memobj: data : 1110100001000011001111000000000000000000111010111011001110010000 
31860000: system.memobj: fix data : 1110100001000011001111000000000000000000111010111011001110010000 
31860000: system.memobj: -------------------------------------
31860000: system.memobj: cpu->mem Got request for addr 0x94b68 , 609128
31860000: system.memobj: size 0x8
31860000: system.memobj: id 94061722017808
31860000: system.memobj: data_hex : 6D62410000000000 
31860000: system.memobj: data : 0110110101100010010000010000000000000000000000000000000000000000 
31860000: system.memobj: hamming code addr: 609128 
31860000: system.memobj: hamming code : 12 
31860000: system.memobj: hamming code addr: 609136 
31860000: system.memobj: hamming code : 8 
31860000: system.memobj: hamming code addr: 609144 
31860000: system.memobj: hamming code : 9 
31860000: system.memobj: hamming code addr: 609152 
31860000: system.memobj: hamming code : 0 
31860000: system.memobj: hamming code addr: 609160 
31860000: system.memobj: hamming code : 0 
31860000: system.memobj: hamming code addr: 609168 
31860000: system.memobj: hamming code : 0 
31860000: system.memobj: hamming code addr: 609176 
31860000: system.memobj: hamming code : 0 
31860000: system.memobj: hamming code addr: 609184 
31860000: system.memobj: hamming code : 0 
31860000: system.memobj: Enter Error Bit index: 6 
31860000: system.memobj: flip data : 0110100101100010010000010000000000000000000000000000000000000000 
31860000: system.memobj: -------------------------------------
31944000: system.memobj: mem->cpu Got response for addr 0x19eb0 , 106160
31944000: system.memobj: size 0x8
31944000: system.memobj: id 94061722017808
31944000: system.memobj: data_hex : D97C24FE0FB74424 
31944000: system.memobj: data : 1101100101111100001001001111111000001111101101110100010000100100 
31944000: system.memobj: fix data : 1101100101111100001001001111111000001111101101110100010000100100 
31944000: system.memobj: -------------------------------------
31944000: system.memobj: cpu->mem Got request for addr 0x94b66 , 609126
31944000: system.memobj: size 0x2
31944000: system.memobj: id 94061722018096
31944000: system.memobj: data_hex : 0000 
31944000: system.memobj: data : 0000000000000000 
31944000: system.memobj: hamming code addr: 609126 
31944000: system.memobj: hamming code : 0 
31944000: system.memobj: hamming code addr: 609134 
31944000: system.memobj: hamming code : 0 
31944000: system.memobj: Enter Error Bit index: 2 
31944000: system.memobj: flip data : 0100000000000000 
31944000: system.memobj: -------------------------------------
32014000: system.memobj: mem->cpu Got response for addr 0x19eb0 , 106160
32014000: system.memobj: size 0x8
32014000: system.memobj: id 94061722018096
32014000: system.memobj: data_hex : D97C24FE0FB74424 
32014000: system.memobj: data : 1101100101111100001001001111111000001111101101110100010000100100 
32014000: system.memobj: fix data : 1101100101111100001001001111111000001111101101110100010000100100 
32014000: system.memobj: -------------------------------------
32063000: system.memobj: mem->cpu Got response for addr 0x19eb8 , 106168
32063000: system.memobj: size 0x8
32063000: system.memobj: id 94061722017808
32063000: system.memobj: data_hex : FE6681E73F0F6625 
32063000: system.memobj: data : 1111111001100110100000011110011100111111000011110110011000100101 
32063000: system.memobj: fix data : 1111111001100110100000011110011100111111000011110110011000100101 
32063000: system.memobj: -------------------------------------
32126000: system.memobj: mem->cpu Got response for addr 0x94b66 , 609126
32126000: system.memobj: size 0x2
32126000: system.memobj: id 94061722018384
32126000: system.memobj: data_hex : 4000 
32126000: system.memobj: data : 0100000000000000 
32126000: system.memobj: hamming code addr: 609126 
32126000: system.memobj: hamming code out: 0 
32126000: system.memobj: find Error Bit index : 2 
32126000: system.memobj: hamming code addr: 609134 
32126000: system.memobj: hamming code out: 0 
32126000: system.memobj: fix data : 0000000000000000 
32126000: system.memobj: -------------------------------------
32175000: system.memobj: mem->cpu Got response for addr 0x19eb8 , 106168
32175000: system.memobj: size 0x8
32175000: system.memobj: id 94061722018384
32175000: system.memobj: data_hex : FE6681E73F0F6625 
32175000: system.memobj: data : 1111111001100110100000011110011100111111000011110110011000100101 
32175000: system.memobj: fix data : 1111111001100110100000011110011100111111000011110110011000100101 
32175000: system.memobj: -------------------------------------
32224000: system.memobj: mem->cpu Got response for addr 0x19eb8 , 106168
32224000: system.memobj: size 0x8
32224000: system.memobj: id 94061722017808
32224000: system.memobj: data_hex : FE6681E73F0F6625 
32224000: system.memobj: data : 1111111001100110100000011110011100111111000011110110011000100101 
32224000: system.memobj: fix data : 1111111001100110100000011110011100111111000011110110011000100101 
32224000: system.memobj: -------------------------------------
32273000: system.memobj: mem->cpu Got response for addr 0x19ec0 , 106176
32273000: system.memobj: size 0x8
32273000: system.memobj: id 94061722018384
32273000: system.memobj: data_hex : C0F009C766897C24 
32273000: system.memobj: data : 1100000011110000000010011100011101100110100010010111110000100100 
32273000: system.memobj: fix data : 1100000011110000000010011100011101100110100010010111110000100100 
32273000: system.memobj: -------------------------------------
32322000: system.memobj: mem->cpu Got response for addr 0x19ec0 , 106176
32322000: system.memobj: size 0x8
32322000: system.memobj: id 94061722017808
32322000: system.memobj: data_hex : C0F009C766897C24 
32322000: system.memobj: data : 1100000011110000000010011100011101100110100010010111110000100100 
32322000: system.memobj: fix data : 1100000011110000000010011100011101100110100010010111110000100100 
32322000: system.memobj: -------------------------------------
32371000: system.memobj: mem->cpu Got response for addr 0x19ec0 , 106176
32371000: system.memobj: size 0x8
32371000: system.memobj: id 94061722018384
32371000: system.memobj: data_hex : C0F009C766897C24 
32371000: system.memobj: data : 1100000011110000000010011100011101100110100010010111110000100100 
32371000: system.memobj: fix data : 1100000011110000000010011100011101100110100010010111110000100100 
32371000: system.memobj: -------------------------------------
32420000: system.memobj: mem->cpu Got response for addr 0x19ec8 , 106184
32420000: system.memobj: size 0x8
32420000: system.memobj: id 94061722017808
32420000: system.memobj: data_hex : FED96C24FEC39090 
32420000: system.memobj: data : 1111111011011001011011000010010011111110110000111001000010010000 
32420000: system.memobj: fix data : 1111111011011001011011000010010011111110110000111001000010010000 
32420000: system.memobj: -------------------------------------
32420000: system.memobj: cpu->mem Got request for addr 0x94b66 , 609126
32420000: system.memobj: size 0x2
32420000: system.memobj: id 94061722018672
32420000: system.memobj: data_hex : 3F03 
32420000: system.memobj: data : 0011111100000011 
32420000: system.memobj: hamming code addr: 609126 
32420000: system.memobj: hamming code : 5 
32420000: system.memobj: hamming code addr: 609134 
32420000: system.memobj: hamming code : 7 
32420000: system.memobj: Enter Error Bit index: 2 
32420000: system.memobj: flip data : 0111111100000011 
32420000: system.memobj: -------------------------------------
32490000: system.memobj: mem->cpu Got response for addr 0x19ec8 , 106184
32490000: system.memobj: size 0x8
32490000: system.memobj: id 94061722018672
32490000: system.memobj: data_hex : FED96C24FEC39090 
32490000: system.memobj: data : 1111111011011001011011000010010011111110110000111001000010010000 
32490000: system.memobj: fix data : 1111111011011001011011000010010011111110110000111001000010010000 
32490000: system.memobj: -------------------------------------
32539000: system.memobj: mem->cpu Got response for addr 0x94b66 , 609126
32539000: system.memobj: size 0x2
32539000: system.memobj: id 94061722018960
32539000: system.memobj: data_hex : 7F03 
32539000: system.memobj: data : 0111111100000011 
32539000: system.memobj: hamming code addr: 609126 
32539000: system.memobj: hamming code out: 5 
32539000: system.memobj: find Error Bit index : 2 
32539000: system.memobj: hamming code addr: 609134 
32539000: system.memobj: hamming code out: 7 
32539000: system.memobj: fix data : 0011111100000011 
32539000: system.memobj: -------------------------------------
32588000: system.memobj: mem->cpu Got response for addr 0x19ec8 , 106184
32588000: system.memobj: size 0x8
32588000: system.memobj: id 94061722018960
32588000: system.memobj: data_hex : FED96C24FEC39090 
32588000: system.memobj: data : 1111111011011001011011000010010011111110110000111001000010010000 
32588000: system.memobj: fix data : 1111111011011001011011000010010011111110110000111001000010010000 
32588000: system.memobj: -------------------------------------
32637000: system.memobj: mem->cpu Got response for addr 0x94b68 , 609128
32637000: system.memobj: size 0x8
32637000: system.memobj: id 94061722018672
32637000: system.memobj: data_hex : 6962410000000000 
32637000: system.memobj: data : 0110100101100010010000010000000000000000000000000000000000000000 
32637000: system.memobj: hamming code addr: 609128 
32637000: system.memobj: hamming code out: 12 
32637000: system.memobj: find Error Bit index : 6 
32637000: system.memobj: hamming code addr: 609136 
32637000: system.memobj: hamming code out: 8 
32637000: system.memobj: hamming code addr: 609144 
32637000: system.memobj: hamming code out: 9 
32637000: system.memobj: hamming code addr: 609152 
32637000: system.memobj: hamming code out: 0 
32637000: system.memobj: hamming code addr: 609160 
32637000: system.memobj: hamming code out: 0 
32637000: system.memobj: hamming code addr: 609168 
32637000: system.memobj: hamming code out: 0 
32637000: system.memobj: hamming code addr: 609176 
32637000: system.memobj: hamming code out: 0 
32637000: system.memobj: hamming code addr: 609184 
32637000: system.memobj: hamming code out: 0 
32637000: system.memobj: fix data : 0110110101100010010000010000000000000000000000000000000000000000 
32637000: system.memobj: -------------------------------------
32686000: system.memobj: mem->cpu Got response for addr 0x16268 , 90728
32686000: system.memobj: size 0x8
32686000: system.memobj: id 94061722018672
32686000: system.memobj: data_hex : E8433C0000EBB390 
32686000: system.memobj: data : 1110100001000011001111000000000000000000111010111011001110010000 
32686000: system.memobj: fix data : 1110100001000011001111000000000000000000111010111011001110010000 
32686000: system.memobj: -------------------------------------
32735000: system.memobj: mem->cpu Got response for addr 0x16220 , 90656
32735000: system.memobj: size 0x8
32735000: system.memobj: id 94061722018960
32735000: system.memobj: data_hex : 743F4489256FD317 
32735000: system.memobj: data : 0111010000111111010001001000100100100101011011111101001100010111 
32735000: system.memobj: fix data : 0111010000111111010001001000100100100101011011111101001100010111 
32735000: system.memobj: -------------------------------------
32784000: system.memobj: mem->cpu Got response for addr 0x16228 , 90664
32784000: system.memobj: size 0x8
32784000: system.memobj: id 94061722018672
32784000: system.memobj: data_hex : 0048892D70D31700 
32784000: system.memobj: data : 0000000001001000100010010010110101110000110100110001011100000000 
32784000: system.memobj: fix data : 0000000001001000100010010010110101110000110100110001011100000000 
32784000: system.memobj: -------------------------------------
32784000: system.memobj: cpu->mem Got request for addr 0x93598 , 603544
32784000: system.memobj: size 0x4
32784000: system.memobj: id 94061722019248
32784000: system.memobj: data_hex : 01000000 
32784000: system.memobj: data : 00000001000000000000000000000000 
32784000: system.memobj: hamming code addr: 603544 
32784000: system.memobj: hamming code : 12 
32784000: system.memobj: hamming code addr: 603552 
32784000: system.memobj: hamming code : 0 
32784000: system.memobj: hamming code addr: 603560 
32784000: system.memobj: hamming code : 0 
32784000: system.memobj: hamming code addr: 603568 
32784000: system.memobj: hamming code : 0 
32784000: system.memobj: Enter Error Bit index: 4 
32784000: system.memobj: flip data : 00010001000000000000000000000000 
32784000: system.memobj: -------------------------------------
32854000: system.memobj: mem->cpu Got response for addr 0x16228 , 90664
32854000: system.memobj: size 0x8
32854000: system.memobj: id 94061722019248
32854000: system.memobj: data_hex : 0048892D70D31700 
32854000: system.memobj: data : 0000000001001000100010010010110101110000110100110001011100000000 
32854000: system.memobj: fix data : 0000000001001000100010010010110101110000110100110001011100000000 
32854000: system.memobj: -------------------------------------
32854000: system.memobj: cpu->mem Got request for addr 0x935a0 , 603552
32854000: system.memobj: size 0x8
32854000: system.memobj: id 94061722019536
32854000: system.memobj: data_hex : D8EDFFFFFF7F0000 
32854000: system.memobj: data : 1101100011101101111111111111111111111111011111110000000000000000 
32854000: system.memobj: hamming code addr: 603552 
32854000: system.memobj: hamming code : 8 
32854000: system.memobj: hamming code addr: 603560 
32854000: system.memobj: hamming code : 15 
32854000: system.memobj: hamming code addr: 603568 
32854000: system.memobj: hamming code : 3 
32854000: system.memobj: hamming code addr: 603576 
32854000: system.memobj: hamming code : 3 
32854000: system.memobj: hamming code addr: 603584 
32854000: system.memobj: hamming code : 3 
32854000: system.memobj: hamming code addr: 603592 
32854000: system.memobj: hamming code : 0 
32854000: system.memobj: hamming code addr: 603600 
32854000: system.memobj: hamming code : 0 
32854000: system.memobj: hamming code addr: 603608 
32854000: system.memobj: hamming code : 0 
32854000: system.memobj: Enter Error Bit index: 1 
32854000: system.memobj: flip data : 0101100011101101111111111111111111111111011111110000000000000000 
32854000: system.memobj: -------------------------------------
32924000: system.memobj: mem->cpu Got response for addr 0x16230 , 90672
32924000: system.memobj: size 0x8
32924000: system.memobj: id 94061722019536
32924000: system.memobj: data_hex : 48891DC1CB1700E8 
32924000: system.memobj: data : 0100100010001001000111011100000111001011000101110000000011101000 
32924000: system.memobj: fix data : 0100100010001001000111011100000111001011000101110000000011101000 
32924000: system.memobj: -------------------------------------
32924000: system.memobj: cpu->mem Got request for addr 0x92df8 , 601592
32924000: system.memobj: size 0x8
32924000: system.memobj: id 94061722019824
32924000: system.memobj: data_hex : E8EDFFFFFF7F0000 
32924000: system.memobj: data : 1110100011101101111111111111111111111111011111110000000000000000 
32924000: system.memobj: hamming code addr: 601592 
32924000: system.memobj: hamming code : 9 
32924000: system.memobj: hamming code addr: 601600 
32924000: system.memobj: hamming code : 15 
32924000: system.memobj: hamming code addr: 601608 
32924000: system.memobj: hamming code : 3 
32924000: system.memobj: hamming code addr: 601616 
32924000: system.memobj: hamming code : 3 
32924000: system.memobj: hamming code addr: 601624 
32924000: system.memobj: hamming code : 3 
32924000: system.memobj: hamming code addr: 601632 
32924000: system.memobj: hamming code : 0 
32924000: system.memobj: hamming code addr: 601640 
32924000: system.memobj: hamming code : 0 
32924000: system.memobj: hamming code addr: 601648 
32924000: system.memobj: hamming code : 0 
32924000: system.memobj: Enter Error Bit index: 2 
32924000: system.memobj: flip data : 1010100011101101111111111111111111111111011111110000000000000000 
32924000: system.memobj: -------------------------------------
32994000: system.memobj: mem->cpu Got response for addr 0x16230 , 90672
32994000: system.memobj: size 0x8
32994000: system.memobj: id 94061722019824
32994000: system.memobj: data_hex : 48891DC1CB1700E8 
32994000: system.memobj: data : 0100100010001001000111011100000111001011000101110000000011101000 
32994000: system.memobj: fix data : 0100100010001001000111011100000111001011000101110000000011101000 
32994000: system.memobj: -------------------------------------
33043000: system.memobj: mem->cpu Got response for addr 0x16238 , 90680
33043000: system.memobj: size 0x8
33043000: system.memobj: id 94061722019536
33043000: system.memobj: data_hex : 34FFFFFFE82FFAFF 
33043000: system.memobj: data : 0011010011111111111111111111111111101000001011111111101011111111 
33043000: system.memobj: fix data : 0011010011111111111111111111111111101000001011111111101011111111 
33043000: system.memobj: -------------------------------------
33043000: system.memobj: cpu->mem Got request for addr 0x94b68 , 609128
33043000: system.memobj: size 0x8
33043000: system.memobj: id 94061722020112
33043000: system.memobj: data_hex : 3C62410000000000 
33043000: system.memobj: data : 0011110001100010010000010000000000000000000000000000000000000000 
33043000: system.memobj: hamming code addr: 609128 
33043000: system.memobj: hamming code : 2 
33043000: system.memobj: hamming code addr: 609136 
33043000: system.memobj: hamming code : 8 
33043000: system.memobj: hamming code addr: 609144 
33043000: system.memobj: hamming code : 9 
33043000: system.memobj: hamming code addr: 609152 
33043000: system.memobj: hamming code : 0 
33043000: system.memobj: hamming code addr: 609160 
33043000: system.memobj: hamming code : 0 
33043000: system.memobj: hamming code addr: 609168 
33043000: system.memobj: hamming code : 0 
33043000: system.memobj: hamming code addr: 609176 
33043000: system.memobj: hamming code : 0 
33043000: system.memobj: hamming code addr: 609184 
33043000: system.memobj: hamming code : 0 
33043000: system.memobj: Enter Error Bit index: 7 
33043000: system.memobj: flip data : 0011111001100010010000010000000000000000000000000000000000000000 
33043000: system.memobj: -------------------------------------
33113000: system.memobj: mem->cpu Got response for addr 0x16170 , 90480
33113000: system.memobj: size 0x8
33113000: system.memobj: id 94061722020112
33113000: system.memobj: data_hex : 48895C24F048896C 
33113000: system.memobj: data : 0100100010001001010111000010010011110000010010001000100101101100 
33113000: system.memobj: fix data : 0100100010001001010111000010010011110000010010001000100101101100 
33113000: system.memobj: -------------------------------------
33113000: system.memobj: cpu->mem Got request for addr 0x94b58 , 609112
33113000: system.memobj: size 0x8
33113000: system.memobj: id 94061722020400
33113000: system.memobj: data_hex : E8EDFFFFFF7F0000 
33113000: system.memobj: data : 1110100011101101111111111111111111111111011111110000000000000000 
33113000: system.memobj: hamming code addr: 609112 
33113000: system.memobj: hamming code : 9 
33113000: system.memobj: hamming code addr: 609120 
33113000: system.memobj: hamming code : 15 
33113000: system.memobj: hamming code addr: 609128 
33113000: system.memobj: hamming code : 3 
33113000: system.memobj: hamming code addr: 609136 
33113000: system.memobj: hamming code : 3 
33113000: system.memobj: hamming code addr: 609144 
33113000: system.memobj: hamming code : 3 
33113000: system.memobj: hamming code addr: 609152 
33113000: system.memobj: hamming code : 0 
33113000: system.memobj: hamming code addr: 609160 
33113000: system.memobj: hamming code : 0 
33113000: system.memobj: hamming code addr: 609168 
33113000: system.memobj: hamming code : 0 
33113000: system.memobj: Enter Error Bit index: 5 
33113000: system.memobj: flip data : 1110000011101101111111111111111111111111011111110000000000000000 
33113000: system.memobj: -------------------------------------
33183000: system.memobj: mem->cpu Got response for addr 0x16170 , 90480
33183000: system.memobj: size 0x8
33183000: system.memobj: id 94061722020400
33183000: system.memobj: data_hex : 48895C24F048896C 
33183000: system.memobj: data : 0100100010001001010111000010010011110000010010001000100101101100 
33183000: system.memobj: fix data : 0100100010001001010111000010010011110000010010001000100101101100 
33183000: system.memobj: -------------------------------------
33246000: system.memobj: mem->cpu Got response for addr 0x16178 , 90488
33246000: system.memobj: size 0x8
33246000: system.memobj: id 94061722020112
33246000: system.memobj: data_hex : 24F84883EC188B05 
33246000: system.memobj: data : 0010010011111000010010001000001111101100000110001000101100000101 
33246000: system.memobj: fix data : 0010010011111000010010001000001111101100000110001000101100000101 
33246000: system.memobj: -------------------------------------
33246000: system.memobj: cpu->mem Got request for addr 0x94b60 , 609120
33246000: system.memobj: size 0x8
33246000: system.memobj: id 94061722020688
33246000: system.memobj: data_hex : D8EDFFFFFF7F0000 
33246000: system.memobj: data : 1101100011101101111111111111111111111111011111110000000000000000 
33246000: system.memobj: hamming code addr: 609120 
33246000: system.memobj: hamming code : 8 
33246000: system.memobj: hamming code addr: 609128 
33246000: system.memobj: hamming code : 15 
33246000: system.memobj: hamming code addr: 609136 
33246000: system.memobj: hamming code : 3 
33246000: system.memobj: hamming code addr: 609144 
33246000: system.memobj: hamming code : 3 
33246000: system.memobj: hamming code addr: 609152 
33246000: system.memobj: hamming code : 3 
33246000: system.memobj: hamming code addr: 609160 
33246000: system.memobj: hamming code : 0 
33246000: system.memobj: hamming code addr: 609168 
33246000: system.memobj: hamming code : 0 
33246000: system.memobj: hamming code addr: 609176 
33246000: system.memobj: hamming code : 0 
33246000: system.memobj: Enter Error Bit index: 4 
33246000: system.memobj: flip data : 1100100011101101111111111111111111111111011111110000000000000000 
33246000: system.memobj: -------------------------------------
33316000: system.memobj: mem->cpu Got response for addr 0x16178 , 90488
33316000: system.memobj: size 0x8
33316000: system.memobj: id 94061722020688
33316000: system.memobj: data_hex : 24F84883EC188B05 
33316000: system.memobj: data : 0010010011111000010010001000001111101100000110001000101100000101 
33316000: system.memobj: fix data : 0010010011111000010010001000001111101100000110001000101100000101 
33316000: system.memobj: -------------------------------------
33365000: system.memobj: mem->cpu Got response for addr 0x16178 , 90488
33365000: system.memobj: size 0x8
33365000: system.memobj: id 94061722020112
33365000: system.memobj: data_hex : 24F84883EC188B05 
33365000: system.memobj: data : 0010010011111000010010001000001111101100000110001000101100000101 
33365000: system.memobj: fix data : 0010010011111000010010001000001111101100000110001000101100000101 
33365000: system.memobj: -------------------------------------
33414000: system.memobj: mem->cpu Got response for addr 0x16180 , 90496
33414000: system.memobj: size 0x8
33414000: system.memobj: id 94061722020688
33414000: system.memobj: data_hex : 0CD4170085C0740F 
33414000: system.memobj: data : 0000110011010100000101110000000010000101110000000111010000001111 
33414000: system.memobj: fix data : 0000110011010100000101110000000010000101110000000111010000001111 
33414000: system.memobj: -------------------------------------
33434000: system.memobj: mem->cpu Got response for addr 0x93590 , 603536
33434000: system.memobj: size 0x4
33434000: system.memobj: id 94061722020976
33434000: system.memobj: data_hex : 81000000 
33434000: system.memobj: data : 10000001000000000000000000000000 
33434000: system.memobj: hamming code addr: 603536 
33434000: system.memobj: hamming code out: 12 
33434000: system.memobj: find Error Bit index : 1 
33434000: system.memobj: hamming code addr: 603544 
33434000: system.memobj: hamming code out: 0 
33434000: system.memobj: hamming code addr: 603552 
33434000: system.memobj: hamming code out: 0 
33434000: system.memobj: hamming code addr: 603560 
33434000: system.memobj: hamming code out: 0 
33434000: system.memobj: fix data : 00000001000000000000000000000000 
33434000: system.memobj: -------------------------------------
33483000: system.memobj: mem->cpu Got response for addr 0x16180 , 90496
33483000: system.memobj: size 0x8
33483000: system.memobj: id 94061722020976
33483000: system.memobj: data_hex : 0CD4170085C0740F 
33483000: system.memobj: data : 0000110011010100000101110000000010000101110000000111010000001111 
33483000: system.memobj: fix data : 0000110011010100000101110000000010000101110000000111010000001111 
33483000: system.memobj: -------------------------------------
33532000: system.memobj: mem->cpu Got response for addr 0x16180 , 90496
33532000: system.memobj: size 0x8
33532000: system.memobj: id 94061722020688
33532000: system.memobj: data_hex : 0CD4170085C0740F 
33532000: system.memobj: data : 0000110011010100000101110000000010000101110000000111010000001111 
33532000: system.memobj: fix data : 0000110011010100000101110000000010000101110000000111010000001111 
33532000: system.memobj: -------------------------------------
33581000: system.memobj: mem->cpu Got response for addr 0x16188 , 90504
33581000: system.memobj: size 0x8
33581000: system.memobj: id 94061722020976
33581000: system.memobj: data_hex : 488B5C2408488B6C 
33581000: system.memobj: data : 0100100010001011010111000010010000001000010010001000101101101100 
33581000: system.memobj: fix data : 0100100010001011010111000010010000001000010010001000101101101100 
33581000: system.memobj: -------------------------------------
33630000: system.memobj: mem->cpu Got response for addr 0x94b58 , 609112
33630000: system.memobj: size 0x8
33630000: system.memobj: id 94061722021264
33630000: system.memobj: data_hex : E0EDFFFFFF7F0000 
33630000: system.memobj: data : 1110000011101101111111111111111111111111011111110000000000000000 
33630000: system.memobj: hamming code addr: 609112 
33630000: system.memobj: hamming code out: 9 
33630000: system.memobj: find Error Bit index : 5 
33630000: system.memobj: hamming code addr: 609120 
33630000: system.memobj: hamming code out: 15 
33630000: system.memobj: hamming code addr: 609128 
33630000: system.memobj: hamming code out: 3 
33630000: system.memobj: hamming code addr: 609136 
33630000: system.memobj: hamming code out: 3 
33630000: system.memobj: hamming code addr: 609144 
33630000: system.memobj: hamming code out: 3 
33630000: system.memobj: hamming code addr: 609152 
33630000: system.memobj: hamming code out: 0 
33630000: system.memobj: hamming code addr: 609160 
33630000: system.memobj: hamming code out: 0 
33630000: system.memobj: hamming code addr: 609168 
33630000: system.memobj: hamming code out: 0 
33630000: system.memobj: fix data : 1110100011101101111111111111111111111111011111110000000000000000 
33630000: system.memobj: -------------------------------------
33679000: system.memobj: mem->cpu Got response for addr 0x16188 , 90504
33679000: system.memobj: size 0x8
33679000: system.memobj: id 94061722021264
33679000: system.memobj: data_hex : 488B5C2408488B6C 
33679000: system.memobj: data : 0100100010001011010111000010010000001000010010001000101101101100 
33679000: system.memobj: fix data : 0100100010001011010111000010010000001000010010001000101101101100 
33679000: system.memobj: -------------------------------------
33728000: system.memobj: mem->cpu Got response for addr 0x16190 , 90512
33728000: system.memobj: size 0x8
33728000: system.memobj: id 94061722020976
33728000: system.memobj: data_hex : 24104883C418C3E8 
33728000: system.memobj: data : 0010010000010000010010001000001111000100000110001100001111101000 
33728000: system.memobj: fix data : 0010010000010000010010001000001111000100000110001100001111101000 
33728000: system.memobj: -------------------------------------
33777000: system.memobj: mem->cpu Got response for addr 0x94b60 , 609120
33777000: system.memobj: size 0x8
33777000: system.memobj: id 94061722021552
33777000: system.memobj: data_hex : C8EDFFFFFF7F0000 
33777000: system.memobj: data : 1100100011101101111111111111111111111111011111110000000000000000 
33777000: system.memobj: hamming code addr: 609120 
33777000: system.memobj: hamming code out: 8 
33777000: system.memobj: find Error Bit index : 4 
33777000: system.memobj: hamming code addr: 609128 
33777000: system.memobj: hamming code out: 15 
33777000: system.memobj: hamming code addr: 609136 
33777000: system.memobj: hamming code out: 3 
33777000: system.memobj: hamming code addr: 609144 
33777000: system.memobj: hamming code out: 3 
33777000: system.memobj: hamming code addr: 609152 
33777000: system.memobj: hamming code out: 3 
33777000: system.memobj: hamming code addr: 609160 
33777000: system.memobj: hamming code out: 0 
33777000: system.memobj: hamming code addr: 609168 
33777000: system.memobj: hamming code out: 0 
33777000: system.memobj: hamming code addr: 609176 
33777000: system.memobj: hamming code out: 0 
33777000: system.memobj: fix data : 1101100011101101111111111111111111111111011111110000000000000000 
33777000: system.memobj: -------------------------------------
33826000: system.memobj: mem->cpu Got response for addr 0x16190 , 90512
33826000: system.memobj: size 0x8
33826000: system.memobj: id 94061722021552
33826000: system.memobj: data_hex : 24104883C418C3E8 
33826000: system.memobj: data : 0010010000010000010010001000001111000100000110001100001111101000 
33826000: system.memobj: fix data : 0010010000010000010010001000001111000100000110001100001111101000 
33826000: system.memobj: -------------------------------------
33875000: system.memobj: mem->cpu Got response for addr 0x16190 , 90512
33875000: system.memobj: size 0x8
33875000: system.memobj: id 94061722020976
33875000: system.memobj: data_hex : 24104883C418C3E8 
33875000: system.memobj: data : 0010010000010000010010001000001111000100000110001100001111101000 
33875000: system.memobj: fix data : 0010010000010000010010001000001111000100000110001100001111101000 
33875000: system.memobj: -------------------------------------
33924000: system.memobj: mem->cpu Got response for addr 0x94b68 , 609128
33924000: system.memobj: size 0x8
33924000: system.memobj: id 94061722021552
33924000: system.memobj: data_hex : 3E62410000000000 
33924000: system.memobj: data : 0011111001100010010000010000000000000000000000000000000000000000 
33924000: system.memobj: hamming code addr: 609128 
33924000: system.memobj: hamming code out: 2 
33924000: system.memobj: find Error Bit index : 7 
33924000: system.memobj: hamming code addr: 609136 
33924000: system.memobj: hamming code out: 8 
33924000: system.memobj: hamming code addr: 609144 
33924000: system.memobj: hamming code out: 9 
33924000: system.memobj: hamming code addr: 609152 
33924000: system.memobj: hamming code out: 0 
33924000: system.memobj: hamming code addr: 609160 
33924000: system.memobj: hamming code out: 0 
33924000: system.memobj: hamming code addr: 609168 
33924000: system.memobj: hamming code out: 0 
33924000: system.memobj: hamming code addr: 609176 
33924000: system.memobj: hamming code out: 0 
33924000: system.memobj: hamming code addr: 609184 
33924000: system.memobj: hamming code out: 0 
33924000: system.memobj: fix data : 0011110001100010010000010000000000000000000000000000000000000000 
33924000: system.memobj: -------------------------------------
33973000: system.memobj: mem->cpu Got response for addr 0x16238 , 90680
33973000: system.memobj: size 0x8
33973000: system.memobj: id 94061722021552
33973000: system.memobj: data_hex : 34FFFFFFE82FFAFF 
33973000: system.memobj: data : 0011010011111111111111111111111111101000001011111111101011111111 
33973000: system.memobj: fix data : 0011010011111111111111111111111111101000001011111111101011111111 
33973000: system.memobj: -------------------------------------
34022000: system.memobj: mem->cpu Got response for addr 0x16240 , 90688
34022000: system.memobj: size 0x8
34022000: system.memobj: id 94061722020976
34022000: system.memobj: data_hex : FF4889DA4889EE44 
34022000: system.memobj: data : 1111111101001000100010011101101001001000100010011110111001000100 
34022000: system.memobj: fix data : 1111111101001000100010011101101001001000100010011110111001000100 
34022000: system.memobj: -------------------------------------
34022000: system.memobj: cpu->mem Got request for addr 0x94b68 , 609128
34022000: system.memobj: size 0x8
34022000: system.memobj: id 94061722021840
34022000: system.memobj: data_hex : 4162410000000000 
34022000: system.memobj: data : 0100000101100010010000010000000000000000000000000000000000000000 
34022000: system.memobj: hamming code addr: 609128 
34022000: system.memobj: hamming code : 9 
34022000: system.memobj: hamming code addr: 609136 
34022000: system.memobj: hamming code : 8 
34022000: system.memobj: hamming code addr: 609144 
34022000: system.memobj: hamming code : 9 
34022000: system.memobj: hamming code addr: 609152 
34022000: system.memobj: hamming code : 0 
34022000: system.memobj: hamming code addr: 609160 
34022000: system.memobj: hamming code : 0 
34022000: system.memobj: hamming code addr: 609168 
34022000: system.memobj: hamming code : 0 
34022000: system.memobj: hamming code addr: 609176 
34022000: system.memobj: hamming code : 0 
34022000: system.memobj: hamming code addr: 609184 
34022000: system.memobj: hamming code : 0 
34022000: system.memobj: Enter Error Bit index: 3 
34022000: system.memobj: flip data : 0110000101100010010000010000000000000000000000000000000000000000 
34022000: system.memobj: -------------------------------------
34120000: system.memobj: mem->cpu Got response for addr 0x15c70 , 89200
34120000: system.memobj: size 0x8
34120000: system.memobj: id 94061722021840
34120000: system.memobj: data_hex : 4155415455534883 
34120000: system.memobj: data : 0100000101010101010000010101010001010101010100110100100010000011 
34120000: system.memobj: fix data : 0100000101010101010000010101010001010101010100110100100010000011 
34120000: system.memobj: -------------------------------------
34120000: system.memobj: cpu->mem Got request for addr 0x94b60 , 609120
34120000: system.memobj: size 0x8
34120000: system.memobj: id 94061722020976
34120000: system.memobj: data_hex : 0100000000000000 
34120000: system.memobj: data : 0000000100000000000000000000000000000000000000000000000000000000 
34120000: system.memobj: hamming code addr: 609120 
34120000: system.memobj: hamming code : 12 
34120000: system.memobj: hamming code addr: 609128 
34120000: system.memobj: hamming code : 0 
34120000: system.memobj: hamming code addr: 609136 
34120000: system.memobj: hamming code : 0 
34120000: system.memobj: hamming code addr: 609144 
34120000: system.memobj: hamming code : 0 
34120000: system.memobj: hamming code addr: 609152 
34120000: system.memobj: hamming code : 0 
34120000: system.memobj: hamming code addr: 609160 
34120000: system.memobj: hamming code : 0 
34120000: system.memobj: hamming code addr: 609168 
34120000: system.memobj: hamming code : 0 
34120000: system.memobj: hamming code addr: 609176 
34120000: system.memobj: hamming code : 0 
34120000: system.memobj: Enter Error Bit index: 6 
34120000: system.memobj: flip data : 0000010100000000000000000000000000000000000000000000000000000000 
34120000: system.memobj: -------------------------------------
34190000: system.memobj: mem->cpu Got response for addr 0x15c70 , 89200
34190000: system.memobj: size 0x8
34190000: system.memobj: id 94061722020976
34190000: system.memobj: data_hex : 4155415455534883 
34190000: system.memobj: data : 0100000101010101010000010101010001010101010100110100100010000011 
34190000: system.memobj: fix data : 0100000101010101010000010101010001010101010100110100100010000011 
34190000: system.memobj: -------------------------------------
34190000: system.memobj: cpu->mem Got request for addr 0x94b58 , 609112
34190000: system.memobj: size 0x8
34190000: system.memobj: id 94061722021840
34190000: system.memobj: data_hex : 0100000000000000 
34190000: system.memobj: data : 0000000100000000000000000000000000000000000000000000000000000000 
34190000: system.memobj: hamming code addr: 609112 
34190000: system.memobj: hamming code : 12 
34190000: system.memobj: hamming code addr: 609120 
34190000: system.memobj: hamming code : 0 
34190000: system.memobj: hamming code addr: 609128 
34190000: system.memobj: hamming code : 0 
34190000: system.memobj: hamming code addr: 609136 
34190000: system.memobj: hamming code : 0 
34190000: system.memobj: hamming code addr: 609144 
34190000: system.memobj: hamming code : 0 
34190000: system.memobj: hamming code addr: 609152 
34190000: system.memobj: hamming code : 0 
34190000: system.memobj: hamming code addr: 609160 
34190000: system.memobj: hamming code : 0 
34190000: system.memobj: hamming code addr: 609168 
34190000: system.memobj: hamming code : 0 
34190000: system.memobj: Enter Error Bit index: 7 
34190000: system.memobj: flip data : 0000001100000000000000000000000000000000000000000000000000000000 
34190000: system.memobj: -------------------------------------
34260000: system.memobj: mem->cpu Got response for addr 0x15c70 , 89200
34260000: system.memobj: size 0x8
34260000: system.memobj: id 94061722021840
34260000: system.memobj: data_hex : 4155415455534883 
34260000: system.memobj: data : 0100000101010101010000010101010001010101010100110100100010000011 
34260000: system.memobj: fix data : 0100000101010101010000010101010001010101010100110100100010000011 
34260000: system.memobj: -------------------------------------
34260000: system.memobj: cpu->mem Got request for addr 0x94b50 , 609104
34260000: system.memobj: size 0x8
34260000: system.memobj: id 94061722020976
34260000: system.memobj: data_hex : D8EDFFFFFF7F0000 
34260000: system.memobj: data : 1101100011101101111111111111111111111111011111110000000000000000 
34260000: system.memobj: hamming code addr: 609104 
34260000: system.memobj: hamming code : 8 
34260000: system.memobj: hamming code addr: 609112 
34260000: system.memobj: hamming code : 15 
34260000: system.memobj: hamming code addr: 609120 
34260000: system.memobj: hamming code : 3 
34260000: system.memobj: hamming code addr: 609128 
34260000: system.memobj: hamming code : 3 
34260000: system.memobj: hamming code addr: 609136 
34260000: system.memobj: hamming code : 3 
34260000: system.memobj: hamming code addr: 609144 
34260000: system.memobj: hamming code : 0 
34260000: system.memobj: hamming code addr: 609152 
34260000: system.memobj: hamming code : 0 
34260000: system.memobj: hamming code addr: 609160 
34260000: system.memobj: hamming code : 0 
34260000: system.memobj: Enter Error Bit index: 4 
34260000: system.memobj: flip data : 1100100011101101111111111111111111111111011111110000000000000000 
34260000: system.memobj: -------------------------------------
34330000: system.memobj: mem->cpu Got response for addr 0x15c70 , 89200
34330000: system.memobj: size 0x8
34330000: system.memobj: id 94061722020976
34330000: system.memobj: data_hex : 4155415455534883 
34330000: system.memobj: data : 0100000101010101010000010101010001010101010100110100100010000011 
34330000: system.memobj: fix data : 0100000101010101010000010101010001010101010100110100100010000011 
34330000: system.memobj: -------------------------------------
34330000: system.memobj: cpu->mem Got request for addr 0x94b48 , 609096
34330000: system.memobj: size 0x8
34330000: system.memobj: id 94061722021840
34330000: system.memobj: data_hex : E8EDFFFFFF7F0000 
34330000: system.memobj: data : 1110100011101101111111111111111111111111011111110000000000000000 
34330000: system.memobj: hamming code addr: 609096 
34330000: system.memobj: hamming code : 9 
34330000: system.memobj: hamming code addr: 609104 
34330000: system.memobj: hamming code : 15 
34330000: system.memobj: hamming code addr: 609112 
34330000: system.memobj: hamming code : 3 
34330000: system.memobj: hamming code addr: 609120 
34330000: system.memobj: hamming code : 3 
34330000: system.memobj: hamming code addr: 609128 
34330000: system.memobj: hamming code : 3 
34330000: system.memobj: hamming code addr: 609136 
34330000: system.memobj: hamming code : 0 
34330000: system.memobj: hamming code addr: 609144 
34330000: system.memobj: hamming code : 0 
34330000: system.memobj: hamming code addr: 609152 
34330000: system.memobj: hamming code : 0 
34330000: system.memobj: Enter Error Bit index: 5 
34330000: system.memobj: flip data : 1110000011101101111111111111111111111111011111110000000000000000 
34330000: system.memobj: -------------------------------------
34400000: system.memobj: mem->cpu Got response for addr 0x15c70 , 89200
34400000: system.memobj: size 0x8
34400000: system.memobj: id 94061722021840
34400000: system.memobj: data_hex : 4155415455534883 
34400000: system.memobj: data : 0100000101010101010000010101010001010101010100110100100010000011 
34400000: system.memobj: fix data : 0100000101010101010000010101010001010101010100110100100010000011 
34400000: system.memobj: -------------------------------------
34449000: system.memobj: mem->cpu Got response for addr 0x15c78 , 89208
34449000: system.memobj: size 0x8
34449000: system.memobj: id 94061722020976
34449000: system.memobj: data_hex : EC080F3148C1E220 
34449000: system.memobj: data : 1110110000001000000011110011000101001000110000011110001000100000 
34449000: system.memobj: fix data : 1110110000001000000011110011000101001000110000011110001000100000 
34449000: system.memobj: -------------------------------------
34498000: system.memobj: mem->cpu Got response for addr 0x15c78 , 89208
34498000: system.memobj: size 0x8
34498000: system.memobj: id 94061722021840
34498000: system.memobj: data_hex : EC080F3148C1E220 
34498000: system.memobj: data : 1110110000001000000011110011000101001000110000011110001000100000 
34498000: system.memobj: fix data : 1110110000001000000011110011000101001000110000011110001000100000 
34498000: system.memobj: -------------------------------------
34547000: system.memobj: mem->cpu Got response for addr 0x15c78 , 89208
34547000: system.memobj: size 0x8
34547000: system.memobj: id 94061722020976
34547000: system.memobj: data_hex : EC080F3148C1E220 
34547000: system.memobj: data : 1110110000001000000011110011000101001000110000011110001000100000 
34547000: system.memobj: fix data : 1110110000001000000011110011000101001000110000011110001000100000 
34547000: system.memobj: -------------------------------------
34596000: system.memobj: mem->cpu Got response for addr 0x15c80 , 89216
34596000: system.memobj: size 0x8
34596000: system.memobj: id 94061722021840
34596000: system.memobj: data_hex : 89C04809C248833D 
34596000: system.memobj: data : 1000100111000000010010000000100111000010010010001000001100111101 
34596000: system.memobj: fix data : 1000100111000000010010000000100111000010010010001000001100111101 
34596000: system.memobj: -------------------------------------
34645000: system.memobj: mem->cpu Got response for addr 0x15c80 , 89216
34645000: system.memobj: size 0x8
34645000: system.memobj: id 94061722020976
34645000: system.memobj: data_hex : 89C04809C248833D 
34645000: system.memobj: data : 1000100111000000010010000000100111000010010010001000001100111101 
34645000: system.memobj: fix data : 1000100111000000010010000000100111000010010010001000001100111101 
34645000: system.memobj: -------------------------------------
34694000: system.memobj: mem->cpu Got response for addr 0x15c80 , 89216
34694000: system.memobj: size 0x8
34694000: system.memobj: id 94061722021840
34694000: system.memobj: data_hex : 89C04809C248833D 
34694000: system.memobj: data : 1000100111000000010010000000100111000010010010001000001100111101 
34694000: system.memobj: fix data : 1000100111000000010010000000100111000010010010001000001100111101 
34694000: system.memobj: -------------------------------------
34743000: system.memobj: mem->cpu Got response for addr 0x15c88 , 89224
34743000: system.memobj: size 0x8
34743000: system.memobj: id 94061722020976
34743000: system.memobj: data_hex : B3D8170000488915 
34743000: system.memobj: data : 1011001111011000000101110000000000000000010010001000100100010101 
34743000: system.memobj: fix data : 1011001111011000000101110000000000000000010010001000100100010101 
34743000: system.memobj: -------------------------------------
34763000: system.memobj: mem->cpu Got response for addr 0x93540 , 603456
34763000: system.memobj: size 0x8
34763000: system.memobj: id 94061722022128
34763000: system.memobj: data_hex : 2010000000000000 
34763000: system.memobj: data : 0010000000010000000000000000000000000000000000000000000000000000 
34763000: system.memobj: hamming code addr: 603456 
34763000: system.memobj: hamming code out: 0 
34763000: system.memobj: find Error Bit index : 3 
34763000: system.memobj: hamming code addr: 603464 
34763000: system.memobj: hamming code out: 7 
34763000: system.memobj: hamming code addr: 603472 
34763000: system.memobj: hamming code out: 0 
34763000: system.memobj: hamming code addr: 603480 
34763000: system.memobj: hamming code out: 0 
34763000: system.memobj: hamming code addr: 603488 
34763000: system.memobj: hamming code out: 0 
34763000: system.memobj: hamming code addr: 603496 
34763000: system.memobj: hamming code out: 0 
34763000: system.memobj: hamming code addr: 603504 
34763000: system.memobj: hamming code out: 0 
34763000: system.memobj: hamming code addr: 603512 
34763000: system.memobj: hamming code out: 0 
34763000: system.memobj: fix data : 0000000000010000000000000000000000000000000000000000000000000000 
34763000: system.memobj: -------------------------------------
34812000: system.memobj: mem->cpu Got response for addr 0x15c88 , 89224
34812000: system.memobj: size 0x8
34812000: system.memobj: id 94061722022128
34812000: system.memobj: data_hex : B3D8170000488915 
34812000: system.memobj: data : 1011001111011000000101110000000000000000010010001000100100010101 
34812000: system.memobj: fix data : 1011001111011000000101110000000000000000010010001000100100010101 
34812000: system.memobj: -------------------------------------
34861000: system.memobj: mem->cpu Got response for addr 0x15c90 , 89232
34861000: system.memobj: size 0x8
34861000: system.memobj: id 94061722020976
34861000: system.memobj: data_hex : 2CD81700750EE875 
34861000: system.memobj: data : 0010110011011000000101110000000001110101000011101110100001110101 
34861000: system.memobj: fix data : 0010110011011000000101110000000001110101000011101110100001110101 
34861000: system.memobj: -------------------------------------
34861000: system.memobj: cpu->mem Got request for addr 0x934c0 , 603328
34861000: system.memobj: size 0x8
34861000: system.memobj: id 94061722022416
34861000: system.memobj: data_hex : C286000000000000 
34861000: system.memobj: data : 1100001010000110000000000000000000000000000000000000000000000000 
34861000: system.memobj: hamming code addr: 603328 
34861000: system.memobj: hamming code : 13 
34861000: system.memobj: hamming code addr: 603336 
34861000: system.memobj: hamming code : 2 
34861000: system.memobj: hamming code addr: 603344 
34861000: system.memobj: hamming code : 0 
34861000: system.memobj: hamming code addr: 603352 
34861000: system.memobj: hamming code : 0 
34861000: system.memobj: hamming code addr: 603360 
34861000: system.memobj: hamming code : 0 
34861000: system.memobj: hamming code addr: 603368 
34861000: system.memobj: hamming code : 0 
34861000: system.memobj: hamming code addr: 603376 
34861000: system.memobj: hamming code : 0 
34861000: system.memobj: hamming code addr: 603384 
34861000: system.memobj: hamming code : 0 
34861000: system.memobj: Enter Error Bit index: 5 
34861000: system.memobj: flip data : 1100101010000110000000000000000000000000000000000000000000000000 
34861000: system.memobj: -------------------------------------
34931000: system.memobj: mem->cpu Got response for addr 0x15c90 , 89232
34931000: system.memobj: size 0x8
34931000: system.memobj: id 94061722022416
34931000: system.memobj: data_hex : 2CD81700750EE875 
34931000: system.memobj: data : 0010110011011000000101110000000001110101000011101110100001110101 
34931000: system.memobj: fix data : 0010110011011000000101110000000001110101000011101110100001110101 
34931000: system.memobj: -------------------------------------
34980000: system.memobj: mem->cpu Got response for addr 0x15ca0 , 89248
34980000: system.memobj: size 0x8
34980000: system.memobj: id 94061722020976
34980000: system.memobj: data_hex : 9CD81700BF49ED45 
34980000: system.memobj: data : 1001110011011000000101110000000010111111010010011110110101000101 
34980000: system.memobj: fix data : 1001110011011000000101110000000010111111010010011110110101000101 
34980000: system.memobj: -------------------------------------
35043000: system.memobj: mem->cpu Got response for addr 0x15ca8 , 89256
35043000: system.memobj: size 0x8
35043000: system.memobj: id 94061722022416
35043000: system.memobj: data_hex : 00BB07174700E86D 
35043000: system.memobj: data : 0000000010111011000001110001011101000111000000001110100001101101 
35043000: system.memobj: fix data : 0000000010111011000001110001011101000111000000001110100001101101 
35043000: system.memobj: -------------------------------------
35092000: system.memobj: mem->cpu Got response for addr 0x15ca8 , 89256
35092000: system.memobj: size 0x8
35092000: system.memobj: id 94061722020976
35092000: system.memobj: data_hex : 00BB07174700E86D 
35092000: system.memobj: data : 0000000010111011000001110001011101000111000000001110100001101101 
35092000: system.memobj: fix data : 0000000010111011000001110001011101000111000000001110100001101101 
35092000: system.memobj: -------------------------------------
35141000: system.memobj: mem->cpu Got response for addr 0x15ca8 , 89256
35141000: system.memobj: size 0x8
35141000: system.memobj: id 94061722022416
35141000: system.memobj: data_hex : 00BB07174700E86D 
35141000: system.memobj: data : 0000000010111011000001110001011101000111000000001110100001101101 
35141000: system.memobj: fix data : 0000000010111011000001110001011101000111000000001110100001101101 
35141000: system.memobj: -------------------------------------
35190000: system.memobj: mem->cpu Got response for addr 0x15cb0 , 89264
35190000: system.memobj: size 0x8
35190000: system.memobj: id 94061722020976
35190000: system.memobj: data_hex : 4600004885C0BF51 
35190000: system.memobj: data : 0100011000000000000000000100100010000101110000001011111101010001 
35190000: system.memobj: fix data : 0100011000000000000000000100100010000101110000001011111101010001 
35190000: system.memobj: -------------------------------------
35190000: system.memobj: cpu->mem Got request for addr 0x94b38 , 609080
35190000: system.memobj: size 0x8
35190000: system.memobj: id 94061722022704
35190000: system.memobj: data_hex : B35C410000000000 
35190000: system.memobj: data : 1011001101011100010000010000000000000000000000000000000000000000 
35190000: system.memobj: hamming code addr: 609080 
35190000: system.memobj: hamming code : 5 
35190000: system.memobj: hamming code addr: 609088 
35190000: system.memobj: hamming code : 1 
35190000: system.memobj: hamming code addr: 609096 
35190000: system.memobj: hamming code : 9 
35190000: system.memobj: hamming code addr: 609104 
35190000: system.memobj: hamming code : 0 
35190000: system.memobj: hamming code addr: 609112 
35190000: system.memobj: hamming code : 0 
35190000: system.memobj: hamming code addr: 609120 
35190000: system.memobj: hamming code : 0 
35190000: system.memobj: hamming code addr: 609128 
35190000: system.memobj: hamming code : 0 
35190000: system.memobj: hamming code addr: 609136 
35190000: system.memobj: hamming code : 0 
35190000: system.memobj: Enter Error Bit index: 2 
35190000: system.memobj: flip data : 1111001101011100010000010000000000000000000000000000000000000000 
35190000: system.memobj: -------------------------------------
35274000: system.memobj: mem->cpu Got response for addr 0x1a320 , 107296
35274000: system.memobj: size 0x8
35274000: system.memobj: id 94061722022704
35274000: system.memobj: data_hex : 4C896424E84C8974 
35274000: system.memobj: data : 0100110010001001011001000010010011101000010011001000100101110100 
35274000: system.memobj: fix data : 0100110010001001011001000010010011101000010011001000100101110100 
35274000: system.memobj: -------------------------------------
35274000: system.memobj: cpu->mem Got request for addr 0x94b20 , 609056
35274000: system.memobj: size 0x8
35274000: system.memobj: id 94061722022992
35274000: system.memobj: data_hex : 0100000000000000 
35274000: system.memobj: data : 0000000100000000000000000000000000000000000000000000000000000000 
35274000: system.memobj: hamming code addr: 609056 
35274000: system.memobj: hamming code : 12 
35274000: system.memobj: hamming code addr: 609064 
35274000: system.memobj: hamming code : 0 
35274000: system.memobj: hamming code addr: 609072 
35274000: system.memobj: hamming code : 0 
35274000: system.memobj: hamming code addr: 609080 
35274000: system.memobj: hamming code : 0 
35274000: system.memobj: hamming code addr: 609088 
35274000: system.memobj: hamming code : 0 
35274000: system.memobj: hamming code addr: 609096 
35274000: system.memobj: hamming code : 0 
35274000: system.memobj: hamming code addr: 609104 
35274000: system.memobj: hamming code : 0 
35274000: system.memobj: hamming code addr: 609112 
35274000: system.memobj: hamming code : 0 
35274000: system.memobj: Enter Error Bit index: 7 
35274000: system.memobj: flip data : 0000001100000000000000000000000000000000000000000000000000000000 
35274000: system.memobj: -------------------------------------
35344000: system.memobj: mem->cpu Got response for addr 0x1a320 , 107296
35344000: system.memobj: size 0x8
35344000: system.memobj: id 94061722022992
35344000: system.memobj: data_hex : 4C896424E84C8974 
35344000: system.memobj: data : 0100110010001001011001000010010011101000010011001000100101110100 
35344000: system.memobj: fix data : 0100110010001001011001000010010011101000010011001000100101110100 
35344000: system.memobj: -------------------------------------
35393000: system.memobj: mem->cpu Got response for addr 0x1a328 , 107304
35393000: system.memobj: size 0x8
35393000: system.memobj: id 94061722022704
35393000: system.memobj: data_hex : 24F84989FC48895C 
35393000: system.memobj: data : 0010010011111000010010011000100111111100010010001000100101011100 
35393000: system.memobj: fix data : 0010010011111000010010011000100111111100010010001000100101011100 
35393000: system.memobj: -------------------------------------
35393000: system.memobj: cpu->mem Got request for addr 0x94b30 , 609072
35393000: system.memobj: size 0x8
35393000: system.memobj: id 94061722023280
35393000: system.memobj: data_hex : D8EDFFFFFF7F0000 
35393000: system.memobj: data : 1101100011101101111111111111111111111111011111110000000000000000 
35393000: system.memobj: hamming code addr: 609072 
35393000: system.memobj: hamming code : 8 
35393000: system.memobj: hamming code addr: 609080 
35393000: system.memobj: hamming code : 15 
35393000: system.memobj: hamming code addr: 609088 
35393000: system.memobj: hamming code : 3 
35393000: system.memobj: hamming code addr: 609096 
35393000: system.memobj: hamming code : 3 
35393000: system.memobj: hamming code addr: 609104 
35393000: system.memobj: hamming code : 3 
35393000: system.memobj: hamming code addr: 609112 
35393000: system.memobj: hamming code : 0 
35393000: system.memobj: hamming code addr: 609120 
35393000: system.memobj: hamming code : 0 
35393000: system.memobj: hamming code addr: 609128 
35393000: system.memobj: hamming code : 0 
35393000: system.memobj: Enter Error Bit index: 3 
35393000: system.memobj: flip data : 1111100011101101111111111111111111111111011111110000000000000000 
35393000: system.memobj: -------------------------------------
35463000: system.memobj: mem->cpu Got response for addr 0x1a328 , 107304
35463000: system.memobj: size 0x8
35463000: system.memobj: id 94061722023280
35463000: system.memobj: data_hex : 24F84989FC48895C 
35463000: system.memobj: data : 0010010011111000010010011000100111111100010010001000100101011100 
35463000: system.memobj: fix data : 0010010011111000010010011000100111111100010010001000100101011100 
35463000: system.memobj: -------------------------------------
35512000: system.memobj: mem->cpu Got response for addr 0x1a328 , 107304
35512000: system.memobj: size 0x8
35512000: system.memobj: id 94061722022704
35512000: system.memobj: data_hex : 24F84989FC48895C 
35512000: system.memobj: data : 0010010011111000010010011000100111111100010010001000100101011100 
35512000: system.memobj: fix data : 0010010011111000010010011000100111111100010010001000100101011100 
35512000: system.memobj: -------------------------------------
35561000: system.memobj: mem->cpu Got response for addr 0x1a330 , 107312
35561000: system.memobj: size 0x8
35561000: system.memobj: id 94061722023280
35561000: system.memobj: data_hex : 24D848896C24E04C 
35561000: system.memobj: data : 0010010011011000010010001000100101101100001001001110000001001100 
35561000: system.memobj: fix data : 0010010011011000010010001000100101101100001001001110000001001100 
35561000: system.memobj: -------------------------------------
35561000: system.memobj: cpu->mem Got request for addr 0x94b10 , 609040
35561000: system.memobj: size 0x8
35561000: system.memobj: id 94061722023568
35561000: system.memobj: data_hex : 0717470000000000 
35561000: system.memobj: data : 0000011100010111010001110000000000000000000000000000000000000000 
35561000: system.memobj: hamming code addr: 609040 
35561000: system.memobj: hamming code : 13 
35561000: system.memobj: hamming code addr: 609048 
35561000: system.memobj: hamming code : 10 
35561000: system.memobj: hamming code addr: 609056 
35561000: system.memobj: hamming code : 8 
35561000: system.memobj: hamming code addr: 609064 
35561000: system.memobj: hamming code : 0 
35561000: system.memobj: hamming code addr: 609072 
35561000: system.memobj: hamming code : 0 
35561000: system.memobj: hamming code addr: 609080 
35561000: system.memobj: hamming code : 0 
35561000: system.memobj: hamming code addr: 609088 
35561000: system.memobj: hamming code : 0 
35561000: system.memobj: hamming code addr: 609096 
35561000: system.memobj: hamming code : 0 
35561000: system.memobj: Enter Error Bit index: 5 
35561000: system.memobj: flip data : 0000111100010111010001110000000000000000000000000000000000000000 
35561000: system.memobj: -------------------------------------
35631000: system.memobj: mem->cpu Got response for addr 0x1a330 , 107312
35631000: system.memobj: size 0x8
35631000: system.memobj: id 94061722023568
35631000: system.memobj: data_hex : 24D848896C24E04C 
35631000: system.memobj: data : 0010010011011000010010001000100101101100001001001110000001001100 
35631000: system.memobj: fix data : 0010010011011000010010001000100101101100001001001110000001001100 
35631000: system.memobj: -------------------------------------
35631000: system.memobj: cpu->mem Got request for addr 0x94b18 , 609048
35631000: system.memobj: size 0x8
35631000: system.memobj: id 94061722023856
35631000: system.memobj: data_hex : D8EDFFFFFF7F0000 
35631000: system.memobj: data : 1101100011101101111111111111111111111111011111110000000000000000 
35631000: system.memobj: hamming code addr: 609048 
35631000: system.memobj: hamming code : 8 
35631000: system.memobj: hamming code addr: 609056 
35631000: system.memobj: hamming code : 15 
35631000: system.memobj: hamming code addr: 609064 
35631000: system.memobj: hamming code : 3 
35631000: system.memobj: hamming code addr: 609072 
35631000: system.memobj: hamming code : 3 
35631000: system.memobj: hamming code addr: 609080 
35631000: system.memobj: hamming code : 3 
35631000: system.memobj: hamming code addr: 609088 
35631000: system.memobj: hamming code : 0 
35631000: system.memobj: hamming code addr: 609096 
35631000: system.memobj: hamming code : 0 
35631000: system.memobj: hamming code addr: 609104 
35631000: system.memobj: hamming code : 0 
35631000: system.memobj: Enter Error Bit index: 2 
35631000: system.memobj: flip data : 1001100011101101111111111111111111111111011111110000000000000000 
35631000: system.memobj: -------------------------------------
35701000: system.memobj: mem->cpu Got response for addr 0x1a330 , 107312
35701000: system.memobj: size 0x8
35701000: system.memobj: id 94061722023856
35701000: system.memobj: data_hex : 24D848896C24E04C 
35701000: system.memobj: data : 0010010011011000010010001000100101101100001001001110000001001100 
35701000: system.memobj: fix data : 0010010011011000010010001000100101101100001001001110000001001100 
35701000: system.memobj: -------------------------------------
35750000: system.memobj: mem->cpu Got response for addr 0x1a338 , 107320
35750000: system.memobj: size 0x8
35750000: system.memobj: id 94061722023568
35750000: system.memobj: data_hex : 896C24F04883EC28 
35750000: system.memobj: data : 1000100101101100001001001111000001001000100000111110110000101000 
35750000: system.memobj: fix data : 1000100101101100001001001111000001001000100000111110110000101000 
35750000: system.memobj: -------------------------------------
35750000: system.memobj: cpu->mem Got request for addr 0x94b28 , 609064
35750000: system.memobj: size 0x8
35750000: system.memobj: id 94061722024144
35750000: system.memobj: data_hex : 0100000000000000 
35750000: system.memobj: data : 0000000100000000000000000000000000000000000000000000000000000000 
35750000: system.memobj: hamming code addr: 609064 
35750000: system.memobj: hamming code : 12 
35750000: system.memobj: hamming code addr: 609072 
35750000: system.memobj: hamming code : 0 
35750000: system.memobj: hamming code addr: 609080 
35750000: system.memobj: hamming code : 0 
35750000: system.memobj: hamming code addr: 609088 
35750000: system.memobj: hamming code : 0 
35750000: system.memobj: hamming code addr: 609096 
35750000: system.memobj: hamming code : 0 
35750000: system.memobj: hamming code addr: 609104 
35750000: system.memobj: hamming code : 0 
35750000: system.memobj: hamming code addr: 609112 
35750000: system.memobj: hamming code : 0 
35750000: system.memobj: hamming code addr: 609120 
35750000: system.memobj: hamming code : 0 
35750000: system.memobj: Enter Error Bit index: 2 
35750000: system.memobj: flip data : 0100000100000000000000000000000000000000000000000000000000000000 
35750000: system.memobj: -------------------------------------
35820000: system.memobj: mem->cpu Got response for addr 0x1a338 , 107320
35820000: system.memobj: size 0x8
35820000: system.memobj: id 94061722024144
35820000: system.memobj: data_hex : 896C24F04883EC28 
35820000: system.memobj: data : 1000100101101100001001001111000001001000100000111110110000101000 
35820000: system.memobj: fix data : 1000100101101100001001001111000001001000100000111110110000101000 
35820000: system.memobj: -------------------------------------
35869000: system.memobj: mem->cpu Got response for addr 0x1a340 , 107328
35869000: system.memobj: size 0x8
35869000: system.memobj: id 94061722023568
35869000: system.memobj: data_hex : E8CB79FFFF488B15 
35869000: system.memobj: data : 1110100011001011011110011111111111111111010010001000101100010101 
35869000: system.memobj: fix data : 1110100011001011011110011111111111111111010010001000101100010101 
35869000: system.memobj: -------------------------------------
35869000: system.memobj: cpu->mem Got request for addr 0x94b08 , 609032
35869000: system.memobj: size 0x8
35869000: system.memobj: id 94061722024432
35869000: system.memobj: data_hex : 45A3410000000000 
35869000: system.memobj: data : 0100010110100011010000010000000000000000000000000000000000000000 
35869000: system.memobj: hamming code addr: 609032 
35869000: system.memobj: hamming code : 3 
35869000: system.memobj: hamming code addr: 609040 
35869000: system.memobj: hamming code : 2 
35869000: system.memobj: hamming code addr: 609048 
35869000: system.memobj: hamming code : 9 
35869000: system.memobj: hamming code addr: 609056 
35869000: system.memobj: hamming code : 0 
35869000: system.memobj: hamming code addr: 609064 
35869000: system.memobj: hamming code : 0 
35869000: system.memobj: hamming code addr: 609072 
35869000: system.memobj: hamming code : 0 
35869000: system.memobj: hamming code addr: 609080 
35869000: system.memobj: hamming code : 0 
35869000: system.memobj: hamming code addr: 609088 
35869000: system.memobj: hamming code : 0 
35869000: system.memobj: Enter Error Bit index: 6 
35869000: system.memobj: flip data : 0100000110100011010000010000000000000000000000000000000000000000 
35869000: system.memobj: -------------------------------------
35953000: system.memobj: mem->cpu Got response for addr 0x11d10 , 72976
35953000: system.memobj: size 0x8
35953000: system.memobj: id 94061722024432
35953000: system.memobj: data_hex : 4889FE48F7DF4989 
35953000: system.memobj: data : 0100100010001001111111100100100011110111110111110100100110001001 
35953000: system.memobj: fix data : 0100100010001001111111100100100011110111110111110100100110001001 
35953000: system.memobj: -------------------------------------
36002000: system.memobj: mem->cpu Got response for addr 0x11d10 , 72976
36002000: system.memobj: size 0x8
36002000: system.memobj: id 94061722023568
36002000: system.memobj: data_hex : 4889FE48F7DF4989 
36002000: system.memobj: data : 0100100010001001111111100100100011110111110111110100100110001001 
36002000: system.memobj: fix data : 0100100010001001111111100100100011110111110111110100100110001001 
36002000: system.memobj: -------------------------------------
36051000: system.memobj: mem->cpu Got response for addr 0x11d10 , 72976
36051000: system.memobj: size 0x8
36051000: system.memobj: id 94061722024432
36051000: system.memobj: data_hex : 4889FE48F7DF4989 
36051000: system.memobj: data : 0100100010001001111111100100100011110111110111110100100110001001 
36051000: system.memobj: fix data : 0100100010001001111111100100100011110111110111110100100110001001 
36051000: system.memobj: -------------------------------------
36100000: system.memobj: mem->cpu Got response for addr 0x11d18 , 72984
36100000: system.memobj: size 0x8
36100000: system.memobj: id 94061722023568
36100000: system.memobj: data_hex : F04183E007743149 
36100000: system.memobj: data : 1111000001000001100000111110000000000111011101000011000101001001 
36100000: system.memobj: fix data : 1111000001000001100000111110000000000111011101000011000101001001 
36100000: system.memobj: -------------------------------------
36149000: system.memobj: mem->cpu Got response for addr 0x11d18 , 72984
36149000: system.memobj: size 0x8
36149000: system.memobj: id 94061722024432
36149000: system.memobj: data_hex : F04183E007743149 
36149000: system.memobj: data : 1111000001000001100000111110000000000111011101000011000101001001 
36149000: system.memobj: fix data : 1111000001000001100000111110000000000111011101000011000101001001 
36149000: system.memobj: -------------------------------------
36198000: system.memobj: mem->cpu Got response for addr 0x11d18 , 72984
36198000: system.memobj: size 0x8
36198000: system.memobj: id 94061722023568
36198000: system.memobj: data_hex : F04183E007743149 
36198000: system.memobj: data : 1111000001000001100000111110000000000111011101000011000101001001 
36198000: system.memobj: fix data : 1111000001000001100000111110000000000111011101000011000101001001 
36198000: system.memobj: -------------------------------------
36247000: system.memobj: mem->cpu Got response for addr 0x11d18 , 72984
36247000: system.memobj: size 0x8
36247000: system.memobj: id 94061722024432
36247000: system.memobj: data_hex : F04183E007743149 
36247000: system.memobj: data : 1111000001000001100000111110000000000111011101000011000101001001 
36247000: system.memobj: fix data : 1111000001000001100000111110000000000111011101000011000101001001 
36247000: system.memobj: -------------------------------------
36296000: system.memobj: mem->cpu Got response for addr 0x11d20 , 72992
36296000: system.memobj: size 0x8
36296000: system.memobj: id 94061722023568
36296000: system.memobj: data_hex : 83E8086666669066 
36296000: system.memobj: data : 1000001111101000000010000110011001100110011001101001000001100110 
36296000: system.memobj: fix data : 1000001111101000000010000110011001100110011001101001000001100110 
36296000: system.memobj: -------------------------------------
36345000: system.memobj: mem->cpu Got response for addr 0x11d20 , 72992
36345000: system.memobj: size 0x8
36345000: system.memobj: id 94061722024432
36345000: system.memobj: data_hex : 83E8086666669066 
36345000: system.memobj: data : 1000001111101000000010000110011001100110011001101001000001100110 
36345000: system.memobj: fix data : 1000001111101000000010000110011001100110011001101001000001100110 
36345000: system.memobj: -------------------------------------
36394000: system.memobj: mem->cpu Got response for addr 0x11d20 , 72992
36394000: system.memobj: size 0x8
36394000: system.memobj: id 94061722023568
36394000: system.memobj: data_hex : 83E8086666669066 
36394000: system.memobj: data : 1000001111101000000010000110011001100110011001101001000001100110 
36394000: system.memobj: fix data : 1000001111101000000010000110011001100110011001101001000001100110 
36394000: system.memobj: -------------------------------------
36443000: system.memobj: mem->cpu Got response for addr 0x11d28 , 73000
36443000: system.memobj: size 0x8
36443000: system.memobj: id 94061722024432
36443000: system.memobj: data_hex : 6690666690666690 
36443000: system.memobj: data : 0110011010010000011001100110011010010000011001100110011010010000 
36443000: system.memobj: fix data : 0110011010010000011001100110011010010000011001100110011010010000 
36443000: system.memobj: -------------------------------------
36492000: system.memobj: mem->cpu Got response for addr 0x11d28 , 73000
36492000: system.memobj: size 0x8
36492000: system.memobj: id 94061722023568
36492000: system.memobj: data_hex : 6690666690666690 
36492000: system.memobj: data : 0110011010010000011001100110011010010000011001100110011010010000 
36492000: system.memobj: fix data : 0110011010010000011001100110011010010000011001100110011010010000 
36492000: system.memobj: -------------------------------------
36541000: system.memobj: mem->cpu Got response for addr 0x11d28 , 73000
36541000: system.memobj: size 0x8
36541000: system.memobj: id 94061722024432
36541000: system.memobj: data_hex : 6690666690666690 
36541000: system.memobj: data : 0110011010010000011001100110011010010000011001100110011010010000 
36541000: system.memobj: fix data : 0110011010010000011001100110011010010000011001100110011010010000 
36541000: system.memobj: -------------------------------------
36590000: system.memobj: mem->cpu Got response for addr 0x11d30 , 73008
36590000: system.memobj: size 0x8
36590000: system.memobj: id 94061722023568
36590000: system.memobj: data_hex : 803E000F84670300 
36590000: system.memobj: data : 1000000000111110000000000000111110000100011001110000001100000000 
36590000: system.memobj: fix data : 1000000000111110000000000000111110000100011001110000001100000000 
36590000: system.memobj: -------------------------------------
36653000: system.memobj: mem->cpu Got response for addr 0x5ed49 , 388425
36653000: system.memobj: size 0x1
36653000: system.memobj: id 94061722024720
36653000: system.memobj: data_hex : 4C 
36653000: system.memobj: data : 01001100 
36653000: system.memobj: fix data : 01001100 
36653000: system.memobj: -------------------------------------
36702000: system.memobj: mem->cpu Got response for addr 0x11d30 , 73008
36702000: system.memobj: size 0x8
36702000: system.memobj: id 94061722024720
36702000: system.memobj: data_hex : 803E000F84670300 
36702000: system.memobj: data : 1000000000111110000000000000111110000100011001110000001100000000 
36702000: system.memobj: fix data : 1000000000111110000000000000111110000100011001110000001100000000 
36702000: system.memobj: -------------------------------------
36751000: system.memobj: mem->cpu Got response for addr 0x11d38 , 73016
36751000: system.memobj: size 0x8
36751000: system.memobj: id 94061722023568
36751000: system.memobj: data_hex : 0048FFC649FFC075 
36751000: system.memobj: data : 0000000001001000111111111100011001001001111111111100000001110101 
36751000: system.memobj: fix data : 0000000001001000111111111100011001001001111111111100000001110101 
36751000: system.memobj: -------------------------------------
36814000: system.memobj: mem->cpu Got response for addr 0x11d38 , 73016
36814000: system.memobj: size 0x8
36814000: system.memobj: id 94061722024720
36814000: system.memobj: data_hex : 0048FFC649FFC075 
36814000: system.memobj: data : 0000000001001000111111111100011001001001111111111100000001110101 
36814000: system.memobj: fix data : 0000000001001000111111111100011001001001111111111100000001110101 
36814000: system.memobj: -------------------------------------
36863000: system.memobj: mem->cpu Got response for addr 0x11d38 , 73016
36863000: system.memobj: size 0x8
36863000: system.memobj: id 94061722023568
36863000: system.memobj: data_hex : 0048FFC649FFC075 
36863000: system.memobj: data : 0000000001001000111111111100011001001001111111111100000001110101 
36863000: system.memobj: fix data : 0000000001001000111111111100011001001001111111111100000001110101 
36863000: system.memobj: -------------------------------------
36912000: system.memobj: mem->cpu Got response for addr 0x11d38 , 73016
36912000: system.memobj: size 0x8
36912000: system.memobj: id 94061722024720
36912000: system.memobj: data_hex : 0048FFC649FFC075 
36912000: system.memobj: data : 0000000001001000111111111100011001001001111111111100000001110101 
36912000: system.memobj: fix data : 0000000001001000111111111100011001001001111111111100000001110101 
36912000: system.memobj: -------------------------------------
36961000: system.memobj: mem->cpu Got response for addr 0x11d40 , 73024
36961000: system.memobj: size 0x8
36961000: system.memobj: id 94061722023568
36961000: system.memobj: data_hex : EF66666690666666 
36961000: system.memobj: data : 1110111101100110011001100110011010010000011001100110011001100110 
36961000: system.memobj: fix data : 1110111101100110011001100110011010010000011001100110011001100110 
36961000: system.memobj: -------------------------------------
37010000: system.memobj: mem->cpu Got response for addr 0x11d30 , 73008
37010000: system.memobj: size 0x8
37010000: system.memobj: id 94061722024720
37010000: system.memobj: data_hex : 803E000F84670300 
37010000: system.memobj: data : 1000000000111110000000000000111110000100011001110000001100000000 
37010000: system.memobj: fix data : 1000000000111110000000000000111110000100011001110000001100000000 
37010000: system.memobj: -------------------------------------
37059000: system.memobj: mem->cpu Got response for addr 0x5ed4a , 388426
37059000: system.memobj: size 0x1
37059000: system.memobj: id 94061722023568
37059000: system.memobj: data_hex : 44 
37059000: system.memobj: data : 01000100 
37059000: system.memobj: fix data : 01000100 
37059000: system.memobj: -------------------------------------
37108000: system.memobj: mem->cpu Got response for addr 0x11d30 , 73008
37108000: system.memobj: size 0x8
37108000: system.memobj: id 94061722023568
37108000: system.memobj: data_hex : 803E000F84670300 
37108000: system.memobj: data : 1000000000111110000000000000111110000100011001110000001100000000 
37108000: system.memobj: fix data : 1000000000111110000000000000111110000100011001110000001100000000 
37108000: system.memobj: -------------------------------------
37157000: system.memobj: mem->cpu Got response for addr 0x11d38 , 73016
37157000: system.memobj: size 0x8
37157000: system.memobj: id 94061722024720
37157000: system.memobj: data_hex : 0048FFC649FFC075 
37157000: system.memobj: data : 0000000001001000111111111100011001001001111111111100000001110101 
37157000: system.memobj: fix data : 0000000001001000111111111100011001001001111111111100000001110101 
37157000: system.memobj: -------------------------------------
37206000: system.memobj: mem->cpu Got response for addr 0x11d38 , 73016
37206000: system.memobj: size 0x8
37206000: system.memobj: id 94061722023568
37206000: system.memobj: data_hex : 0048FFC649FFC075 
37206000: system.memobj: data : 0000000001001000111111111100011001001001111111111100000001110101 
37206000: system.memobj: fix data : 0000000001001000111111111100011001001001111111111100000001110101 
37206000: system.memobj: -------------------------------------
37255000: system.memobj: mem->cpu Got response for addr 0x11d38 , 73016
37255000: system.memobj: size 0x8
37255000: system.memobj: id 94061722024720
37255000: system.memobj: data_hex : 0048FFC649FFC075 
37255000: system.memobj: data : 0000000001001000111111111100011001001001111111111100000001110101 
37255000: system.memobj: fix data : 0000000001001000111111111100011001001001111111111100000001110101 
37255000: system.memobj: -------------------------------------
37304000: system.memobj: mem->cpu Got response for addr 0x11d38 , 73016
37304000: system.memobj: size 0x8
37304000: system.memobj: id 94061722023568
37304000: system.memobj: data_hex : 0048FFC649FFC075 
37304000: system.memobj: data : 0000000001001000111111111100011001001001111111111100000001110101 
37304000: system.memobj: fix data : 0000000001001000111111111100011001001001111111111100000001110101 
37304000: system.memobj: -------------------------------------
37353000: system.memobj: mem->cpu Got response for addr 0x11d40 , 73024
37353000: system.memobj: size 0x8
37353000: system.memobj: id 94061722024720
37353000: system.memobj: data_hex : EF66666690666666 
37353000: system.memobj: data : 1110111101100110011001100110011010010000011001100110011001100110 
37353000: system.memobj: fix data : 1110111101100110011001100110011010010000011001100110011001100110 
37353000: system.memobj: -------------------------------------
37402000: system.memobj: mem->cpu Got response for addr 0x11d30 , 73008
37402000: system.memobj: size 0x8
37402000: system.memobj: id 94061722023568
37402000: system.memobj: data_hex : 803E000F84670300 
37402000: system.memobj: data : 1000000000111110000000000000111110000100011001110000001100000000 
37402000: system.memobj: fix data : 1000000000111110000000000000111110000100011001110000001100000000 
37402000: system.memobj: -------------------------------------
37451000: system.memobj: mem->cpu Got response for addr 0x5ed4b , 388427
37451000: system.memobj: size 0x1
37451000: system.memobj: id 94061722024720
37451000: system.memobj: data_hex : 5F 
37451000: system.memobj: data : 01011111 
37451000: system.memobj: fix data : 01011111 
37451000: system.memobj: -------------------------------------
37500000: system.memobj: mem->cpu Got response for addr 0x11d30 , 73008
37500000: system.memobj: size 0x8
37500000: system.memobj: id 94061722024720
37500000: system.memobj: data_hex : 803E000F84670300 
37500000: system.memobj: data : 1000000000111110000000000000111110000100011001110000001100000000 
37500000: system.memobj: fix data : 1000000000111110000000000000111110000100011001110000001100000000 
37500000: system.memobj: -------------------------------------
37549000: system.memobj: mem->cpu Got response for addr 0x11d38 , 73016
37549000: system.memobj: size 0x8
37549000: system.memobj: id 94061722023568
37549000: system.memobj: data_hex : 0048FFC649FFC075 
37549000: system.memobj: data : 0000000001001000111111111100011001001001111111111100000001110101 
37549000: system.memobj: fix data : 0000000001001000111111111100011001001001111111111100000001110101 
37549000: system.memobj: -------------------------------------
37598000: system.memobj: mem->cpu Got response for addr 0x11d38 , 73016
37598000: system.memobj: size 0x8
37598000: system.memobj: id 94061722024720
37598000: system.memobj: data_hex : 0048FFC649FFC075 
37598000: system.memobj: data : 0000000001001000111111111100011001001001111111111100000001110101 
37598000: system.memobj: fix data : 0000000001001000111111111100011001001001111111111100000001110101 
37598000: system.memobj: -------------------------------------
37647000: system.memobj: mem->cpu Got response for addr 0x11d38 , 73016
37647000: system.memobj: size 0x8
37647000: system.memobj: id 94061722023568
37647000: system.memobj: data_hex : 0048FFC649FFC075 
37647000: system.memobj: data : 0000000001001000111111111100011001001001111111111100000001110101 
37647000: system.memobj: fix data : 0000000001001000111111111100011001001001111111111100000001110101 
37647000: system.memobj: -------------------------------------
37710000: system.memobj: mem->cpu Got response for addr 0x11d38 , 73016
37710000: system.memobj: size 0x8
37710000: system.memobj: id 94061722024720
37710000: system.memobj: data_hex : 0048FFC649FFC075 
37710000: system.memobj: data : 0000000001001000111111111100011001001001111111111100000001110101 
37710000: system.memobj: fix data : 0000000001001000111111111100011001001001111111111100000001110101 
37710000: system.memobj: -------------------------------------
37759000: system.memobj: mem->cpu Got response for addr 0x11d40 , 73024
37759000: system.memobj: size 0x8
37759000: system.memobj: id 94061722023568
37759000: system.memobj: data_hex : EF66666690666666 
37759000: system.memobj: data : 1110111101100110011001100110011010010000011001100110011001100110 
37759000: system.memobj: fix data : 1110111101100110011001100110011010010000011001100110011001100110 
37759000: system.memobj: -------------------------------------
37808000: system.memobj: mem->cpu Got response for addr 0x11d30 , 73008
37808000: system.memobj: size 0x8
37808000: system.memobj: id 94061722024720
37808000: system.memobj: data_hex : 803E000F84670300 
37808000: system.memobj: data : 1000000000111110000000000000111110000100011001110000001100000000 
37808000: system.memobj: fix data : 1000000000111110000000000000111110000100011001110000001100000000 
37808000: system.memobj: -------------------------------------
37857000: system.memobj: mem->cpu Got response for addr 0x5ed4c , 388428
37857000: system.memobj: size 0x1
37857000: system.memobj: id 94061722023568
37857000: system.memobj: data_hex : 57 
37857000: system.memobj: data : 01010111 
37857000: system.memobj: fix data : 01010111 
37857000: system.memobj: -------------------------------------
37906000: system.memobj: mem->cpu Got response for addr 0x11d30 , 73008
37906000: system.memobj: size 0x8
37906000: system.memobj: id 94061722023568
37906000: system.memobj: data_hex : 803E000F84670300 
37906000: system.memobj: data : 1000000000111110000000000000111110000100011001110000001100000000 
37906000: system.memobj: fix data : 1000000000111110000000000000111110000100011001110000001100000000 
37906000: system.memobj: -------------------------------------
37955000: system.memobj: mem->cpu Got response for addr 0x11d38 , 73016
37955000: system.memobj: size 0x8
37955000: system.memobj: id 94061722024720
37955000: system.memobj: data_hex : 0048FFC649FFC075 
37955000: system.memobj: data : 0000000001001000111111111100011001001001111111111100000001110101 
37955000: system.memobj: fix data : 0000000001001000111111111100011001001001111111111100000001110101 
37955000: system.memobj: -------------------------------------
38004000: system.memobj: mem->cpu Got response for addr 0x11d38 , 73016
38004000: system.memobj: size 0x8
38004000: system.memobj: id 94061722023568
38004000: system.memobj: data_hex : 0048FFC649FFC075 
38004000: system.memobj: data : 0000000001001000111111111100011001001001111111111100000001110101 
38004000: system.memobj: fix data : 0000000001001000111111111100011001001001111111111100000001110101 
38004000: system.memobj: -------------------------------------
38053000: system.memobj: mem->cpu Got response for addr 0x11d38 , 73016
38053000: system.memobj: size 0x8
38053000: system.memobj: id 94061722024720
38053000: system.memobj: data_hex : 0048FFC649FFC075 
38053000: system.memobj: data : 0000000001001000111111111100011001001001111111111100000001110101 
38053000: system.memobj: fix data : 0000000001001000111111111100011001001001111111111100000001110101 
38053000: system.memobj: -------------------------------------
38102000: system.memobj: mem->cpu Got response for addr 0x11d38 , 73016
38102000: system.memobj: size 0x8
38102000: system.memobj: id 94061722023568
38102000: system.memobj: data_hex : 0048FFC649FFC075 
38102000: system.memobj: data : 0000000001001000111111111100011001001001111111111100000001110101 
38102000: system.memobj: fix data : 0000000001001000111111111100011001001001111111111100000001110101 
38102000: system.memobj: -------------------------------------
38151000: system.memobj: mem->cpu Got response for addr 0x11d40 , 73024
38151000: system.memobj: size 0x8
38151000: system.memobj: id 94061722024720
38151000: system.memobj: data_hex : EF66666690666666 
38151000: system.memobj: data : 1110111101100110011001100110011010010000011001100110011001100110 
38151000: system.memobj: fix data : 1110111101100110011001100110011010010000011001100110011001100110 
38151000: system.memobj: -------------------------------------
38200000: system.memobj: mem->cpu Got response for addr 0x11d30 , 73008
38200000: system.memobj: size 0x8
38200000: system.memobj: id 94061722023568
38200000: system.memobj: data_hex : 803E000F84670300 
38200000: system.memobj: data : 1000000000111110000000000000111110000100011001110000001100000000 
38200000: system.memobj: fix data : 1000000000111110000000000000111110000100011001110000001100000000 
38200000: system.memobj: -------------------------------------
38249000: system.memobj: mem->cpu Got response for addr 0x5ed4d , 388429
38249000: system.memobj: size 0x1
38249000: system.memobj: id 94061722024720
38249000: system.memobj: data_hex : 41 
38249000: system.memobj: data : 01000001 
38249000: system.memobj: fix data : 01000001 
38249000: system.memobj: -------------------------------------
38298000: system.memobj: mem->cpu Got response for addr 0x11d30 , 73008
38298000: system.memobj: size 0x8
38298000: system.memobj: id 94061722024720
38298000: system.memobj: data_hex : 803E000F84670300 
38298000: system.memobj: data : 1000000000111110000000000000111110000100011001110000001100000000 
38298000: system.memobj: fix data : 1000000000111110000000000000111110000100011001110000001100000000 
38298000: system.memobj: -------------------------------------
38347000: system.memobj: mem->cpu Got response for addr 0x11d38 , 73016
38347000: system.memobj: size 0x8
38347000: system.memobj: id 94061722023568
38347000: system.memobj: data_hex : 0048FFC649FFC075 
38347000: system.memobj: data : 0000000001001000111111111100011001001001111111111100000001110101 
38347000: system.memobj: fix data : 0000000001001000111111111100011001001001111111111100000001110101 
38347000: system.memobj: -------------------------------------
38396000: system.memobj: mem->cpu Got response for addr 0x11d38 , 73016
38396000: system.memobj: size 0x8
38396000: system.memobj: id 94061722024720
38396000: system.memobj: data_hex : 0048FFC649FFC075 
38396000: system.memobj: data : 0000000001001000111111111100011001001001111111111100000001110101 
38396000: system.memobj: fix data : 0000000001001000111111111100011001001001111111111100000001110101 
38396000: system.memobj: -------------------------------------
38445000: system.memobj: mem->cpu Got response for addr 0x11d38 , 73016
38445000: system.memobj: size 0x8
38445000: system.memobj: id 94061722023568
38445000: system.memobj: data_hex : 0048FFC649FFC075 
38445000: system.memobj: data : 0000000001001000111111111100011001001001111111111100000001110101 
38445000: system.memobj: fix data : 0000000001001000111111111100011001001001111111111100000001110101 
38445000: system.memobj: -------------------------------------
38494000: system.memobj: mem->cpu Got response for addr 0x11d38 , 73016
38494000: system.memobj: size 0x8
38494000: system.memobj: id 94061722024720
38494000: system.memobj: data_hex : 0048FFC649FFC075 
38494000: system.memobj: data : 0000000001001000111111111100011001001001111111111100000001110101 
38494000: system.memobj: fix data : 0000000001001000111111111100011001001001111111111100000001110101 
38494000: system.memobj: -------------------------------------
38543000: system.memobj: mem->cpu Got response for addr 0x11d40 , 73024
38543000: system.memobj: size 0x8
38543000: system.memobj: id 94061722023568
38543000: system.memobj: data_hex : EF66666690666666 
38543000: system.memobj: data : 1110111101100110011001100110011010010000011001100110011001100110 
38543000: system.memobj: fix data : 1110111101100110011001100110011010010000011001100110011001100110 
38543000: system.memobj: -------------------------------------
38606000: system.memobj: mem->cpu Got response for addr 0x11d30 , 73008
38606000: system.memobj: size 0x8
38606000: system.memobj: id 94061722024720
38606000: system.memobj: data_hex : 803E000F84670300 
38606000: system.memobj: data : 1000000000111110000000000000111110000100011001110000001100000000 
38606000: system.memobj: fix data : 1000000000111110000000000000111110000100011001110000001100000000 
38606000: system.memobj: -------------------------------------
38655000: system.memobj: mem->cpu Got response for addr 0x5ed4e , 388430
38655000: system.memobj: size 0x1
38655000: system.memobj: id 94061722023568
38655000: system.memobj: data_hex : 52 
38655000: system.memobj: data : 01010010 
38655000: system.memobj: fix data : 01010010 
38655000: system.memobj: -------------------------------------
38704000: system.memobj: mem->cpu Got response for addr 0x11d30 , 73008
38704000: system.memobj: size 0x8
38704000: system.memobj: id 94061722023568
38704000: system.memobj: data_hex : 803E000F84670300 
38704000: system.memobj: data : 1000000000111110000000000000111110000100011001110000001100000000 
38704000: system.memobj: fix data : 1000000000111110000000000000111110000100011001110000001100000000 
38704000: system.memobj: -------------------------------------
38753000: system.memobj: mem->cpu Got response for addr 0x11d38 , 73016
38753000: system.memobj: size 0x8
38753000: system.memobj: id 94061722024720
38753000: system.memobj: data_hex : 0048FFC649FFC075 
38753000: system.memobj: data : 0000000001001000111111111100011001001001111111111100000001110101 
38753000: system.memobj: fix data : 0000000001001000111111111100011001001001111111111100000001110101 
38753000: system.memobj: -------------------------------------
38802000: system.memobj: mem->cpu Got response for addr 0x11d38 , 73016
38802000: system.memobj: size 0x8
38802000: system.memobj: id 94061722023568
38802000: system.memobj: data_hex : 0048FFC649FFC075 
38802000: system.memobj: data : 0000000001001000111111111100011001001001111111111100000001110101 
38802000: system.memobj: fix data : 0000000001001000111111111100011001001001111111111100000001110101 
38802000: system.memobj: -------------------------------------
38851000: system.memobj: mem->cpu Got response for addr 0x11d38 , 73016
38851000: system.memobj: size 0x8
38851000: system.memobj: id 94061722024720
38851000: system.memobj: data_hex : 0048FFC649FFC075 
38851000: system.memobj: data : 0000000001001000111111111100011001001001111111111100000001110101 
38851000: system.memobj: fix data : 0000000001001000111111111100011001001001111111111100000001110101 
38851000: system.memobj: -------------------------------------
38900000: system.memobj: mem->cpu Got response for addr 0x11d38 , 73016
38900000: system.memobj: size 0x8
38900000: system.memobj: id 94061722023568
38900000: system.memobj: data_hex : 0048FFC649FFC075 
38900000: system.memobj: data : 0000000001001000111111111100011001001001111111111100000001110101 
38900000: system.memobj: fix data : 0000000001001000111111111100011001001001111111111100000001110101 
38900000: system.memobj: -------------------------------------
38949000: system.memobj: mem->cpu Got response for addr 0x11d40 , 73024
38949000: system.memobj: size 0x8
38949000: system.memobj: id 94061722024720
38949000: system.memobj: data_hex : EF66666690666666 
38949000: system.memobj: data : 1110111101100110011001100110011010010000011001100110011001100110 
38949000: system.memobj: fix data : 1110111101100110011001100110011010010000011001100110011001100110 
38949000: system.memobj: -------------------------------------
39268000: system.memobj: mem->cpu Got response for addr 0x11d30 , 73008
39268000: system.memobj: size 0x8
39268000: system.memobj: id 94061722023568
39268000: system.memobj: data_hex : 803E000F84670300 
39268000: system.memobj: data : 1000000000111110000000000000111110000100011001110000001100000000 
39268000: system.memobj: fix data : 1000000000111110000000000000111110000100011001110000001100000000 
39268000: system.memobj: -------------------------------------
39331000: system.memobj: mem->cpu Got response for addr 0x5ed4f , 388431
39331000: system.memobj: size 0x1
39331000: system.memobj: id 94061722024720
39331000: system.memobj: data_hex : 4E 
39331000: system.memobj: data : 01001110 
39331000: system.memobj: fix data : 01001110 
39331000: system.memobj: -------------------------------------
39380000: system.memobj: mem->cpu Got response for addr 0x11d30 , 73008
39380000: system.memobj: size 0x8
39380000: system.memobj: id 94061722024720
39380000: system.memobj: data_hex : 803E000F84670300 
39380000: system.memobj: data : 1000000000111110000000000000111110000100011001110000001100000000 
39380000: system.memobj: fix data : 1000000000111110000000000000111110000100011001110000001100000000 
39380000: system.memobj: -------------------------------------
39429000: system.memobj: mem->cpu Got response for addr 0x11d38 , 73016
39429000: system.memobj: size 0x8
39429000: system.memobj: id 94061722023568
39429000: system.memobj: data_hex : 0048FFC649FFC075 
39429000: system.memobj: data : 0000000001001000111111111100011001001001111111111100000001110101 
39429000: system.memobj: fix data : 0000000001001000111111111100011001001001111111111100000001110101 
39429000: system.memobj: -------------------------------------
39478000: system.memobj: mem->cpu Got response for addr 0x11d38 , 73016
39478000: system.memobj: size 0x8
39478000: system.memobj: id 94061722024720
39478000: system.memobj: data_hex : 0048FFC649FFC075 
39478000: system.memobj: data : 0000000001001000111111111100011001001001111111111100000001110101 
39478000: system.memobj: fix data : 0000000001001000111111111100011001001001111111111100000001110101 
39478000: system.memobj: -------------------------------------
39527000: system.memobj: mem->cpu Got response for addr 0x11d38 , 73016
39527000: system.memobj: size 0x8
39527000: system.memobj: id 94061722023568
39527000: system.memobj: data_hex : 0048FFC649FFC075 
39527000: system.memobj: data : 0000000001001000111111111100011001001001111111111100000001110101 
39527000: system.memobj: fix data : 0000000001001000111111111100011001001001111111111100000001110101 
39527000: system.memobj: -------------------------------------
39576000: system.memobj: mem->cpu Got response for addr 0x11d38 , 73016
39576000: system.memobj: size 0x8
39576000: system.memobj: id 94061722024720
39576000: system.memobj: data_hex : 0048FFC649FFC075 
39576000: system.memobj: data : 0000000001001000111111111100011001001001111111111100000001110101 
39576000: system.memobj: fix data : 0000000001001000111111111100011001001001111111111100000001110101 
39576000: system.memobj: -------------------------------------
39625000: system.memobj: mem->cpu Got response for addr 0x11d40 , 73024
39625000: system.memobj: size 0x8
39625000: system.memobj: id 94061722023568
39625000: system.memobj: data_hex : EF66666690666666 
39625000: system.memobj: data : 1110111101100110011001100110011010010000011001100110011001100110 
39625000: system.memobj: fix data : 1110111101100110011001100110011010010000011001100110011001100110 
39625000: system.memobj: -------------------------------------
39674000: system.memobj: mem->cpu Got response for addr 0x11d40 , 73024
39674000: system.memobj: size 0x8
39674000: system.memobj: id 94061722024720
39674000: system.memobj: data_hex : EF66666690666666 
39674000: system.memobj: data : 1110111101100110011001100110011010010000011001100110011001100110 
39674000: system.memobj: fix data : 1110111101100110011001100110011010010000011001100110011001100110 
39674000: system.memobj: -------------------------------------
39723000: system.memobj: mem->cpu Got response for addr 0x11d40 , 73024
39723000: system.memobj: size 0x8
39723000: system.memobj: id 94061722023568
39723000: system.memobj: data_hex : EF66666690666666 
39723000: system.memobj: data : 1110111101100110011001100110011010010000011001100110011001100110 
39723000: system.memobj: fix data : 1110111101100110011001100110011010010000011001100110011001100110 
39723000: system.memobj: -------------------------------------
39772000: system.memobj: mem->cpu Got response for addr 0x11d48 , 73032
39772000: system.memobj: size 0x8
39772000: system.memobj: id 94061722024720
39772000: system.memobj: data_hex : 9066666690666690 
39772000: system.memobj: data : 1001000001100110011001100110011010010000011001100110011010010000 
39772000: system.memobj: fix data : 1001000001100110011001100110011010010000011001100110011010010000 
39772000: system.memobj: -------------------------------------
39821000: system.memobj: mem->cpu Got response for addr 0x11d48 , 73032
39821000: system.memobj: size 0x8
39821000: system.memobj: id 94061722023568
39821000: system.memobj: data_hex : 9066666690666690 
39821000: system.memobj: data : 1001000001100110011001100110011010010000011001100110011010010000 
39821000: system.memobj: fix data : 1001000001100110011001100110011010010000011001100110011010010000 
39821000: system.memobj: -------------------------------------
39870000: system.memobj: mem->cpu Got response for addr 0x11d48 , 73032
39870000: system.memobj: size 0x8
39870000: system.memobj: id 94061722024720
39870000: system.memobj: data_hex : 9066666690666690 
39870000: system.memobj: data : 1001000001100110011001100110011010010000011001100110011010010000 
39870000: system.memobj: fix data : 1001000001100110011001100110011010010000011001100110011010010000 
39870000: system.memobj: -------------------------------------
39919000: system.memobj: mem->cpu Got response for addr 0x11d50 , 73040
39919000: system.memobj: size 0x8
39919000: system.memobj: id 94061722023568
39919000: system.memobj: data_hex : 488B0648B9FFFEFE 
39919000: system.memobj: data : 0100100010001011000001100100100010111001111111111111111011111110 
39919000: system.memobj: fix data : 0100100010001011000001100100100010111001111111111111111011111110 
39919000: system.memobj: -------------------------------------
39968000: system.memobj: mem->cpu Got response for addr 0x5ed50 , 388432
39968000: system.memobj: size 0x8
39968000: system.memobj: id 94061722025008
39968000: system.memobj: data_hex : 004C445F4C494252 
39968000: system.memobj: data : 0000000001001100010001000101111101001100010010010100001001010010 
39968000: system.memobj: fix data : 0000000001001100010001000101111101001100010010010100001001010010 
39968000: system.memobj: -------------------------------------
40017000: system.memobj: mem->cpu Got response for addr 0x11d50 , 73040
40017000: system.memobj: size 0x8
40017000: system.memobj: id 94061722025008
40017000: system.memobj: data_hex : 488B0648B9FFFEFE 
40017000: system.memobj: data : 0100100010001011000001100100100010111001111111111111111011111110 
40017000: system.memobj: fix data : 0100100010001011000001100100100010111001111111111111111011111110 
40017000: system.memobj: -------------------------------------
40066000: system.memobj: mem->cpu Got response for addr 0x11d58 , 73048
40066000: system.memobj: size 0x8
40066000: system.memobj: id 94061722023568
40066000: system.memobj: data_hex : FEFEFEFEFE4989C8 
40066000: system.memobj: data : 1111111011111110111111101111111011111110010010011000100111001000 
40066000: system.memobj: fix data : 1111111011111110111111101111111011111110010010011000100111001000 
40066000: system.memobj: -------------------------------------
40115000: system.memobj: mem->cpu Got response for addr 0x11d58 , 73048
40115000: system.memobj: size 0x8
40115000: system.memobj: id 94061722025008
40115000: system.memobj: data_hex : FEFEFEFEFE4989C8 
40115000: system.memobj: data : 1111111011111110111111101111111011111110010010011000100111001000 
40115000: system.memobj: fix data : 1111111011111110111111101111111011111110010010011000100111001000 
40115000: system.memobj: -------------------------------------
40178000: system.memobj: mem->cpu Got response for addr 0x11d60 , 73056
40178000: system.memobj: size 0x8
40178000: system.memobj: id 94061722023568
40178000: system.memobj: data_hex : 4901C00F83070300 
40178000: system.memobj: data : 0100100100000001110000000000111110000011000001110000001100000000 
40178000: system.memobj: fix data : 0100100100000001110000000000111110000011000001110000001100000000 
40178000: system.memobj: -------------------------------------
40227000: system.memobj: mem->cpu Got response for addr 0x11d60 , 73056
40227000: system.memobj: size 0x8
40227000: system.memobj: id 94061722025008
40227000: system.memobj: data_hex : 4901C00F83070300 
40227000: system.memobj: data : 0100100100000001110000000000111110000011000001110000001100000000 
40227000: system.memobj: fix data : 0100100100000001110000000000111110000011000001110000001100000000 
40227000: system.memobj: -------------------------------------
40276000: system.memobj: mem->cpu Got response for addr 0x11d68 , 73064
40276000: system.memobj: size 0x8
40276000: system.memobj: id 94061722023568
40276000: system.memobj: data_hex : 004931C04909C849 
40276000: system.memobj: data : 0000000001001001001100011100000001001001000010011100100001001001 
40276000: system.memobj: fix data : 0000000001001001001100011100000001001001000010011100100001001001 
40276000: system.memobj: -------------------------------------
40325000: system.memobj: mem->cpu Got response for addr 0x11d68 , 73064
40325000: system.memobj: size 0x8
40325000: system.memobj: id 94061722025008
40325000: system.memobj: data_hex : 004931C04909C849 
40325000: system.memobj: data : 0000000001001001001100011100000001001001000010011100100001001001 
40325000: system.memobj: fix data : 0000000001001001001100011100000001001001000010011100100001001001 
40325000: system.memobj: -------------------------------------
40374000: system.memobj: mem->cpu Got response for addr 0x11d68 , 73064
40374000: system.memobj: size 0x8
40374000: system.memobj: id 94061722023568
40374000: system.memobj: data_hex : 004931C04909C849 
40374000: system.memobj: data : 0000000001001001001100011100000001001001000010011100100001001001 
40374000: system.memobj: fix data : 0000000001001001001100011100000001001001000010011100100001001001 
40374000: system.memobj: -------------------------------------
40423000: system.memobj: mem->cpu Got response for addr 0x11d68 , 73064
40423000: system.memobj: size 0x8
40423000: system.memobj: id 94061722025008
40423000: system.memobj: data_hex : 004931C04909C849 
40423000: system.memobj: data : 0000000001001001001100011100000001001001000010011100100001001001 
40423000: system.memobj: fix data : 0000000001001001001100011100000001001001000010011100100001001001 
40423000: system.memobj: -------------------------------------
40472000: system.memobj: mem->cpu Got response for addr 0x11d70 , 73072
40472000: system.memobj: size 0x8
40472000: system.memobj: id 94061722023568
40472000: system.memobj: data_hex : FFC00F85F8020000 
40472000: system.memobj: data : 1111111111000000000011111000010111111000000000100000000000000000 
40472000: system.memobj: fix data : 1111111111000000000011111000010111111000000000100000000000000000 
40472000: system.memobj: -------------------------------------
40521000: system.memobj: mem->cpu Got response for addr 0x11d70 , 73072
40521000: system.memobj: size 0x8
40521000: system.memobj: id 94061722025008
40521000: system.memobj: data_hex : FFC00F85F8020000 
40521000: system.memobj: data : 1111111111000000000011111000010111111000000000100000000000000000 
40521000: system.memobj: fix data : 1111111111000000000011111000010111111000000000100000000000000000 
40521000: system.memobj: -------------------------------------
40584000: system.memobj: mem->cpu Got response for addr 0x12070 , 73840
40584000: system.memobj: size 0x8
40584000: system.memobj: id 94061722023568
40584000: system.memobj: data_hex : 84C0742C48FFC684 
40584000: system.memobj: data : 1000010011000000011101000010110001001000111111111100011010000100 
40584000: system.memobj: fix data : 1000010011000000011101000010110001001000111111111100011010000100 
40584000: system.memobj: -------------------------------------
40633000: system.memobj: mem->cpu Got response for addr 0x12070 , 73840
40633000: system.memobj: size 0x8
40633000: system.memobj: id 94061722025008
40633000: system.memobj: data_hex : 84C0742C48FFC684 
40633000: system.memobj: data : 1000010011000000011101000010110001001000111111111100011010000100 
40633000: system.memobj: fix data : 1000010011000000011101000010110001001000111111111100011010000100 
40633000: system.memobj: -------------------------------------
40682000: system.memobj: mem->cpu Got response for addr 0x120a0 , 73888
40682000: system.memobj: size 0x8
40682000: system.memobj: id 94061722023568
40682000: system.memobj: data_hex : 488D0437C3909090 
40682000: system.memobj: data : 0100100010001101000001000011011111000011100100001001000010010000 
40682000: system.memobj: fix data : 0100100010001101000001000011011111000011100100001001000010010000 
40682000: system.memobj: -------------------------------------
40731000: system.memobj: mem->cpu Got response for addr 0x120a0 , 73888
40731000: system.memobj: size 0x8
40731000: system.memobj: id 94061722025296
40731000: system.memobj: data_hex : 488D0437C3909090 
40731000: system.memobj: data : 0100100010001101000001000011011111000011100100001001000010010000 
40731000: system.memobj: fix data : 0100100010001101000001000011011111000011100100001001000010010000 
40731000: system.memobj: -------------------------------------
40794000: system.memobj: mem->cpu Got response for addr 0x94b08 , 609032
40794000: system.memobj: size 0x8
40794000: system.memobj: id 94061722023568
40794000: system.memobj: data_hex : 41A3410000000000 
40794000: system.memobj: data : 0100000110100011010000010000000000000000000000000000000000000000 
40794000: system.memobj: hamming code addr: 609032 
40794000: system.memobj: hamming code out: 3 
40794000: system.memobj: find Error Bit index : 6 
40794000: system.memobj: hamming code addr: 609040 
40794000: system.memobj: hamming code out: 2 
40794000: system.memobj: hamming code addr: 609048 
40794000: system.memobj: hamming code out: 9 
40794000: system.memobj: hamming code addr: 609056 
40794000: system.memobj: hamming code out: 0 
40794000: system.memobj: hamming code addr: 609064 
40794000: system.memobj: hamming code out: 0 
40794000: system.memobj: hamming code addr: 609072 
40794000: system.memobj: hamming code out: 0 
40794000: system.memobj: hamming code addr: 609080 
40794000: system.memobj: hamming code out: 0 
40794000: system.memobj: hamming code addr: 609088 
40794000: system.memobj: hamming code out: 0 
40794000: system.memobj: fix data : 0100010110100011010000010000000000000000000000000000000000000000 
40794000: system.memobj: -------------------------------------
40857000: system.memobj: mem->cpu Got response for addr 0x1a340 , 107328
40857000: system.memobj: size 0x8
40857000: system.memobj: id 94061722023568
40857000: system.memobj: data_hex : E8CB79FFFF488B15 
40857000: system.memobj: data : 1110100011001011011110011111111111111111010010001000101100010101 
40857000: system.memobj: fix data : 1110100011001011011110011111111111111111010010001000101100010101 
40857000: system.memobj: -------------------------------------
40906000: system.memobj: mem->cpu Got response for addr 0x1a348 , 107336
40906000: system.memobj: size 0x8
40906000: system.memobj: id 94061722025296
40906000: system.memobj: data_hex : AC8A17004989C648 
40906000: system.memobj: data : 1010110010001010000101110000000001001001100010011100011001001000 
40906000: system.memobj: fix data : 1010110010001010000101110000000001001001100010011100011001001000 
40906000: system.memobj: -------------------------------------
40926000: system.memobj: mem->cpu Got response for addr 0x92df8 , 601592
40926000: system.memobj: size 0x8
40926000: system.memobj: id 94061722025584
40926000: system.memobj: data_hex : A8EDFFFFFF7F0000 
40926000: system.memobj: data : 1010100011101101111111111111111111111111011111110000000000000000 
40926000: system.memobj: hamming code addr: 601592 
40926000: system.memobj: hamming code out: 9 
40926000: system.memobj: find Error Bit index : 2 
40926000: system.memobj: hamming code addr: 601600 
40926000: system.memobj: hamming code out: 15 
40926000: system.memobj: hamming code addr: 601608 
40926000: system.memobj: hamming code out: 3 
40926000: system.memobj: hamming code addr: 601616 
40926000: system.memobj: hamming code out: 3 
40926000: system.memobj: hamming code addr: 601624 
40926000: system.memobj: hamming code out: 3 
40926000: system.memobj: hamming code addr: 601632 
40926000: system.memobj: hamming code out: 0 
40926000: system.memobj: hamming code addr: 601640 
40926000: system.memobj: hamming code out: 0 
40926000: system.memobj: hamming code addr: 601648 
40926000: system.memobj: hamming code out: 0 
40926000: system.memobj: fix data : 1110100011101101111111111111111111111111011111110000000000000000 
40926000: system.memobj: -------------------------------------
40975000: system.memobj: mem->cpu Got response for addr 0x1a348 , 107336
40975000: system.memobj: size 0x8
40975000: system.memobj: id 94061722025584
40975000: system.memobj: data_hex : AC8A17004989C648 
40975000: system.memobj: data : 1010110010001010000101110000000001001001100010011100011001001000 
40975000: system.memobj: fix data : 1010110010001010000101110000000001001001100010011100011001001000 
40975000: system.memobj: -------------------------------------
41024000: system.memobj: mem->cpu Got response for addr 0x1a348 , 107336
41024000: system.memobj: size 0x8
41024000: system.memobj: id 94061722025296
41024000: system.memobj: data_hex : AC8A17004989C648 
41024000: system.memobj: data : 1010110010001010000101110000000001001001100010011100011001001000 
41024000: system.memobj: fix data : 1010110010001010000101110000000001001001100010011100011001001000 
41024000: system.memobj: -------------------------------------
41073000: system.memobj: mem->cpu Got response for addr 0x1a350 , 107344
41073000: system.memobj: size 0x8
41073000: system.memobj: id 94061722025584
41073000: system.memobj: data_hex : 85D27409410FB604 
41073000: system.memobj: data : 1000010111010010011101000000100101000001000011111011011000000100 
41073000: system.memobj: fix data : 1000010111010010011101000000100101000001000011111011011000000100 
41073000: system.memobj: -------------------------------------
41122000: system.memobj: mem->cpu Got response for addr 0x1a350 , 107344
41122000: system.memobj: size 0x8
41122000: system.memobj: id 94061722025296
41122000: system.memobj: data_hex : 85D27409410FB604 
41122000: system.memobj: data : 1000010111010010011101000000100101000001000011111011011000000100 
41122000: system.memobj: fix data : 1000010111010010011101000000100101000001000011111011011000000100 
41122000: system.memobj: -------------------------------------
41171000: system.memobj: mem->cpu Got response for addr 0x1a350 , 107344
41171000: system.memobj: size 0x8
41171000: system.memobj: id 94061722025584
41171000: system.memobj: data_hex : 85D27409410FB604 
41171000: system.memobj: data : 1000010111010010011101000000100101000001000011111011011000000100 
41171000: system.memobj: fix data : 1000010111010010011101000000100101000001000011111011011000000100 
41171000: system.memobj: -------------------------------------
41220000: system.memobj: mem->cpu Got response for addr 0x1a358 , 107352
41220000: system.memobj: size 0x8
41220000: system.memobj: id 94061722025296
41220000: system.memobj: data_hex : 2484C0752331C048 
41220000: system.memobj: data : 0010010010000100110000000111010100100011001100011100000001001000 
41220000: system.memobj: fix data : 0010010010000100110000000111010100100011001100011100000001001000 
41220000: system.memobj: -------------------------------------
41269000: system.memobj: mem->cpu Got response for addr 0x5ed49 , 388425
41269000: system.memobj: size 0x1
41269000: system.memobj: id 94061723123728
41269000: system.memobj: data_hex : 4C 
41269000: system.memobj: data : 01001100 
41269000: system.memobj: fix data : 01001100 
41269000: system.memobj: -------------------------------------
41318000: system.memobj: mem->cpu Got response for addr 0x1a358 , 107352
41318000: system.memobj: size 0x8
41318000: system.memobj: id 94061723123728
41318000: system.memobj: data_hex : 2484C0752331C048 
41318000: system.memobj: data : 0010010010000100110000000111010100100011001100011100000001001000 
41318000: system.memobj: fix data : 0010010010000100110000000111010100100011001100011100000001001000 
41318000: system.memobj: -------------------------------------
41367000: system.memobj: mem->cpu Got response for addr 0x1a358 , 107352
41367000: system.memobj: size 0x8
41367000: system.memobj: id 94061722025296
41367000: system.memobj: data_hex : 2484C0752331C048 
41367000: system.memobj: data : 0010010010000100110000000111010100100011001100011100000001001000 
41367000: system.memobj: fix data : 0010010010000100110000000111010100100011001100011100000001001000 
41367000: system.memobj: -------------------------------------
41416000: system.memobj: mem->cpu Got response for addr 0x1a380 , 107392
41416000: system.memobj: size 0x8
41416000: system.memobj: id 94061723123728
41416000: system.memobj: data_hex : 41807C240100752E 
41416000: system.memobj: data : 0100000110000000011111000010010000000001000000000111010100101110 
41416000: system.memobj: fix data : 0100000110000000011111000010010000000001000000000111010100101110 
41416000: system.memobj: -------------------------------------
41465000: system.memobj: mem->cpu Got response for addr 0x5ed4a , 388426
41465000: system.memobj: size 0x1
41465000: system.memobj: id 94061723124016
41465000: system.memobj: data_hex : 44 
41465000: system.memobj: data : 01000100 
41465000: system.memobj: fix data : 01000100 
41465000: system.memobj: -------------------------------------
41514000: system.memobj: mem->cpu Got response for addr 0x1a380 , 107392
41514000: system.memobj: size 0x8
41514000: system.memobj: id 94061723124016
41514000: system.memobj: data_hex : 41807C240100752E 
41514000: system.memobj: data : 0100000110000000011111000010010000000001000000000111010100101110 
41514000: system.memobj: fix data : 0100000110000000011111000010010000000001000000000111010100101110 
41514000: system.memobj: -------------------------------------
41563000: system.memobj: mem->cpu Got response for addr 0x1a3b0 , 107440
41563000: system.memobj: size 0x8
41563000: system.memobj: id 94061723123728
41563000: system.memobj: data_hex : 85DB75EDEBA7488B 
41563000: system.memobj: data : 1000010111011011011101011110110111101011101001110100100010001011 
41563000: system.memobj: fix data : 1000010111011011011101011110110111101011101001110100100010001011 
41563000: system.memobj: -------------------------------------
41612000: system.memobj: mem->cpu Got response for addr 0x1a3b8 , 107448
41612000: system.memobj: size 0x8
41612000: system.memobj: id 94061723124016
41612000: system.memobj: data_hex : 02450FB72C244983 
41612000: system.memobj: data : 0000001001000101000011111011011100101100001001000100100110000011 
41612000: system.memobj: fix data : 0000001001000101000011111011011100101100001001000100100110000011 
41612000: system.memobj: -------------------------------------
41661000: system.memobj: mem->cpu Got response for addr 0x94de8 , 609768
41661000: system.memobj: size 0x8
41661000: system.memobj: id 94061723124304
41661000: system.memobj: data_hex : 0000000000000000 
41661000: system.memobj: data : 0000000000000000000000000000000000000000000000000000000000000000 
41661000: system.memobj: fix data : 0000000000000000000000000000000000000000000000000000000000000000 
41661000: system.memobj: -------------------------------------
41710000: system.memobj: mem->cpu Got response for addr 0x1a3b8 , 107448
41710000: system.memobj: size 0x8
41710000: system.memobj: id 94061723124304
41710000: system.memobj: data_hex : 02450FB72C244983 
41710000: system.memobj: data : 0000001001000101000011111011011100101100001001000100100110000011 
41710000: system.memobj: fix data : 0000001001000101000011111011011100101100001001000100100110000011 
41710000: system.memobj: -------------------------------------
41759000: system.memobj: mem->cpu Got response for addr 0x5ed49 , 388425
41759000: system.memobj: size 0x2
41759000: system.memobj: id 94061723124592
41759000: system.memobj: data_hex : 4C44 
41759000: system.memobj: data : 0100110001000100 
41759000: system.memobj: fix data : 0100110001000100 
41759000: system.memobj: -------------------------------------
41808000: system.memobj: mem->cpu Got response for addr 0x1a3b8 , 107448
41808000: system.memobj: size 0x8
41808000: system.memobj: id 94061723124592
41808000: system.memobj: data_hex : 02450FB72C244983 
41808000: system.memobj: data : 0000001001000101000011111011011100101100001001000100100110000011 
41808000: system.memobj: fix data : 0000001001000101000011111011011100101100001001000100100110000011 
41808000: system.memobj: -------------------------------------
41871000: system.memobj: mem->cpu Got response for addr 0x1a3c0 , 107456
41871000: system.memobj: size 0x8
41871000: system.memobj: id 94061723124304
41871000: system.memobj: data_hex : EE024983C4024889 
41871000: system.memobj: data : 1110111000000010010010011000001111000100000000100100100010001001 
41871000: system.memobj: fix data : 1110111000000010010010011000001111000100000000100100100010001001 
41871000: system.memobj: -------------------------------------
41920000: system.memobj: mem->cpu Got response for addr 0x1a3c0 , 107456
41920000: system.memobj: size 0x8
41920000: system.memobj: id 94061723124592
41920000: system.memobj: data_hex : EE024983C4024889 
41920000: system.memobj: data : 1110111000000010010010011000001111000100000000100100100010001001 
41920000: system.memobj: fix data : 1110111000000010010010011000001111000100000000100100100010001001 
41920000: system.memobj: -------------------------------------
41969000: system.memobj: mem->cpu Got response for addr 0x1a3c0 , 107456
41969000: system.memobj: size 0x8
41969000: system.memobj: id 94061723124304
41969000: system.memobj: data_hex : EE024983C4024889 
41969000: system.memobj: data : 1110111000000010010010011000001111000100000000100100100010001001 
41969000: system.memobj: fix data : 1110111000000010010010011000001111000100000000100100100010001001 
41969000: system.memobj: -------------------------------------
42018000: system.memobj: mem->cpu Got response for addr 0x1a3c8 , 107464
42018000: system.memobj: size 0x8
42018000: system.memobj: id 94061723124592
42018000: system.memobj: data_hex : D54885C0748F4889 
42018000: system.memobj: data : 1101010101001000100001011100000001110100100011110100100010001001 
42018000: system.memobj: fix data : 1101010101001000100001011100000001110100100011110100100010001001 
42018000: system.memobj: -------------------------------------
42067000: system.memobj: mem->cpu Got response for addr 0x1a3c8 , 107464
42067000: system.memobj: size 0x8
42067000: system.memobj: id 94061723124304
42067000: system.memobj: data_hex : D54885C0748F4889 
42067000: system.memobj: data : 1101010101001000100001011100000001110100100011110100100010001001 
42067000: system.memobj: fix data : 1101010101001000100001011100000001110100100011110100100010001001 
42067000: system.memobj: -------------------------------------
42116000: system.memobj: mem->cpu Got response for addr 0x1a3c8 , 107464
42116000: system.memobj: size 0x8
42116000: system.memobj: id 94061723124592
42116000: system.memobj: data_hex : D54885C0748F4889 
42116000: system.memobj: data : 1101010101001000100001011100000001110100100011110100100010001001 
42116000: system.memobj: fix data : 1101010101001000100001011100000001110100100011110100100010001001 
42116000: system.memobj: -------------------------------------
42165000: system.memobj: mem->cpu Got response for addr 0x1a358 , 107352
42165000: system.memobj: size 0x8
42165000: system.memobj: id 94061723124304
42165000: system.memobj: data_hex : 2484C0752331C048 
42165000: system.memobj: data : 0010010010000100110000000111010100100011001100011100000001001000 
42165000: system.memobj: fix data : 0010010010000100110000000111010100100011001100011100000001001000 
42165000: system.memobj: -------------------------------------
42214000: system.memobj: mem->cpu Got response for addr 0x1a358 , 107352
42214000: system.memobj: size 0x8
42214000: system.memobj: id 94061723124592
42214000: system.memobj: data_hex : 2484C0752331C048 
42214000: system.memobj: data : 0010010010000100110000000111010100100011001100011100000001001000 
42214000: system.memobj: fix data : 0010010010000100110000000111010100100011001100011100000001001000 
42214000: system.memobj: -------------------------------------
42263000: system.memobj: mem->cpu Got response for addr 0x1a360 , 107360
42263000: system.memobj: size 0x8
42263000: system.memobj: id 94061723124304
42263000: system.memobj: data_hex : 8B1C24488B6C2408 
42263000: system.memobj: data : 1000101100011100001001000100100010001011011011000010010000001000 
42263000: system.memobj: fix data : 1000101100011100001001000100100010001011011011000010010000001000 
42263000: system.memobj: -------------------------------------
42312000: system.memobj: mem->cpu Got response for addr 0x94b10 , 609040
42312000: system.memobj: size 0x8
42312000: system.memobj: id 94061723124880
42312000: system.memobj: data_hex : 0F17470000000000 
42312000: system.memobj: data : 0000111100010111010001110000000000000000000000000000000000000000 
42312000: system.memobj: hamming code addr: 609040 
42312000: system.memobj: hamming code out: 13 
42312000: system.memobj: find Error Bit index : 5 
42312000: system.memobj: hamming code addr: 609048 
42312000: system.memobj: hamming code out: 10 
42312000: system.memobj: hamming code addr: 609056 
42312000: system.memobj: hamming code out: 8 
42312000: system.memobj: hamming code addr: 609064 
42312000: system.memobj: hamming code out: 0 
42312000: system.memobj: hamming code addr: 609072 
42312000: system.memobj: hamming code out: 0 
42312000: system.memobj: hamming code addr: 609080 
42312000: system.memobj: hamming code out: 0 
42312000: system.memobj: hamming code addr: 609088 
42312000: system.memobj: hamming code out: 0 
42312000: system.memobj: hamming code addr: 609096 
42312000: system.memobj: hamming code out: 0 
42312000: system.memobj: fix data : 0000011100010111010001110000000000000000000000000000000000000000 
42312000: system.memobj: -------------------------------------
42361000: system.memobj: mem->cpu Got response for addr 0x1a360 , 107360
42361000: system.memobj: size 0x8
42361000: system.memobj: id 94061723124880
42361000: system.memobj: data_hex : 8B1C24488B6C2408 
42361000: system.memobj: data : 1000101100011100001001000100100010001011011011000010010000001000 
42361000: system.memobj: fix data : 1000101100011100001001000100100010001011011011000010010000001000 
42361000: system.memobj: -------------------------------------
42410000: system.memobj: mem->cpu Got response for addr 0x94b18 , 609048
42410000: system.memobj: size 0x8
42410000: system.memobj: id 94061723125168
42410000: system.memobj: data_hex : 98EDFFFFFF7F0000 
42410000: system.memobj: data : 1001100011101101111111111111111111111111011111110000000000000000 
42410000: system.memobj: hamming code addr: 609048 
42410000: system.memobj: hamming code out: 8 
42410000: system.memobj: find Error Bit index : 2 
42410000: system.memobj: hamming code addr: 609056 
42410000: system.memobj: hamming code out: 15 
42410000: system.memobj: hamming code addr: 609064 
42410000: system.memobj: hamming code out: 3 
42410000: system.memobj: hamming code addr: 609072 
42410000: system.memobj: hamming code out: 3 
42410000: system.memobj: hamming code addr: 609080 
42410000: system.memobj: hamming code out: 3 
42410000: system.memobj: hamming code addr: 609088 
42410000: system.memobj: hamming code out: 0 
42410000: system.memobj: hamming code addr: 609096 
42410000: system.memobj: hamming code out: 0 
42410000: system.memobj: hamming code addr: 609104 
42410000: system.memobj: hamming code out: 0 
42410000: system.memobj: fix data : 1101100011101101111111111111111111111111011111110000000000000000 
42410000: system.memobj: -------------------------------------
42459000: system.memobj: mem->cpu Got response for addr 0x1a368 , 107368
42459000: system.memobj: size 0x8
42459000: system.memobj: id 94061723125168
42459000: system.memobj: data_hex : 4C8B6424104C8B6C 
42459000: system.memobj: data : 0100110010001011011001000010010000010000010011001000101101101100 
42459000: system.memobj: fix data : 0100110010001011011001000010010000010000010011001000101101101100 
42459000: system.memobj: -------------------------------------
42508000: system.memobj: mem->cpu Got response for addr 0x94b20 , 609056
42508000: system.memobj: size 0x8
42508000: system.memobj: id 94061723125456
42508000: system.memobj: data_hex : 0300000000000000 
42508000: system.memobj: data : 0000001100000000000000000000000000000000000000000000000000000000 
42508000: system.memobj: hamming code addr: 609056 
42508000: system.memobj: hamming code out: 12 
42508000: system.memobj: find Error Bit index : 7 
42508000: system.memobj: hamming code addr: 609064 
42508000: system.memobj: hamming code out: 0 
42508000: system.memobj: hamming code addr: 609072 
42508000: system.memobj: hamming code out: 0 
42508000: system.memobj: hamming code addr: 609080 
42508000: system.memobj: hamming code out: 0 
42508000: system.memobj: hamming code addr: 609088 
42508000: system.memobj: hamming code out: 0 
42508000: system.memobj: hamming code addr: 609096 
42508000: system.memobj: hamming code out: 0 
42508000: system.memobj: hamming code addr: 609104 
42508000: system.memobj: hamming code out: 0 
42508000: system.memobj: hamming code addr: 609112 
42508000: system.memobj: hamming code out: 0 
42508000: system.memobj: fix data : 0000000100000000000000000000000000000000000000000000000000000000 
42508000: system.memobj: -------------------------------------
42557000: system.memobj: mem->cpu Got response for addr 0x1a368 , 107368
42557000: system.memobj: size 0x8
42557000: system.memobj: id 94061723125456
42557000: system.memobj: data_hex : 4C8B6424104C8B6C 
42557000: system.memobj: data : 0100110010001011011001000010010000010000010011001000101101101100 
42557000: system.memobj: fix data : 0100110010001011011001000010010000010000010011001000101101101100 
42557000: system.memobj: -------------------------------------
42606000: system.memobj: mem->cpu Got response for addr 0x1a370 , 107376
42606000: system.memobj: size 0x8
42606000: system.memobj: id 94061723125168
42606000: system.memobj: data_hex : 24184C8B74242048 
42606000: system.memobj: data : 0010010000011000010011001000101101110100001001000010000001001000 
42606000: system.memobj: fix data : 0010010000011000010011001000101101110100001001000010000001001000 
42606000: system.memobj: -------------------------------------
42655000: system.memobj: mem->cpu Got response for addr 0x94b28 , 609064
42655000: system.memobj: size 0x8
42655000: system.memobj: id 94061723125744
42655000: system.memobj: data_hex : 4100000000000000 
42655000: system.memobj: data : 0100000100000000000000000000000000000000000000000000000000000000 
42655000: system.memobj: hamming code addr: 609064 
42655000: system.memobj: hamming code out: 12 
42655000: system.memobj: find Error Bit index : 2 
42655000: system.memobj: hamming code addr: 609072 
42655000: system.memobj: hamming code out: 0 
42655000: system.memobj: hamming code addr: 609080 
42655000: system.memobj: hamming code out: 0 
42655000: system.memobj: hamming code addr: 609088 
42655000: system.memobj: hamming code out: 0 
42655000: system.memobj: hamming code addr: 609096 
42655000: system.memobj: hamming code out: 0 
42655000: system.memobj: hamming code addr: 609104 
42655000: system.memobj: hamming code out: 0 
42655000: system.memobj: hamming code addr: 609112 
42655000: system.memobj: hamming code out: 0 
42655000: system.memobj: hamming code addr: 609120 
42655000: system.memobj: hamming code out: 0 
42655000: system.memobj: fix data : 0000000100000000000000000000000000000000000000000000000000000000 
42655000: system.memobj: -------------------------------------
42704000: system.memobj: mem->cpu Got response for addr 0x1a370 , 107376
42704000: system.memobj: size 0x8
42704000: system.memobj: id 94061723125744
42704000: system.memobj: data_hex : 24184C8B74242048 
42704000: system.memobj: data : 0010010000011000010011001000101101110100001001000010000001001000 
42704000: system.memobj: fix data : 0010010000011000010011001000101101110100001001000010000001001000 
42704000: system.memobj: -------------------------------------
42753000: system.memobj: mem->cpu Got response for addr 0x94b30 , 609072
42753000: system.memobj: size 0x8
42753000: system.memobj: id 94061723126032
42753000: system.memobj: data_hex : F8EDFFFFFF7F0000 
42753000: system.memobj: data : 1111100011101101111111111111111111111111011111110000000000000000 
42753000: system.memobj: hamming code addr: 609072 
42753000: system.memobj: hamming code out: 8 
42753000: system.memobj: find Error Bit index : 3 
42753000: system.memobj: hamming code addr: 609080 
42753000: system.memobj: hamming code out: 15 
42753000: system.memobj: hamming code addr: 609088 
42753000: system.memobj: hamming code out: 3 
42753000: system.memobj: hamming code addr: 609096 
42753000: system.memobj: hamming code out: 3 
42753000: system.memobj: hamming code addr: 609104 
42753000: system.memobj: hamming code out: 3 
42753000: system.memobj: hamming code addr: 609112 
42753000: system.memobj: hamming code out: 0 
42753000: system.memobj: hamming code addr: 609120 
42753000: system.memobj: hamming code out: 0 
42753000: system.memobj: hamming code addr: 609128 
42753000: system.memobj: hamming code out: 0 
42753000: system.memobj: fix data : 1101100011101101111111111111111111111111011111110000000000000000 
42753000: system.memobj: -------------------------------------
42802000: system.memobj: mem->cpu Got response for addr 0x1a370 , 107376
42802000: system.memobj: size 0x8
42802000: system.memobj: id 94061723126032
42802000: system.memobj: data_hex : 24184C8B74242048 
42802000: system.memobj: data : 0010010000011000010011001000101101110100001001000010000001001000 
42802000: system.memobj: fix data : 0010010000011000010011001000101101110100001001000010000001001000 
42802000: system.memobj: -------------------------------------
42851000: system.memobj: mem->cpu Got response for addr 0x1a378 , 107384
42851000: system.memobj: size 0x8
42851000: system.memobj: id 94061723125744
42851000: system.memobj: data_hex : 83C428C366666690 
42851000: system.memobj: data : 1000001111000100001010001100001101100110011001100110011010010000 
42851000: system.memobj: fix data : 1000001111000100001010001100001101100110011001100110011010010000 
42851000: system.memobj: -------------------------------------
42914000: system.memobj: mem->cpu Got response for addr 0x1a378 , 107384
42914000: system.memobj: size 0x8
42914000: system.memobj: id 94061723126032
42914000: system.memobj: data_hex : 83C428C366666690 
42914000: system.memobj: data : 1000001111000100001010001100001101100110011001100110011010010000 
42914000: system.memobj: fix data : 1000001111000100001010001100001101100110011001100110011010010000 
42914000: system.memobj: -------------------------------------
42934000: system.memobj: mem->cpu Got response for addr 0x94b38 , 609080
42934000: system.memobj: size 0x8
42934000: system.memobj: id 94061723125744
42934000: system.memobj: data_hex : F35C410000000000 
42934000: system.memobj: data : 1111001101011100010000010000000000000000000000000000000000000000 
42934000: system.memobj: hamming code addr: 609080 
42934000: system.memobj: hamming code out: 5 
42934000: system.memobj: find Error Bit index : 2 
42934000: system.memobj: hamming code addr: 609088 
42934000: system.memobj: hamming code out: 1 
42934000: system.memobj: hamming code addr: 609096 
42934000: system.memobj: hamming code out: 9 
42934000: system.memobj: hamming code addr: 609104 
42934000: system.memobj: hamming code out: 0 
42934000: system.memobj: hamming code addr: 609112 
42934000: system.memobj: hamming code out: 0 
42934000: system.memobj: hamming code addr: 609120 
42934000: system.memobj: hamming code out: 0 
42934000: system.memobj: hamming code addr: 609128 
42934000: system.memobj: hamming code out: 0 
42934000: system.memobj: hamming code addr: 609136 
42934000: system.memobj: hamming code out: 0 
42934000: system.memobj: fix data : 1011001101011100010000010000000000000000000000000000000000000000 
42934000: system.memobj: -------------------------------------
43011000: system.memobj: mem->cpu Got response for addr 0x15cb0 , 89264
43011000: system.memobj: size 0x8
43011000: system.memobj: id 94061723125744
43011000: system.memobj: data_hex : 4600004885C0BF51 
43011000: system.memobj: data : 0100011000000000000000000100100010000101110000001011111101010001 
43011000: system.memobj: fix data : 0100011000000000000000000100100010000101110000001011111101010001 
43011000: system.memobj: -------------------------------------
43060000: system.memobj: mem->cpu Got response for addr 0x15cb0 , 89264
43060000: system.memobj: size 0x8
43060000: system.memobj: id 94061723126032
43060000: system.memobj: data_hex : 4600004885C0BF51 
43060000: system.memobj: data : 0100011000000000000000000100100010000101110000001011111101010001 
43060000: system.memobj: fix data : 0100011000000000000000000100100010000101110000001011111101010001 
43060000: system.memobj: -------------------------------------
43109000: system.memobj: mem->cpu Got response for addr 0x15cb8 , 89272
43109000: system.memobj: size 0x8
43109000: system.memobj: id 94061723125744
43109000: system.memobj: data_hex : ED4500480F44C380 
43109000: system.memobj: data : 1110110101000101000000000100100000001111010001001100001110000000 
43109000: system.memobj: fix data : 1110110101000101000000000100100000001111010001001100001110000000 
43109000: system.memobj: -------------------------------------
43158000: system.memobj: mem->cpu Got response for addr 0x15cb8 , 89272
43158000: system.memobj: size 0x8
43158000: system.memobj: id 94061723126032
43158000: system.memobj: data_hex : ED4500480F44C380 
43158000: system.memobj: data : 1110110101000101000000000100100000001111010001001100001110000000 
43158000: system.memobj: fix data : 1110110101000101000000000100100000001111010001001100001110000000 
43158000: system.memobj: -------------------------------------
43207000: system.memobj: mem->cpu Got response for addr 0x15cb8 , 89272
43207000: system.memobj: size 0x8
43207000: system.memobj: id 94061723125744
43207000: system.memobj: data_hex : ED4500480F44C380 
43207000: system.memobj: data : 1110110101000101000000000100100000001111010001001100001110000000 
43207000: system.memobj: fix data : 1110110101000101000000000100100000001111010001001100001110000000 
43207000: system.memobj: -------------------------------------
43256000: system.memobj: mem->cpu Got response for addr 0x15cc0 , 89280
43256000: system.memobj: size 0x8
43256000: system.memobj: id 94061723126032
43256000: system.memobj: data_hex : 38000F95C00FB6C0 
43256000: system.memobj: data : 0011100000000000000011111001010111000000000011111011011011000000 
43256000: system.memobj: fix data : 0011100000000000000011111001010111000000000011111011011011000000 
43256000: system.memobj: -------------------------------------
43333000: system.memobj: mem->cpu Got response for addr 0x71707 , 464647
43333000: system.memobj: size 0x1
43333000: system.memobj: id 94061723126320
43333000: system.memobj: data_hex : 00 
43333000: system.memobj: data : 00000000 
43333000: system.memobj: fix data : 00000000 
43333000: system.memobj: -------------------------------------
43382000: system.memobj: mem->cpu Got response for addr 0x15cc0 , 89280
43382000: system.memobj: size 0x8
43382000: system.memobj: id 94061723126320
43382000: system.memobj: data_hex : 38000F95C00FB6C0 
43382000: system.memobj: data : 0011100000000000000011111001010111000000000011111011011011000000 
43382000: system.memobj: fix data : 0011100000000000000011111001010111000000000011111011011011000000 
43382000: system.memobj: -------------------------------------
43431000: system.memobj: mem->cpu Got response for addr 0x15cc0 , 89280
43431000: system.memobj: size 0x8
43431000: system.memobj: id 94061723126032
43431000: system.memobj: data_hex : 38000F95C00FB6C0 
43431000: system.memobj: data : 0011100000000000000011111001010111000000000011111011011011000000 
43431000: system.memobj: fix data : 0011100000000000000011111001010111000000000011111011011011000000 
43431000: system.memobj: -------------------------------------
43480000: system.memobj: mem->cpu Got response for addr 0x15cc8 , 89288
43480000: system.memobj: size 0x8
43480000: system.memobj: id 94061723126320
43480000: system.memobj: data_hex : 89053AD81700E84D 
43480000: system.memobj: data : 1000100100000101001110101101100000010111000000001110100001001101 
43480000: system.memobj: fix data : 1000100100000101001110101101100000010111000000001110100001001101 
43480000: system.memobj: -------------------------------------
43480000: system.memobj: cpu->mem Got request for addr 0x93508 , 603400
43480000: system.memobj: size 0x4
43480000: system.memobj: id 94061723126608
43480000: system.memobj: data_hex : 00000000 
43480000: system.memobj: data : 00000000000000000000000000000000 
43480000: system.memobj: hamming code addr: 603400 
43480000: system.memobj: hamming code : 0 
43480000: system.memobj: hamming code addr: 603408 
43480000: system.memobj: hamming code : 0 
43480000: system.memobj: hamming code addr: 603416 
43480000: system.memobj: hamming code : 0 
43480000: system.memobj: hamming code addr: 603424 
43480000: system.memobj: hamming code : 0 
43480000: system.memobj: Enter Error Bit index: 1 
43480000: system.memobj: flip data : 10000000000000000000000000000000 
43480000: system.memobj: -------------------------------------
43550000: system.memobj: mem->cpu Got response for addr 0x15cc8 , 89288
43550000: system.memobj: size 0x8
43550000: system.memobj: id 94061723126608
43550000: system.memobj: data_hex : 89053AD81700E84D 
43550000: system.memobj: data : 1000100100000101001110101101100000010111000000001110100001001101 
43550000: system.memobj: fix data : 1000100100000101001110101101100000010111000000001110100001001101 
43550000: system.memobj: -------------------------------------
43599000: system.memobj: mem->cpu Got response for addr 0x15cd0 , 89296
43599000: system.memobj: size 0x8
43599000: system.memobj: id 94061723126320
43599000: system.memobj: data_hex : 4600004889C7E815 
43599000: system.memobj: data : 0100011000000000000000000100100010001001110001111110100000010101 
43599000: system.memobj: fix data : 0100011000000000000000000100100010001001110001111110100000010101 
43599000: system.memobj: -------------------------------------
43599000: system.memobj: cpu->mem Got request for addr 0x94b38 , 609080
43599000: system.memobj: size 0x8
43599000: system.memobj: id 94061723126896
43599000: system.memobj: data_hex : D35C410000000000 
43599000: system.memobj: data : 1101001101011100010000010000000000000000000000000000000000000000 
43599000: system.memobj: hamming code addr: 609080 
43599000: system.memobj: hamming code : 6 
43599000: system.memobj: hamming code addr: 609088 
43599000: system.memobj: hamming code : 1 
43599000: system.memobj: hamming code addr: 609096 
43599000: system.memobj: hamming code : 9 
43599000: system.memobj: hamming code addr: 609104 
43599000: system.memobj: hamming code : 0 
43599000: system.memobj: hamming code addr: 609112 
43599000: system.memobj: hamming code : 0 
43599000: system.memobj: hamming code addr: 609120 
43599000: system.memobj: hamming code : 0 
43599000: system.memobj: hamming code addr: 609128 
43599000: system.memobj: hamming code : 0 
43599000: system.memobj: hamming code addr: 609136 
43599000: system.memobj: hamming code : 0 
43599000: system.memobj: Enter Error Bit index: 8 
43599000: system.memobj: flip data : 1101001001011100010000010000000000000000000000000000000000000000 
43599000: system.memobj: -------------------------------------
43669000: system.memobj: mem->cpu Got response for addr 0x1a320 , 107296
43669000: system.memobj: size 0x8
43669000: system.memobj: id 94061723126896
43669000: system.memobj: data_hex : 4C896424E84C8974 
43669000: system.memobj: data : 0100110010001001011001000010010011101000010011001000100101110100 
43669000: system.memobj: fix data : 0100110010001001011001000010010011101000010011001000100101110100 
43669000: system.memobj: -------------------------------------
43669000: system.memobj: cpu->mem Got request for addr 0x94b20 , 609056
43669000: system.memobj: size 0x8
43669000: system.memobj: id 94061723126320
43669000: system.memobj: data_hex : 0100000000000000 
43669000: system.memobj: data : 0000000100000000000000000000000000000000000000000000000000000000 
43669000: system.memobj: hamming code addr: 609056 
43669000: system.memobj: hamming code : 12 
43669000: system.memobj: hamming code addr: 609064 
43669000: system.memobj: hamming code : 0 
43669000: system.memobj: hamming code addr: 609072 
43669000: system.memobj: hamming code : 0 
43669000: system.memobj: hamming code addr: 609080 
43669000: system.memobj: hamming code : 0 
43669000: system.memobj: hamming code addr: 609088 
43669000: system.memobj: hamming code : 0 
43669000: system.memobj: hamming code addr: 609096 
43669000: system.memobj: hamming code : 0 
43669000: system.memobj: hamming code addr: 609104 
43669000: system.memobj: hamming code : 0 
43669000: system.memobj: hamming code addr: 609112 
43669000: system.memobj: hamming code : 0 
43669000: system.memobj: Enter Error Bit index: 1 
43669000: system.memobj: flip data : 1000000100000000000000000000000000000000000000000000000000000000 
43669000: system.memobj: -------------------------------------
43739000: system.memobj: mem->cpu Got response for addr 0x1a320 , 107296
43739000: system.memobj: size 0x8
43739000: system.memobj: id 94061723126320
43739000: system.memobj: data_hex : 4C896424E84C8974 
43739000: system.memobj: data : 0100110010001001011001000010010011101000010011001000100101110100 
43739000: system.memobj: fix data : 0100110010001001011001000010010011101000010011001000100101110100 
43739000: system.memobj: -------------------------------------
43788000: system.memobj: mem->cpu Got response for addr 0x1a328 , 107304
43788000: system.memobj: size 0x8
43788000: system.memobj: id 94061723126896
43788000: system.memobj: data_hex : 24F84989FC48895C 
43788000: system.memobj: data : 0010010011111000010010011000100111111100010010001000100101011100 
43788000: system.memobj: fix data : 0010010011111000010010011000100111111100010010001000100101011100 
43788000: system.memobj: -------------------------------------
43788000: system.memobj: cpu->mem Got request for addr 0x94b30 , 609072
43788000: system.memobj: size 0x8
43788000: system.memobj: id 94061723126320
43788000: system.memobj: data_hex : D8EDFFFFFF7F0000 
43788000: system.memobj: data : 1101100011101101111111111111111111111111011111110000000000000000 
43788000: system.memobj: hamming code addr: 609072 
43788000: system.memobj: hamming code : 8 
43788000: system.memobj: hamming code addr: 609080 
43788000: system.memobj: hamming code : 15 
43788000: system.memobj: hamming code addr: 609088 
43788000: system.memobj: hamming code : 3 
43788000: system.memobj: hamming code addr: 609096 
43788000: system.memobj: hamming code : 3 
43788000: system.memobj: hamming code addr: 609104 
43788000: system.memobj: hamming code : 3 
43788000: system.memobj: hamming code addr: 609112 
43788000: system.memobj: hamming code : 0 
43788000: system.memobj: hamming code addr: 609120 
43788000: system.memobj: hamming code : 0 
43788000: system.memobj: hamming code addr: 609128 
43788000: system.memobj: hamming code : 0 
43788000: system.memobj: Enter Error Bit index: 2 
43788000: system.memobj: flip data : 1001100011101101111111111111111111111111011111110000000000000000 
43788000: system.memobj: -------------------------------------
43858000: system.memobj: mem->cpu Got response for addr 0x1a328 , 107304
43858000: system.memobj: size 0x8
43858000: system.memobj: id 94061723126320
43858000: system.memobj: data_hex : 24F84989FC48895C 
43858000: system.memobj: data : 0010010011111000010010011000100111111100010010001000100101011100 
43858000: system.memobj: fix data : 0010010011111000010010011000100111111100010010001000100101011100 
43858000: system.memobj: -------------------------------------
43907000: system.memobj: mem->cpu Got response for addr 0x1a328 , 107304
43907000: system.memobj: size 0x8
43907000: system.memobj: id 94061723126896
43907000: system.memobj: data_hex : 24F84989FC48895C 
43907000: system.memobj: data : 0010010011111000010010011000100111111100010010001000100101011100 
43907000: system.memobj: fix data : 0010010011111000010010011000100111111100010010001000100101011100 
43907000: system.memobj: -------------------------------------
43956000: system.memobj: mem->cpu Got response for addr 0x1a330 , 107312
43956000: system.memobj: size 0x8
43956000: system.memobj: id 94061723126320
43956000: system.memobj: data_hex : 24D848896C24E04C 
43956000: system.memobj: data : 0010010011011000010010001000100101101100001001001110000001001100 
43956000: system.memobj: fix data : 0010010011011000010010001000100101101100001001001110000001001100 
43956000: system.memobj: -------------------------------------
43956000: system.memobj: cpu->mem Got request for addr 0x94b10 , 609040
43956000: system.memobj: size 0x8
43956000: system.memobj: id 94061723126896
43956000: system.memobj: data_hex : 0717470000000000 
43956000: system.memobj: data : 0000011100010111010001110000000000000000000000000000000000000000 
43956000: system.memobj: hamming code addr: 609040 
43956000: system.memobj: hamming code : 13 
43956000: system.memobj: hamming code addr: 609048 
43956000: system.memobj: hamming code : 10 
43956000: system.memobj: hamming code addr: 609056 
43956000: system.memobj: hamming code : 8 
43956000: system.memobj: hamming code addr: 609064 
43956000: system.memobj: hamming code : 0 
43956000: system.memobj: hamming code addr: 609072 
43956000: system.memobj: hamming code : 0 
43956000: system.memobj: hamming code addr: 609080 
43956000: system.memobj: hamming code : 0 
43956000: system.memobj: hamming code addr: 609088 
43956000: system.memobj: hamming code : 0 
43956000: system.memobj: hamming code addr: 609096 
43956000: system.memobj: hamming code : 0 
43956000: system.memobj: Enter Error Bit index: 7 
43956000: system.memobj: flip data : 0000010100010111010001110000000000000000000000000000000000000000 
43956000: system.memobj: -------------------------------------
44026000: system.memobj: mem->cpu Got response for addr 0x1a330 , 107312
44026000: system.memobj: size 0x8
44026000: system.memobj: id 94061723126896
44026000: system.memobj: data_hex : 24D848896C24E04C 
44026000: system.memobj: data : 0010010011011000010010001000100101101100001001001110000001001100 
44026000: system.memobj: fix data : 0010010011011000010010001000100101101100001001001110000001001100 
44026000: system.memobj: -------------------------------------
44026000: system.memobj: cpu->mem Got request for addr 0x94b18 , 609048
44026000: system.memobj: size 0x8
44026000: system.memobj: id 94061723126320
44026000: system.memobj: data_hex : D8EDFFFFFF7F0000 
44026000: system.memobj: data : 1101100011101101111111111111111111111111011111110000000000000000 
44026000: system.memobj: hamming code addr: 609048 
44026000: system.memobj: hamming code : 8 
44026000: system.memobj: hamming code addr: 609056 
44026000: system.memobj: hamming code : 15 
44026000: system.memobj: hamming code addr: 609064 
44026000: system.memobj: hamming code : 3 
44026000: system.memobj: hamming code addr: 609072 
44026000: system.memobj: hamming code : 3 
44026000: system.memobj: hamming code addr: 609080 
44026000: system.memobj: hamming code : 3 
44026000: system.memobj: hamming code addr: 609088 
44026000: system.memobj: hamming code : 0 
44026000: system.memobj: hamming code addr: 609096 
44026000: system.memobj: hamming code : 0 
44026000: system.memobj: hamming code addr: 609104 
44026000: system.memobj: hamming code : 0 
44026000: system.memobj: Enter Error Bit index: 2 
44026000: system.memobj: flip data : 1001100011101101111111111111111111111111011111110000000000000000 
44026000: system.memobj: -------------------------------------
44096000: system.memobj: mem->cpu Got response for addr 0x1a330 , 107312
44096000: system.memobj: size 0x8
44096000: system.memobj: id 94061723126320
44096000: system.memobj: data_hex : 24D848896C24E04C 
44096000: system.memobj: data : 0010010011011000010010001000100101101100001001001110000001001100 
44096000: system.memobj: fix data : 0010010011011000010010001000100101101100001001001110000001001100 
44096000: system.memobj: -------------------------------------
44145000: system.memobj: mem->cpu Got response for addr 0x1a338 , 107320
44145000: system.memobj: size 0x8
44145000: system.memobj: id 94061723126896
44145000: system.memobj: data_hex : 896C24F04883EC28 
44145000: system.memobj: data : 1000100101101100001001001111000001001000100000111110110000101000 
44145000: system.memobj: fix data : 1000100101101100001001001111000001001000100000111110110000101000 
44145000: system.memobj: -------------------------------------
44145000: system.memobj: cpu->mem Got request for addr 0x94b28 , 609064
44145000: system.memobj: size 0x8
44145000: system.memobj: id 94061723126320
44145000: system.memobj: data_hex : 0100000000000000 
44145000: system.memobj: data : 0000000100000000000000000000000000000000000000000000000000000000 
44145000: system.memobj: hamming code addr: 609064 
44145000: system.memobj: hamming code : 12 
44145000: system.memobj: hamming code addr: 609072 
44145000: system.memobj: hamming code : 0 
44145000: system.memobj: hamming code addr: 609080 
44145000: system.memobj: hamming code : 0 
44145000: system.memobj: hamming code addr: 609088 
44145000: system.memobj: hamming code : 0 
44145000: system.memobj: hamming code addr: 609096 
44145000: system.memobj: hamming code : 0 
44145000: system.memobj: hamming code addr: 609104 
44145000: system.memobj: hamming code : 0 
44145000: system.memobj: hamming code addr: 609112 
44145000: system.memobj: hamming code : 0 
44145000: system.memobj: hamming code addr: 609120 
44145000: system.memobj: hamming code : 0 
44145000: system.memobj: Enter Error Bit index: 2 
44145000: system.memobj: flip data : 0100000100000000000000000000000000000000000000000000000000000000 
44145000: system.memobj: -------------------------------------
44215000: system.memobj: mem->cpu Got response for addr 0x1a338 , 107320
44215000: system.memobj: size 0x8
44215000: system.memobj: id 94061723126320
44215000: system.memobj: data_hex : 896C24F04883EC28 
44215000: system.memobj: data : 1000100101101100001001001111000001001000100000111110110000101000 
44215000: system.memobj: fix data : 1000100101101100001001001111000001001000100000111110110000101000 
44215000: system.memobj: -------------------------------------
44264000: system.memobj: mem->cpu Got response for addr 0x1a340 , 107328
44264000: system.memobj: size 0x8
44264000: system.memobj: id 94061723126896
44264000: system.memobj: data_hex : E8CB79FFFF488B15 
44264000: system.memobj: data : 1110100011001011011110011111111111111111010010001000101100010101 
44264000: system.memobj: fix data : 1110100011001011011110011111111111111111010010001000101100010101 
44264000: system.memobj: -------------------------------------
44264000: system.memobj: cpu->mem Got request for addr 0x94b08 , 609032
44264000: system.memobj: size 0x8
44264000: system.memobj: id 94061723126320
44264000: system.memobj: data_hex : 45A3410000000000 
44264000: system.memobj: data : 0100010110100011010000010000000000000000000000000000000000000000 
44264000: system.memobj: hamming code addr: 609032 
44264000: system.memobj: hamming code : 3 
44264000: system.memobj: hamming code addr: 609040 
44264000: system.memobj: hamming code : 2 
44264000: system.memobj: hamming code addr: 609048 
44264000: system.memobj: hamming code : 9 
44264000: system.memobj: hamming code addr: 609056 
44264000: system.memobj: hamming code : 0 
44264000: system.memobj: hamming code addr: 609064 
44264000: system.memobj: hamming code : 0 
44264000: system.memobj: hamming code addr: 609072 
44264000: system.memobj: hamming code : 0 
44264000: system.memobj: hamming code addr: 609080 
44264000: system.memobj: hamming code : 0 
44264000: system.memobj: hamming code addr: 609088 
44264000: system.memobj: hamming code : 0 
44264000: system.memobj: Enter Error Bit index: 2 
44264000: system.memobj: flip data : 0000010110100011010000010000000000000000000000000000000000000000 
44264000: system.memobj: -------------------------------------
44362000: system.memobj: mem->cpu Got response for addr 0x11d10 , 72976
44362000: system.memobj: size 0x8
44362000: system.memobj: id 94061723126320
44362000: system.memobj: data_hex : 4889FE48F7DF4989 
44362000: system.memobj: data : 0100100010001001111111100100100011110111110111110100100110001001 
44362000: system.memobj: fix data : 0100100010001001111111100100100011110111110111110100100110001001 
44362000: system.memobj: -------------------------------------
44411000: system.memobj: mem->cpu Got response for addr 0x11d10 , 72976
44411000: system.memobj: size 0x8
44411000: system.memobj: id 94061723126896
44411000: system.memobj: data_hex : 4889FE48F7DF4989 
44411000: system.memobj: data : 0100100010001001111111100100100011110111110111110100100110001001 
44411000: system.memobj: fix data : 0100100010001001111111100100100011110111110111110100100110001001 
44411000: system.memobj: -------------------------------------
44460000: system.memobj: mem->cpu Got response for addr 0x11d10 , 72976
44460000: system.memobj: size 0x8
44460000: system.memobj: id 94061723126320
44460000: system.memobj: data_hex : 4889FE48F7DF4989 
44460000: system.memobj: data : 0100100010001001111111100100100011110111110111110100100110001001 
44460000: system.memobj: fix data : 0100100010001001111111100100100011110111110111110100100110001001 
44460000: system.memobj: -------------------------------------
44509000: system.memobj: mem->cpu Got response for addr 0x11d18 , 72984
44509000: system.memobj: size 0x8
44509000: system.memobj: id 94061723126896
44509000: system.memobj: data_hex : F04183E007743149 
44509000: system.memobj: data : 1111000001000001100000111110000000000111011101000011000101001001 
44509000: system.memobj: fix data : 1111000001000001100000111110000000000111011101000011000101001001 
44509000: system.memobj: -------------------------------------
44558000: system.memobj: mem->cpu Got response for addr 0x11d18 , 72984
44558000: system.memobj: size 0x8
44558000: system.memobj: id 94061723126320
44558000: system.memobj: data_hex : F04183E007743149 
44558000: system.memobj: data : 1111000001000001100000111110000000000111011101000011000101001001 
44558000: system.memobj: fix data : 1111000001000001100000111110000000000111011101000011000101001001 
44558000: system.memobj: -------------------------------------
44607000: system.memobj: mem->cpu Got response for addr 0x11d18 , 72984
44607000: system.memobj: size 0x8
44607000: system.memobj: id 94061723126896
44607000: system.memobj: data_hex : F04183E007743149 
44607000: system.memobj: data : 1111000001000001100000111110000000000111011101000011000101001001 
44607000: system.memobj: fix data : 1111000001000001100000111110000000000111011101000011000101001001 
44607000: system.memobj: -------------------------------------
44656000: system.memobj: mem->cpu Got response for addr 0x11d18 , 72984
44656000: system.memobj: size 0x8
44656000: system.memobj: id 94061723126320
44656000: system.memobj: data_hex : F04183E007743149 
44656000: system.memobj: data : 1111000001000001100000111110000000000111011101000011000101001001 
44656000: system.memobj: fix data : 1111000001000001100000111110000000000111011101000011000101001001 
44656000: system.memobj: -------------------------------------
44705000: system.memobj: mem->cpu Got response for addr 0x11d20 , 72992
44705000: system.memobj: size 0x8
44705000: system.memobj: id 94061723126896
44705000: system.memobj: data_hex : 83E8086666669066 
44705000: system.memobj: data : 1000001111101000000010000110011001100110011001101001000001100110 
44705000: system.memobj: fix data : 1000001111101000000010000110011001100110011001101001000001100110 
44705000: system.memobj: -------------------------------------
44754000: system.memobj: mem->cpu Got response for addr 0x11d20 , 72992
44754000: system.memobj: size 0x8
44754000: system.memobj: id 94061723126320
44754000: system.memobj: data_hex : 83E8086666669066 
44754000: system.memobj: data : 1000001111101000000010000110011001100110011001101001000001100110 
44754000: system.memobj: fix data : 1000001111101000000010000110011001100110011001101001000001100110 
44754000: system.memobj: -------------------------------------
44803000: system.memobj: mem->cpu Got response for addr 0x11d20 , 72992
44803000: system.memobj: size 0x8
44803000: system.memobj: id 94061723126896
44803000: system.memobj: data_hex : 83E8086666669066 
44803000: system.memobj: data : 1000001111101000000010000110011001100110011001101001000001100110 
44803000: system.memobj: fix data : 1000001111101000000010000110011001100110011001101001000001100110 
44803000: system.memobj: -------------------------------------
44852000: system.memobj: mem->cpu Got response for addr 0x11d28 , 73000
44852000: system.memobj: size 0x8
44852000: system.memobj: id 94061723126320
44852000: system.memobj: data_hex : 6690666690666690 
44852000: system.memobj: data : 0110011010010000011001100110011010010000011001100110011010010000 
44852000: system.memobj: fix data : 0110011010010000011001100110011010010000011001100110011010010000 
44852000: system.memobj: -------------------------------------
44901000: system.memobj: mem->cpu Got response for addr 0x11d28 , 73000
44901000: system.memobj: size 0x8
44901000: system.memobj: id 94061723126896
44901000: system.memobj: data_hex : 6690666690666690 
44901000: system.memobj: data : 0110011010010000011001100110011010010000011001100110011010010000 
44901000: system.memobj: fix data : 0110011010010000011001100110011010010000011001100110011010010000 
44901000: system.memobj: -------------------------------------
44950000: system.memobj: mem->cpu Got response for addr 0x11d28 , 73000
44950000: system.memobj: size 0x8
44950000: system.memobj: id 94061723126320
44950000: system.memobj: data_hex : 6690666690666690 
44950000: system.memobj: data : 0110011010010000011001100110011010010000011001100110011010010000 
44950000: system.memobj: fix data : 0110011010010000011001100110011010010000011001100110011010010000 
44950000: system.memobj: -------------------------------------
44999000: system.memobj: mem->cpu Got response for addr 0x11d30 , 73008
44999000: system.memobj: size 0x8
44999000: system.memobj: id 94061723126896
44999000: system.memobj: data_hex : 803E000F84670300 
44999000: system.memobj: data : 1000000000111110000000000000111110000100011001110000001100000000 
44999000: system.memobj: fix data : 1000000000111110000000000000111110000100011001110000001100000000 
44999000: system.memobj: -------------------------------------
45048000: system.memobj: mem->cpu Got response for addr 0x5ed51 , 388433
45048000: system.memobj: size 0x1
45048000: system.memobj: id 94061723126320
45048000: system.memobj: data_hex : 4C 
45048000: system.memobj: data : 01001100 
45048000: system.memobj: fix data : 01001100 
45048000: system.memobj: -------------------------------------
45097000: system.memobj: mem->cpu Got response for addr 0x11d30 , 73008
45097000: system.memobj: size 0x8
45097000: system.memobj: id 94061723126320
45097000: system.memobj: data_hex : 803E000F84670300 
45097000: system.memobj: data : 1000000000111110000000000000111110000100011001110000001100000000 
45097000: system.memobj: fix data : 1000000000111110000000000000111110000100011001110000001100000000 
45097000: system.memobj: -------------------------------------
45146000: system.memobj: mem->cpu Got response for addr 0x11d38 , 73016
45146000: system.memobj: size 0x8
45146000: system.memobj: id 94061723126896
45146000: system.memobj: data_hex : 0048FFC649FFC075 
45146000: system.memobj: data : 0000000001001000111111111100011001001001111111111100000001110101 
45146000: system.memobj: fix data : 0000000001001000111111111100011001001001111111111100000001110101 
45146000: system.memobj: -------------------------------------
45209000: system.memobj: mem->cpu Got response for addr 0x11d38 , 73016
45209000: system.memobj: size 0x8
45209000: system.memobj: id 94061723126320
45209000: system.memobj: data_hex : 0048FFC649FFC075 
45209000: system.memobj: data : 0000000001001000111111111100011001001001111111111100000001110101 
45209000: system.memobj: fix data : 0000000001001000111111111100011001001001111111111100000001110101 
45209000: system.memobj: -------------------------------------
45258000: system.memobj: mem->cpu Got response for addr 0x11d38 , 73016
45258000: system.memobj: size 0x8
45258000: system.memobj: id 94061723126896
45258000: system.memobj: data_hex : 0048FFC649FFC075 
45258000: system.memobj: data : 0000000001001000111111111100011001001001111111111100000001110101 
45258000: system.memobj: fix data : 0000000001001000111111111100011001001001111111111100000001110101 
45258000: system.memobj: -------------------------------------
45307000: system.memobj: mem->cpu Got response for addr 0x11d38 , 73016
45307000: system.memobj: size 0x8
45307000: system.memobj: id 94061723126320
45307000: system.memobj: data_hex : 0048FFC649FFC075 
45307000: system.memobj: data : 0000000001001000111111111100011001001001111111111100000001110101 
45307000: system.memobj: fix data : 0000000001001000111111111100011001001001111111111100000001110101 
45307000: system.memobj: -------------------------------------
45356000: system.memobj: mem->cpu Got response for addr 0x11d40 , 73024
45356000: system.memobj: size 0x8
45356000: system.memobj: id 94061723126896
45356000: system.memobj: data_hex : EF66666690666666 
45356000: system.memobj: data : 1110111101100110011001100110011010010000011001100110011001100110 
45356000: system.memobj: fix data : 1110111101100110011001100110011010010000011001100110011001100110 
45356000: system.memobj: -------------------------------------
45405000: system.memobj: mem->cpu Got response for addr 0x11d30 , 73008
45405000: system.memobj: size 0x8
45405000: system.memobj: id 94061723126320
45405000: system.memobj: data_hex : 803E000F84670300 
45405000: system.memobj: data : 1000000000111110000000000000111110000100011001110000001100000000 
45405000: system.memobj: fix data : 1000000000111110000000000000111110000100011001110000001100000000 
45405000: system.memobj: -------------------------------------
45454000: system.memobj: mem->cpu Got response for addr 0x5ed52 , 388434
45454000: system.memobj: size 0x1
45454000: system.memobj: id 94061723126896
45454000: system.memobj: data_hex : 44 
45454000: system.memobj: data : 01000100 
45454000: system.memobj: fix data : 01000100 
45454000: system.memobj: -------------------------------------
45503000: system.memobj: mem->cpu Got response for addr 0x11d30 , 73008
45503000: system.memobj: size 0x8
45503000: system.memobj: id 94061723126896
45503000: system.memobj: data_hex : 803E000F84670300 
45503000: system.memobj: data : 1000000000111110000000000000111110000100011001110000001100000000 
45503000: system.memobj: fix data : 1000000000111110000000000000111110000100011001110000001100000000 
45503000: system.memobj: -------------------------------------
45552000: system.memobj: mem->cpu Got response for addr 0x11d38 , 73016
45552000: system.memobj: size 0x8
45552000: system.memobj: id 94061723126320
45552000: system.memobj: data_hex : 0048FFC649FFC075 
45552000: system.memobj: data : 0000000001001000111111111100011001001001111111111100000001110101 
45552000: system.memobj: fix data : 0000000001001000111111111100011001001001111111111100000001110101 
45552000: system.memobj: -------------------------------------
45601000: system.memobj: mem->cpu Got response for addr 0x11d38 , 73016
45601000: system.memobj: size 0x8
45601000: system.memobj: id 94061723126896
45601000: system.memobj: data_hex : 0048FFC649FFC075 
45601000: system.memobj: data : 0000000001001000111111111100011001001001111111111100000001110101 
45601000: system.memobj: fix data : 0000000001001000111111111100011001001001111111111100000001110101 
45601000: system.memobj: -------------------------------------
45650000: system.memobj: mem->cpu Got response for addr 0x11d38 , 73016
45650000: system.memobj: size 0x8
45650000: system.memobj: id 94061723126320
45650000: system.memobj: data_hex : 0048FFC649FFC075 
45650000: system.memobj: data : 0000000001001000111111111100011001001001111111111100000001110101 
45650000: system.memobj: fix data : 0000000001001000111111111100011001001001111111111100000001110101 
45650000: system.memobj: -------------------------------------
45699000: system.memobj: mem->cpu Got response for addr 0x11d38 , 73016
45699000: system.memobj: size 0x8
45699000: system.memobj: id 94061723126896
45699000: system.memobj: data_hex : 0048FFC649FFC075 
45699000: system.memobj: data : 0000000001001000111111111100011001001001111111111100000001110101 
45699000: system.memobj: fix data : 0000000001001000111111111100011001001001111111111100000001110101 
45699000: system.memobj: -------------------------------------
45748000: system.memobj: mem->cpu Got response for addr 0x11d40 , 73024
45748000: system.memobj: size 0x8
45748000: system.memobj: id 94061723126320
45748000: system.memobj: data_hex : EF66666690666666 
45748000: system.memobj: data : 1110111101100110011001100110011010010000011001100110011001100110 
45748000: system.memobj: fix data : 1110111101100110011001100110011010010000011001100110011001100110 
45748000: system.memobj: -------------------------------------
45797000: system.memobj: mem->cpu Got response for addr 0x11d30 , 73008
45797000: system.memobj: size 0x8
45797000: system.memobj: id 94061723126896
45797000: system.memobj: data_hex : 803E000F84670300 
45797000: system.memobj: data : 1000000000111110000000000000111110000100011001110000001100000000 
45797000: system.memobj: fix data : 1000000000111110000000000000111110000100011001110000001100000000 
45797000: system.memobj: -------------------------------------
45846000: system.memobj: mem->cpu Got response for addr 0x5ed53 , 388435
45846000: system.memobj: size 0x1
45846000: system.memobj: id 94061723126320
45846000: system.memobj: data_hex : 5F 
45846000: system.memobj: data : 01011111 
45846000: system.memobj: fix data : 01011111 
45846000: system.memobj: -------------------------------------
45895000: system.memobj: mem->cpu Got response for addr 0x11d30 , 73008
45895000: system.memobj: size 0x8
45895000: system.memobj: id 94061723126320
45895000: system.memobj: data_hex : 803E000F84670300 
45895000: system.memobj: data : 1000000000111110000000000000111110000100011001110000001100000000 
45895000: system.memobj: fix data : 1000000000111110000000000000111110000100011001110000001100000000 
45895000: system.memobj: -------------------------------------
45944000: system.memobj: mem->cpu Got response for addr 0x11d38 , 73016
45944000: system.memobj: size 0x8
45944000: system.memobj: id 94061723126896
45944000: system.memobj: data_hex : 0048FFC649FFC075 
45944000: system.memobj: data : 0000000001001000111111111100011001001001111111111100000001110101 
45944000: system.memobj: fix data : 0000000001001000111111111100011001001001111111111100000001110101 
45944000: system.memobj: -------------------------------------
45993000: system.memobj: mem->cpu Got response for addr 0x11d38 , 73016
45993000: system.memobj: size 0x8
45993000: system.memobj: id 94061723126320
45993000: system.memobj: data_hex : 0048FFC649FFC075 
45993000: system.memobj: data : 0000000001001000111111111100011001001001111111111100000001110101 
45993000: system.memobj: fix data : 0000000001001000111111111100011001001001111111111100000001110101 
45993000: system.memobj: -------------------------------------
46042000: system.memobj: mem->cpu Got response for addr 0x11d38 , 73016
46042000: system.memobj: size 0x8
46042000: system.memobj: id 94061723126896
46042000: system.memobj: data_hex : 0048FFC649FFC075 
46042000: system.memobj: data : 0000000001001000111111111100011001001001111111111100000001110101 
46042000: system.memobj: fix data : 0000000001001000111111111100011001001001111111111100000001110101 
46042000: system.memobj: -------------------------------------
46105000: system.memobj: mem->cpu Got response for addr 0x11d38 , 73016
46105000: system.memobj: size 0x8
46105000: system.memobj: id 94061723126320
46105000: system.memobj: data_hex : 0048FFC649FFC075 
46105000: system.memobj: data : 0000000001001000111111111100011001001001111111111100000001110101 
46105000: system.memobj: fix data : 0000000001001000111111111100011001001001111111111100000001110101 
46105000: system.memobj: -------------------------------------
46154000: system.memobj: mem->cpu Got response for addr 0x11d40 , 73024
46154000: system.memobj: size 0x8
46154000: system.memobj: id 94061723126896
46154000: system.memobj: data_hex : EF66666690666666 
46154000: system.memobj: data : 1110111101100110011001100110011010010000011001100110011001100110 
46154000: system.memobj: fix data : 1110111101100110011001100110011010010000011001100110011001100110 
46154000: system.memobj: -------------------------------------
46203000: system.memobj: mem->cpu Got response for addr 0x11d30 , 73008
46203000: system.memobj: size 0x8
46203000: system.memobj: id 94061723126320
46203000: system.memobj: data_hex : 803E000F84670300 
46203000: system.memobj: data : 1000000000111110000000000000111110000100011001110000001100000000 
46203000: system.memobj: fix data : 1000000000111110000000000000111110000100011001110000001100000000 
46203000: system.memobj: -------------------------------------
46252000: system.memobj: mem->cpu Got response for addr 0x5ed54 , 388436
46252000: system.memobj: size 0x1
46252000: system.memobj: id 94061723126896
46252000: system.memobj: data_hex : 4C 
46252000: system.memobj: data : 01001100 
46252000: system.memobj: fix data : 01001100 
46252000: system.memobj: -------------------------------------
46301000: system.memobj: mem->cpu Got response for addr 0x11d30 , 73008
46301000: system.memobj: size 0x8
46301000: system.memobj: id 94061723126896
46301000: system.memobj: data_hex : 803E000F84670300 
46301000: system.memobj: data : 1000000000111110000000000000111110000100011001110000001100000000 
46301000: system.memobj: fix data : 1000000000111110000000000000111110000100011001110000001100000000 
46301000: system.memobj: -------------------------------------
46350000: system.memobj: mem->cpu Got response for addr 0x11d38 , 73016
46350000: system.memobj: size 0x8
46350000: system.memobj: id 94061723126320
46350000: system.memobj: data_hex : 0048FFC649FFC075 
46350000: system.memobj: data : 0000000001001000111111111100011001001001111111111100000001110101 
46350000: system.memobj: fix data : 0000000001001000111111111100011001001001111111111100000001110101 
46350000: system.memobj: -------------------------------------
46399000: system.memobj: mem->cpu Got response for addr 0x11d38 , 73016
46399000: system.memobj: size 0x8
46399000: system.memobj: id 94061723126896
46399000: system.memobj: data_hex : 0048FFC649FFC075 
46399000: system.memobj: data : 0000000001001000111111111100011001001001111111111100000001110101 
46399000: system.memobj: fix data : 0000000001001000111111111100011001001001111111111100000001110101 
46399000: system.memobj: -------------------------------------
46448000: system.memobj: mem->cpu Got response for addr 0x11d38 , 73016
46448000: system.memobj: size 0x8
46448000: system.memobj: id 94061723126320
46448000: system.memobj: data_hex : 0048FFC649FFC075 
46448000: system.memobj: data : 0000000001001000111111111100011001001001111111111100000001110101 
46448000: system.memobj: fix data : 0000000001001000111111111100011001001001111111111100000001110101 
46448000: system.memobj: -------------------------------------
46497000: system.memobj: mem->cpu Got response for addr 0x11d38 , 73016
46497000: system.memobj: size 0x8
46497000: system.memobj: id 94061723126896
46497000: system.memobj: data_hex : 0048FFC649FFC075 
46497000: system.memobj: data : 0000000001001000111111111100011001001001111111111100000001110101 
46497000: system.memobj: fix data : 0000000001001000111111111100011001001001111111111100000001110101 
46497000: system.memobj: -------------------------------------
46546000: system.memobj: mem->cpu Got response for addr 0x11d40 , 73024
46546000: system.memobj: size 0x8
46546000: system.memobj: id 94061723126320
46546000: system.memobj: data_hex : EF66666690666666 
46546000: system.memobj: data : 1110111101100110011001100110011010010000011001100110011001100110 
46546000: system.memobj: fix data : 1110111101100110011001100110011010010000011001100110011001100110 
46546000: system.memobj: -------------------------------------
46595000: system.memobj: mem->cpu Got response for addr 0x11d30 , 73008
46595000: system.memobj: size 0x8
46595000: system.memobj: id 94061723126896
46595000: system.memobj: data_hex : 803E000F84670300 
46595000: system.memobj: data : 1000000000111110000000000000111110000100011001110000001100000000 
46595000: system.memobj: fix data : 1000000000111110000000000000111110000100011001110000001100000000 
46595000: system.memobj: -------------------------------------
46644000: system.memobj: mem->cpu Got response for addr 0x5ed55 , 388437
46644000: system.memobj: size 0x1
46644000: system.memobj: id 94061723126320
46644000: system.memobj: data_hex : 49 
46644000: system.memobj: data : 01001001 
46644000: system.memobj: fix data : 01001001 
46644000: system.memobj: -------------------------------------
46693000: system.memobj: mem->cpu Got response for addr 0x11d30 , 73008
46693000: system.memobj: size 0x8
46693000: system.memobj: id 94061723126320
46693000: system.memobj: data_hex : 803E000F84670300 
46693000: system.memobj: data : 1000000000111110000000000000111110000100011001110000001100000000 
46693000: system.memobj: fix data : 1000000000111110000000000000111110000100011001110000001100000000 
46693000: system.memobj: -------------------------------------
46742000: system.memobj: mem->cpu Got response for addr 0x11d38 , 73016
46742000: system.memobj: size 0x8
46742000: system.memobj: id 94061723126896
46742000: system.memobj: data_hex : 0048FFC649FFC075 
46742000: system.memobj: data : 0000000001001000111111111100011001001001111111111100000001110101 
46742000: system.memobj: fix data : 0000000001001000111111111100011001001001111111111100000001110101 
46742000: system.memobj: -------------------------------------
47054000: system.memobj: mem->cpu Got response for addr 0x11d38 , 73016
47054000: system.memobj: size 0x8
47054000: system.memobj: id 94061723126320
47054000: system.memobj: data_hex : 0048FFC649FFC075 
47054000: system.memobj: data : 0000000001001000111111111100011001001001111111111100000001110101 
47054000: system.memobj: fix data : 0000000001001000111111111100011001001001111111111100000001110101 
47054000: system.memobj: -------------------------------------
47103000: system.memobj: mem->cpu Got response for addr 0x11d38 , 73016
47103000: system.memobj: size 0x8
47103000: system.memobj: id 94061723126896
47103000: system.memobj: data_hex : 0048FFC649FFC075 
47103000: system.memobj: data : 0000000001001000111111111100011001001001111111111100000001110101 
47103000: system.memobj: fix data : 0000000001001000111111111100011001001001111111111100000001110101 
47103000: system.memobj: -------------------------------------
47152000: system.memobj: mem->cpu Got response for addr 0x11d38 , 73016
47152000: system.memobj: size 0x8
47152000: system.memobj: id 94061723126320
47152000: system.memobj: data_hex : 0048FFC649FFC075 
47152000: system.memobj: data : 0000000001001000111111111100011001001001111111111100000001110101 
47152000: system.memobj: fix data : 0000000001001000111111111100011001001001111111111100000001110101 
47152000: system.memobj: -------------------------------------
47201000: system.memobj: mem->cpu Got response for addr 0x11d40 , 73024
47201000: system.memobj: size 0x8
47201000: system.memobj: id 94061723126896
47201000: system.memobj: data_hex : EF66666690666666 
47201000: system.memobj: data : 1110111101100110011001100110011010010000011001100110011001100110 
47201000: system.memobj: fix data : 1110111101100110011001100110011010010000011001100110011001100110 
47201000: system.memobj: -------------------------------------
47250000: system.memobj: mem->cpu Got response for addr 0x11d30 , 73008
47250000: system.memobj: size 0x8
47250000: system.memobj: id 94061723126320
47250000: system.memobj: data_hex : 803E000F84670300 
47250000: system.memobj: data : 1000000000111110000000000000111110000100011001110000001100000000 
47250000: system.memobj: fix data : 1000000000111110000000000000111110000100011001110000001100000000 
47250000: system.memobj: -------------------------------------
47313000: system.memobj: mem->cpu Got response for addr 0x5ed56 , 388438
47313000: system.memobj: size 0x1
47313000: system.memobj: id 94061723126896
47313000: system.memobj: data_hex : 42 
47313000: system.memobj: data : 01000010 
47313000: system.memobj: fix data : 01000010 
47313000: system.memobj: -------------------------------------
47362000: system.memobj: mem->cpu Got response for addr 0x11d30 , 73008
47362000: system.memobj: size 0x8
47362000: system.memobj: id 94061723126896
47362000: system.memobj: data_hex : 803E000F84670300 
47362000: system.memobj: data : 1000000000111110000000000000111110000100011001110000001100000000 
47362000: system.memobj: fix data : 1000000000111110000000000000111110000100011001110000001100000000 
47362000: system.memobj: -------------------------------------
47411000: system.memobj: mem->cpu Got response for addr 0x11d38 , 73016
47411000: system.memobj: size 0x8
47411000: system.memobj: id 94061723126320
47411000: system.memobj: data_hex : 0048FFC649FFC075 
47411000: system.memobj: data : 0000000001001000111111111100011001001001111111111100000001110101 
47411000: system.memobj: fix data : 0000000001001000111111111100011001001001111111111100000001110101 
47411000: system.memobj: -------------------------------------
47460000: system.memobj: mem->cpu Got response for addr 0x11d38 , 73016
47460000: system.memobj: size 0x8
47460000: system.memobj: id 94061723126896
47460000: system.memobj: data_hex : 0048FFC649FFC075 
47460000: system.memobj: data : 0000000001001000111111111100011001001001111111111100000001110101 
47460000: system.memobj: fix data : 0000000001001000111111111100011001001001111111111100000001110101 
47460000: system.memobj: -------------------------------------
47509000: system.memobj: mem->cpu Got response for addr 0x11d38 , 73016
47509000: system.memobj: size 0x8
47509000: system.memobj: id 94061723126320
47509000: system.memobj: data_hex : 0048FFC649FFC075 
47509000: system.memobj: data : 0000000001001000111111111100011001001001111111111100000001110101 
47509000: system.memobj: fix data : 0000000001001000111111111100011001001001111111111100000001110101 
47509000: system.memobj: -------------------------------------
47558000: system.memobj: mem->cpu Got response for addr 0x11d38 , 73016
47558000: system.memobj: size 0x8
47558000: system.memobj: id 94061723126896
47558000: system.memobj: data_hex : 0048FFC649FFC075 
47558000: system.memobj: data : 0000000001001000111111111100011001001001111111111100000001110101 
47558000: system.memobj: fix data : 0000000001001000111111111100011001001001111111111100000001110101 
47558000: system.memobj: -------------------------------------
47607000: system.memobj: mem->cpu Got response for addr 0x11d40 , 73024
47607000: system.memobj: size 0x8
47607000: system.memobj: id 94061723126320
47607000: system.memobj: data_hex : EF66666690666666 
47607000: system.memobj: data : 1110111101100110011001100110011010010000011001100110011001100110 
47607000: system.memobj: fix data : 1110111101100110011001100110011010010000011001100110011001100110 
47607000: system.memobj: -------------------------------------
47656000: system.memobj: mem->cpu Got response for addr 0x11d30 , 73008
47656000: system.memobj: size 0x8
47656000: system.memobj: id 94061723126896
47656000: system.memobj: data_hex : 803E000F84670300 
47656000: system.memobj: data : 1000000000111110000000000000111110000100011001110000001100000000 
47656000: system.memobj: fix data : 1000000000111110000000000000111110000100011001110000001100000000 
47656000: system.memobj: -------------------------------------
47705000: system.memobj: mem->cpu Got response for addr 0x5ed57 , 388439
47705000: system.memobj: size 0x1
47705000: system.memobj: id 94061723126320
47705000: system.memobj: data_hex : 52 
47705000: system.memobj: data : 01010010 
47705000: system.memobj: fix data : 01010010 
47705000: system.memobj: -------------------------------------
47754000: system.memobj: mem->cpu Got response for addr 0x11d30 , 73008
47754000: system.memobj: size 0x8
47754000: system.memobj: id 94061723126320
47754000: system.memobj: data_hex : 803E000F84670300 
47754000: system.memobj: data : 1000000000111110000000000000111110000100011001110000001100000000 
47754000: system.memobj: fix data : 1000000000111110000000000000111110000100011001110000001100000000 
47754000: system.memobj: -------------------------------------
47803000: system.memobj: mem->cpu Got response for addr 0x11d38 , 73016
47803000: system.memobj: size 0x8
47803000: system.memobj: id 94061723126896
47803000: system.memobj: data_hex : 0048FFC649FFC075 
47803000: system.memobj: data : 0000000001001000111111111100011001001001111111111100000001110101 
47803000: system.memobj: fix data : 0000000001001000111111111100011001001001111111111100000001110101 
47803000: system.memobj: -------------------------------------
47852000: system.memobj: mem->cpu Got response for addr 0x11d38 , 73016
47852000: system.memobj: size 0x8
47852000: system.memobj: id 94061723126320
47852000: system.memobj: data_hex : 0048FFC649FFC075 
47852000: system.memobj: data : 0000000001001000111111111100011001001001111111111100000001110101 
47852000: system.memobj: fix data : 0000000001001000111111111100011001001001111111111100000001110101 
47852000: system.memobj: -------------------------------------
47901000: system.memobj: mem->cpu Got response for addr 0x11d38 , 73016
47901000: system.memobj: size 0x8
47901000: system.memobj: id 94061723126896
47901000: system.memobj: data_hex : 0048FFC649FFC075 
47901000: system.memobj: data : 0000000001001000111111111100011001001001111111111100000001110101 
47901000: system.memobj: fix data : 0000000001001000111111111100011001001001111111111100000001110101 
47901000: system.memobj: -------------------------------------
47964000: system.memobj: mem->cpu Got response for addr 0x11d38 , 73016
47964000: system.memobj: size 0x8
47964000: system.memobj: id 94061723126320
47964000: system.memobj: data_hex : 0048FFC649FFC075 
47964000: system.memobj: data : 0000000001001000111111111100011001001001111111111100000001110101 
47964000: system.memobj: fix data : 0000000001001000111111111100011001001001111111111100000001110101 
47964000: system.memobj: -------------------------------------
48013000: system.memobj: mem->cpu Got response for addr 0x11d40 , 73024
48013000: system.memobj: size 0x8
48013000: system.memobj: id 94061723126896
48013000: system.memobj: data_hex : EF66666690666666 
48013000: system.memobj: data : 1110111101100110011001100110011010010000011001100110011001100110 
48013000: system.memobj: fix data : 1110111101100110011001100110011010010000011001100110011001100110 
48013000: system.memobj: -------------------------------------
48062000: system.memobj: mem->cpu Got response for addr 0x11d40 , 73024
48062000: system.memobj: size 0x8
48062000: system.memobj: id 94061723126320
48062000: system.memobj: data_hex : EF66666690666666 
48062000: system.memobj: data : 1110111101100110011001100110011010010000011001100110011001100110 
48062000: system.memobj: fix data : 1110111101100110011001100110011010010000011001100110011001100110 
48062000: system.memobj: -------------------------------------
48111000: system.memobj: mem->cpu Got response for addr 0x11d40 , 73024
48111000: system.memobj: size 0x8
48111000: system.memobj: id 94061723126896
48111000: system.memobj: data_hex : EF66666690666666 
48111000: system.memobj: data : 1110111101100110011001100110011010010000011001100110011001100110 
48111000: system.memobj: fix data : 1110111101100110011001100110011010010000011001100110011001100110 
48111000: system.memobj: -------------------------------------
48160000: system.memobj: mem->cpu Got response for addr 0x11d48 , 73032
48160000: system.memobj: size 0x8
48160000: system.memobj: id 94061723126320
48160000: system.memobj: data_hex : 9066666690666690 
48160000: system.memobj: data : 1001000001100110011001100110011010010000011001100110011010010000 
48160000: system.memobj: fix data : 1001000001100110011001100110011010010000011001100110011010010000 
48160000: system.memobj: -------------------------------------
48209000: system.memobj: mem->cpu Got response for addr 0x11d48 , 73032
48209000: system.memobj: size 0x8
48209000: system.memobj: id 94061723126896
48209000: system.memobj: data_hex : 9066666690666690 
48209000: system.memobj: data : 1001000001100110011001100110011010010000011001100110011010010000 
48209000: system.memobj: fix data : 1001000001100110011001100110011010010000011001100110011010010000 
48209000: system.memobj: -------------------------------------
48258000: system.memobj: mem->cpu Got response for addr 0x11d48 , 73032
48258000: system.memobj: size 0x8
48258000: system.memobj: id 94061723126320
48258000: system.memobj: data_hex : 9066666690666690 
48258000: system.memobj: data : 1001000001100110011001100110011010010000011001100110011010010000 
48258000: system.memobj: fix data : 1001000001100110011001100110011010010000011001100110011010010000 
48258000: system.memobj: -------------------------------------
48307000: system.memobj: mem->cpu Got response for addr 0x11d50 , 73040
48307000: system.memobj: size 0x8
48307000: system.memobj: id 94061723126896
48307000: system.memobj: data_hex : 488B0648B9FFFEFE 
48307000: system.memobj: data : 0100100010001011000001100100100010111001111111111111111011111110 
48307000: system.memobj: fix data : 0100100010001011000001100100100010111001111111111111111011111110 
48307000: system.memobj: -------------------------------------
48356000: system.memobj: mem->cpu Got response for addr 0x5ed58 , 388440
48356000: system.memobj: size 0x8
48356000: system.memobj: id 94061723126320
48356000: system.memobj: data_hex : 4152595F50415448 
48356000: system.memobj: data : 0100000101010010010110010101111101010000010000010101010001001000 
48356000: system.memobj: fix data : 0100000101010010010110010101111101010000010000010101010001001000 
48356000: system.memobj: -------------------------------------
48405000: system.memobj: mem->cpu Got response for addr 0x11d50 , 73040
48405000: system.memobj: size 0x8
48405000: system.memobj: id 94061723126320
48405000: system.memobj: data_hex : 488B0648B9FFFEFE 
48405000: system.memobj: data : 0100100010001011000001100100100010111001111111111111111011111110 
48405000: system.memobj: fix data : 0100100010001011000001100100100010111001111111111111111011111110 
48405000: system.memobj: -------------------------------------
48454000: system.memobj: mem->cpu Got response for addr 0x11d58 , 73048
48454000: system.memobj: size 0x8
48454000: system.memobj: id 94061723126896
48454000: system.memobj: data_hex : FEFEFEFEFE4989C8 
48454000: system.memobj: data : 1111111011111110111111101111111011111110010010011000100111001000 
48454000: system.memobj: fix data : 1111111011111110111111101111111011111110010010011000100111001000 
48454000: system.memobj: -------------------------------------
48503000: system.memobj: mem->cpu Got response for addr 0x11d58 , 73048
48503000: system.memobj: size 0x8
48503000: system.memobj: id 94061723126320
48503000: system.memobj: data_hex : FEFEFEFEFE4989C8 
48503000: system.memobj: data : 1111111011111110111111101111111011111110010010011000100111001000 
48503000: system.memobj: fix data : 1111111011111110111111101111111011111110010010011000100111001000 
48503000: system.memobj: -------------------------------------
48552000: system.memobj: mem->cpu Got response for addr 0x11d60 , 73056
48552000: system.memobj: size 0x8
48552000: system.memobj: id 94061723126896
48552000: system.memobj: data_hex : 4901C00F83070300 
48552000: system.memobj: data : 0100100100000001110000000000111110000011000001110000001100000000 
48552000: system.memobj: fix data : 0100100100000001110000000000111110000011000001110000001100000000 
48552000: system.memobj: -------------------------------------
48601000: system.memobj: mem->cpu Got response for addr 0x11d60 , 73056
48601000: system.memobj: size 0x8
48601000: system.memobj: id 94061723126320
48601000: system.memobj: data_hex : 4901C00F83070300 
48601000: system.memobj: data : 0100100100000001110000000000111110000011000001110000001100000000 
48601000: system.memobj: fix data : 0100100100000001110000000000111110000011000001110000001100000000 
48601000: system.memobj: -------------------------------------
48650000: system.memobj: mem->cpu Got response for addr 0x11d68 , 73064
48650000: system.memobj: size 0x8
48650000: system.memobj: id 94061723126896
48650000: system.memobj: data_hex : 004931C04909C849 
48650000: system.memobj: data : 0000000001001001001100011100000001001001000010011100100001001001 
48650000: system.memobj: fix data : 0000000001001001001100011100000001001001000010011100100001001001 
48650000: system.memobj: -------------------------------------
48699000: system.memobj: mem->cpu Got response for addr 0x11d68 , 73064
48699000: system.memobj: size 0x8
48699000: system.memobj: id 94061723126320
48699000: system.memobj: data_hex : 004931C04909C849 
48699000: system.memobj: data : 0000000001001001001100011100000001001001000010011100100001001001 
48699000: system.memobj: fix data : 0000000001001001001100011100000001001001000010011100100001001001 
48699000: system.memobj: -------------------------------------
48748000: system.memobj: mem->cpu Got response for addr 0x11d68 , 73064
48748000: system.memobj: size 0x8
48748000: system.memobj: id 94061723126896
48748000: system.memobj: data_hex : 004931C04909C849 
48748000: system.memobj: data : 0000000001001001001100011100000001001001000010011100100001001001 
48748000: system.memobj: fix data : 0000000001001001001100011100000001001001000010011100100001001001 
48748000: system.memobj: -------------------------------------
48811000: system.memobj: mem->cpu Got response for addr 0x11d68 , 73064
48811000: system.memobj: size 0x8
48811000: system.memobj: id 94061723126320
48811000: system.memobj: data_hex : 004931C04909C849 
48811000: system.memobj: data : 0000000001001001001100011100000001001001000010011100100001001001 
48811000: system.memobj: fix data : 0000000001001001001100011100000001001001000010011100100001001001 
48811000: system.memobj: -------------------------------------
48860000: system.memobj: mem->cpu Got response for addr 0x11d70 , 73072
48860000: system.memobj: size 0x8
48860000: system.memobj: id 94061723126896
48860000: system.memobj: data_hex : FFC00F85F8020000 
48860000: system.memobj: data : 1111111111000000000011111000010111111000000000100000000000000000 
48860000: system.memobj: fix data : 1111111111000000000011111000010111111000000000100000000000000000 
48860000: system.memobj: -------------------------------------
48909000: system.memobj: mem->cpu Got response for addr 0x11d70 , 73072
48909000: system.memobj: size 0x8
48909000: system.memobj: id 94061723126320
48909000: system.memobj: data_hex : FFC00F85F8020000 
48909000: system.memobj: data : 1111111111000000000011111000010111111000000000100000000000000000 
48909000: system.memobj: fix data : 1111111111000000000011111000010111111000000000100000000000000000 
48909000: system.memobj: -------------------------------------
48958000: system.memobj: mem->cpu Got response for addr 0x11d78 , 73080
48958000: system.memobj: size 0x8
48958000: system.memobj: id 94061723126896
48958000: system.memobj: data_hex : 488B4608488D7608 
48958000: system.memobj: data : 0100100010001011010001100000100001001000100011010111011000001000 
48958000: system.memobj: fix data : 0100100010001011010001100000100001001000100011010111011000001000 
48958000: system.memobj: -------------------------------------
49007000: system.memobj: mem->cpu Got response for addr 0x5ed60 , 388448
49007000: system.memobj: size 0x8
49007000: system.memobj: id 94061723127184
49007000: system.memobj: data_hex : 004C445F42494E44 
49007000: system.memobj: data : 0000000001001100010001000101111101000010010010010100111001000100 
49007000: system.memobj: fix data : 0000000001001100010001000101111101000010010010010100111001000100 
49007000: system.memobj: -------------------------------------
49056000: system.memobj: mem->cpu Got response for addr 0x11d78 , 73080
49056000: system.memobj: size 0x8
49056000: system.memobj: id 94061723127184
49056000: system.memobj: data_hex : 488B4608488D7608 
49056000: system.memobj: data : 0100100010001011010001100000100001001000100011010111011000001000 
49056000: system.memobj: fix data : 0100100010001011010001100000100001001000100011010111011000001000 
49056000: system.memobj: -------------------------------------
49105000: system.memobj: mem->cpu Got response for addr 0x11d80 , 73088
49105000: system.memobj: size 0x8
49105000: system.memobj: id 94061723127472
49105000: system.memobj: data_hex : 4989C84901C00F83 
49105000: system.memobj: data : 0100100110001001110010000100100100000001110000000000111110000011 
49105000: system.memobj: fix data : 0100100110001001110010000100100100000001110000000000111110000011 
49105000: system.memobj: -------------------------------------
49154000: system.memobj: mem->cpu Got response for addr 0x11d80 , 73088
49154000: system.memobj: size 0x8
49154000: system.memobj: id 94061723127184
49154000: system.memobj: data_hex : 4989C84901C00F83 
49154000: system.memobj: data : 0100100110001001110010000100100100000001110000000000111110000011 
49154000: system.memobj: fix data : 0100100110001001110010000100100100000001110000000000111110000011 
49154000: system.memobj: -------------------------------------
49203000: system.memobj: mem->cpu Got response for addr 0x11d80 , 73088
49203000: system.memobj: size 0x8
49203000: system.memobj: id 94061723127472
49203000: system.memobj: data_hex : 4989C84901C00F83 
49203000: system.memobj: data : 0100100110001001110010000100100100000001110000000000111110000011 
49203000: system.memobj: fix data : 0100100110001001110010000100100100000001110000000000111110000011 
49203000: system.memobj: -------------------------------------
49252000: system.memobj: mem->cpu Got response for addr 0x11d88 , 73096
49252000: system.memobj: size 0x8
49252000: system.memobj: id 94061723127184
49252000: system.memobj: data_hex : E40200004931C049 
49252000: system.memobj: data : 1110010000000010000000000000000001001001001100011100000001001001 
49252000: system.memobj: fix data : 1110010000000010000000000000000001001001001100011100000001001001 
49252000: system.memobj: -------------------------------------
49301000: system.memobj: mem->cpu Got response for addr 0x11d88 , 73096
49301000: system.memobj: size 0x8
49301000: system.memobj: id 94061723127472
49301000: system.memobj: data_hex : E40200004931C049 
49301000: system.memobj: data : 1110010000000010000000000000000001001001001100011100000001001001 
49301000: system.memobj: fix data : 1110010000000010000000000000000001001001001100011100000001001001 
49301000: system.memobj: -------------------------------------
49350000: system.memobj: mem->cpu Got response for addr 0x11d88 , 73096
49350000: system.memobj: size 0x8
49350000: system.memobj: id 94061723127184
49350000: system.memobj: data_hex : E40200004931C049 
49350000: system.memobj: data : 1110010000000010000000000000000001001001001100011100000001001001 
49350000: system.memobj: fix data : 1110010000000010000000000000000001001001001100011100000001001001 
49350000: system.memobj: -------------------------------------
49399000: system.memobj: mem->cpu Got response for addr 0x11d90 , 73104
49399000: system.memobj: size 0x8
49399000: system.memobj: id 94061723127472
49399000: system.memobj: data_hex : 09C849FFC00F85D5 
49399000: system.memobj: data : 0000100111001000010010011111111111000000000011111000010111010101 
49399000: system.memobj: fix data : 0000100111001000010010011111111111000000000011111000010111010101 
49399000: system.memobj: -------------------------------------
49448000: system.memobj: mem->cpu Got response for addr 0x11d90 , 73104
49448000: system.memobj: size 0x8
49448000: system.memobj: id 94061723127184
49448000: system.memobj: data_hex : 09C849FFC00F85D5 
49448000: system.memobj: data : 0000100111001000010010011111111111000000000011111000010111010101 
49448000: system.memobj: fix data : 0000100111001000010010011111111111000000000011111000010111010101 
49448000: system.memobj: -------------------------------------
49497000: system.memobj: mem->cpu Got response for addr 0x11d90 , 73104
49497000: system.memobj: size 0x8
49497000: system.memobj: id 94061723127472
49497000: system.memobj: data_hex : 09C849FFC00F85D5 
49497000: system.memobj: data : 0000100111001000010010011111111111000000000011111000010111010101 
49497000: system.memobj: fix data : 0000100111001000010010011111111111000000000011111000010111010101 
49497000: system.memobj: -------------------------------------
49546000: system.memobj: mem->cpu Got response for addr 0x11d98 , 73112
49546000: system.memobj: size 0x8
49546000: system.memobj: id 94061723127184
49546000: system.memobj: data_hex : 020000488B460848 
49546000: system.memobj: data : 0000001000000000000000000100100010001011010001100000100001001000 
49546000: system.memobj: fix data : 0000001000000000000000000100100010001011010001100000100001001000 
49546000: system.memobj: -------------------------------------
49609000: system.memobj: mem->cpu Got response for addr 0x12070 , 73840
49609000: system.memobj: size 0x8
49609000: system.memobj: id 94061723127472
49609000: system.memobj: data_hex : 84C0742C48FFC684 
49609000: system.memobj: data : 1000010011000000011101000010110001001000111111111100011010000100 
49609000: system.memobj: fix data : 1000010011000000011101000010110001001000111111111100011010000100 
49609000: system.memobj: -------------------------------------
49658000: system.memobj: mem->cpu Got response for addr 0x12070 , 73840
49658000: system.memobj: size 0x8
49658000: system.memobj: id 94061723127184
49658000: system.memobj: data_hex : 84C0742C48FFC684 
49658000: system.memobj: data : 1000010011000000011101000010110001001000111111111100011010000100 
49658000: system.memobj: fix data : 1000010011000000011101000010110001001000111111111100011010000100 
49658000: system.memobj: -------------------------------------
49707000: system.memobj: mem->cpu Got response for addr 0x120a0 , 73888
49707000: system.memobj: size 0x8
49707000: system.memobj: id 94061723127472
49707000: system.memobj: data_hex : 488D0437C3909090 
49707000: system.memobj: data : 0100100010001101000001000011011111000011100100001001000010010000 
49707000: system.memobj: fix data : 0100100010001101000001000011011111000011100100001001000010010000 
49707000: system.memobj: -------------------------------------
49756000: system.memobj: mem->cpu Got response for addr 0x120a0 , 73888
49756000: system.memobj: size 0x8
49756000: system.memobj: id 94061723127184
49756000: system.memobj: data_hex : 488D0437C3909090 
49756000: system.memobj: data : 0100100010001101000001000011011111000011100100001001000010010000 
49756000: system.memobj: fix data : 0100100010001101000001000011011111000011100100001001000010010000 
49756000: system.memobj: -------------------------------------
49819000: system.memobj: mem->cpu Got response for addr 0x94b08 , 609032
49819000: system.memobj: size 0x8
49819000: system.memobj: id 94061723127472
49819000: system.memobj: data_hex : 05A3410000000000 
49819000: system.memobj: data : 0000010110100011010000010000000000000000000000000000000000000000 
49819000: system.memobj: hamming code addr: 609032 
49819000: system.memobj: hamming code out: 3 
49819000: system.memobj: find Error Bit index : 2 
49819000: system.memobj: hamming code addr: 609040 
49819000: system.memobj: hamming code out: 2 
49819000: system.memobj: hamming code addr: 609048 
49819000: system.memobj: hamming code out: 9 
49819000: system.memobj: hamming code addr: 609056 
49819000: system.memobj: hamming code out: 0 
49819000: system.memobj: hamming code addr: 609064 
49819000: system.memobj: hamming code out: 0 
49819000: system.memobj: hamming code addr: 609072 
49819000: system.memobj: hamming code out: 0 
49819000: system.memobj: hamming code addr: 609080 
49819000: system.memobj: hamming code out: 0 
49819000: system.memobj: hamming code addr: 609088 
49819000: system.memobj: hamming code out: 0 
49819000: system.memobj: fix data : 0100010110100011010000010000000000000000000000000000000000000000 
49819000: system.memobj: -------------------------------------
49882000: system.memobj: mem->cpu Got response for addr 0x1a340 , 107328
49882000: system.memobj: size 0x8
49882000: system.memobj: id 94061723127472
49882000: system.memobj: data_hex : E8CB79FFFF488B15 
49882000: system.memobj: data : 1110100011001011011110011111111111111111010010001000101100010101 
49882000: system.memobj: fix data : 1110100011001011011110011111111111111111010010001000101100010101 
49882000: system.memobj: -------------------------------------
49931000: system.memobj: mem->cpu Got response for addr 0x1a348 , 107336
49931000: system.memobj: size 0x8
49931000: system.memobj: id 94061723127184
49931000: system.memobj: data_hex : AC8A17004989C648 
49931000: system.memobj: data : 1010110010001010000101110000000001001001100010011100011001001000 
49931000: system.memobj: fix data : 1010110010001010000101110000000001001001100010011100011001001000 
49931000: system.memobj: -------------------------------------
49951000: system.memobj: mem->cpu Got response for addr 0x92df8 , 601592
49951000: system.memobj: size 0x8
49951000: system.memobj: id 94061723127472
49951000: system.memobj: data_hex : A8EDFFFFFF7F0000 
49951000: system.memobj: data : 1010100011101101111111111111111111111111011111110000000000000000 
49951000: system.memobj: hamming code addr: 601592 
49951000: system.memobj: hamming code out: 9 
49951000: system.memobj: find Error Bit index : 2 
49951000: system.memobj: hamming code addr: 601600 
49951000: system.memobj: hamming code out: 15 
49951000: system.memobj: hamming code addr: 601608 
49951000: system.memobj: hamming code out: 3 
49951000: system.memobj: hamming code addr: 601616 
49951000: system.memobj: hamming code out: 3 
49951000: system.memobj: hamming code addr: 601624 
49951000: system.memobj: hamming code out: 3 
49951000: system.memobj: hamming code addr: 601632 
49951000: system.memobj: hamming code out: 0 
49951000: system.memobj: hamming code addr: 601640 
49951000: system.memobj: hamming code out: 0 
49951000: system.memobj: hamming code addr: 601648 
49951000: system.memobj: hamming code out: 0 
49951000: system.memobj: fix data : 1110100011101101111111111111111111111111011111110000000000000000 
49951000: system.memobj: -------------------------------------
50000000: system.memobj: mem->cpu Got response for addr 0x1a348 , 107336
50000000: system.memobj: size 0x8
50000000: system.memobj: id 94061723127472
50000000: system.memobj: data_hex : AC8A17004989C648 
50000000: system.memobj: data : 1010110010001010000101110000000001001001100010011100011001001000 
50000000: system.memobj: fix data : 1010110010001010000101110000000001001001100010011100011001001000 
50000000: system.memobj: -------------------------------------
50049000: system.memobj: mem->cpu Got response for addr 0x1a348 , 107336
50049000: system.memobj: size 0x8
50049000: system.memobj: id 94061723127184
50049000: system.memobj: data_hex : AC8A17004989C648 
50049000: system.memobj: data : 1010110010001010000101110000000001001001100010011100011001001000 
50049000: system.memobj: fix data : 1010110010001010000101110000000001001001100010011100011001001000 
50049000: system.memobj: -------------------------------------
50098000: system.memobj: mem->cpu Got response for addr 0x1a350 , 107344
50098000: system.memobj: size 0x8
50098000: system.memobj: id 94061723127472
50098000: system.memobj: data_hex : 85D27409410FB604 
50098000: system.memobj: data : 1000010111010010011101000000100101000001000011111011011000000100 
50098000: system.memobj: fix data : 1000010111010010011101000000100101000001000011111011011000000100 
50098000: system.memobj: -------------------------------------
50147000: system.memobj: mem->cpu Got response for addr 0x1a350 , 107344
50147000: system.memobj: size 0x8
50147000: system.memobj: id 94061723127184
50147000: system.memobj: data_hex : 85D27409410FB604 
50147000: system.memobj: data : 1000010111010010011101000000100101000001000011111011011000000100 
50147000: system.memobj: fix data : 1000010111010010011101000000100101000001000011111011011000000100 
50147000: system.memobj: -------------------------------------
50196000: system.memobj: mem->cpu Got response for addr 0x1a350 , 107344
50196000: system.memobj: size 0x8
50196000: system.memobj: id 94061723127472
50196000: system.memobj: data_hex : 85D27409410FB604 
50196000: system.memobj: data : 1000010111010010011101000000100101000001000011111011011000000100 
50196000: system.memobj: fix data : 1000010111010010011101000000100101000001000011111011011000000100 
50196000: system.memobj: -------------------------------------
50245000: system.memobj: mem->cpu Got response for addr 0x1a358 , 107352
50245000: system.memobj: size 0x8
50245000: system.memobj: id 94061723127184
50245000: system.memobj: data_hex : 2484C0752331C048 
50245000: system.memobj: data : 0010010010000100110000000111010100100011001100011100000001001000 
50245000: system.memobj: fix data : 0010010010000100110000000111010100100011001100011100000001001000 
50245000: system.memobj: -------------------------------------
50294000: system.memobj: mem->cpu Got response for addr 0x5ed51 , 388433
50294000: system.memobj: size 0x1
50294000: system.memobj: id 94061723127472
50294000: system.memobj: data_hex : 4C 
50294000: system.memobj: data : 01001100 
50294000: system.memobj: fix data : 01001100 
50294000: system.memobj: -------------------------------------
50343000: system.memobj: mem->cpu Got response for addr 0x1a358 , 107352
50343000: system.memobj: size 0x8
50343000: system.memobj: id 94061723127472
50343000: system.memobj: data_hex : 2484C0752331C048 
50343000: system.memobj: data : 0010010010000100110000000111010100100011001100011100000001001000 
50343000: system.memobj: fix data : 0010010010000100110000000111010100100011001100011100000001001000 
50343000: system.memobj: -------------------------------------
50392000: system.memobj: mem->cpu Got response for addr 0x1a358 , 107352
50392000: system.memobj: size 0x8
50392000: system.memobj: id 94061723127184
50392000: system.memobj: data_hex : 2484C0752331C048 
50392000: system.memobj: data : 0010010010000100110000000111010100100011001100011100000001001000 
50392000: system.memobj: fix data : 0010010010000100110000000111010100100011001100011100000001001000 
50392000: system.memobj: -------------------------------------
50441000: system.memobj: mem->cpu Got response for addr 0x1a380 , 107392
50441000: system.memobj: size 0x8
50441000: system.memobj: id 94061723127472
50441000: system.memobj: data_hex : 41807C240100752E 
50441000: system.memobj: data : 0100000110000000011111000010010000000001000000000111010100101110 
50441000: system.memobj: fix data : 0100000110000000011111000010010000000001000000000111010100101110 
50441000: system.memobj: -------------------------------------
50490000: system.memobj: mem->cpu Got response for addr 0x5ed52 , 388434
50490000: system.memobj: size 0x1
50490000: system.memobj: id 94061723127184
50490000: system.memobj: data_hex : 44 
50490000: system.memobj: data : 01000100 
50490000: system.memobj: fix data : 01000100 
50490000: system.memobj: -------------------------------------
50539000: system.memobj: mem->cpu Got response for addr 0x1a380 , 107392
50539000: system.memobj: size 0x8
50539000: system.memobj: id 94061723127184
50539000: system.memobj: data_hex : 41807C240100752E 
50539000: system.memobj: data : 0100000110000000011111000010010000000001000000000111010100101110 
50539000: system.memobj: fix data : 0100000110000000011111000010010000000001000000000111010100101110 
50539000: system.memobj: -------------------------------------
50588000: system.memobj: mem->cpu Got response for addr 0x1a3b0 , 107440
50588000: system.memobj: size 0x8
50588000: system.memobj: id 94061723127472
50588000: system.memobj: data_hex : 85DB75EDEBA7488B 
50588000: system.memobj: data : 1000010111011011011101011110110111101011101001110100100010001011 
50588000: system.memobj: fix data : 1000010111011011011101011110110111101011101001110100100010001011 
50588000: system.memobj: -------------------------------------
50637000: system.memobj: mem->cpu Got response for addr 0x1a3b8 , 107448
50637000: system.memobj: size 0x8
50637000: system.memobj: id 94061723127184
50637000: system.memobj: data_hex : 02450FB72C244983 
50637000: system.memobj: data : 0000001001000101000011111011011100101100001001000100100110000011 
50637000: system.memobj: fix data : 0000001001000101000011111011011100101100001001000100100110000011 
50637000: system.memobj: -------------------------------------
50686000: system.memobj: mem->cpu Got response for addr 0x94de8 , 609768
50686000: system.memobj: size 0x8
50686000: system.memobj: id 94061723127472
50686000: system.memobj: data_hex : 0000000000000000 
50686000: system.memobj: data : 0000000000000000000000000000000000000000000000000000000000000000 
50686000: system.memobj: fix data : 0000000000000000000000000000000000000000000000000000000000000000 
50686000: system.memobj: -------------------------------------
50735000: system.memobj: mem->cpu Got response for addr 0x1a3b8 , 107448
50735000: system.memobj: size 0x8
50735000: system.memobj: id 94061723127472
50735000: system.memobj: data_hex : 02450FB72C244983 
50735000: system.memobj: data : 0000001001000101000011111011011100101100001001000100100110000011 
50735000: system.memobj: fix data : 0000001001000101000011111011011100101100001001000100100110000011 
50735000: system.memobj: -------------------------------------
50784000: system.memobj: mem->cpu Got response for addr 0x5ed51 , 388433
50784000: system.memobj: size 0x2
50784000: system.memobj: id 94061723127184
50784000: system.memobj: data_hex : 4C44 
50784000: system.memobj: data : 0100110001000100 
50784000: system.memobj: fix data : 0100110001000100 
50784000: system.memobj: -------------------------------------
50833000: system.memobj: mem->cpu Got response for addr 0x1a3b8 , 107448
50833000: system.memobj: size 0x8
50833000: system.memobj: id 94061723127184
50833000: system.memobj: data_hex : 02450FB72C244983 
50833000: system.memobj: data : 0000001001000101000011111011011100101100001001000100100110000011 
50833000: system.memobj: fix data : 0000001001000101000011111011011100101100001001000100100110000011 
50833000: system.memobj: -------------------------------------
50896000: system.memobj: mem->cpu Got response for addr 0x1a3c0 , 107456
50896000: system.memobj: size 0x8
50896000: system.memobj: id 94061723127472
50896000: system.memobj: data_hex : EE024983C4024889 
50896000: system.memobj: data : 1110111000000010010010011000001111000100000000100100100010001001 
50896000: system.memobj: fix data : 1110111000000010010010011000001111000100000000100100100010001001 
50896000: system.memobj: -------------------------------------
50945000: system.memobj: mem->cpu Got response for addr 0x1a3c0 , 107456
50945000: system.memobj: size 0x8
50945000: system.memobj: id 94061723127184
50945000: system.memobj: data_hex : EE024983C4024889 
50945000: system.memobj: data : 1110111000000010010010011000001111000100000000100100100010001001 
50945000: system.memobj: fix data : 1110111000000010010010011000001111000100000000100100100010001001 
50945000: system.memobj: -------------------------------------
50994000: system.memobj: mem->cpu Got response for addr 0x1a3c0 , 107456
50994000: system.memobj: size 0x8
50994000: system.memobj: id 94061723127472
50994000: system.memobj: data_hex : EE024983C4024889 
50994000: system.memobj: data : 1110111000000010010010011000001111000100000000100100100010001001 
50994000: system.memobj: fix data : 1110111000000010010010011000001111000100000000100100100010001001 
50994000: system.memobj: -------------------------------------
51043000: system.memobj: mem->cpu Got response for addr 0x1a3c8 , 107464
51043000: system.memobj: size 0x8
51043000: system.memobj: id 94061723127184
51043000: system.memobj: data_hex : D54885C0748F4889 
51043000: system.memobj: data : 1101010101001000100001011100000001110100100011110100100010001001 
51043000: system.memobj: fix data : 1101010101001000100001011100000001110100100011110100100010001001 
51043000: system.memobj: -------------------------------------
51092000: system.memobj: mem->cpu Got response for addr 0x1a3c8 , 107464
51092000: system.memobj: size 0x8
51092000: system.memobj: id 94061723127472
51092000: system.memobj: data_hex : D54885C0748F4889 
51092000: system.memobj: data : 1101010101001000100001011100000001110100100011110100100010001001 
51092000: system.memobj: fix data : 1101010101001000100001011100000001110100100011110100100010001001 
51092000: system.memobj: -------------------------------------
51141000: system.memobj: mem->cpu Got response for addr 0x1a3c8 , 107464
51141000: system.memobj: size 0x8
51141000: system.memobj: id 94061723127184
51141000: system.memobj: data_hex : D54885C0748F4889 
51141000: system.memobj: data : 1101010101001000100001011100000001110100100011110100100010001001 
51141000: system.memobj: fix data : 1101010101001000100001011100000001110100100011110100100010001001 
51141000: system.memobj: -------------------------------------
51190000: system.memobj: mem->cpu Got response for addr 0x1a358 , 107352
51190000: system.memobj: size 0x8
51190000: system.memobj: id 94061723127472
51190000: system.memobj: data_hex : 2484C0752331C048 
51190000: system.memobj: data : 0010010010000100110000000111010100100011001100011100000001001000 
51190000: system.memobj: fix data : 0010010010000100110000000111010100100011001100011100000001001000 
51190000: system.memobj: -------------------------------------
51239000: system.memobj: mem->cpu Got response for addr 0x1a358 , 107352
51239000: system.memobj: size 0x8
51239000: system.memobj: id 94061723127184
51239000: system.memobj: data_hex : 2484C0752331C048 
51239000: system.memobj: data : 0010010010000100110000000111010100100011001100011100000001001000 
51239000: system.memobj: fix data : 0010010010000100110000000111010100100011001100011100000001001000 
51239000: system.memobj: -------------------------------------
51288000: system.memobj: mem->cpu Got response for addr 0x1a360 , 107360
51288000: system.memobj: size 0x8
51288000: system.memobj: id 94061723127472
51288000: system.memobj: data_hex : 8B1C24488B6C2408 
51288000: system.memobj: data : 1000101100011100001001000100100010001011011011000010010000001000 
51288000: system.memobj: fix data : 1000101100011100001001000100100010001011011011000010010000001000 
51288000: system.memobj: -------------------------------------
51337000: system.memobj: mem->cpu Got response for addr 0x94b10 , 609040
51337000: system.memobj: size 0x8
51337000: system.memobj: id 94061723127184
51337000: system.memobj: data_hex : 0517470000000000 
51337000: system.memobj: data : 0000010100010111010001110000000000000000000000000000000000000000 
51337000: system.memobj: hamming code addr: 609040 
51337000: system.memobj: hamming code out: 13 
51337000: system.memobj: find Error Bit index : 7 
51337000: system.memobj: hamming code addr: 609048 
51337000: system.memobj: hamming code out: 10 
51337000: system.memobj: hamming code addr: 609056 
51337000: system.memobj: hamming code out: 8 
51337000: system.memobj: hamming code addr: 609064 
51337000: system.memobj: hamming code out: 0 
51337000: system.memobj: hamming code addr: 609072 
51337000: system.memobj: hamming code out: 0 
51337000: system.memobj: hamming code addr: 609080 
51337000: system.memobj: hamming code out: 0 
51337000: system.memobj: hamming code addr: 609088 
51337000: system.memobj: hamming code out: 0 
51337000: system.memobj: hamming code addr: 609096 
51337000: system.memobj: hamming code out: 0 
51337000: system.memobj: fix data : 0000011100010111010001110000000000000000000000000000000000000000 
51337000: system.memobj: -------------------------------------
51386000: system.memobj: mem->cpu Got response for addr 0x1a360 , 107360
51386000: system.memobj: size 0x8
51386000: system.memobj: id 94061723127184
51386000: system.memobj: data_hex : 8B1C24488B6C2408 
51386000: system.memobj: data : 1000101100011100001001000100100010001011011011000010010000001000 
51386000: system.memobj: fix data : 1000101100011100001001000100100010001011011011000010010000001000 
51386000: system.memobj: -------------------------------------
51435000: system.memobj: mem->cpu Got response for addr 0x94b18 , 609048
51435000: system.memobj: size 0x8
51435000: system.memobj: id 94061723127472
51435000: system.memobj: data_hex : 98EDFFFFFF7F0000 
51435000: system.memobj: data : 1001100011101101111111111111111111111111011111110000000000000000 
51435000: system.memobj: hamming code addr: 609048 
51435000: system.memobj: hamming code out: 8 
51435000: system.memobj: find Error Bit index : 2 
51435000: system.memobj: hamming code addr: 609056 
51435000: system.memobj: hamming code out: 15 
51435000: system.memobj: hamming code addr: 609064 
51435000: system.memobj: hamming code out: 3 
51435000: system.memobj: hamming code addr: 609072 
51435000: system.memobj: hamming code out: 3 
51435000: system.memobj: hamming code addr: 609080 
51435000: system.memobj: hamming code out: 3 
51435000: system.memobj: hamming code addr: 609088 
51435000: system.memobj: hamming code out: 0 
51435000: system.memobj: hamming code addr: 609096 
51435000: system.memobj: hamming code out: 0 
51435000: system.memobj: hamming code addr: 609104 
51435000: system.memobj: hamming code out: 0 
51435000: system.memobj: fix data : 1101100011101101111111111111111111111111011111110000000000000000 
51435000: system.memobj: -------------------------------------
51484000: system.memobj: mem->cpu Got response for addr 0x1a368 , 107368
51484000: system.memobj: size 0x8
51484000: system.memobj: id 94061723127472
51484000: system.memobj: data_hex : 4C8B6424104C8B6C 
51484000: system.memobj: data : 0100110010001011011001000010010000010000010011001000101101101100 
51484000: system.memobj: fix data : 0100110010001011011001000010010000010000010011001000101101101100 
51484000: system.memobj: -------------------------------------
51533000: system.memobj: mem->cpu Got response for addr 0x94b20 , 609056
51533000: system.memobj: size 0x8
51533000: system.memobj: id 94061723127184
51533000: system.memobj: data_hex : 8100000000000000 
51533000: system.memobj: data : 1000000100000000000000000000000000000000000000000000000000000000 
51533000: system.memobj: hamming code addr: 609056 
51533000: system.memobj: hamming code out: 12 
51533000: system.memobj: find Error Bit index : 1 
51533000: system.memobj: hamming code addr: 609064 
51533000: system.memobj: hamming code out: 0 
51533000: system.memobj: hamming code addr: 609072 
51533000: system.memobj: hamming code out: 0 
51533000: system.memobj: hamming code addr: 609080 
51533000: system.memobj: hamming code out: 0 
51533000: system.memobj: hamming code addr: 609088 
51533000: system.memobj: hamming code out: 0 
51533000: system.memobj: hamming code addr: 609096 
51533000: system.memobj: hamming code out: 0 
51533000: system.memobj: hamming code addr: 609104 
51533000: system.memobj: hamming code out: 0 
51533000: system.memobj: hamming code addr: 609112 
51533000: system.memobj: hamming code out: 0 
51533000: system.memobj: fix data : 0000000100000000000000000000000000000000000000000000000000000000 
51533000: system.memobj: -------------------------------------
51582000: system.memobj: mem->cpu Got response for addr 0x1a368 , 107368
51582000: system.memobj: size 0x8
51582000: system.memobj: id 94061723127184
51582000: system.memobj: data_hex : 4C8B6424104C8B6C 
51582000: system.memobj: data : 0100110010001011011001000010010000010000010011001000101101101100 
51582000: system.memobj: fix data : 0100110010001011011001000010010000010000010011001000101101101100 
51582000: system.memobj: -------------------------------------
51631000: system.memobj: mem->cpu Got response for addr 0x1a370 , 107376
51631000: system.memobj: size 0x8
51631000: system.memobj: id 94061723127472
51631000: system.memobj: data_hex : 24184C8B74242048 
51631000: system.memobj: data : 0010010000011000010011001000101101110100001001000010000001001000 
51631000: system.memobj: fix data : 0010010000011000010011001000101101110100001001000010000001001000 
51631000: system.memobj: -------------------------------------
51680000: system.memobj: mem->cpu Got response for addr 0x94b28 , 609064
51680000: system.memobj: size 0x8
51680000: system.memobj: id 94061723127184
51680000: system.memobj: data_hex : 4100000000000000 
51680000: system.memobj: data : 0100000100000000000000000000000000000000000000000000000000000000 
51680000: system.memobj: hamming code addr: 609064 
51680000: system.memobj: hamming code out: 12 
51680000: system.memobj: find Error Bit index : 2 
51680000: system.memobj: hamming code addr: 609072 
51680000: system.memobj: hamming code out: 0 
51680000: system.memobj: hamming code addr: 609080 
51680000: system.memobj: hamming code out: 0 
51680000: system.memobj: hamming code addr: 609088 
51680000: system.memobj: hamming code out: 0 
51680000: system.memobj: hamming code addr: 609096 
51680000: system.memobj: hamming code out: 0 
51680000: system.memobj: hamming code addr: 609104 
51680000: system.memobj: hamming code out: 0 
51680000: system.memobj: hamming code addr: 609112 
51680000: system.memobj: hamming code out: 0 
51680000: system.memobj: hamming code addr: 609120 
51680000: system.memobj: hamming code out: 0 
51680000: system.memobj: fix data : 0000000100000000000000000000000000000000000000000000000000000000 
51680000: system.memobj: -------------------------------------
51729000: system.memobj: mem->cpu Got response for addr 0x1a370 , 107376
51729000: system.memobj: size 0x8
51729000: system.memobj: id 94061723127184
51729000: system.memobj: data_hex : 24184C8B74242048 
51729000: system.memobj: data : 0010010000011000010011001000101101110100001001000010000001001000 
51729000: system.memobj: fix data : 0010010000011000010011001000101101110100001001000010000001001000 
51729000: system.memobj: -------------------------------------
51778000: system.memobj: mem->cpu Got response for addr 0x94b30 , 609072
51778000: system.memobj: size 0x8
51778000: system.memobj: id 94061723127472
51778000: system.memobj: data_hex : 98EDFFFFFF7F0000 
51778000: system.memobj: data : 1001100011101101111111111111111111111111011111110000000000000000 
51778000: system.memobj: hamming code addr: 609072 
51778000: system.memobj: hamming code out: 8 
51778000: system.memobj: find Error Bit index : 2 
51778000: system.memobj: hamming code addr: 609080 
51778000: system.memobj: hamming code out: 15 
51778000: system.memobj: hamming code addr: 609088 
51778000: system.memobj: hamming code out: 3 
51778000: system.memobj: hamming code addr: 609096 
51778000: system.memobj: hamming code out: 3 
51778000: system.memobj: hamming code addr: 609104 
51778000: system.memobj: hamming code out: 3 
51778000: system.memobj: hamming code addr: 609112 
51778000: system.memobj: hamming code out: 0 
51778000: system.memobj: hamming code addr: 609120 
51778000: system.memobj: hamming code out: 0 
51778000: system.memobj: hamming code addr: 609128 
51778000: system.memobj: hamming code out: 0 
51778000: system.memobj: fix data : 1101100011101101111111111111111111111111011111110000000000000000 
51778000: system.memobj: -------------------------------------
51827000: system.memobj: mem->cpu Got response for addr 0x1a370 , 107376
51827000: system.memobj: size 0x8
51827000: system.memobj: id 94061723127472
51827000: system.memobj: data_hex : 24184C8B74242048 
51827000: system.memobj: data : 0010010000011000010011001000101101110100001001000010000001001000 
51827000: system.memobj: fix data : 0010010000011000010011001000101101110100001001000010000001001000 
51827000: system.memobj: -------------------------------------
51876000: system.memobj: mem->cpu Got response for addr 0x1a378 , 107384
51876000: system.memobj: size 0x8
51876000: system.memobj: id 94061723127184
51876000: system.memobj: data_hex : 83C428C366666690 
51876000: system.memobj: data : 1000001111000100001010001100001101100110011001100110011010010000 
51876000: system.memobj: fix data : 1000001111000100001010001100001101100110011001100110011010010000 
51876000: system.memobj: -------------------------------------
51939000: system.memobj: mem->cpu Got response for addr 0x1a378 , 107384
51939000: system.memobj: size 0x8
51939000: system.memobj: id 94061723127472
51939000: system.memobj: data_hex : 83C428C366666690 
51939000: system.memobj: data : 1000001111000100001010001100001101100110011001100110011010010000 
51939000: system.memobj: fix data : 1000001111000100001010001100001101100110011001100110011010010000 
51939000: system.memobj: -------------------------------------
51959000: system.memobj: mem->cpu Got response for addr 0x94b38 , 609080
51959000: system.memobj: size 0x8
51959000: system.memobj: id 94061723127184
51959000: system.memobj: data_hex : D25C410000000000 
51959000: system.memobj: data : 1101001001011100010000010000000000000000000000000000000000000000 
51959000: system.memobj: hamming code addr: 609080 
51959000: system.memobj: hamming code out: 6 
51959000: system.memobj: find Error Bit index : 8 
51959000: system.memobj: hamming code addr: 609088 
51959000: system.memobj: hamming code out: 1 
51959000: system.memobj: hamming code addr: 609096 
51959000: system.memobj: hamming code out: 9 
51959000: system.memobj: hamming code addr: 609104 
51959000: system.memobj: hamming code out: 0 
51959000: system.memobj: hamming code addr: 609112 
51959000: system.memobj: hamming code out: 0 
51959000: system.memobj: hamming code addr: 609120 
51959000: system.memobj: hamming code out: 0 
51959000: system.memobj: hamming code addr: 609128 
51959000: system.memobj: hamming code out: 0 
51959000: system.memobj: hamming code addr: 609136 
51959000: system.memobj: hamming code out: 0 
51959000: system.memobj: fix data : 1101001101011100010000010000000000000000000000000000000000000000 
51959000: system.memobj: -------------------------------------
52036000: system.memobj: mem->cpu Got response for addr 0x15cd0 , 89296
52036000: system.memobj: size 0x8
52036000: system.memobj: id 94061723127184
52036000: system.memobj: data_hex : 4600004889C7E815 
52036000: system.memobj: data : 0100011000000000000000000100100010001001110001111110100000010101 
52036000: system.memobj: fix data : 0100011000000000000000000100100010001001110001111110100000010101 
52036000: system.memobj: -------------------------------------
52085000: system.memobj: mem->cpu Got response for addr 0x15cd0 , 89296
52085000: system.memobj: size 0x8
52085000: system.memobj: id 94061723127472
52085000: system.memobj: data_hex : 4600004889C7E815 
52085000: system.memobj: data : 0100011000000000000000000100100010001001110001111110100000010101 
52085000: system.memobj: fix data : 0100011000000000000000000100100010001001110001111110100000010101 
52085000: system.memobj: -------------------------------------
52134000: system.memobj: mem->cpu Got response for addr 0x15cd8 , 89304
52134000: system.memobj: size 0x8
52134000: system.memobj: id 94061723127184
52134000: system.memobj: data_hex : D00100BF61ED4500 
52134000: system.memobj: data : 1101000000000001000000001011111101100001111011010100010100000000 
52134000: system.memobj: fix data : 1101000000000001000000001011111101100001111011010100010100000000 
52134000: system.memobj: -------------------------------------
52134000: system.memobj: cpu->mem Got request for addr 0x94b38 , 609080
52134000: system.memobj: size 0x8
52134000: system.memobj: id 94061723127760
52134000: system.memobj: data_hex : DB5C410000000000 
52134000: system.memobj: data : 1101101101011100010000010000000000000000000000000000000000000000 
52134000: system.memobj: hamming code addr: 609080 
52134000: system.memobj: hamming code : 15 
52134000: system.memobj: hamming code addr: 609088 
52134000: system.memobj: hamming code : 1 
52134000: system.memobj: hamming code addr: 609096 
52134000: system.memobj: hamming code : 9 
52134000: system.memobj: hamming code addr: 609104 
52134000: system.memobj: hamming code : 0 
52134000: system.memobj: hamming code addr: 609112 
52134000: system.memobj: hamming code : 0 
52134000: system.memobj: hamming code addr: 609120 
52134000: system.memobj: hamming code : 0 
52134000: system.memobj: hamming code addr: 609128 
52134000: system.memobj: hamming code : 0 
52134000: system.memobj: hamming code addr: 609136 
52134000: system.memobj: hamming code : 0 
52134000: system.memobj: Enter Error Bit index: 5 
52134000: system.memobj: flip data : 1101001101011100010000010000000000000000000000000000000000000000 
52134000: system.memobj: -------------------------------------
52232000: system.memobj: mem->cpu Got response for addr 0x32cf0 , 208112
52232000: system.memobj: size 0x8
52232000: system.memobj: id 94061723127760
52232000: system.memobj: data_hex : 55B940FA5700BA38 
52232000: system.memobj: data : 0101010110111001010000001111101001010111000000001011101000111000 
52232000: system.memobj: fix data : 0101010110111001010000001111101001010111000000001011101000111000 
52232000: system.memobj: -------------------------------------
52232000: system.memobj: cpu->mem Got request for addr 0x94b30 , 609072
52232000: system.memobj: size 0x8
52232000: system.memobj: id 94061723127184
52232000: system.memobj: data_hex : D8EDFFFFFF7F0000 
52232000: system.memobj: data : 1101100011101101111111111111111111111111011111110000000000000000 
52232000: system.memobj: hamming code addr: 609072 
52232000: system.memobj: hamming code : 8 
52232000: system.memobj: hamming code addr: 609080 
52232000: system.memobj: hamming code : 15 
52232000: system.memobj: hamming code addr: 609088 
52232000: system.memobj: hamming code : 3 
52232000: system.memobj: hamming code addr: 609096 
52232000: system.memobj: hamming code : 3 
52232000: system.memobj: hamming code addr: 609104 
52232000: system.memobj: hamming code : 3 
52232000: system.memobj: hamming code addr: 609112 
52232000: system.memobj: hamming code : 0 
52232000: system.memobj: hamming code addr: 609120 
52232000: system.memobj: hamming code : 0 
52232000: system.memobj: hamming code addr: 609128 
52232000: system.memobj: hamming code : 0 
52232000: system.memobj: Enter Error Bit index: 8 
52232000: system.memobj: flip data : 1101100111101101111111111111111111111111011111110000000000000000 
52232000: system.memobj: -------------------------------------
52302000: system.memobj: mem->cpu Got response for addr 0x32cf0 , 208112
52302000: system.memobj: size 0x8
52302000: system.memobj: id 94061723127184
52302000: system.memobj: data_hex : 55B940FA5700BA38 
52302000: system.memobj: data : 0101010110111001010000001111101001010111000000001011101000111000 
52302000: system.memobj: fix data : 0101010110111001010000001111101001010111000000001011101000111000 
52302000: system.memobj: -------------------------------------
52351000: system.memobj: mem->cpu Got response for addr 0x32cf0 , 208112
52351000: system.memobj: size 0x8
52351000: system.memobj: id 94061723127760
52351000: system.memobj: data_hex : 55B940FA5700BA38 
52351000: system.memobj: data : 0101010110111001010000001111101001010111000000001011101000111000 
52351000: system.memobj: fix data : 0101010110111001010000001111101001010111000000001011101000111000 
52351000: system.memobj: -------------------------------------
52400000: system.memobj: mem->cpu Got response for addr 0x32cf8 , 208120
52400000: system.memobj: size 0x8
52400000: system.memobj: id 94061723127184
52400000: system.memobj: data_hex : FA57004889E54155 
52400000: system.memobj: data : 1111101001010111000000000100100010001001111001010100000101010101 
52400000: system.memobj: fix data : 1111101001010111000000000100100010001001111001010100000101010101 
52400000: system.memobj: -------------------------------------
52449000: system.memobj: mem->cpu Got response for addr 0x32cf8 , 208120
52449000: system.memobj: size 0x8
52449000: system.memobj: id 94061723127760
52449000: system.memobj: data_hex : FA57004889E54155 
52449000: system.memobj: data : 1111101001010111000000000100100010001001111001010100000101010101 
52449000: system.memobj: fix data : 1111101001010111000000000100100010001001111001010100000101010101 
52449000: system.memobj: -------------------------------------
52498000: system.memobj: mem->cpu Got response for addr 0x32cf8 , 208120
52498000: system.memobj: size 0x8
52498000: system.memobj: id 94061723127184
52498000: system.memobj: data_hex : FA57004889E54155 
52498000: system.memobj: data : 1111101001010111000000000100100010001001111001010100000101010101 
52498000: system.memobj: fix data : 1111101001010111000000000100100010001001111001010100000101010101 
52498000: system.memobj: -------------------------------------
52498000: system.memobj: cpu->mem Got request for addr 0x94b28 , 609064
52498000: system.memobj: size 0x8
52498000: system.memobj: id 94061723127760
52498000: system.memobj: data_hex : 0100000000000000 
52498000: system.memobj: data : 0000000100000000000000000000000000000000000000000000000000000000 
52498000: system.memobj: hamming code addr: 609064 
52498000: system.memobj: hamming code : 12 
52498000: system.memobj: hamming code addr: 609072 
52498000: system.memobj: hamming code : 0 
52498000: system.memobj: hamming code addr: 609080 
52498000: system.memobj: hamming code : 0 
52498000: system.memobj: hamming code addr: 609088 
52498000: system.memobj: hamming code : 0 
52498000: system.memobj: hamming code addr: 609096 
52498000: system.memobj: hamming code : 0 
52498000: system.memobj: hamming code addr: 609104 
52498000: system.memobj: hamming code : 0 
52498000: system.memobj: hamming code addr: 609112 
52498000: system.memobj: hamming code : 0 
52498000: system.memobj: hamming code addr: 609120 
52498000: system.memobj: hamming code : 0 
52498000: system.memobj: Enter Error Bit index: 7 
52498000: system.memobj: flip data : 0000001100000000000000000000000000000000000000000000000000000000 
52498000: system.memobj: -------------------------------------
52568000: system.memobj: mem->cpu Got response for addr 0x32d00 , 208128
52568000: system.memobj: size 0x8
52568000: system.memobj: id 94061723127760
52568000: system.memobj: data_hex : 4989FD4154534883 
52568000: system.memobj: data : 0100100110001001111111010100000101010100010100110100100010000011 
52568000: system.memobj: fix data : 0100100110001001111111010100000101010100010100110100100010000011 
52568000: system.memobj: -------------------------------------
52617000: system.memobj: mem->cpu Got response for addr 0x32d00 , 208128
52617000: system.memobj: size 0x8
52617000: system.memobj: id 94061723127184
52617000: system.memobj: data_hex : 4989FD4154534883 
52617000: system.memobj: data : 0100100110001001111111010100000101010100010100110100100010000011 
52617000: system.memobj: fix data : 0100100110001001111111010100000101010100010100110100100010000011 
52617000: system.memobj: -------------------------------------
52617000: system.memobj: cpu->mem Got request for addr 0x94b20 , 609056
52617000: system.memobj: size 0x8
52617000: system.memobj: id 94061723127760
52617000: system.memobj: data_hex : 0100000000000000 
52617000: system.memobj: data : 0000000100000000000000000000000000000000000000000000000000000000 
52617000: system.memobj: hamming code addr: 609056 
52617000: system.memobj: hamming code : 12 
52617000: system.memobj: hamming code addr: 609064 
52617000: system.memobj: hamming code : 0 
52617000: system.memobj: hamming code addr: 609072 
52617000: system.memobj: hamming code : 0 
52617000: system.memobj: hamming code addr: 609080 
52617000: system.memobj: hamming code : 0 
52617000: system.memobj: hamming code addr: 609088 
52617000: system.memobj: hamming code : 0 
52617000: system.memobj: hamming code addr: 609096 
52617000: system.memobj: hamming code : 0 
52617000: system.memobj: hamming code addr: 609104 
52617000: system.memobj: hamming code : 0 
52617000: system.memobj: hamming code addr: 609112 
52617000: system.memobj: hamming code : 0 
52617000: system.memobj: Enter Error Bit index: 2 
52617000: system.memobj: flip data : 0100000100000000000000000000000000000000000000000000000000000000 
52617000: system.memobj: -------------------------------------
52687000: system.memobj: mem->cpu Got response for addr 0x32d00 , 208128
52687000: system.memobj: size 0x8
52687000: system.memobj: id 94061723127760
52687000: system.memobj: data_hex : 4989FD4154534883 
52687000: system.memobj: data : 0100100110001001111111010100000101010100010100110100100010000011 
52687000: system.memobj: fix data : 0100100110001001111111010100000101010100010100110100100010000011 
52687000: system.memobj: -------------------------------------
52687000: system.memobj: cpu->mem Got request for addr 0x94b18 , 609048
52687000: system.memobj: size 0x8
52687000: system.memobj: id 94061723127184
52687000: system.memobj: data_hex : 0717470000000000 
52687000: system.memobj: data : 0000011100010111010001110000000000000000000000000000000000000000 
52687000: system.memobj: hamming code addr: 609048 
52687000: system.memobj: hamming code : 13 
52687000: system.memobj: hamming code addr: 609056 
52687000: system.memobj: hamming code : 10 
52687000: system.memobj: hamming code addr: 609064 
52687000: system.memobj: hamming code : 8 
52687000: system.memobj: hamming code addr: 609072 
52687000: system.memobj: hamming code : 0 
52687000: system.memobj: hamming code addr: 609080 
52687000: system.memobj: hamming code : 0 
52687000: system.memobj: hamming code addr: 609088 
52687000: system.memobj: hamming code : 0 
52687000: system.memobj: hamming code addr: 609096 
52687000: system.memobj: hamming code : 0 
52687000: system.memobj: hamming code addr: 609104 
52687000: system.memobj: hamming code : 0 
52687000: system.memobj: Enter Error Bit index: 7 
52687000: system.memobj: flip data : 0000010100010111010001110000000000000000000000000000000000000000 
52687000: system.memobj: -------------------------------------
52757000: system.memobj: mem->cpu Got response for addr 0x32d00 , 208128
52757000: system.memobj: size 0x8
52757000: system.memobj: id 94061723127184
52757000: system.memobj: data_hex : 4989FD4154534883 
52757000: system.memobj: data : 0100100110001001111111010100000101010100010100110100100010000011 
52757000: system.memobj: fix data : 0100100110001001111111010100000101010100010100110100100010000011 
52757000: system.memobj: -------------------------------------
52806000: system.memobj: mem->cpu Got response for addr 0x32d08 , 208136
52806000: system.memobj: size 0x8
52806000: system.memobj: id 94061723127760
52806000: system.memobj: data_hex : EC08488B358F0716 
52806000: system.memobj: data : 1110110000001000010010001000101100110101100011110000011100010110 
52806000: system.memobj: fix data : 1110110000001000010010001000101100110101100011110000011100010110 
52806000: system.memobj: -------------------------------------
52855000: system.memobj: mem->cpu Got response for addr 0x32d08 , 208136
52855000: system.memobj: size 0x8
52855000: system.memobj: id 94061723127184
52855000: system.memobj: data_hex : EC08488B358F0716 
52855000: system.memobj: data : 1110110000001000010010001000101100110101100011110000011100010110 
52855000: system.memobj: fix data : 1110110000001000010010001000101100110101100011110000011100010110 
52855000: system.memobj: -------------------------------------
52904000: system.memobj: mem->cpu Got response for addr 0x32d10 , 208144
52904000: system.memobj: size 0x8
52904000: system.memobj: id 94061723127760
52904000: system.memobj: data_hex : 00488B3DB8071600 
52904000: system.memobj: data : 0000000001001000100010110011110110111000000001110001011000000000 
52904000: system.memobj: fix data : 0000000001001000100010110011110110111000000001110001011000000000 
52904000: system.memobj: -------------------------------------
52981000: system.memobj: mem->cpu Got response for addr 0x934a0 , 603296
52981000: system.memobj: size 0x8
52981000: system.memobj: id 94061723128048
52981000: system.memobj: data_hex : 0000000000000000 
52981000: system.memobj: data : 0000000000000000000000000000000000000000000000000000000000000000 
52981000: system.memobj: fix data : 0000000000000000000000000000000000000000000000000000000000000000 
52981000: system.memobj: -------------------------------------
53058000: system.memobj: mem->cpu Got response for addr 0x32d10 , 208144
53058000: system.memobj: size 0x8
53058000: system.memobj: id 94061723128048
53058000: system.memobj: data_hex : 00488B3DB8071600 
53058000: system.memobj: data : 0000000001001000100010110011110110111000000001110001011000000000 
53058000: system.memobj: fix data : 0000000001001000100010110011110110111000000001110001011000000000 
53058000: system.memobj: -------------------------------------
53135000: system.memobj: mem->cpu Got response for addr 0x934d0 , 603344
53135000: system.memobj: size 0x8
53135000: system.memobj: id 94061723128336
53135000: system.memobj: data_hex : 0000000000000000 
53135000: system.memobj: data : 0000000000000000000000000000000000000000000000000000000000000000 
53135000: system.memobj: fix data : 0000000000000000000000000000000000000000000000000000000000000000 
53135000: system.memobj: -------------------------------------
53212000: system.memobj: mem->cpu Got response for addr 0x32d18 , 208152
53212000: system.memobj: size 0x8
53212000: system.memobj: id 94061723128336
53212000: system.memobj: data_hex : E87332FEFFBF1800 
53212000: system.memobj: data : 1110100001110011001100101111111011111111101111110001100000000000 
53212000: system.memobj: fix data : 1110100001110011001100101111111011111111101111110001100000000000 
53212000: system.memobj: -------------------------------------
53212000: system.memobj: cpu->mem Got request for addr 0x94b08 , 609032
53212000: system.memobj: size 0x8
53212000: system.memobj: id 94061723128624
53212000: system.memobj: data_hex : 1D2D430000000000 
53212000: system.memobj: data : 0001110100101101010000110000000000000000000000000000000000000000 
53212000: system.memobj: hamming code addr: 609032 
53212000: system.memobj: hamming code : 8 
53212000: system.memobj: hamming code addr: 609040 
53212000: system.memobj: hamming code : 9 
53212000: system.memobj: hamming code addr: 609048 
53212000: system.memobj: hamming code : 2 
53212000: system.memobj: hamming code addr: 609056 
53212000: system.memobj: hamming code : 0 
53212000: system.memobj: hamming code addr: 609064 
53212000: system.memobj: hamming code : 0 
53212000: system.memobj: hamming code addr: 609072 
53212000: system.memobj: hamming code : 0 
53212000: system.memobj: hamming code addr: 609080 
53212000: system.memobj: hamming code : 0 
53212000: system.memobj: hamming code addr: 609088 
53212000: system.memobj: hamming code : 0 
53212000: system.memobj: Enter Error Bit index: 8 
53212000: system.memobj: flip data : 0001110000101101010000110000000000000000000000000000000000000000 
53212000: system.memobj: -------------------------------------
53282000: system.memobj: mem->cpu Got response for addr 0x15f90 , 90000
53282000: system.memobj: size 0x8
53282000: system.memobj: id 94061723128624
53282000: system.memobj: data_hex : B8802E590048C705 
53282000: system.memobj: data : 1011100010000000001011100101100100000000010010001100011100000101 
53282000: system.memobj: fix data : 1011100010000000001011100101100100000000010010001100011100000101 
53282000: system.memobj: -------------------------------------
53331000: system.memobj: mem->cpu Got response for addr 0x15f90 , 90000
53331000: system.memobj: size 0x8
53331000: system.memobj: id 94061723128336
53331000: system.memobj: data_hex : B8802E590048C705 
53331000: system.memobj: data : 1011100010000000001011100101100100000000010010001100011100000101 
53331000: system.memobj: fix data : 1011100010000000001011100101100100000000010010001100011100000101 
53331000: system.memobj: -------------------------------------
53380000: system.memobj: mem->cpu Got response for addr 0x15f98 , 90008
53380000: system.memobj: size 0x8
53380000: system.memobj: id 94061723128624
53380000: system.memobj: data_hex : E8CE170000000000 
53380000: system.memobj: data : 1110100011001110000101110000000000000000000000000000000000000000 
53380000: system.memobj: fix data : 1110100011001110000101110000000000000000000000000000000000000000 
53380000: system.memobj: -------------------------------------
53380000: system.memobj: cpu->mem Got request for addr 0x92e88 , 601736
53380000: system.memobj: size 0x8
53380000: system.memobj: id 94061723128912
53380000: system.memobj: data_hex : 0000000000000000 
53380000: system.memobj: data : 0000000000000000000000000000000000000000000000000000000000000000 
53380000: system.memobj: hamming code addr: 601736 
53380000: system.memobj: hamming code : 0 
53380000: system.memobj: hamming code addr: 601744 
53380000: system.memobj: hamming code : 0 
53380000: system.memobj: hamming code addr: 601752 
53380000: system.memobj: hamming code : 0 
53380000: system.memobj: hamming code addr: 601760 
53380000: system.memobj: hamming code : 0 
53380000: system.memobj: hamming code addr: 601768 
53380000: system.memobj: hamming code : 0 
53380000: system.memobj: hamming code addr: 601776 
53380000: system.memobj: hamming code : 0 
53380000: system.memobj: hamming code addr: 601784 
53380000: system.memobj: hamming code : 0 
53380000: system.memobj: hamming code addr: 601792 
53380000: system.memobj: hamming code : 0 
53380000: system.memobj: Enter Error Bit index: 3 
53380000: system.memobj: flip data : 0010000000000000000000000000000000000000000000000000000000000000 
53380000: system.memobj: -------------------------------------
53450000: system.memobj: mem->cpu Got response for addr 0x15fa0 , 90016
53450000: system.memobj: size 0x8
53450000: system.memobj: id 94061723128912
53450000: system.memobj: data_hex : 48C705D5CE170090 
53450000: system.memobj: data : 0100100011000111000001011101010111001110000101110000000010010000 
53450000: system.memobj: fix data : 0100100011000111000001011101010111001110000101110000000010010000 
53450000: system.memobj: -------------------------------------
53499000: system.memobj: mem->cpu Got response for addr 0x15fa8 , 90024
53499000: system.memobj: size 0x8
53499000: system.memobj: id 94061723128624
53499000: system.memobj: data_hex : 2E590048C7020100 
53499000: system.memobj: data : 0010111001011001000000000100100011000111000000100000000100000000 
53499000: system.memobj: fix data : 0010111001011001000000000100100011000111000000100000000100000000 
53499000: system.memobj: -------------------------------------
53499000: system.memobj: cpu->mem Got request for addr 0x92e80 , 601728
53499000: system.memobj: size 0x8
53499000: system.memobj: id 94061723129200
53499000: system.memobj: data_hex : 902E590000000000 
53499000: system.memobj: data : 1001000000101110010110010000000000000000000000000000000000000000 
53499000: system.memobj: hamming code addr: 601728 
53499000: system.memobj: hamming code : 4 
53499000: system.memobj: hamming code addr: 601736 
53499000: system.memobj: hamming code : 14 
53499000: system.memobj: hamming code addr: 601744 
53499000: system.memobj: hamming code : 7 
53499000: system.memobj: hamming code addr: 601752 
53499000: system.memobj: hamming code : 0 
53499000: system.memobj: hamming code addr: 601760 
53499000: system.memobj: hamming code : 0 
53499000: system.memobj: hamming code addr: 601768 
53499000: system.memobj: hamming code : 0 
53499000: system.memobj: hamming code addr: 601776 
53499000: system.memobj: hamming code : 0 
53499000: system.memobj: hamming code addr: 601784 
53499000: system.memobj: hamming code : 0 
53499000: system.memobj: Enter Error Bit index: 5 
53499000: system.memobj: flip data : 1001100000101110010110010000000000000000000000000000000000000000 
53499000: system.memobj: -------------------------------------
53569000: system.memobj: mem->cpu Got response for addr 0x15fa8 , 90024
53569000: system.memobj: size 0x8
53569000: system.memobj: id 94061723129200
53569000: system.memobj: data_hex : 2E590048C7020100 
53569000: system.memobj: data : 0010111001011001000000000100100011000111000000100000000100000000 
53569000: system.memobj: fix data : 0010111001011001000000000100100011000111000000100000000100000000 
53569000: system.memobj: -------------------------------------
53618000: system.memobj: mem->cpu Got response for addr 0x15fb0 , 90032
53618000: system.memobj: size 0x8
53618000: system.memobj: id 94061723128624
53618000: system.memobj: data_hex : 0000C39090909090 
53618000: system.memobj: data : 0000000000000000110000111001000010010000100100001001000010010000 
53618000: system.memobj: fix data : 0000000000000000110000111001000010010000100100001001000010010000 
53618000: system.memobj: -------------------------------------
53618000: system.memobj: cpu->mem Got request for addr 0x7fa38 , 522808
53618000: system.memobj: size 0x8
53618000: system.memobj: id 94061723129488
53618000: system.memobj: data_hex : 0100000000000000 
53618000: system.memobj: data : 0000000100000000000000000000000000000000000000000000000000000000 
53618000: system.memobj: hamming code addr: 522808 
53618000: system.memobj: hamming code : 12 
53618000: system.memobj: hamming code addr: 522816 
53618000: system.memobj: hamming code : 0 
53618000: system.memobj: hamming code addr: 522824 
53618000: system.memobj: hamming code : 0 
53618000: system.memobj: hamming code addr: 522832 
53618000: system.memobj: hamming code : 0 
53618000: system.memobj: hamming code addr: 522840 
53618000: system.memobj: hamming code : 0 
53618000: system.memobj: hamming code addr: 522848 
53618000: system.memobj: hamming code : 0 
53618000: system.memobj: hamming code addr: 522856 
53618000: system.memobj: hamming code : 0 
53618000: system.memobj: hamming code addr: 522864 
53618000: system.memobj: hamming code : 0 
53618000: system.memobj: Enter Error Bit index: 4 
53618000: system.memobj: flip data : 0001000100000000000000000000000000000000000000000000000000000000 
53618000: system.memobj: -------------------------------------
53688000: system.memobj: mem->cpu Got response for addr 0x15fb0 , 90032
53688000: system.memobj: size 0x8
53688000: system.memobj: id 94061723129488
53688000: system.memobj: data_hex : 0000C39090909090 
53688000: system.memobj: data : 0000000000000000110000111001000010010000100100001001000010010000 
53688000: system.memobj: fix data : 0000000000000000110000111001000010010000100100001001000010010000 
53688000: system.memobj: -------------------------------------
53765000: system.memobj: mem->cpu Got response for addr 0x94b08 , 609032
53765000: system.memobj: size 0x8
53765000: system.memobj: id 94061723128624
53765000: system.memobj: data_hex : 1C2D430000000000 
53765000: system.memobj: data : 0001110000101101010000110000000000000000000000000000000000000000 
53765000: system.memobj: hamming code addr: 609032 
53765000: system.memobj: hamming code out: 8 
53765000: system.memobj: find Error Bit index : 8 
53765000: system.memobj: hamming code addr: 609040 
53765000: system.memobj: hamming code out: 9 
53765000: system.memobj: hamming code addr: 609048 
53765000: system.memobj: hamming code out: 2 
53765000: system.memobj: hamming code addr: 609056 
53765000: system.memobj: hamming code out: 0 
53765000: system.memobj: hamming code addr: 609064 
53765000: system.memobj: hamming code out: 0 
53765000: system.memobj: hamming code addr: 609072 
53765000: system.memobj: hamming code out: 0 
53765000: system.memobj: hamming code addr: 609080 
53765000: system.memobj: hamming code out: 0 
53765000: system.memobj: hamming code addr: 609088 
53765000: system.memobj: hamming code out: 0 
53765000: system.memobj: fix data : 0001110100101101010000110000000000000000000000000000000000000000 
53765000: system.memobj: -------------------------------------
53814000: system.memobj: mem->cpu Got response for addr 0x32d18 , 208152
53814000: system.memobj: size 0x8
53814000: system.memobj: id 94061723128624
53814000: system.memobj: data_hex : E87332FEFFBF1800 
53814000: system.memobj: data : 1110100001110011001100101111111011111111101111110001100000000000 
53814000: system.memobj: fix data : 1110100001110011001100101111111011111111101111110001100000000000 
53814000: system.memobj: -------------------------------------
53863000: system.memobj: mem->cpu Got response for addr 0x32d20 , 208160
53863000: system.memobj: size 0x8
53863000: system.memobj: id 94061723129488
53863000: system.memobj: data_hex : 000048890507CD14 
53863000: system.memobj: data : 0000000000000000010010001000100100000101000001111100110100010100 
53863000: system.memobj: fix data : 0000000000000000010010001000100100000101000001111100110100010100 
53863000: system.memobj: -------------------------------------
53912000: system.memobj: mem->cpu Got response for addr 0x32d20 , 208160
53912000: system.memobj: size 0x8
53912000: system.memobj: id 94061723128624
53912000: system.memobj: data_hex : 000048890507CD14 
53912000: system.memobj: data : 0000000000000000010010001000100100000101000001111100110100010100 
53912000: system.memobj: fix data : 0000000000000000010010001000100100000101000001111100110100010100 
53912000: system.memobj: -------------------------------------
53961000: system.memobj: mem->cpu Got response for addr 0x32d28 , 208168
53961000: system.memobj: size 0x8
53961000: system.memobj: id 94061723129488
53961000: system.memobj: data_hex : 00E832CCFDFF4885 
53961000: system.memobj: data : 0000000011101000001100101100110011111101111111110100100010000101 
53961000: system.memobj: fix data : 0000000011101000001100101100110011111101111111110100100010000101 
53961000: system.memobj: -------------------------------------
53961000: system.memobj: cpu->mem Got request for addr 0x7fa30 , 522800
53961000: system.memobj: size 0x8
53961000: system.memobj: id 94061723129776
53961000: system.memobj: data_hex : 802E590000000000 
53961000: system.memobj: data : 1000000000101110010110010000000000000000000000000000000000000000 
53961000: system.memobj: hamming code addr: 522800 
53961000: system.memobj: hamming code : 3 
53961000: system.memobj: hamming code addr: 522808 
53961000: system.memobj: hamming code : 14 
53961000: system.memobj: hamming code addr: 522816 
53961000: system.memobj: hamming code : 7 
53961000: system.memobj: hamming code addr: 522824 
53961000: system.memobj: hamming code : 0 
53961000: system.memobj: hamming code addr: 522832 
53961000: system.memobj: hamming code : 0 
53961000: system.memobj: hamming code addr: 522840 
53961000: system.memobj: hamming code : 0 
53961000: system.memobj: hamming code addr: 522848 
53961000: system.memobj: hamming code : 0 
53961000: system.memobj: hamming code addr: 522856 
53961000: system.memobj: hamming code : 0 
53961000: system.memobj: Enter Error Bit index: 7 
53961000: system.memobj: flip data : 1000001000101110010110010000000000000000000000000000000000000000 
53961000: system.memobj: -------------------------------------
54031000: system.memobj: mem->cpu Got response for addr 0x32d28 , 208168
54031000: system.memobj: size 0x8
54031000: system.memobj: id 94061723129776
54031000: system.memobj: data_hex : 00E832CCFDFF4885 
54031000: system.memobj: data : 0000000011101000001100101100110011111101111111110100100010000101 
54031000: system.memobj: fix data : 0000000011101000001100101100110011111101111111110100100010000101 
54031000: system.memobj: -------------------------------------
54031000: system.memobj: cpu->mem Got request for addr 0x94b08 , 609032
54031000: system.memobj: size 0x8
54031000: system.memobj: id 94061723130064
54031000: system.memobj: data_hex : 2E2D430000000000 
54031000: system.memobj: data : 0010111000101101010000110000000000000000000000000000000000000000 
54031000: system.memobj: hamming code addr: 609032 
54031000: system.memobj: hamming code : 14 
54031000: system.memobj: hamming code addr: 609040 
54031000: system.memobj: hamming code : 9 
54031000: system.memobj: hamming code addr: 609048 
54031000: system.memobj: hamming code : 2 
54031000: system.memobj: hamming code addr: 609056 
54031000: system.memobj: hamming code : 0 
54031000: system.memobj: hamming code addr: 609064 
54031000: system.memobj: hamming code : 0 
54031000: system.memobj: hamming code addr: 609072 
54031000: system.memobj: hamming code : 0 
54031000: system.memobj: hamming code addr: 609080 
54031000: system.memobj: hamming code : 0 
54031000: system.memobj: hamming code addr: 609088 
54031000: system.memobj: hamming code : 0 
54031000: system.memobj: Enter Error Bit index: 8 
54031000: system.memobj: flip data : 0010111100101101010000110000000000000000000000000000000000000000 
54031000: system.memobj: -------------------------------------
54115000: system.memobj: mem->cpu Got response for addr 0xf960 , 63840
54115000: system.memobj: size 0x8
54115000: system.memobj: id 94061723130064
54115000: system.memobj: data_hex : 4C896424F048895C 
54115000: system.memobj: data : 0100110010001001011001000010010011110000010010001000100101011100 
54115000: system.memobj: fix data : 0100110010001001011001000010010011110000010010001000100101011100 
54115000: system.memobj: -------------------------------------
54115000: system.memobj: cpu->mem Got request for addr 0x94af8 , 609016
54115000: system.memobj: size 0x8
54115000: system.memobj: id 94061723130352
54115000: system.memobj: data_hex : 0100000000000000 
54115000: system.memobj: data : 0000000100000000000000000000000000000000000000000000000000000000 
54115000: system.memobj: hamming code addr: 609016 
54115000: system.memobj: hamming code : 12 
54115000: system.memobj: hamming code addr: 609024 
54115000: system.memobj: hamming code : 0 
54115000: system.memobj: hamming code addr: 609032 
54115000: system.memobj: hamming code : 0 
54115000: system.memobj: hamming code addr: 609040 
54115000: system.memobj: hamming code : 0 
54115000: system.memobj: hamming code addr: 609048 
54115000: system.memobj: hamming code : 0 
54115000: system.memobj: hamming code addr: 609056 
54115000: system.memobj: hamming code : 0 
54115000: system.memobj: hamming code addr: 609064 
54115000: system.memobj: hamming code : 0 
54115000: system.memobj: hamming code addr: 609072 
54115000: system.memobj: hamming code : 0 
54115000: system.memobj: Enter Error Bit index: 1 
54115000: system.memobj: flip data : 1000000100000000000000000000000000000000000000000000000000000000 
54115000: system.memobj: -------------------------------------
54185000: system.memobj: mem->cpu Got response for addr 0xf960 , 63840
54185000: system.memobj: size 0x8
54185000: system.memobj: id 94061723130352
54185000: system.memobj: data_hex : 4C896424F048895C 
54185000: system.memobj: data : 0100110010001001011001000010010011110000010010001000100101011100 
54185000: system.memobj: fix data : 0100110010001001011001000010010011110000010010001000100101011100 
54185000: system.memobj: -------------------------------------
54234000: system.memobj: mem->cpu Got response for addr 0xf968 , 63848
54234000: system.memobj: size 0x8
54234000: system.memobj: id 94061723130064
54234000: system.memobj: data_hex : 24E04989FC48896C 
54234000: system.memobj: data : 0010010011100000010010011000100111111100010010001000100101101100 
54234000: system.memobj: fix data : 0010010011100000010010011000100111111100010010001000100101101100 
54234000: system.memobj: -------------------------------------
54234000: system.memobj: cpu->mem Got request for addr 0x94ae8 , 609000
54234000: system.memobj: size 0x8
54234000: system.memobj: id 94061723130640
54234000: system.memobj: data_hex : 0717470000000000 
54234000: system.memobj: data : 0000011100010111010001110000000000000000000000000000000000000000 
54234000: system.memobj: hamming code addr: 609000 
54234000: system.memobj: hamming code : 13 
54234000: system.memobj: hamming code addr: 609008 
54234000: system.memobj: hamming code : 10 
54234000: system.memobj: hamming code addr: 609016 
54234000: system.memobj: hamming code : 8 
54234000: system.memobj: hamming code addr: 609024 
54234000: system.memobj: hamming code : 0 
54234000: system.memobj: hamming code addr: 609032 
54234000: system.memobj: hamming code : 0 
54234000: system.memobj: hamming code addr: 609040 
54234000: system.memobj: hamming code : 0 
54234000: system.memobj: hamming code addr: 609048 
54234000: system.memobj: hamming code : 0 
54234000: system.memobj: hamming code addr: 609056 
54234000: system.memobj: hamming code : 0 
54234000: system.memobj: Enter Error Bit index: 5 
54234000: system.memobj: flip data : 0000111100010111010001110000000000000000000000000000000000000000 
54234000: system.memobj: -------------------------------------
54304000: system.memobj: mem->cpu Got response for addr 0xf968 , 63848
54304000: system.memobj: size 0x8
54304000: system.memobj: id 94061723130640
54304000: system.memobj: data_hex : 24E04989FC48896C 
54304000: system.memobj: data : 0010010011100000010010011000100111111100010010001000100101101100 
54304000: system.memobj: fix data : 0010010011100000010010011000100111111100010010001000100101101100 
54304000: system.memobj: -------------------------------------
54353000: system.memobj: mem->cpu Got response for addr 0xf968 , 63848
54353000: system.memobj: size 0x8
54353000: system.memobj: id 94061723130064
54353000: system.memobj: data_hex : 24E04989FC48896C 
54353000: system.memobj: data : 0010010011100000010010011000100111111100010010001000100101101100 
54353000: system.memobj: fix data : 0010010011100000010010011000100111111100010010001000100101101100 
54353000: system.memobj: -------------------------------------
54402000: system.memobj: mem->cpu Got response for addr 0xf970 , 63856
54402000: system.memobj: size 0x8
54402000: system.memobj: id 94061723130640
54402000: system.memobj: data_hex : 24E84C896C24F848 
54402000: system.memobj: data : 0010010011101000010011001000100101101100001001001111100001001000 
54402000: system.memobj: fix data : 0010010011101000010011001000100101101100001001001111100001001000 
54402000: system.memobj: -------------------------------------
54402000: system.memobj: cpu->mem Got request for addr 0x94af0 , 609008
54402000: system.memobj: size 0x8
54402000: system.memobj: id 94061723130928
54402000: system.memobj: data_hex : 30EBFFFFFF7F0000 
54402000: system.memobj: data : 0011000011101011111111111111111111111111011111110000000000000000 
54402000: system.memobj: hamming code addr: 609008 
54402000: system.memobj: hamming code : 1 
54402000: system.memobj: hamming code addr: 609016 
54402000: system.memobj: hamming code : 14 
54402000: system.memobj: hamming code addr: 609024 
54402000: system.memobj: hamming code : 3 
54402000: system.memobj: hamming code addr: 609032 
54402000: system.memobj: hamming code : 3 
54402000: system.memobj: hamming code addr: 609040 
54402000: system.memobj: hamming code : 3 
54402000: system.memobj: hamming code addr: 609048 
54402000: system.memobj: hamming code : 0 
54402000: system.memobj: hamming code addr: 609056 
54402000: system.memobj: hamming code : 0 
54402000: system.memobj: hamming code addr: 609064 
54402000: system.memobj: hamming code : 0 
54402000: system.memobj: Enter Error Bit index: 3 
54402000: system.memobj: flip data : 0001000011101011111111111111111111111111011111110000000000000000 
54402000: system.memobj: -------------------------------------
54472000: system.memobj: mem->cpu Got response for addr 0xf970 , 63856
54472000: system.memobj: size 0x8
54472000: system.memobj: id 94061723130928
54472000: system.memobj: data_hex : 24E84C896C24F848 
54472000: system.memobj: data : 0010010011101000010011001000100101101100001001001111100001001000 
54472000: system.memobj: fix data : 0010010011101000010011001000100101101100001001001111100001001000 
54472000: system.memobj: -------------------------------------
54472000: system.memobj: cpu->mem Got request for addr 0x94b00 , 609024
54472000: system.memobj: size 0x8
54472000: system.memobj: id 94061723131216
54472000: system.memobj: data_hex : 0000000000000000 
54472000: system.memobj: data : 0000000000000000000000000000000000000000000000000000000000000000 
54472000: system.memobj: hamming code addr: 609024 
54472000: system.memobj: hamming code : 0 
54472000: system.memobj: hamming code addr: 609032 
54472000: system.memobj: hamming code : 0 
54472000: system.memobj: hamming code addr: 609040 
54472000: system.memobj: hamming code : 0 
54472000: system.memobj: hamming code addr: 609048 
54472000: system.memobj: hamming code : 0 
54472000: system.memobj: hamming code addr: 609056 
54472000: system.memobj: hamming code : 0 
54472000: system.memobj: hamming code addr: 609064 
54472000: system.memobj: hamming code : 0 
54472000: system.memobj: hamming code addr: 609072 
54472000: system.memobj: hamming code : 0 
54472000: system.memobj: hamming code addr: 609080 
54472000: system.memobj: hamming code : 0 
54472000: system.memobj: Enter Error Bit index: 5 
54472000: system.memobj: flip data : 0000100000000000000000000000000000000000000000000000000000000000 
54472000: system.memobj: -------------------------------------
54542000: system.memobj: mem->cpu Got response for addr 0xf970 , 63856
54542000: system.memobj: size 0x8
54542000: system.memobj: id 94061723131216
54542000: system.memobj: data_hex : 24E84C896C24F848 
54542000: system.memobj: data : 0010010011101000010011001000100101101100001001001111100001001000 
54542000: system.memobj: fix data : 0010010011101000010011001000100101101100001001001111100001001000 
54542000: system.memobj: -------------------------------------
54840000: system.memobj: mem->cpu Got response for addr 0xf978 , 63864
54840000: system.memobj: size 0x8
54840000: system.memobj: id 94061723130928
54840000: system.memobj: data_hex : 83EC28488B05760D 
54840000: system.memobj: data : 1000001111101100001010000100100010001011000001010111011000001101 
54840000: system.memobj: fix data : 1000001111101100001010000100100010001011000001010111011000001101 
54840000: system.memobj: -------------------------------------
54889000: system.memobj: mem->cpu Got response for addr 0xf978 , 63864
54889000: system.memobj: size 0x8
54889000: system.memobj: id 94061723131216
54889000: system.memobj: data_hex : 83EC28488B05760D 
54889000: system.memobj: data : 1000001111101100001010000100100010001011000001010111011000001101 
54889000: system.memobj: fix data : 1000001111101100001010000100100010001011000001010111011000001101 
54889000: system.memobj: -------------------------------------
54938000: system.memobj: mem->cpu Got response for addr 0xf980 , 63872
54938000: system.memobj: size 0x8
54938000: system.memobj: id 94061723130928
54938000: system.memobj: data_hex : 17004885C0742948 
54938000: system.memobj: data : 0001011100000000010010001000010111000000011101000010100101001000 
54938000: system.memobj: fix data : 0001011100000000010010001000010111000000011101000010100101001000 
54938000: system.memobj: -------------------------------------
55001000: system.memobj: mem->cpu Got response for addr 0x806f8 , 526072
55001000: system.memobj: size 0x8
55001000: system.memobj: id 94061723131504
55001000: system.memobj: data_hex : E005410000000000 
55001000: system.memobj: data : 1110000000000101010000010000000000000000000000000000000000000000 
55001000: system.memobj: fix data : 1110000000000101010000010000000000000000000000000000000000000000 
55001000: system.memobj: -------------------------------------
55050000: system.memobj: mem->cpu Got response for addr 0xf980 , 63872
55050000: system.memobj: size 0x8
55050000: system.memobj: id 94061723131504
55050000: system.memobj: data_hex : 17004885C0742948 
55050000: system.memobj: data : 0001011100000000010010001000010111000000011101000010100101001000 
55050000: system.memobj: fix data : 0001011100000000010010001000010111000000011101000010100101001000 
55050000: system.memobj: -------------------------------------
55099000: system.memobj: mem->cpu Got response for addr 0xf980 , 63872
55099000: system.memobj: size 0x8
55099000: system.memobj: id 94061723130928
55099000: system.memobj: data_hex : 17004885C0742948 
55099000: system.memobj: data : 0001011100000000010010001000010111000000011101000010100101001000 
55099000: system.memobj: fix data : 0001011100000000010010001000010111000000011101000010100101001000 
55099000: system.memobj: -------------------------------------
55148000: system.memobj: mem->cpu Got response for addr 0xf980 , 63872
55148000: system.memobj: size 0x8
55148000: system.memobj: id 94061723131504
55148000: system.memobj: data_hex : 17004885C0742948 
55148000: system.memobj: data : 0001011100000000010010001000010111000000011101000010100101001000 
55148000: system.memobj: fix data : 0001011100000000010010001000010111000000011101000010100101001000 
55148000: system.memobj: -------------------------------------
55197000: system.memobj: mem->cpu Got response for addr 0xf988 , 63880
55197000: system.memobj: size 0x8
55197000: system.memobj: id 94061723130928
55197000: system.memobj: data_hex : 8B742428488B5C24 
55197000: system.memobj: data : 1000101101110100001001000010100001001000100010110101110000100100 
55197000: system.memobj: fix data : 1000101101110100001001000010100001001000100010110101110000100100 
55197000: system.memobj: -------------------------------------
55260000: system.memobj: mem->cpu Got response for addr 0x94b08 , 609032
55260000: system.memobj: size 0x8
55260000: system.memobj: id 94061723688976
55260000: system.memobj: data_hex : 2F2D430000000000 
55260000: system.memobj: data : 0010111100101101010000110000000000000000000000000000000000000000 
55260000: system.memobj: hamming code addr: 609032 
55260000: system.memobj: hamming code out: 14 
55260000: system.memobj: find Error Bit index : 8 
55260000: system.memobj: hamming code addr: 609040 
55260000: system.memobj: hamming code out: 9 
55260000: system.memobj: hamming code addr: 609048 
55260000: system.memobj: hamming code out: 2 
55260000: system.memobj: hamming code addr: 609056 
55260000: system.memobj: hamming code out: 0 
55260000: system.memobj: hamming code addr: 609064 
55260000: system.memobj: hamming code out: 0 
55260000: system.memobj: hamming code addr: 609072 
55260000: system.memobj: hamming code out: 0 
55260000: system.memobj: hamming code addr: 609080 
55260000: system.memobj: hamming code out: 0 
55260000: system.memobj: hamming code addr: 609088 
55260000: system.memobj: hamming code out: 0 
55260000: system.memobj: fix data : 0010111000101101010000110000000000000000000000000000000000000000 
55260000: system.memobj: -------------------------------------
55309000: system.memobj: mem->cpu Got response for addr 0xf988 , 63880
55309000: system.memobj: size 0x8
55309000: system.memobj: id 94061723688976
55309000: system.memobj: data_hex : 8B742428488B5C24 
55309000: system.memobj: data : 1000101101110100001001000010100001001000100010110101110000100100 
55309000: system.memobj: fix data : 1000101101110100001001000010100001001000100010110101110000100100 
55309000: system.memobj: -------------------------------------
55358000: system.memobj: mem->cpu Got response for addr 0xf990 , 63888
55358000: system.memobj: size 0x8
55358000: system.memobj: id 94061723130928
55358000: system.memobj: data_hex : 084989C3488B6C24 
55358000: system.memobj: data : 0000100001001001100010011100001101001000100010110110110000100100 
55358000: system.memobj: fix data : 0000100001001001100010011100001101001000100010110110110000100100 
55358000: system.memobj: -------------------------------------
55407000: system.memobj: mem->cpu Got response for addr 0x94ae8 , 609000
55407000: system.memobj: size 0x8
55407000: system.memobj: id 94061723688976
55407000: system.memobj: data_hex : 0F17470000000000 
55407000: system.memobj: data : 0000111100010111010001110000000000000000000000000000000000000000 
55407000: system.memobj: hamming code addr: 609000 
55407000: system.memobj: hamming code out: 13 
55407000: system.memobj: find Error Bit index : 5 
55407000: system.memobj: hamming code addr: 609008 
55407000: system.memobj: hamming code out: 10 
55407000: system.memobj: hamming code addr: 609016 
55407000: system.memobj: hamming code out: 8 
55407000: system.memobj: hamming code addr: 609024 
55407000: system.memobj: hamming code out: 0 
55407000: system.memobj: hamming code addr: 609032 
55407000: system.memobj: hamming code out: 0 
55407000: system.memobj: hamming code addr: 609040 
55407000: system.memobj: hamming code out: 0 
55407000: system.memobj: hamming code addr: 609048 
55407000: system.memobj: hamming code out: 0 
55407000: system.memobj: hamming code addr: 609056 
55407000: system.memobj: hamming code out: 0 
55407000: system.memobj: fix data : 0000011100010111010001110000000000000000000000000000000000000000 
55407000: system.memobj: -------------------------------------
55456000: system.memobj: mem->cpu Got response for addr 0xf990 , 63888
55456000: system.memobj: size 0x8
55456000: system.memobj: id 94061723688976
55456000: system.memobj: data_hex : 084989C3488B6C24 
55456000: system.memobj: data : 0000100001001001100010011100001101001000100010110110110000100100 
55456000: system.memobj: fix data : 0000100001001001100010011100001101001000100010110110110000100100 
55456000: system.memobj: -------------------------------------
55505000: system.memobj: mem->cpu Got response for addr 0xf990 , 63888
55505000: system.memobj: size 0x8
55505000: system.memobj: id 94061723130928
55505000: system.memobj: data_hex : 084989C3488B6C24 
55505000: system.memobj: data : 0000100001001001100010011100001101001000100010110110110000100100 
55505000: system.memobj: fix data : 0000100001001001100010011100001101001000100010110110110000100100 
55505000: system.memobj: -------------------------------------
55554000: system.memobj: mem->cpu Got response for addr 0xf998 , 63896
55554000: system.memobj: size 0x8
55554000: system.memobj: id 94061723688976
55554000: system.memobj: data_hex : 104C8B6424184C8B 
55554000: system.memobj: data : 0001000001001100100010110110010000100100000110000100110010001011 
55554000: system.memobj: fix data : 0001000001001100100010110110010000100100000110000100110010001011 
55554000: system.memobj: -------------------------------------
55603000: system.memobj: mem->cpu Got response for addr 0x94af0 , 609008
55603000: system.memobj: size 0x8
55603000: system.memobj: id 94061723130928
55603000: system.memobj: data_hex : 10EBFFFFFF7F0000 
55603000: system.memobj: data : 0001000011101011111111111111111111111111011111110000000000000000 
55603000: system.memobj: hamming code addr: 609008 
55603000: system.memobj: hamming code out: 1 
55603000: system.memobj: find Error Bit index : 3 
55603000: system.memobj: hamming code addr: 609016 
55603000: system.memobj: hamming code out: 14 
55603000: system.memobj: hamming code addr: 609024 
55603000: system.memobj: hamming code out: 3 
55603000: system.memobj: hamming code addr: 609032 
55603000: system.memobj: hamming code out: 3 
55603000: system.memobj: hamming code addr: 609040 
55603000: system.memobj: hamming code out: 3 
55603000: system.memobj: hamming code addr: 609048 
55603000: system.memobj: hamming code out: 0 
55603000: system.memobj: hamming code addr: 609056 
55603000: system.memobj: hamming code out: 0 
55603000: system.memobj: hamming code addr: 609064 
55603000: system.memobj: hamming code out: 0 
55603000: system.memobj: fix data : 0011000011101011111111111111111111111111011111110000000000000000 
55603000: system.memobj: -------------------------------------
55652000: system.memobj: mem->cpu Got response for addr 0xf998 , 63896
55652000: system.memobj: size 0x8
55652000: system.memobj: id 94061723130928
55652000: system.memobj: data_hex : 104C8B6424184C8B 
55652000: system.memobj: data : 0001000001001100100010110110010000100100000110000100110010001011 
55652000: system.memobj: fix data : 0001000001001100100010110110010000100100000110000100110010001011 
55652000: system.memobj: -------------------------------------
55672000: system.memobj: mem->cpu Got response for addr 0x94af8 , 609016
55672000: system.memobj: size 0x8
55672000: system.memobj: id 94061723689264
55672000: system.memobj: data_hex : 8100000000000000 
55672000: system.memobj: data : 1000000100000000000000000000000000000000000000000000000000000000 
55672000: system.memobj: hamming code addr: 609016 
55672000: system.memobj: hamming code out: 12 
55672000: system.memobj: find Error Bit index : 1 
55672000: system.memobj: hamming code addr: 609024 
55672000: system.memobj: hamming code out: 0 
55672000: system.memobj: hamming code addr: 609032 
55672000: system.memobj: hamming code out: 0 
55672000: system.memobj: hamming code addr: 609040 
55672000: system.memobj: hamming code out: 0 
55672000: system.memobj: hamming code addr: 609048 
55672000: system.memobj: hamming code out: 0 
55672000: system.memobj: hamming code addr: 609056 
55672000: system.memobj: hamming code out: 0 
55672000: system.memobj: hamming code addr: 609064 
55672000: system.memobj: hamming code out: 0 
55672000: system.memobj: hamming code addr: 609072 
55672000: system.memobj: hamming code out: 0 
55672000: system.memobj: fix data : 0000000100000000000000000000000000000000000000000000000000000000 
55672000: system.memobj: -------------------------------------
55721000: system.memobj: mem->cpu Got response for addr 0xf998 , 63896
55721000: system.memobj: size 0x8
55721000: system.memobj: id 94061723689264
55721000: system.memobj: data_hex : 104C8B6424184C8B 
55721000: system.memobj: data : 0001000001001100100010110110010000100100000110000100110010001011 
55721000: system.memobj: fix data : 0001000001001100100010110110010000100100000110000100110010001011 
55721000: system.memobj: -------------------------------------
55770000: system.memobj: mem->cpu Got response for addr 0xf9a0 , 63904
55770000: system.memobj: size 0x8
55770000: system.memobj: id 94061723130928
55770000: system.memobj: data_hex : 6C24204883C42841 
55770000: system.memobj: data : 0110110000100100001000000100100010000011110001000010100001000001 
55770000: system.memobj: fix data : 0110110000100100001000000100100010000011110001000010100001000001 
55770000: system.memobj: -------------------------------------
55819000: system.memobj: mem->cpu Got response for addr 0x94b00 , 609024
55819000: system.memobj: size 0x8
55819000: system.memobj: id 94061723689552
55819000: system.memobj: data_hex : 0800000000000000 
55819000: system.memobj: data : 0000100000000000000000000000000000000000000000000000000000000000 
55819000: system.memobj: hamming code addr: 609024 
55819000: system.memobj: hamming code out: 0 
55819000: system.memobj: find Error Bit index : 5 
55819000: system.memobj: hamming code addr: 609032 
55819000: system.memobj: hamming code out: 0 
55819000: system.memobj: hamming code addr: 609040 
55819000: system.memobj: hamming code out: 0 
55819000: system.memobj: hamming code addr: 609048 
55819000: system.memobj: hamming code out: 0 
55819000: system.memobj: hamming code addr: 609056 
55819000: system.memobj: hamming code out: 0 
55819000: system.memobj: hamming code addr: 609064 
55819000: system.memobj: hamming code out: 0 
55819000: system.memobj: hamming code addr: 609072 
55819000: system.memobj: hamming code out: 0 
55819000: system.memobj: hamming code addr: 609080 
55819000: system.memobj: hamming code out: 0 
55819000: system.memobj: fix data : 0000000000000000000000000000000000000000000000000000000000000000 
55819000: system.memobj: -------------------------------------
55868000: system.memobj: mem->cpu Got response for addr 0xf9a0 , 63904
55868000: system.memobj: size 0x8
55868000: system.memobj: id 94061723689552
55868000: system.memobj: data_hex : 6C24204883C42841 
55868000: system.memobj: data : 0110110000100100001000000100100010000011110001000010100001000001 
55868000: system.memobj: fix data : 0110110000100100001000000100100010000011110001000010100001000001 
55868000: system.memobj: -------------------------------------
55931000: system.memobj: mem->cpu Got response for addr 0xf9a0 , 63904
55931000: system.memobj: size 0x8
55931000: system.memobj: id 94061723130928
55931000: system.memobj: data_hex : 6C24204883C42841 
55931000: system.memobj: data : 0110110000100100001000000100100010000011110001000010100001000001 
55931000: system.memobj: fix data : 0110110000100100001000000100100010000011110001000010100001000001 
55931000: system.memobj: -------------------------------------
55980000: system.memobj: mem->cpu Got response for addr 0xf9a8 , 63912
55980000: system.memobj: size 0x8
55980000: system.memobj: id 94061723689552
55980000: system.memobj: data_hex : FFE3666690666690 
55980000: system.memobj: data : 1111111111100011011001100110011010010000011001100110011010010000 
55980000: system.memobj: fix data : 1111111111100011011001100110011010010000011001100110011010010000 
55980000: system.memobj: -------------------------------------
56043000: system.memobj: mem->cpu Got response for addr 0x105e0 , 67040
56043000: system.memobj: size 0x8
56043000: system.memobj: id 94061723130928
56043000: system.memobj: data_hex : 534889FB48C70509 
56043000: system.memobj: data : 0101001101001000100010011111101101001000110001110000010100001001 
56043000: system.memobj: fix data : 0101001101001000100010011111101101001000110001110000010100001001 
56043000: system.memobj: -------------------------------------
56043000: system.memobj: cpu->mem Got request for addr 0x94b00 , 609024
56043000: system.memobj: size 0x8
56043000: system.memobj: id 94061723689552
56043000: system.memobj: data_hex : 0717470000000000 
56043000: system.memobj: data : 0000011100010111010001110000000000000000000000000000000000000000 
56043000: system.memobj: hamming code addr: 609024 
56043000: system.memobj: hamming code : 13 
56043000: system.memobj: hamming code addr: 609032 
56043000: system.memobj: hamming code : 10 
56043000: system.memobj: hamming code addr: 609040 
56043000: system.memobj: hamming code : 8 
56043000: system.memobj: hamming code addr: 609048 
56043000: system.memobj: hamming code : 0 
56043000: system.memobj: hamming code addr: 609056 
56043000: system.memobj: hamming code : 0 
56043000: system.memobj: hamming code addr: 609064 
56043000: system.memobj: hamming code : 0 
56043000: system.memobj: hamming code addr: 609072 
56043000: system.memobj: hamming code : 0 
56043000: system.memobj: hamming code addr: 609080 
56043000: system.memobj: hamming code : 0 
56043000: system.memobj: Enter Error Bit index: 1 
56043000: system.memobj: flip data : 1000011100010111010001110000000000000000000000000000000000000000 
56043000: system.memobj: -------------------------------------
56113000: system.memobj: mem->cpu Got response for addr 0x105e0 , 67040
56113000: system.memobj: size 0x8
56113000: system.memobj: id 94061723689552
56113000: system.memobj: data_hex : 534889FB48C70509 
56113000: system.memobj: data : 0101001101001000100010011111101101001000110001110000010100001001 
56113000: system.memobj: fix data : 0101001101001000100010011111101101001000110001110000010100001001 
56113000: system.memobj: -------------------------------------
56162000: system.memobj: mem->cpu Got response for addr 0x105e0 , 67040
56162000: system.memobj: size 0x8
56162000: system.memobj: id 94061723130928
56162000: system.memobj: data_hex : 534889FB48C70509 
56162000: system.memobj: data : 0101001101001000100010011111101101001000110001110000010100001001 
56162000: system.memobj: fix data : 0101001101001000100010011111101101001000110001110000010100001001 
56162000: system.memobj: -------------------------------------
56211000: system.memobj: mem->cpu Got response for addr 0x105e8 , 67048
56211000: system.memobj: size 0x8
56211000: system.memobj: id 94061723689552
56211000: system.memobj: data_hex : 01170000000000E8 
56211000: system.memobj: data : 0000000100010111000000000000000000000000000000000000000011101000 
56211000: system.memobj: fix data : 0000000100010111000000000000000000000000000000000000000011101000 
56211000: system.memobj: -------------------------------------
56211000: system.memobj: cpu->mem Got request for addr 0x806f8 , 526072
56211000: system.memobj: size 0x8
56211000: system.memobj: id 94061723689840
56211000: system.memobj: data_hex : 0000000000000000 
56211000: system.memobj: data : 0000000000000000000000000000000000000000000000000000000000000000 
56211000: system.memobj: hamming code addr: 526072 
56211000: system.memobj: hamming code : 0 
56211000: system.memobj: hamming code addr: 526080 
56211000: system.memobj: hamming code : 0 
56211000: system.memobj: hamming code addr: 526088 
56211000: system.memobj: hamming code : 0 
56211000: system.memobj: hamming code addr: 526096 
56211000: system.memobj: hamming code : 0 
56211000: system.memobj: hamming code addr: 526104 
56211000: system.memobj: hamming code : 0 
56211000: system.memobj: hamming code addr: 526112 
56211000: system.memobj: hamming code : 0 
56211000: system.memobj: hamming code addr: 526120 
56211000: system.memobj: hamming code : 0 
56211000: system.memobj: hamming code addr: 526128 
56211000: system.memobj: hamming code : 0 
56211000: system.memobj: Enter Error Bit index: 4 
56211000: system.memobj: flip data : 0001000000000000000000000000000000000000000000000000000000000000 
56211000: system.memobj: -------------------------------------
56281000: system.memobj: mem->cpu Got response for addr 0x105e8 , 67048
56281000: system.memobj: size 0x8
56281000: system.memobj: id 94061723689840
56281000: system.memobj: data_hex : 01170000000000E8 
56281000: system.memobj: data : 0000000100010111000000000000000000000000000000000000000011101000 
56281000: system.memobj: fix data : 0000000100010111000000000000000000000000000000000000000011101000 
56281000: system.memobj: -------------------------------------
56330000: system.memobj: mem->cpu Got response for addr 0x105f0 , 67056
56330000: system.memobj: size 0x8
56330000: system.memobj: id 94061723689552
56330000: system.memobj: data_hex : ACFCFFFF4889DF5B 
56330000: system.memobj: data : 1010110011111100111111111111111101001000100010011101111101011011 
56330000: system.memobj: fix data : 1010110011111100111111111111111101001000100010011101111101011011 
56330000: system.memobj: -------------------------------------
56330000: system.memobj: cpu->mem Got request for addr 0x94af8 , 609016
56330000: system.memobj: size 0x8
56330000: system.memobj: id 94061723690128
56330000: system.memobj: data_hex : F405410000000000 
56330000: system.memobj: data : 1111010000000101010000010000000000000000000000000000000000000000 
56330000: system.memobj: hamming code addr: 609016 
56330000: system.memobj: hamming code : 13 
56330000: system.memobj: hamming code addr: 609024 
56330000: system.memobj: hamming code : 6 
56330000: system.memobj: hamming code addr: 609032 
56330000: system.memobj: hamming code : 9 
56330000: system.memobj: hamming code addr: 609040 
56330000: system.memobj: hamming code : 0 
56330000: system.memobj: hamming code addr: 609048 
56330000: system.memobj: hamming code : 0 
56330000: system.memobj: hamming code addr: 609056 
56330000: system.memobj: hamming code : 0 
56330000: system.memobj: hamming code addr: 609064 
56330000: system.memobj: hamming code : 0 
56330000: system.memobj: hamming code addr: 609072 
56330000: system.memobj: hamming code : 0 
56330000: system.memobj: Enter Error Bit index: 4 
56330000: system.memobj: flip data : 1110010000000101010000010000000000000000000000000000000000000000 
56330000: system.memobj: -------------------------------------
56400000: system.memobj: mem->cpu Got response for addr 0x102a0 , 66208
56400000: system.memobj: size 0x8
56400000: system.memobj: id 94061723690128
56400000: system.memobj: data_hex : 48895C24E848896C 
56400000: system.memobj: data : 0100100010001001010111000010010011101000010010001000100101101100 
56400000: system.memobj: fix data : 0100100010001001010111000010010011101000010010001000100101101100 
56400000: system.memobj: -------------------------------------
56400000: system.memobj: cpu->mem Got request for addr 0x94ae0 , 608992
56400000: system.memobj: size 0x8
56400000: system.memobj: id 94061723689552
56400000: system.memobj: data_hex : 1800000000000000 
56400000: system.memobj: data : 0001100000000000000000000000000000000000000000000000000000000000 
56400000: system.memobj: hamming code addr: 608992 
56400000: system.memobj: hamming code : 14 
56400000: system.memobj: hamming code addr: 609000 
56400000: system.memobj: hamming code : 0 
56400000: system.memobj: hamming code addr: 609008 
56400000: system.memobj: hamming code : 0 
56400000: system.memobj: hamming code addr: 609016 
56400000: system.memobj: hamming code : 0 
56400000: system.memobj: hamming code addr: 609024 
56400000: system.memobj: hamming code : 0 
56400000: system.memobj: hamming code addr: 609032 
56400000: system.memobj: hamming code : 0 
56400000: system.memobj: hamming code addr: 609040 
56400000: system.memobj: hamming code : 0 
56400000: system.memobj: hamming code addr: 609048 
56400000: system.memobj: hamming code : 0 
56400000: system.memobj: Enter Error Bit index: 3 
56400000: system.memobj: flip data : 0011100000000000000000000000000000000000000000000000000000000000 
56400000: system.memobj: -------------------------------------
56470000: system.memobj: mem->cpu Got response for addr 0x102a0 , 66208
56470000: system.memobj: size 0x8
56470000: system.memobj: id 94061723689552
56470000: system.memobj: data_hex : 48895C24E848896C 
56470000: system.memobj: data : 0100100010001001010111000010010011101000010010001000100101101100 
56470000: system.memobj: fix data : 0100100010001001010111000010010011101000010010001000100101101100 
56470000: system.memobj: -------------------------------------
56519000: system.memobj: mem->cpu Got response for addr 0x102a8 , 66216
56519000: system.memobj: size 0x8
56519000: system.memobj: id 94061723690128
56519000: system.memobj: data_hex : 24F04C896424F848 
56519000: system.memobj: data : 0010010011110000010011001000100101100100001001001111100001001000 
56519000: system.memobj: fix data : 0010010011110000010011001000100101100100001001001111100001001000 
56519000: system.memobj: -------------------------------------
56519000: system.memobj: cpu->mem Got request for addr 0x94ae8 , 609000
56519000: system.memobj: size 0x8
56519000: system.memobj: id 94061723689552
56519000: system.memobj: data_hex : 30EBFFFFFF7F0000 
56519000: system.memobj: data : 0011000011101011111111111111111111111111011111110000000000000000 
56519000: system.memobj: hamming code addr: 609000 
56519000: system.memobj: hamming code : 1 
56519000: system.memobj: hamming code addr: 609008 
56519000: system.memobj: hamming code : 14 
56519000: system.memobj: hamming code addr: 609016 
56519000: system.memobj: hamming code : 3 
56519000: system.memobj: hamming code addr: 609024 
56519000: system.memobj: hamming code : 3 
56519000: system.memobj: hamming code addr: 609032 
56519000: system.memobj: hamming code : 3 
56519000: system.memobj: hamming code addr: 609040 
56519000: system.memobj: hamming code : 0 
56519000: system.memobj: hamming code addr: 609048 
56519000: system.memobj: hamming code : 0 
56519000: system.memobj: hamming code addr: 609056 
56519000: system.memobj: hamming code : 0 
56519000: system.memobj: Enter Error Bit index: 8 
56519000: system.memobj: flip data : 0011000111101011111111111111111111111111011111110000000000000000 
56519000: system.memobj: -------------------------------------
56589000: system.memobj: mem->cpu Got response for addr 0x102a8 , 66216
56589000: system.memobj: size 0x8
56589000: system.memobj: id 94061723689552
56589000: system.memobj: data_hex : 24F04C896424F848 
56589000: system.memobj: data : 0010010011110000010011001000100101100100001001001111100001001000 
56589000: system.memobj: fix data : 0010010011110000010011001000100101100100001001001111100001001000 
56589000: system.memobj: -------------------------------------
56589000: system.memobj: cpu->mem Got request for addr 0x94af0 , 609008
56589000: system.memobj: size 0x8
56589000: system.memobj: id 94061723690128
56589000: system.memobj: data_hex : 0100000000000000 
56589000: system.memobj: data : 0000000100000000000000000000000000000000000000000000000000000000 
56589000: system.memobj: hamming code addr: 609008 
56589000: system.memobj: hamming code : 12 
56589000: system.memobj: hamming code addr: 609016 
56589000: system.memobj: hamming code : 0 
56589000: system.memobj: hamming code addr: 609024 
56589000: system.memobj: hamming code : 0 
56589000: system.memobj: hamming code addr: 609032 
56589000: system.memobj: hamming code : 0 
56589000: system.memobj: hamming code addr: 609040 
56589000: system.memobj: hamming code : 0 
56589000: system.memobj: hamming code addr: 609048 
56589000: system.memobj: hamming code : 0 
56589000: system.memobj: hamming code addr: 609056 
56589000: system.memobj: hamming code : 0 
56589000: system.memobj: hamming code addr: 609064 
56589000: system.memobj: hamming code : 0 
56589000: system.memobj: Enter Error Bit index: 5 
56589000: system.memobj: flip data : 0000100100000000000000000000000000000000000000000000000000000000 
56589000: system.memobj: -------------------------------------
56659000: system.memobj: mem->cpu Got response for addr 0x102a8 , 66216
56659000: system.memobj: size 0x8
56659000: system.memobj: id 94061723690128
56659000: system.memobj: data_hex : 24F04C896424F848 
56659000: system.memobj: data : 0010010011110000010011001000100101100100001001001111100001001000 
56659000: system.memobj: fix data : 0010010011110000010011001000100101100100001001001111100001001000 
56659000: system.memobj: -------------------------------------
56708000: system.memobj: mem->cpu Got response for addr 0x102b0 , 66224
56708000: system.memobj: size 0x8
56708000: system.memobj: id 94061723689552
56708000: system.memobj: data_hex : 83EC288B05270417 
56708000: system.memobj: data : 1000001111101100001010001000101100000101001001110000010000010111 
56708000: system.memobj: fix data : 1000001111101100001010001000101100000101001001110000010000010111 
56708000: system.memobj: -------------------------------------
56757000: system.memobj: mem->cpu Got response for addr 0x102b0 , 66224
56757000: system.memobj: size 0x8
56757000: system.memobj: id 94061723690128
56757000: system.memobj: data_hex : 83EC288B05270417 
56757000: system.memobj: data : 1000001111101100001010001000101100000101001001110000010000010111 
56757000: system.memobj: fix data : 1000001111101100001010001000101100000101001001110000010000010111 
56757000: system.memobj: -------------------------------------
56806000: system.memobj: mem->cpu Got response for addr 0x102b8 , 66232
56806000: system.memobj: size 0x8
56806000: system.memobj: id 94061723689552
56806000: system.memobj: data_hex : 0085C07814488B5C 
56806000: system.memobj: data : 0000000010000101110000000111100000010100010010001000101101011100 
56806000: system.memobj: fix data : 0000000010000101110000000111100000010100010010001000101101011100 
56806000: system.memobj: -------------------------------------
56855000: system.memobj: mem->cpu Got response for addr 0x806e0 , 526048
56855000: system.memobj: size 0x4
56855000: system.memobj: id 94061723690416
56855000: system.memobj: data_hex : FFFFFFFF 
56855000: system.memobj: data : 11111111111111111111111111111111 
56855000: system.memobj: fix data : 11111111111111111111111111111111 
56855000: system.memobj: -------------------------------------
56904000: system.memobj: mem->cpu Got response for addr 0x102b8 , 66232
56904000: system.memobj: size 0x8
56904000: system.memobj: id 94061723690416
56904000: system.memobj: data_hex : 0085C07814488B5C 
56904000: system.memobj: data : 0000000010000101110000000111100000010100010010001000101101011100 
56904000: system.memobj: fix data : 0000000010000101110000000111100000010100010010001000101101011100 
56904000: system.memobj: -------------------------------------
56953000: system.memobj: mem->cpu Got response for addr 0x102b8 , 66232
56953000: system.memobj: size 0x8
56953000: system.memobj: id 94061723689552
56953000: system.memobj: data_hex : 0085C07814488B5C 
56953000: system.memobj: data : 0000000010000101110000000111100000010100010010001000101101011100 
56953000: system.memobj: fix data : 0000000010000101110000000111100000010100010010001000101101011100 
56953000: system.memobj: -------------------------------------
57016000: system.memobj: mem->cpu Got response for addr 0x102d0 , 66256
57016000: system.memobj: size 0x8
57016000: system.memobj: id 94061723690416
57016000: system.memobj: data_hex : C3BB00000000C705 
57016000: system.memobj: data : 1100001110111011000000000000000000000000000000001100011100000101 
57016000: system.memobj: fix data : 1100001110111011000000000000000000000000000000001100011100000101 
57016000: system.memobj: -------------------------------------
57065000: system.memobj: mem->cpu Got response for addr 0x102d0 , 66256
57065000: system.memobj: size 0x8
57065000: system.memobj: id 94061723689552
57065000: system.memobj: data_hex : C3BB00000000C705 
57065000: system.memobj: data : 1100001110111011000000000000000000000000000000001100011100000101 
57065000: system.memobj: fix data : 1100001110111011000000000000000000000000000000001100011100000101 
57065000: system.memobj: -------------------------------------
57114000: system.memobj: mem->cpu Got response for addr 0x102d8 , 66264
57114000: system.memobj: size 0x8
57114000: system.memobj: id 94061723690416
57114000: system.memobj: data_hex : 0004170000000000 
57114000: system.memobj: data : 0000000000000100000101110000000000000000000000000000000000000000 
57114000: system.memobj: fix data : 0000000000000100000101110000000000000000000000000000000000000000 
57114000: system.memobj: -------------------------------------
57114000: system.memobj: cpu->mem Got request for addr 0x806e0 , 526048
57114000: system.memobj: size 0x4
57114000: system.memobj: id 94061723690704
57114000: system.memobj: data_hex : 00000000 
57114000: system.memobj: data : 00000000000000000000000000000000 
57114000: system.memobj: hamming code addr: 526048 
57114000: system.memobj: hamming code : 0 
57114000: system.memobj: hamming code addr: 526056 
57114000: system.memobj: hamming code : 0 
57114000: system.memobj: hamming code addr: 526064 
57114000: system.memobj: hamming code : 0 
57114000: system.memobj: hamming code addr: 526072 
57114000: system.memobj: hamming code : 0 
57114000: system.memobj: Enter Error Bit index: 1 
57114000: system.memobj: flip data : 10000000000000000000000000000000 
57114000: system.memobj: -------------------------------------
57184000: system.memobj: mem->cpu Got response for addr 0x102e0 , 66272
57184000: system.memobj: size 0x8
57184000: system.memobj: id 94061723690704
57184000: system.memobj: data_hex : 48C7055D2A180000 
57184000: system.memobj: data : 0100100011000111000001010101110100101010000110000000000000000000 
57184000: system.memobj: fix data : 0100100011000111000001010101110100101010000110000000000000000000 
57184000: system.memobj: -------------------------------------
57233000: system.memobj: mem->cpu Got response for addr 0x102e8 , 66280
57233000: system.memobj: size 0x8
57233000: system.memobj: id 94061723690416
57233000: system.memobj: data_hex : 000200C705672A18 
57233000: system.memobj: data : 0000000000000010000000001100011100000101011001110010101000011000 
57233000: system.memobj: fix data : 0000000000000010000000001100011100000101011001110010101000011000 
57233000: system.memobj: -------------------------------------
57233000: system.memobj: cpu->mem Got request for addr 0x92d48 , 601416
57233000: system.memobj: size 0x8
57233000: system.memobj: id 94061723690992
57233000: system.memobj: data_hex : 0000020000000000 
57233000: system.memobj: data : 0000000000000000000000100000000000000000000000000000000000000000 
57233000: system.memobj: hamming code addr: 601416 
57233000: system.memobj: hamming code : 0 
57233000: system.memobj: hamming code addr: 601424 
57233000: system.memobj: hamming code : 0 
57233000: system.memobj: hamming code addr: 601432 
57233000: system.memobj: hamming code : 11 
57233000: system.memobj: hamming code addr: 601440 
57233000: system.memobj: hamming code : 0 
57233000: system.memobj: hamming code addr: 601448 
57233000: system.memobj: hamming code : 0 
57233000: system.memobj: hamming code addr: 601456 
57233000: system.memobj: hamming code : 0 
57233000: system.memobj: hamming code addr: 601464 
57233000: system.memobj: hamming code : 0 
57233000: system.memobj: hamming code addr: 601472 
57233000: system.memobj: hamming code : 0 
57233000: system.memobj: Enter Error Bit index: 5 
57233000: system.memobj: flip data : 0000100000000000000000100000000000000000000000000000000000000000 
57233000: system.memobj: -------------------------------------
57303000: system.memobj: mem->cpu Got response for addr 0x102e8 , 66280
57303000: system.memobj: size 0x8
57303000: system.memobj: id 94061723690992
57303000: system.memobj: data_hex : 000200C705672A18 
57303000: system.memobj: data : 0000000000000010000000001100011100000101011001110010101000011000 
57303000: system.memobj: fix data : 0000000000000010000000001100011100000101011001110010101000011000 
57303000: system.memobj: -------------------------------------
57352000: system.memobj: mem->cpu Got response for addr 0x102f0 , 66288
57352000: system.memobj: size 0x8
57352000: system.memobj: id 94061723690416
57352000: system.memobj: data_hex : 000000010048C705 
57352000: system.memobj: data : 0000000000000000000000000000000100000000010010001100011100000101 
57352000: system.memobj: fix data : 0000000000000000000000000000000100000000010010001100011100000101 
57352000: system.memobj: -------------------------------------
57352000: system.memobj: cpu->mem Got request for addr 0x92d5c , 601436
57352000: system.memobj: size 0x4
57352000: system.memobj: id 94061723691280
57352000: system.memobj: data_hex : 00000100 
57352000: system.memobj: data : 00000000000000000000000100000000 
57352000: system.memobj: hamming code addr: 601436 
57352000: system.memobj: hamming code : 0 
57352000: system.memobj: hamming code addr: 601444 
57352000: system.memobj: hamming code : 0 
57352000: system.memobj: hamming code addr: 601452 
57352000: system.memobj: hamming code : 12 
57352000: system.memobj: hamming code addr: 601460 
57352000: system.memobj: hamming code : 0 
57352000: system.memobj: Enter Error Bit index: 1 
57352000: system.memobj: flip data : 10000000000000000000000100000000 
57352000: system.memobj: -------------------------------------
57422000: system.memobj: mem->cpu Got response for addr 0x102f0 , 66288
57422000: system.memobj: size 0x8
57422000: system.memobj: id 94061723691280
57422000: system.memobj: data_hex : 000000010048C705 
57422000: system.memobj: data : 0000000000000000000000000000000100000000010010001100011100000101 
57422000: system.memobj: fix data : 0000000000000000000000000000000100000000010010001100011100000101 
57422000: system.memobj: -------------------------------------
57471000: system.memobj: mem->cpu Got response for addr 0x102f8 , 66296
57471000: system.memobj: size 0x8
57471000: system.memobj: id 94061723690416
57471000: system.memobj: data_hex : 502A180000000200 
57471000: system.memobj: data : 0101000000101010000110000000000000000000000000000000001000000000 
57471000: system.memobj: fix data : 0101000000101010000110000000000000000000000000000000001000000000 
57471000: system.memobj: -------------------------------------
57471000: system.memobj: cpu->mem Got request for addr 0x92d50 , 601424
57471000: system.memobj: size 0x8
57471000: system.memobj: id 94061723691568
57471000: system.memobj: data_hex : 0000020000000000 
57471000: system.memobj: data : 0000000000000000000000100000000000000000000000000000000000000000 
57471000: system.memobj: hamming code addr: 601424 
57471000: system.memobj: hamming code : 0 
57471000: system.memobj: hamming code addr: 601432 
57471000: system.memobj: hamming code : 0 
57471000: system.memobj: hamming code addr: 601440 
57471000: system.memobj: hamming code : 11 
57471000: system.memobj: hamming code addr: 601448 
57471000: system.memobj: hamming code : 0 
57471000: system.memobj: hamming code addr: 601456 
57471000: system.memobj: hamming code : 0 
57471000: system.memobj: hamming code addr: 601464 
57471000: system.memobj: hamming code : 0 
57471000: system.memobj: hamming code addr: 601472 
57471000: system.memobj: hamming code : 0 
57471000: system.memobj: hamming code addr: 601480 
57471000: system.memobj: hamming code : 0 
57471000: system.memobj: Enter Error Bit index: 4 
57471000: system.memobj: flip data : 0001000000000000000000100000000000000000000000000000000000000000 
57471000: system.memobj: -------------------------------------
57541000: system.memobj: mem->cpu Got response for addr 0x10300 , 66304
57541000: system.memobj: size 0x8
57541000: system.memobj: id 94061723691568
57541000: system.memobj: data_hex : 48C705352A180000 
57541000: system.memobj: data : 0100100011000111000001010011010100101010000110000000000000000000 
57541000: system.memobj: fix data : 0100100011000111000001010011010100101010000110000000000000000000 
57541000: system.memobj: -------------------------------------
57590000: system.memobj: mem->cpu Got response for addr 0x10308 , 66312
57590000: system.memobj: size 0x8
57590000: system.memobj: id 94061723690416
57590000: system.memobj: data_hex : 000200E800350000 
57590000: system.memobj: data : 0000000000000010000000001110100000000000001101010000000000000000 
57590000: system.memobj: fix data : 0000000000000010000000001110100000000000001101010000000000000000 
57590000: system.memobj: -------------------------------------
57590000: system.memobj: cpu->mem Got request for addr 0x92d40 , 601408
57590000: system.memobj: size 0x8
57590000: system.memobj: id 94061723691856
57590000: system.memobj: data_hex : 0000020000000000 
57590000: system.memobj: data : 0000000000000000000000100000000000000000000000000000000000000000 
57590000: system.memobj: hamming code addr: 601408 
57590000: system.memobj: hamming code : 0 
57590000: system.memobj: hamming code addr: 601416 
57590000: system.memobj: hamming code : 0 
57590000: system.memobj: hamming code addr: 601424 
57590000: system.memobj: hamming code : 11 
57590000: system.memobj: hamming code addr: 601432 
57590000: system.memobj: hamming code : 0 
57590000: system.memobj: hamming code addr: 601440 
57590000: system.memobj: hamming code : 0 
57590000: system.memobj: hamming code addr: 601448 
57590000: system.memobj: hamming code : 0 
57590000: system.memobj: hamming code addr: 601456 
57590000: system.memobj: hamming code : 0 
57590000: system.memobj: hamming code addr: 601464 
57590000: system.memobj: hamming code : 0 
57590000: system.memobj: Enter Error Bit index: 5 
57590000: system.memobj: flip data : 0000100000000000000000100000000000000000000000000000000000000000 
57590000: system.memobj: -------------------------------------
57660000: system.memobj: mem->cpu Got response for addr 0x10308 , 66312
57660000: system.memobj: size 0x8
57660000: system.memobj: id 94061723691856
57660000: system.memobj: data_hex : 000200E800350000 
57660000: system.memobj: data : 0000000000000010000000001110100000000000001101010000000000000000 
57660000: system.memobj: fix data : 0000000000000010000000001110100000000000001101010000000000000000 
57660000: system.memobj: -------------------------------------
57660000: system.memobj: cpu->mem Got request for addr 0x94ac8 , 608968
57660000: system.memobj: size 0x8
57660000: system.memobj: id 94061723692144
57660000: system.memobj: data_hex : 1003410000000000 
57660000: system.memobj: data : 0001000000000011010000010000000000000000000000000000000000000000 
57660000: system.memobj: hamming code addr: 608968 
57660000: system.memobj: hamming code : 7 
57660000: system.memobj: hamming code addr: 608976 
57660000: system.memobj: hamming code : 7 
57660000: system.memobj: hamming code addr: 608984 
57660000: system.memobj: hamming code : 9 
57660000: system.memobj: hamming code addr: 608992 
57660000: system.memobj: hamming code : 0 
57660000: system.memobj: hamming code addr: 609000 
57660000: system.memobj: hamming code : 0 
57660000: system.memobj: hamming code addr: 609008 
57660000: system.memobj: hamming code : 0 
57660000: system.memobj: hamming code addr: 609016 
57660000: system.memobj: hamming code : 0 
57660000: system.memobj: hamming code addr: 609024 
57660000: system.memobj: hamming code : 0 
57660000: system.memobj: Enter Error Bit index: 3 
57660000: system.memobj: flip data : 0011000000000011010000010000000000000000000000000000000000000000 
57660000: system.memobj: -------------------------------------
57744000: system.memobj: mem->cpu Got response for addr 0x13810 , 79888
57744000: system.memobj: size 0x8
57744000: system.memobj: id 94061723692144
57744000: system.memobj: data_hex : 488B1529FD1700B8 
57744000: system.memobj: data : 0100100010001011000101010010100111111101000101110000000010111000 
57744000: system.memobj: fix data : 0100100010001011000101010010100111111101000101110000000010111000 
57744000: system.memobj: -------------------------------------
57764000: system.memobj: mem->cpu Got response for addr 0x93540 , 603456
57764000: system.memobj: size 0x8
57764000: system.memobj: id 94061723692432
57764000: system.memobj: data_hex : 2010000000000000 
57764000: system.memobj: data : 0010000000010000000000000000000000000000000000000000000000000000 
57764000: system.memobj: hamming code addr: 603456 
57764000: system.memobj: hamming code out: 0 
57764000: system.memobj: find Error Bit index : 3 
57764000: system.memobj: hamming code addr: 603464 
57764000: system.memobj: hamming code out: 7 
57764000: system.memobj: hamming code addr: 603472 
57764000: system.memobj: hamming code out: 0 
57764000: system.memobj: hamming code addr: 603480 
57764000: system.memobj: hamming code out: 0 
57764000: system.memobj: hamming code addr: 603488 
57764000: system.memobj: hamming code out: 0 
57764000: system.memobj: hamming code addr: 603496 
57764000: system.memobj: hamming code out: 0 
57764000: system.memobj: hamming code addr: 603504 
57764000: system.memobj: hamming code out: 0 
57764000: system.memobj: hamming code addr: 603512 
57764000: system.memobj: hamming code out: 0 
57764000: system.memobj: fix data : 0000000000010000000000000000000000000000000000000000000000000000 
57764000: system.memobj: -------------------------------------
57813000: system.memobj: mem->cpu Got response for addr 0x13810 , 79888
57813000: system.memobj: size 0x8
57813000: system.memobj: id 94061723692432
57813000: system.memobj: data_hex : 488B1529FD1700B8 
57813000: system.memobj: data : 0100100010001011000101010010100111111101000101110000000010111000 
57813000: system.memobj: fix data : 0100100010001011000101010010100111111101000101110000000010111000 
57813000: system.memobj: -------------------------------------
57862000: system.memobj: mem->cpu Got response for addr 0x13818 , 79896
57862000: system.memobj: size 0x8
57862000: system.memobj: id 94061723692144
57862000: system.memobj: data_hex : 001000004885D20F 
57862000: system.memobj: data : 0000000000010000000000000000000001001000100001011101001000001111 
57862000: system.memobj: fix data : 0000000000010000000000000000000001001000100001011101001000001111 
57862000: system.memobj: -------------------------------------
57911000: system.memobj: mem->cpu Got response for addr 0x13818 , 79896
57911000: system.memobj: size 0x8
57911000: system.memobj: id 94061723692432
57911000: system.memobj: data_hex : 001000004885D20F 
57911000: system.memobj: data : 0000000000010000000000000000000001001000100001011101001000001111 
57911000: system.memobj: fix data : 0000000000010000000000000000000001001000100001011101001000001111 
57911000: system.memobj: -------------------------------------
57960000: system.memobj: mem->cpu Got response for addr 0x13818 , 79896
57960000: system.memobj: size 0x8
57960000: system.memobj: id 94061723692144
57960000: system.memobj: data_hex : 001000004885D20F 
57960000: system.memobj: data : 0000000000010000000000000000000001001000100001011101001000001111 
57960000: system.memobj: fix data : 0000000000010000000000000000000001001000100001011101001000001111 
57960000: system.memobj: -------------------------------------
58009000: system.memobj: mem->cpu Got response for addr 0x13820 , 79904
58009000: system.memobj: size 0x8
58009000: system.memobj: id 94061723692432
58009000: system.memobj: data_hex : 45C2C39090909090 
58009000: system.memobj: data : 0100010111000010110000111001000010010000100100001001000010010000 
58009000: system.memobj: fix data : 0100010111000010110000111001000010010000100100001001000010010000 
58009000: system.memobj: -------------------------------------
58058000: system.memobj: mem->cpu Got response for addr 0x13820 , 79904
58058000: system.memobj: size 0x8
58058000: system.memobj: id 94061723692144
58058000: system.memobj: data_hex : 45C2C39090909090 
58058000: system.memobj: data : 0100010111000010110000111001000010010000100100001001000010010000 
58058000: system.memobj: fix data : 0100010111000010110000111001000010010000100100001001000010010000 
58058000: system.memobj: -------------------------------------
58107000: system.memobj: mem->cpu Got response for addr 0x94ac8 , 608968
58107000: system.memobj: size 0x8
58107000: system.memobj: id 94061723692432
58107000: system.memobj: data_hex : 3003410000000000 
58107000: system.memobj: data : 0011000000000011010000010000000000000000000000000000000000000000 
58107000: system.memobj: hamming code addr: 608968 
58107000: system.memobj: hamming code out: 7 
58107000: system.memobj: find Error Bit index : 3 
58107000: system.memobj: hamming code addr: 608976 
58107000: system.memobj: hamming code out: 7 
58107000: system.memobj: hamming code addr: 608984 
58107000: system.memobj: hamming code out: 9 
58107000: system.memobj: hamming code addr: 608992 
58107000: system.memobj: hamming code out: 0 
58107000: system.memobj: hamming code addr: 609000 
58107000: system.memobj: hamming code out: 0 
58107000: system.memobj: hamming code addr: 609008 
58107000: system.memobj: hamming code out: 0 
58107000: system.memobj: hamming code addr: 609016 
58107000: system.memobj: hamming code out: 0 
58107000: system.memobj: hamming code addr: 609024 
58107000: system.memobj: hamming code out: 0 
58107000: system.memobj: fix data : 0001000000000011010000010000000000000000000000000000000000000000 
58107000: system.memobj: -------------------------------------
58156000: system.memobj: mem->cpu Got response for addr 0x10310 , 66320
58156000: system.memobj: size 0x8
58156000: system.memobj: id 94061723692432
58156000: system.memobj: data_hex : 4885DB89054B2A18 
58156000: system.memobj: data : 0100100010000101110110111000100100000101010010110010101000011000 
58156000: system.memobj: fix data : 0100100010000101110110111000100100000101010010110010101000011000 
58156000: system.memobj: -------------------------------------
58205000: system.memobj: mem->cpu Got response for addr 0x10310 , 66320
58205000: system.memobj: size 0x8
58205000: system.memobj: id 94061723692144
58205000: system.memobj: data_hex : 4885DB89054B2A18 
58205000: system.memobj: data : 0100100010000101110110111000100100000101010010110010101000011000 
58205000: system.memobj: fix data : 0100100010000101110110111000100100000101010010110010101000011000 
58205000: system.memobj: -------------------------------------
58254000: system.memobj: mem->cpu Got response for addr 0x10318 , 66328
58254000: system.memobj: size 0x8
58254000: system.memobj: id 94061723692432
58254000: system.memobj: data_hex : 000F84A400000031 
58254000: system.memobj: data : 0000000000001111100001001010010000000000000000000000000000110001 
58254000: system.memobj: fix data : 0000000000001111100001001010010000000000000000000000000000110001 
58254000: system.memobj: -------------------------------------
58254000: system.memobj: cpu->mem Got request for addr 0x92d64 , 601444
58254000: system.memobj: size 0x4
58254000: system.memobj: id 94061723692720
58254000: system.memobj: data_hex : 00100000 
58254000: system.memobj: data : 00000000000100000000000000000000 
58254000: system.memobj: hamming code addr: 601444 
58254000: system.memobj: hamming code : 0 
58254000: system.memobj: hamming code addr: 601452 
58254000: system.memobj: hamming code : 7 
58254000: system.memobj: hamming code addr: 601460 
58254000: system.memobj: hamming code : 0 
58254000: system.memobj: hamming code addr: 601468 
58254000: system.memobj: hamming code : 0 
58254000: system.memobj: Enter Error Bit index: 3 
58254000: system.memobj: flip data : 00100000000100000000000000000000 
58254000: system.memobj: -------------------------------------
58324000: system.memobj: mem->cpu Got response for addr 0x10318 , 66328
58324000: system.memobj: size 0x8
58324000: system.memobj: id 94061723692720
58324000: system.memobj: data_hex : 000F84A400000031 
58324000: system.memobj: data : 0000000000001111100001001010010000000000000000000000000000110001 
58324000: system.memobj: fix data : 0000000000001111100001001010010000000000000000000000000000110001 
58324000: system.memobj: -------------------------------------
58387000: system.memobj: mem->cpu Got response for addr 0x103c0 , 66496
58387000: system.memobj: size 0x8
58387000: system.memobj: id 94061723692432
58387000: system.memobj: data_hex : 08EBEDC705B32018 
58387000: system.memobj: data : 0000100011101011111011011100011100000101101100110010000000011000 
58387000: system.memobj: fix data : 0000100011101011111011011100011100000101101100110010000000011000 
58387000: system.memobj: -------------------------------------
58436000: system.memobj: mem->cpu Got response for addr 0x103c8 , 66504
58436000: system.memobj: size 0x8
58436000: system.memobj: id 94061723692720
58436000: system.memobj: data_hex : 0000000000E959FF 
58436000: system.memobj: data : 0000000000000000000000000000000000000000111010010101100111111111 
58436000: system.memobj: fix data : 0000000000000000000000000000000000000000111010010101100111111111 
58436000: system.memobj: -------------------------------------
58436000: system.memobj: cpu->mem Got request for addr 0x92480 , 599168
58436000: system.memobj: size 0x4
58436000: system.memobj: id 94061723693008
58436000: system.memobj: data_hex : 00000000 
58436000: system.memobj: data : 00000000000000000000000000000000 
58436000: system.memobj: hamming code addr: 599168 
58436000: system.memobj: hamming code : 0 
58436000: system.memobj: hamming code addr: 599176 
58436000: system.memobj: hamming code : 0 
58436000: system.memobj: hamming code addr: 599184 
58436000: system.memobj: hamming code : 0 
58436000: system.memobj: hamming code addr: 599192 
58436000: system.memobj: hamming code : 0 
58436000: system.memobj: Enter Error Bit index: 3 
58436000: system.memobj: flip data : 00100000000000000000000000000000 
58436000: system.memobj: -------------------------------------
58506000: system.memobj: mem->cpu Got response for addr 0x103c8 , 66504
58506000: system.memobj: size 0x8
58506000: system.memobj: id 94061723693008
58506000: system.memobj: data_hex : 0000000000E959FF 
58506000: system.memobj: data : 0000000000000000000000000000000000000000111010010101100111111111 
58506000: system.memobj: fix data : 0000000000000000000000000000000000000000111010010101100111111111 
58506000: system.memobj: -------------------------------------
58555000: system.memobj: mem->cpu Got response for addr 0x103d0 , 66512
58555000: system.memobj: size 0x8
58555000: system.memobj: id 94061723692720
58555000: system.memobj: data_hex : FFFF48C7059B2018 
58555000: system.memobj: data : 1111111111111111010010001100011100000101100110110010000000011000 
58555000: system.memobj: fix data : 1111111111111111010010001100011100000101100110110010000000011000 
58555000: system.memobj: -------------------------------------
58604000: system.memobj: mem->cpu Got response for addr 0x10328 , 66344
58604000: system.memobj: size 0x8
58604000: system.memobj: id 94061723693008
58604000: system.memobj: data_hex : FCBEFF4885DB48C7 
58604000: system.memobj: data : 1111110010111110111111110100100010000101110110110100100011000111 
58604000: system.memobj: fix data : 1111110010111110111111110100100010000101110110110100100011000111 
58604000: system.memobj: -------------------------------------
58653000: system.memobj: mem->cpu Got response for addr 0x10328 , 66344
58653000: system.memobj: size 0x8
58653000: system.memobj: id 94061723692720
58653000: system.memobj: data_hex : FCBEFF4885DB48C7 
58653000: system.memobj: data : 1111110010111110111111110100100010000101110110110100100011000111 
58653000: system.memobj: fix data : 1111110010111110111111110100100010000101110110110100100011000111 
58653000: system.memobj: -------------------------------------
58702000: system.memobj: mem->cpu Got response for addr 0x10330 , 66352
58702000: system.memobj: size 0x8
58702000: system.memobj: id 94061723693008
58702000: system.memobj: data_hex : 05EF291800802459 
58702000: system.memobj: data : 0000010111101111001010010001100000000000100000000010010001011001 
58702000: system.memobj: fix data : 0000010111101111001010010001100000000000100000000010010001011001 
58702000: system.memobj: -------------------------------------
58751000: system.memobj: mem->cpu Got response for addr 0x10338 , 66360
58751000: system.memobj: size 0x8
58751000: system.memobj: id 94061723692720
58751000: system.memobj: data_hex : 000F84A000000031 
58751000: system.memobj: data : 0000000000001111100001001010000000000000000000000000000000110001 
58751000: system.memobj: fix data : 0000000000001111100001001010000000000000000000000000000000110001 
58751000: system.memobj: -------------------------------------
58751000: system.memobj: cpu->mem Got request for addr 0x92d28 , 601384
58751000: system.memobj: size 0x8
58751000: system.memobj: id 94061723693296
58751000: system.memobj: data_hex : 8024590000000000 
58751000: system.memobj: data : 1000000000100100010110010000000000000000000000000000000000000000 
58751000: system.memobj: hamming code addr: 601384 
58751000: system.memobj: hamming code : 3 
58751000: system.memobj: hamming code addr: 601392 
58751000: system.memobj: hamming code : 12 
58751000: system.memobj: hamming code addr: 601400 
58751000: system.memobj: hamming code : 7 
58751000: system.memobj: hamming code addr: 601408 
58751000: system.memobj: hamming code : 0 
58751000: system.memobj: hamming code addr: 601416 
58751000: system.memobj: hamming code : 0 
58751000: system.memobj: hamming code addr: 601424 
58751000: system.memobj: hamming code : 0 
58751000: system.memobj: hamming code addr: 601432 
58751000: system.memobj: hamming code : 0 
58751000: system.memobj: hamming code addr: 601440 
58751000: system.memobj: hamming code : 0 
58751000: system.memobj: Enter Error Bit index: 4 
58751000: system.memobj: flip data : 1001000000100100010110010000000000000000000000000000000000000000 
58751000: system.memobj: -------------------------------------
58821000: system.memobj: mem->cpu Got response for addr 0x10338 , 66360
58821000: system.memobj: size 0x8
58821000: system.memobj: id 94061723693296
58821000: system.memobj: data_hex : 000F84A000000031 
58821000: system.memobj: data : 0000000000001111100001001010000000000000000000000000000000110001 
58821000: system.memobj: fix data : 0000000000001111100001001010000000000000000000000000000000110001 
58821000: system.memobj: -------------------------------------
58870000: system.memobj: mem->cpu Got response for addr 0x103d8 , 66520
58870000: system.memobj: size 0x8
58870000: system.memobj: id 94061723692720
58870000: system.memobj: data_hex : 0080245900EB82C7 
58870000: system.memobj: data : 0000000010000000001001000101100100000000111010111000001011000111 
58870000: system.memobj: fix data : 0000000010000000001001000101100100000000111010111000001011000111 
58870000: system.memobj: -------------------------------------
58919000: system.memobj: mem->cpu Got response for addr 0x103e0 , 66528
58919000: system.memobj: size 0x8
58919000: system.memobj: id 94061723693296
58919000: system.memobj: data_hex : 05B7291800000000 
58919000: system.memobj: data : 0000010110110111001010010001100000000000000000000000000000000000 
58919000: system.memobj: fix data : 0000010110110111001010010001100000000000000000000000000000000000 
58919000: system.memobj: -------------------------------------
58968000: system.memobj: mem->cpu Got response for addr 0x103e8 , 66536
58968000: system.memobj: size 0x8
58968000: system.memobj: id 94061723692720
58968000: system.memobj: data_hex : 00E95DFFFFFF8078 
58968000: system.memobj: data : 0000000011101001010111011111111111111111111111111000000001111000 
58968000: system.memobj: fix data : 0000000011101001010111011111111111111111111111111000000001111000 
58968000: system.memobj: -------------------------------------
58968000: system.memobj: cpu->mem Got request for addr 0x92da0 , 601504
58968000: system.memobj: size 0x4
58968000: system.memobj: id 94061723693584
58968000: system.memobj: data_hex : 00000000 
58968000: system.memobj: data : 00000000000000000000000000000000 
58968000: system.memobj: hamming code addr: 601504 
58968000: system.memobj: hamming code : 0 
58968000: system.memobj: hamming code addr: 601512 
58968000: system.memobj: hamming code : 0 
58968000: system.memobj: hamming code addr: 601520 
58968000: system.memobj: hamming code : 0 
58968000: system.memobj: hamming code addr: 601528 
58968000: system.memobj: hamming code : 0 
58968000: system.memobj: Enter Error Bit index: 4 
58968000: system.memobj: flip data : 00010000000000000000000000000000 
58968000: system.memobj: -------------------------------------
59038000: system.memobj: mem->cpu Got response for addr 0x103e8 , 66536
59038000: system.memobj: size 0x8
59038000: system.memobj: id 94061723693584
59038000: system.memobj: data_hex : 00E95DFFFFFF8078 
59038000: system.memobj: data : 0000000011101001010111011111111111111111111111111000000001111000 
59038000: system.memobj: fix data : 0000000011101001010111011111111111111111111111111000000001111000 
59038000: system.memobj: -------------------------------------
59087000: system.memobj: mem->cpu Got response for addr 0x10348 , 66376
59087000: system.memobj: size 0x8
59087000: system.memobj: id 94061723692720
59087000: system.memobj: data_hex : FCBEFFB800000000 
59087000: system.memobj: data : 1111110010111110111111111011100000000000000000000000000000000000 
59087000: system.memobj: fix data : 1111110010111110111111111011100000000000000000000000000000000000 
59087000: system.memobj: -------------------------------------
59136000: system.memobj: mem->cpu Got response for addr 0x10350 , 66384
59136000: system.memobj: size 0x8
59136000: system.memobj: id 94061723693584
59136000: system.memobj: data_hex : 4885C0747DBE8024 
59136000: system.memobj: data : 0100100010000101110000000111010001111101101111101000000000100100 
59136000: system.memobj: fix data : 0100100010000101110000000111010001111101101111101000000000100100 
59136000: system.memobj: -------------------------------------
59185000: system.memobj: mem->cpu Got response for addr 0x10350 , 66384
59185000: system.memobj: size 0x8
59185000: system.memobj: id 94061723692720
59185000: system.memobj: data_hex : 4885C0747DBE8024 
59185000: system.memobj: data : 0100100010000101110000000111010001111101101111101000000000100100 
59185000: system.memobj: fix data : 0100100010000101110000000111010001111101101111101000000000100100 
59185000: system.memobj: -------------------------------------
59248000: system.memobj: mem->cpu Got response for addr 0x103d0 , 66512
59248000: system.memobj: size 0x8
59248000: system.memobj: id 94061723693584
59248000: system.memobj: data_hex : FFFF48C7059B2018 
59248000: system.memobj: data : 1111111111111111010010001100011100000101100110110010000000011000 
59248000: system.memobj: fix data : 1111111111111111010010001100011100000101100110110010000000011000 
59248000: system.memobj: -------------------------------------
59297000: system.memobj: mem->cpu Got response for addr 0x103d8 , 66520
59297000: system.memobj: size 0x8
59297000: system.memobj: id 94061723692720
59297000: system.memobj: data_hex : 0080245900EB82C7 
59297000: system.memobj: data : 0000000010000000001001000101100100000000111010111000001011000111 
59297000: system.memobj: fix data : 0000000010000000001001000101100100000000111010111000001011000111 
59297000: system.memobj: -------------------------------------
59297000: system.memobj: cpu->mem Got request for addr 0x92478 , 599160
59297000: system.memobj: size 0x8
59297000: system.memobj: id 94061723693872
59297000: system.memobj: data_hex : 8024590000000000 
59297000: system.memobj: data : 1000000000100100010110010000000000000000000000000000000000000000 
59297000: system.memobj: hamming code addr: 599160 
59297000: system.memobj: hamming code : 3 
59297000: system.memobj: hamming code addr: 599168 
59297000: system.memobj: hamming code : 12 
59297000: system.memobj: hamming code addr: 599176 
59297000: system.memobj: hamming code : 7 
59297000: system.memobj: hamming code addr: 599184 
59297000: system.memobj: hamming code : 0 
59297000: system.memobj: hamming code addr: 599192 
59297000: system.memobj: hamming code : 0 
59297000: system.memobj: hamming code addr: 599200 
59297000: system.memobj: hamming code : 0 
59297000: system.memobj: hamming code addr: 599208 
59297000: system.memobj: hamming code : 0 
59297000: system.memobj: hamming code addr: 599216 
59297000: system.memobj: hamming code : 0 
59297000: system.memobj: Enter Error Bit index: 3 
59297000: system.memobj: flip data : 1010000000100100010110010000000000000000000000000000000000000000 
59297000: system.memobj: -------------------------------------
59367000: system.memobj: mem->cpu Got response for addr 0x103d8 , 66520
59367000: system.memobj: size 0x8
59367000: system.memobj: id 94061723693872
59367000: system.memobj: data_hex : 0080245900EB82C7 
59367000: system.memobj: data : 0000000010000000001001000101100100000000111010111000001011000111 
59367000: system.memobj: fix data : 0000000010000000001001000101100100000000111010111000001011000111 
59367000: system.memobj: -------------------------------------
59416000: system.memobj: mem->cpu Got response for addr 0x10360 , 66400
59416000: system.memobj: size 0x8
59416000: system.memobj: id 94061723692720
59416000: system.memobj: data_hex : FFB808FB5700B908 
59416000: system.memobj: data : 1111111110111000000010001111101101010111000000001011100100001000 
59416000: system.memobj: fix data : 1111111110111000000010001111101101010111000000001011100100001000 
59416000: system.memobj: -------------------------------------
59465000: system.memobj: mem->cpu Got response for addr 0x10360 , 66400
59465000: system.memobj: size 0x8
59465000: system.memobj: id 94061723693872
59465000: system.memobj: data_hex : FFB808FB5700B908 
59465000: system.memobj: data : 1111111110111000000010001111101101010111000000001011100100001000 
59465000: system.memobj: fix data : 1111111110111000000010001111101101010111000000001011100100001000 
59465000: system.memobj: -------------------------------------
59514000: system.memobj: mem->cpu Got response for addr 0x10368 , 66408
59514000: system.memobj: size 0x8
59514000: system.memobj: id 94061723692720
59514000: system.memobj: data_hex : FB57004885C07407 
59514000: system.memobj: data : 1111101101010111000000000100100010000101110000000111010000000111 
59514000: system.memobj: fix data : 1111101101010111000000000100100010000101110000000111010000000111 
59514000: system.memobj: -------------------------------------
59563000: system.memobj: mem->cpu Got response for addr 0x10368 , 66408
59563000: system.memobj: size 0x8
59563000: system.memobj: id 94061723693872
59563000: system.memobj: data_hex : FB57004885C07407 
59563000: system.memobj: data : 1111101101010111000000000100100010000101110000000111010000000111 
59563000: system.memobj: fix data : 1111101101010111000000000100100010000101110000000111010000000111 
59563000: system.memobj: -------------------------------------
59612000: system.memobj: mem->cpu Got response for addr 0x10368 , 66408
59612000: system.memobj: size 0x8
59612000: system.memobj: id 94061723692720
59612000: system.memobj: data_hex : FB57004885C07407 
59612000: system.memobj: data : 1111101101010111000000000100100010000101110000000111010000000111 
59612000: system.memobj: fix data : 1111101101010111000000000100100010000101110000000111010000000111 
59612000: system.memobj: -------------------------------------
59661000: system.memobj: mem->cpu Got response for addr 0x10370 , 66416
59661000: system.memobj: size 0x8
59661000: system.memobj: id 94061723693872
59661000: system.memobj: data_hex : 488B0D91F71600BA 
59661000: system.memobj: data : 0100100010001011000011011001000111110111000101100000000010111010 
59661000: system.memobj: fix data : 0100100010001011000011011001000111110111000101100000000010111010 
59661000: system.memobj: -------------------------------------
59724000: system.memobj: mem->cpu Got response for addr 0x7fb08 , 523016
59724000: system.memobj: size 0x8
59724000: system.memobj: id 94061723694160
59724000: system.memobj: data_hex : 0000000000000000 
59724000: system.memobj: data : 0000000000000000000000000000000000000000000000000000000000000000 
59724000: system.memobj: fix data : 0000000000000000000000000000000000000000000000000000000000000000 
59724000: system.memobj: -------------------------------------
59773000: system.memobj: mem->cpu Got response for addr 0x10370 , 66416
59773000: system.memobj: size 0x8
59773000: system.memobj: id 94061723694160
59773000: system.memobj: data_hex : 488B0D91F71600BA 
59773000: system.memobj: data : 0100100010001011000011011001000111110111000101100000000010111010 
59773000: system.memobj: fix data : 0100100010001011000011011001000111110111000101100000000010111010 
59773000: system.memobj: -------------------------------------
59822000: system.memobj: mem->cpu Got response for addr 0x10378 , 66424
59822000: system.memobj: size 0x8
59822000: system.memobj: id 94061723693872
59822000: system.memobj: data_hex : 50C74000BE80C640 
59822000: system.memobj: data : 0101000011000111010000000000000010111110100000001100011001000000 
59822000: system.memobj: fix data : 0101000011000111010000000000000010111110100000001100011001000000 
59822000: system.memobj: -------------------------------------
59871000: system.memobj: mem->cpu Got response for addr 0x10378 , 66424
59871000: system.memobj: size 0x8
59871000: system.memobj: id 94061723694160
59871000: system.memobj: data_hex : 50C74000BE80C640 
59871000: system.memobj: data : 0101000011000111010000000000000010111110100000001100011001000000 
59871000: system.memobj: fix data : 0101000011000111010000000000000010111110100000001100011001000000 
59871000: system.memobj: -------------------------------------
59920000: system.memobj: mem->cpu Got response for addr 0x10380 , 66432
59920000: system.memobj: size 0x8
59920000: system.memobj: id 94061723693872
59920000: system.memobj: data_hex : 00BF80C54000E845 
59920000: system.memobj: data : 0000000010111111100000001100010101000000000000001110100001000101 
59920000: system.memobj: fix data : 0000000010111111100000001100010101000000000000001110100001000101 
59920000: system.memobj: -------------------------------------
59969000: system.memobj: mem->cpu Got response for addr 0x10380 , 66432
59969000: system.memobj: size 0x8
59969000: system.memobj: id 94061723694160
59969000: system.memobj: data_hex : 00BF80C54000E845 
59969000: system.memobj: data : 0000000010111111100000001100010101000000000000001110100001000101 
59969000: system.memobj: fix data : 0000000010111111100000001100010101000000000000001110100001000101 
59969000: system.memobj: -------------------------------------
60018000: system.memobj: mem->cpu Got response for addr 0x10380 , 66432
60018000: system.memobj: size 0x8
60018000: system.memobj: id 94061723693872
60018000: system.memobj: data_hex : 00BF80C54000E845 
60018000: system.memobj: data : 0000000010111111100000001100010101000000000000001110100001000101 
60018000: system.memobj: fix data : 0000000010111111100000001100010101000000000000001110100001000101 
60018000: system.memobj: -------------------------------------
60067000: system.memobj: mem->cpu Got response for addr 0x10388 , 66440
60067000: system.memobj: size 0x8
60067000: system.memobj: id 94061723694160
60067000: system.memobj: data_hex : 400000488B05662A 
60067000: system.memobj: data : 0100000000000000000000000100100010001011000001010110011000101010 
60067000: system.memobj: fix data : 0100000000000000000000000100100010001011000001010110011000101010 
60067000: system.memobj: -------------------------------------
60067000: system.memobj: cpu->mem Got request for addr 0x94ac8 , 608968
60067000: system.memobj: size 0x8
60067000: system.memobj: id 94061723694448
60067000: system.memobj: data_hex : 8B03410000000000 
60067000: system.memobj: data : 1000101100000011010000010000000000000000000000000000000000000000 
60067000: system.memobj: hamming code addr: 608968 
60067000: system.memobj: hamming code : 13 
60067000: system.memobj: hamming code addr: 608976 
60067000: system.memobj: hamming code : 7 
60067000: system.memobj: hamming code addr: 608984 
60067000: system.memobj: hamming code : 9 
60067000: system.memobj: hamming code addr: 608992 
60067000: system.memobj: hamming code : 0 
60067000: system.memobj: hamming code addr: 609000 
60067000: system.memobj: hamming code : 0 
60067000: system.memobj: hamming code addr: 609008 
60067000: system.memobj: hamming code : 0 
60067000: system.memobj: hamming code addr: 609016 
60067000: system.memobj: hamming code : 0 
60067000: system.memobj: hamming code addr: 609024 
60067000: system.memobj: hamming code : 0 
60067000: system.memobj: Enter Error Bit index: 3 
60067000: system.memobj: flip data : 1010101100000011010000010000000000000000000000000000000000000000 
60067000: system.memobj: -------------------------------------
60165000: system.memobj: mem->cpu Got response for addr 0x143d0 , 82896
60165000: system.memobj: size 0x8
60165000: system.memobj: id 94061723694448
60165000: system.memobj: data_hex : 48895C24D048896C 
60165000: system.memobj: data : 0100100010001001010111000010010011010000010010001000100101101100 
60165000: system.memobj: fix data : 0100100010001001010111000010010011010000010010001000100101101100 
60165000: system.memobj: -------------------------------------
60165000: system.memobj: cpu->mem Got request for addr 0x94a98 , 608920
60165000: system.memobj: size 0x8
60165000: system.memobj: id 94061723694160
60165000: system.memobj: data_hex : 0000000000000000 
60165000: system.memobj: data : 0000000000000000000000000000000000000000000000000000000000000000 
60165000: system.memobj: hamming code addr: 608920 
60165000: system.memobj: hamming code : 0 
60165000: system.memobj: hamming code addr: 608928 
60165000: system.memobj: hamming code : 0 
60165000: system.memobj: hamming code addr: 608936 
60165000: system.memobj: hamming code : 0 
60165000: system.memobj: hamming code addr: 608944 
60165000: system.memobj: hamming code : 0 
60165000: system.memobj: hamming code addr: 608952 
60165000: system.memobj: hamming code : 0 
60165000: system.memobj: hamming code addr: 608960 
60165000: system.memobj: hamming code : 0 
60165000: system.memobj: hamming code addr: 608968 
60165000: system.memobj: hamming code : 0 
60165000: system.memobj: hamming code addr: 608976 
60165000: system.memobj: hamming code : 0 
60165000: system.memobj: Enter Error Bit index: 3 
60165000: system.memobj: flip data : 0010000000000000000000000000000000000000000000000000000000000000 
60165000: system.memobj: -------------------------------------
60235000: system.memobj: mem->cpu Got response for addr 0x143d0 , 82896
60235000: system.memobj: size 0x8
60235000: system.memobj: id 94061723694160
60235000: system.memobj: data_hex : 48895C24D048896C 
60235000: system.memobj: data : 0100100010001001010111000010010011010000010010001000100101101100 
60235000: system.memobj: fix data : 0100100010001001010111000010010011010000010010001000100101101100 
60235000: system.memobj: -------------------------------------
60284000: system.memobj: mem->cpu Got response for addr 0x143d8 , 82904
60284000: system.memobj: size 0x8
60284000: system.memobj: id 94061723694448
60284000: system.memobj: data_hex : 24D831DB4C896424 
60284000: system.memobj: data : 0010010011011000001100011101101101001100100010010110010000100100 
60284000: system.memobj: fix data : 0010010011011000001100011101101101001100100010010110010000100100 
60284000: system.memobj: -------------------------------------
60284000: system.memobj: cpu->mem Got request for addr 0x94aa0 , 608928
60284000: system.memobj: size 0x8
60284000: system.memobj: id 94061723694160
60284000: system.memobj: data_hex : 30EBFFFFFF7F0000 
60284000: system.memobj: data : 0011000011101011111111111111111111111111011111110000000000000000 
60284000: system.memobj: hamming code addr: 608928 
60284000: system.memobj: hamming code : 1 
60284000: system.memobj: hamming code addr: 608936 
60284000: system.memobj: hamming code : 14 
60284000: system.memobj: hamming code addr: 608944 
60284000: system.memobj: hamming code : 3 
60284000: system.memobj: hamming code addr: 608952 
60284000: system.memobj: hamming code : 3 
60284000: system.memobj: hamming code addr: 608960 
60284000: system.memobj: hamming code : 3 
60284000: system.memobj: hamming code addr: 608968 
60284000: system.memobj: hamming code : 0 
60284000: system.memobj: hamming code addr: 608976 
60284000: system.memobj: hamming code : 0 
60284000: system.memobj: hamming code addr: 608984 
60284000: system.memobj: hamming code : 0 
60284000: system.memobj: Enter Error Bit index: 4 
60284000: system.memobj: flip data : 0010000011101011111111111111111111111111011111110000000000000000 
60284000: system.memobj: -------------------------------------
60354000: system.memobj: mem->cpu Got response for addr 0x143d8 , 82904
60354000: system.memobj: size 0x8
60354000: system.memobj: id 94061723694160
60354000: system.memobj: data_hex : 24D831DB4C896424 
60354000: system.memobj: data : 0010010011011000001100011101101101001100100010010110010000100100 
60354000: system.memobj: fix data : 0010010011011000001100011101101101001100100010010110010000100100 
60354000: system.memobj: -------------------------------------
60403000: system.memobj: mem->cpu Got response for addr 0x143d8 , 82904
60403000: system.memobj: size 0x8
60403000: system.memobj: id 94061723694448
60403000: system.memobj: data_hex : 24D831DB4C896424 
60403000: system.memobj: data : 0010010011011000001100011101101101001100100010010110010000100100 
60403000: system.memobj: fix data : 0010010011011000001100011101101101001100100010010110010000100100 
60403000: system.memobj: -------------------------------------
60452000: system.memobj: mem->cpu Got response for addr 0x143e0 , 82912
60452000: system.memobj: size 0x8
60452000: system.memobj: id 94061723694160
60452000: system.memobj: data_hex : E04C896C24E831ED 
60452000: system.memobj: data : 1110000001001100100010010110110000100100111010000011000111101101 
60452000: system.memobj: fix data : 1110000001001100100010010110110000100100111010000011000111101101 
60452000: system.memobj: -------------------------------------
60452000: system.memobj: cpu->mem Got request for addr 0x94aa8 , 608936
60452000: system.memobj: size 0x8
60452000: system.memobj: id 94061723694448
60452000: system.memobj: data_hex : 0100000000000000 
60452000: system.memobj: data : 0000000100000000000000000000000000000000000000000000000000000000 
60452000: system.memobj: hamming code addr: 608936 
60452000: system.memobj: hamming code : 12 
60452000: system.memobj: hamming code addr: 608944 
60452000: system.memobj: hamming code : 0 
60452000: system.memobj: hamming code addr: 608952 
60452000: system.memobj: hamming code : 0 
60452000: system.memobj: hamming code addr: 608960 
60452000: system.memobj: hamming code : 0 
60452000: system.memobj: hamming code addr: 608968 
60452000: system.memobj: hamming code : 0 
60452000: system.memobj: hamming code addr: 608976 
60452000: system.memobj: hamming code : 0 
60452000: system.memobj: hamming code addr: 608984 
60452000: system.memobj: hamming code : 0 
60452000: system.memobj: hamming code addr: 608992 
60452000: system.memobj: hamming code : 0 
60452000: system.memobj: Enter Error Bit index: 2 
60452000: system.memobj: flip data : 0100000100000000000000000000000000000000000000000000000000000000 
60452000: system.memobj: -------------------------------------
60522000: system.memobj: mem->cpu Got response for addr 0x143e0 , 82912
60522000: system.memobj: size 0x8
60522000: system.memobj: id 94061723694448
60522000: system.memobj: data_hex : E04C896C24E831ED 
60522000: system.memobj: data : 1110000001001100100010010110110000100100111010000011000111101101 
60522000: system.memobj: fix data : 1110000001001100100010010110110000100100111010000011000111101101 
60522000: system.memobj: -------------------------------------
60522000: system.memobj: cpu->mem Got request for addr 0x94ab0 , 608944
60522000: system.memobj: size 0x8
60522000: system.memobj: id 94061723694160
60522000: system.memobj: data_hex : 0000000000000000 
60522000: system.memobj: data : 0000000000000000000000000000000000000000000000000000000000000000 
60522000: system.memobj: hamming code addr: 608944 
60522000: system.memobj: hamming code : 0 
60522000: system.memobj: hamming code addr: 608952 
60522000: system.memobj: hamming code : 0 
60522000: system.memobj: hamming code addr: 608960 
60522000: system.memobj: hamming code : 0 
60522000: system.memobj: hamming code addr: 608968 
60522000: system.memobj: hamming code : 0 
60522000: system.memobj: hamming code addr: 608976 
60522000: system.memobj: hamming code : 0 
60522000: system.memobj: hamming code addr: 608984 
60522000: system.memobj: hamming code : 0 
60522000: system.memobj: hamming code addr: 608992 
60522000: system.memobj: hamming code : 0 
60522000: system.memobj: hamming code addr: 609000 
60522000: system.memobj: hamming code : 0 
60522000: system.memobj: Enter Error Bit index: 2 
60522000: system.memobj: flip data : 0100000000000000000000000000000000000000000000000000000000000000 
60522000: system.memobj: -------------------------------------
60592000: system.memobj: mem->cpu Got response for addr 0x143e0 , 82912
60592000: system.memobj: size 0x8
60592000: system.memobj: id 94061723694160
60592000: system.memobj: data_hex : E04C896C24E831ED 
60592000: system.memobj: data : 1110000001001100100010010110110000100100111010000011000111101101 
60592000: system.memobj: fix data : 1110000001001100100010010110110000100100111010000011000111101101 
60592000: system.memobj: -------------------------------------
60641000: system.memobj: mem->cpu Got response for addr 0x143e8 , 82920
60641000: system.memobj: size 0x8
60641000: system.memobj: id 94061723694448
60641000: system.memobj: data_hex : 4C897424F04C897C 
60641000: system.memobj: data : 0100110010001001011101000010010011110000010011001000100101111100 
60641000: system.memobj: fix data : 0100110010001001011101000010010011110000010011001000100101111100 
60641000: system.memobj: -------------------------------------
60641000: system.memobj: cpu->mem Got request for addr 0x94ab8 , 608952
60641000: system.memobj: size 0x8
60641000: system.memobj: id 94061723694160
60641000: system.memobj: data_hex : D8EDFFFFFF7F0000 
60641000: system.memobj: data : 1101100011101101111111111111111111111111011111110000000000000000 
60641000: system.memobj: hamming code addr: 608952 
60641000: system.memobj: hamming code : 8 
60641000: system.memobj: hamming code addr: 608960 
60641000: system.memobj: hamming code : 15 
60641000: system.memobj: hamming code addr: 608968 
60641000: system.memobj: hamming code : 3 
60641000: system.memobj: hamming code addr: 608976 
60641000: system.memobj: hamming code : 3 
60641000: system.memobj: hamming code addr: 608984 
60641000: system.memobj: hamming code : 3 
60641000: system.memobj: hamming code addr: 608992 
60641000: system.memobj: hamming code : 0 
60641000: system.memobj: hamming code addr: 609000 
60641000: system.memobj: hamming code : 0 
60641000: system.memobj: hamming code addr: 609008 
60641000: system.memobj: hamming code : 0 
60641000: system.memobj: Enter Error Bit index: 7 
60641000: system.memobj: flip data : 1101101011101101111111111111111111111111011111110000000000000000 
60641000: system.memobj: -------------------------------------
60711000: system.memobj: mem->cpu Got response for addr 0x143e8 , 82920
60711000: system.memobj: size 0x8
60711000: system.memobj: id 94061723694160
60711000: system.memobj: data_hex : 4C897424F04C897C 
60711000: system.memobj: data : 0100110010001001011101000010010011110000010011001000100101111100 
60711000: system.memobj: fix data : 0100110010001001011101000010010011110000010011001000100101111100 
60711000: system.memobj: -------------------------------------
60760000: system.memobj: mem->cpu Got response for addr 0x143f0 , 82928
60760000: system.memobj: size 0x8
60760000: system.memobj: id 94061723694448
60760000: system.memobj: data_hex : 24F84531E44883EC 
60760000: system.memobj: data : 0010010011111000010001010011000111100100010010001000001111101100 
60760000: system.memobj: fix data : 0010010011111000010001010011000111100100010010001000001111101100 
60760000: system.memobj: -------------------------------------
60760000: system.memobj: cpu->mem Got request for addr 0x94ac0 , 608960
60760000: system.memobj: size 0x8
60760000: system.memobj: id 94061723694160
60760000: system.memobj: data_hex : 0000000000000000 
60760000: system.memobj: data : 0000000000000000000000000000000000000000000000000000000000000000 
60760000: system.memobj: hamming code addr: 608960 
60760000: system.memobj: hamming code : 0 
60760000: system.memobj: hamming code addr: 608968 
60760000: system.memobj: hamming code : 0 
60760000: system.memobj: hamming code addr: 608976 
60760000: system.memobj: hamming code : 0 
60760000: system.memobj: hamming code addr: 608984 
60760000: system.memobj: hamming code : 0 
60760000: system.memobj: hamming code addr: 608992 
60760000: system.memobj: hamming code : 0 
60760000: system.memobj: hamming code addr: 609000 
60760000: system.memobj: hamming code : 0 
60760000: system.memobj: hamming code addr: 609008 
60760000: system.memobj: hamming code : 0 
60760000: system.memobj: hamming code addr: 609016 
60760000: system.memobj: hamming code : 0 
60760000: system.memobj: Enter Error Bit index: 6 
60760000: system.memobj: flip data : 0000010000000000000000000000000000000000000000000000000000000000 
60760000: system.memobj: -------------------------------------
60830000: system.memobj: mem->cpu Got response for addr 0x143f0 , 82928
60830000: system.memobj: size 0x8
60830000: system.memobj: id 94061723694160
60830000: system.memobj: data_hex : 24F84531E44883EC 
60830000: system.memobj: data : 0010010011111000010001010011000111100100010010001000001111101100 
60830000: system.memobj: fix data : 0010010011111000010001010011000111100100010010001000001111101100 
60830000: system.memobj: -------------------------------------
60879000: system.memobj: mem->cpu Got response for addr 0x143f0 , 82928
60879000: system.memobj: size 0x8
60879000: system.memobj: id 94061723694448
60879000: system.memobj: data_hex : 24F84531E44883EC 
60879000: system.memobj: data : 0010010011111000010001010011000111100100010010001000001111101100 
60879000: system.memobj: fix data : 0010010011111000010001010011000111100100010010001000001111101100 
60879000: system.memobj: -------------------------------------
60928000: system.memobj: mem->cpu Got response for addr 0x143f8 , 82936
60928000: system.memobj: size 0x8
60928000: system.memobj: id 94061723694160
60928000: system.memobj: data_hex : 384885FF4989FD49 
60928000: system.memobj: data : 0011100001001000100001011111111101001001100010011111110101001001 
60928000: system.memobj: fix data : 0011100001001000100001011111111101001001100010011111110101001001 
60928000: system.memobj: -------------------------------------
60977000: system.memobj: mem->cpu Got response for addr 0x143f8 , 82936
60977000: system.memobj: size 0x8
60977000: system.memobj: id 94061723694448
60977000: system.memobj: data_hex : 384885FF4989FD49 
60977000: system.memobj: data : 0011100001001000100001011111111101001001100010011111110101001001 
60977000: system.memobj: fix data : 0011100001001000100001011111111101001001100010011111110101001001 
60977000: system.memobj: -------------------------------------
61026000: system.memobj: mem->cpu Got response for addr 0x143f8 , 82936
61026000: system.memobj: size 0x8
61026000: system.memobj: id 94061723694160
61026000: system.memobj: data_hex : 384885FF4989FD49 
61026000: system.memobj: data : 0011100001001000100001011111111101001001100010011111110101001001 
61026000: system.memobj: fix data : 0011100001001000100001011111111101001001100010011111110101001001 
61026000: system.memobj: -------------------------------------
61089000: system.memobj: mem->cpu Got response for addr 0x143f8 , 82936
61089000: system.memobj: size 0x8
61089000: system.memobj: id 94061723694448
61089000: system.memobj: data_hex : 384885FF4989FD49 
61089000: system.memobj: data : 0011100001001000100001011111111101001001100010011111110101001001 
61089000: system.memobj: fix data : 0011100001001000100001011111111101001001100010011111110101001001 
61089000: system.memobj: -------------------------------------
61138000: system.memobj: mem->cpu Got response for addr 0x14400 , 82944
61138000: system.memobj: size 0x8
61138000: system.memobj: id 94061723694160
61138000: system.memobj: data_hex : 89F7488914244989 
61138000: system.memobj: data : 1000100111110111010010001000100100010100001001000100100110001001 
61138000: system.memobj: fix data : 1000100111110111010010001000100100010100001001000100100110001001 
61138000: system.memobj: -------------------------------------
61187000: system.memobj: mem->cpu Got response for addr 0x14400 , 82944
61187000: system.memobj: size 0x8
61187000: system.memobj: id 94061723694448
61187000: system.memobj: data_hex : 89F7488914244989 
61187000: system.memobj: data : 1000100111110111010010001000100100010100001001000100100110001001 
61187000: system.memobj: fix data : 1000100111110111010010001000100100010100001001000100100110001001 
61187000: system.memobj: -------------------------------------
61187000: system.memobj: cpu->mem Got request for addr 0x94a90 , 608912
61187000: system.memobj: size 0x8
61187000: system.memobj: id 94061723694736
61187000: system.memobj: data_hex : 50C7400000000000 
61187000: system.memobj: data : 0101000011000111010000000000000000000000000000000000000000000000 
61187000: system.memobj: hamming code addr: 608912 
61187000: system.memobj: hamming code : 2 
61187000: system.memobj: hamming code addr: 608920 
61187000: system.memobj: hamming code : 11 
61187000: system.memobj: hamming code addr: 608928 
61187000: system.memobj: hamming code : 5 
61187000: system.memobj: hamming code addr: 608936 
61187000: system.memobj: hamming code : 0 
61187000: system.memobj: hamming code addr: 608944 
61187000: system.memobj: hamming code : 0 
61187000: system.memobj: hamming code addr: 608952 
61187000: system.memobj: hamming code : 0 
61187000: system.memobj: hamming code addr: 608960 
61187000: system.memobj: hamming code : 0 
61187000: system.memobj: hamming code addr: 608968 
61187000: system.memobj: hamming code : 0 
61187000: system.memobj: Enter Error Bit index: 5 
61187000: system.memobj: flip data : 0101100011000111010000000000000000000000000000000000000000000000 
61187000: system.memobj: -------------------------------------
61257000: system.memobj: mem->cpu Got response for addr 0x14400 , 82944
61257000: system.memobj: size 0x8
61257000: system.memobj: id 94061723694736
61257000: system.memobj: data_hex : 89F7488914244989 
61257000: system.memobj: data : 1000100111110111010010001000100100010100001001000100100110001001 
61257000: system.memobj: fix data : 1000100111110111010010001000100100010100001001000100100110001001 
61257000: system.memobj: -------------------------------------
61306000: system.memobj: mem->cpu Got response for addr 0x14408 , 82952
61306000: system.memobj: size 0x8
61306000: system.memobj: id 94061723694448
61306000: system.memobj: data_hex : CE741EBF20000000 
61306000: system.memobj: data : 1100111001110100000111101011111100100000000000000000000000000000 
61306000: system.memobj: fix data : 1100111001110100000111101011111100100000000000000000000000000000 
61306000: system.memobj: -------------------------------------
61355000: system.memobj: mem->cpu Got response for addr 0x14408 , 82952
61355000: system.memobj: size 0x8
61355000: system.memobj: id 94061723694736
61355000: system.memobj: data_hex : CE741EBF20000000 
61355000: system.memobj: data : 1100111001110100000111101011111100100000000000000000000000000000 
61355000: system.memobj: fix data : 1100111001110100000111101011111100100000000000000000000000000000 
61355000: system.memobj: -------------------------------------
61404000: system.memobj: mem->cpu Got response for addr 0x14408 , 82952
61404000: system.memobj: size 0x8
61404000: system.memobj: id 94061723694448
61404000: system.memobj: data_hex : CE741EBF20000000 
61404000: system.memobj: data : 1100111001110100000111101011111100100000000000000000000000000000 
61404000: system.memobj: fix data : 1100111001110100000111101011111100100000000000000000000000000000 
61404000: system.memobj: -------------------------------------
61453000: system.memobj: mem->cpu Got response for addr 0x14410 , 82960
61453000: system.memobj: size 0x8
61453000: system.memobj: id 94061723694736
61453000: system.memobj: data_hex : E84BB5FFFF4885C0 
61453000: system.memobj: data : 1110100001001011101101011111111111111111010010001000010111000000 
61453000: system.memobj: fix data : 1110100001001011101101011111111111111111010010001000010111000000 
61453000: system.memobj: -------------------------------------
61453000: system.memobj: cpu->mem Got request for addr 0x94a88 , 608904
61453000: system.memobj: size 0x8
61453000: system.memobj: id 94061723695024
61453000: system.memobj: data_hex : 1544410000000000 
61453000: system.memobj: data : 0001010101000100010000010000000000000000000000000000000000000000 
61453000: system.memobj: hamming code addr: 608904 
61453000: system.memobj: hamming code : 1 
61453000: system.memobj: hamming code addr: 608912 
61453000: system.memobj: hamming code : 15 
61453000: system.memobj: hamming code addr: 608920 
61453000: system.memobj: hamming code : 9 
61453000: system.memobj: hamming code addr: 608928 
61453000: system.memobj: hamming code : 0 
61453000: system.memobj: hamming code addr: 608936 
61453000: system.memobj: hamming code : 0 
61453000: system.memobj: hamming code addr: 608944 
61453000: system.memobj: hamming code : 0 
61453000: system.memobj: hamming code addr: 608952 
61453000: system.memobj: hamming code : 0 
61453000: system.memobj: hamming code addr: 608960 
61453000: system.memobj: hamming code : 0 
61453000: system.memobj: Enter Error Bit index: 5 
61453000: system.memobj: flip data : 0001110101000100010000010000000000000000000000000000000000000000 
61453000: system.memobj: -------------------------------------
61523000: system.memobj: mem->cpu Got response for addr 0xf960 , 63840
61523000: system.memobj: size 0x8
61523000: system.memobj: id 94061723695024
61523000: system.memobj: data_hex : 4C896424F048895C 
61523000: system.memobj: data : 0100110010001001011001000010010011110000010010001000100101011100 
61523000: system.memobj: fix data : 0100110010001001011001000010010011110000010010001000100101011100 
61523000: system.memobj: -------------------------------------
61523000: system.memobj: cpu->mem Got request for addr 0x94a78 , 608888
61523000: system.memobj: size 0x8
61523000: system.memobj: id 94061723694736
61523000: system.memobj: data_hex : 0000000000000000 
61523000: system.memobj: data : 0000000000000000000000000000000000000000000000000000000000000000 
61523000: system.memobj: hamming code addr: 608888 
61523000: system.memobj: hamming code : 0 
61523000: system.memobj: hamming code addr: 608896 
61523000: system.memobj: hamming code : 0 
61523000: system.memobj: hamming code addr: 608904 
61523000: system.memobj: hamming code : 0 
61523000: system.memobj: hamming code addr: 608912 
61523000: system.memobj: hamming code : 0 
61523000: system.memobj: hamming code addr: 608920 
61523000: system.memobj: hamming code : 0 
61523000: system.memobj: hamming code addr: 608928 
61523000: system.memobj: hamming code : 0 
61523000: system.memobj: hamming code addr: 608936 
61523000: system.memobj: hamming code : 0 
61523000: system.memobj: hamming code addr: 608944 
61523000: system.memobj: hamming code : 0 
61523000: system.memobj: Enter Error Bit index: 5 
61523000: system.memobj: flip data : 0000100000000000000000000000000000000000000000000000000000000000 
61523000: system.memobj: -------------------------------------
61593000: system.memobj: mem->cpu Got response for addr 0xf960 , 63840
61593000: system.memobj: size 0x8
61593000: system.memobj: id 94061723694736
61593000: system.memobj: data_hex : 4C896424F048895C 
61593000: system.memobj: data : 0100110010001001011001000010010011110000010010001000100101011100 
61593000: system.memobj: fix data : 0100110010001001011001000010010011110000010010001000100101011100 
61593000: system.memobj: -------------------------------------
61642000: system.memobj: mem->cpu Got response for addr 0xf968 , 63848
61642000: system.memobj: size 0x8
61642000: system.memobj: id 94061723695024
61642000: system.memobj: data_hex : 24E04989FC48896C 
61642000: system.memobj: data : 0010010011100000010010011000100111111100010010001000100101101100 
61642000: system.memobj: fix data : 0010010011100000010010011000100111111100010010001000100101101100 
61642000: system.memobj: -------------------------------------
61642000: system.memobj: cpu->mem Got request for addr 0x94a68 , 608872
61642000: system.memobj: size 0x8
61642000: system.memobj: id 94061723694736
61642000: system.memobj: data_hex : 0000000000000000 
61642000: system.memobj: data : 0000000000000000000000000000000000000000000000000000000000000000 
61642000: system.memobj: hamming code addr: 608872 
61642000: system.memobj: hamming code : 0 
61642000: system.memobj: hamming code addr: 608880 
61642000: system.memobj: hamming code : 0 
61642000: system.memobj: hamming code addr: 608888 
61642000: system.memobj: hamming code : 0 
61642000: system.memobj: hamming code addr: 608896 
61642000: system.memobj: hamming code : 0 
61642000: system.memobj: hamming code addr: 608904 
61642000: system.memobj: hamming code : 0 
61642000: system.memobj: hamming code addr: 608912 
61642000: system.memobj: hamming code : 0 
61642000: system.memobj: hamming code addr: 608920 
61642000: system.memobj: hamming code : 0 
61642000: system.memobj: hamming code addr: 608928 
61642000: system.memobj: hamming code : 0 
61642000: system.memobj: Enter Error Bit index: 6 
61642000: system.memobj: flip data : 0000010000000000000000000000000000000000000000000000000000000000 
61642000: system.memobj: -------------------------------------
61712000: system.memobj: mem->cpu Got response for addr 0xf968 , 63848
61712000: system.memobj: size 0x8
61712000: system.memobj: id 94061723694736
61712000: system.memobj: data_hex : 24E04989FC48896C 
61712000: system.memobj: data : 0010010011100000010010011000100111111100010010001000100101101100 
61712000: system.memobj: fix data : 0010010011100000010010011000100111111100010010001000100101101100 
61712000: system.memobj: -------------------------------------
61761000: system.memobj: mem->cpu Got response for addr 0xf968 , 63848
61761000: system.memobj: size 0x8
61761000: system.memobj: id 94061723695024
61761000: system.memobj: data_hex : 24E04989FC48896C 
61761000: system.memobj: data : 0010010011100000010010011000100111111100010010001000100101101100 
61761000: system.memobj: fix data : 0010010011100000010010011000100111111100010010001000100101101100 
61761000: system.memobj: -------------------------------------
61810000: system.memobj: mem->cpu Got response for addr 0xf970 , 63856
61810000: system.memobj: size 0x8
61810000: system.memobj: id 94061723694736
61810000: system.memobj: data_hex : 24E84C896C24F848 
61810000: system.memobj: data : 0010010011101000010011001000100101101100001001001111100001001000 
61810000: system.memobj: fix data : 0010010011101000010011001000100101101100001001001111100001001000 
61810000: system.memobj: -------------------------------------
61810000: system.memobj: cpu->mem Got request for addr 0x94a70 , 608880
61810000: system.memobj: size 0x8
61810000: system.memobj: id 94061723695024
61810000: system.memobj: data_hex : 0000000000000000 
61810000: system.memobj: data : 0000000000000000000000000000000000000000000000000000000000000000 
61810000: system.memobj: hamming code addr: 608880 
61810000: system.memobj: hamming code : 0 
61810000: system.memobj: hamming code addr: 608888 
61810000: system.memobj: hamming code : 0 
61810000: system.memobj: hamming code addr: 608896 
61810000: system.memobj: hamming code : 0 
61810000: system.memobj: hamming code addr: 608904 
61810000: system.memobj: hamming code : 0 
61810000: system.memobj: hamming code addr: 608912 
61810000: system.memobj: hamming code : 0 
61810000: system.memobj: hamming code addr: 608920 
61810000: system.memobj: hamming code : 0 
61810000: system.memobj: hamming code addr: 608928 
61810000: system.memobj: hamming code : 0 
61810000: system.memobj: hamming code addr: 608936 
61810000: system.memobj: hamming code : 0 
61810000: system.memobj: Enter Error Bit index: 1 
61810000: system.memobj: flip data : 1000000000000000000000000000000000000000000000000000000000000000 
61810000: system.memobj: -------------------------------------
61880000: system.memobj: mem->cpu Got response for addr 0xf970 , 63856
61880000: system.memobj: size 0x8
61880000: system.memobj: id 94061723695024
61880000: system.memobj: data_hex : 24E84C896C24F848 
61880000: system.memobj: data : 0010010011101000010011001000100101101100001001001111100001001000 
61880000: system.memobj: fix data : 0010010011101000010011001000100101101100001001001111100001001000 
61880000: system.memobj: -------------------------------------
61880000: system.memobj: cpu->mem Got request for addr 0x94a80 , 608896
61880000: system.memobj: size 0x8
61880000: system.memobj: id 94061723694736
61880000: system.memobj: data_hex : 80C5400000000000 
61880000: system.memobj: data : 1000000011000101010000000000000000000000000000000000000000000000 
61880000: system.memobj: hamming code addr: 608896 
61880000: system.memobj: hamming code : 3 
61880000: system.memobj: hamming code addr: 608904 
61880000: system.memobj: hamming code : 0 
61880000: system.memobj: hamming code addr: 608912 
61880000: system.memobj: hamming code : 5 
61880000: system.memobj: hamming code addr: 608920 
61880000: system.memobj: hamming code : 0 
61880000: system.memobj: hamming code addr: 608928 
61880000: system.memobj: hamming code : 0 
61880000: system.memobj: hamming code addr: 608936 
61880000: system.memobj: hamming code : 0 
61880000: system.memobj: hamming code addr: 608944 
61880000: system.memobj: hamming code : 0 
61880000: system.memobj: hamming code addr: 608952 
61880000: system.memobj: hamming code : 0 
61880000: system.memobj: Enter Error Bit index: 7 
61880000: system.memobj: flip data : 1000001011000101010000000000000000000000000000000000000000000000 
61880000: system.memobj: -------------------------------------
61950000: system.memobj: mem->cpu Got response for addr 0xf970 , 63856
61950000: system.memobj: size 0x8
61950000: system.memobj: id 94061723694736
61950000: system.memobj: data_hex : 24E84C896C24F848 
61950000: system.memobj: data : 0010010011101000010011001000100101101100001001001111100001001000 
61950000: system.memobj: fix data : 0010010011101000010011001000100101101100001001001111100001001000 
61950000: system.memobj: -------------------------------------
61999000: system.memobj: mem->cpu Got response for addr 0xf978 , 63864
61999000: system.memobj: size 0x8
61999000: system.memobj: id 94061723695024
61999000: system.memobj: data_hex : 83EC28488B05760D 
61999000: system.memobj: data : 1000001111101100001010000100100010001011000001010111011000001101 
61999000: system.memobj: fix data : 1000001111101100001010000100100010001011000001010111011000001101 
61999000: system.memobj: -------------------------------------
62048000: system.memobj: mem->cpu Got response for addr 0xf978 , 63864
62048000: system.memobj: size 0x8
62048000: system.memobj: id 94061723694736
62048000: system.memobj: data_hex : 83EC28488B05760D 
62048000: system.memobj: data : 1000001111101100001010000100100010001011000001010111011000001101 
62048000: system.memobj: fix data : 1000001111101100001010000100100010001011000001010111011000001101 
62048000: system.memobj: -------------------------------------
62097000: system.memobj: mem->cpu Got response for addr 0xf980 , 63872
62097000: system.memobj: size 0x8
62097000: system.memobj: id 94061723695024
62097000: system.memobj: data_hex : 17004885C0742948 
62097000: system.memobj: data : 0001011100000000010010001000010111000000011101000010100101001000 
62097000: system.memobj: fix data : 0001011100000000010010001000010111000000011101000010100101001000 
62097000: system.memobj: -------------------------------------
62117000: system.memobj: mem->cpu Got response for addr 0x806f8 , 526072
62117000: system.memobj: size 0x8
62117000: system.memobj: id 94061723694736
62117000: system.memobj: data_hex : 1000000000000000 
62117000: system.memobj: data : 0001000000000000000000000000000000000000000000000000000000000000 
62117000: system.memobj: hamming code addr: 526072 
62117000: system.memobj: hamming code out: 0 
62117000: system.memobj: find Error Bit index : 4 
62117000: system.memobj: hamming code addr: 526080 
62117000: system.memobj: hamming code out: 0 
62117000: system.memobj: hamming code addr: 526088 
62117000: system.memobj: hamming code out: 0 
62117000: system.memobj: hamming code addr: 526096 
62117000: system.memobj: hamming code out: 0 
62117000: system.memobj: hamming code addr: 526104 
62117000: system.memobj: hamming code out: 0 
62117000: system.memobj: hamming code addr: 526112 
62117000: system.memobj: hamming code out: 0 
62117000: system.memobj: hamming code addr: 526120 
62117000: system.memobj: hamming code out: 0 
62117000: system.memobj: hamming code addr: 526128 
62117000: system.memobj: hamming code out: 0 
62117000: system.memobj: fix data : 0000000000000000000000000000000000000000000000000000000000000000 
62117000: system.memobj: -------------------------------------
62166000: system.memobj: mem->cpu Got response for addr 0xf980 , 63872
62166000: system.memobj: size 0x8
62166000: system.memobj: id 94061723694736
62166000: system.memobj: data_hex : 17004885C0742948 
62166000: system.memobj: data : 0001011100000000010010001000010111000000011101000010100101001000 
62166000: system.memobj: fix data : 0001011100000000010010001000010111000000011101000010100101001000 
62166000: system.memobj: -------------------------------------
62215000: system.memobj: mem->cpu Got response for addr 0xf980 , 63872
62215000: system.memobj: size 0x8
62215000: system.memobj: id 94061723695024
62215000: system.memobj: data_hex : 17004885C0742948 
62215000: system.memobj: data : 0001011100000000010010001000010111000000011101000010100101001000 
62215000: system.memobj: fix data : 0001011100000000010010001000010111000000011101000010100101001000 
62215000: system.memobj: -------------------------------------
62264000: system.memobj: mem->cpu Got response for addr 0xf9b0 , 63920
62264000: system.memobj: size 0x8
62264000: system.memobj: id 94061723694736
62264000: system.memobj: data_hex : B8000000004885C0 
62264000: system.memobj: data : 1011100000000000000000000000000000000000010010001000010111000000 
62264000: system.memobj: fix data : 1011100000000000000000000000000000000000010010001000010111000000 
62264000: system.memobj: -------------------------------------
62327000: system.memobj: mem->cpu Got response for addr 0xf9b0 , 63920
62327000: system.memobj: size 0x8
62327000: system.memobj: id 94061723695024
62327000: system.memobj: data_hex : B8000000004885C0 
62327000: system.memobj: data : 1011100000000000000000000000000000000000010010001000010111000000 
62327000: system.memobj: fix data : 1011100000000000000000000000000000000000010010001000010111000000 
62327000: system.memobj: -------------------------------------
62636000: system.memobj: mem->cpu Got response for addr 0xf9b8 , 63928
62636000: system.memobj: size 0x8
62636000: system.memobj: id 94061723694736
62636000: system.memobj: data_hex : 747431FFE83F06BF 
62636000: system.memobj: data : 0111010001110100001100011111111111101000001111110000011010111111 
62636000: system.memobj: fix data : 0111010001110100001100011111111111101000001111110000011010111111 
62636000: system.memobj: -------------------------------------
62685000: system.memobj: mem->cpu Got response for addr 0xfa28 , 64040
62685000: system.memobj: size 0x8
62685000: system.memobj: id 94061723695024
62685000: system.memobj: data_hex : 204883C428C3488B 
62685000: system.memobj: data : 0010000001001000100000111100010000101000110000110100100010001011 
62685000: system.memobj: fix data : 0010000001001000100000111100010000101000110000110100100010001011 
62685000: system.memobj: -------------------------------------
62734000: system.memobj: mem->cpu Got response for addr 0xfa30 , 64048
62734000: system.memobj: size 0x8
62734000: system.memobj: id 94061723694736
62734000: system.memobj: data_hex : 2D432A1800EB8D44 
62734000: system.memobj: data : 0010110101000011001010100001100000000000111010111000110101000100 
62734000: system.memobj: fix data : 0010110101000011001010100001100000000000111010111000110101000100 
62734000: system.memobj: -------------------------------------
62754000: system.memobj: mem->cpu Got response for addr 0x92478 , 599160
62754000: system.memobj: size 0x8
62754000: system.memobj: id 94061723695312
62754000: system.memobj: data_hex : A024590000000000 
62754000: system.memobj: data : 1010000000100100010110010000000000000000000000000000000000000000 
62754000: system.memobj: hamming code addr: 599160 
62754000: system.memobj: hamming code out: 3 
62754000: system.memobj: find Error Bit index : 3 
62754000: system.memobj: hamming code addr: 599168 
62754000: system.memobj: hamming code out: 12 
62754000: system.memobj: hamming code addr: 599176 
62754000: system.memobj: hamming code out: 7 
62754000: system.memobj: hamming code addr: 599184 
62754000: system.memobj: hamming code out: 0 
62754000: system.memobj: hamming code addr: 599192 
62754000: system.memobj: hamming code out: 0 
62754000: system.memobj: hamming code addr: 599200 
62754000: system.memobj: hamming code out: 0 
62754000: system.memobj: hamming code addr: 599208 
62754000: system.memobj: hamming code out: 0 
62754000: system.memobj: hamming code addr: 599216 
62754000: system.memobj: hamming code out: 0 
62754000: system.memobj: fix data : 1000000000100100010110010000000000000000000000000000000000000000 
62754000: system.memobj: -------------------------------------
62803000: system.memobj: mem->cpu Got response for addr 0xfa30 , 64048
62803000: system.memobj: size 0x8
62803000: system.memobj: id 94061723695312
62803000: system.memobj: data_hex : 2D432A1800EB8D44 
62803000: system.memobj: data : 0010110101000011001010100001100000000000111010111000110101000100 
62803000: system.memobj: fix data : 0010110101000011001010100001100000000000111010111000110101000100 
62803000: system.memobj: -------------------------------------
62852000: system.memobj: mem->cpu Got response for addr 0xf9c0 , 63936
62852000: system.memobj: size 0x8
62852000: system.memobj: id 94061723694736
62852000: system.memobj: data_hex : FF4889C54885ED48 
62852000: system.memobj: data : 1111111101001000100010011100010101001000100001011110110101001000 
62852000: system.memobj: fix data : 1111111101001000100010011100010101001000100001011110110101001000 
62852000: system.memobj: -------------------------------------
62901000: system.memobj: mem->cpu Got response for addr 0xf9c0 , 63936
62901000: system.memobj: size 0x8
62901000: system.memobj: id 94061723695312
62901000: system.memobj: data_hex : FF4889C54885ED48 
62901000: system.memobj: data : 1111111101001000100010011100010101001000100001011110110101001000 
62901000: system.memobj: fix data : 1111111101001000100010011100010101001000100001011110110101001000 
62901000: system.memobj: -------------------------------------
62950000: system.memobj: mem->cpu Got response for addr 0xf9c8 , 63944
62950000: system.memobj: size 0x8
62950000: system.memobj: id 94061723694736
62950000: system.memobj: data_hex : 89EB0F8482000000 
62950000: system.memobj: data : 1000100111101011000011111000010010000010000000000000000000000000 
62950000: system.memobj: fix data : 1000100111101011000011111000010010000010000000000000000000000000 
62950000: system.memobj: -------------------------------------
62999000: system.memobj: mem->cpu Got response for addr 0xf9c8 , 63944
62999000: system.memobj: size 0x8
62999000: system.memobj: id 94061723695312
62999000: system.memobj: data_hex : 89EB0F8482000000 
62999000: system.memobj: data : 1000100111101011000011111000010010000010000000000000000000000000 
62999000: system.memobj: fix data : 1000100111101011000011111000010010000010000000000000000000000000 
62999000: system.memobj: -------------------------------------
63048000: system.memobj: mem->cpu Got response for addr 0xf9d0 , 63952
63048000: system.memobj: size 0x8
63048000: system.memobj: id 94061723694736
63048000: system.memobj: data_hex : B8000000004885C0 
63048000: system.memobj: data : 1011100000000000000000000000000000000000010010001000010111000000 
63048000: system.memobj: fix data : 1011100000000000000000000000000000000000010010001000010111000000 
63048000: system.memobj: -------------------------------------
63097000: system.memobj: mem->cpu Got response for addr 0xf9d0 , 63952
63097000: system.memobj: size 0x8
63097000: system.memobj: id 94061723695312
63097000: system.memobj: data_hex : B8000000004885C0 
63097000: system.memobj: data : 1011100000000000000000000000000000000000010010001000010111000000 
63097000: system.memobj: fix data : 1011100000000000000000000000000000000000010010001000010111000000 
63097000: system.memobj: -------------------------------------
63146000: system.memobj: mem->cpu Got response for addr 0xf9d8 , 63960
63146000: system.memobj: size 0x8
63146000: system.memobj: id 94061723694736
63146000: system.memobj: data_hex : 745D4889EFE81E06 
63146000: system.memobj: data : 0111010001011101010010001000100111101111111010000001111000000110 
63146000: system.memobj: fix data : 0111010001011101010010001000100111101111111010000001111000000110 
63146000: system.memobj: -------------------------------------
63195000: system.memobj: mem->cpu Got response for addr 0xfa30 , 64048
63195000: system.memobj: size 0x8
63195000: system.memobj: id 94061723695312
63195000: system.memobj: data_hex : 2D432A1800EB8D44 
63195000: system.memobj: data : 0010110101000011001010100001100000000000111010111000110101000100 
63195000: system.memobj: fix data : 0010110101000011001010100001100000000000111010111000110101000100 
63195000: system.memobj: -------------------------------------
63244000: system.memobj: mem->cpu Got response for addr 0xfa38 , 64056
63244000: system.memobj: size 0x8
63244000: system.memobj: id 94061723694736
63244000: system.memobj: data_hex : 8B5D004585DB7512 
63244000: system.memobj: data : 1000101101011101000000000100010110000101110110110111010100010010 
63244000: system.memobj: fix data : 1000101101011101000000000100010110000101110110110111010100010010 
63244000: system.memobj: -------------------------------------
63264000: system.memobj: mem->cpu Got response for addr 0x92480 , 599168
63264000: system.memobj: size 0x4
63264000: system.memobj: id 94061723695600
63264000: system.memobj: data_hex : 20000000 
63264000: system.memobj: data : 00100000000000000000000000000000 
63264000: system.memobj: hamming code addr: 599168 
63264000: system.memobj: hamming code out: 0 
63264000: system.memobj: find Error Bit index : 3 
63264000: system.memobj: hamming code addr: 599176 
63264000: system.memobj: hamming code out: 0 
63264000: system.memobj: hamming code addr: 599184 
63264000: system.memobj: hamming code out: 0 
63264000: system.memobj: hamming code addr: 599192 
63264000: system.memobj: hamming code out: 0 
63264000: system.memobj: fix data : 00000000000000000000000000000000 
63264000: system.memobj: -------------------------------------
63313000: system.memobj: mem->cpu Got response for addr 0xfa38 , 64056
63313000: system.memobj: size 0x8
63313000: system.memobj: id 94061723695600
63313000: system.memobj: data_hex : 8B5D004585DB7512 
63313000: system.memobj: data : 1000101101011101000000000100010110000101110110110111010100010010 
63313000: system.memobj: fix data : 1000101101011101000000000100010110000101110110110111010100010010 
63313000: system.memobj: -------------------------------------
63362000: system.memobj: mem->cpu Got response for addr 0xfa38 , 64056
63362000: system.memobj: size 0x8
63362000: system.memobj: id 94061723694736
63362000: system.memobj: data_hex : 8B5D004585DB7512 
63362000: system.memobj: data : 1000101101011101000000000100010110000101110110110111010100010010 
63362000: system.memobj: fix data : 1000101101011101000000000100010110000101110110110111010100010010 
63362000: system.memobj: -------------------------------------
63411000: system.memobj: mem->cpu Got response for addr 0xfa40 , 64064
63411000: system.memobj: size 0x8
63411000: system.memobj: id 94061723695600
63411000: system.memobj: data_hex : C7450001000000EB 
63411000: system.memobj: data : 1100011101000101000000000000000100000000000000000000000011101011 
63411000: system.memobj: fix data : 1100011101000101000000000000000100000000000000000000000011101011 
63411000: system.memobj: -------------------------------------
63411000: system.memobj: cpu->mem Got request for addr 0x92480 , 599168
63411000: system.memobj: size 0x4
63411000: system.memobj: id 94061723695888
63411000: system.memobj: data_hex : 01000000 
63411000: system.memobj: data : 00000001000000000000000000000000 
63411000: system.memobj: hamming code addr: 599168 
63411000: system.memobj: hamming code : 12 
63411000: system.memobj: hamming code addr: 599176 
63411000: system.memobj: hamming code : 0 
63411000: system.memobj: hamming code addr: 599184 
63411000: system.memobj: hamming code : 0 
63411000: system.memobj: hamming code addr: 599192 
63411000: system.memobj: hamming code : 0 
63411000: system.memobj: Enter Error Bit index: 2 
63411000: system.memobj: flip data : 01000001000000000000000000000000 
63411000: system.memobj: -------------------------------------
63495000: system.memobj: mem->cpu Got response for addr 0xfa40 , 64064
63495000: system.memobj: size 0x8
63495000: system.memobj: id 94061723695888
63495000: system.memobj: data_hex : C7450001000000EB 
63495000: system.memobj: data : 1100011101000101000000000000000100000000000000000000000011101011 
63495000: system.memobj: fix data : 1100011101000101000000000000000100000000000000000000000011101011 
63495000: system.memobj: -------------------------------------
63544000: system.memobj: mem->cpu Got response for addr 0xfa48 , 64072
63544000: system.memobj: size 0x8
63544000: system.memobj: id 94061723695600
63544000: system.memobj: data_hex : 9DC7030000000090 
63544000: system.memobj: data : 1001110111000111000000110000000000000000000000000000000010010000 
63544000: system.memobj: fix data : 1001110111000111000000110000000000000000000000000000000010010000 
63544000: system.memobj: -------------------------------------
63593000: system.memobj: mem->cpu Got response for addr 0xf9e0 , 63968
63593000: system.memobj: size 0x8
63593000: system.memobj: id 94061723695888
63593000: system.memobj: data_hex : BFFF85C0756C31C0 
63593000: system.memobj: data : 1011111111111111100001011100000001110101011011000011000111000000 
63593000: system.memobj: fix data : 1011111111111111100001011100000001110101011011000011000111000000 
63593000: system.memobj: -------------------------------------
63642000: system.memobj: mem->cpu Got response for addr 0xf9e8 , 63976
63642000: system.memobj: size 0x8
63642000: system.memobj: id 94061723695600
63642000: system.memobj: data_hex : 4885DB74284C89E6 
63642000: system.memobj: data : 0100100010000101110110110111010000101000010011001000100111100110 
63642000: system.memobj: fix data : 0100100010000101110110110111010000101000010011001000100111100110 
63642000: system.memobj: -------------------------------------
63691000: system.memobj: mem->cpu Got response for addr 0xf9e8 , 63976
63691000: system.memobj: size 0x8
63691000: system.memobj: id 94061723695888
63691000: system.memobj: data_hex : 4885DB74284C89E6 
63691000: system.memobj: data : 0100100010000101110110110111010000101000010011001000100111100110 
63691000: system.memobj: fix data : 0100100010000101110110110111010000101000010011001000100111100110 
63691000: system.memobj: -------------------------------------
63740000: system.memobj: mem->cpu Got response for addr 0xf9e8 , 63976
63740000: system.memobj: size 0x8
63740000: system.memobj: id 94061723695600
63740000: system.memobj: data_hex : 4885DB74284C89E6 
63740000: system.memobj: data : 0100100010000101110110110111010000101000010011001000100111100110 
63740000: system.memobj: fix data : 0100100010000101110110110111010000101000010011001000100111100110 
63740000: system.memobj: -------------------------------------
63789000: system.memobj: mem->cpu Got response for addr 0xf9f0 , 63984
63789000: system.memobj: size 0x8
63789000: system.memobj: id 94061723695888
63789000: system.memobj: data_hex : 4889DFE888E3FFFF 
63789000: system.memobj: data : 0100100010001001110111111110100010001000111000111111111111111111 
63789000: system.memobj: fix data : 0100100010001001110111111110100010001000111000111111111111111111 
63789000: system.memobj: -------------------------------------
63838000: system.memobj: mem->cpu Got response for addr 0xf9f0 , 63984
63838000: system.memobj: size 0x8
63838000: system.memobj: id 94061723695600
63838000: system.memobj: data_hex : 4889DFE888E3FFFF 
63838000: system.memobj: data : 0100100010001001110111111110100010001000111000111111111111111111 
63838000: system.memobj: fix data : 0100100010001001110111111110100010001000111000111111111111111111 
63838000: system.memobj: -------------------------------------
63838000: system.memobj: cpu->mem Got request for addr 0x94a58 , 608856
63838000: system.memobj: size 0x8
63838000: system.memobj: id 94061723696176
63838000: system.memobj: data_hex : F8F9400000000000 
63838000: system.memobj: data : 1111100011111001010000000000000000000000000000000000000000000000 
63838000: system.memobj: hamming code addr: 608856 
63838000: system.memobj: hamming code : 14 
63838000: system.memobj: hamming code addr: 608864 
63838000: system.memobj: hamming code : 2 
63838000: system.memobj: hamming code addr: 608872 
63838000: system.memobj: hamming code : 5 
63838000: system.memobj: hamming code addr: 608880 
63838000: system.memobj: hamming code : 0 
63838000: system.memobj: hamming code addr: 608888 
63838000: system.memobj: hamming code : 0 
63838000: system.memobj: hamming code addr: 608896 
63838000: system.memobj: hamming code : 0 
63838000: system.memobj: hamming code addr: 608904 
63838000: system.memobj: hamming code : 0 
63838000: system.memobj: hamming code addr: 608912 
63838000: system.memobj: hamming code : 0 
63838000: system.memobj: Enter Error Bit index: 2 
63838000: system.memobj: flip data : 1011100011111001010000000000000000000000000000000000000000000000 
63838000: system.memobj: -------------------------------------
63922000: system.memobj: mem->cpu Got response for addr 0xdd80 , 56704
63922000: system.memobj: size 0x8
63922000: system.memobj: id 94061723696176
63922000: system.memobj: data_hex : 4157415641554989 
63922000: system.memobj: data : 0100000101010111010000010101011001000001010101010100100110001001 
63922000: system.memobj: fix data : 0100000101010111010000010101011001000001010101010100100110001001 
63922000: system.memobj: -------------------------------------
63922000: system.memobj: cpu->mem Got request for addr 0x94a50 , 608848
63922000: system.memobj: size 0x8
63922000: system.memobj: id 94061723695600
63922000: system.memobj: data_hex : 80C6400000000000 
63922000: system.memobj: data : 1000000011000110010000000000000000000000000000000000000000000000 
63922000: system.memobj: hamming code addr: 608848 
63922000: system.memobj: hamming code : 3 
63922000: system.memobj: hamming code addr: 608856 
63922000: system.memobj: hamming code : 7 
63922000: system.memobj: hamming code addr: 608864 
63922000: system.memobj: hamming code : 5 
63922000: system.memobj: hamming code addr: 608872 
63922000: system.memobj: hamming code : 0 
63922000: system.memobj: hamming code addr: 608880 
63922000: system.memobj: hamming code : 0 
63922000: system.memobj: hamming code addr: 608888 
63922000: system.memobj: hamming code : 0 
63922000: system.memobj: hamming code addr: 608896 
63922000: system.memobj: hamming code : 0 
63922000: system.memobj: hamming code addr: 608904 
63922000: system.memobj: hamming code : 0 
63922000: system.memobj: Enter Error Bit index: 2 
63922000: system.memobj: flip data : 1100000011000110010000000000000000000000000000000000000000000000 
63922000: system.memobj: -------------------------------------
63992000: system.memobj: mem->cpu Got response for addr 0xdd80 , 56704
63992000: system.memobj: size 0x8
63992000: system.memobj: id 94061723695600
63992000: system.memobj: data_hex : 4157415641554989 
63992000: system.memobj: data : 0100000101010111010000010101011001000001010101010100100110001001 
63992000: system.memobj: fix data : 0100000101010111010000010101011001000001010101010100100110001001 
63992000: system.memobj: -------------------------------------
63992000: system.memobj: cpu->mem Got request for addr 0x94a48 , 608840
63992000: system.memobj: size 0x8
63992000: system.memobj: id 94061723696176
63992000: system.memobj: data_hex : 0000000000000000 
63992000: system.memobj: data : 0000000000000000000000000000000000000000000000000000000000000000 
63992000: system.memobj: hamming code addr: 608840 
63992000: system.memobj: hamming code : 0 
63992000: system.memobj: hamming code addr: 608848 
63992000: system.memobj: hamming code : 0 
63992000: system.memobj: hamming code addr: 608856 
63992000: system.memobj: hamming code : 0 
63992000: system.memobj: hamming code addr: 608864 
63992000: system.memobj: hamming code : 0 
63992000: system.memobj: hamming code addr: 608872 
63992000: system.memobj: hamming code : 0 
63992000: system.memobj: hamming code addr: 608880 
63992000: system.memobj: hamming code : 0 
63992000: system.memobj: hamming code addr: 608888 
63992000: system.memobj: hamming code : 0 
63992000: system.memobj: hamming code addr: 608896 
63992000: system.memobj: hamming code : 0 
63992000: system.memobj: Enter Error Bit index: 5 
63992000: system.memobj: flip data : 0000100000000000000000000000000000000000000000000000000000000000 
63992000: system.memobj: -------------------------------------
64062000: system.memobj: mem->cpu Got response for addr 0xdd80 , 56704
64062000: system.memobj: size 0x8
64062000: system.memobj: id 94061723696176
64062000: system.memobj: data_hex : 4157415641554989 
64062000: system.memobj: data : 0100000101010111010000010101011001000001010101010100100110001001 
64062000: system.memobj: fix data : 0100000101010111010000010101011001000001010101010100100110001001 
64062000: system.memobj: -------------------------------------
64062000: system.memobj: cpu->mem Got request for addr 0x94a40 , 608832
64062000: system.memobj: size 0x8
64062000: system.memobj: id 94061723695600
64062000: system.memobj: data_hex : 80C5400000000000 
64062000: system.memobj: data : 1000000011000101010000000000000000000000000000000000000000000000 
64062000: system.memobj: hamming code addr: 608832 
64062000: system.memobj: hamming code : 3 
64062000: system.memobj: hamming code addr: 608840 
64062000: system.memobj: hamming code : 0 
64062000: system.memobj: hamming code addr: 608848 
64062000: system.memobj: hamming code : 5 
64062000: system.memobj: hamming code addr: 608856 
64062000: system.memobj: hamming code : 0 
64062000: system.memobj: hamming code addr: 608864 
64062000: system.memobj: hamming code : 0 
64062000: system.memobj: hamming code addr: 608872 
64062000: system.memobj: hamming code : 0 
64062000: system.memobj: hamming code addr: 608880 
64062000: system.memobj: hamming code : 0 
64062000: system.memobj: hamming code addr: 608888 
64062000: system.memobj: hamming code : 0 
64062000: system.memobj: Enter Error Bit index: 4 
64062000: system.memobj: flip data : 1001000011000101010000000000000000000000000000000000000000000000 
64062000: system.memobj: -------------------------------------
64132000: system.memobj: mem->cpu Got response for addr 0xdd80 , 56704
64132000: system.memobj: size 0x8
64132000: system.memobj: id 94061723695600
64132000: system.memobj: data_hex : 4157415641554989 
64132000: system.memobj: data : 0100000101010111010000010101011001000001010101010100100110001001 
64132000: system.memobj: fix data : 0100000101010111010000010101011001000001010101010100100110001001 
64132000: system.memobj: -------------------------------------
64181000: system.memobj: mem->cpu Got response for addr 0xdd88 , 56712
64181000: system.memobj: size 0x8
64181000: system.memobj: id 94061723696176
64181000: system.memobj: data_hex : FD415455534883EC 
64181000: system.memobj: data : 1111110101000001010101000101010101010011010010001000001111101100 
64181000: system.memobj: fix data : 1111110101000001010101000101010101010011010010001000001111101100 
64181000: system.memobj: -------------------------------------
64230000: system.memobj: mem->cpu Got response for addr 0xdd88 , 56712
64230000: system.memobj: size 0x8
64230000: system.memobj: id 94061723695600
64230000: system.memobj: data_hex : FD415455534883EC 
64230000: system.memobj: data : 1111110101000001010101000101010101010011010010001000001111101100 
64230000: system.memobj: fix data : 1111110101000001010101000101010101010011010010001000001111101100 
64230000: system.memobj: -------------------------------------
64230000: system.memobj: cpu->mem Got request for addr 0x94a38 , 608824
64230000: system.memobj: size 0x8
64230000: system.memobj: id 94061723696176
64230000: system.memobj: data_hex : 2000000000000000 
64230000: system.memobj: data : 0010000000000000000000000000000000000000000000000000000000000000 
64230000: system.memobj: hamming code addr: 608824 
64230000: system.memobj: hamming code : 6 
64230000: system.memobj: hamming code addr: 608832 
64230000: system.memobj: hamming code : 0 
64230000: system.memobj: hamming code addr: 608840 
64230000: system.memobj: hamming code : 0 
64230000: system.memobj: hamming code addr: 608848 
64230000: system.memobj: hamming code : 0 
64230000: system.memobj: hamming code addr: 608856 
64230000: system.memobj: hamming code : 0 
64230000: system.memobj: hamming code addr: 608864 
64230000: system.memobj: hamming code : 0 
64230000: system.memobj: hamming code addr: 608872 
64230000: system.memobj: hamming code : 0 
64230000: system.memobj: hamming code addr: 608880 
64230000: system.memobj: hamming code : 0 
64230000: system.memobj: Enter Error Bit index: 1 
64230000: system.memobj: flip data : 1010000000000000000000000000000000000000000000000000000000000000 
64230000: system.memobj: -------------------------------------
64300000: system.memobj: mem->cpu Got response for addr 0xdd88 , 56712
64300000: system.memobj: size 0x8
64300000: system.memobj: id 94061723696176
64300000: system.memobj: data_hex : FD415455534883EC 
64300000: system.memobj: data : 1111110101000001010101000101010101010011010010001000001111101100 
64300000: system.memobj: fix data : 1111110101000001010101000101010101010011010010001000001111101100 
64300000: system.memobj: -------------------------------------
64300000: system.memobj: cpu->mem Got request for addr 0x94a30 , 608816
64300000: system.memobj: size 0x8
64300000: system.memobj: id 94061723695600
64300000: system.memobj: data_hex : 8024590000000000 
64300000: system.memobj: data : 1000000000100100010110010000000000000000000000000000000000000000 
64300000: system.memobj: hamming code addr: 608816 
64300000: system.memobj: hamming code : 3 
64300000: system.memobj: hamming code addr: 608824 
64300000: system.memobj: hamming code : 12 
64300000: system.memobj: hamming code addr: 608832 
64300000: system.memobj: hamming code : 7 
64300000: system.memobj: hamming code addr: 608840 
64300000: system.memobj: hamming code : 0 
64300000: system.memobj: hamming code addr: 608848 
64300000: system.memobj: hamming code : 0 
64300000: system.memobj: hamming code addr: 608856 
64300000: system.memobj: hamming code : 0 
64300000: system.memobj: hamming code addr: 608864 
64300000: system.memobj: hamming code : 0 
64300000: system.memobj: hamming code addr: 608872 
64300000: system.memobj: hamming code : 0 
64300000: system.memobj: Enter Error Bit index: 2 
64300000: system.memobj: flip data : 1100000000100100010110010000000000000000000000000000000000000000 
64300000: system.memobj: -------------------------------------
64370000: system.memobj: mem->cpu Got response for addr 0xdd88 , 56712
64370000: system.memobj: size 0x8
64370000: system.memobj: id 94061723695600
64370000: system.memobj: data_hex : FD415455534883EC 
64370000: system.memobj: data : 1111110101000001010101000101010101010011010010001000001111101100 
64370000: system.memobj: fix data : 1111110101000001010101000101010101010011010010001000001111101100 
64370000: system.memobj: -------------------------------------
64370000: system.memobj: cpu->mem Got request for addr 0x94a28 , 608808
64370000: system.memobj: size 0x8
64370000: system.memobj: id 94061723696176
64370000: system.memobj: data_hex : 8024590000000000 
64370000: system.memobj: data : 1000000000100100010110010000000000000000000000000000000000000000 
64370000: system.memobj: hamming code addr: 608808 
64370000: system.memobj: hamming code : 3 
64370000: system.memobj: hamming code addr: 608816 
64370000: system.memobj: hamming code : 12 
64370000: system.memobj: hamming code addr: 608824 
64370000: system.memobj: hamming code : 7 
64370000: system.memobj: hamming code addr: 608832 
64370000: system.memobj: hamming code : 0 
64370000: system.memobj: hamming code addr: 608840 
64370000: system.memobj: hamming code : 0 
64370000: system.memobj: hamming code addr: 608848 
64370000: system.memobj: hamming code : 0 
64370000: system.memobj: hamming code addr: 608856 
64370000: system.memobj: hamming code : 0 
64370000: system.memobj: hamming code addr: 608864 
64370000: system.memobj: hamming code : 0 
64370000: system.memobj: Enter Error Bit index: 8 
64370000: system.memobj: flip data : 1000000100100100010110010000000000000000000000000000000000000000 
64370000: system.memobj: -------------------------------------
64440000: system.memobj: mem->cpu Got response for addr 0xdd88 , 56712
64440000: system.memobj: size 0x8
64440000: system.memobj: id 94061723696176
64440000: system.memobj: data_hex : FD415455534883EC 
64440000: system.memobj: data : 1111110101000001010101000101010101010011010010001000001111101100 
64440000: system.memobj: fix data : 1111110101000001010101000101010101010011010010001000001111101100 
64440000: system.memobj: -------------------------------------
64489000: system.memobj: mem->cpu Got response for addr 0xdd90 , 56720
64489000: system.memobj: size 0x8
64489000: system.memobj: id 94061723695600
64489000: system.memobj: data_hex : 484883FEBF0F875C 
64489000: system.memobj: data : 0100100001001000100000111111111010111111000011111000011101011100 
64489000: system.memobj: fix data : 0100100001001000100000111111111010111111000011111000011101011100 
64489000: system.memobj: -------------------------------------
64538000: system.memobj: mem->cpu Got response for addr 0xdd90 , 56720
64538000: system.memobj: size 0x8
64538000: system.memobj: id 94061723696176
64538000: system.memobj: data_hex : 484883FEBF0F875C 
64538000: system.memobj: data : 0100100001001000100000111111111010111111000011111000011101011100 
64538000: system.memobj: fix data : 0100100001001000100000111111111010111111000011111000011101011100 
64538000: system.memobj: -------------------------------------
64587000: system.memobj: mem->cpu Got response for addr 0xdd90 , 56720
64587000: system.memobj: size 0x8
64587000: system.memobj: id 94061723695600
64587000: system.memobj: data_hex : 484883FEBF0F875C 
64587000: system.memobj: data : 0100100001001000100000111111111010111111000011111000011101011100 
64587000: system.memobj: fix data : 0100100001001000100000111111111010111111000011111000011101011100 
64587000: system.memobj: -------------------------------------
64636000: system.memobj: mem->cpu Got response for addr 0xdd98 , 56728
64636000: system.memobj: size 0x8
64636000: system.memobj: id 94061723696176
64636000: system.memobj: data_hex : 040000488D461748 
64636000: system.memobj: data : 0000010000000000000000000100100010001101010001100001011101001000 
64636000: system.memobj: fix data : 0000010000000000000000000100100010001101010001100001011101001000 
64636000: system.memobj: -------------------------------------
64685000: system.memobj: mem->cpu Got response for addr 0xdd98 , 56728
64685000: system.memobj: size 0x8
64685000: system.memobj: id 94061723695600
64685000: system.memobj: data_hex : 040000488D461748 
64685000: system.memobj: data : 0000010000000000000000000100100010001101010001100001011101001000 
64685000: system.memobj: fix data : 0000010000000000000000000100100010001101010001100001011101001000 
64685000: system.memobj: -------------------------------------
64734000: system.memobj: mem->cpu Got response for addr 0xdd98 , 56728
64734000: system.memobj: size 0x8
64734000: system.memobj: id 94061723696464
64734000: system.memobj: data_hex : 040000488D461748 
64734000: system.memobj: data : 0000010000000000000000000100100010001101010001100001011101001000 
64734000: system.memobj: fix data : 0000010000000000000000000100100010001101010001100001011101001000 
64734000: system.memobj: -------------------------------------
64783000: system.memobj: mem->cpu Got response for addr 0xdda0 , 56736
64783000: system.memobj: size 0x8
64783000: system.memobj: id 94061723695600
64783000: system.memobj: data_hex : C744244020000000 
64783000: system.memobj: data : 1100011101000100001001000100000000100000000000000000000000000000 
64783000: system.memobj: fix data : 1100011101000100001001000100000000100000000000000000000000000000 
64783000: system.memobj: -------------------------------------
64783000: system.memobj: cpu->mem Got request for addr 0x94a20 , 608800
64783000: system.memobj: size 0x8
64783000: system.memobj: id 94061723696752
64783000: system.memobj: data_hex : 2000000000000000 
64783000: system.memobj: data : 0010000000000000000000000000000000000000000000000000000000000000 
64783000: system.memobj: hamming code addr: 608800 
64783000: system.memobj: hamming code : 6 
64783000: system.memobj: hamming code addr: 608808 
64783000: system.memobj: hamming code : 0 
64783000: system.memobj: hamming code addr: 608816 
64783000: system.memobj: hamming code : 0 
64783000: system.memobj: hamming code addr: 608824 
64783000: system.memobj: hamming code : 0 
64783000: system.memobj: hamming code addr: 608832 
64783000: system.memobj: hamming code : 0 
64783000: system.memobj: hamming code addr: 608840 
64783000: system.memobj: hamming code : 0 
64783000: system.memobj: hamming code addr: 608848 
64783000: system.memobj: hamming code : 0 
64783000: system.memobj: hamming code addr: 608856 
64783000: system.memobj: hamming code : 0 
64783000: system.memobj: Enter Error Bit index: 6 
64783000: system.memobj: flip data : 0010010000000000000000000000000000000000000000000000000000000000 
64783000: system.memobj: -------------------------------------
64867000: system.memobj: mem->cpu Got response for addr 0xdda8 , 56744
64867000: system.memobj: size 0x8
64867000: system.memobj: id 94061723696752
64867000: system.memobj: data_hex : 488B4F284889C248 
64867000: system.memobj: data : 0100100010001011010011110010100001001000100010011100001001001000 
64867000: system.memobj: fix data : 0100100010001011010011110010100001001000100010011100001001001000 
64867000: system.memobj: -------------------------------------
64930000: system.memobj: mem->cpu Got response for addr 0x924a8 , 599208
64930000: system.memobj: size 0x8
64930000: system.memobj: id 94061724540944
64930000: system.memobj: data_hex : 0000000000000000 
64930000: system.memobj: data : 0000000000000000000000000000000000000000000000000000000000000000 
64930000: system.memobj: fix data : 0000000000000000000000000000000000000000000000000000000000000000 
64930000: system.memobj: -------------------------------------
64979000: system.memobj: mem->cpu Got response for addr 0xdda8 , 56744
64979000: system.memobj: size 0x8
64979000: system.memobj: id 94061724540944
64979000: system.memobj: data_hex : 488B4F284889C248 
64979000: system.memobj: data : 0100100010001011010011110010100001001000100010011100001001001000 
64979000: system.memobj: fix data : 0100100010001011010011110010100001001000100010011100001001001000 
64979000: system.memobj: -------------------------------------
65028000: system.memobj: mem->cpu Got response for addr 0xdda8 , 56744
65028000: system.memobj: size 0x8
65028000: system.memobj: id 94061723696752
65028000: system.memobj: data_hex : 488B4F284889C248 
65028000: system.memobj: data : 0100100010001011010011110010100001001000100010011100001001001000 
65028000: system.memobj: fix data : 0100100010001011010011110010100001001000100010011100001001001000 
65028000: system.memobj: -------------------------------------
65077000: system.memobj: mem->cpu Got response for addr 0xddb0 , 56752
65077000: system.memobj: size 0x8
65077000: system.memobj: id 94061724540944
65077000: system.memobj: data_hex : 83E2F04883F82048 
65077000: system.memobj: data : 1000001111100010111100000100100010000011111110000010000001001000 
65077000: system.memobj: fix data : 1000001111100010111100000100100010000011111110000010000001001000 
65077000: system.memobj: -------------------------------------
65126000: system.memobj: mem->cpu Got response for addr 0xddb0 , 56752
65126000: system.memobj: size 0x8
65126000: system.memobj: id 94061723696752
65126000: system.memobj: data_hex : 83E2F04883F82048 
65126000: system.memobj: data : 1000001111100010111100000100100010000011111110000010000001001000 
65126000: system.memobj: fix data : 1000001111100010111100000100100010000011111110000010000001001000 
65126000: system.memobj: -------------------------------------
65175000: system.memobj: mem->cpu Got response for addr 0xddb0 , 56752
65175000: system.memobj: size 0x8
65175000: system.memobj: id 94061724540944
65175000: system.memobj: data_hex : 83E2F04883F82048 
65175000: system.memobj: data : 1000001111100010111100000100100010000011111110000010000001001000 
65175000: system.memobj: fix data : 1000001111100010111100000100100010000011111110000010000001001000 
65175000: system.memobj: -------------------------------------
65224000: system.memobj: mem->cpu Got response for addr 0xddb8 , 56760
65224000: system.memobj: size 0x8
65224000: system.memobj: id 94061723696752
65224000: system.memobj: data_hex : 0F425424404839D1 
65224000: system.memobj: data : 0000111101000010010101000010010001000000010010000011100111010001 
65224000: system.memobj: fix data : 0000111101000010010101000010010001000000010010000011100111010001 
65224000: system.memobj: -------------------------------------
65287000: system.memobj: mem->cpu Got response for addr 0x94a20 , 608800
65287000: system.memobj: size 0x8
65287000: system.memobj: id 94061724541232
65287000: system.memobj: data_hex : 2400000000000000 
65287000: system.memobj: data : 0010010000000000000000000000000000000000000000000000000000000000 
65287000: system.memobj: hamming code addr: 608800 
65287000: system.memobj: hamming code out: 6 
65287000: system.memobj: find Error Bit index : 6 
65287000: system.memobj: hamming code addr: 608808 
65287000: system.memobj: hamming code out: 0 
65287000: system.memobj: hamming code addr: 608816 
65287000: system.memobj: hamming code out: 0 
65287000: system.memobj: hamming code addr: 608824 
65287000: system.memobj: hamming code out: 0 
65287000: system.memobj: hamming code addr: 608832 
65287000: system.memobj: hamming code out: 0 
65287000: system.memobj: hamming code addr: 608840 
65287000: system.memobj: hamming code out: 0 
65287000: system.memobj: hamming code addr: 608848 
65287000: system.memobj: hamming code out: 0 
65287000: system.memobj: hamming code addr: 608856 
65287000: system.memobj: hamming code out: 0 
65287000: system.memobj: fix data : 0010000000000000000000000000000000000000000000000000000000000000 
65287000: system.memobj: -------------------------------------
65336000: system.memobj: mem->cpu Got response for addr 0xddb8 , 56760
65336000: system.memobj: size 0x8
65336000: system.memobj: id 94061724541232
65336000: system.memobj: data_hex : 0F425424404839D1 
65336000: system.memobj: data : 0000111101000010010101000010010001000000010010000011100111010001 
65336000: system.memobj: fix data : 0000111101000010010101000010010001000000010010000011100111010001 
65336000: system.memobj: -------------------------------------
65385000: system.memobj: mem->cpu Got response for addr 0xddc0 , 56768
65385000: system.memobj: size 0x8
65385000: system.memobj: id 94061723696752
65385000: system.memobj: data_hex : 4889542440724E8B 
65385000: system.memobj: data : 0100100010001001010101000010010001000000011100100100111010001011 
65385000: system.memobj: fix data : 0100100010001001010101000010010001000000011100100100111010001011 
65385000: system.memobj: -------------------------------------
65385000: system.memobj: cpu->mem Got request for addr 0x94a20 , 608800
65385000: system.memobj: size 0x8
65385000: system.memobj: id 94061724541520
65385000: system.memobj: data_hex : 3000000000000000 
65385000: system.memobj: data : 0011000000000000000000000000000000000000000000000000000000000000 
65385000: system.memobj: hamming code addr: 608800 
65385000: system.memobj: hamming code : 1 
65385000: system.memobj: hamming code addr: 608808 
65385000: system.memobj: hamming code : 0 
65385000: system.memobj: hamming code addr: 608816 
65385000: system.memobj: hamming code : 0 
65385000: system.memobj: hamming code addr: 608824 
65385000: system.memobj: hamming code : 0 
65385000: system.memobj: hamming code addr: 608832 
65385000: system.memobj: hamming code : 0 
65385000: system.memobj: hamming code addr: 608840 
65385000: system.memobj: hamming code : 0 
65385000: system.memobj: hamming code addr: 608848 
65385000: system.memobj: hamming code : 0 
65385000: system.memobj: hamming code addr: 608856 
65385000: system.memobj: hamming code : 0 
65385000: system.memobj: Enter Error Bit index: 2 
65385000: system.memobj: flip data : 0111000000000000000000000000000000000000000000000000000000000000 
65385000: system.memobj: -------------------------------------
65455000: system.memobj: mem->cpu Got response for addr 0xddc0 , 56768
65455000: system.memobj: size 0x8
65455000: system.memobj: id 94061724541520
65455000: system.memobj: data_hex : 4889542440724E8B 
65455000: system.memobj: data : 0100100010001001010101000010010001000000011100100100111010001011 
65455000: system.memobj: fix data : 0100100010001001010101000010010001000000011100100100111010001011 
65455000: system.memobj: -------------------------------------
65504000: system.memobj: mem->cpu Got response for addr 0xde10 , 56848
65504000: system.memobj: size 0x8
65504000: system.memobj: id 94061723696752
65504000: system.memobj: data_hex : 415E415FC348817C 
65504000: system.memobj: data : 0100000101011110010000010101111111000011010010001000000101111100 
65504000: system.memobj: fix data : 0100000101011110010000010101111111000011010010001000000101111100 
65504000: system.memobj: -------------------------------------
65553000: system.memobj: mem->cpu Got response for addr 0xde18 , 56856
65553000: system.memobj: size 0x8
65553000: system.memobj: id 94061724541520
65553000: system.memobj: data_hex : 2440FF0100007764 
65553000: system.memobj: data : 0010010001000000111111110000000100000000000000000111011101100100 
65553000: system.memobj: fix data : 0010010001000000111111110000000100000000000000000111011101100100 
65553000: system.memobj: -------------------------------------
65602000: system.memobj: mem->cpu Got response for addr 0x94a20 , 608800
65602000: system.memobj: size 0x8
65602000: system.memobj: id 94061724541808
65602000: system.memobj: data_hex : 7000000000000000 
65602000: system.memobj: data : 0111000000000000000000000000000000000000000000000000000000000000 
65602000: system.memobj: hamming code addr: 608800 
65602000: system.memobj: hamming code out: 1 
65602000: system.memobj: find Error Bit index : 2 
65602000: system.memobj: hamming code addr: 608808 
65602000: system.memobj: hamming code out: 0 
65602000: system.memobj: hamming code addr: 608816 
65602000: system.memobj: hamming code out: 0 
65602000: system.memobj: hamming code addr: 608824 
65602000: system.memobj: hamming code out: 0 
65602000: system.memobj: hamming code addr: 608832 
65602000: system.memobj: hamming code out: 0 
65602000: system.memobj: hamming code addr: 608840 
65602000: system.memobj: hamming code out: 0 
65602000: system.memobj: hamming code addr: 608848 
65602000: system.memobj: hamming code out: 0 
65602000: system.memobj: hamming code addr: 608856 
65602000: system.memobj: hamming code out: 0 
65602000: system.memobj: fix data : 0011000000000000000000000000000000000000000000000000000000000000 
65602000: system.memobj: -------------------------------------
65651000: system.memobj: mem->cpu Got response for addr 0xde18 , 56856
65651000: system.memobj: size 0x8
65651000: system.memobj: id 94061724541808
65651000: system.memobj: data_hex : 2440FF0100007764 
65651000: system.memobj: data : 0010010001000000111111110000000100000000000000000111011101100100 
65651000: system.memobj: fix data : 0010010001000000111111110000000100000000000000000111011101100100 
65651000: system.memobj: -------------------------------------
65700000: system.memobj: mem->cpu Got response for addr 0xde20 , 56864
65700000: system.memobj: size 0x8
65700000: system.memobj: id 94061724541520
65700000: system.memobj: data_hex : 448B7C244041C1EF 
65700000: system.memobj: data : 0100010010001011011111000010010001000000010000011100000111101111 
65700000: system.memobj: fix data : 0100010010001011011111000010010001000000010000011100000111101111 
65700000: system.memobj: -------------------------------------
65749000: system.memobj: mem->cpu Got response for addr 0x94a20 , 608800
65749000: system.memobj: size 0x4
65749000: system.memobj: id 94061724542096
65749000: system.memobj: data_hex : 70000000 
65749000: system.memobj: data : 01110000000000000000000000000000 
65749000: system.memobj: hamming code addr: 608800 
65749000: system.memobj: hamming code out: 1 
65749000: system.memobj: find Error Bit index : 2 
65749000: system.memobj: hamming code addr: 608808 
65749000: system.memobj: hamming code out: 0 
65749000: system.memobj: hamming code addr: 608816 
65749000: system.memobj: hamming code out: 0 
65749000: system.memobj: hamming code addr: 608824 
65749000: system.memobj: hamming code out: 0 
65749000: system.memobj: fix data : 00110000000000000000000000000000 
65749000: system.memobj: -------------------------------------
65798000: system.memobj: mem->cpu Got response for addr 0xde20 , 56864
65798000: system.memobj: size 0x8
65798000: system.memobj: id 94061724542096
65798000: system.memobj: data_hex : 448B7C244041C1EF 
65798000: system.memobj: data : 0100010010001011011111000010010001000000010000011100000111101111 
65798000: system.memobj: fix data : 0100010010001011011111000010010001000000010000011100000111101111 
65798000: system.memobj: -------------------------------------
65847000: system.memobj: mem->cpu Got response for addr 0xde28 , 56872
65847000: system.memobj: size 0x8
65847000: system.memobj: id 94061724541520
65847000: system.memobj: data_hex : 03438D043F89C049 
65847000: system.memobj: data : 0000001101000011100011010000010000111111100010011100000001001001 
65847000: system.memobj: fix data : 0000001101000011100011010000010000111111100010011100000001001001 
65847000: system.memobj: -------------------------------------
65910000: system.memobj: mem->cpu Got response for addr 0xde28 , 56872
65910000: system.memobj: size 0x8
65910000: system.memobj: id 94061724542096
65910000: system.memobj: data_hex : 03438D043F89C049 
65910000: system.memobj: data : 0000001101000011100011010000010000111111100010011100000001001001 
65910000: system.memobj: fix data : 0000001101000011100011010000010000111111100010011100000001001001 
65910000: system.memobj: -------------------------------------
65959000: system.memobj: mem->cpu Got response for addr 0xde28 , 56872
65959000: system.memobj: size 0x8
65959000: system.memobj: id 94061724542384
65959000: system.memobj: data_hex : 03438D043F89C049 
65959000: system.memobj: data : 0000001101000011100011010000010000111111100010011100000001001001 
65959000: system.memobj: fix data : 0000001101000011100011010000010000111111100010011100000001001001 
65959000: system.memobj: -------------------------------------
66008000: system.memobj: mem->cpu Got response for addr 0xde28 , 56872
66008000: system.memobj: size 0x8
66008000: system.memobj: id 94061724542096
66008000: system.memobj: data_hex : 03438D043F89C049 
66008000: system.memobj: data : 0000001101000011100011010000010000111111100010011100000001001001 
66008000: system.memobj: fix data : 0000001101000011100011010000010000111111100010011100000001001001 
66008000: system.memobj: -------------------------------------
66057000: system.memobj: mem->cpu Got response for addr 0xde30 , 56880
66057000: system.memobj: size 0x8
66057000: system.memobj: id 94061724542384
66057000: system.memobj: data_hex : 8DBCC5880000004C 
66057000: system.memobj: data : 1000110110111100110001011000100000000000000000000000000001001100 
66057000: system.memobj: fix data : 1000110110111100110001011000100000000000000000000000000001001100 
66057000: system.memobj: -------------------------------------
66106000: system.memobj: mem->cpu Got response for addr 0xde30 , 56880
66106000: system.memobj: size 0x8
66106000: system.memobj: id 94061724542672
66106000: system.memobj: data_hex : 8DBCC5880000004C 
66106000: system.memobj: data : 1000110110111100110001011000100000000000000000000000000001001100 
66106000: system.memobj: fix data : 1000110110111100110001011000100000000000000000000000000001001100 
66106000: system.memobj: -------------------------------------
66155000: system.memobj: mem->cpu Got response for addr 0xde38 , 56888
66155000: system.memobj: size 0x8
66155000: system.memobj: id 94061724542384
66155000: system.memobj: data_hex : 8B67184939FC7464 
66155000: system.memobj: data : 1000101101100111000110000100100100111001111111000111010001100100 
66155000: system.memobj: fix data : 1000101101100111000110000100100100111001111111000111010001100100 
66155000: system.memobj: -------------------------------------
66204000: system.memobj: mem->cpu Got response for addr 0x92580 , 599424
66204000: system.memobj: size 0x8
66204000: system.memobj: id 94061724542960
66204000: system.memobj: data_hex : 0000000000000000 
66204000: system.memobj: data : 0000000000000000000000000000000000000000000000000000000000000000 
66204000: system.memobj: fix data : 0000000000000000000000000000000000000000000000000000000000000000 
66204000: system.memobj: -------------------------------------
66253000: system.memobj: mem->cpu Got response for addr 0xde38 , 56888
66253000: system.memobj: size 0x8
66253000: system.memobj: id 94061724542960
66253000: system.memobj: data_hex : 8B67184939FC7464 
66253000: system.memobj: data : 1000101101100111000110000100100100111001111111000111010001100100 
66253000: system.memobj: fix data : 1000101101100111000110000100100100111001111111000111010001100100 
66253000: system.memobj: -------------------------------------
66302000: system.memobj: mem->cpu Got response for addr 0xde38 , 56888
66302000: system.memobj: size 0x8
66302000: system.memobj: id 94061724542384
66302000: system.memobj: data_hex : 8B67184939FC7464 
66302000: system.memobj: data : 1000101101100111000110000100100100111001111111000111010001100100 
66302000: system.memobj: fix data : 1000101101100111000110000100100100111001111111000111010001100100 
66302000: system.memobj: -------------------------------------
66351000: system.memobj: mem->cpu Got response for addr 0xde40 , 56896
66351000: system.memobj: size 0x8
66351000: system.memobj: id 94061724542960
66351000: system.memobj: data_hex : 4D85E40F84430200 
66351000: system.memobj: data : 0100110110000101111001000000111110000100010000110000001000000000 
66351000: system.memobj: fix data : 0100110110000101111001000000111110000100010000110000001000000000 
66351000: system.memobj: -------------------------------------
66400000: system.memobj: mem->cpu Got response for addr 0xde40 , 56896
66400000: system.memobj: size 0x8
66400000: system.memobj: id 94061724542384
66400000: system.memobj: data_hex : 4D85E40F84430200 
66400000: system.memobj: data : 0100110110000101111001000000111110000100010000110000001000000000 
66400000: system.memobj: fix data : 0100110110000101111001000000111110000100010000110000001000000000 
66400000: system.memobj: -------------------------------------
66449000: system.memobj: mem->cpu Got response for addr 0xde48 , 56904
66449000: system.memobj: size 0x8
66449000: system.memobj: id 94061724542960
66449000: system.memobj: data_hex : 00488B442440498B 
66449000: system.memobj: data : 0000000001001000100010110100010000100100010000000100100110001011 
66449000: system.memobj: fix data : 0000000001001000100010110100010000100100010000000100100110001011 
66449000: system.memobj: -------------------------------------
66498000: system.memobj: mem->cpu Got response for addr 0xe088 , 57480
66498000: system.memobj: size 0x8
66498000: system.memobj: id 94061724542384
66498000: system.memobj: data_hex : 0FFEFFFF4C89EFE8 
66498000: system.memobj: data : 0000111111111110111111111111111101001100100010011110111111101000 
66498000: system.memobj: fix data : 0000111111111110111111111111111101001100100010011110111111101000 
66498000: system.memobj: -------------------------------------
66547000: system.memobj: mem->cpu Got response for addr 0xe088 , 57480
66547000: system.memobj: size 0x8
66547000: system.memobj: id 94061724542960
66547000: system.memobj: data_hex : 0FFEFFFF4C89EFE8 
66547000: system.memobj: data : 0000111111111110111111111111111101001100100010011110111111101000 
66547000: system.memobj: fix data : 0000111111111110111111111111111101001100100010011110111111101000 
66547000: system.memobj: -------------------------------------
66596000: system.memobj: mem->cpu Got response for addr 0xe090 , 57488
66596000: system.memobj: size 0x8
66596000: system.memobj: id 94061724542384
66596000: system.memobj: data_hex : ECF1FFFFE90BFEFF 
66596000: system.memobj: data : 1110110011110001111111111111111111101001000010111111111011111111 
66596000: system.memobj: fix data : 1110110011110001111111111111111111101001000010111111111011111111 
66596000: system.memobj: -------------------------------------
66596000: system.memobj: cpu->mem Got request for addr 0x949d8 , 608728
66596000: system.memobj: size 0x8
66596000: system.memobj: id 94061724543248
66596000: system.memobj: data_hex : 94E0400000000000 
66596000: system.memobj: data : 1001010011100000010000000000000000000000000000000000000000000000 
66596000: system.memobj: hamming code addr: 608728 
66596000: system.memobj: hamming code : 14 
66596000: system.memobj: hamming code addr: 608736 
66596000: system.memobj: hamming code : 0 
66596000: system.memobj: hamming code addr: 608744 
66596000: system.memobj: hamming code : 5 
66596000: system.memobj: hamming code addr: 608752 
66596000: system.memobj: hamming code : 0 
66596000: system.memobj: hamming code addr: 608760 
66596000: system.memobj: hamming code : 0 
66596000: system.memobj: hamming code addr: 608768 
66596000: system.memobj: hamming code : 0 
66596000: system.memobj: hamming code addr: 608776 
66596000: system.memobj: hamming code : 0 
66596000: system.memobj: hamming code addr: 608784 
66596000: system.memobj: hamming code : 0 
66596000: system.memobj: Enter Error Bit index: 4 
66596000: system.memobj: flip data : 1000010011100000010000000000000000000000000000000000000000000000 
66596000: system.memobj: -------------------------------------
66666000: system.memobj: mem->cpu Got response for addr 0xd280 , 53888
66666000: system.memobj: size 0x8
66666000: system.memobj: id 94061724543248
66666000: system.memobj: data_hex : 41574989FF415641 
66666000: system.memobj: data : 0100000101010111010010011000100111111111010000010101011001000001 
66666000: system.memobj: fix data : 0100000101010111010010011000100111111111010000010101011001000001 
66666000: system.memobj: -------------------------------------
66666000: system.memobj: cpu->mem Got request for addr 0x949d0 , 608720
66666000: system.memobj: size 0x8
66666000: system.memobj: id 94061724542384
66666000: system.memobj: data_hex : 0600000000000000 
66666000: system.memobj: data : 0000011000000000000000000000000000000000000000000000000000000000 
66666000: system.memobj: hamming code addr: 608720 
66666000: system.memobj: hamming code : 1 
66666000: system.memobj: hamming code addr: 608728 
66666000: system.memobj: hamming code : 0 
66666000: system.memobj: hamming code addr: 608736 
66666000: system.memobj: hamming code : 0 
66666000: system.memobj: hamming code addr: 608744 
66666000: system.memobj: hamming code : 0 
66666000: system.memobj: hamming code addr: 608752 
66666000: system.memobj: hamming code : 0 
66666000: system.memobj: hamming code addr: 608760 
66666000: system.memobj: hamming code : 0 
66666000: system.memobj: hamming code addr: 608768 
66666000: system.memobj: hamming code : 0 
66666000: system.memobj: hamming code addr: 608776 
66666000: system.memobj: hamming code : 0 
66666000: system.memobj: Enter Error Bit index: 2 
66666000: system.memobj: flip data : 0100011000000000000000000000000000000000000000000000000000000000 
66666000: system.memobj: -------------------------------------
66736000: system.memobj: mem->cpu Got response for addr 0xd280 , 53888
66736000: system.memobj: size 0x8
66736000: system.memobj: id 94061724542384
66736000: system.memobj: data_hex : 41574989FF415641 
66736000: system.memobj: data : 0100000101010111010010011000100111111111010000010101011001000001 
66736000: system.memobj: fix data : 0100000101010111010010011000100111111111010000010101011001000001 
66736000: system.memobj: -------------------------------------
66785000: system.memobj: mem->cpu Got response for addr 0xd280 , 53888
66785000: system.memobj: size 0x8
66785000: system.memobj: id 94061724543248
66785000: system.memobj: data_hex : 41574989FF415641 
66785000: system.memobj: data : 0100000101010111010010011000100111111111010000010101011001000001 
66785000: system.memobj: fix data : 0100000101010111010010011000100111111111010000010101011001000001 
66785000: system.memobj: -------------------------------------
66785000: system.memobj: cpu->mem Got request for addr 0x949c8 , 608712
66785000: system.memobj: size 0x8
66785000: system.memobj: id 94061724542384
66785000: system.memobj: data_hex : 0000000000000000 
66785000: system.memobj: data : 0000000000000000000000000000000000000000000000000000000000000000 
66785000: system.memobj: hamming code addr: 608712 
66785000: system.memobj: hamming code : 0 
66785000: system.memobj: hamming code addr: 608720 
66785000: system.memobj: hamming code : 0 
66785000: system.memobj: hamming code addr: 608728 
66785000: system.memobj: hamming code : 0 
66785000: system.memobj: hamming code addr: 608736 
66785000: system.memobj: hamming code : 0 
66785000: system.memobj: hamming code addr: 608744 
66785000: system.memobj: hamming code : 0 
66785000: system.memobj: hamming code addr: 608752 
66785000: system.memobj: hamming code : 0 
66785000: system.memobj: hamming code addr: 608760 
66785000: system.memobj: hamming code : 0 
66785000: system.memobj: hamming code addr: 608768 
66785000: system.memobj: hamming code : 0 
66785000: system.memobj: Enter Error Bit index: 4 
66785000: system.memobj: flip data : 0001000000000000000000000000000000000000000000000000000000000000 
66785000: system.memobj: -------------------------------------
66855000: system.memobj: mem->cpu Got response for addr 0xd280 , 53888
66855000: system.memobj: size 0x8
66855000: system.memobj: id 94061724542384
66855000: system.memobj: data_hex : 41574989FF415641 
66855000: system.memobj: data : 0100000101010111010010011000100111111111010000010101011001000001 
66855000: system.memobj: fix data : 0100000101010111010010011000100111111111010000010101011001000001 
66855000: system.memobj: -------------------------------------
66904000: system.memobj: mem->cpu Got response for addr 0xd288 , 53896
66904000: system.memobj: size 0x8
66904000: system.memobj: id 94061724543248
66904000: system.memobj: data_hex : 55415455534883EC 
66904000: system.memobj: data : 0101010101000001010101000101010101010011010010001000001111101100 
66904000: system.memobj: fix data : 0101010101000001010101000101010101010011010010001000001111101100 
66904000: system.memobj: -------------------------------------
66904000: system.memobj: cpu->mem Got request for addr 0x949c0 , 608704
66904000: system.memobj: size 0x8
66904000: system.memobj: id 94061724542384
66904000: system.memobj: data_hex : 8024590000000000 
66904000: system.memobj: data : 1000000000100100010110010000000000000000000000000000000000000000 
66904000: system.memobj: hamming code addr: 608704 
66904000: system.memobj: hamming code : 3 
66904000: system.memobj: hamming code addr: 608712 
66904000: system.memobj: hamming code : 12 
66904000: system.memobj: hamming code addr: 608720 
66904000: system.memobj: hamming code : 7 
66904000: system.memobj: hamming code addr: 608728 
66904000: system.memobj: hamming code : 0 
66904000: system.memobj: hamming code addr: 608736 
66904000: system.memobj: hamming code : 0 
66904000: system.memobj: hamming code addr: 608744 
66904000: system.memobj: hamming code : 0 
66904000: system.memobj: hamming code addr: 608752 
66904000: system.memobj: hamming code : 0 
66904000: system.memobj: hamming code addr: 608760 
66904000: system.memobj: hamming code : 0 
66904000: system.memobj: Enter Error Bit index: 6 
66904000: system.memobj: flip data : 1000010000100100010110010000000000000000000000000000000000000000 
66904000: system.memobj: -------------------------------------
66988000: system.memobj: mem->cpu Got response for addr 0xd288 , 53896
66988000: system.memobj: size 0x8
66988000: system.memobj: id 94061724542384
66988000: system.memobj: data_hex : 55415455534883EC 
66988000: system.memobj: data : 0101010101000001010101000101010101010011010010001000001111101100 
66988000: system.memobj: fix data : 0101010101000001010101000101010101010011010010001000001111101100 
66988000: system.memobj: -------------------------------------
66988000: system.memobj: cpu->mem Got request for addr 0x949b8 , 608696
66988000: system.memobj: size 0x8
66988000: system.memobj: id 94061724543248
66988000: system.memobj: data_hex : 0000000000000000 
66988000: system.memobj: data : 0000000000000000000000000000000000000000000000000000000000000000 
66988000: system.memobj: hamming code addr: 608696 
66988000: system.memobj: hamming code : 0 
66988000: system.memobj: hamming code addr: 608704 
66988000: system.memobj: hamming code : 0 
66988000: system.memobj: hamming code addr: 608712 
66988000: system.memobj: hamming code : 0 
66988000: system.memobj: hamming code addr: 608720 
66988000: system.memobj: hamming code : 0 
66988000: system.memobj: hamming code addr: 608728 
66988000: system.memobj: hamming code : 0 
66988000: system.memobj: hamming code addr: 608736 
66988000: system.memobj: hamming code : 0 
66988000: system.memobj: hamming code addr: 608744 
66988000: system.memobj: hamming code : 0 
66988000: system.memobj: hamming code addr: 608752 
66988000: system.memobj: hamming code : 0 
66988000: system.memobj: Enter Error Bit index: 8 
66988000: system.memobj: flip data : 0000000100000000000000000000000000000000000000000000000000000000 
66988000: system.memobj: -------------------------------------
67058000: system.memobj: mem->cpu Got response for addr 0xd288 , 53896
67058000: system.memobj: size 0x8
67058000: system.memobj: id 94061724543248
67058000: system.memobj: data_hex : 55415455534883EC 
67058000: system.memobj: data : 0101010101000001010101000101010101010011010010001000001111101100 
67058000: system.memobj: fix data : 0101010101000001010101000101010101010011010010001000001111101100 
67058000: system.memobj: -------------------------------------
67058000: system.memobj: cpu->mem Got request for addr 0x949b0 , 608688
67058000: system.memobj: size 0x8
67058000: system.memobj: id 94061724542384
67058000: system.memobj: data_hex : 8024590000000000 
67058000: system.memobj: data : 1000000000100100010110010000000000000000000000000000000000000000 
67058000: system.memobj: hamming code addr: 608688 
67058000: system.memobj: hamming code : 3 
67058000: system.memobj: hamming code addr: 608696 
67058000: system.memobj: hamming code : 12 
67058000: system.memobj: hamming code addr: 608704 
67058000: system.memobj: hamming code : 7 
67058000: system.memobj: hamming code addr: 608712 
67058000: system.memobj: hamming code : 0 
67058000: system.memobj: hamming code addr: 608720 
67058000: system.memobj: hamming code : 0 
67058000: system.memobj: hamming code addr: 608728 
67058000: system.memobj: hamming code : 0 
67058000: system.memobj: hamming code addr: 608736 
67058000: system.memobj: hamming code : 0 
67058000: system.memobj: hamming code addr: 608744 
67058000: system.memobj: hamming code : 0 
67058000: system.memobj: Enter Error Bit index: 8 
67058000: system.memobj: flip data : 1000000100100100010110010000000000000000000000000000000000000000 
67058000: system.memobj: -------------------------------------
67128000: system.memobj: mem->cpu Got response for addr 0xd288 , 53896
67128000: system.memobj: size 0x8
67128000: system.memobj: id 94061724542384
67128000: system.memobj: data_hex : 55415455534883EC 
67128000: system.memobj: data : 0101010101000001010101000101010101010011010010001000001111101100 
67128000: system.memobj: fix data : 0101010101000001010101000101010101010011010010001000001111101100 
67128000: system.memobj: -------------------------------------
67128000: system.memobj: cpu->mem Got request for addr 0x949a8 , 608680
67128000: system.memobj: size 0x8
67128000: system.memobj: id 94061724543248
67128000: system.memobj: data_hex : 8024590000000000 
67128000: system.memobj: data : 1000000000100100010110010000000000000000000000000000000000000000 
67128000: system.memobj: hamming code addr: 608680 
67128000: system.memobj: hamming code : 3 
67128000: system.memobj: hamming code addr: 608688 
67128000: system.memobj: hamming code : 12 
67128000: system.memobj: hamming code addr: 608696 
67128000: system.memobj: hamming code : 7 
67128000: system.memobj: hamming code addr: 608704 
67128000: system.memobj: hamming code : 0 
67128000: system.memobj: hamming code addr: 608712 
67128000: system.memobj: hamming code : 0 
67128000: system.memobj: hamming code addr: 608720 
67128000: system.memobj: hamming code : 0 
67128000: system.memobj: hamming code addr: 608728 
67128000: system.memobj: hamming code : 0 
67128000: system.memobj: hamming code addr: 608736 
67128000: system.memobj: hamming code : 0 
67128000: system.memobj: Enter Error Bit index: 1 
67128000: system.memobj: flip data : 0000000000100100010110010000000000000000000000000000000000000000 
67128000: system.memobj: -------------------------------------
67198000: system.memobj: mem->cpu Got response for addr 0xd288 , 53896
67198000: system.memobj: size 0x8
67198000: system.memobj: id 94061724543248
67198000: system.memobj: data_hex : 55415455534883EC 
67198000: system.memobj: data : 0101010101000001010101000101010101010011010010001000001111101100 
67198000: system.memobj: fix data : 0101010101000001010101000101010101010011010010001000001111101100 
67198000: system.memobj: -------------------------------------
67247000: system.memobj: mem->cpu Got response for addr 0xd290 , 53904
67247000: system.memobj: size 0x8
67247000: system.memobj: id 94061724542384
67247000: system.memobj: data_hex : 18488B47284885C0 
67247000: system.memobj: data : 0001100001001000100010110100011100101000010010001000010111000000 
67247000: system.memobj: fix data : 0001100001001000100010110100011100101000010010001000010111000000 
67247000: system.memobj: -------------------------------------
67296000: system.memobj: mem->cpu Got response for addr 0xd290 , 53904
67296000: system.memobj: size 0x8
67296000: system.memobj: id 94061724543248
67296000: system.memobj: data_hex : 18488B47284885C0 
67296000: system.memobj: data : 0001100001001000100010110100011100101000010010001000010111000000 
67296000: system.memobj: fix data : 0001100001001000100010110100011100101000010010001000010111000000 
67296000: system.memobj: -------------------------------------
67345000: system.memobj: mem->cpu Got response for addr 0x924a8 , 599208
67345000: system.memobj: size 0x8
67345000: system.memobj: id 94061724543536
67345000: system.memobj: data_hex : 0000000000000000 
67345000: system.memobj: data : 0000000000000000000000000000000000000000000000000000000000000000 
67345000: system.memobj: fix data : 0000000000000000000000000000000000000000000000000000000000000000 
67345000: system.memobj: -------------------------------------
67394000: system.memobj: mem->cpu Got response for addr 0xd290 , 53904
67394000: system.memobj: size 0x8
67394000: system.memobj: id 94061724543536
67394000: system.memobj: data_hex : 18488B47284885C0 
67394000: system.memobj: data : 0001100001001000100010110100011100101000010010001000010111000000 
67394000: system.memobj: fix data : 0001100001001000100010110100011100101000010010001000010111000000 
67394000: system.memobj: -------------------------------------
67443000: system.memobj: mem->cpu Got response for addr 0xd298 , 53912
67443000: system.memobj: size 0x8
67443000: system.memobj: id 94061724543248
67443000: system.memobj: data_hex : 0F844C0100004883 
67443000: system.memobj: data : 0000111110000100010011000000000100000000000000000100100010000011 
67443000: system.memobj: fix data : 0000111110000100010011000000000100000000000000000100100010000011 
67443000: system.memobj: -------------------------------------
67492000: system.memobj: mem->cpu Got response for addr 0xd3e8 , 54248
67492000: system.memobj: size 0x8
67492000: system.memobj: id 94061724543536
67492000: system.memobj: data_hex : 5FC34883C4185B5D 
67492000: system.memobj: data : 0101111111000011010010001000001111000100000110000101101101011101 
67492000: system.memobj: fix data : 0101111111000011010010001000001111000100000110000101101101011101 
67492000: system.memobj: -------------------------------------
67541000: system.memobj: mem->cpu Got response for addr 0xd3e8 , 54248
67541000: system.memobj: size 0x8
67541000: system.memobj: id 94061724543248
67541000: system.memobj: data_hex : 5FC34883C4185B5D 
67541000: system.memobj: data : 0101111111000011010010001000001111000100000110000101101101011101 
67541000: system.memobj: fix data : 0101111111000011010010001000001111000100000110000101101101011101 
67541000: system.memobj: -------------------------------------
67590000: system.memobj: mem->cpu Got response for addr 0x949a8 , 608680
67590000: system.memobj: size 0x8
67590000: system.memobj: id 94061724543824
67590000: system.memobj: data_hex : 0024590000000000 
67590000: system.memobj: data : 0000000000100100010110010000000000000000000000000000000000000000 
67590000: system.memobj: hamming code addr: 608680 
67590000: system.memobj: hamming code out: 3 
67590000: system.memobj: find Error Bit index : 1 
67590000: system.memobj: hamming code addr: 608688 
67590000: system.memobj: hamming code out: 12 
67590000: system.memobj: hamming code addr: 608696 
67590000: system.memobj: hamming code out: 7 
67590000: system.memobj: hamming code addr: 608704 
67590000: system.memobj: hamming code out: 0 
67590000: system.memobj: hamming code addr: 608712 
67590000: system.memobj: hamming code out: 0 
67590000: system.memobj: hamming code addr: 608720 
67590000: system.memobj: hamming code out: 0 
67590000: system.memobj: hamming code addr: 608728 
67590000: system.memobj: hamming code out: 0 
67590000: system.memobj: hamming code addr: 608736 
67590000: system.memobj: hamming code out: 0 
67590000: system.memobj: fix data : 1000000000100100010110010000000000000000000000000000000000000000 
67590000: system.memobj: -------------------------------------
67639000: system.memobj: mem->cpu Got response for addr 0xd3e8 , 54248
67639000: system.memobj: size 0x8
67639000: system.memobj: id 94061724543824
67639000: system.memobj: data_hex : 5FC34883C4185B5D 
67639000: system.memobj: data : 0101111111000011010010001000001111000100000110000101101101011101 
67639000: system.memobj: fix data : 0101111111000011010010001000001111000100000110000101101101011101 
67639000: system.memobj: -------------------------------------
67688000: system.memobj: mem->cpu Got response for addr 0x949b0 , 608688
67688000: system.memobj: size 0x8
67688000: system.memobj: id 94061724544112
67688000: system.memobj: data_hex : 8124590000000000 
67688000: system.memobj: data : 1000000100100100010110010000000000000000000000000000000000000000 
67688000: system.memobj: hamming code addr: 608688 
67688000: system.memobj: hamming code out: 3 
67688000: system.memobj: find Error Bit index : 8 
67688000: system.memobj: hamming code addr: 608696 
67688000: system.memobj: hamming code out: 12 
67688000: system.memobj: hamming code addr: 608704 
67688000: system.memobj: hamming code out: 7 
67688000: system.memobj: hamming code addr: 608712 
67688000: system.memobj: hamming code out: 0 
67688000: system.memobj: hamming code addr: 608720 
67688000: system.memobj: hamming code out: 0 
67688000: system.memobj: hamming code addr: 608728 
67688000: system.memobj: hamming code out: 0 
67688000: system.memobj: hamming code addr: 608736 
67688000: system.memobj: hamming code out: 0 
67688000: system.memobj: hamming code addr: 608744 
67688000: system.memobj: hamming code out: 0 
67688000: system.memobj: fix data : 1000000000100100010110010000000000000000000000000000000000000000 
67688000: system.memobj: -------------------------------------
67737000: system.memobj: mem->cpu Got response for addr 0xd3f0 , 54256
67737000: system.memobj: size 0x8
67737000: system.memobj: id 94061724544112
67737000: system.memobj: data_hex : 415C415D415E415F 
67737000: system.memobj: data : 0100000101011100010000010101110101000001010111100100000101011111 
67737000: system.memobj: fix data : 0100000101011100010000010101110101000001010111100100000101011111 
67737000: system.memobj: -------------------------------------
67757000: system.memobj: mem->cpu Got response for addr 0x949b8 , 608696
67757000: system.memobj: size 0x8
67757000: system.memobj: id 94061724544400
67757000: system.memobj: data_hex : 0100000000000000 
67757000: system.memobj: data : 0000000100000000000000000000000000000000000000000000000000000000 
67757000: system.memobj: hamming code addr: 608696 
67757000: system.memobj: hamming code out: 0 
67757000: system.memobj: find Error Bit index : 8 
67757000: system.memobj: hamming code addr: 608704 
67757000: system.memobj: hamming code out: 0 
67757000: system.memobj: hamming code addr: 608712 
67757000: system.memobj: hamming code out: 0 
67757000: system.memobj: hamming code addr: 608720 
67757000: system.memobj: hamming code out: 0 
67757000: system.memobj: hamming code addr: 608728 
67757000: system.memobj: hamming code out: 0 
67757000: system.memobj: hamming code addr: 608736 
67757000: system.memobj: hamming code out: 0 
67757000: system.memobj: hamming code addr: 608744 
67757000: system.memobj: hamming code out: 0 
67757000: system.memobj: hamming code addr: 608752 
67757000: system.memobj: hamming code out: 0 
67757000: system.memobj: fix data : 0000000000000000000000000000000000000000000000000000000000000000 
67757000: system.memobj: -------------------------------------
67806000: system.memobj: mem->cpu Got response for addr 0xd3f0 , 54256
67806000: system.memobj: size 0x8
67806000: system.memobj: id 94061724544400
67806000: system.memobj: data_hex : 415C415D415E415F 
67806000: system.memobj: data : 0100000101011100010000010101110101000001010111100100000101011111 
67806000: system.memobj: fix data : 0100000101011100010000010101110101000001010111100100000101011111 
67806000: system.memobj: -------------------------------------
67855000: system.memobj: mem->cpu Got response for addr 0x949c0 , 608704
67855000: system.memobj: size 0x8
67855000: system.memobj: id 94061724544688
67855000: system.memobj: data_hex : 8424590000000000 
67855000: system.memobj: data : 1000010000100100010110010000000000000000000000000000000000000000 
67855000: system.memobj: hamming code addr: 608704 
67855000: system.memobj: hamming code out: 3 
67855000: system.memobj: find Error Bit index : 6 
67855000: system.memobj: hamming code addr: 608712 
67855000: system.memobj: hamming code out: 12 
67855000: system.memobj: hamming code addr: 608720 
67855000: system.memobj: hamming code out: 7 
67855000: system.memobj: hamming code addr: 608728 
67855000: system.memobj: hamming code out: 0 
67855000: system.memobj: hamming code addr: 608736 
67855000: system.memobj: hamming code out: 0 
67855000: system.memobj: hamming code addr: 608744 
67855000: system.memobj: hamming code out: 0 
67855000: system.memobj: hamming code addr: 608752 
67855000: system.memobj: hamming code out: 0 
67855000: system.memobj: hamming code addr: 608760 
67855000: system.memobj: hamming code out: 0 
67855000: system.memobj: fix data : 1000000000100100010110010000000000000000000000000000000000000000 
67855000: system.memobj: -------------------------------------
67904000: system.memobj: mem->cpu Got response for addr 0xd3f0 , 54256
67904000: system.memobj: size 0x8
67904000: system.memobj: id 94061724544688
67904000: system.memobj: data_hex : 415C415D415E415F 
67904000: system.memobj: data : 0100000101011100010000010101110101000001010111100100000101011111 
67904000: system.memobj: fix data : 0100000101011100010000010101110101000001010111100100000101011111 
67904000: system.memobj: -------------------------------------
67953000: system.memobj: mem->cpu Got response for addr 0x949c8 , 608712
67953000: system.memobj: size 0x8
67953000: system.memobj: id 94061724544976
67953000: system.memobj: data_hex : 1000000000000000 
67953000: system.memobj: data : 0001000000000000000000000000000000000000000000000000000000000000 
67953000: system.memobj: hamming code addr: 608712 
67953000: system.memobj: hamming code out: 0 
67953000: system.memobj: find Error Bit index : 4 
67953000: system.memobj: hamming code addr: 608720 
67953000: system.memobj: hamming code out: 0 
67953000: system.memobj: hamming code addr: 608728 
67953000: system.memobj: hamming code out: 0 
67953000: system.memobj: hamming code addr: 608736 
67953000: system.memobj: hamming code out: 0 
67953000: system.memobj: hamming code addr: 608744 
67953000: system.memobj: hamming code out: 0 
67953000: system.memobj: hamming code addr: 608752 
67953000: system.memobj: hamming code out: 0 
67953000: system.memobj: hamming code addr: 608760 
67953000: system.memobj: hamming code out: 0 
67953000: system.memobj: hamming code addr: 608768 
67953000: system.memobj: hamming code out: 0 
67953000: system.memobj: fix data : 0000000000000000000000000000000000000000000000000000000000000000 
67953000: system.memobj: -------------------------------------
68002000: system.memobj: mem->cpu Got response for addr 0xd3f0 , 54256
68002000: system.memobj: size 0x8
68002000: system.memobj: id 94061724544976
68002000: system.memobj: data_hex : 415C415D415E415F 
68002000: system.memobj: data : 0100000101011100010000010101110101000001010111100100000101011111 
68002000: system.memobj: fix data : 0100000101011100010000010101110101000001010111100100000101011111 
68002000: system.memobj: -------------------------------------
68051000: system.memobj: mem->cpu Got response for addr 0x949d0 , 608720
68051000: system.memobj: size 0x8
68051000: system.memobj: id 94061724545264
68051000: system.memobj: data_hex : 4600000000000000 
68051000: system.memobj: data : 0100011000000000000000000000000000000000000000000000000000000000 
68051000: system.memobj: hamming code addr: 608720 
68051000: system.memobj: hamming code out: 1 
68051000: system.memobj: find Error Bit index : 2 
68051000: system.memobj: hamming code addr: 608728 
68051000: system.memobj: hamming code out: 0 
68051000: system.memobj: hamming code addr: 608736 
68051000: system.memobj: hamming code out: 0 
68051000: system.memobj: hamming code addr: 608744 
68051000: system.memobj: hamming code out: 0 
68051000: system.memobj: hamming code addr: 608752 
68051000: system.memobj: hamming code out: 0 
68051000: system.memobj: hamming code addr: 608760 
68051000: system.memobj: hamming code out: 0 
68051000: system.memobj: hamming code addr: 608768 
68051000: system.memobj: hamming code out: 0 
68051000: system.memobj: hamming code addr: 608776 
68051000: system.memobj: hamming code out: 0 
68051000: system.memobj: fix data : 0000011000000000000000000000000000000000000000000000000000000000 
68051000: system.memobj: -------------------------------------
68100000: system.memobj: mem->cpu Got response for addr 0xd3f8 , 54264
68100000: system.memobj: size 0x8
68100000: system.memobj: id 94061724545264
68100000: system.memobj: data_hex : E993F0FFFF8B3D05 
68100000: system.memobj: data : 1110100110010011111100001111111111111111100010110011110100000101 
68100000: system.memobj: fix data : 1110100110010011111100001111111111111111100010110011110100000101 
68100000: system.memobj: -------------------------------------
68163000: system.memobj: mem->cpu Got response for addr 0xc490 , 50320
68163000: system.memobj: size 0x8
68163000: system.memobj: id 94061724544976
68163000: system.memobj: data_hex : 488D8798000000BA 
68163000: system.memobj: data : 0100100010001101100001111001100000000000000000000000000010111010 
68163000: system.memobj: fix data : 0100100010001101100001111001100000000000000000000000000010111010 
68163000: system.memobj: -------------------------------------
68212000: system.memobj: mem->cpu Got response for addr 0xc490 , 50320
68212000: system.memobj: size 0x8
68212000: system.memobj: id 94061724545552
68212000: system.memobj: data_hex : 488D8798000000BA 
68212000: system.memobj: data : 0100100010001101100001111001100000000000000000000000000010111010 
68212000: system.memobj: fix data : 0100100010001101100001111001100000000000000000000000000010111010 
68212000: system.memobj: -------------------------------------
68261000: system.memobj: mem->cpu Got response for addr 0xc498 , 50328
68261000: system.memobj: size 0x8
68261000: system.memobj: id 94061724544976
68261000: system.memobj: data_hex : 7E00000066666690 
68261000: system.memobj: data : 0111111000000000000000000000000001100110011001100110011010010000 
68261000: system.memobj: fix data : 0111111000000000000000000000000001100110011001100110011010010000 
68261000: system.memobj: -------------------------------------
68310000: system.memobj: mem->cpu Got response for addr 0xc498 , 50328
68310000: system.memobj: size 0x8
68310000: system.memobj: id 94061724545552
68310000: system.memobj: data_hex : 7E00000066666690 
68310000: system.memobj: data : 0111111000000000000000000000000001100110011001100110011010010000 
68310000: system.memobj: fix data : 0111111000000000000000000000000001100110011001100110011010010000 
68310000: system.memobj: -------------------------------------
68359000: system.memobj: mem->cpu Got response for addr 0xc4a0 , 50336
68359000: system.memobj: size 0x8
68359000: system.memobj: id 94061724544976
68359000: system.memobj: data_hex : 4889401848894010 
68359000: system.memobj: data : 0100100010001001010000000001100001001000100010010100000000010000 
68359000: system.memobj: fix data : 0100100010001001010000000001100001001000100010010100000000010000 
68359000: system.memobj: -------------------------------------
68359000: system.memobj: cpu->mem Got request for addr 0x92530 , 599344
68359000: system.memobj: size 0x8
68359000: system.memobj: id 94061724545840
68359000: system.memobj: data_hex : 1825590000000000 
68359000: system.memobj: data : 0001100000100101010110010000000000000000000000000000000000000000 
68359000: system.memobj: hamming code addr: 599344 
68359000: system.memobj: hamming code : 14 
68359000: system.memobj: hamming code addr: 599352 
68359000: system.memobj: hamming code : 0 
68359000: system.memobj: hamming code addr: 599360 
68359000: system.memobj: hamming code : 7 
68359000: system.memobj: hamming code addr: 599368 
68359000: system.memobj: hamming code : 0 
68359000: system.memobj: hamming code addr: 599376 
68359000: system.memobj: hamming code : 0 
68359000: system.memobj: hamming code addr: 599384 
68359000: system.memobj: hamming code : 0 
68359000: system.memobj: hamming code addr: 599392 
68359000: system.memobj: hamming code : 0 
68359000: system.memobj: hamming code addr: 599400 
68359000: system.memobj: hamming code : 0 
68359000: system.memobj: Enter Error Bit index: 2 
68359000: system.memobj: flip data : 0101100000100101010110010000000000000000000000000000000000000000 
68359000: system.memobj: -------------------------------------
68429000: system.memobj: mem->cpu Got response for addr 0xc4a0 , 50336
68429000: system.memobj: size 0x8
68429000: system.memobj: id 94061724545840
68429000: system.memobj: data_hex : 4889401848894010 
68429000: system.memobj: data : 0100100010001001010000000001100001001000100010010100000000010000 
68429000: system.memobj: fix data : 0100100010001001010000000001100001001000100010010100000000010000 
68429000: system.memobj: -------------------------------------
68429000: system.memobj: cpu->mem Got request for addr 0x92528 , 599336
68429000: system.memobj: size 0x8
68429000: system.memobj: id 94061724546128
68429000: system.memobj: data_hex : 1825590000000000 
68429000: system.memobj: data : 0001100000100101010110010000000000000000000000000000000000000000 
68429000: system.memobj: hamming code addr: 599336 
68429000: system.memobj: hamming code : 14 
68429000: system.memobj: hamming code addr: 599344 
68429000: system.memobj: hamming code : 0 
68429000: system.memobj: hamming code addr: 599352 
68429000: system.memobj: hamming code : 7 
68429000: system.memobj: hamming code addr: 599360 
68429000: system.memobj: hamming code : 0 
68429000: system.memobj: hamming code addr: 599368 
68429000: system.memobj: hamming code : 0 
68429000: system.memobj: hamming code addr: 599376 
68429000: system.memobj: hamming code : 0 
68429000: system.memobj: hamming code addr: 599384 
68429000: system.memobj: hamming code : 0 
68429000: system.memobj: hamming code addr: 599392 
68429000: system.memobj: hamming code : 0 
68429000: system.memobj: Enter Error Bit index: 2 
68429000: system.memobj: flip data : 0101100000100101010110010000000000000000000000000000000000000000 
68429000: system.memobj: -------------------------------------
68499000: system.memobj: mem->cpu Got response for addr 0xc4a8 , 50344
68499000: system.memobj: size 0x8
68499000: system.memobj: id 94061724546128
68499000: system.memobj: data_hex : 4883C010FFCA79F0 
68499000: system.memobj: data : 0100100010000011110000000001000011111111110010100111100111110000 
68499000: system.memobj: fix data : 0100100010000011110000000001000011111111110010100111100111110000 
68499000: system.memobj: -------------------------------------
68548000: system.memobj: mem->cpu Got response for addr 0xc4a8 , 50344
68548000: system.memobj: size 0x8
68548000: system.memobj: id 94061724545840
68548000: system.memobj: data_hex : 4883C010FFCA79F0 
68548000: system.memobj: data : 0100100010000011110000000001000011111111110010100111100111110000 
68548000: system.memobj: fix data : 0100100010000011110000000001000011111111110010100111100111110000 
68548000: system.memobj: -------------------------------------
68597000: system.memobj: mem->cpu Got response for addr 0xc4a8 , 50344
68597000: system.memobj: size 0x8
68597000: system.memobj: id 94061724546128
68597000: system.memobj: data_hex : 4883C010FFCA79F0 
68597000: system.memobj: data : 0100100010000011110000000001000011111111110010100111100111110000 
68597000: system.memobj: fix data : 0100100010000011110000000001000011111111110010100111100111110000 
68597000: system.memobj: -------------------------------------
68646000: system.memobj: mem->cpu Got response for addr 0xc4a0 , 50336
68646000: system.memobj: size 0x8
68646000: system.memobj: id 94061724545840
68646000: system.memobj: data_hex : 4889401848894010 
68646000: system.memobj: data : 0100100010001001010000000001100001001000100010010100000000010000 
68646000: system.memobj: fix data : 0100100010001001010000000001100001001000100010010100000000010000 
68646000: system.memobj: -------------------------------------
68646000: system.memobj: cpu->mem Got request for addr 0x92540 , 599360
68646000: system.memobj: size 0x8
68646000: system.memobj: id 94061724546128
68646000: system.memobj: data_hex : 2825590000000000 
68646000: system.memobj: data : 0010100000100101010110010000000000000000000000000000000000000000 
68646000: system.memobj: hamming code addr: 599360 
68646000: system.memobj: hamming code : 15 
68646000: system.memobj: hamming code addr: 599368 
68646000: system.memobj: hamming code : 0 
68646000: system.memobj: hamming code addr: 599376 
68646000: system.memobj: hamming code : 7 
68646000: system.memobj: hamming code addr: 599384 
68646000: system.memobj: hamming code : 0 
68646000: system.memobj: hamming code addr: 599392 
68646000: system.memobj: hamming code : 0 
68646000: system.memobj: hamming code addr: 599400 
68646000: system.memobj: hamming code : 0 
68646000: system.memobj: hamming code addr: 599408 
68646000: system.memobj: hamming code : 0 
68646000: system.memobj: hamming code addr: 599416 
68646000: system.memobj: hamming code : 0 
68646000: system.memobj: Enter Error Bit index: 3 
68646000: system.memobj: flip data : 0000100000100101010110010000000000000000000000000000000000000000 
68646000: system.memobj: -------------------------------------
68716000: system.memobj: mem->cpu Got response for addr 0xc4a0 , 50336
68716000: system.memobj: size 0x8
68716000: system.memobj: id 94061724546128
68716000: system.memobj: data_hex : 4889401848894010 
68716000: system.memobj: data : 0100100010001001010000000001100001001000100010010100000000010000 
68716000: system.memobj: fix data : 0100100010001001010000000001100001001000100010010100000000010000 
68716000: system.memobj: -------------------------------------
68716000: system.memobj: cpu->mem Got request for addr 0x92538 , 599352
68716000: system.memobj: size 0x8
68716000: system.memobj: id 94061724545840
68716000: system.memobj: data_hex : 2825590000000000 
68716000: system.memobj: data : 0010100000100101010110010000000000000000000000000000000000000000 
68716000: system.memobj: hamming code addr: 599352 
68716000: system.memobj: hamming code : 15 
68716000: system.memobj: hamming code addr: 599360 
68716000: system.memobj: hamming code : 0 
68716000: system.memobj: hamming code addr: 599368 
68716000: system.memobj: hamming code : 7 
68716000: system.memobj: hamming code addr: 599376 
68716000: system.memobj: hamming code : 0 
68716000: system.memobj: hamming code addr: 599384 
68716000: system.memobj: hamming code : 0 
68716000: system.memobj: hamming code addr: 599392 
68716000: system.memobj: hamming code : 0 
68716000: system.memobj: hamming code addr: 599400 
68716000: system.memobj: hamming code : 0 
68716000: system.memobj: hamming code addr: 599408 
68716000: system.memobj: hamming code : 0 
68716000: system.memobj: Enter Error Bit index: 6 
68716000: system.memobj: flip data : 0010110000100101010110010000000000000000000000000000000000000000 
68716000: system.memobj: -------------------------------------
68786000: system.memobj: mem->cpu Got response for addr 0xc4a8 , 50344
68786000: system.memobj: size 0x8
68786000: system.memobj: id 94061724545840
68786000: system.memobj: data_hex : 4883C010FFCA79F0 
68786000: system.memobj: data : 0100100010000011110000000001000011111111110010100111100111110000 
68786000: system.memobj: fix data : 0100100010000011110000000001000011111111110010100111100111110000 
68786000: system.memobj: -------------------------------------
68835000: system.memobj: mem->cpu Got response for addr 0xc4a8 , 50344
68835000: system.memobj: size 0x8
68835000: system.memobj: id 94061724546128
68835000: system.memobj: data_hex : 4883C010FFCA79F0 
68835000: system.memobj: data : 0100100010000011110000000001000011111111110010100111100111110000 
68835000: system.memobj: fix data : 0100100010000011110000000001000011111111110010100111100111110000 
68835000: system.memobj: -------------------------------------
68884000: system.memobj: mem->cpu Got response for addr 0xc4a8 , 50344
68884000: system.memobj: size 0x8
68884000: system.memobj: id 94061724545840
68884000: system.memobj: data_hex : 4883C010FFCA79F0 
68884000: system.memobj: data : 0100100010000011110000000001000011111111110010100111100111110000 
68884000: system.memobj: fix data : 0100100010000011110000000001000011111111110010100111100111110000 
68884000: system.memobj: -------------------------------------
68933000: system.memobj: mem->cpu Got response for addr 0xc4a0 , 50336
68933000: system.memobj: size 0x8
68933000: system.memobj: id 94061724546128
68933000: system.memobj: data_hex : 4889401848894010 
68933000: system.memobj: data : 0100100010001001010000000001100001001000100010010100000000010000 
68933000: system.memobj: fix data : 0100100010001001010000000001100001001000100010010100000000010000 
68933000: system.memobj: -------------------------------------
68933000: system.memobj: cpu->mem Got request for addr 0x92550 , 599376
68933000: system.memobj: size 0x8
68933000: system.memobj: id 94061724545840
68933000: system.memobj: data_hex : 3825590000000000 
68933000: system.memobj: data : 0011100000100101010110010000000000000000000000000000000000000000 
68933000: system.memobj: hamming code addr: 599376 
68933000: system.memobj: hamming code : 8 
68933000: system.memobj: hamming code addr: 599384 
68933000: system.memobj: hamming code : 0 
68933000: system.memobj: hamming code addr: 599392 
68933000: system.memobj: hamming code : 7 
68933000: system.memobj: hamming code addr: 599400 
68933000: system.memobj: hamming code : 0 
68933000: system.memobj: hamming code addr: 599408 
68933000: system.memobj: hamming code : 0 
68933000: system.memobj: hamming code addr: 599416 
68933000: system.memobj: hamming code : 0 
68933000: system.memobj: hamming code addr: 599424 
68933000: system.memobj: hamming code : 0 
68933000: system.memobj: hamming code addr: 599432 
68933000: system.memobj: hamming code : 0 
68933000: system.memobj: Enter Error Bit index: 3 
68933000: system.memobj: flip data : 0001100000100101010110010000000000000000000000000000000000000000 
68933000: system.memobj: -------------------------------------
69003000: system.memobj: mem->cpu Got response for addr 0xc4a0 , 50336
69003000: system.memobj: size 0x8
69003000: system.memobj: id 94061724545840
69003000: system.memobj: data_hex : 4889401848894010 
69003000: system.memobj: data : 0100100010001001010000000001100001001000100010010100000000010000 
69003000: system.memobj: fix data : 0100100010001001010000000001100001001000100010010100000000010000 
69003000: system.memobj: -------------------------------------
69003000: system.memobj: cpu->mem Got request for addr 0x92548 , 599368
69003000: system.memobj: size 0x8
69003000: system.memobj: id 94061724546128
69003000: system.memobj: data_hex : 3825590000000000 
69003000: system.memobj: data : 0011100000100101010110010000000000000000000000000000000000000000 
69003000: system.memobj: hamming code addr: 599368 
69003000: system.memobj: hamming code : 8 
69003000: system.memobj: hamming code addr: 599376 
69003000: system.memobj: hamming code : 0 
69003000: system.memobj: hamming code addr: 599384 
69003000: system.memobj: hamming code : 7 
69003000: system.memobj: hamming code addr: 599392 
69003000: system.memobj: hamming code : 0 
69003000: system.memobj: hamming code addr: 599400 
69003000: system.memobj: hamming code : 0 
69003000: system.memobj: hamming code addr: 599408 
69003000: system.memobj: hamming code : 0 
69003000: system.memobj: hamming code addr: 599416 
69003000: system.memobj: hamming code : 0 
69003000: system.memobj: hamming code addr: 599424 
69003000: system.memobj: hamming code : 0 
69003000: system.memobj: Enter Error Bit index: 4 
69003000: system.memobj: flip data : 0010100000100101010110010000000000000000000000000000000000000000 
69003000: system.memobj: -------------------------------------
69087000: system.memobj: mem->cpu Got response for addr 0xc4a8 , 50344
69087000: system.memobj: size 0x8
69087000: system.memobj: id 94061724546128
69087000: system.memobj: data_hex : 4883C010FFCA79F0 
69087000: system.memobj: data : 0100100010000011110000000001000011111111110010100111100111110000 
69087000: system.memobj: fix data : 0100100010000011110000000001000011111111110010100111100111110000 
69087000: system.memobj: -------------------------------------
69136000: system.memobj: mem->cpu Got response for addr 0xc4a8 , 50344
69136000: system.memobj: size 0x8
69136000: system.memobj: id 94061724545840
69136000: system.memobj: data_hex : 4883C010FFCA79F0 
69136000: system.memobj: data : 0100100010000011110000000001000011111111110010100111100111110000 
69136000: system.memobj: fix data : 0100100010000011110000000001000011111111110010100111100111110000 
69136000: system.memobj: -------------------------------------
69185000: system.memobj: mem->cpu Got response for addr 0xc4a8 , 50344
69185000: system.memobj: size 0x8
69185000: system.memobj: id 94061724546128
69185000: system.memobj: data_hex : 4883C010FFCA79F0 
69185000: system.memobj: data : 0100100010000011110000000001000011111111110010100111100111110000 
69185000: system.memobj: fix data : 0100100010000011110000000001000011111111110010100111100111110000 
69185000: system.memobj: -------------------------------------
69234000: system.memobj: mem->cpu Got response for addr 0xc4a0 , 50336
69234000: system.memobj: size 0x8
69234000: system.memobj: id 94061724545840
69234000: system.memobj: data_hex : 4889401848894010 
69234000: system.memobj: data : 0100100010001001010000000001100001001000100010010100000000010000 
69234000: system.memobj: fix data : 0100100010001001010000000001100001001000100010010100000000010000 
69234000: system.memobj: -------------------------------------
69234000: system.memobj: cpu->mem Got request for addr 0x92560 , 599392
69234000: system.memobj: size 0x8
69234000: system.memobj: id 94061724546128
69234000: system.memobj: data_hex : 4825590000000000 
69234000: system.memobj: data : 0100100000100101010110010000000000000000000000000000000000000000 
69234000: system.memobj: hamming code addr: 599392 
69234000: system.memobj: hamming code : 12 
69234000: system.memobj: hamming code addr: 599400 
69234000: system.memobj: hamming code : 0 
69234000: system.memobj: hamming code addr: 599408 
69234000: system.memobj: hamming code : 7 
69234000: system.memobj: hamming code addr: 599416 
69234000: system.memobj: hamming code : 0 
69234000: system.memobj: hamming code addr: 599424 
69234000: system.memobj: hamming code : 0 
69234000: system.memobj: hamming code addr: 599432 
69234000: system.memobj: hamming code : 0 
69234000: system.memobj: hamming code addr: 599440 
69234000: system.memobj: hamming code : 0 
69234000: system.memobj: hamming code addr: 599448 
69234000: system.memobj: hamming code : 0 
69234000: system.memobj: Enter Error Bit index: 4 
69234000: system.memobj: flip data : 0101100000100101010110010000000000000000000000000000000000000000 
69234000: system.memobj: -------------------------------------
69304000: system.memobj: mem->cpu Got response for addr 0xc4a0 , 50336
69304000: system.memobj: size 0x8
69304000: system.memobj: id 94061724546128
69304000: system.memobj: data_hex : 4889401848894010 
69304000: system.memobj: data : 0100100010001001010000000001100001001000100010010100000000010000 
69304000: system.memobj: fix data : 0100100010001001010000000001100001001000100010010100000000010000 
69304000: system.memobj: -------------------------------------
69304000: system.memobj: cpu->mem Got request for addr 0x92558 , 599384
69304000: system.memobj: size 0x8
69304000: system.memobj: id 94061724545840
69304000: system.memobj: data_hex : 4825590000000000 
69304000: system.memobj: data : 0100100000100101010110010000000000000000000000000000000000000000 
69304000: system.memobj: hamming code addr: 599384 
69304000: system.memobj: hamming code : 12 
69304000: system.memobj: hamming code addr: 599392 
69304000: system.memobj: hamming code : 0 
69304000: system.memobj: hamming code addr: 599400 
69304000: system.memobj: hamming code : 7 
69304000: system.memobj: hamming code addr: 599408 
69304000: system.memobj: hamming code : 0 
69304000: system.memobj: hamming code addr: 599416 
69304000: system.memobj: hamming code : 0 
69304000: system.memobj: hamming code addr: 599424 
69304000: system.memobj: hamming code : 0 
69304000: system.memobj: hamming code addr: 599432 
69304000: system.memobj: hamming code : 0 
69304000: system.memobj: hamming code addr: 599440 
69304000: system.memobj: hamming code : 0 
69304000: system.memobj: Enter Error Bit index: 1 
69304000: system.memobj: flip data : 1100100000100101010110010000000000000000000000000000000000000000 
69304000: system.memobj: -------------------------------------
69374000: system.memobj: mem->cpu Got response for addr 0xc4a8 , 50344
69374000: system.memobj: size 0x8
69374000: system.memobj: id 94061724545840
69374000: system.memobj: data_hex : 4883C010FFCA79F0 
69374000: system.memobj: data : 0100100010000011110000000001000011111111110010100111100111110000 
69374000: system.memobj: fix data : 0100100010000011110000000001000011111111110010100111100111110000 
69374000: system.memobj: -------------------------------------
69423000: system.memobj: mem->cpu Got response for addr 0xc4a8 , 50344
69423000: system.memobj: size 0x8
69423000: system.memobj: id 94061724546128
69423000: system.memobj: data_hex : 4883C010FFCA79F0 
69423000: system.memobj: data : 0100100010000011110000000001000011111111110010100111100111110000 
69423000: system.memobj: fix data : 0100100010000011110000000001000011111111110010100111100111110000 
69423000: system.memobj: -------------------------------------
69472000: system.memobj: mem->cpu Got response for addr 0xc4a8 , 50344
69472000: system.memobj: size 0x8
69472000: system.memobj: id 94061724545840
69472000: system.memobj: data_hex : 4883C010FFCA79F0 
69472000: system.memobj: data : 0100100010000011110000000001000011111111110010100111100111110000 
69472000: system.memobj: fix data : 0100100010000011110000000001000011111111110010100111100111110000 
69472000: system.memobj: -------------------------------------
69521000: system.memobj: mem->cpu Got response for addr 0xc4a0 , 50336
69521000: system.memobj: size 0x8
69521000: system.memobj: id 94061724546128
69521000: system.memobj: data_hex : 4889401848894010 
69521000: system.memobj: data : 0100100010001001010000000001100001001000100010010100000000010000 
69521000: system.memobj: fix data : 0100100010001001010000000001100001001000100010010100000000010000 
69521000: system.memobj: -------------------------------------
69521000: system.memobj: cpu->mem Got request for addr 0x92570 , 599408
69521000: system.memobj: size 0x8
69521000: system.memobj: id 94061724545840
69521000: system.memobj: data_hex : 5825590000000000 
69521000: system.memobj: data : 0101100000100101010110010000000000000000000000000000000000000000 
69521000: system.memobj: hamming code addr: 599408 
69521000: system.memobj: hamming code : 11 
69521000: system.memobj: hamming code addr: 599416 
69521000: system.memobj: hamming code : 0 
69521000: system.memobj: hamming code addr: 599424 
69521000: system.memobj: hamming code : 7 
69521000: system.memobj: hamming code addr: 599432 
69521000: system.memobj: hamming code : 0 
69521000: system.memobj: hamming code addr: 599440 
69521000: system.memobj: hamming code : 0 
69521000: system.memobj: hamming code addr: 599448 
69521000: system.memobj: hamming code : 0 
69521000: system.memobj: hamming code addr: 599456 
69521000: system.memobj: hamming code : 0 
69521000: system.memobj: hamming code addr: 599464 
69521000: system.memobj: hamming code : 0 
69521000: system.memobj: Enter Error Bit index: 1 
69521000: system.memobj: flip data : 1101100000100101010110010000000000000000000000000000000000000000 
69521000: system.memobj: -------------------------------------
69591000: system.memobj: mem->cpu Got response for addr 0xc4a0 , 50336
69591000: system.memobj: size 0x8
69591000: system.memobj: id 94061724545840
69591000: system.memobj: data_hex : 4889401848894010 
69591000: system.memobj: data : 0100100010001001010000000001100001001000100010010100000000010000 
69591000: system.memobj: fix data : 0100100010001001010000000001100001001000100010010100000000010000 
69591000: system.memobj: -------------------------------------
69591000: system.memobj: cpu->mem Got request for addr 0x92568 , 599400
69591000: system.memobj: size 0x8
69591000: system.memobj: id 94061724546128
69591000: system.memobj: data_hex : 5825590000000000 
69591000: system.memobj: data : 0101100000100101010110010000000000000000000000000000000000000000 
69591000: system.memobj: hamming code addr: 599400 
69591000: system.memobj: hamming code : 11 
69591000: system.memobj: hamming code addr: 599408 
69591000: system.memobj: hamming code : 0 
69591000: system.memobj: hamming code addr: 599416 
69591000: system.memobj: hamming code : 7 
69591000: system.memobj: hamming code addr: 599424 
69591000: system.memobj: hamming code : 0 
69591000: system.memobj: hamming code addr: 599432 
69591000: system.memobj: hamming code : 0 
69591000: system.memobj: hamming code addr: 599440 
69591000: system.memobj: hamming code : 0 
69591000: system.memobj: hamming code addr: 599448 
69591000: system.memobj: hamming code : 0 
69591000: system.memobj: hamming code addr: 599456 
69591000: system.memobj: hamming code : 0 
69591000: system.memobj: Enter Error Bit index: 8 
69591000: system.memobj: flip data : 0101100100100101010110010000000000000000000000000000000000000000 
69591000: system.memobj: -------------------------------------
69661000: system.memobj: mem->cpu Got response for addr 0xc4a8 , 50344
69661000: system.memobj: size 0x8
69661000: system.memobj: id 94061724546128
69661000: system.memobj: data_hex : 4883C010FFCA79F0 
69661000: system.memobj: data : 0100100010000011110000000001000011111111110010100111100111110000 
69661000: system.memobj: fix data : 0100100010000011110000000001000011111111110010100111100111110000 
69661000: system.memobj: -------------------------------------
69710000: system.memobj: mem->cpu Got response for addr 0xc4a8 , 50344
69710000: system.memobj: size 0x8
69710000: system.memobj: id 94061724545840
69710000: system.memobj: data_hex : 4883C010FFCA79F0 
69710000: system.memobj: data : 0100100010000011110000000001000011111111110010100111100111110000 
69710000: system.memobj: fix data : 0100100010000011110000000001000011111111110010100111100111110000 
69710000: system.memobj: -------------------------------------
69759000: system.memobj: mem->cpu Got response for addr 0xc4a8 , 50344
69759000: system.memobj: size 0x8
69759000: system.memobj: id 94061724546128
69759000: system.memobj: data_hex : 4883C010FFCA79F0 
69759000: system.memobj: data : 0100100010000011110000000001000011111111110010100111100111110000 
69759000: system.memobj: fix data : 0100100010000011110000000001000011111111110010100111100111110000 
69759000: system.memobj: -------------------------------------
69808000: system.memobj: mem->cpu Got response for addr 0xc4a0 , 50336
69808000: system.memobj: size 0x8
69808000: system.memobj: id 94061724545840
69808000: system.memobj: data_hex : 4889401848894010 
69808000: system.memobj: data : 0100100010001001010000000001100001001000100010010100000000010000 
69808000: system.memobj: fix data : 0100100010001001010000000001100001001000100010010100000000010000 
69808000: system.memobj: -------------------------------------
69808000: system.memobj: cpu->mem Got request for addr 0x92580 , 599424
69808000: system.memobj: size 0x8
69808000: system.memobj: id 94061724546128
69808000: system.memobj: data_hex : 6825590000000000 
69808000: system.memobj: data : 0110100000100101010110010000000000000000000000000000000000000000 
69808000: system.memobj: hamming code addr: 599424 
69808000: system.memobj: hamming code : 10 
69808000: system.memobj: hamming code addr: 599432 
69808000: system.memobj: hamming code : 0 
69808000: system.memobj: hamming code addr: 599440 
69808000: system.memobj: hamming code : 7 
69808000: system.memobj: hamming code addr: 599448 
69808000: system.memobj: hamming code : 0 
69808000: system.memobj: hamming code addr: 599456 
69808000: system.memobj: hamming code : 0 
69808000: system.memobj: hamming code addr: 599464 
69808000: system.memobj: hamming code : 0 
69808000: system.memobj: hamming code addr: 599472 
69808000: system.memobj: hamming code : 0 
69808000: system.memobj: hamming code addr: 599480 
69808000: system.memobj: hamming code : 0 
69808000: system.memobj: Enter Error Bit index: 5 
69808000: system.memobj: flip data : 0110000000100101010110010000000000000000000000000000000000000000 
69808000: system.memobj: -------------------------------------
69878000: system.memobj: mem->cpu Got response for addr 0xc4a0 , 50336
69878000: system.memobj: size 0x8
69878000: system.memobj: id 94061724546128
69878000: system.memobj: data_hex : 4889401848894010 
69878000: system.memobj: data : 0100100010001001010000000001100001001000100010010100000000010000 
69878000: system.memobj: fix data : 0100100010001001010000000001100001001000100010010100000000010000 
69878000: system.memobj: -------------------------------------
69878000: system.memobj: cpu->mem Got request for addr 0x92578 , 599416
69878000: system.memobj: size 0x8
69878000: system.memobj: id 94061724545840
69878000: system.memobj: data_hex : 6825590000000000 
69878000: system.memobj: data : 0110100000100101010110010000000000000000000000000000000000000000 
69878000: system.memobj: hamming code addr: 599416 
69878000: system.memobj: hamming code : 10 
69878000: system.memobj: hamming code addr: 599424 
69878000: system.memobj: hamming code : 0 
69878000: system.memobj: hamming code addr: 599432 
69878000: system.memobj: hamming code : 7 
69878000: system.memobj: hamming code addr: 599440 
69878000: system.memobj: hamming code : 0 
69878000: system.memobj: hamming code addr: 599448 
69878000: system.memobj: hamming code : 0 
69878000: system.memobj: hamming code addr: 599456 
69878000: system.memobj: hamming code : 0 
69878000: system.memobj: hamming code addr: 599464 
69878000: system.memobj: hamming code : 0 
69878000: system.memobj: hamming code addr: 599472 
69878000: system.memobj: hamming code : 0 
69878000: system.memobj: Enter Error Bit index: 6 
69878000: system.memobj: flip data : 0110110000100101010110010000000000000000000000000000000000000000 
69878000: system.memobj: -------------------------------------
69948000: system.memobj: mem->cpu Got response for addr 0xc4a8 , 50344
69948000: system.memobj: size 0x8
69948000: system.memobj: id 94061724545840
69948000: system.memobj: data_hex : 4883C010FFCA79F0 
69948000: system.memobj: data : 0100100010000011110000000001000011111111110010100111100111110000 
69948000: system.memobj: fix data : 0100100010000011110000000001000011111111110010100111100111110000 
69948000: system.memobj: -------------------------------------
70011000: system.memobj: mem->cpu Got response for addr 0xc4a8 , 50344
70011000: system.memobj: size 0x8
70011000: system.memobj: id 94061724546128
70011000: system.memobj: data_hex : 4883C010FFCA79F0 
70011000: system.memobj: data : 0100100010000011110000000001000011111111110010100111100111110000 
70011000: system.memobj: fix data : 0100100010000011110000000001000011111111110010100111100111110000 
70011000: system.memobj: -------------------------------------
70060000: system.memobj: mem->cpu Got response for addr 0xc4a8 , 50344
70060000: system.memobj: size 0x8
70060000: system.memobj: id 94061724545840
70060000: system.memobj: data_hex : 4883C010FFCA79F0 
70060000: system.memobj: data : 0100100010000011110000000001000011111111110010100111100111110000 
70060000: system.memobj: fix data : 0100100010000011110000000001000011111111110010100111100111110000 
70060000: system.memobj: -------------------------------------
70109000: system.memobj: mem->cpu Got response for addr 0xc4a0 , 50336
70109000: system.memobj: size 0x8
70109000: system.memobj: id 94061724546128
70109000: system.memobj: data_hex : 4889401848894010 
70109000: system.memobj: data : 0100100010001001010000000001100001001000100010010100000000010000 
70109000: system.memobj: fix data : 0100100010001001010000000001100001001000100010010100000000010000 
70109000: system.memobj: -------------------------------------
70109000: system.memobj: cpu->mem Got request for addr 0x92590 , 599440
70109000: system.memobj: size 0x8
70109000: system.memobj: id 94061724545840
70109000: system.memobj: data_hex : 7825590000000000 
70109000: system.memobj: data : 0111100000100101010110010000000000000000000000000000000000000000 
70109000: system.memobj: hamming code addr: 599440 
70109000: system.memobj: hamming code : 13 
70109000: system.memobj: hamming code addr: 599448 
70109000: system.memobj: hamming code : 0 
70109000: system.memobj: hamming code addr: 599456 
70109000: system.memobj: hamming code : 7 
70109000: system.memobj: hamming code addr: 599464 
70109000: system.memobj: hamming code : 0 
70109000: system.memobj: hamming code addr: 599472 
70109000: system.memobj: hamming code : 0 
70109000: system.memobj: hamming code addr: 599480 
70109000: system.memobj: hamming code : 0 
70109000: system.memobj: hamming code addr: 599488 
70109000: system.memobj: hamming code : 0 
70109000: system.memobj: hamming code addr: 599496 
70109000: system.memobj: hamming code : 0 
70109000: system.memobj: Enter Error Bit index: 8 
70109000: system.memobj: flip data : 0111100100100101010110010000000000000000000000000000000000000000 
70109000: system.memobj: -------------------------------------
70413000: system.memobj: mem->cpu Got response for addr 0xc4a0 , 50336
70413000: system.memobj: size 0x8
70413000: system.memobj: id 94061724545840
70413000: system.memobj: data_hex : 4889401848894010 
70413000: system.memobj: data : 0100100010001001010000000001100001001000100010010100000000010000 
70413000: system.memobj: fix data : 0100100010001001010000000001100001001000100010010100000000010000 
70413000: system.memobj: -------------------------------------
70413000: system.memobj: cpu->mem Got request for addr 0x92588 , 599432
70413000: system.memobj: size 0x8
70413000: system.memobj: id 94061724546128
70413000: system.memobj: data_hex : 7825590000000000 
70413000: system.memobj: data : 0111100000100101010110010000000000000000000000000000000000000000 
70413000: system.memobj: hamming code addr: 599432 
70413000: system.memobj: hamming code : 13 
70413000: system.memobj: hamming code addr: 599440 
70413000: system.memobj: hamming code : 0 
70413000: system.memobj: hamming code addr: 599448 
70413000: system.memobj: hamming code : 7 
70413000: system.memobj: hamming code addr: 599456 
70413000: system.memobj: hamming code : 0 
70413000: system.memobj: hamming code addr: 599464 
70413000: system.memobj: hamming code : 0 
70413000: system.memobj: hamming code addr: 599472 
70413000: system.memobj: hamming code : 0 
70413000: system.memobj: hamming code addr: 599480 
70413000: system.memobj: hamming code : 0 
70413000: system.memobj: hamming code addr: 599488 
70413000: system.memobj: hamming code : 0 
70413000: system.memobj: Enter Error Bit index: 4 
70413000: system.memobj: flip data : 0110100000100101010110010000000000000000000000000000000000000000 
70413000: system.memobj: -------------------------------------
70483000: system.memobj: mem->cpu Got response for addr 0xc4a8 , 50344
70483000: system.memobj: size 0x8
70483000: system.memobj: id 94061724546128
70483000: system.memobj: data_hex : 4883C010FFCA79F0 
70483000: system.memobj: data : 0100100010000011110000000001000011111111110010100111100111110000 
70483000: system.memobj: fix data : 0100100010000011110000000001000011111111110010100111100111110000 
70483000: system.memobj: -------------------------------------
70532000: system.memobj: mem->cpu Got response for addr 0xc4a8 , 50344
70532000: system.memobj: size 0x8
70532000: system.memobj: id 94061724545840
70532000: system.memobj: data_hex : 4883C010FFCA79F0 
70532000: system.memobj: data : 0100100010000011110000000001000011111111110010100111100111110000 
70532000: system.memobj: fix data : 0100100010000011110000000001000011111111110010100111100111110000 
70532000: system.memobj: -------------------------------------
70581000: system.memobj: mem->cpu Got response for addr 0xc4a8 , 50344
70581000: system.memobj: size 0x8
70581000: system.memobj: id 94061724546128
70581000: system.memobj: data_hex : 4883C010FFCA79F0 
70581000: system.memobj: data : 0100100010000011110000000001000011111111110010100111100111110000 
70581000: system.memobj: fix data : 0100100010000011110000000001000011111111110010100111100111110000 
70581000: system.memobj: -------------------------------------
70630000: system.memobj: mem->cpu Got response for addr 0xc4a0 , 50336
70630000: system.memobj: size 0x8
70630000: system.memobj: id 94061724545840
70630000: system.memobj: data_hex : 4889401848894010 
70630000: system.memobj: data : 0100100010001001010000000001100001001000100010010100000000010000 
70630000: system.memobj: fix data : 0100100010001001010000000001100001001000100010010100000000010000 
70630000: system.memobj: -------------------------------------
70630000: system.memobj: cpu->mem Got request for addr 0x925a0 , 599456
70630000: system.memobj: size 0x8
70630000: system.memobj: id 94061724546128
70630000: system.memobj: data_hex : 8825590000000000 
70630000: system.memobj: data : 1000100000100101010110010000000000000000000000000000000000000000 
70630000: system.memobj: hamming code addr: 599456 
70630000: system.memobj: hamming code : 10 
70630000: system.memobj: hamming code addr: 599464 
70630000: system.memobj: hamming code : 0 
70630000: system.memobj: hamming code addr: 599472 
70630000: system.memobj: hamming code : 7 
70630000: system.memobj: hamming code addr: 599480 
70630000: system.memobj: hamming code : 0 
70630000: system.memobj: hamming code addr: 599488 
70630000: system.memobj: hamming code : 0 
70630000: system.memobj: hamming code addr: 599496 
70630000: system.memobj: hamming code : 0 
70630000: system.memobj: hamming code addr: 599504 
70630000: system.memobj: hamming code : 0 
70630000: system.memobj: hamming code addr: 599512 
70630000: system.memobj: hamming code : 0 
70630000: system.memobj: Enter Error Bit index: 7 
70630000: system.memobj: flip data : 1000101000100101010110010000000000000000000000000000000000000000 
70630000: system.memobj: -------------------------------------
70700000: system.memobj: mem->cpu Got response for addr 0xc4a0 , 50336
70700000: system.memobj: size 0x8
70700000: system.memobj: id 94061724546128
70700000: system.memobj: data_hex : 4889401848894010 
70700000: system.memobj: data : 0100100010001001010000000001100001001000100010010100000000010000 
70700000: system.memobj: fix data : 0100100010001001010000000001100001001000100010010100000000010000 
70700000: system.memobj: -------------------------------------
70700000: system.memobj: cpu->mem Got request for addr 0x92598 , 599448
70700000: system.memobj: size 0x8
70700000: system.memobj: id 94061724545840
70700000: system.memobj: data_hex : 8825590000000000 
70700000: system.memobj: data : 1000100000100101010110010000000000000000000000000000000000000000 
70700000: system.memobj: hamming code addr: 599448 
70700000: system.memobj: hamming code : 10 
70700000: system.memobj: hamming code addr: 599456 
70700000: system.memobj: hamming code : 0 
70700000: system.memobj: hamming code addr: 599464 
70700000: system.memobj: hamming code : 7 
70700000: system.memobj: hamming code addr: 599472 
70700000: system.memobj: hamming code : 0 
70700000: system.memobj: hamming code addr: 599480 
70700000: system.memobj: hamming code : 0 
70700000: system.memobj: hamming code addr: 599488 
70700000: system.memobj: hamming code : 0 
70700000: system.memobj: hamming code addr: 599496 
70700000: system.memobj: hamming code : 0 
70700000: system.memobj: hamming code addr: 599504 
70700000: system.memobj: hamming code : 0 
70700000: system.memobj: Enter Error Bit index: 1 
70700000: system.memobj: flip data : 0000100000100101010110010000000000000000000000000000000000000000 
70700000: system.memobj: -------------------------------------
70770000: system.memobj: mem->cpu Got response for addr 0xc4a8 , 50344
70770000: system.memobj: size 0x8
70770000: system.memobj: id 94061724545840
70770000: system.memobj: data_hex : 4883C010FFCA79F0 
70770000: system.memobj: data : 0100100010000011110000000001000011111111110010100111100111110000 
70770000: system.memobj: fix data : 0100100010000011110000000001000011111111110010100111100111110000 
70770000: system.memobj: -------------------------------------
70819000: system.memobj: mem->cpu Got response for addr 0xc4a8 , 50344
70819000: system.memobj: size 0x8
70819000: system.memobj: id 94061724546128
70819000: system.memobj: data_hex : 4883C010FFCA79F0 
70819000: system.memobj: data : 0100100010000011110000000001000011111111110010100111100111110000 
70819000: system.memobj: fix data : 0100100010000011110000000001000011111111110010100111100111110000 
70819000: system.memobj: -------------------------------------
70868000: system.memobj: mem->cpu Got response for addr 0xc4a8 , 50344
70868000: system.memobj: size 0x8
70868000: system.memobj: id 94061724545840
70868000: system.memobj: data_hex : 4883C010FFCA79F0 
70868000: system.memobj: data : 0100100010000011110000000001000011111111110010100111100111110000 
70868000: system.memobj: fix data : 0100100010000011110000000001000011111111110010100111100111110000 
70868000: system.memobj: -------------------------------------
70917000: system.memobj: mem->cpu Got response for addr 0xc4a0 , 50336
70917000: system.memobj: size 0x8
70917000: system.memobj: id 94061724546128
70917000: system.memobj: data_hex : 4889401848894010 
70917000: system.memobj: data : 0100100010001001010000000001100001001000100010010100000000010000 
70917000: system.memobj: fix data : 0100100010001001010000000001100001001000100010010100000000010000 
70917000: system.memobj: -------------------------------------
70917000: system.memobj: cpu->mem Got request for addr 0x925b0 , 599472
70917000: system.memobj: size 0x8
70917000: system.memobj: id 94061724545840
70917000: system.memobj: data_hex : 9825590000000000 
70917000: system.memobj: data : 1001100000100101010110010000000000000000000000000000000000000000 
70917000: system.memobj: hamming code addr: 599472 
70917000: system.memobj: hamming code : 13 
70917000: system.memobj: hamming code addr: 599480 
70917000: system.memobj: hamming code : 0 
70917000: system.memobj: hamming code addr: 599488 
70917000: system.memobj: hamming code : 7 
70917000: system.memobj: hamming code addr: 599496 
70917000: system.memobj: hamming code : 0 
70917000: system.memobj: hamming code addr: 599504 
70917000: system.memobj: hamming code : 0 
70917000: system.memobj: hamming code addr: 599512 
70917000: system.memobj: hamming code : 0 
70917000: system.memobj: hamming code addr: 599520 
70917000: system.memobj: hamming code : 0 
70917000: system.memobj: hamming code addr: 599528 
70917000: system.memobj: hamming code : 0 
70917000: system.memobj: Enter Error Bit index: 5 
70917000: system.memobj: flip data : 1001000000100101010110010000000000000000000000000000000000000000 
70917000: system.memobj: -------------------------------------
70987000: system.memobj: mem->cpu Got response for addr 0xc4a0 , 50336
70987000: system.memobj: size 0x8
70987000: system.memobj: id 94061724545840
70987000: system.memobj: data_hex : 4889401848894010 
70987000: system.memobj: data : 0100100010001001010000000001100001001000100010010100000000010000 
70987000: system.memobj: fix data : 0100100010001001010000000001100001001000100010010100000000010000 
70987000: system.memobj: -------------------------------------
70987000: system.memobj: cpu->mem Got request for addr 0x925a8 , 599464
70987000: system.memobj: size 0x8
70987000: system.memobj: id 94061724546128
70987000: system.memobj: data_hex : 9825590000000000 
70987000: system.memobj: data : 1001100000100101010110010000000000000000000000000000000000000000 
70987000: system.memobj: hamming code addr: 599464 
70987000: system.memobj: hamming code : 13 
70987000: system.memobj: hamming code addr: 599472 
70987000: system.memobj: hamming code : 0 
70987000: system.memobj: hamming code addr: 599480 
70987000: system.memobj: hamming code : 7 
70987000: system.memobj: hamming code addr: 599488 
70987000: system.memobj: hamming code : 0 
70987000: system.memobj: hamming code addr: 599496 
70987000: system.memobj: hamming code : 0 
70987000: system.memobj: hamming code addr: 599504 
70987000: system.memobj: hamming code : 0 
70987000: system.memobj: hamming code addr: 599512 
70987000: system.memobj: hamming code : 0 
70987000: system.memobj: hamming code addr: 599520 
70987000: system.memobj: hamming code : 0 
70987000: system.memobj: Enter Error Bit index: 4 
70987000: system.memobj: flip data : 1000100000100101010110010000000000000000000000000000000000000000 
70987000: system.memobj: -------------------------------------
71057000: system.memobj: mem->cpu Got response for addr 0xc4a8 , 50344
71057000: system.memobj: size 0x8
71057000: system.memobj: id 94061724546128
71057000: system.memobj: data_hex : 4883C010FFCA79F0 
71057000: system.memobj: data : 0100100010000011110000000001000011111111110010100111100111110000 
71057000: system.memobj: fix data : 0100100010000011110000000001000011111111110010100111100111110000 
71057000: system.memobj: -------------------------------------
71106000: system.memobj: mem->cpu Got response for addr 0xc4a8 , 50344
71106000: system.memobj: size 0x8
71106000: system.memobj: id 94061724545840
71106000: system.memobj: data_hex : 4883C010FFCA79F0 
71106000: system.memobj: data : 0100100010000011110000000001000011111111110010100111100111110000 
71106000: system.memobj: fix data : 0100100010000011110000000001000011111111110010100111100111110000 
71106000: system.memobj: -------------------------------------
71155000: system.memobj: mem->cpu Got response for addr 0xc4a8 , 50344
71155000: system.memobj: size 0x8
71155000: system.memobj: id 94061724546128
71155000: system.memobj: data_hex : 4883C010FFCA79F0 
71155000: system.memobj: data : 0100100010000011110000000001000011111111110010100111100111110000 
71155000: system.memobj: fix data : 0100100010000011110000000001000011111111110010100111100111110000 
71155000: system.memobj: -------------------------------------
71204000: system.memobj: mem->cpu Got response for addr 0xc4a0 , 50336
71204000: system.memobj: size 0x8
71204000: system.memobj: id 94061724545840
71204000: system.memobj: data_hex : 4889401848894010 
71204000: system.memobj: data : 0100100010001001010000000001100001001000100010010100000000010000 
71204000: system.memobj: fix data : 0100100010001001010000000001100001001000100010010100000000010000 
71204000: system.memobj: -------------------------------------
71204000: system.memobj: cpu->mem Got request for addr 0x925c0 , 599488
71204000: system.memobj: size 0x8
71204000: system.memobj: id 94061724546128
71204000: system.memobj: data_hex : A825590000000000 
71204000: system.memobj: data : 1010100000100101010110010000000000000000000000000000000000000000 
71204000: system.memobj: hamming code addr: 599488 
71204000: system.memobj: hamming code : 12 
71204000: system.memobj: hamming code addr: 599496 
71204000: system.memobj: hamming code : 0 
71204000: system.memobj: hamming code addr: 599504 
71204000: system.memobj: hamming code : 7 
71204000: system.memobj: hamming code addr: 599512 
71204000: system.memobj: hamming code : 0 
71204000: system.memobj: hamming code addr: 599520 
71204000: system.memobj: hamming code : 0 
71204000: system.memobj: hamming code addr: 599528 
71204000: system.memobj: hamming code : 0 
71204000: system.memobj: hamming code addr: 599536 
71204000: system.memobj: hamming code : 0 
71204000: system.memobj: hamming code addr: 599544 
71204000: system.memobj: hamming code : 0 
71204000: system.memobj: Enter Error Bit index: 5 
71204000: system.memobj: flip data : 1010000000100101010110010000000000000000000000000000000000000000 
71204000: system.memobj: -------------------------------------
71274000: system.memobj: mem->cpu Got response for addr 0xc4a0 , 50336
71274000: system.memobj: size 0x8
71274000: system.memobj: id 94061724546128
71274000: system.memobj: data_hex : 4889401848894010 
71274000: system.memobj: data : 0100100010001001010000000001100001001000100010010100000000010000 
71274000: system.memobj: fix data : 0100100010001001010000000001100001001000100010010100000000010000 
71274000: system.memobj: -------------------------------------
71274000: system.memobj: cpu->mem Got request for addr 0x925b8 , 599480
71274000: system.memobj: size 0x8
71274000: system.memobj: id 94061724545840
71274000: system.memobj: data_hex : A825590000000000 
71274000: system.memobj: data : 1010100000100101010110010000000000000000000000000000000000000000 
71274000: system.memobj: hamming code addr: 599480 
71274000: system.memobj: hamming code : 12 
71274000: system.memobj: hamming code addr: 599488 
71274000: system.memobj: hamming code : 0 
71274000: system.memobj: hamming code addr: 599496 
71274000: system.memobj: hamming code : 7 
71274000: system.memobj: hamming code addr: 599504 
71274000: system.memobj: hamming code : 0 
71274000: system.memobj: hamming code addr: 599512 
71274000: system.memobj: hamming code : 0 
71274000: system.memobj: hamming code addr: 599520 
71274000: system.memobj: hamming code : 0 
71274000: system.memobj: hamming code addr: 599528 
71274000: system.memobj: hamming code : 0 
71274000: system.memobj: hamming code addr: 599536 
71274000: system.memobj: hamming code : 0 
71274000: system.memobj: Enter Error Bit index: 6 
71274000: system.memobj: flip data : 1010110000100101010110010000000000000000000000000000000000000000 
71274000: system.memobj: -------------------------------------
71358000: system.memobj: mem->cpu Got response for addr 0xc4a8 , 50344
71358000: system.memobj: size 0x8
71358000: system.memobj: id 94061724545840
71358000: system.memobj: data_hex : 4883C010FFCA79F0 
71358000: system.memobj: data : 0100100010000011110000000001000011111111110010100111100111110000 
71358000: system.memobj: fix data : 0100100010000011110000000001000011111111110010100111100111110000 
71358000: system.memobj: -------------------------------------
71407000: system.memobj: mem->cpu Got response for addr 0xc4a8 , 50344
71407000: system.memobj: size 0x8
71407000: system.memobj: id 94061724546128
71407000: system.memobj: data_hex : 4883C010FFCA79F0 
71407000: system.memobj: data : 0100100010000011110000000001000011111111110010100111100111110000 
71407000: system.memobj: fix data : 0100100010000011110000000001000011111111110010100111100111110000 
71407000: system.memobj: -------------------------------------
71456000: system.memobj: mem->cpu Got response for addr 0xc4a8 , 50344
71456000: system.memobj: size 0x8
71456000: system.memobj: id 94061724545840
71456000: system.memobj: data_hex : 4883C010FFCA79F0 
71456000: system.memobj: data : 0100100010000011110000000001000011111111110010100111100111110000 
71456000: system.memobj: fix data : 0100100010000011110000000001000011111111110010100111100111110000 
71456000: system.memobj: -------------------------------------
71505000: system.memobj: mem->cpu Got response for addr 0xc4a0 , 50336
71505000: system.memobj: size 0x8
71505000: system.memobj: id 94061724546128
71505000: system.memobj: data_hex : 4889401848894010 
71505000: system.memobj: data : 0100100010001001010000000001100001001000100010010100000000010000 
71505000: system.memobj: fix data : 0100100010001001010000000001100001001000100010010100000000010000 
71505000: system.memobj: -------------------------------------
71505000: system.memobj: cpu->mem Got request for addr 0x925d0 , 599504
71505000: system.memobj: size 0x8
71505000: system.memobj: id 94061724545840
71505000: system.memobj: data_hex : B825590000000000 
71505000: system.memobj: data : 1011100000100101010110010000000000000000000000000000000000000000 
71505000: system.memobj: hamming code addr: 599504 
71505000: system.memobj: hamming code : 11 
71505000: system.memobj: hamming code addr: 599512 
71505000: system.memobj: hamming code : 0 
71505000: system.memobj: hamming code addr: 599520 
71505000: system.memobj: hamming code : 7 
71505000: system.memobj: hamming code addr: 599528 
71505000: system.memobj: hamming code : 0 
71505000: system.memobj: hamming code addr: 599536 
71505000: system.memobj: hamming code : 0 
71505000: system.memobj: hamming code addr: 599544 
71505000: system.memobj: hamming code : 0 
71505000: system.memobj: hamming code addr: 599552 
71505000: system.memobj: hamming code : 0 
71505000: system.memobj: hamming code addr: 599560 
71505000: system.memobj: hamming code : 0 
71505000: system.memobj: Enter Error Bit index: 5 
71505000: system.memobj: flip data : 1011000000100101010110010000000000000000000000000000000000000000 
71505000: system.memobj: -------------------------------------
71575000: system.memobj: mem->cpu Got response for addr 0xc4a0 , 50336
71575000: system.memobj: size 0x8
71575000: system.memobj: id 94061724545840
71575000: system.memobj: data_hex : 4889401848894010 
71575000: system.memobj: data : 0100100010001001010000000001100001001000100010010100000000010000 
71575000: system.memobj: fix data : 0100100010001001010000000001100001001000100010010100000000010000 
71575000: system.memobj: -------------------------------------
71575000: system.memobj: cpu->mem Got request for addr 0x925c8 , 599496
71575000: system.memobj: size 0x8
71575000: system.memobj: id 94061724546128
71575000: system.memobj: data_hex : B825590000000000 
71575000: system.memobj: data : 1011100000100101010110010000000000000000000000000000000000000000 
71575000: system.memobj: hamming code addr: 599496 
71575000: system.memobj: hamming code : 11 
71575000: system.memobj: hamming code addr: 599504 
71575000: system.memobj: hamming code : 0 
71575000: system.memobj: hamming code addr: 599512 
71575000: system.memobj: hamming code : 7 
71575000: system.memobj: hamming code addr: 599520 
71575000: system.memobj: hamming code : 0 
71575000: system.memobj: hamming code addr: 599528 
71575000: system.memobj: hamming code : 0 
71575000: system.memobj: hamming code addr: 599536 
71575000: system.memobj: hamming code : 0 
71575000: system.memobj: hamming code addr: 599544 
71575000: system.memobj: hamming code : 0 
71575000: system.memobj: hamming code addr: 599552 
71575000: system.memobj: hamming code : 0 
71575000: system.memobj: Enter Error Bit index: 4 
71575000: system.memobj: flip data : 1010100000100101010110010000000000000000000000000000000000000000 
71575000: system.memobj: -------------------------------------
71645000: system.memobj: mem->cpu Got response for addr 0xc4a8 , 50344
71645000: system.memobj: size 0x8
71645000: system.memobj: id 94061724546128
71645000: system.memobj: data_hex : 4883C010FFCA79F0 
71645000: system.memobj: data : 0100100010000011110000000001000011111111110010100111100111110000 
71645000: system.memobj: fix data : 0100100010000011110000000001000011111111110010100111100111110000 
71645000: system.memobj: -------------------------------------
71694000: system.memobj: mem->cpu Got response for addr 0xc4a8 , 50344
71694000: system.memobj: size 0x8
71694000: system.memobj: id 94061724545840
71694000: system.memobj: data_hex : 4883C010FFCA79F0 
71694000: system.memobj: data : 0100100010000011110000000001000011111111110010100111100111110000 
71694000: system.memobj: fix data : 0100100010000011110000000001000011111111110010100111100111110000 
71694000: system.memobj: -------------------------------------
71743000: system.memobj: mem->cpu Got response for addr 0xc4a8 , 50344
71743000: system.memobj: size 0x8
71743000: system.memobj: id 94061724546128
71743000: system.memobj: data_hex : 4883C010FFCA79F0 
71743000: system.memobj: data : 0100100010000011110000000001000011111111110010100111100111110000 
71743000: system.memobj: fix data : 0100100010000011110000000001000011111111110010100111100111110000 
71743000: system.memobj: -------------------------------------
71792000: system.memobj: mem->cpu Got response for addr 0xc4a0 , 50336
71792000: system.memobj: size 0x8
71792000: system.memobj: id 94061724545840
71792000: system.memobj: data_hex : 4889401848894010 
71792000: system.memobj: data : 0100100010001001010000000001100001001000100010010100000000010000 
71792000: system.memobj: fix data : 0100100010001001010000000001100001001000100010010100000000010000 
71792000: system.memobj: -------------------------------------
71792000: system.memobj: cpu->mem Got request for addr 0x925e0 , 599520
71792000: system.memobj: size 0x8
71792000: system.memobj: id 94061724546128
71792000: system.memobj: data_hex : C825590000000000 
71792000: system.memobj: data : 1100100000100101010110010000000000000000000000000000000000000000 
71792000: system.memobj: hamming code addr: 599520 
71792000: system.memobj: hamming code : 15 
71792000: system.memobj: hamming code addr: 599528 
71792000: system.memobj: hamming code : 0 
71792000: system.memobj: hamming code addr: 599536 
71792000: system.memobj: hamming code : 7 
71792000: system.memobj: hamming code addr: 599544 
71792000: system.memobj: hamming code : 0 
71792000: system.memobj: hamming code addr: 599552 
71792000: system.memobj: hamming code : 0 
71792000: system.memobj: hamming code addr: 599560 
71792000: system.memobj: hamming code : 0 
71792000: system.memobj: hamming code addr: 599568 
71792000: system.memobj: hamming code : 0 
71792000: system.memobj: hamming code addr: 599576 
71792000: system.memobj: hamming code : 0 
71792000: system.memobj: Enter Error Bit index: 3 
71792000: system.memobj: flip data : 1110100000100101010110010000000000000000000000000000000000000000 
71792000: system.memobj: -------------------------------------
71862000: system.memobj: mem->cpu Got response for addr 0xc4a0 , 50336
71862000: system.memobj: size 0x8
71862000: system.memobj: id 94061724546128
71862000: system.memobj: data_hex : 4889401848894010 
71862000: system.memobj: data : 0100100010001001010000000001100001001000100010010100000000010000 
71862000: system.memobj: fix data : 0100100010001001010000000001100001001000100010010100000000010000 
71862000: system.memobj: -------------------------------------
71862000: system.memobj: cpu->mem Got request for addr 0x925d8 , 599512
71862000: system.memobj: size 0x8
71862000: system.memobj: id 94061724545840
71862000: system.memobj: data_hex : C825590000000000 
71862000: system.memobj: data : 1100100000100101010110010000000000000000000000000000000000000000 
71862000: system.memobj: hamming code addr: 599512 
71862000: system.memobj: hamming code : 15 
71862000: system.memobj: hamming code addr: 599520 
71862000: system.memobj: hamming code : 0 
71862000: system.memobj: hamming code addr: 599528 
71862000: system.memobj: hamming code : 7 
71862000: system.memobj: hamming code addr: 599536 
71862000: system.memobj: hamming code : 0 
71862000: system.memobj: hamming code addr: 599544 
71862000: system.memobj: hamming code : 0 
71862000: system.memobj: hamming code addr: 599552 
71862000: system.memobj: hamming code : 0 
71862000: system.memobj: hamming code addr: 599560 
71862000: system.memobj: hamming code : 0 
71862000: system.memobj: hamming code addr: 599568 
71862000: system.memobj: hamming code : 0 
71862000: system.memobj: Enter Error Bit index: 6 
71862000: system.memobj: flip data : 1100110000100101010110010000000000000000000000000000000000000000 
71862000: system.memobj: -------------------------------------
71932000: system.memobj: mem->cpu Got response for addr 0xc4a8 , 50344
71932000: system.memobj: size 0x8
71932000: system.memobj: id 94061724545840
71932000: system.memobj: data_hex : 4883C010FFCA79F0 
71932000: system.memobj: data : 0100100010000011110000000001000011111111110010100111100111110000 
71932000: system.memobj: fix data : 0100100010000011110000000001000011111111110010100111100111110000 
71932000: system.memobj: -------------------------------------
71981000: system.memobj: mem->cpu Got response for addr 0xc4a8 , 50344
71981000: system.memobj: size 0x8
71981000: system.memobj: id 94061724546128
71981000: system.memobj: data_hex : 4883C010FFCA79F0 
71981000: system.memobj: data : 0100100010000011110000000001000011111111110010100111100111110000 
71981000: system.memobj: fix data : 0100100010000011110000000001000011111111110010100111100111110000 
71981000: system.memobj: -------------------------------------
72030000: system.memobj: mem->cpu Got response for addr 0xc4a8 , 50344
72030000: system.memobj: size 0x8
72030000: system.memobj: id 94061724545840
72030000: system.memobj: data_hex : 4883C010FFCA79F0 
72030000: system.memobj: data : 0100100010000011110000000001000011111111110010100111100111110000 
72030000: system.memobj: fix data : 0100100010000011110000000001000011111111110010100111100111110000 
72030000: system.memobj: -------------------------------------
72079000: system.memobj: mem->cpu Got response for addr 0xc4a0 , 50336
72079000: system.memobj: size 0x8
72079000: system.memobj: id 94061724546128
72079000: system.memobj: data_hex : 4889401848894010 
72079000: system.memobj: data : 0100100010001001010000000001100001001000100010010100000000010000 
72079000: system.memobj: fix data : 0100100010001001010000000001100001001000100010010100000000010000 
72079000: system.memobj: -------------------------------------
72079000: system.memobj: cpu->mem Got request for addr 0x925f0 , 599536
72079000: system.memobj: size 0x8
72079000: system.memobj: id 94061724545840
72079000: system.memobj: data_hex : D825590000000000 
72079000: system.memobj: data : 1101100000100101010110010000000000000000000000000000000000000000 
72079000: system.memobj: hamming code addr: 599536 
72079000: system.memobj: hamming code : 8 
72079000: system.memobj: hamming code addr: 599544 
72079000: system.memobj: hamming code : 0 
72079000: system.memobj: hamming code addr: 599552 
72079000: system.memobj: hamming code : 7 
72079000: system.memobj: hamming code addr: 599560 
72079000: system.memobj: hamming code : 0 
72079000: system.memobj: hamming code addr: 599568 
72079000: system.memobj: hamming code : 0 
72079000: system.memobj: hamming code addr: 599576 
72079000: system.memobj: hamming code : 0 
72079000: system.memobj: hamming code addr: 599584 
72079000: system.memobj: hamming code : 0 
72079000: system.memobj: hamming code addr: 599592 
72079000: system.memobj: hamming code : 0 
72079000: system.memobj: Enter Error Bit index: 7 
72079000: system.memobj: flip data : 1101101000100101010110010000000000000000000000000000000000000000 
72079000: system.memobj: -------------------------------------
72149000: system.memobj: mem->cpu Got response for addr 0xc4a0 , 50336
72149000: system.memobj: size 0x8
72149000: system.memobj: id 94061724545840
72149000: system.memobj: data_hex : 4889401848894010 
72149000: system.memobj: data : 0100100010001001010000000001100001001000100010010100000000010000 
72149000: system.memobj: fix data : 0100100010001001010000000001100001001000100010010100000000010000 
72149000: system.memobj: -------------------------------------
72149000: system.memobj: cpu->mem Got request for addr 0x925e8 , 599528
72149000: system.memobj: size 0x8
72149000: system.memobj: id 94061724546128
72149000: system.memobj: data_hex : D825590000000000 
72149000: system.memobj: data : 1101100000100101010110010000000000000000000000000000000000000000 
72149000: system.memobj: hamming code addr: 599528 
72149000: system.memobj: hamming code : 8 
72149000: system.memobj: hamming code addr: 599536 
72149000: system.memobj: hamming code : 0 
72149000: system.memobj: hamming code addr: 599544 
72149000: system.memobj: hamming code : 7 
72149000: system.memobj: hamming code addr: 599552 
72149000: system.memobj: hamming code : 0 
72149000: system.memobj: hamming code addr: 599560 
72149000: system.memobj: hamming code : 0 
72149000: system.memobj: hamming code addr: 599568 
72149000: system.memobj: hamming code : 0 
72149000: system.memobj: hamming code addr: 599576 
72149000: system.memobj: hamming code : 0 
72149000: system.memobj: hamming code addr: 599584 
72149000: system.memobj: hamming code : 0 
72149000: system.memobj: Enter Error Bit index: 4 
72149000: system.memobj: flip data : 1100100000100101010110010000000000000000000000000000000000000000 
72149000: system.memobj: -------------------------------------
72219000: system.memobj: mem->cpu Got response for addr 0xc4a8 , 50344
72219000: system.memobj: size 0x8
72219000: system.memobj: id 94061724546128
72219000: system.memobj: data_hex : 4883C010FFCA79F0 
72219000: system.memobj: data : 0100100010000011110000000001000011111111110010100111100111110000 
72219000: system.memobj: fix data : 0100100010000011110000000001000011111111110010100111100111110000 
72219000: system.memobj: -------------------------------------
72282000: system.memobj: mem->cpu Got response for addr 0xc4a8 , 50344
72282000: system.memobj: size 0x8
72282000: system.memobj: id 94061724545840
72282000: system.memobj: data_hex : 4883C010FFCA79F0 
72282000: system.memobj: data : 0100100010000011110000000001000011111111110010100111100111110000 
72282000: system.memobj: fix data : 0100100010000011110000000001000011111111110010100111100111110000 
72282000: system.memobj: -------------------------------------
72331000: system.memobj: mem->cpu Got response for addr 0xc4a8 , 50344
72331000: system.memobj: size 0x8
72331000: system.memobj: id 94061724546128
72331000: system.memobj: data_hex : 4883C010FFCA79F0 
72331000: system.memobj: data : 0100100010000011110000000001000011111111110010100111100111110000 
72331000: system.memobj: fix data : 0100100010000011110000000001000011111111110010100111100111110000 
72331000: system.memobj: -------------------------------------
72380000: system.memobj: mem->cpu Got response for addr 0xc4a0 , 50336
72380000: system.memobj: size 0x8
72380000: system.memobj: id 94061724545840
72380000: system.memobj: data_hex : 4889401848894010 
72380000: system.memobj: data : 0100100010001001010000000001100001001000100010010100000000010000 
72380000: system.memobj: fix data : 0100100010001001010000000001100001001000100010010100000000010000 
72380000: system.memobj: -------------------------------------
72380000: system.memobj: cpu->mem Got request for addr 0x92600 , 599552
72380000: system.memobj: size 0x8
72380000: system.memobj: id 94061724546128
72380000: system.memobj: data_hex : E825590000000000 
72380000: system.memobj: data : 1110100000100101010110010000000000000000000000000000000000000000 
72380000: system.memobj: hamming code addr: 599552 
72380000: system.memobj: hamming code : 9 
72380000: system.memobj: hamming code addr: 599560 
72380000: system.memobj: hamming code : 0 
72380000: system.memobj: hamming code addr: 599568 
72380000: system.memobj: hamming code : 7 
72380000: system.memobj: hamming code addr: 599576 
72380000: system.memobj: hamming code : 0 
72380000: system.memobj: hamming code addr: 599584 
72380000: system.memobj: hamming code : 0 
72380000: system.memobj: hamming code addr: 599592 
72380000: system.memobj: hamming code : 0 
72380000: system.memobj: hamming code addr: 599600 
72380000: system.memobj: hamming code : 0 
72380000: system.memobj: hamming code addr: 599608 
72380000: system.memobj: hamming code : 0 
72380000: system.memobj: Enter Error Bit index: 2 
72380000: system.memobj: flip data : 1010100000100101010110010000000000000000000000000000000000000000 
72380000: system.memobj: -------------------------------------
72450000: system.memobj: mem->cpu Got response for addr 0xc4a0 , 50336
72450000: system.memobj: size 0x8
72450000: system.memobj: id 94061724546128
72450000: system.memobj: data_hex : 4889401848894010 
72450000: system.memobj: data : 0100100010001001010000000001100001001000100010010100000000010000 
72450000: system.memobj: fix data : 0100100010001001010000000001100001001000100010010100000000010000 
72450000: system.memobj: -------------------------------------
72450000: system.memobj: cpu->mem Got request for addr 0x925f8 , 599544
72450000: system.memobj: size 0x8
72450000: system.memobj: id 94061724545840
72450000: system.memobj: data_hex : E825590000000000 
72450000: system.memobj: data : 1110100000100101010110010000000000000000000000000000000000000000 
72450000: system.memobj: hamming code addr: 599544 
72450000: system.memobj: hamming code : 9 
72450000: system.memobj: hamming code addr: 599552 
72450000: system.memobj: hamming code : 0 
72450000: system.memobj: hamming code addr: 599560 
72450000: system.memobj: hamming code : 7 
72450000: system.memobj: hamming code addr: 599568 
72450000: system.memobj: hamming code : 0 
72450000: system.memobj: hamming code addr: 599576 
72450000: system.memobj: hamming code : 0 
72450000: system.memobj: hamming code addr: 599584 
72450000: system.memobj: hamming code : 0 
72450000: system.memobj: hamming code addr: 599592 
72450000: system.memobj: hamming code : 0 
72450000: system.memobj: hamming code addr: 599600 
72450000: system.memobj: hamming code : 0 
72450000: system.memobj: Enter Error Bit index: 4 
72450000: system.memobj: flip data : 1111100000100101010110010000000000000000000000000000000000000000 
72450000: system.memobj: -------------------------------------
72520000: system.memobj: mem->cpu Got response for addr 0xc4a8 , 50344
72520000: system.memobj: size 0x8
72520000: system.memobj: id 94061724545840
72520000: system.memobj: data_hex : 4883C010FFCA79F0 
72520000: system.memobj: data : 0100100010000011110000000001000011111111110010100111100111110000 
72520000: system.memobj: fix data : 0100100010000011110000000001000011111111110010100111100111110000 
72520000: system.memobj: -------------------------------------
72569000: system.memobj: mem->cpu Got response for addr 0xc4a8 , 50344
72569000: system.memobj: size 0x8
72569000: system.memobj: id 94061724546128
72569000: system.memobj: data_hex : 4883C010FFCA79F0 
72569000: system.memobj: data : 0100100010000011110000000001000011111111110010100111100111110000 
72569000: system.memobj: fix data : 0100100010000011110000000001000011111111110010100111100111110000 
72569000: system.memobj: -------------------------------------
72618000: system.memobj: mem->cpu Got response for addr 0xc4a8 , 50344
72618000: system.memobj: size 0x8
72618000: system.memobj: id 94061724545840
72618000: system.memobj: data_hex : 4883C010FFCA79F0 
72618000: system.memobj: data : 0100100010000011110000000001000011111111110010100111100111110000 
72618000: system.memobj: fix data : 0100100010000011110000000001000011111111110010100111100111110000 
72618000: system.memobj: -------------------------------------
72667000: system.memobj: mem->cpu Got response for addr 0xc4a0 , 50336
72667000: system.memobj: size 0x8
72667000: system.memobj: id 94061724546128
72667000: system.memobj: data_hex : 4889401848894010 
72667000: system.memobj: data : 0100100010001001010000000001100001001000100010010100000000010000 
72667000: system.memobj: fix data : 0100100010001001010000000001100001001000100010010100000000010000 
72667000: system.memobj: -------------------------------------
72667000: system.memobj: cpu->mem Got request for addr 0x92610 , 599568
72667000: system.memobj: size 0x8
72667000: system.memobj: id 94061724545840
72667000: system.memobj: data_hex : F825590000000000 
72667000: system.memobj: data : 1111100000100101010110010000000000000000000000000000000000000000 
72667000: system.memobj: hamming code addr: 599568 
72667000: system.memobj: hamming code : 14 
72667000: system.memobj: hamming code addr: 599576 
72667000: system.memobj: hamming code : 0 
72667000: system.memobj: hamming code addr: 599584 
72667000: system.memobj: hamming code : 7 
72667000: system.memobj: hamming code addr: 599592 
72667000: system.memobj: hamming code : 0 
72667000: system.memobj: hamming code addr: 599600 
72667000: system.memobj: hamming code : 0 
72667000: system.memobj: hamming code addr: 599608 
72667000: system.memobj: hamming code : 0 
72667000: system.memobj: hamming code addr: 599616 
72667000: system.memobj: hamming code : 0 
72667000: system.memobj: hamming code addr: 599624 
72667000: system.memobj: hamming code : 0 
72667000: system.memobj: Enter Error Bit index: 4 
72667000: system.memobj: flip data : 1110100000100101010110010000000000000000000000000000000000000000 
72667000: system.memobj: -------------------------------------
72737000: system.memobj: mem->cpu Got response for addr 0xc4a0 , 50336
72737000: system.memobj: size 0x8
72737000: system.memobj: id 94061724545840
72737000: system.memobj: data_hex : 4889401848894010 
72737000: system.memobj: data : 0100100010001001010000000001100001001000100010010100000000010000 
72737000: system.memobj: fix data : 0100100010001001010000000001100001001000100010010100000000010000 
72737000: system.memobj: -------------------------------------
72737000: system.memobj: cpu->mem Got request for addr 0x92608 , 599560
72737000: system.memobj: size 0x8
72737000: system.memobj: id 94061724546128
72737000: system.memobj: data_hex : F825590000000000 
72737000: system.memobj: data : 1111100000100101010110010000000000000000000000000000000000000000 
72737000: system.memobj: hamming code addr: 599560 
72737000: system.memobj: hamming code : 14 
72737000: system.memobj: hamming code addr: 599568 
72737000: system.memobj: hamming code : 0 
72737000: system.memobj: hamming code addr: 599576 
72737000: system.memobj: hamming code : 7 
72737000: system.memobj: hamming code addr: 599584 
72737000: system.memobj: hamming code : 0 
72737000: system.memobj: hamming code addr: 599592 
72737000: system.memobj: hamming code : 0 
72737000: system.memobj: hamming code addr: 599600 
72737000: system.memobj: hamming code : 0 
72737000: system.memobj: hamming code addr: 599608 
72737000: system.memobj: hamming code : 0 
72737000: system.memobj: hamming code addr: 599616 
72737000: system.memobj: hamming code : 0 
72737000: system.memobj: Enter Error Bit index: 1 
72737000: system.memobj: flip data : 0111100000100101010110010000000000000000000000000000000000000000 
72737000: system.memobj: -------------------------------------
72807000: system.memobj: mem->cpu Got response for addr 0xc4a8 , 50344
72807000: system.memobj: size 0x8
72807000: system.memobj: id 94061724546128
72807000: system.memobj: data_hex : 4883C010FFCA79F0 
72807000: system.memobj: data : 0100100010000011110000000001000011111111110010100111100111110000 
72807000: system.memobj: fix data : 0100100010000011110000000001000011111111110010100111100111110000 
72807000: system.memobj: -------------------------------------
72856000: system.memobj: mem->cpu Got response for addr 0xc4a8 , 50344
72856000: system.memobj: size 0x8
72856000: system.memobj: id 94061724545840
72856000: system.memobj: data_hex : 4883C010FFCA79F0 
72856000: system.memobj: data : 0100100010000011110000000001000011111111110010100111100111110000 
72856000: system.memobj: fix data : 0100100010000011110000000001000011111111110010100111100111110000 
72856000: system.memobj: -------------------------------------
72905000: system.memobj: mem->cpu Got response for addr 0xc4a8 , 50344
72905000: system.memobj: size 0x8
72905000: system.memobj: id 94061724546128
72905000: system.memobj: data_hex : 4883C010FFCA79F0 
72905000: system.memobj: data : 0100100010000011110000000001000011111111110010100111100111110000 
72905000: system.memobj: fix data : 0100100010000011110000000001000011111111110010100111100111110000 
72905000: system.memobj: -------------------------------------
72954000: system.memobj: mem->cpu Got response for addr 0xc4a0 , 50336
72954000: system.memobj: size 0x8
72954000: system.memobj: id 94061724545840
72954000: system.memobj: data_hex : 4889401848894010 
72954000: system.memobj: data : 0100100010001001010000000001100001001000100010010100000000010000 
72954000: system.memobj: fix data : 0100100010001001010000000001100001001000100010010100000000010000 
72954000: system.memobj: -------------------------------------
72954000: system.memobj: cpu->mem Got request for addr 0x92620 , 599584
72954000: system.memobj: size 0x8
72954000: system.memobj: id 94061724546128
72954000: system.memobj: data_hex : 0826590000000000 
72954000: system.memobj: data : 0000100000100110010110010000000000000000000000000000000000000000 
72954000: system.memobj: hamming code addr: 599584 
72954000: system.memobj: hamming code : 9 
72954000: system.memobj: hamming code addr: 599592 
72954000: system.memobj: hamming code : 7 
72954000: system.memobj: hamming code addr: 599600 
72954000: system.memobj: hamming code : 7 
72954000: system.memobj: hamming code addr: 599608 
72954000: system.memobj: hamming code : 0 
72954000: system.memobj: hamming code addr: 599616 
72954000: system.memobj: hamming code : 0 
72954000: system.memobj: hamming code addr: 599624 
72954000: system.memobj: hamming code : 0 
72954000: system.memobj: hamming code addr: 599632 
72954000: system.memobj: hamming code : 0 
72954000: system.memobj: hamming code addr: 599640 
72954000: system.memobj: hamming code : 0 
72954000: system.memobj: Enter Error Bit index: 5 
72954000: system.memobj: flip data : 0000000000100110010110010000000000000000000000000000000000000000 
72954000: system.memobj: -------------------------------------
73024000: system.memobj: mem->cpu Got response for addr 0xc4a0 , 50336
73024000: system.memobj: size 0x8
73024000: system.memobj: id 94061724546128
73024000: system.memobj: data_hex : 4889401848894010 
73024000: system.memobj: data : 0100100010001001010000000001100001001000100010010100000000010000 
73024000: system.memobj: fix data : 0100100010001001010000000001100001001000100010010100000000010000 
73024000: system.memobj: -------------------------------------
73024000: system.memobj: cpu->mem Got request for addr 0x92618 , 599576
73024000: system.memobj: size 0x8
73024000: system.memobj: id 94061724545840
73024000: system.memobj: data_hex : 0826590000000000 
73024000: system.memobj: data : 0000100000100110010110010000000000000000000000000000000000000000 
73024000: system.memobj: hamming code addr: 599576 
73024000: system.memobj: hamming code : 9 
73024000: system.memobj: hamming code addr: 599584 
73024000: system.memobj: hamming code : 7 
73024000: system.memobj: hamming code addr: 599592 
73024000: system.memobj: hamming code : 7 
73024000: system.memobj: hamming code addr: 599600 
73024000: system.memobj: hamming code : 0 
73024000: system.memobj: hamming code addr: 599608 
73024000: system.memobj: hamming code : 0 
73024000: system.memobj: hamming code addr: 599616 
73024000: system.memobj: hamming code : 0 
73024000: system.memobj: hamming code addr: 599624 
73024000: system.memobj: hamming code : 0 
73024000: system.memobj: hamming code addr: 599632 
73024000: system.memobj: hamming code : 0 
73024000: system.memobj: Enter Error Bit index: 5 
73024000: system.memobj: flip data : 0000000000100110010110010000000000000000000000000000000000000000 
73024000: system.memobj: -------------------------------------
73094000: system.memobj: mem->cpu Got response for addr 0xc4a8 , 50344
73094000: system.memobj: size 0x8
73094000: system.memobj: id 94061724545840
73094000: system.memobj: data_hex : 4883C010FFCA79F0 
73094000: system.memobj: data : 0100100010000011110000000001000011111111110010100111100111110000 
73094000: system.memobj: fix data : 0100100010000011110000000001000011111111110010100111100111110000 
73094000: system.memobj: -------------------------------------
73143000: system.memobj: mem->cpu Got response for addr 0xc4a8 , 50344
73143000: system.memobj: size 0x8
73143000: system.memobj: id 94061724546128
73143000: system.memobj: data_hex : 4883C010FFCA79F0 
73143000: system.memobj: data : 0100100010000011110000000001000011111111110010100111100111110000 
73143000: system.memobj: fix data : 0100100010000011110000000001000011111111110010100111100111110000 
73143000: system.memobj: -------------------------------------
73206000: system.memobj: mem->cpu Got response for addr 0xc4a8 , 50344
73206000: system.memobj: size 0x8
73206000: system.memobj: id 94061724545840
73206000: system.memobj: data_hex : 4883C010FFCA79F0 
73206000: system.memobj: data : 0100100010000011110000000001000011111111110010100111100111110000 
73206000: system.memobj: fix data : 0100100010000011110000000001000011111111110010100111100111110000 
73206000: system.memobj: -------------------------------------
73255000: system.memobj: mem->cpu Got response for addr 0xc4a0 , 50336
73255000: system.memobj: size 0x8
73255000: system.memobj: id 94061724546128
73255000: system.memobj: data_hex : 4889401848894010 
73255000: system.memobj: data : 0100100010001001010000000001100001001000100010010100000000010000 
73255000: system.memobj: fix data : 0100100010001001010000000001100001001000100010010100000000010000 
73255000: system.memobj: -------------------------------------
73255000: system.memobj: cpu->mem Got request for addr 0x92630 , 599600
73255000: system.memobj: size 0x8
73255000: system.memobj: id 94061724545840
73255000: system.memobj: data_hex : 1826590000000000 
73255000: system.memobj: data : 0001100000100110010110010000000000000000000000000000000000000000 
73255000: system.memobj: hamming code addr: 599600 
73255000: system.memobj: hamming code : 14 
73255000: system.memobj: hamming code addr: 599608 
73255000: system.memobj: hamming code : 7 
73255000: system.memobj: hamming code addr: 599616 
73255000: system.memobj: hamming code : 7 
73255000: system.memobj: hamming code addr: 599624 
73255000: system.memobj: hamming code : 0 
73255000: system.memobj: hamming code addr: 599632 
73255000: system.memobj: hamming code : 0 
73255000: system.memobj: hamming code addr: 599640 
73255000: system.memobj: hamming code : 0 
73255000: system.memobj: hamming code addr: 599648 
73255000: system.memobj: hamming code : 0 
73255000: system.memobj: hamming code addr: 599656 
73255000: system.memobj: hamming code : 0 
73255000: system.memobj: Enter Error Bit index: 2 
73255000: system.memobj: flip data : 0101100000100110010110010000000000000000000000000000000000000000 
73255000: system.memobj: -------------------------------------
73325000: system.memobj: mem->cpu Got response for addr 0xc4a0 , 50336
73325000: system.memobj: size 0x8
73325000: system.memobj: id 94061724545840
73325000: system.memobj: data_hex : 4889401848894010 
73325000: system.memobj: data : 0100100010001001010000000001100001001000100010010100000000010000 
73325000: system.memobj: fix data : 0100100010001001010000000001100001001000100010010100000000010000 
73325000: system.memobj: -------------------------------------
73325000: system.memobj: cpu->mem Got request for addr 0x92628 , 599592
73325000: system.memobj: size 0x8
73325000: system.memobj: id 94061724546128
73325000: system.memobj: data_hex : 1826590000000000 
73325000: system.memobj: data : 0001100000100110010110010000000000000000000000000000000000000000 
73325000: system.memobj: hamming code addr: 599592 
73325000: system.memobj: hamming code : 14 
73325000: system.memobj: hamming code addr: 599600 
73325000: system.memobj: hamming code : 7 
73325000: system.memobj: hamming code addr: 599608 
73325000: system.memobj: hamming code : 7 
73325000: system.memobj: hamming code addr: 599616 
73325000: system.memobj: hamming code : 0 
73325000: system.memobj: hamming code addr: 599624 
73325000: system.memobj: hamming code : 0 
73325000: system.memobj: hamming code addr: 599632 
73325000: system.memobj: hamming code : 0 
73325000: system.memobj: hamming code addr: 599640 
73325000: system.memobj: hamming code : 0 
73325000: system.memobj: hamming code addr: 599648 
73325000: system.memobj: hamming code : 0 
73325000: system.memobj: Enter Error Bit index: 7 
73325000: system.memobj: flip data : 0001101000100110010110010000000000000000000000000000000000000000 
73325000: system.memobj: -------------------------------------
73395000: system.memobj: mem->cpu Got response for addr 0xc4a8 , 50344
73395000: system.memobj: size 0x8
73395000: system.memobj: id 94061724546128
73395000: system.memobj: data_hex : 4883C010FFCA79F0 
73395000: system.memobj: data : 0100100010000011110000000001000011111111110010100111100111110000 
73395000: system.memobj: fix data : 0100100010000011110000000001000011111111110010100111100111110000 
73395000: system.memobj: -------------------------------------
73444000: system.memobj: mem->cpu Got response for addr 0xc4a8 , 50344
73444000: system.memobj: size 0x8
73444000: system.memobj: id 94061724545840
73444000: system.memobj: data_hex : 4883C010FFCA79F0 
73444000: system.memobj: data : 0100100010000011110000000001000011111111110010100111100111110000 
73444000: system.memobj: fix data : 0100100010000011110000000001000011111111110010100111100111110000 
73444000: system.memobj: -------------------------------------
73493000: system.memobj: mem->cpu Got response for addr 0xc4a8 , 50344
73493000: system.memobj: size 0x8
73493000: system.memobj: id 94061724546128
73493000: system.memobj: data_hex : 4883C010FFCA79F0 
73493000: system.memobj: data : 0100100010000011110000000001000011111111110010100111100111110000 
73493000: system.memobj: fix data : 0100100010000011110000000001000011111111110010100111100111110000 
73493000: system.memobj: -------------------------------------
73542000: system.memobj: mem->cpu Got response for addr 0xc4a0 , 50336
73542000: system.memobj: size 0x8
73542000: system.memobj: id 94061724545840
73542000: system.memobj: data_hex : 4889401848894010 
73542000: system.memobj: data : 0100100010001001010000000001100001001000100010010100000000010000 
73542000: system.memobj: fix data : 0100100010001001010000000001100001001000100010010100000000010000 
73542000: system.memobj: -------------------------------------
73542000: system.memobj: cpu->mem Got request for addr 0x92640 , 599616
73542000: system.memobj: size 0x8
73542000: system.memobj: id 94061724546128
73542000: system.memobj: data_hex : 2826590000000000 
73542000: system.memobj: data : 0010100000100110010110010000000000000000000000000000000000000000 
73542000: system.memobj: hamming code addr: 599616 
73542000: system.memobj: hamming code : 15 
73542000: system.memobj: hamming code addr: 599624 
73542000: system.memobj: hamming code : 7 
73542000: system.memobj: hamming code addr: 599632 
73542000: system.memobj: hamming code : 7 
73542000: system.memobj: hamming code addr: 599640 
73542000: system.memobj: hamming code : 0 
73542000: system.memobj: hamming code addr: 599648 
73542000: system.memobj: hamming code : 0 
73542000: system.memobj: hamming code addr: 599656 
73542000: system.memobj: hamming code : 0 
73542000: system.memobj: hamming code addr: 599664 
73542000: system.memobj: hamming code : 0 
73542000: system.memobj: hamming code addr: 599672 
73542000: system.memobj: hamming code : 0 
73542000: system.memobj: Enter Error Bit index: 2 
73542000: system.memobj: flip data : 0110100000100110010110010000000000000000000000000000000000000000 
73542000: system.memobj: -------------------------------------
73687000: system.memobj: mem->cpu Got response for addr 0xc4a0 , 50336
73687000: system.memobj: size 0x8
73687000: system.memobj: id 94061724546128
73687000: system.memobj: data_hex : 4889401848894010 
73687000: system.memobj: data : 0100100010001001010000000001100001001000100010010100000000010000 
73687000: system.memobj: fix data : 0100100010001001010000000001100001001000100010010100000000010000 
73687000: system.memobj: -------------------------------------
73687000: system.memobj: cpu->mem Got request for addr 0x92638 , 599608
73687000: system.memobj: size 0x8
73687000: system.memobj: id 94061724545840
73687000: system.memobj: data_hex : 2826590000000000 
73687000: system.memobj: data : 0010100000100110010110010000000000000000000000000000000000000000 
73687000: system.memobj: hamming code addr: 599608 
73687000: system.memobj: hamming code : 15 
73687000: system.memobj: hamming code addr: 599616 
73687000: system.memobj: hamming code : 7 
73687000: system.memobj: hamming code addr: 599624 
73687000: system.memobj: hamming code : 7 
73687000: system.memobj: hamming code addr: 599632 
73687000: system.memobj: hamming code : 0 
73687000: system.memobj: hamming code addr: 599640 
73687000: system.memobj: hamming code : 0 
73687000: system.memobj: hamming code addr: 599648 
73687000: system.memobj: hamming code : 0 
73687000: system.memobj: hamming code addr: 599656 
73687000: system.memobj: hamming code : 0 
73687000: system.memobj: hamming code addr: 599664 
73687000: system.memobj: hamming code : 0 
73687000: system.memobj: Enter Error Bit index: 5 
73687000: system.memobj: flip data : 0010000000100110010110010000000000000000000000000000000000000000 
73687000: system.memobj: -------------------------------------
73757000: system.memobj: mem->cpu Got response for addr 0xc4a8 , 50344
73757000: system.memobj: size 0x8
73757000: system.memobj: id 94061724545840
73757000: system.memobj: data_hex : 4883C010FFCA79F0 
73757000: system.memobj: data : 0100100010000011110000000001000011111111110010100111100111110000 
73757000: system.memobj: fix data : 0100100010000011110000000001000011111111110010100111100111110000 
73757000: system.memobj: -------------------------------------
73806000: system.memobj: mem->cpu Got response for addr 0xc4a8 , 50344
73806000: system.memobj: size 0x8
73806000: system.memobj: id 94061724546128
73806000: system.memobj: data_hex : 4883C010FFCA79F0 
73806000: system.memobj: data : 0100100010000011110000000001000011111111110010100111100111110000 
73806000: system.memobj: fix data : 0100100010000011110000000001000011111111110010100111100111110000 
73806000: system.memobj: -------------------------------------
73855000: system.memobj: mem->cpu Got response for addr 0xc4a8 , 50344
73855000: system.memobj: size 0x8
73855000: system.memobj: id 94061724545840
73855000: system.memobj: data_hex : 4883C010FFCA79F0 
73855000: system.memobj: data : 0100100010000011110000000001000011111111110010100111100111110000 
73855000: system.memobj: fix data : 0100100010000011110000000001000011111111110010100111100111110000 
73855000: system.memobj: -------------------------------------
73904000: system.memobj: mem->cpu Got response for addr 0xc4a0 , 50336
73904000: system.memobj: size 0x8
73904000: system.memobj: id 94061724546128
73904000: system.memobj: data_hex : 4889401848894010 
73904000: system.memobj: data : 0100100010001001010000000001100001001000100010010100000000010000 
73904000: system.memobj: fix data : 0100100010001001010000000001100001001000100010010100000000010000 
73904000: system.memobj: -------------------------------------
73904000: system.memobj: cpu->mem Got request for addr 0x92650 , 599632
73904000: system.memobj: size 0x8
73904000: system.memobj: id 94061724545840
73904000: system.memobj: data_hex : 3826590000000000 
73904000: system.memobj: data : 0011100000100110010110010000000000000000000000000000000000000000 
73904000: system.memobj: hamming code addr: 599632 
73904000: system.memobj: hamming code : 8 
73904000: system.memobj: hamming code addr: 599640 
73904000: system.memobj: hamming code : 7 
73904000: system.memobj: hamming code addr: 599648 
73904000: system.memobj: hamming code : 7 
73904000: system.memobj: hamming code addr: 599656 
73904000: system.memobj: hamming code : 0 
73904000: system.memobj: hamming code addr: 599664 
73904000: system.memobj: hamming code : 0 
73904000: system.memobj: hamming code addr: 599672 
73904000: system.memobj: hamming code : 0 
73904000: system.memobj: hamming code addr: 599680 
73904000: system.memobj: hamming code : 0 
73904000: system.memobj: hamming code addr: 599688 
73904000: system.memobj: hamming code : 0 
73904000: system.memobj: Enter Error Bit index: 3 
73904000: system.memobj: flip data : 0001100000100110010110010000000000000000000000000000000000000000 
73904000: system.memobj: -------------------------------------
73974000: system.memobj: mem->cpu Got response for addr 0xc4a0 , 50336
73974000: system.memobj: size 0x8
73974000: system.memobj: id 94061724545840
73974000: system.memobj: data_hex : 4889401848894010 
73974000: system.memobj: data : 0100100010001001010000000001100001001000100010010100000000010000 
73974000: system.memobj: fix data : 0100100010001001010000000001100001001000100010010100000000010000 
73974000: system.memobj: -------------------------------------
73974000: system.memobj: cpu->mem Got request for addr 0x92648 , 599624
73974000: system.memobj: size 0x8
73974000: system.memobj: id 94061724546128
73974000: system.memobj: data_hex : 3826590000000000 
73974000: system.memobj: data : 0011100000100110010110010000000000000000000000000000000000000000 
73974000: system.memobj: hamming code addr: 599624 
73974000: system.memobj: hamming code : 8 
73974000: system.memobj: hamming code addr: 599632 
73974000: system.memobj: hamming code : 7 
73974000: system.memobj: hamming code addr: 599640 
73974000: system.memobj: hamming code : 7 
73974000: system.memobj: hamming code addr: 599648 
73974000: system.memobj: hamming code : 0 
73974000: system.memobj: hamming code addr: 599656 
73974000: system.memobj: hamming code : 0 
73974000: system.memobj: hamming code addr: 599664 
73974000: system.memobj: hamming code : 0 
73974000: system.memobj: hamming code addr: 599672 
73974000: system.memobj: hamming code : 0 
73974000: system.memobj: hamming code addr: 599680 
73974000: system.memobj: hamming code : 0 
73974000: system.memobj: Enter Error Bit index: 5 
73974000: system.memobj: flip data : 0011000000100110010110010000000000000000000000000000000000000000 
73974000: system.memobj: -------------------------------------
74044000: system.memobj: mem->cpu Got response for addr 0xc4a8 , 50344
74044000: system.memobj: size 0x8
74044000: system.memobj: id 94061724546128
74044000: system.memobj: data_hex : 4883C010FFCA79F0 
74044000: system.memobj: data : 0100100010000011110000000001000011111111110010100111100111110000 
74044000: system.memobj: fix data : 0100100010000011110000000001000011111111110010100111100111110000 
74044000: system.memobj: -------------------------------------
74093000: system.memobj: mem->cpu Got response for addr 0xc4a8 , 50344
74093000: system.memobj: size 0x8
74093000: system.memobj: id 94061724545840
74093000: system.memobj: data_hex : 4883C010FFCA79F0 
74093000: system.memobj: data : 0100100010000011110000000001000011111111110010100111100111110000 
74093000: system.memobj: fix data : 0100100010000011110000000001000011111111110010100111100111110000 
74093000: system.memobj: -------------------------------------
74142000: system.memobj: mem->cpu Got response for addr 0xc4a8 , 50344
74142000: system.memobj: size 0x8
74142000: system.memobj: id 94061724546128
74142000: system.memobj: data_hex : 4883C010FFCA79F0 
74142000: system.memobj: data : 0100100010000011110000000001000011111111110010100111100111110000 
74142000: system.memobj: fix data : 0100100010000011110000000001000011111111110010100111100111110000 
74142000: system.memobj: -------------------------------------
74205000: system.memobj: mem->cpu Got response for addr 0xc4a0 , 50336
74205000: system.memobj: size 0x8
74205000: system.memobj: id 94061724545840
74205000: system.memobj: data_hex : 4889401848894010 
74205000: system.memobj: data : 0100100010001001010000000001100001001000100010010100000000010000 
74205000: system.memobj: fix data : 0100100010001001010000000001100001001000100010010100000000010000 
74205000: system.memobj: -------------------------------------
74205000: system.memobj: cpu->mem Got request for addr 0x92660 , 599648
74205000: system.memobj: size 0x8
74205000: system.memobj: id 94061724546128
74205000: system.memobj: data_hex : 4826590000000000 
74205000: system.memobj: data : 0100100000100110010110010000000000000000000000000000000000000000 
74205000: system.memobj: hamming code addr: 599648 
74205000: system.memobj: hamming code : 12 
74205000: system.memobj: hamming code addr: 599656 
74205000: system.memobj: hamming code : 7 
74205000: system.memobj: hamming code addr: 599664 
74205000: system.memobj: hamming code : 7 
74205000: system.memobj: hamming code addr: 599672 
74205000: system.memobj: hamming code : 0 
74205000: system.memobj: hamming code addr: 599680 
74205000: system.memobj: hamming code : 0 
74205000: system.memobj: hamming code addr: 599688 
74205000: system.memobj: hamming code : 0 
74205000: system.memobj: hamming code addr: 599696 
74205000: system.memobj: hamming code : 0 
74205000: system.memobj: hamming code addr: 599704 
74205000: system.memobj: hamming code : 0 
74205000: system.memobj: Enter Error Bit index: 5 
74205000: system.memobj: flip data : 0100000000100110010110010000000000000000000000000000000000000000 
74205000: system.memobj: -------------------------------------
74275000: system.memobj: mem->cpu Got response for addr 0xc4a0 , 50336
74275000: system.memobj: size 0x8
74275000: system.memobj: id 94061724546128
74275000: system.memobj: data_hex : 4889401848894010 
74275000: system.memobj: data : 0100100010001001010000000001100001001000100010010100000000010000 
74275000: system.memobj: fix data : 0100100010001001010000000001100001001000100010010100000000010000 
74275000: system.memobj: -------------------------------------
74275000: system.memobj: cpu->mem Got request for addr 0x92658 , 599640
74275000: system.memobj: size 0x8
74275000: system.memobj: id 94061724545840
74275000: system.memobj: data_hex : 4826590000000000 
74275000: system.memobj: data : 0100100000100110010110010000000000000000000000000000000000000000 
74275000: system.memobj: hamming code addr: 599640 
74275000: system.memobj: hamming code : 12 
74275000: system.memobj: hamming code addr: 599648 
74275000: system.memobj: hamming code : 7 
74275000: system.memobj: hamming code addr: 599656 
74275000: system.memobj: hamming code : 7 
74275000: system.memobj: hamming code addr: 599664 
74275000: system.memobj: hamming code : 0 
74275000: system.memobj: hamming code addr: 599672 
74275000: system.memobj: hamming code : 0 
74275000: system.memobj: hamming code addr: 599680 
74275000: system.memobj: hamming code : 0 
74275000: system.memobj: hamming code addr: 599688 
74275000: system.memobj: hamming code : 0 
74275000: system.memobj: hamming code addr: 599696 
74275000: system.memobj: hamming code : 0 
74275000: system.memobj: Enter Error Bit index: 3 
74275000: system.memobj: flip data : 0110100000100110010110010000000000000000000000000000000000000000 
74275000: system.memobj: -------------------------------------
74345000: system.memobj: mem->cpu Got response for addr 0xc4a8 , 50344
74345000: system.memobj: size 0x8
74345000: system.memobj: id 94061724545840
74345000: system.memobj: data_hex : 4883C010FFCA79F0 
74345000: system.memobj: data : 0100100010000011110000000001000011111111110010100111100111110000 
74345000: system.memobj: fix data : 0100100010000011110000000001000011111111110010100111100111110000 
74345000: system.memobj: -------------------------------------
74394000: system.memobj: mem->cpu Got response for addr 0xc4a8 , 50344
74394000: system.memobj: size 0x8
74394000: system.memobj: id 94061724546128
74394000: system.memobj: data_hex : 4883C010FFCA79F0 
74394000: system.memobj: data : 0100100010000011110000000001000011111111110010100111100111110000 
74394000: system.memobj: fix data : 0100100010000011110000000001000011111111110010100111100111110000 
74394000: system.memobj: -------------------------------------
74443000: system.memobj: mem->cpu Got response for addr 0xc4a8 , 50344
74443000: system.memobj: size 0x8
74443000: system.memobj: id 94061724545840
74443000: system.memobj: data_hex : 4883C010FFCA79F0 
74443000: system.memobj: data : 0100100010000011110000000001000011111111110010100111100111110000 
74443000: system.memobj: fix data : 0100100010000011110000000001000011111111110010100111100111110000 
74443000: system.memobj: -------------------------------------
74492000: system.memobj: mem->cpu Got response for addr 0xc4a0 , 50336
74492000: system.memobj: size 0x8
74492000: system.memobj: id 94061724546128
74492000: system.memobj: data_hex : 4889401848894010 
74492000: system.memobj: data : 0100100010001001010000000001100001001000100010010100000000010000 
74492000: system.memobj: fix data : 0100100010001001010000000001100001001000100010010100000000010000 
74492000: system.memobj: -------------------------------------
74492000: system.memobj: cpu->mem Got request for addr 0x92670 , 599664
74492000: system.memobj: size 0x8
74492000: system.memobj: id 94061724545840
74492000: system.memobj: data_hex : 5826590000000000 
74492000: system.memobj: data : 0101100000100110010110010000000000000000000000000000000000000000 
74492000: system.memobj: hamming code addr: 599664 
74492000: system.memobj: hamming code : 11 
74492000: system.memobj: hamming code addr: 599672 
74492000: system.memobj: hamming code : 7 
74492000: system.memobj: hamming code addr: 599680 
74492000: system.memobj: hamming code : 7 
74492000: system.memobj: hamming code addr: 599688 
74492000: system.memobj: hamming code : 0 
74492000: system.memobj: hamming code addr: 599696 
74492000: system.memobj: hamming code : 0 
74492000: system.memobj: hamming code addr: 599704 
74492000: system.memobj: hamming code : 0 
74492000: system.memobj: hamming code addr: 599712 
74492000: system.memobj: hamming code : 0 
74492000: system.memobj: hamming code addr: 599720 
74492000: system.memobj: hamming code : 0 
74492000: system.memobj: Enter Error Bit index: 4 
74492000: system.memobj: flip data : 0100100000100110010110010000000000000000000000000000000000000000 
74492000: system.memobj: -------------------------------------
74562000: system.memobj: mem->cpu Got response for addr 0xc4a0 , 50336
74562000: system.memobj: size 0x8
74562000: system.memobj: id 94061724545840
74562000: system.memobj: data_hex : 4889401848894010 
74562000: system.memobj: data : 0100100010001001010000000001100001001000100010010100000000010000 
74562000: system.memobj: fix data : 0100100010001001010000000001100001001000100010010100000000010000 
74562000: system.memobj: -------------------------------------
74562000: system.memobj: cpu->mem Got request for addr 0x92668 , 599656
74562000: system.memobj: size 0x8
74562000: system.memobj: id 94061724546128
74562000: system.memobj: data_hex : 5826590000000000 
74562000: system.memobj: data : 0101100000100110010110010000000000000000000000000000000000000000 
74562000: system.memobj: hamming code addr: 599656 
74562000: system.memobj: hamming code : 11 
74562000: system.memobj: hamming code addr: 599664 
74562000: system.memobj: hamming code : 7 
74562000: system.memobj: hamming code addr: 599672 
74562000: system.memobj: hamming code : 7 
74562000: system.memobj: hamming code addr: 599680 
74562000: system.memobj: hamming code : 0 
74562000: system.memobj: hamming code addr: 599688 
74562000: system.memobj: hamming code : 0 
74562000: system.memobj: hamming code addr: 599696 
74562000: system.memobj: hamming code : 0 
74562000: system.memobj: hamming code addr: 599704 
74562000: system.memobj: hamming code : 0 
74562000: system.memobj: hamming code addr: 599712 
74562000: system.memobj: hamming code : 0 
74562000: system.memobj: Enter Error Bit index: 1 
74562000: system.memobj: flip data : 1101100000100110010110010000000000000000000000000000000000000000 
74562000: system.memobj: -------------------------------------
74632000: system.memobj: mem->cpu Got response for addr 0xc4a8 , 50344
74632000: system.memobj: size 0x8
74632000: system.memobj: id 94061724546128
74632000: system.memobj: data_hex : 4883C010FFCA79F0 
74632000: system.memobj: data : 0100100010000011110000000001000011111111110010100111100111110000 
74632000: system.memobj: fix data : 0100100010000011110000000001000011111111110010100111100111110000 
74632000: system.memobj: -------------------------------------
74681000: system.memobj: mem->cpu Got response for addr 0xc4a8 , 50344
74681000: system.memobj: size 0x8
74681000: system.memobj: id 94061724545840
74681000: system.memobj: data_hex : 4883C010FFCA79F0 
74681000: system.memobj: data : 0100100010000011110000000001000011111111110010100111100111110000 
74681000: system.memobj: fix data : 0100100010000011110000000001000011111111110010100111100111110000 
74681000: system.memobj: -------------------------------------
74730000: system.memobj: mem->cpu Got response for addr 0xc4a8 , 50344
74730000: system.memobj: size 0x8
74730000: system.memobj: id 94061724546128
74730000: system.memobj: data_hex : 4883C010FFCA79F0 
74730000: system.memobj: data : 0100100010000011110000000001000011111111110010100111100111110000 
74730000: system.memobj: fix data : 0100100010000011110000000001000011111111110010100111100111110000 
74730000: system.memobj: -------------------------------------
74779000: system.memobj: mem->cpu Got response for addr 0xc4a0 , 50336
74779000: system.memobj: size 0x8
74779000: system.memobj: id 94061724545840
74779000: system.memobj: data_hex : 4889401848894010 
74779000: system.memobj: data : 0100100010001001010000000001100001001000100010010100000000010000 
74779000: system.memobj: fix data : 0100100010001001010000000001100001001000100010010100000000010000 
74779000: system.memobj: -------------------------------------
74779000: system.memobj: cpu->mem Got request for addr 0x92680 , 599680
74779000: system.memobj: size 0x8
74779000: system.memobj: id 94061724546128
74779000: system.memobj: data_hex : 6826590000000000 
74779000: system.memobj: data : 0110100000100110010110010000000000000000000000000000000000000000 
74779000: system.memobj: hamming code addr: 599680 
74779000: system.memobj: hamming code : 10 
74779000: system.memobj: hamming code addr: 599688 
74779000: system.memobj: hamming code : 7 
74779000: system.memobj: hamming code addr: 599696 
74779000: system.memobj: hamming code : 7 
74779000: system.memobj: hamming code addr: 599704 
74779000: system.memobj: hamming code : 0 
74779000: system.memobj: hamming code addr: 599712 
74779000: system.memobj: hamming code : 0 
74779000: system.memobj: hamming code addr: 599720 
74779000: system.memobj: hamming code : 0 
74779000: system.memobj: hamming code addr: 599728 
74779000: system.memobj: hamming code : 0 
74779000: system.memobj: hamming code addr: 599736 
74779000: system.memobj: hamming code : 0 
74779000: system.memobj: Enter Error Bit index: 8 
74779000: system.memobj: flip data : 0110100100100110010110010000000000000000000000000000000000000000 
74779000: system.memobj: -------------------------------------
74849000: system.memobj: mem->cpu Got response for addr 0xc4a0 , 50336
74849000: system.memobj: size 0x8
74849000: system.memobj: id 94061724546128
74849000: system.memobj: data_hex : 4889401848894010 
74849000: system.memobj: data : 0100100010001001010000000001100001001000100010010100000000010000 
74849000: system.memobj: fix data : 0100100010001001010000000001100001001000100010010100000000010000 
74849000: system.memobj: -------------------------------------
74849000: system.memobj: cpu->mem Got request for addr 0x92678 , 599672
74849000: system.memobj: size 0x8
74849000: system.memobj: id 94061724545840
74849000: system.memobj: data_hex : 6826590000000000 
74849000: system.memobj: data : 0110100000100110010110010000000000000000000000000000000000000000 
74849000: system.memobj: hamming code addr: 599672 
74849000: system.memobj: hamming code : 10 
74849000: system.memobj: hamming code addr: 599680 
74849000: system.memobj: hamming code : 7 
74849000: system.memobj: hamming code addr: 599688 
74849000: system.memobj: hamming code : 7 
74849000: system.memobj: hamming code addr: 599696 
74849000: system.memobj: hamming code : 0 
74849000: system.memobj: hamming code addr: 599704 
74849000: system.memobj: hamming code : 0 
74849000: system.memobj: hamming code addr: 599712 
74849000: system.memobj: hamming code : 0 
74849000: system.memobj: hamming code addr: 599720 
74849000: system.memobj: hamming code : 0 
74849000: system.memobj: hamming code addr: 599728 
74849000: system.memobj: hamming code : 0 
74849000: system.memobj: Enter Error Bit index: 4 
74849000: system.memobj: flip data : 0111100000100110010110010000000000000000000000000000000000000000 
74849000: system.memobj: -------------------------------------
74919000: system.memobj: mem->cpu Got response for addr 0xc4a8 , 50344
74919000: system.memobj: size 0x8
74919000: system.memobj: id 94061724545840
74919000: system.memobj: data_hex : 4883C010FFCA79F0 
74919000: system.memobj: data : 0100100010000011110000000001000011111111110010100111100111110000 
74919000: system.memobj: fix data : 0100100010000011110000000001000011111111110010100111100111110000 
74919000: system.memobj: -------------------------------------
74968000: system.memobj: mem->cpu Got response for addr 0xc4a8 , 50344
74968000: system.memobj: size 0x8
74968000: system.memobj: id 94061724546128
74968000: system.memobj: data_hex : 4883C010FFCA79F0 
74968000: system.memobj: data : 0100100010000011110000000001000011111111110010100111100111110000 
74968000: system.memobj: fix data : 0100100010000011110000000001000011111111110010100111100111110000 
74968000: system.memobj: -------------------------------------
75017000: system.memobj: mem->cpu Got response for addr 0xc4a8 , 50344
75017000: system.memobj: size 0x8
75017000: system.memobj: id 94061724545840
75017000: system.memobj: data_hex : 4883C010FFCA79F0 
75017000: system.memobj: data : 0100100010000011110000000001000011111111110010100111100111110000 
75017000: system.memobj: fix data : 0100100010000011110000000001000011111111110010100111100111110000 
75017000: system.memobj: -------------------------------------
75066000: system.memobj: mem->cpu Got response for addr 0xc4a0 , 50336
75066000: system.memobj: size 0x8
75066000: system.memobj: id 94061724546128
75066000: system.memobj: data_hex : 4889401848894010 
75066000: system.memobj: data : 0100100010001001010000000001100001001000100010010100000000010000 
75066000: system.memobj: fix data : 0100100010001001010000000001100001001000100010010100000000010000 
75066000: system.memobj: -------------------------------------
75066000: system.memobj: cpu->mem Got request for addr 0x92690 , 599696
75066000: system.memobj: size 0x8
75066000: system.memobj: id 94061724545840
75066000: system.memobj: data_hex : 7826590000000000 
75066000: system.memobj: data : 0111100000100110010110010000000000000000000000000000000000000000 
75066000: system.memobj: hamming code addr: 599696 
75066000: system.memobj: hamming code : 13 
75066000: system.memobj: hamming code addr: 599704 
75066000: system.memobj: hamming code : 7 
75066000: system.memobj: hamming code addr: 599712 
75066000: system.memobj: hamming code : 7 
75066000: system.memobj: hamming code addr: 599720 
75066000: system.memobj: hamming code : 0 
75066000: system.memobj: hamming code addr: 599728 
75066000: system.memobj: hamming code : 0 
75066000: system.memobj: hamming code addr: 599736 
75066000: system.memobj: hamming code : 0 
75066000: system.memobj: hamming code addr: 599744 
75066000: system.memobj: hamming code : 0 
75066000: system.memobj: hamming code addr: 599752 
75066000: system.memobj: hamming code : 0 
75066000: system.memobj: Enter Error Bit index: 4 
75066000: system.memobj: flip data : 0110100000100110010110010000000000000000000000000000000000000000 
75066000: system.memobj: -------------------------------------
75150000: system.memobj: mem->cpu Got response for addr 0xc4a0 , 50336
75150000: system.memobj: size 0x8
75150000: system.memobj: id 94061724545840
75150000: system.memobj: data_hex : 4889401848894010 
75150000: system.memobj: data : 0100100010001001010000000001100001001000100010010100000000010000 
75150000: system.memobj: fix data : 0100100010001001010000000001100001001000100010010100000000010000 
75150000: system.memobj: -------------------------------------
75150000: system.memobj: cpu->mem Got request for addr 0x92688 , 599688
75150000: system.memobj: size 0x8
75150000: system.memobj: id 94061724546128
75150000: system.memobj: data_hex : 7826590000000000 
75150000: system.memobj: data : 0111100000100110010110010000000000000000000000000000000000000000 
75150000: system.memobj: hamming code addr: 599688 
75150000: system.memobj: hamming code : 13 
75150000: system.memobj: hamming code addr: 599696 
75150000: system.memobj: hamming code : 7 
75150000: system.memobj: hamming code addr: 599704 
75150000: system.memobj: hamming code : 7 
75150000: system.memobj: hamming code addr: 599712 
75150000: system.memobj: hamming code : 0 
75150000: system.memobj: hamming code addr: 599720 
75150000: system.memobj: hamming code : 0 
75150000: system.memobj: hamming code addr: 599728 
75150000: system.memobj: hamming code : 0 
75150000: system.memobj: hamming code addr: 599736 
75150000: system.memobj: hamming code : 0 
75150000: system.memobj: hamming code addr: 599744 
75150000: system.memobj: hamming code : 0 
75150000: system.memobj: Enter Error Bit index: 6 
75150000: system.memobj: flip data : 0111110000100110010110010000000000000000000000000000000000000000 
75150000: system.memobj: -------------------------------------
75220000: system.memobj: mem->cpu Got response for addr 0xc4a8 , 50344
75220000: system.memobj: size 0x8
75220000: system.memobj: id 94061724546128
75220000: system.memobj: data_hex : 4883C010FFCA79F0 
75220000: system.memobj: data : 0100100010000011110000000001000011111111110010100111100111110000 
75220000: system.memobj: fix data : 0100100010000011110000000001000011111111110010100111100111110000 
75220000: system.memobj: -------------------------------------
75269000: system.memobj: mem->cpu Got response for addr 0xc4a8 , 50344
75269000: system.memobj: size 0x8
75269000: system.memobj: id 94061724545840
75269000: system.memobj: data_hex : 4883C010FFCA79F0 
75269000: system.memobj: data : 0100100010000011110000000001000011111111110010100111100111110000 
75269000: system.memobj: fix data : 0100100010000011110000000001000011111111110010100111100111110000 
75269000: system.memobj: -------------------------------------
75318000: system.memobj: mem->cpu Got response for addr 0xc4a8 , 50344
75318000: system.memobj: size 0x8
75318000: system.memobj: id 94061724546128
75318000: system.memobj: data_hex : 4883C010FFCA79F0 
75318000: system.memobj: data : 0100100010000011110000000001000011111111110010100111100111110000 
75318000: system.memobj: fix data : 0100100010000011110000000001000011111111110010100111100111110000 
75318000: system.memobj: -------------------------------------
75367000: system.memobj: mem->cpu Got response for addr 0xc4a0 , 50336
75367000: system.memobj: size 0x8
75367000: system.memobj: id 94061724545840
75367000: system.memobj: data_hex : 4889401848894010 
75367000: system.memobj: data : 0100100010001001010000000001100001001000100010010100000000010000 
75367000: system.memobj: fix data : 0100100010001001010000000001100001001000100010010100000000010000 
75367000: system.memobj: -------------------------------------
75367000: system.memobj: cpu->mem Got request for addr 0x926a0 , 599712
75367000: system.memobj: size 0x8
75367000: system.memobj: id 94061724546128
75367000: system.memobj: data_hex : 8826590000000000 
75367000: system.memobj: data : 1000100000100110010110010000000000000000000000000000000000000000 
75367000: system.memobj: hamming code addr: 599712 
75367000: system.memobj: hamming code : 10 
75367000: system.memobj: hamming code addr: 599720 
75367000: system.memobj: hamming code : 7 
75367000: system.memobj: hamming code addr: 599728 
75367000: system.memobj: hamming code : 7 
75367000: system.memobj: hamming code addr: 599736 
75367000: system.memobj: hamming code : 0 
75367000: system.memobj: hamming code addr: 599744 
75367000: system.memobj: hamming code : 0 
75367000: system.memobj: hamming code addr: 599752 
75367000: system.memobj: hamming code : 0 
75367000: system.memobj: hamming code addr: 599760 
75367000: system.memobj: hamming code : 0 
75367000: system.memobj: hamming code addr: 599768 
75367000: system.memobj: hamming code : 0 
75367000: system.memobj: Enter Error Bit index: 4 
75367000: system.memobj: flip data : 1001100000100110010110010000000000000000000000000000000000000000 
75367000: system.memobj: -------------------------------------
75437000: system.memobj: mem->cpu Got response for addr 0xc4a0 , 50336
75437000: system.memobj: size 0x8
75437000: system.memobj: id 94061724546128
75437000: system.memobj: data_hex : 4889401848894010 
75437000: system.memobj: data : 0100100010001001010000000001100001001000100010010100000000010000 
75437000: system.memobj: fix data : 0100100010001001010000000001100001001000100010010100000000010000 
75437000: system.memobj: -------------------------------------
75437000: system.memobj: cpu->mem Got request for addr 0x92698 , 599704
75437000: system.memobj: size 0x8
75437000: system.memobj: id 94061724545840
75437000: system.memobj: data_hex : 8826590000000000 
75437000: system.memobj: data : 1000100000100110010110010000000000000000000000000000000000000000 
75437000: system.memobj: hamming code addr: 599704 
75437000: system.memobj: hamming code : 10 
75437000: system.memobj: hamming code addr: 599712 
75437000: system.memobj: hamming code : 7 
75437000: system.memobj: hamming code addr: 599720 
75437000: system.memobj: hamming code : 7 
75437000: system.memobj: hamming code addr: 599728 
75437000: system.memobj: hamming code : 0 
75437000: system.memobj: hamming code addr: 599736 
75437000: system.memobj: hamming code : 0 
75437000: system.memobj: hamming code addr: 599744 
75437000: system.memobj: hamming code : 0 
75437000: system.memobj: hamming code addr: 599752 
75437000: system.memobj: hamming code : 0 
75437000: system.memobj: hamming code addr: 599760 
75437000: system.memobj: hamming code : 0 
75437000: system.memobj: Enter Error Bit index: 1 
75437000: system.memobj: flip data : 0000100000100110010110010000000000000000000000000000000000000000 
75437000: system.memobj: -------------------------------------
75507000: system.memobj: mem->cpu Got response for addr 0xc4a8 , 50344
75507000: system.memobj: size 0x8
75507000: system.memobj: id 94061724545840
75507000: system.memobj: data_hex : 4883C010FFCA79F0 
75507000: system.memobj: data : 0100100010000011110000000001000011111111110010100111100111110000 
75507000: system.memobj: fix data : 0100100010000011110000000001000011111111110010100111100111110000 
75507000: system.memobj: -------------------------------------
75556000: system.memobj: mem->cpu Got response for addr 0xc4a8 , 50344
75556000: system.memobj: size 0x8
75556000: system.memobj: id 94061724546128
75556000: system.memobj: data_hex : 4883C010FFCA79F0 
75556000: system.memobj: data : 0100100010000011110000000001000011111111110010100111100111110000 
75556000: system.memobj: fix data : 0100100010000011110000000001000011111111110010100111100111110000 
75556000: system.memobj: -------------------------------------
75605000: system.memobj: mem->cpu Got response for addr 0xc4a8 , 50344
75605000: system.memobj: size 0x8
75605000: system.memobj: id 94061724545840
75605000: system.memobj: data_hex : 4883C010FFCA79F0 
75605000: system.memobj: data : 0100100010000011110000000001000011111111110010100111100111110000 
75605000: system.memobj: fix data : 0100100010000011110000000001000011111111110010100111100111110000 
75605000: system.memobj: -------------------------------------
75654000: system.memobj: mem->cpu Got response for addr 0xc4a0 , 50336
75654000: system.memobj: size 0x8
75654000: system.memobj: id 94061724546128
75654000: system.memobj: data_hex : 4889401848894010 
75654000: system.memobj: data : 0100100010001001010000000001100001001000100010010100000000010000 
75654000: system.memobj: fix data : 0100100010001001010000000001100001001000100010010100000000010000 
75654000: system.memobj: -------------------------------------
75654000: system.memobj: cpu->mem Got request for addr 0x926b0 , 599728
75654000: system.memobj: size 0x8
75654000: system.memobj: id 94061724545840
75654000: system.memobj: data_hex : 9826590000000000 
75654000: system.memobj: data : 1001100000100110010110010000000000000000000000000000000000000000 
75654000: system.memobj: hamming code addr: 599728 
75654000: system.memobj: hamming code : 13 
75654000: system.memobj: hamming code addr: 599736 
75654000: system.memobj: hamming code : 7 
75654000: system.memobj: hamming code addr: 599744 
75654000: system.memobj: hamming code : 7 
75654000: system.memobj: hamming code addr: 599752 
75654000: system.memobj: hamming code : 0 
75654000: system.memobj: hamming code addr: 599760 
75654000: system.memobj: hamming code : 0 
75654000: system.memobj: hamming code addr: 599768 
75654000: system.memobj: hamming code : 0 
75654000: system.memobj: hamming code addr: 599776 
75654000: system.memobj: hamming code : 0 
75654000: system.memobj: hamming code addr: 599784 
75654000: system.memobj: hamming code : 0 
75654000: system.memobj: Enter Error Bit index: 1 
75654000: system.memobj: flip data : 0001100000100110010110010000000000000000000000000000000000000000 
75654000: system.memobj: -------------------------------------
75724000: system.memobj: mem->cpu Got response for addr 0xc4a0 , 50336
75724000: system.memobj: size 0x8
75724000: system.memobj: id 94061724545840
75724000: system.memobj: data_hex : 4889401848894010 
75724000: system.memobj: data : 0100100010001001010000000001100001001000100010010100000000010000 
75724000: system.memobj: fix data : 0100100010001001010000000001100001001000100010010100000000010000 
75724000: system.memobj: -------------------------------------
75724000: system.memobj: cpu->mem Got request for addr 0x926a8 , 599720
75724000: system.memobj: size 0x8
75724000: system.memobj: id 94061724546128
75724000: system.memobj: data_hex : 9826590000000000 
75724000: system.memobj: data : 1001100000100110010110010000000000000000000000000000000000000000 
75724000: system.memobj: hamming code addr: 599720 
75724000: system.memobj: hamming code : 13 
75724000: system.memobj: hamming code addr: 599728 
75724000: system.memobj: hamming code : 7 
75724000: system.memobj: hamming code addr: 599736 
75724000: system.memobj: hamming code : 7 
75724000: system.memobj: hamming code addr: 599744 
75724000: system.memobj: hamming code : 0 
75724000: system.memobj: hamming code addr: 599752 
75724000: system.memobj: hamming code : 0 
75724000: system.memobj: hamming code addr: 599760 
75724000: system.memobj: hamming code : 0 
75724000: system.memobj: hamming code addr: 599768 
75724000: system.memobj: hamming code : 0 
75724000: system.memobj: hamming code addr: 599776 
75724000: system.memobj: hamming code : 0 
75724000: system.memobj: Enter Error Bit index: 8 
75724000: system.memobj: flip data : 1001100100100110010110010000000000000000000000000000000000000000 
75724000: system.memobj: -------------------------------------
75794000: system.memobj: mem->cpu Got response for addr 0xc4a8 , 50344
75794000: system.memobj: size 0x8
75794000: system.memobj: id 94061724546128
75794000: system.memobj: data_hex : 4883C010FFCA79F0 
75794000: system.memobj: data : 0100100010000011110000000001000011111111110010100111100111110000 
75794000: system.memobj: fix data : 0100100010000011110000000001000011111111110010100111100111110000 
75794000: system.memobj: -------------------------------------
75843000: system.memobj: mem->cpu Got response for addr 0xc4a8 , 50344
75843000: system.memobj: size 0x8
75843000: system.memobj: id 94061724545840
75843000: system.memobj: data_hex : 4883C010FFCA79F0 
75843000: system.memobj: data : 0100100010000011110000000001000011111111110010100111100111110000 
75843000: system.memobj: fix data : 0100100010000011110000000001000011111111110010100111100111110000 
75843000: system.memobj: -------------------------------------
75892000: system.memobj: mem->cpu Got response for addr 0xc4a8 , 50344
75892000: system.memobj: size 0x8
75892000: system.memobj: id 94061724546128
75892000: system.memobj: data_hex : 4883C010FFCA79F0 
75892000: system.memobj: data : 0100100010000011110000000001000011111111110010100111100111110000 
75892000: system.memobj: fix data : 0100100010000011110000000001000011111111110010100111100111110000 
75892000: system.memobj: -------------------------------------
75941000: system.memobj: mem->cpu Got response for addr 0xc4a0 , 50336
75941000: system.memobj: size 0x8
75941000: system.memobj: id 94061724545840
75941000: system.memobj: data_hex : 4889401848894010 
75941000: system.memobj: data : 0100100010001001010000000001100001001000100010010100000000010000 
75941000: system.memobj: fix data : 0100100010001001010000000001100001001000100010010100000000010000 
75941000: system.memobj: -------------------------------------
75941000: system.memobj: cpu->mem Got request for addr 0x926c0 , 599744
75941000: system.memobj: size 0x8
75941000: system.memobj: id 94061724546128
75941000: system.memobj: data_hex : A826590000000000 
75941000: system.memobj: data : 1010100000100110010110010000000000000000000000000000000000000000 
75941000: system.memobj: hamming code addr: 599744 
75941000: system.memobj: hamming code : 12 
75941000: system.memobj: hamming code addr: 599752 
75941000: system.memobj: hamming code : 7 
75941000: system.memobj: hamming code addr: 599760 
75941000: system.memobj: hamming code : 7 
75941000: system.memobj: hamming code addr: 599768 
75941000: system.memobj: hamming code : 0 
75941000: system.memobj: hamming code addr: 599776 
75941000: system.memobj: hamming code : 0 
75941000: system.memobj: hamming code addr: 599784 
75941000: system.memobj: hamming code : 0 
75941000: system.memobj: hamming code addr: 599792 
75941000: system.memobj: hamming code : 0 
75941000: system.memobj: hamming code addr: 599800 
75941000: system.memobj: hamming code : 0 
75941000: system.memobj: Enter Error Bit index: 6 
75941000: system.memobj: flip data : 1010110000100110010110010000000000000000000000000000000000000000 
75941000: system.memobj: -------------------------------------
76011000: system.memobj: mem->cpu Got response for addr 0xc4a0 , 50336
76011000: system.memobj: size 0x8
76011000: system.memobj: id 94061724546128
76011000: system.memobj: data_hex : 4889401848894010 
76011000: system.memobj: data : 0100100010001001010000000001100001001000100010010100000000010000 
76011000: system.memobj: fix data : 0100100010001001010000000001100001001000100010010100000000010000 
76011000: system.memobj: -------------------------------------
76011000: system.memobj: cpu->mem Got request for addr 0x926b8 , 599736
76011000: system.memobj: size 0x8
76011000: system.memobj: id 94061724545840
76011000: system.memobj: data_hex : A826590000000000 
76011000: system.memobj: data : 1010100000100110010110010000000000000000000000000000000000000000 
76011000: system.memobj: hamming code addr: 599736 
76011000: system.memobj: hamming code : 12 
76011000: system.memobj: hamming code addr: 599744 
76011000: system.memobj: hamming code : 7 
76011000: system.memobj: hamming code addr: 599752 
76011000: system.memobj: hamming code : 7 
76011000: system.memobj: hamming code addr: 599760 
76011000: system.memobj: hamming code : 0 
76011000: system.memobj: hamming code addr: 599768 
76011000: system.memobj: hamming code : 0 
76011000: system.memobj: hamming code addr: 599776 
76011000: system.memobj: hamming code : 0 
76011000: system.memobj: hamming code addr: 599784 
76011000: system.memobj: hamming code : 0 
76011000: system.memobj: hamming code addr: 599792 
76011000: system.memobj: hamming code : 0 
76011000: system.memobj: Enter Error Bit index: 5 
76011000: system.memobj: flip data : 1010000000100110010110010000000000000000000000000000000000000000 
76011000: system.memobj: -------------------------------------
76095000: system.memobj: mem->cpu Got response for addr 0xc4a8 , 50344
76095000: system.memobj: size 0x8
76095000: system.memobj: id 94061724545840
76095000: system.memobj: data_hex : 4883C010FFCA79F0 
76095000: system.memobj: data : 0100100010000011110000000001000011111111110010100111100111110000 
76095000: system.memobj: fix data : 0100100010000011110000000001000011111111110010100111100111110000 
76095000: system.memobj: -------------------------------------
76144000: system.memobj: mem->cpu Got response for addr 0xc4a8 , 50344
76144000: system.memobj: size 0x8
76144000: system.memobj: id 94061724546128
76144000: system.memobj: data_hex : 4883C010FFCA79F0 
76144000: system.memobj: data : 0100100010000011110000000001000011111111110010100111100111110000 
76144000: system.memobj: fix data : 0100100010000011110000000001000011111111110010100111100111110000 
76144000: system.memobj: -------------------------------------
76193000: system.memobj: mem->cpu Got response for addr 0xc4a8 , 50344
76193000: system.memobj: size 0x8
76193000: system.memobj: id 94061724545840
76193000: system.memobj: data_hex : 4883C010FFCA79F0 
76193000: system.memobj: data : 0100100010000011110000000001000011111111110010100111100111110000 
76193000: system.memobj: fix data : 0100100010000011110000000001000011111111110010100111100111110000 
76193000: system.memobj: -------------------------------------
76242000: system.memobj: mem->cpu Got response for addr 0xc4a0 , 50336
76242000: system.memobj: size 0x8
76242000: system.memobj: id 94061724546128
76242000: system.memobj: data_hex : 4889401848894010 
76242000: system.memobj: data : 0100100010001001010000000001100001001000100010010100000000010000 
76242000: system.memobj: fix data : 0100100010001001010000000001100001001000100010010100000000010000 
76242000: system.memobj: -------------------------------------
76242000: system.memobj: cpu->mem Got request for addr 0x926d0 , 599760
76242000: system.memobj: size 0x8
76242000: system.memobj: id 94061724545840
76242000: system.memobj: data_hex : B826590000000000 
76242000: system.memobj: data : 1011100000100110010110010000000000000000000000000000000000000000 
76242000: system.memobj: hamming code addr: 599760 
76242000: system.memobj: hamming code : 11 
76242000: system.memobj: hamming code addr: 599768 
76242000: system.memobj: hamming code : 7 
76242000: system.memobj: hamming code addr: 599776 
76242000: system.memobj: hamming code : 7 
76242000: system.memobj: hamming code addr: 599784 
76242000: system.memobj: hamming code : 0 
76242000: system.memobj: hamming code addr: 599792 
76242000: system.memobj: hamming code : 0 
76242000: system.memobj: hamming code addr: 599800 
76242000: system.memobj: hamming code : 0 
76242000: system.memobj: hamming code addr: 599808 
76242000: system.memobj: hamming code : 0 
76242000: system.memobj: hamming code addr: 599816 
76242000: system.memobj: hamming code : 0 
76242000: system.memobj: Enter Error Bit index: 4 
76242000: system.memobj: flip data : 1010100000100110010110010000000000000000000000000000000000000000 
76242000: system.memobj: -------------------------------------
76312000: system.memobj: mem->cpu Got response for addr 0xc4a0 , 50336
76312000: system.memobj: size 0x8
76312000: system.memobj: id 94061724545840
76312000: system.memobj: data_hex : 4889401848894010 
76312000: system.memobj: data : 0100100010001001010000000001100001001000100010010100000000010000 
76312000: system.memobj: fix data : 0100100010001001010000000001100001001000100010010100000000010000 
76312000: system.memobj: -------------------------------------
76312000: system.memobj: cpu->mem Got request for addr 0x926c8 , 599752
76312000: system.memobj: size 0x8
76312000: system.memobj: id 94061724546128
76312000: system.memobj: data_hex : B826590000000000 
76312000: system.memobj: data : 1011100000100110010110010000000000000000000000000000000000000000 
76312000: system.memobj: hamming code addr: 599752 
76312000: system.memobj: hamming code : 11 
76312000: system.memobj: hamming code addr: 599760 
76312000: system.memobj: hamming code : 7 
76312000: system.memobj: hamming code addr: 599768 
76312000: system.memobj: hamming code : 7 
76312000: system.memobj: hamming code addr: 599776 
76312000: system.memobj: hamming code : 0 
76312000: system.memobj: hamming code addr: 599784 
76312000: system.memobj: hamming code : 0 
76312000: system.memobj: hamming code addr: 599792 
76312000: system.memobj: hamming code : 0 
76312000: system.memobj: hamming code addr: 599800 
76312000: system.memobj: hamming code : 0 
76312000: system.memobj: hamming code addr: 599808 
76312000: system.memobj: hamming code : 0 
76312000: system.memobj: Enter Error Bit index: 8 
76312000: system.memobj: flip data : 1011100100100110010110010000000000000000000000000000000000000000 
76312000: system.memobj: -------------------------------------
76382000: system.memobj: mem->cpu Got response for addr 0xc4a8 , 50344
76382000: system.memobj: size 0x8
76382000: system.memobj: id 94061724546128
76382000: system.memobj: data_hex : 4883C010FFCA79F0 
76382000: system.memobj: data : 0100100010000011110000000001000011111111110010100111100111110000 
76382000: system.memobj: fix data : 0100100010000011110000000001000011111111110010100111100111110000 
76382000: system.memobj: -------------------------------------
76431000: system.memobj: mem->cpu Got response for addr 0xc4a8 , 50344
76431000: system.memobj: size 0x8
76431000: system.memobj: id 94061724545840
76431000: system.memobj: data_hex : 4883C010FFCA79F0 
76431000: system.memobj: data : 0100100010000011110000000001000011111111110010100111100111110000 
76431000: system.memobj: fix data : 0100100010000011110000000001000011111111110010100111100111110000 
76431000: system.memobj: -------------------------------------
76480000: system.memobj: mem->cpu Got response for addr 0xc4a8 , 50344
76480000: system.memobj: size 0x8
76480000: system.memobj: id 94061724546128
76480000: system.memobj: data_hex : 4883C010FFCA79F0 
76480000: system.memobj: data : 0100100010000011110000000001000011111111110010100111100111110000 
76480000: system.memobj: fix data : 0100100010000011110000000001000011111111110010100111100111110000 
76480000: system.memobj: -------------------------------------
76529000: system.memobj: mem->cpu Got response for addr 0xc4a0 , 50336
76529000: system.memobj: size 0x8
76529000: system.memobj: id 94061724545840
76529000: system.memobj: data_hex : 4889401848894010 
76529000: system.memobj: data : 0100100010001001010000000001100001001000100010010100000000010000 
76529000: system.memobj: fix data : 0100100010001001010000000001100001001000100010010100000000010000 
76529000: system.memobj: -------------------------------------
76529000: system.memobj: cpu->mem Got request for addr 0x926e0 , 599776
76529000: system.memobj: size 0x8
76529000: system.memobj: id 94061724546128
76529000: system.memobj: data_hex : C826590000000000 
76529000: system.memobj: data : 1100100000100110010110010000000000000000000000000000000000000000 
76529000: system.memobj: hamming code addr: 599776 
76529000: system.memobj: hamming code : 15 
76529000: system.memobj: hamming code addr: 599784 
76529000: system.memobj: hamming code : 7 
76529000: system.memobj: hamming code addr: 599792 
76529000: system.memobj: hamming code : 7 
76529000: system.memobj: hamming code addr: 599800 
76529000: system.memobj: hamming code : 0 
76529000: system.memobj: hamming code addr: 599808 
76529000: system.memobj: hamming code : 0 
76529000: system.memobj: hamming code addr: 599816 
76529000: system.memobj: hamming code : 0 
76529000: system.memobj: hamming code addr: 599824 
76529000: system.memobj: hamming code : 0 
76529000: system.memobj: hamming code addr: 599832 
76529000: system.memobj: hamming code : 0 
76529000: system.memobj: Enter Error Bit index: 3 
76529000: system.memobj: flip data : 1110100000100110010110010000000000000000000000000000000000000000 
76529000: system.memobj: -------------------------------------
76599000: system.memobj: mem->cpu Got response for addr 0xc4a0 , 50336
76599000: system.memobj: size 0x8
76599000: system.memobj: id 94061724546128
76599000: system.memobj: data_hex : 4889401848894010 
76599000: system.memobj: data : 0100100010001001010000000001100001001000100010010100000000010000 
76599000: system.memobj: fix data : 0100100010001001010000000001100001001000100010010100000000010000 
76599000: system.memobj: -------------------------------------
76599000: system.memobj: cpu->mem Got request for addr 0x926d8 , 599768
76599000: system.memobj: size 0x8
76599000: system.memobj: id 94061724545840
76599000: system.memobj: data_hex : C826590000000000 
76599000: system.memobj: data : 1100100000100110010110010000000000000000000000000000000000000000 
76599000: system.memobj: hamming code addr: 599768 
76599000: system.memobj: hamming code : 15 
76599000: system.memobj: hamming code addr: 599776 
76599000: system.memobj: hamming code : 7 
76599000: system.memobj: hamming code addr: 599784 
76599000: system.memobj: hamming code : 7 
76599000: system.memobj: hamming code addr: 599792 
76599000: system.memobj: hamming code : 0 
76599000: system.memobj: hamming code addr: 599800 
76599000: system.memobj: hamming code : 0 
76599000: system.memobj: hamming code addr: 599808 
76599000: system.memobj: hamming code : 0 
76599000: system.memobj: hamming code addr: 599816 
76599000: system.memobj: hamming code : 0 
76599000: system.memobj: hamming code addr: 599824 
76599000: system.memobj: hamming code : 0 
76599000: system.memobj: Enter Error Bit index: 2 
76599000: system.memobj: flip data : 1000100000100110010110010000000000000000000000000000000000000000 
76599000: system.memobj: -------------------------------------
76669000: system.memobj: mem->cpu Got response for addr 0xc4a8 , 50344
76669000: system.memobj: size 0x8
76669000: system.memobj: id 94061724545840
76669000: system.memobj: data_hex : 4883C010FFCA79F0 
76669000: system.memobj: data : 0100100010000011110000000001000011111111110010100111100111110000 
76669000: system.memobj: fix data : 0100100010000011110000000001000011111111110010100111100111110000 
76669000: system.memobj: -------------------------------------
76718000: system.memobj: mem->cpu Got response for addr 0xc4a8 , 50344
76718000: system.memobj: size 0x8
76718000: system.memobj: id 94061724546128
76718000: system.memobj: data_hex : 4883C010FFCA79F0 
76718000: system.memobj: data : 0100100010000011110000000001000011111111110010100111100111110000 
76718000: system.memobj: fix data : 0100100010000011110000000001000011111111110010100111100111110000 
76718000: system.memobj: -------------------------------------
76767000: system.memobj: mem->cpu Got response for addr 0xc4a8 , 50344
76767000: system.memobj: size 0x8
76767000: system.memobj: id 94061724545840
76767000: system.memobj: data_hex : 4883C010FFCA79F0 
76767000: system.memobj: data : 0100100010000011110000000001000011111111110010100111100111110000 
76767000: system.memobj: fix data : 0100100010000011110000000001000011111111110010100111100111110000 
76767000: system.memobj: -------------------------------------
76816000: system.memobj: mem->cpu Got response for addr 0xc4a0 , 50336
76816000: system.memobj: size 0x8
76816000: system.memobj: id 94061724546128
76816000: system.memobj: data_hex : 4889401848894010 
76816000: system.memobj: data : 0100100010001001010000000001100001001000100010010100000000010000 
76816000: system.memobj: fix data : 0100100010001001010000000001100001001000100010010100000000010000 
76816000: system.memobj: -------------------------------------
76816000: system.memobj: cpu->mem Got request for addr 0x926f0 , 599792
76816000: system.memobj: size 0x8
76816000: system.memobj: id 94061724545840
76816000: system.memobj: data_hex : D826590000000000 
76816000: system.memobj: data : 1101100000100110010110010000000000000000000000000000000000000000 
76816000: system.memobj: hamming code addr: 599792 
76816000: system.memobj: hamming code : 8 
76816000: system.memobj: hamming code addr: 599800 
76816000: system.memobj: hamming code : 7 
76816000: system.memobj: hamming code addr: 599808 
76816000: system.memobj: hamming code : 7 
76816000: system.memobj: hamming code addr: 599816 
76816000: system.memobj: hamming code : 0 
76816000: system.memobj: hamming code addr: 599824 
76816000: system.memobj: hamming code : 0 
76816000: system.memobj: hamming code addr: 599832 
76816000: system.memobj: hamming code : 0 
76816000: system.memobj: hamming code addr: 599840 
76816000: system.memobj: hamming code : 0 
76816000: system.memobj: hamming code addr: 599848 
76816000: system.memobj: hamming code : 0 
76816000: system.memobj: Enter Error Bit index: 3 
76816000: system.memobj: flip data : 1111100000100110010110010000000000000000000000000000000000000000 
76816000: system.memobj: -------------------------------------
76886000: system.memobj: mem->cpu Got response for addr 0xc4a0 , 50336
76886000: system.memobj: size 0x8
76886000: system.memobj: id 94061724545840
76886000: system.memobj: data_hex : 4889401848894010 
76886000: system.memobj: data : 0100100010001001010000000001100001001000100010010100000000010000 
76886000: system.memobj: fix data : 0100100010001001010000000001100001001000100010010100000000010000 
76886000: system.memobj: -------------------------------------
76886000: system.memobj: cpu->mem Got request for addr 0x926e8 , 599784
76886000: system.memobj: size 0x8
76886000: system.memobj: id 94061724546128
76886000: system.memobj: data_hex : D826590000000000 
76886000: system.memobj: data : 1101100000100110010110010000000000000000000000000000000000000000 
76886000: system.memobj: hamming code addr: 599784 
76886000: system.memobj: hamming code : 8 
76886000: system.memobj: hamming code addr: 599792 
76886000: system.memobj: hamming code : 7 
76886000: system.memobj: hamming code addr: 599800 
76886000: system.memobj: hamming code : 7 
76886000: system.memobj: hamming code addr: 599808 
76886000: system.memobj: hamming code : 0 
76886000: system.memobj: hamming code addr: 599816 
76886000: system.memobj: hamming code : 0 
76886000: system.memobj: hamming code addr: 599824 
76886000: system.memobj: hamming code : 0 
76886000: system.memobj: hamming code addr: 599832 
76886000: system.memobj: hamming code : 0 
76886000: system.memobj: hamming code addr: 599840 
76886000: system.memobj: hamming code : 0 
76886000: system.memobj: Enter Error Bit index: 4 
76886000: system.memobj: flip data : 1100100000100110010110010000000000000000000000000000000000000000 
76886000: system.memobj: -------------------------------------
76956000: system.memobj: mem->cpu Got response for addr 0xc4a8 , 50344
76956000: system.memobj: size 0x8
76956000: system.memobj: id 94061724546128
76956000: system.memobj: data_hex : 4883C010FFCA79F0 
76956000: system.memobj: data : 0100100010000011110000000001000011111111110010100111100111110000 
76956000: system.memobj: fix data : 0100100010000011110000000001000011111111110010100111100111110000 
76956000: system.memobj: -------------------------------------
77019000: system.memobj: mem->cpu Got response for addr 0xc4a8 , 50344
77019000: system.memobj: size 0x8
77019000: system.memobj: id 94061724545840
77019000: system.memobj: data_hex : 4883C010FFCA79F0 
77019000: system.memobj: data : 0100100010000011110000000001000011111111110010100111100111110000 
77019000: system.memobj: fix data : 0100100010000011110000000001000011111111110010100111100111110000 
77019000: system.memobj: -------------------------------------
77068000: system.memobj: mem->cpu Got response for addr 0xc4a8 , 50344
77068000: system.memobj: size 0x8
77068000: system.memobj: id 94061724546128
77068000: system.memobj: data_hex : 4883C010FFCA79F0 
77068000: system.memobj: data : 0100100010000011110000000001000011111111110010100111100111110000 
77068000: system.memobj: fix data : 0100100010000011110000000001000011111111110010100111100111110000 
77068000: system.memobj: -------------------------------------
77117000: system.memobj: mem->cpu Got response for addr 0xc4a0 , 50336
77117000: system.memobj: size 0x8
77117000: system.memobj: id 94061724545840
77117000: system.memobj: data_hex : 4889401848894010 
77117000: system.memobj: data : 0100100010001001010000000001100001001000100010010100000000010000 
77117000: system.memobj: fix data : 0100100010001001010000000001100001001000100010010100000000010000 
77117000: system.memobj: -------------------------------------
77117000: system.memobj: cpu->mem Got request for addr 0x92700 , 599808
77117000: system.memobj: size 0x8
77117000: system.memobj: id 94061724546128
77117000: system.memobj: data_hex : E826590000000000 
77117000: system.memobj: data : 1110100000100110010110010000000000000000000000000000000000000000 
77117000: system.memobj: hamming code addr: 599808 
77117000: system.memobj: hamming code : 9 
77117000: system.memobj: hamming code addr: 599816 
77117000: system.memobj: hamming code : 7 
77117000: system.memobj: hamming code addr: 599824 
77117000: system.memobj: hamming code : 7 
77117000: system.memobj: hamming code addr: 599832 
77117000: system.memobj: hamming code : 0 
77117000: system.memobj: hamming code addr: 599840 
77117000: system.memobj: hamming code : 0 
77117000: system.memobj: hamming code addr: 599848 
77117000: system.memobj: hamming code : 0 
77117000: system.memobj: hamming code addr: 599856 
77117000: system.memobj: hamming code : 0 
77117000: system.memobj: hamming code addr: 599864 
77117000: system.memobj: hamming code : 0 
77117000: system.memobj: Enter Error Bit index: 6 
77117000: system.memobj: flip data : 1110110000100110010110010000000000000000000000000000000000000000 
77117000: system.memobj: -------------------------------------
77187000: system.memobj: mem->cpu Got response for addr 0xc4a0 , 50336
77187000: system.memobj: size 0x8
77187000: system.memobj: id 94061724546128
77187000: system.memobj: data_hex : 4889401848894010 
77187000: system.memobj: data : 0100100010001001010000000001100001001000100010010100000000010000 
77187000: system.memobj: fix data : 0100100010001001010000000001100001001000100010010100000000010000 
77187000: system.memobj: -------------------------------------
77187000: system.memobj: cpu->mem Got request for addr 0x926f8 , 599800
77187000: system.memobj: size 0x8
77187000: system.memobj: id 94061724545840
77187000: system.memobj: data_hex : E826590000000000 
77187000: system.memobj: data : 1110100000100110010110010000000000000000000000000000000000000000 
77187000: system.memobj: hamming code addr: 599800 
77187000: system.memobj: hamming code : 9 
77187000: system.memobj: hamming code addr: 599808 
77187000: system.memobj: hamming code : 7 
77187000: system.memobj: hamming code addr: 599816 
77187000: system.memobj: hamming code : 7 
77187000: system.memobj: hamming code addr: 599824 
77187000: system.memobj: hamming code : 0 
77187000: system.memobj: hamming code addr: 599832 
77187000: system.memobj: hamming code : 0 
77187000: system.memobj: hamming code addr: 599840 
77187000: system.memobj: hamming code : 0 
77187000: system.memobj: hamming code addr: 599848 
77187000: system.memobj: hamming code : 0 
77187000: system.memobj: hamming code addr: 599856 
77187000: system.memobj: hamming code : 0 
77187000: system.memobj: Enter Error Bit index: 6 
77187000: system.memobj: flip data : 1110110000100110010110010000000000000000000000000000000000000000 
77187000: system.memobj: -------------------------------------
77257000: system.memobj: mem->cpu Got response for addr 0xc4a8 , 50344
77257000: system.memobj: size 0x8
77257000: system.memobj: id 94061724545840
77257000: system.memobj: data_hex : 4883C010FFCA79F0 
77257000: system.memobj: data : 0100100010000011110000000001000011111111110010100111100111110000 
77257000: system.memobj: fix data : 0100100010000011110000000001000011111111110010100111100111110000 
77257000: system.memobj: -------------------------------------
77306000: system.memobj: mem->cpu Got response for addr 0xc4a8 , 50344
77306000: system.memobj: size 0x8
77306000: system.memobj: id 94061724546128
77306000: system.memobj: data_hex : 4883C010FFCA79F0 
77306000: system.memobj: data : 0100100010000011110000000001000011111111110010100111100111110000 
77306000: system.memobj: fix data : 0100100010000011110000000001000011111111110010100111100111110000 
77306000: system.memobj: -------------------------------------
77355000: system.memobj: mem->cpu Got response for addr 0xc4a8 , 50344
77355000: system.memobj: size 0x8
77355000: system.memobj: id 94061724545840
77355000: system.memobj: data_hex : 4883C010FFCA79F0 
77355000: system.memobj: data : 0100100010000011110000000001000011111111110010100111100111110000 
77355000: system.memobj: fix data : 0100100010000011110000000001000011111111110010100111100111110000 
77355000: system.memobj: -------------------------------------
77404000: system.memobj: mem->cpu Got response for addr 0xc4a0 , 50336
77404000: system.memobj: size 0x8
77404000: system.memobj: id 94061724546128
77404000: system.memobj: data_hex : 4889401848894010 
77404000: system.memobj: data : 0100100010001001010000000001100001001000100010010100000000010000 
77404000: system.memobj: fix data : 0100100010001001010000000001100001001000100010010100000000010000 
77404000: system.memobj: -------------------------------------
77404000: system.memobj: cpu->mem Got request for addr 0x92710 , 599824
77404000: system.memobj: size 0x8
77404000: system.memobj: id 94061724545840
77404000: system.memobj: data_hex : F826590000000000 
77404000: system.memobj: data : 1111100000100110010110010000000000000000000000000000000000000000 
77404000: system.memobj: hamming code addr: 599824 
77404000: system.memobj: hamming code : 14 
77404000: system.memobj: hamming code addr: 599832 
77404000: system.memobj: hamming code : 7 
77404000: system.memobj: hamming code addr: 599840 
77404000: system.memobj: hamming code : 7 
77404000: system.memobj: hamming code addr: 599848 
77404000: system.memobj: hamming code : 0 
77404000: system.memobj: hamming code addr: 599856 
77404000: system.memobj: hamming code : 0 
77404000: system.memobj: hamming code addr: 599864 
77404000: system.memobj: hamming code : 0 
77404000: system.memobj: hamming code addr: 599872 
77404000: system.memobj: hamming code : 0 
77404000: system.memobj: hamming code addr: 599880 
77404000: system.memobj: hamming code : 0 
77404000: system.memobj: Enter Error Bit index: 4 
77404000: system.memobj: flip data : 1110100000100110010110010000000000000000000000000000000000000000 
77404000: system.memobj: -------------------------------------
77474000: system.memobj: mem->cpu Got response for addr 0xc4a0 , 50336
77474000: system.memobj: size 0x8
77474000: system.memobj: id 94061724545840
77474000: system.memobj: data_hex : 4889401848894010 
77474000: system.memobj: data : 0100100010001001010000000001100001001000100010010100000000010000 
77474000: system.memobj: fix data : 0100100010001001010000000001100001001000100010010100000000010000 
77474000: system.memobj: -------------------------------------
77474000: system.memobj: cpu->mem Got request for addr 0x92708 , 599816
77474000: system.memobj: size 0x8
77474000: system.memobj: id 94061724546128
77474000: system.memobj: data_hex : F826590000000000 
77474000: system.memobj: data : 1111100000100110010110010000000000000000000000000000000000000000 
77474000: system.memobj: hamming code addr: 599816 
77474000: system.memobj: hamming code : 14 
77474000: system.memobj: hamming code addr: 599824 
77474000: system.memobj: hamming code : 7 
77474000: system.memobj: hamming code addr: 599832 
77474000: system.memobj: hamming code : 7 
77474000: system.memobj: hamming code addr: 599840 
77474000: system.memobj: hamming code : 0 
77474000: system.memobj: hamming code addr: 599848 
77474000: system.memobj: hamming code : 0 
77474000: system.memobj: hamming code addr: 599856 
77474000: system.memobj: hamming code : 0 
77474000: system.memobj: hamming code addr: 599864 
77474000: system.memobj: hamming code : 0 
77474000: system.memobj: hamming code addr: 599872 
77474000: system.memobj: hamming code : 0 
77474000: system.memobj: Enter Error Bit index: 2 
77474000: system.memobj: flip data : 1011100000100110010110010000000000000000000000000000000000000000 
77474000: system.memobj: -------------------------------------
77544000: system.memobj: mem->cpu Got response for addr 0xc4a8 , 50344
77544000: system.memobj: size 0x8
77544000: system.memobj: id 94061724546128
77544000: system.memobj: data_hex : 4883C010FFCA79F0 
77544000: system.memobj: data : 0100100010000011110000000001000011111111110010100111100111110000 
77544000: system.memobj: fix data : 0100100010000011110000000001000011111111110010100111100111110000 
77544000: system.memobj: -------------------------------------
77593000: system.memobj: mem->cpu Got response for addr 0xc4a8 , 50344
77593000: system.memobj: size 0x8
77593000: system.memobj: id 94061724545840
77593000: system.memobj: data_hex : 4883C010FFCA79F0 
77593000: system.memobj: data : 0100100010000011110000000001000011111111110010100111100111110000 
77593000: system.memobj: fix data : 0100100010000011110000000001000011111111110010100111100111110000 
77593000: system.memobj: -------------------------------------
77642000: system.memobj: mem->cpu Got response for addr 0xc4a8 , 50344
77642000: system.memobj: size 0x8
77642000: system.memobj: id 94061724546128
77642000: system.memobj: data_hex : 4883C010FFCA79F0 
77642000: system.memobj: data : 0100100010000011110000000001000011111111110010100111100111110000 
77642000: system.memobj: fix data : 0100100010000011110000000001000011111111110010100111100111110000 
77642000: system.memobj: -------------------------------------
77691000: system.memobj: mem->cpu Got response for addr 0xc4a0 , 50336
77691000: system.memobj: size 0x8
77691000: system.memobj: id 94061724545840
77691000: system.memobj: data_hex : 4889401848894010 
77691000: system.memobj: data : 0100100010001001010000000001100001001000100010010100000000010000 
77691000: system.memobj: fix data : 0100100010001001010000000001100001001000100010010100000000010000 
77691000: system.memobj: -------------------------------------
77691000: system.memobj: cpu->mem Got request for addr 0x92720 , 599840
77691000: system.memobj: size 0x8
77691000: system.memobj: id 94061724546128
77691000: system.memobj: data_hex : 0827590000000000 
77691000: system.memobj: data : 0000100000100111010110010000000000000000000000000000000000000000 
77691000: system.memobj: hamming code addr: 599840 
77691000: system.memobj: hamming code : 9 
77691000: system.memobj: hamming code addr: 599848 
77691000: system.memobj: hamming code : 11 
77691000: system.memobj: hamming code addr: 599856 
77691000: system.memobj: hamming code : 7 
77691000: system.memobj: hamming code addr: 599864 
77691000: system.memobj: hamming code : 0 
77691000: system.memobj: hamming code addr: 599872 
77691000: system.memobj: hamming code : 0 
77691000: system.memobj: hamming code addr: 599880 
77691000: system.memobj: hamming code : 0 
77691000: system.memobj: hamming code addr: 599888 
77691000: system.memobj: hamming code : 0 
77691000: system.memobj: hamming code addr: 599896 
77691000: system.memobj: hamming code : 0 
77691000: system.memobj: Enter Error Bit index: 3 
77691000: system.memobj: flip data : 0010100000100111010110010000000000000000000000000000000000000000 
77691000: system.memobj: -------------------------------------
77761000: system.memobj: mem->cpu Got response for addr 0xc4a0 , 50336
77761000: system.memobj: size 0x8
77761000: system.memobj: id 94061724546128
77761000: system.memobj: data_hex : 4889401848894010 
77761000: system.memobj: data : 0100100010001001010000000001100001001000100010010100000000010000 
77761000: system.memobj: fix data : 0100100010001001010000000001100001001000100010010100000000010000 
77761000: system.memobj: -------------------------------------
77761000: system.memobj: cpu->mem Got request for addr 0x92718 , 599832
77761000: system.memobj: size 0x8
77761000: system.memobj: id 94061724545840
77761000: system.memobj: data_hex : 0827590000000000 
77761000: system.memobj: data : 0000100000100111010110010000000000000000000000000000000000000000 
77761000: system.memobj: hamming code addr: 599832 
77761000: system.memobj: hamming code : 9 
77761000: system.memobj: hamming code addr: 599840 
77761000: system.memobj: hamming code : 11 
77761000: system.memobj: hamming code addr: 599848 
77761000: system.memobj: hamming code : 7 
77761000: system.memobj: hamming code addr: 599856 
77761000: system.memobj: hamming code : 0 
77761000: system.memobj: hamming code addr: 599864 
77761000: system.memobj: hamming code : 0 
77761000: system.memobj: hamming code addr: 599872 
77761000: system.memobj: hamming code : 0 
77761000: system.memobj: hamming code addr: 599880 
77761000: system.memobj: hamming code : 0 
77761000: system.memobj: hamming code addr: 599888 
77761000: system.memobj: hamming code : 0 
77761000: system.memobj: Enter Error Bit index: 5 
77761000: system.memobj: flip data : 0000000000100111010110010000000000000000000000000000000000000000 
77761000: system.memobj: -------------------------------------
77831000: system.memobj: mem->cpu Got response for addr 0xc4a8 , 50344
77831000: system.memobj: size 0x8
77831000: system.memobj: id 94061724545840
77831000: system.memobj: data_hex : 4883C010FFCA79F0 
77831000: system.memobj: data : 0100100010000011110000000001000011111111110010100111100111110000 
77831000: system.memobj: fix data : 0100100010000011110000000001000011111111110010100111100111110000 
77831000: system.memobj: -------------------------------------
77880000: system.memobj: mem->cpu Got response for addr 0xc4a8 , 50344
77880000: system.memobj: size 0x8
77880000: system.memobj: id 94061724546128
77880000: system.memobj: data_hex : 4883C010FFCA79F0 
77880000: system.memobj: data : 0100100010000011110000000001000011111111110010100111100111110000 
77880000: system.memobj: fix data : 0100100010000011110000000001000011111111110010100111100111110000 
77880000: system.memobj: -------------------------------------
78185000: system.memobj: mem->cpu Got response for addr 0xc4a8 , 50344
78185000: system.memobj: size 0x8
78185000: system.memobj: id 94061724545840
78185000: system.memobj: data_hex : 4883C010FFCA79F0 
78185000: system.memobj: data : 0100100010000011110000000001000011111111110010100111100111110000 
78185000: system.memobj: fix data : 0100100010000011110000000001000011111111110010100111100111110000 
78185000: system.memobj: -------------------------------------
78234000: system.memobj: mem->cpu Got response for addr 0xc4a0 , 50336
78234000: system.memobj: size 0x8
78234000: system.memobj: id 94061724546128
78234000: system.memobj: data_hex : 4889401848894010 
78234000: system.memobj: data : 0100100010001001010000000001100001001000100010010100000000010000 
78234000: system.memobj: fix data : 0100100010001001010000000001100001001000100010010100000000010000 
78234000: system.memobj: -------------------------------------
78234000: system.memobj: cpu->mem Got request for addr 0x92730 , 599856
78234000: system.memobj: size 0x8
78234000: system.memobj: id 94061724545840
78234000: system.memobj: data_hex : 1827590000000000 
78234000: system.memobj: data : 0001100000100111010110010000000000000000000000000000000000000000 
78234000: system.memobj: hamming code addr: 599856 
78234000: system.memobj: hamming code : 14 
78234000: system.memobj: hamming code addr: 599864 
78234000: system.memobj: hamming code : 11 
78234000: system.memobj: hamming code addr: 599872 
78234000: system.memobj: hamming code : 7 
78234000: system.memobj: hamming code addr: 599880 
78234000: system.memobj: hamming code : 0 
78234000: system.memobj: hamming code addr: 599888 
78234000: system.memobj: hamming code : 0 
78234000: system.memobj: hamming code addr: 599896 
78234000: system.memobj: hamming code : 0 
78234000: system.memobj: hamming code addr: 599904 
78234000: system.memobj: hamming code : 0 
78234000: system.memobj: hamming code addr: 599912 
78234000: system.memobj: hamming code : 0 
78234000: system.memobj: Enter Error Bit index: 8 
78234000: system.memobj: flip data : 0001100100100111010110010000000000000000000000000000000000000000 
78234000: system.memobj: -------------------------------------
78304000: system.memobj: mem->cpu Got response for addr 0xc4a0 , 50336
78304000: system.memobj: size 0x8
78304000: system.memobj: id 94061724545840
78304000: system.memobj: data_hex : 4889401848894010 
78304000: system.memobj: data : 0100100010001001010000000001100001001000100010010100000000010000 
78304000: system.memobj: fix data : 0100100010001001010000000001100001001000100010010100000000010000 
78304000: system.memobj: -------------------------------------
78304000: system.memobj: cpu->mem Got request for addr 0x92728 , 599848
78304000: system.memobj: size 0x8
78304000: system.memobj: id 94061724546128
78304000: system.memobj: data_hex : 1827590000000000 
78304000: system.memobj: data : 0001100000100111010110010000000000000000000000000000000000000000 
78304000: system.memobj: hamming code addr: 599848 
78304000: system.memobj: hamming code : 14 
78304000: system.memobj: hamming code addr: 599856 
78304000: system.memobj: hamming code : 11 
78304000: system.memobj: hamming code addr: 599864 
78304000: system.memobj: hamming code : 7 
78304000: system.memobj: hamming code addr: 599872 
78304000: system.memobj: hamming code : 0 
78304000: system.memobj: hamming code addr: 599880 
78304000: system.memobj: hamming code : 0 
78304000: system.memobj: hamming code addr: 599888 
78304000: system.memobj: hamming code : 0 
78304000: system.memobj: hamming code addr: 599896 
78304000: system.memobj: hamming code : 0 
78304000: system.memobj: hamming code addr: 599904 
78304000: system.memobj: hamming code : 0 
78304000: system.memobj: Enter Error Bit index: 4 
78304000: system.memobj: flip data : 0000100000100111010110010000000000000000000000000000000000000000 
78304000: system.memobj: -------------------------------------
78374000: system.memobj: mem->cpu Got response for addr 0xc4a8 , 50344
78374000: system.memobj: size 0x8
78374000: system.memobj: id 94061724546128
78374000: system.memobj: data_hex : 4883C010FFCA79F0 
78374000: system.memobj: data : 0100100010000011110000000001000011111111110010100111100111110000 
78374000: system.memobj: fix data : 0100100010000011110000000001000011111111110010100111100111110000 
78374000: system.memobj: -------------------------------------
78423000: system.memobj: mem->cpu Got response for addr 0xc4a8 , 50344
78423000: system.memobj: size 0x8
78423000: system.memobj: id 94061724545840
78423000: system.memobj: data_hex : 4883C010FFCA79F0 
78423000: system.memobj: data : 0100100010000011110000000001000011111111110010100111100111110000 
78423000: system.memobj: fix data : 0100100010000011110000000001000011111111110010100111100111110000 
78423000: system.memobj: -------------------------------------
78472000: system.memobj: mem->cpu Got response for addr 0xc4a8 , 50344
78472000: system.memobj: size 0x8
78472000: system.memobj: id 94061724546128
78472000: system.memobj: data_hex : 4883C010FFCA79F0 
78472000: system.memobj: data : 0100100010000011110000000001000011111111110010100111100111110000 
78472000: system.memobj: fix data : 0100100010000011110000000001000011111111110010100111100111110000 
78472000: system.memobj: -------------------------------------
78521000: system.memobj: mem->cpu Got response for addr 0xc4a0 , 50336
78521000: system.memobj: size 0x8
78521000: system.memobj: id 94061724545840
78521000: system.memobj: data_hex : 4889401848894010 
78521000: system.memobj: data : 0100100010001001010000000001100001001000100010010100000000010000 
78521000: system.memobj: fix data : 0100100010001001010000000001100001001000100010010100000000010000 
78521000: system.memobj: -------------------------------------
78521000: system.memobj: cpu->mem Got request for addr 0x92740 , 599872
78521000: system.memobj: size 0x8
78521000: system.memobj: id 94061724546128
78521000: system.memobj: data_hex : 2827590000000000 
78521000: system.memobj: data : 0010100000100111010110010000000000000000000000000000000000000000 
78521000: system.memobj: hamming code addr: 599872 
78521000: system.memobj: hamming code : 15 
78521000: system.memobj: hamming code addr: 599880 
78521000: system.memobj: hamming code : 11 
78521000: system.memobj: hamming code addr: 599888 
78521000: system.memobj: hamming code : 7 
78521000: system.memobj: hamming code addr: 599896 
78521000: system.memobj: hamming code : 0 
78521000: system.memobj: hamming code addr: 599904 
78521000: system.memobj: hamming code : 0 
78521000: system.memobj: hamming code addr: 599912 
78521000: system.memobj: hamming code : 0 
78521000: system.memobj: hamming code addr: 599920 
78521000: system.memobj: hamming code : 0 
78521000: system.memobj: hamming code addr: 599928 
78521000: system.memobj: hamming code : 0 
78521000: system.memobj: Enter Error Bit index: 1 
78521000: system.memobj: flip data : 1010100000100111010110010000000000000000000000000000000000000000 
78521000: system.memobj: -------------------------------------
78591000: system.memobj: mem->cpu Got response for addr 0xc4a0 , 50336
78591000: system.memobj: size 0x8
78591000: system.memobj: id 94061724546128
78591000: system.memobj: data_hex : 4889401848894010 
78591000: system.memobj: data : 0100100010001001010000000001100001001000100010010100000000010000 
78591000: system.memobj: fix data : 0100100010001001010000000001100001001000100010010100000000010000 
78591000: system.memobj: -------------------------------------
78591000: system.memobj: cpu->mem Got request for addr 0x92738 , 599864
78591000: system.memobj: size 0x8
78591000: system.memobj: id 94061724545840
78591000: system.memobj: data_hex : 2827590000000000 
78591000: system.memobj: data : 0010100000100111010110010000000000000000000000000000000000000000 
78591000: system.memobj: hamming code addr: 599864 
78591000: system.memobj: hamming code : 15 
78591000: system.memobj: hamming code addr: 599872 
78591000: system.memobj: hamming code : 11 
78591000: system.memobj: hamming code addr: 599880 
78591000: system.memobj: hamming code : 7 
78591000: system.memobj: hamming code addr: 599888 
78591000: system.memobj: hamming code : 0 
78591000: system.memobj: hamming code addr: 599896 
78591000: system.memobj: hamming code : 0 
78591000: system.memobj: hamming code addr: 599904 
78591000: system.memobj: hamming code : 0 
78591000: system.memobj: hamming code addr: 599912 
78591000: system.memobj: hamming code : 0 
78591000: system.memobj: hamming code addr: 599920 
78591000: system.memobj: hamming code : 0 
78591000: system.memobj: Enter Error Bit index: 2 
78591000: system.memobj: flip data : 0110100000100111010110010000000000000000000000000000000000000000 
78591000: system.memobj: -------------------------------------
78661000: system.memobj: mem->cpu Got response for addr 0xc4a8 , 50344
78661000: system.memobj: size 0x8
78661000: system.memobj: id 94061724545840
78661000: system.memobj: data_hex : 4883C010FFCA79F0 
78661000: system.memobj: data : 0100100010000011110000000001000011111111110010100111100111110000 
78661000: system.memobj: fix data : 0100100010000011110000000001000011111111110010100111100111110000 
78661000: system.memobj: -------------------------------------
78710000: system.memobj: mem->cpu Got response for addr 0xc4a8 , 50344
78710000: system.memobj: size 0x8
78710000: system.memobj: id 94061724546128
78710000: system.memobj: data_hex : 4883C010FFCA79F0 
78710000: system.memobj: data : 0100100010000011110000000001000011111111110010100111100111110000 
78710000: system.memobj: fix data : 0100100010000011110000000001000011111111110010100111100111110000 
78710000: system.memobj: -------------------------------------
78759000: system.memobj: mem->cpu Got response for addr 0xc4a8 , 50344
78759000: system.memobj: size 0x8
78759000: system.memobj: id 94061724545840
78759000: system.memobj: data_hex : 4883C010FFCA79F0 
78759000: system.memobj: data : 0100100010000011110000000001000011111111110010100111100111110000 
78759000: system.memobj: fix data : 0100100010000011110000000001000011111111110010100111100111110000 
78759000: system.memobj: -------------------------------------
78808000: system.memobj: mem->cpu Got response for addr 0xc4a0 , 50336
78808000: system.memobj: size 0x8
78808000: system.memobj: id 94061724546128
78808000: system.memobj: data_hex : 4889401848894010 
78808000: system.memobj: data : 0100100010001001010000000001100001001000100010010100000000010000 
78808000: system.memobj: fix data : 0100100010001001010000000001100001001000100010010100000000010000 
78808000: system.memobj: -------------------------------------
78808000: system.memobj: cpu->mem Got request for addr 0x92750 , 599888
78808000: system.memobj: size 0x8
78808000: system.memobj: id 94061724545840
78808000: system.memobj: data_hex : 3827590000000000 
78808000: system.memobj: data : 0011100000100111010110010000000000000000000000000000000000000000 
78808000: system.memobj: hamming code addr: 599888 
78808000: system.memobj: hamming code : 8 
78808000: system.memobj: hamming code addr: 599896 
78808000: system.memobj: hamming code : 11 
78808000: system.memobj: hamming code addr: 599904 
78808000: system.memobj: hamming code : 7 
78808000: system.memobj: hamming code addr: 599912 
78808000: system.memobj: hamming code : 0 
78808000: system.memobj: hamming code addr: 599920 
78808000: system.memobj: hamming code : 0 
78808000: system.memobj: hamming code addr: 599928 
78808000: system.memobj: hamming code : 0 
78808000: system.memobj: hamming code addr: 599936 
78808000: system.memobj: hamming code : 0 
78808000: system.memobj: hamming code addr: 599944 
78808000: system.memobj: hamming code : 0 
78808000: system.memobj: Enter Error Bit index: 1 
78808000: system.memobj: flip data : 1011100000100111010110010000000000000000000000000000000000000000 
78808000: system.memobj: -------------------------------------
78878000: system.memobj: mem->cpu Got response for addr 0xc4a0 , 50336
78878000: system.memobj: size 0x8
78878000: system.memobj: id 94061724545840
78878000: system.memobj: data_hex : 4889401848894010 
78878000: system.memobj: data : 0100100010001001010000000001100001001000100010010100000000010000 
78878000: system.memobj: fix data : 0100100010001001010000000001100001001000100010010100000000010000 
78878000: system.memobj: -------------------------------------
78878000: system.memobj: cpu->mem Got request for addr 0x92748 , 599880
78878000: system.memobj: size 0x8
78878000: system.memobj: id 94061724546128
78878000: system.memobj: data_hex : 3827590000000000 
78878000: system.memobj: data : 0011100000100111010110010000000000000000000000000000000000000000 
78878000: system.memobj: hamming code addr: 599880 
78878000: system.memobj: hamming code : 8 
78878000: system.memobj: hamming code addr: 599888 
78878000: system.memobj: hamming code : 11 
78878000: system.memobj: hamming code addr: 599896 
78878000: system.memobj: hamming code : 7 
78878000: system.memobj: hamming code addr: 599904 
78878000: system.memobj: hamming code : 0 
78878000: system.memobj: hamming code addr: 599912 
78878000: system.memobj: hamming code : 0 
78878000: system.memobj: hamming code addr: 599920 
78878000: system.memobj: hamming code : 0 
78878000: system.memobj: hamming code addr: 599928 
78878000: system.memobj: hamming code : 0 
78878000: system.memobj: hamming code addr: 599936 
78878000: system.memobj: hamming code : 0 
78878000: system.memobj: Enter Error Bit index: 5 
78878000: system.memobj: flip data : 0011000000100111010110010000000000000000000000000000000000000000 
78878000: system.memobj: -------------------------------------
78948000: system.memobj: mem->cpu Got response for addr 0xc4a8 , 50344
78948000: system.memobj: size 0x8
78948000: system.memobj: id 94061724546128
78948000: system.memobj: data_hex : 4883C010FFCA79F0 
78948000: system.memobj: data : 0100100010000011110000000001000011111111110010100111100111110000 
78948000: system.memobj: fix data : 0100100010000011110000000001000011111111110010100111100111110000 
78948000: system.memobj: -------------------------------------
78997000: system.memobj: mem->cpu Got response for addr 0xc4a8 , 50344
78997000: system.memobj: size 0x8
78997000: system.memobj: id 94061724545840
78997000: system.memobj: data_hex : 4883C010FFCA79F0 
78997000: system.memobj: data : 0100100010000011110000000001000011111111110010100111100111110000 
78997000: system.memobj: fix data : 0100100010000011110000000001000011111111110010100111100111110000 
78997000: system.memobj: -------------------------------------
79046000: system.memobj: mem->cpu Got response for addr 0xc4a8 , 50344
79046000: system.memobj: size 0x8
79046000: system.memobj: id 94061724546128
79046000: system.memobj: data_hex : 4883C010FFCA79F0 
79046000: system.memobj: data : 0100100010000011110000000001000011111111110010100111100111110000 
79046000: system.memobj: fix data : 0100100010000011110000000001000011111111110010100111100111110000 
79046000: system.memobj: -------------------------------------
79109000: system.memobj: mem->cpu Got response for addr 0xc4a0 , 50336
79109000: system.memobj: size 0x8
79109000: system.memobj: id 94061724545840
79109000: system.memobj: data_hex : 4889401848894010 
79109000: system.memobj: data : 0100100010001001010000000001100001001000100010010100000000010000 
79109000: system.memobj: fix data : 0100100010001001010000000001100001001000100010010100000000010000 
79109000: system.memobj: -------------------------------------
79109000: system.memobj: cpu->mem Got request for addr 0x92760 , 599904
79109000: system.memobj: size 0x8
79109000: system.memobj: id 94061724546128
79109000: system.memobj: data_hex : 4827590000000000 
79109000: system.memobj: data : 0100100000100111010110010000000000000000000000000000000000000000 
79109000: system.memobj: hamming code addr: 599904 
79109000: system.memobj: hamming code : 12 
79109000: system.memobj: hamming code addr: 599912 
79109000: system.memobj: hamming code : 11 
79109000: system.memobj: hamming code addr: 599920 
79109000: system.memobj: hamming code : 7 
79109000: system.memobj: hamming code addr: 599928 
79109000: system.memobj: hamming code : 0 
79109000: system.memobj: hamming code addr: 599936 
79109000: system.memobj: hamming code : 0 
79109000: system.memobj: hamming code addr: 599944 
79109000: system.memobj: hamming code : 0 
79109000: system.memobj: hamming code addr: 599952 
79109000: system.memobj: hamming code : 0 
79109000: system.memobj: hamming code addr: 599960 
79109000: system.memobj: hamming code : 0 
79109000: system.memobj: Enter Error Bit index: 4 
79109000: system.memobj: flip data : 0101100000100111010110010000000000000000000000000000000000000000 
79109000: system.memobj: -------------------------------------
79179000: system.memobj: mem->cpu Got response for addr 0xc4a0 , 50336
79179000: system.memobj: size 0x8
79179000: system.memobj: id 94061724546128
79179000: system.memobj: data_hex : 4889401848894010 
79179000: system.memobj: data : 0100100010001001010000000001100001001000100010010100000000010000 
79179000: system.memobj: fix data : 0100100010001001010000000001100001001000100010010100000000010000 
79179000: system.memobj: -------------------------------------
79179000: system.memobj: cpu->mem Got request for addr 0x92758 , 599896
79179000: system.memobj: size 0x8
79179000: system.memobj: id 94061724545840
79179000: system.memobj: data_hex : 4827590000000000 
79179000: system.memobj: data : 0100100000100111010110010000000000000000000000000000000000000000 
79179000: system.memobj: hamming code addr: 599896 
79179000: system.memobj: hamming code : 12 
79179000: system.memobj: hamming code addr: 599904 
79179000: system.memobj: hamming code : 11 
79179000: system.memobj: hamming code addr: 599912 
79179000: system.memobj: hamming code : 7 
79179000: system.memobj: hamming code addr: 599920 
79179000: system.memobj: hamming code : 0 
79179000: system.memobj: hamming code addr: 599928 
79179000: system.memobj: hamming code : 0 
79179000: system.memobj: hamming code addr: 599936 
79179000: system.memobj: hamming code : 0 
79179000: system.memobj: hamming code addr: 599944 
79179000: system.memobj: hamming code : 0 
79179000: system.memobj: hamming code addr: 599952 
79179000: system.memobj: hamming code : 0 
79179000: system.memobj: Enter Error Bit index: 4 
79179000: system.memobj: flip data : 0101100000100111010110010000000000000000000000000000000000000000 
79179000: system.memobj: -------------------------------------
79249000: system.memobj: mem->cpu Got response for addr 0xc4a8 , 50344
79249000: system.memobj: size 0x8
79249000: system.memobj: id 94061724545840
79249000: system.memobj: data_hex : 4883C010FFCA79F0 
79249000: system.memobj: data : 0100100010000011110000000001000011111111110010100111100111110000 
79249000: system.memobj: fix data : 0100100010000011110000000001000011111111110010100111100111110000 
79249000: system.memobj: -------------------------------------
79298000: system.memobj: mem->cpu Got response for addr 0xc4a8 , 50344
79298000: system.memobj: size 0x8
79298000: system.memobj: id 94061724546128
79298000: system.memobj: data_hex : 4883C010FFCA79F0 
79298000: system.memobj: data : 0100100010000011110000000001000011111111110010100111100111110000 
79298000: system.memobj: fix data : 0100100010000011110000000001000011111111110010100111100111110000 
79298000: system.memobj: -------------------------------------
79347000: system.memobj: mem->cpu Got response for addr 0xc4a8 , 50344
79347000: system.memobj: size 0x8
79347000: system.memobj: id 94061724545840
79347000: system.memobj: data_hex : 4883C010FFCA79F0 
79347000: system.memobj: data : 0100100010000011110000000001000011111111110010100111100111110000 
79347000: system.memobj: fix data : 0100100010000011110000000001000011111111110010100111100111110000 
79347000: system.memobj: -------------------------------------
79396000: system.memobj: mem->cpu Got response for addr 0xc4a0 , 50336
79396000: system.memobj: size 0x8
79396000: system.memobj: id 94061724546128
79396000: system.memobj: data_hex : 4889401848894010 
79396000: system.memobj: data : 0100100010001001010000000001100001001000100010010100000000010000 
79396000: system.memobj: fix data : 0100100010001001010000000001100001001000100010010100000000010000 
79396000: system.memobj: -------------------------------------
79396000: system.memobj: cpu->mem Got request for addr 0x92770 , 599920
79396000: system.memobj: size 0x8
79396000: system.memobj: id 94061724545840
79396000: system.memobj: data_hex : 5827590000000000 
79396000: system.memobj: data : 0101100000100111010110010000000000000000000000000000000000000000 
79396000: system.memobj: hamming code addr: 599920 
79396000: system.memobj: hamming code : 11 
79396000: system.memobj: hamming code addr: 599928 
79396000: system.memobj: hamming code : 11 
79396000: system.memobj: hamming code addr: 599936 
79396000: system.memobj: hamming code : 7 
79396000: system.memobj: hamming code addr: 599944 
79396000: system.memobj: hamming code : 0 
79396000: system.memobj: hamming code addr: 599952 
79396000: system.memobj: hamming code : 0 
79396000: system.memobj: hamming code addr: 599960 
79396000: system.memobj: hamming code : 0 
79396000: system.memobj: hamming code addr: 599968 
79396000: system.memobj: hamming code : 0 
79396000: system.memobj: hamming code addr: 599976 
79396000: system.memobj: hamming code : 0 
79396000: system.memobj: Enter Error Bit index: 6 
79396000: system.memobj: flip data : 0101110000100111010110010000000000000000000000000000000000000000 
79396000: system.memobj: -------------------------------------
79466000: system.memobj: mem->cpu Got response for addr 0xc4a0 , 50336
79466000: system.memobj: size 0x8
79466000: system.memobj: id 94061724545840
79466000: system.memobj: data_hex : 4889401848894010 
79466000: system.memobj: data : 0100100010001001010000000001100001001000100010010100000000010000 
79466000: system.memobj: fix data : 0100100010001001010000000001100001001000100010010100000000010000 
79466000: system.memobj: -------------------------------------
79466000: system.memobj: cpu->mem Got request for addr 0x92768 , 599912
79466000: system.memobj: size 0x8
79466000: system.memobj: id 94061724546128
79466000: system.memobj: data_hex : 5827590000000000 
79466000: system.memobj: data : 0101100000100111010110010000000000000000000000000000000000000000 
79466000: system.memobj: hamming code addr: 599912 
79466000: system.memobj: hamming code : 11 
79466000: system.memobj: hamming code addr: 599920 
79466000: system.memobj: hamming code : 11 
79466000: system.memobj: hamming code addr: 599928 
79466000: system.memobj: hamming code : 7 
79466000: system.memobj: hamming code addr: 599936 
79466000: system.memobj: hamming code : 0 
79466000: system.memobj: hamming code addr: 599944 
79466000: system.memobj: hamming code : 0 
79466000: system.memobj: hamming code addr: 599952 
79466000: system.memobj: hamming code : 0 
79466000: system.memobj: hamming code addr: 599960 
79466000: system.memobj: hamming code : 0 
79466000: system.memobj: hamming code addr: 599968 
79466000: system.memobj: hamming code : 0 
79466000: system.memobj: Enter Error Bit index: 3 
79466000: system.memobj: flip data : 0111100000100111010110010000000000000000000000000000000000000000 
79466000: system.memobj: -------------------------------------
79536000: system.memobj: mem->cpu Got response for addr 0xc4a8 , 50344
79536000: system.memobj: size 0x8
79536000: system.memobj: id 94061724546128
79536000: system.memobj: data_hex : 4883C010FFCA79F0 
79536000: system.memobj: data : 0100100010000011110000000001000011111111110010100111100111110000 
79536000: system.memobj: fix data : 0100100010000011110000000001000011111111110010100111100111110000 
79536000: system.memobj: -------------------------------------
79585000: system.memobj: mem->cpu Got response for addr 0xc4a8 , 50344
79585000: system.memobj: size 0x8
79585000: system.memobj: id 94061724545840
79585000: system.memobj: data_hex : 4883C010FFCA79F0 
79585000: system.memobj: data : 0100100010000011110000000001000011111111110010100111100111110000 
79585000: system.memobj: fix data : 0100100010000011110000000001000011111111110010100111100111110000 
79585000: system.memobj: -------------------------------------
79634000: system.memobj: mem->cpu Got response for addr 0xc4a8 , 50344
79634000: system.memobj: size 0x8
79634000: system.memobj: id 94061724546128
79634000: system.memobj: data_hex : 4883C010FFCA79F0 
79634000: system.memobj: data : 0100100010000011110000000001000011111111110010100111100111110000 
79634000: system.memobj: fix data : 0100100010000011110000000001000011111111110010100111100111110000 
79634000: system.memobj: -------------------------------------
79683000: system.memobj: mem->cpu Got response for addr 0xc4a0 , 50336
79683000: system.memobj: size 0x8
79683000: system.memobj: id 94061724545840
79683000: system.memobj: data_hex : 4889401848894010 
79683000: system.memobj: data : 0100100010001001010000000001100001001000100010010100000000010000 
79683000: system.memobj: fix data : 0100100010001001010000000001100001001000100010010100000000010000 
79683000: system.memobj: -------------------------------------
79683000: system.memobj: cpu->mem Got request for addr 0x92780 , 599936
79683000: system.memobj: size 0x8
79683000: system.memobj: id 94061724546128
79683000: system.memobj: data_hex : 6827590000000000 
79683000: system.memobj: data : 0110100000100111010110010000000000000000000000000000000000000000 
79683000: system.memobj: hamming code addr: 599936 
79683000: system.memobj: hamming code : 10 
79683000: system.memobj: hamming code addr: 599944 
79683000: system.memobj: hamming code : 11 
79683000: system.memobj: hamming code addr: 599952 
79683000: system.memobj: hamming code : 7 
79683000: system.memobj: hamming code addr: 599960 
79683000: system.memobj: hamming code : 0 
79683000: system.memobj: hamming code addr: 599968 
79683000: system.memobj: hamming code : 0 
79683000: system.memobj: hamming code addr: 599976 
79683000: system.memobj: hamming code : 0 
79683000: system.memobj: hamming code addr: 599984 
79683000: system.memobj: hamming code : 0 
79683000: system.memobj: hamming code addr: 599992 
79683000: system.memobj: hamming code : 0 
79683000: system.memobj: Enter Error Bit index: 7 
79683000: system.memobj: flip data : 0110101000100111010110010000000000000000000000000000000000000000 
79683000: system.memobj: -------------------------------------
79753000: system.memobj: mem->cpu Got response for addr 0xc4a0 , 50336
79753000: system.memobj: size 0x8
79753000: system.memobj: id 94061724546128
79753000: system.memobj: data_hex : 4889401848894010 
79753000: system.memobj: data : 0100100010001001010000000001100001001000100010010100000000010000 
79753000: system.memobj: fix data : 0100100010001001010000000001100001001000100010010100000000010000 
79753000: system.memobj: -------------------------------------
79753000: system.memobj: cpu->mem Got request for addr 0x92778 , 599928
79753000: system.memobj: size 0x8
79753000: system.memobj: id 94061724545840
79753000: system.memobj: data_hex : 6827590000000000 
79753000: system.memobj: data : 0110100000100111010110010000000000000000000000000000000000000000 
79753000: system.memobj: hamming code addr: 599928 
79753000: system.memobj: hamming code : 10 
79753000: system.memobj: hamming code addr: 599936 
79753000: system.memobj: hamming code : 11 
79753000: system.memobj: hamming code addr: 599944 
79753000: system.memobj: hamming code : 7 
79753000: system.memobj: hamming code addr: 599952 
79753000: system.memobj: hamming code : 0 
79753000: system.memobj: hamming code addr: 599960 
79753000: system.memobj: hamming code : 0 
79753000: system.memobj: hamming code addr: 599968 
79753000: system.memobj: hamming code : 0 
79753000: system.memobj: hamming code addr: 599976 
79753000: system.memobj: hamming code : 0 
79753000: system.memobj: hamming code addr: 599984 
79753000: system.memobj: hamming code : 0 
79753000: system.memobj: Enter Error Bit index: 1 
79753000: system.memobj: flip data : 1110100000100111010110010000000000000000000000000000000000000000 
79753000: system.memobj: -------------------------------------
79823000: system.memobj: mem->cpu Got response for addr 0xc4a8 , 50344
79823000: system.memobj: size 0x8
79823000: system.memobj: id 94061724545840
79823000: system.memobj: data_hex : 4883C010FFCA79F0 
79823000: system.memobj: data : 0100100010000011110000000001000011111111110010100111100111110000 
79823000: system.memobj: fix data : 0100100010000011110000000001000011111111110010100111100111110000 
79823000: system.memobj: -------------------------------------
79872000: system.memobj: mem->cpu Got response for addr 0xc4a8 , 50344
79872000: system.memobj: size 0x8
79872000: system.memobj: id 94061724546128
79872000: system.memobj: data_hex : 4883C010FFCA79F0 
79872000: system.memobj: data : 0100100010000011110000000001000011111111110010100111100111110000 
79872000: system.memobj: fix data : 0100100010000011110000000001000011111111110010100111100111110000 
79872000: system.memobj: -------------------------------------
79921000: system.memobj: mem->cpu Got response for addr 0xc4a8 , 50344
79921000: system.memobj: size 0x8
79921000: system.memobj: id 94061724545840
79921000: system.memobj: data_hex : 4883C010FFCA79F0 
79921000: system.memobj: data : 0100100010000011110000000001000011111111110010100111100111110000 
79921000: system.memobj: fix data : 0100100010000011110000000001000011111111110010100111100111110000 
79921000: system.memobj: -------------------------------------
79970000: system.memobj: mem->cpu Got response for addr 0xc4a0 , 50336
79970000: system.memobj: size 0x8
79970000: system.memobj: id 94061724546128
79970000: system.memobj: data_hex : 4889401848894010 
79970000: system.memobj: data : 0100100010001001010000000001100001001000100010010100000000010000 
79970000: system.memobj: fix data : 0100100010001001010000000001100001001000100010010100000000010000 
79970000: system.memobj: -------------------------------------
79970000: system.memobj: cpu->mem Got request for addr 0x92790 , 599952
79970000: system.memobj: size 0x8
79970000: system.memobj: id 94061724545840
79970000: system.memobj: data_hex : 7827590000000000 
79970000: system.memobj: data : 0111100000100111010110010000000000000000000000000000000000000000 
79970000: system.memobj: hamming code addr: 599952 
79970000: system.memobj: hamming code : 13 
79970000: system.memobj: hamming code addr: 599960 
79970000: system.memobj: hamming code : 11 
79970000: system.memobj: hamming code addr: 599968 
79970000: system.memobj: hamming code : 7 
79970000: system.memobj: hamming code addr: 599976 
79970000: system.memobj: hamming code : 0 
79970000: system.memobj: hamming code addr: 599984 
79970000: system.memobj: hamming code : 0 
79970000: system.memobj: hamming code addr: 599992 
79970000: system.memobj: hamming code : 0 
79970000: system.memobj: hamming code addr: 600000 
79970000: system.memobj: hamming code : 0 
79970000: system.memobj: hamming code addr: 600008 
79970000: system.memobj: hamming code : 0 
79970000: system.memobj: Enter Error Bit index: 1 
79970000: system.memobj: flip data : 1111100000100111010110010000000000000000000000000000000000000000 
79970000: system.memobj: -------------------------------------
80054000: system.memobj: mem->cpu Got response for addr 0xc4a0 , 50336
80054000: system.memobj: size 0x8
80054000: system.memobj: id 94061724545840
80054000: system.memobj: data_hex : 4889401848894010 
80054000: system.memobj: data : 0100100010001001010000000001100001001000100010010100000000010000 
80054000: system.memobj: fix data : 0100100010001001010000000001100001001000100010010100000000010000 
80054000: system.memobj: -------------------------------------
80054000: system.memobj: cpu->mem Got request for addr 0x92788 , 599944
80054000: system.memobj: size 0x8
80054000: system.memobj: id 94061724546128
80054000: system.memobj: data_hex : 7827590000000000 
80054000: system.memobj: data : 0111100000100111010110010000000000000000000000000000000000000000 
80054000: system.memobj: hamming code addr: 599944 
80054000: system.memobj: hamming code : 13 
80054000: system.memobj: hamming code addr: 599952 
80054000: system.memobj: hamming code : 11 
80054000: system.memobj: hamming code addr: 599960 
80054000: system.memobj: hamming code : 7 
80054000: system.memobj: hamming code addr: 599968 
80054000: system.memobj: hamming code : 0 
80054000: system.memobj: hamming code addr: 599976 
80054000: system.memobj: hamming code : 0 
80054000: system.memobj: hamming code addr: 599984 
80054000: system.memobj: hamming code : 0 
80054000: system.memobj: hamming code addr: 599992 
80054000: system.memobj: hamming code : 0 
80054000: system.memobj: hamming code addr: 600000 
80054000: system.memobj: hamming code : 0 
80054000: system.memobj: Enter Error Bit index: 3 
80054000: system.memobj: flip data : 0101100000100111010110010000000000000000000000000000000000000000 
80054000: system.memobj: -------------------------------------
80124000: system.memobj: mem->cpu Got response for addr 0xc4a8 , 50344
80124000: system.memobj: size 0x8
80124000: system.memobj: id 94061724546128
80124000: system.memobj: data_hex : 4883C010FFCA79F0 
80124000: system.memobj: data : 0100100010000011110000000001000011111111110010100111100111110000 
80124000: system.memobj: fix data : 0100100010000011110000000001000011111111110010100111100111110000 
80124000: system.memobj: -------------------------------------
80173000: system.memobj: mem->cpu Got response for addr 0xc4a8 , 50344
80173000: system.memobj: size 0x8
80173000: system.memobj: id 94061724545840
80173000: system.memobj: data_hex : 4883C010FFCA79F0 
80173000: system.memobj: data : 0100100010000011110000000001000011111111110010100111100111110000 
80173000: system.memobj: fix data : 0100100010000011110000000001000011111111110010100111100111110000 
80173000: system.memobj: -------------------------------------
80222000: system.memobj: mem->cpu Got response for addr 0xc4a8 , 50344
80222000: system.memobj: size 0x8
80222000: system.memobj: id 94061724546128
80222000: system.memobj: data_hex : 4883C010FFCA79F0 
80222000: system.memobj: data : 0100100010000011110000000001000011111111110010100111100111110000 
80222000: system.memobj: fix data : 0100100010000011110000000001000011111111110010100111100111110000 
80222000: system.memobj: -------------------------------------
80271000: system.memobj: mem->cpu Got response for addr 0xc4a0 , 50336
80271000: system.memobj: size 0x8
80271000: system.memobj: id 94061724545840
80271000: system.memobj: data_hex : 4889401848894010 
80271000: system.memobj: data : 0100100010001001010000000001100001001000100010010100000000010000 
80271000: system.memobj: fix data : 0100100010001001010000000001100001001000100010010100000000010000 
80271000: system.memobj: -------------------------------------
80271000: system.memobj: cpu->mem Got request for addr 0x927a0 , 599968
80271000: system.memobj: size 0x8
80271000: system.memobj: id 94061724546128
80271000: system.memobj: data_hex : 8827590000000000 
80271000: system.memobj: data : 1000100000100111010110010000000000000000000000000000000000000000 
80271000: system.memobj: hamming code addr: 599968 
80271000: system.memobj: hamming code : 10 
80271000: system.memobj: hamming code addr: 599976 
80271000: system.memobj: hamming code : 11 
80271000: system.memobj: hamming code addr: 599984 
80271000: system.memobj: hamming code : 7 
80271000: system.memobj: hamming code addr: 599992 
80271000: system.memobj: hamming code : 0 
80271000: system.memobj: hamming code addr: 600000 
80271000: system.memobj: hamming code : 0 
80271000: system.memobj: hamming code addr: 600008 
80271000: system.memobj: hamming code : 0 
80271000: system.memobj: hamming code addr: 600016 
80271000: system.memobj: hamming code : 0 
80271000: system.memobj: hamming code addr: 600024 
80271000: system.memobj: hamming code : 0 
80271000: system.memobj: Enter Error Bit index: 1 
80271000: system.memobj: flip data : 0000100000100111010110010000000000000000000000000000000000000000 
80271000: system.memobj: -------------------------------------
80341000: system.memobj: mem->cpu Got response for addr 0xc4a0 , 50336
80341000: system.memobj: size 0x8
80341000: system.memobj: id 94061724546128
80341000: system.memobj: data_hex : 4889401848894010 
80341000: system.memobj: data : 0100100010001001010000000001100001001000100010010100000000010000 
80341000: system.memobj: fix data : 0100100010001001010000000001100001001000100010010100000000010000 
80341000: system.memobj: -------------------------------------
80341000: system.memobj: cpu->mem Got request for addr 0x92798 , 599960
80341000: system.memobj: size 0x8
80341000: system.memobj: id 94061724545840
80341000: system.memobj: data_hex : 8827590000000000 
80341000: system.memobj: data : 1000100000100111010110010000000000000000000000000000000000000000 
80341000: system.memobj: hamming code addr: 599960 
80341000: system.memobj: hamming code : 10 
80341000: system.memobj: hamming code addr: 599968 
80341000: system.memobj: hamming code : 11 
80341000: system.memobj: hamming code addr: 599976 
80341000: system.memobj: hamming code : 7 
80341000: system.memobj: hamming code addr: 599984 
80341000: system.memobj: hamming code : 0 
80341000: system.memobj: hamming code addr: 599992 
80341000: system.memobj: hamming code : 0 
80341000: system.memobj: hamming code addr: 600000 
80341000: system.memobj: hamming code : 0 
80341000: system.memobj: hamming code addr: 600008 
80341000: system.memobj: hamming code : 0 
80341000: system.memobj: hamming code addr: 600016 
80341000: system.memobj: hamming code : 0 
80341000: system.memobj: Enter Error Bit index: 1 
80341000: system.memobj: flip data : 0000100000100111010110010000000000000000000000000000000000000000 
80341000: system.memobj: -------------------------------------
80411000: system.memobj: mem->cpu Got response for addr 0xc4a8 , 50344
80411000: system.memobj: size 0x8
80411000: system.memobj: id 94061724545840
80411000: system.memobj: data_hex : 4883C010FFCA79F0 
80411000: system.memobj: data : 0100100010000011110000000001000011111111110010100111100111110000 
80411000: system.memobj: fix data : 0100100010000011110000000001000011111111110010100111100111110000 
80411000: system.memobj: -------------------------------------
80460000: system.memobj: mem->cpu Got response for addr 0xc4a8 , 50344
80460000: system.memobj: size 0x8
80460000: system.memobj: id 94061724546128
80460000: system.memobj: data_hex : 4883C010FFCA79F0 
80460000: system.memobj: data : 0100100010000011110000000001000011111111110010100111100111110000 
80460000: system.memobj: fix data : 0100100010000011110000000001000011111111110010100111100111110000 
80460000: system.memobj: -------------------------------------
80509000: system.memobj: mem->cpu Got response for addr 0xc4a8 , 50344
80509000: system.memobj: size 0x8
80509000: system.memobj: id 94061724545840
80509000: system.memobj: data_hex : 4883C010FFCA79F0 
80509000: system.memobj: data : 0100100010000011110000000001000011111111110010100111100111110000 
80509000: system.memobj: fix data : 0100100010000011110000000001000011111111110010100111100111110000 
80509000: system.memobj: -------------------------------------
80558000: system.memobj: mem->cpu Got response for addr 0xc4a0 , 50336
80558000: system.memobj: size 0x8
80558000: system.memobj: id 94061724546128
80558000: system.memobj: data_hex : 4889401848894010 
80558000: system.memobj: data : 0100100010001001010000000001100001001000100010010100000000010000 
80558000: system.memobj: fix data : 0100100010001001010000000001100001001000100010010100000000010000 
80558000: system.memobj: -------------------------------------
80558000: system.memobj: cpu->mem Got request for addr 0x927b0 , 599984
80558000: system.memobj: size 0x8
80558000: system.memobj: id 94061724545840
80558000: system.memobj: data_hex : 9827590000000000 
80558000: system.memobj: data : 1001100000100111010110010000000000000000000000000000000000000000 
80558000: system.memobj: hamming code addr: 599984 
80558000: system.memobj: hamming code : 13 
80558000: system.memobj: hamming code addr: 599992 
80558000: system.memobj: hamming code : 11 
80558000: system.memobj: hamming code addr: 600000 
80558000: system.memobj: hamming code : 7 
80558000: system.memobj: hamming code addr: 600008 
80558000: system.memobj: hamming code : 0 
80558000: system.memobj: hamming code addr: 600016 
80558000: system.memobj: hamming code : 0 
80558000: system.memobj: hamming code addr: 600024 
80558000: system.memobj: hamming code : 0 
80558000: system.memobj: hamming code addr: 600032 
80558000: system.memobj: hamming code : 0 
80558000: system.memobj: hamming code addr: 600040 
80558000: system.memobj: hamming code : 0 
80558000: system.memobj: Enter Error Bit index: 2 
80558000: system.memobj: flip data : 1101100000100111010110010000000000000000000000000000000000000000 
80558000: system.memobj: -------------------------------------
80628000: system.memobj: mem->cpu Got response for addr 0xc4a0 , 50336
80628000: system.memobj: size 0x8
80628000: system.memobj: id 94061724545840
80628000: system.memobj: data_hex : 4889401848894010 
80628000: system.memobj: data : 0100100010001001010000000001100001001000100010010100000000010000 
80628000: system.memobj: fix data : 0100100010001001010000000001100001001000100010010100000000010000 
80628000: system.memobj: -------------------------------------
80628000: system.memobj: cpu->mem Got request for addr 0x927a8 , 599976
80628000: system.memobj: size 0x8
80628000: system.memobj: id 94061724546128
80628000: system.memobj: data_hex : 9827590000000000 
80628000: system.memobj: data : 1001100000100111010110010000000000000000000000000000000000000000 
80628000: system.memobj: hamming code addr: 599976 
80628000: system.memobj: hamming code : 13 
80628000: system.memobj: hamming code addr: 599984 
80628000: system.memobj: hamming code : 11 
80628000: system.memobj: hamming code addr: 599992 
80628000: system.memobj: hamming code : 7 
80628000: system.memobj: hamming code addr: 600000 
80628000: system.memobj: hamming code : 0 
80628000: system.memobj: hamming code addr: 600008 
80628000: system.memobj: hamming code : 0 
80628000: system.memobj: hamming code addr: 600016 
80628000: system.memobj: hamming code : 0 
80628000: system.memobj: hamming code addr: 600024 
80628000: system.memobj: hamming code : 0 
80628000: system.memobj: hamming code addr: 600032 
80628000: system.memobj: hamming code : 0 
80628000: system.memobj: Enter Error Bit index: 6 
80628000: system.memobj: flip data : 1001110000100111010110010000000000000000000000000000000000000000 
80628000: system.memobj: -------------------------------------
80698000: system.memobj: mem->cpu Got response for addr 0xc4a8 , 50344
80698000: system.memobj: size 0x8
80698000: system.memobj: id 94061724546128
80698000: system.memobj: data_hex : 4883C010FFCA79F0 
80698000: system.memobj: data : 0100100010000011110000000001000011111111110010100111100111110000 
80698000: system.memobj: fix data : 0100100010000011110000000001000011111111110010100111100111110000 
80698000: system.memobj: -------------------------------------
80747000: system.memobj: mem->cpu Got response for addr 0xc4a8 , 50344
80747000: system.memobj: size 0x8
80747000: system.memobj: id 94061724545840
80747000: system.memobj: data_hex : 4883C010FFCA79F0 
80747000: system.memobj: data : 0100100010000011110000000001000011111111110010100111100111110000 
80747000: system.memobj: fix data : 0100100010000011110000000001000011111111110010100111100111110000 
80747000: system.memobj: -------------------------------------
80796000: system.memobj: mem->cpu Got response for addr 0xc4a8 , 50344
80796000: system.memobj: size 0x8
80796000: system.memobj: id 94061724546128
80796000: system.memobj: data_hex : 4883C010FFCA79F0 
80796000: system.memobj: data : 0100100010000011110000000001000011111111110010100111100111110000 
80796000: system.memobj: fix data : 0100100010000011110000000001000011111111110010100111100111110000 
80796000: system.memobj: -------------------------------------
80845000: system.memobj: mem->cpu Got response for addr 0xc4a0 , 50336
80845000: system.memobj: size 0x8
80845000: system.memobj: id 94061724545840
80845000: system.memobj: data_hex : 4889401848894010 
80845000: system.memobj: data : 0100100010001001010000000001100001001000100010010100000000010000 
80845000: system.memobj: fix data : 0100100010001001010000000001100001001000100010010100000000010000 
80845000: system.memobj: -------------------------------------
80845000: system.memobj: cpu->mem Got request for addr 0x927c0 , 600000
80845000: system.memobj: size 0x8
80845000: system.memobj: id 94061724546128
80845000: system.memobj: data_hex : A827590000000000 
80845000: system.memobj: data : 1010100000100111010110010000000000000000000000000000000000000000 
80845000: system.memobj: hamming code addr: 600000 
80845000: system.memobj: hamming code : 12 
80845000: system.memobj: hamming code addr: 600008 
80845000: system.memobj: hamming code : 11 
80845000: system.memobj: hamming code addr: 600016 
80845000: system.memobj: hamming code : 7 
80845000: system.memobj: hamming code addr: 600024 
80845000: system.memobj: hamming code : 0 
80845000: system.memobj: hamming code addr: 600032 
80845000: system.memobj: hamming code : 0 
80845000: system.memobj: hamming code addr: 600040 
80845000: system.memobj: hamming code : 0 
80845000: system.memobj: hamming code addr: 600048 
80845000: system.memobj: hamming code : 0 
80845000: system.memobj: hamming code addr: 600056 
80845000: system.memobj: hamming code : 0 
80845000: system.memobj: Enter Error Bit index: 6 
80845000: system.memobj: flip data : 1010110000100111010110010000000000000000000000000000000000000000 
80845000: system.memobj: -------------------------------------
80915000: system.memobj: mem->cpu Got response for addr 0xc4a0 , 50336
80915000: system.memobj: size 0x8
80915000: system.memobj: id 94061724546128
80915000: system.memobj: data_hex : 4889401848894010 
80915000: system.memobj: data : 0100100010001001010000000001100001001000100010010100000000010000 
80915000: system.memobj: fix data : 0100100010001001010000000001100001001000100010010100000000010000 
80915000: system.memobj: -------------------------------------
80915000: system.memobj: cpu->mem Got request for addr 0x927b8 , 599992
80915000: system.memobj: size 0x8
80915000: system.memobj: id 94061724545840
80915000: system.memobj: data_hex : A827590000000000 
80915000: system.memobj: data : 1010100000100111010110010000000000000000000000000000000000000000 
80915000: system.memobj: hamming code addr: 599992 
80915000: system.memobj: hamming code : 12 
80915000: system.memobj: hamming code addr: 600000 
80915000: system.memobj: hamming code : 11 
80915000: system.memobj: hamming code addr: 600008 
80915000: system.memobj: hamming code : 7 
80915000: system.memobj: hamming code addr: 600016 
80915000: system.memobj: hamming code : 0 
80915000: system.memobj: hamming code addr: 600024 
80915000: system.memobj: hamming code : 0 
80915000: system.memobj: hamming code addr: 600032 
80915000: system.memobj: hamming code : 0 
80915000: system.memobj: hamming code addr: 600040 
80915000: system.memobj: hamming code : 0 
80915000: system.memobj: hamming code addr: 600048 
80915000: system.memobj: hamming code : 0 
80915000: system.memobj: Enter Error Bit index: 5 
80915000: system.memobj: flip data : 1010000000100111010110010000000000000000000000000000000000000000 
80915000: system.memobj: -------------------------------------
80999000: system.memobj: mem->cpu Got response for addr 0xc4a8 , 50344
80999000: system.memobj: size 0x8
80999000: system.memobj: id 94061724545840
80999000: system.memobj: data_hex : 4883C010FFCA79F0 
80999000: system.memobj: data : 0100100010000011110000000001000011111111110010100111100111110000 
80999000: system.memobj: fix data : 0100100010000011110000000001000011111111110010100111100111110000 
80999000: system.memobj: -------------------------------------
81048000: system.memobj: mem->cpu Got response for addr 0xc4a8 , 50344
81048000: system.memobj: size 0x8
81048000: system.memobj: id 94061724546128
81048000: system.memobj: data_hex : 4883C010FFCA79F0 
81048000: system.memobj: data : 0100100010000011110000000001000011111111110010100111100111110000 
81048000: system.memobj: fix data : 0100100010000011110000000001000011111111110010100111100111110000 
81048000: system.memobj: -------------------------------------
81097000: system.memobj: mem->cpu Got response for addr 0xc4a8 , 50344
81097000: system.memobj: size 0x8
81097000: system.memobj: id 94061724545840
81097000: system.memobj: data_hex : 4883C010FFCA79F0 
81097000: system.memobj: data : 0100100010000011110000000001000011111111110010100111100111110000 
81097000: system.memobj: fix data : 0100100010000011110000000001000011111111110010100111100111110000 
81097000: system.memobj: -------------------------------------
81146000: system.memobj: mem->cpu Got response for addr 0xc4a0 , 50336
81146000: system.memobj: size 0x8
81146000: system.memobj: id 94061724546128
81146000: system.memobj: data_hex : 4889401848894010 
81146000: system.memobj: data : 0100100010001001010000000001100001001000100010010100000000010000 
81146000: system.memobj: fix data : 0100100010001001010000000001100001001000100010010100000000010000 
81146000: system.memobj: -------------------------------------
81146000: system.memobj: cpu->mem Got request for addr 0x927d0 , 600016
81146000: system.memobj: size 0x8
81146000: system.memobj: id 94061724545840
81146000: system.memobj: data_hex : B827590000000000 
81146000: system.memobj: data : 1011100000100111010110010000000000000000000000000000000000000000 
81146000: system.memobj: hamming code addr: 600016 
81146000: system.memobj: hamming code : 11 
81146000: system.memobj: hamming code addr: 600024 
81146000: system.memobj: hamming code : 11 
81146000: system.memobj: hamming code addr: 600032 
81146000: system.memobj: hamming code : 7 
81146000: system.memobj: hamming code addr: 600040 
81146000: system.memobj: hamming code : 0 
81146000: system.memobj: hamming code addr: 600048 
81146000: system.memobj: hamming code : 0 
81146000: system.memobj: hamming code addr: 600056 
81146000: system.memobj: hamming code : 0 
81146000: system.memobj: hamming code addr: 600064 
81146000: system.memobj: hamming code : 0 
81146000: system.memobj: hamming code addr: 600072 
81146000: system.memobj: hamming code : 0 
81146000: system.memobj: Enter Error Bit index: 5 
81146000: system.memobj: flip data : 1011000000100111010110010000000000000000000000000000000000000000 
81146000: system.memobj: -------------------------------------
81216000: system.memobj: mem->cpu Got response for addr 0xc4a0 , 50336
81216000: system.memobj: size 0x8
81216000: system.memobj: id 94061724545840
81216000: system.memobj: data_hex : 4889401848894010 
81216000: system.memobj: data : 0100100010001001010000000001100001001000100010010100000000010000 
81216000: system.memobj: fix data : 0100100010001001010000000001100001001000100010010100000000010000 
81216000: system.memobj: -------------------------------------
81216000: system.memobj: cpu->mem Got request for addr 0x927c8 , 600008
81216000: system.memobj: size 0x8
81216000: system.memobj: id 94061724546128
81216000: system.memobj: data_hex : B827590000000000 
81216000: system.memobj: data : 1011100000100111010110010000000000000000000000000000000000000000 
81216000: system.memobj: hamming code addr: 600008 
81216000: system.memobj: hamming code : 11 
81216000: system.memobj: hamming code addr: 600016 
81216000: system.memobj: hamming code : 11 
81216000: system.memobj: hamming code addr: 600024 
81216000: system.memobj: hamming code : 7 
81216000: system.memobj: hamming code addr: 600032 
81216000: system.memobj: hamming code : 0 
81216000: system.memobj: hamming code addr: 600040 
81216000: system.memobj: hamming code : 0 
81216000: system.memobj: hamming code addr: 600048 
81216000: system.memobj: hamming code : 0 
81216000: system.memobj: hamming code addr: 600056 
81216000: system.memobj: hamming code : 0 
81216000: system.memobj: hamming code addr: 600064 
81216000: system.memobj: hamming code : 0 
81216000: system.memobj: Enter Error Bit index: 8 
81216000: system.memobj: flip data : 1011100100100111010110010000000000000000000000000000000000000000 
81216000: system.memobj: -------------------------------------
81286000: system.memobj: mem->cpu Got response for addr 0xc4a8 , 50344
81286000: system.memobj: size 0x8
81286000: system.memobj: id 94061724546128
81286000: system.memobj: data_hex : 4883C010FFCA79F0 
81286000: system.memobj: data : 0100100010000011110000000001000011111111110010100111100111110000 
81286000: system.memobj: fix data : 0100100010000011110000000001000011111111110010100111100111110000 
81286000: system.memobj: -------------------------------------
81335000: system.memobj: mem->cpu Got response for addr 0xc4a8 , 50344
81335000: system.memobj: size 0x8
81335000: system.memobj: id 94061724545840
81335000: system.memobj: data_hex : 4883C010FFCA79F0 
81335000: system.memobj: data : 0100100010000011110000000001000011111111110010100111100111110000 
81335000: system.memobj: fix data : 0100100010000011110000000001000011111111110010100111100111110000 
81335000: system.memobj: -------------------------------------
81384000: system.memobj: mem->cpu Got response for addr 0xc4a8 , 50344
81384000: system.memobj: size 0x8
81384000: system.memobj: id 94061724546128
81384000: system.memobj: data_hex : 4883C010FFCA79F0 
81384000: system.memobj: data : 0100100010000011110000000001000011111111110010100111100111110000 
81384000: system.memobj: fix data : 0100100010000011110000000001000011111111110010100111100111110000 
81384000: system.memobj: -------------------------------------
81433000: system.memobj: mem->cpu Got response for addr 0xc4a0 , 50336
81433000: system.memobj: size 0x8
81433000: system.memobj: id 94061724545840
81433000: system.memobj: data_hex : 4889401848894010 
81433000: system.memobj: data : 0100100010001001010000000001100001001000100010010100000000010000 
81433000: system.memobj: fix data : 0100100010001001010000000001100001001000100010010100000000010000 
81433000: system.memobj: -------------------------------------
81433000: system.memobj: cpu->mem Got request for addr 0x927e0 , 600032
81433000: system.memobj: size 0x8
81433000: system.memobj: id 94061724546128
81433000: system.memobj: data_hex : C827590000000000 
81433000: system.memobj: data : 1100100000100111010110010000000000000000000000000000000000000000 
81433000: system.memobj: hamming code addr: 600032 
81433000: system.memobj: hamming code : 15 
81433000: system.memobj: hamming code addr: 600040 
81433000: system.memobj: hamming code : 11 
81433000: system.memobj: hamming code addr: 600048 
81433000: system.memobj: hamming code : 7 
81433000: system.memobj: hamming code addr: 600056 
81433000: system.memobj: hamming code : 0 
81433000: system.memobj: hamming code addr: 600064 
81433000: system.memobj: hamming code : 0 
81433000: system.memobj: hamming code addr: 600072 
81433000: system.memobj: hamming code : 0 
81433000: system.memobj: hamming code addr: 600080 
81433000: system.memobj: hamming code : 0 
81433000: system.memobj: hamming code addr: 600088 
81433000: system.memobj: hamming code : 0 
81433000: system.memobj: Enter Error Bit index: 7 
81433000: system.memobj: flip data : 1100101000100111010110010000000000000000000000000000000000000000 
81433000: system.memobj: -------------------------------------
81503000: system.memobj: mem->cpu Got response for addr 0xc4a0 , 50336
81503000: system.memobj: size 0x8
81503000: system.memobj: id 94061724546128
81503000: system.memobj: data_hex : 4889401848894010 
81503000: system.memobj: data : 0100100010001001010000000001100001001000100010010100000000010000 
81503000: system.memobj: fix data : 0100100010001001010000000001100001001000100010010100000000010000 
81503000: system.memobj: -------------------------------------
81503000: system.memobj: cpu->mem Got request for addr 0x927d8 , 600024
81503000: system.memobj: size 0x8
81503000: system.memobj: id 94061724545840
81503000: system.memobj: data_hex : C827590000000000 
81503000: system.memobj: data : 1100100000100111010110010000000000000000000000000000000000000000 
81503000: system.memobj: hamming code addr: 600024 
81503000: system.memobj: hamming code : 15 
81503000: system.memobj: hamming code addr: 600032 
81503000: system.memobj: hamming code : 11 
81503000: system.memobj: hamming code addr: 600040 
81503000: system.memobj: hamming code : 7 
81503000: system.memobj: hamming code addr: 600048 
81503000: system.memobj: hamming code : 0 
81503000: system.memobj: hamming code addr: 600056 
81503000: system.memobj: hamming code : 0 
81503000: system.memobj: hamming code addr: 600064 
81503000: system.memobj: hamming code : 0 
81503000: system.memobj: hamming code addr: 600072 
81503000: system.memobj: hamming code : 0 
81503000: system.memobj: hamming code addr: 600080 
81503000: system.memobj: hamming code : 0 
81503000: system.memobj: Enter Error Bit index: 8 
81503000: system.memobj: flip data : 1100100100100111010110010000000000000000000000000000000000000000 
81503000: system.memobj: -------------------------------------
81573000: system.memobj: mem->cpu Got response for addr 0xc4a8 , 50344
81573000: system.memobj: size 0x8
81573000: system.memobj: id 94061724545840
81573000: system.memobj: data_hex : 4883C010FFCA79F0 
81573000: system.memobj: data : 0100100010000011110000000001000011111111110010100111100111110000 
81573000: system.memobj: fix data : 0100100010000011110000000001000011111111110010100111100111110000 
81573000: system.memobj: -------------------------------------
81622000: system.memobj: mem->cpu Got response for addr 0xc4a8 , 50344
81622000: system.memobj: size 0x8
81622000: system.memobj: id 94061724546128
81622000: system.memobj: data_hex : 4883C010FFCA79F0 
81622000: system.memobj: data : 0100100010000011110000000001000011111111110010100111100111110000 
81622000: system.memobj: fix data : 0100100010000011110000000001000011111111110010100111100111110000 
81622000: system.memobj: -------------------------------------
81671000: system.memobj: mem->cpu Got response for addr 0xc4a8 , 50344
81671000: system.memobj: size 0x8
81671000: system.memobj: id 94061724545840
81671000: system.memobj: data_hex : 4883C010FFCA79F0 
81671000: system.memobj: data : 0100100010000011110000000001000011111111110010100111100111110000 
81671000: system.memobj: fix data : 0100100010000011110000000001000011111111110010100111100111110000 
81671000: system.memobj: -------------------------------------
81720000: system.memobj: mem->cpu Got response for addr 0xc4a0 , 50336
81720000: system.memobj: size 0x8
81720000: system.memobj: id 94061724546128
81720000: system.memobj: data_hex : 4889401848894010 
81720000: system.memobj: data : 0100100010001001010000000001100001001000100010010100000000010000 
81720000: system.memobj: fix data : 0100100010001001010000000001100001001000100010010100000000010000 
81720000: system.memobj: -------------------------------------
81720000: system.memobj: cpu->mem Got request for addr 0x927f0 , 600048
81720000: system.memobj: size 0x8
81720000: system.memobj: id 94061724545840
81720000: system.memobj: data_hex : D827590000000000 
81720000: system.memobj: data : 1101100000100111010110010000000000000000000000000000000000000000 
81720000: system.memobj: hamming code addr: 600048 
81720000: system.memobj: hamming code : 8 
81720000: system.memobj: hamming code addr: 600056 
81720000: system.memobj: hamming code : 11 
81720000: system.memobj: hamming code addr: 600064 
81720000: system.memobj: hamming code : 7 
81720000: system.memobj: hamming code addr: 600072 
81720000: system.memobj: hamming code : 0 
81720000: system.memobj: hamming code addr: 600080 
81720000: system.memobj: hamming code : 0 
81720000: system.memobj: hamming code addr: 600088 
81720000: system.memobj: hamming code : 0 
81720000: system.memobj: hamming code addr: 600096 
81720000: system.memobj: hamming code : 0 
81720000: system.memobj: hamming code addr: 600104 
81720000: system.memobj: hamming code : 0 
81720000: system.memobj: Enter Error Bit index: 3 
81720000: system.memobj: flip data : 1111100000100111010110010000000000000000000000000000000000000000 
81720000: system.memobj: -------------------------------------
81790000: system.memobj: mem->cpu Got response for addr 0xc4a0 , 50336
81790000: system.memobj: size 0x8
81790000: system.memobj: id 94061724545840
81790000: system.memobj: data_hex : 4889401848894010 
81790000: system.memobj: data : 0100100010001001010000000001100001001000100010010100000000010000 
81790000: system.memobj: fix data : 0100100010001001010000000001100001001000100010010100000000010000 
81790000: system.memobj: -------------------------------------
81790000: system.memobj: cpu->mem Got request for addr 0x927e8 , 600040
81790000: system.memobj: size 0x8
81790000: system.memobj: id 94061724546128
81790000: system.memobj: data_hex : D827590000000000 
81790000: system.memobj: data : 1101100000100111010110010000000000000000000000000000000000000000 
81790000: system.memobj: hamming code addr: 600040 
81790000: system.memobj: hamming code : 8 
81790000: system.memobj: hamming code addr: 600048 
81790000: system.memobj: hamming code : 11 
81790000: system.memobj: hamming code addr: 600056 
81790000: system.memobj: hamming code : 7 
81790000: system.memobj: hamming code addr: 600064 
81790000: system.memobj: hamming code : 0 
81790000: system.memobj: hamming code addr: 600072 
81790000: system.memobj: hamming code : 0 
81790000: system.memobj: hamming code addr: 600080 
81790000: system.memobj: hamming code : 0 
81790000: system.memobj: hamming code addr: 600088 
81790000: system.memobj: hamming code : 0 
81790000: system.memobj: hamming code addr: 600096 
81790000: system.memobj: hamming code : 0 
81790000: system.memobj: Enter Error Bit index: 4 
81790000: system.memobj: flip data : 1100100000100111010110010000000000000000000000000000000000000000 
81790000: system.memobj: -------------------------------------
81860000: system.memobj: mem->cpu Got response for addr 0xc4a8 , 50344
81860000: system.memobj: size 0x8
81860000: system.memobj: id 94061724546128
81860000: system.memobj: data_hex : 4883C010FFCA79F0 
81860000: system.memobj: data : 0100100010000011110000000001000011111111110010100111100111110000 
81860000: system.memobj: fix data : 0100100010000011110000000001000011111111110010100111100111110000 
81860000: system.memobj: -------------------------------------
81923000: system.memobj: mem->cpu Got response for addr 0xc4a8 , 50344
81923000: system.memobj: size 0x8
81923000: system.memobj: id 94061724545840
81923000: system.memobj: data_hex : 4883C010FFCA79F0 
81923000: system.memobj: data : 0100100010000011110000000001000011111111110010100111100111110000 
81923000: system.memobj: fix data : 0100100010000011110000000001000011111111110010100111100111110000 
81923000: system.memobj: -------------------------------------
81972000: system.memobj: mem->cpu Got response for addr 0xc4a8 , 50344
81972000: system.memobj: size 0x8
81972000: system.memobj: id 94061724546128
81972000: system.memobj: data_hex : 4883C010FFCA79F0 
81972000: system.memobj: data : 0100100010000011110000000001000011111111110010100111100111110000 
81972000: system.memobj: fix data : 0100100010000011110000000001000011111111110010100111100111110000 
81972000: system.memobj: -------------------------------------
82021000: system.memobj: mem->cpu Got response for addr 0xc4a0 , 50336
82021000: system.memobj: size 0x8
82021000: system.memobj: id 94061724545840
82021000: system.memobj: data_hex : 4889401848894010 
82021000: system.memobj: data : 0100100010001001010000000001100001001000100010010100000000010000 
82021000: system.memobj: fix data : 0100100010001001010000000001100001001000100010010100000000010000 
82021000: system.memobj: -------------------------------------
82021000: system.memobj: cpu->mem Got request for addr 0x92800 , 600064
82021000: system.memobj: size 0x8
82021000: system.memobj: id 94061724546128
82021000: system.memobj: data_hex : E827590000000000 
82021000: system.memobj: data : 1110100000100111010110010000000000000000000000000000000000000000 
82021000: system.memobj: hamming code addr: 600064 
82021000: system.memobj: hamming code : 9 
82021000: system.memobj: hamming code addr: 600072 
82021000: system.memobj: hamming code : 11 
82021000: system.memobj: hamming code addr: 600080 
82021000: system.memobj: hamming code : 7 
82021000: system.memobj: hamming code addr: 600088 
82021000: system.memobj: hamming code : 0 
82021000: system.memobj: hamming code addr: 600096 
82021000: system.memobj: hamming code : 0 
82021000: system.memobj: hamming code addr: 600104 
82021000: system.memobj: hamming code : 0 
82021000: system.memobj: hamming code addr: 600112 
82021000: system.memobj: hamming code : 0 
82021000: system.memobj: hamming code addr: 600120 
82021000: system.memobj: hamming code : 0 
82021000: system.memobj: Enter Error Bit index: 5 
82021000: system.memobj: flip data : 1110000000100111010110010000000000000000000000000000000000000000 
82021000: system.memobj: -------------------------------------
82091000: system.memobj: mem->cpu Got response for addr 0xc4a0 , 50336
82091000: system.memobj: size 0x8
82091000: system.memobj: id 94061724546128
82091000: system.memobj: data_hex : 4889401848894010 
82091000: system.memobj: data : 0100100010001001010000000001100001001000100010010100000000010000 
82091000: system.memobj: fix data : 0100100010001001010000000001100001001000100010010100000000010000 
82091000: system.memobj: -------------------------------------
82091000: system.memobj: cpu->mem Got request for addr 0x927f8 , 600056
82091000: system.memobj: size 0x8
82091000: system.memobj: id 94061724545840
82091000: system.memobj: data_hex : E827590000000000 
82091000: system.memobj: data : 1110100000100111010110010000000000000000000000000000000000000000 
82091000: system.memobj: hamming code addr: 600056 
82091000: system.memobj: hamming code : 9 
82091000: system.memobj: hamming code addr: 600064 
82091000: system.memobj: hamming code : 11 
82091000: system.memobj: hamming code addr: 600072 
82091000: system.memobj: hamming code : 7 
82091000: system.memobj: hamming code addr: 600080 
82091000: system.memobj: hamming code : 0 
82091000: system.memobj: hamming code addr: 600088 
82091000: system.memobj: hamming code : 0 
82091000: system.memobj: hamming code addr: 600096 
82091000: system.memobj: hamming code : 0 
82091000: system.memobj: hamming code addr: 600104 
82091000: system.memobj: hamming code : 0 
82091000: system.memobj: hamming code addr: 600112 
82091000: system.memobj: hamming code : 0 
82091000: system.memobj: Enter Error Bit index: 6 
82091000: system.memobj: flip data : 1110110000100111010110010000000000000000000000000000000000000000 
82091000: system.memobj: -------------------------------------
82161000: system.memobj: mem->cpu Got response for addr 0xc4a8 , 50344
82161000: system.memobj: size 0x8
82161000: system.memobj: id 94061724545840
82161000: system.memobj: data_hex : 4883C010FFCA79F0 
82161000: system.memobj: data : 0100100010000011110000000001000011111111110010100111100111110000 
82161000: system.memobj: fix data : 0100100010000011110000000001000011111111110010100111100111110000 
82161000: system.memobj: -------------------------------------
82210000: system.memobj: mem->cpu Got response for addr 0xc4a8 , 50344
82210000: system.memobj: size 0x8
82210000: system.memobj: id 94061724546128
82210000: system.memobj: data_hex : 4883C010FFCA79F0 
82210000: system.memobj: data : 0100100010000011110000000001000011111111110010100111100111110000 
82210000: system.memobj: fix data : 0100100010000011110000000001000011111111110010100111100111110000 
82210000: system.memobj: -------------------------------------
82259000: system.memobj: mem->cpu Got response for addr 0xc4a8 , 50344
82259000: system.memobj: size 0x8
82259000: system.memobj: id 94061724545840
82259000: system.memobj: data_hex : 4883C010FFCA79F0 
82259000: system.memobj: data : 0100100010000011110000000001000011111111110010100111100111110000 
82259000: system.memobj: fix data : 0100100010000011110000000001000011111111110010100111100111110000 
82259000: system.memobj: -------------------------------------
82308000: system.memobj: mem->cpu Got response for addr 0xc4a0 , 50336
82308000: system.memobj: size 0x8
82308000: system.memobj: id 94061724546128
82308000: system.memobj: data_hex : 4889401848894010 
82308000: system.memobj: data : 0100100010001001010000000001100001001000100010010100000000010000 
82308000: system.memobj: fix data : 0100100010001001010000000001100001001000100010010100000000010000 
82308000: system.memobj: -------------------------------------
82308000: system.memobj: cpu->mem Got request for addr 0x92810 , 600080
82308000: system.memobj: size 0x8
82308000: system.memobj: id 94061724545840
82308000: system.memobj: data_hex : F827590000000000 
82308000: system.memobj: data : 1111100000100111010110010000000000000000000000000000000000000000 
82308000: system.memobj: hamming code addr: 600080 
82308000: system.memobj: hamming code : 14 
82308000: system.memobj: hamming code addr: 600088 
82308000: system.memobj: hamming code : 11 
82308000: system.memobj: hamming code addr: 600096 
82308000: system.memobj: hamming code : 7 
82308000: system.memobj: hamming code addr: 600104 
82308000: system.memobj: hamming code : 0 
82308000: system.memobj: hamming code addr: 600112 
82308000: system.memobj: hamming code : 0 
82308000: system.memobj: hamming code addr: 600120 
82308000: system.memobj: hamming code : 0 
82308000: system.memobj: hamming code addr: 600128 
82308000: system.memobj: hamming code : 0 
82308000: system.memobj: hamming code addr: 600136 
82308000: system.memobj: hamming code : 0 
82308000: system.memobj: Enter Error Bit index: 5 
82308000: system.memobj: flip data : 1111000000100111010110010000000000000000000000000000000000000000 
82308000: system.memobj: -------------------------------------
82378000: system.memobj: mem->cpu Got response for addr 0xc4a0 , 50336
82378000: system.memobj: size 0x8
82378000: system.memobj: id 94061724545840
82378000: system.memobj: data_hex : 4889401848894010 
82378000: system.memobj: data : 0100100010001001010000000001100001001000100010010100000000010000 
82378000: system.memobj: fix data : 0100100010001001010000000001100001001000100010010100000000010000 
82378000: system.memobj: -------------------------------------
82378000: system.memobj: cpu->mem Got request for addr 0x92808 , 600072
82378000: system.memobj: size 0x8
82378000: system.memobj: id 94061724546128
82378000: system.memobj: data_hex : F827590000000000 
82378000: system.memobj: data : 1111100000100111010110010000000000000000000000000000000000000000 
82378000: system.memobj: hamming code addr: 600072 
82378000: system.memobj: hamming code : 14 
82378000: system.memobj: hamming code addr: 600080 
82378000: system.memobj: hamming code : 11 
82378000: system.memobj: hamming code addr: 600088 
82378000: system.memobj: hamming code : 7 
82378000: system.memobj: hamming code addr: 600096 
82378000: system.memobj: hamming code : 0 
82378000: system.memobj: hamming code addr: 600104 
82378000: system.memobj: hamming code : 0 
82378000: system.memobj: hamming code addr: 600112 
82378000: system.memobj: hamming code : 0 
82378000: system.memobj: hamming code addr: 600120 
82378000: system.memobj: hamming code : 0 
82378000: system.memobj: hamming code addr: 600128 
82378000: system.memobj: hamming code : 0 
82378000: system.memobj: Enter Error Bit index: 7 
82378000: system.memobj: flip data : 1111101000100111010110010000000000000000000000000000000000000000 
82378000: system.memobj: -------------------------------------
82448000: system.memobj: mem->cpu Got response for addr 0xc4a8 , 50344
82448000: system.memobj: size 0x8
82448000: system.memobj: id 94061724546128
82448000: system.memobj: data_hex : 4883C010FFCA79F0 
82448000: system.memobj: data : 0100100010000011110000000001000011111111110010100111100111110000 
82448000: system.memobj: fix data : 0100100010000011110000000001000011111111110010100111100111110000 
82448000: system.memobj: -------------------------------------
82497000: system.memobj: mem->cpu Got response for addr 0xc4a8 , 50344
82497000: system.memobj: size 0x8
82497000: system.memobj: id 94061724545840
82497000: system.memobj: data_hex : 4883C010FFCA79F0 
82497000: system.memobj: data : 0100100010000011110000000001000011111111110010100111100111110000 
82497000: system.memobj: fix data : 0100100010000011110000000001000011111111110010100111100111110000 
82497000: system.memobj: -------------------------------------
82546000: system.memobj: mem->cpu Got response for addr 0xc4a8 , 50344
82546000: system.memobj: size 0x8
82546000: system.memobj: id 94061724546128
82546000: system.memobj: data_hex : 4883C010FFCA79F0 
82546000: system.memobj: data : 0100100010000011110000000001000011111111110010100111100111110000 
82546000: system.memobj: fix data : 0100100010000011110000000001000011111111110010100111100111110000 
82546000: system.memobj: -------------------------------------
82595000: system.memobj: mem->cpu Got response for addr 0xc4a0 , 50336
82595000: system.memobj: size 0x8
82595000: system.memobj: id 94061724545840
82595000: system.memobj: data_hex : 4889401848894010 
82595000: system.memobj: data : 0100100010001001010000000001100001001000100010010100000000010000 
82595000: system.memobj: fix data : 0100100010001001010000000001100001001000100010010100000000010000 
82595000: system.memobj: -------------------------------------
82595000: system.memobj: cpu->mem Got request for addr 0x92820 , 600096
82595000: system.memobj: size 0x8
82595000: system.memobj: id 94061724546128
82595000: system.memobj: data_hex : 0828590000000000 
82595000: system.memobj: data : 0000100000101000010110010000000000000000000000000000000000000000 
82595000: system.memobj: hamming code addr: 600096 
82595000: system.memobj: hamming code : 9 
82595000: system.memobj: hamming code addr: 600104 
82595000: system.memobj: hamming code : 15 
82595000: system.memobj: hamming code addr: 600112 
82595000: system.memobj: hamming code : 7 
82595000: system.memobj: hamming code addr: 600120 
82595000: system.memobj: hamming code : 0 
82595000: system.memobj: hamming code addr: 600128 
82595000: system.memobj: hamming code : 0 
82595000: system.memobj: hamming code addr: 600136 
82595000: system.memobj: hamming code : 0 
82595000: system.memobj: hamming code addr: 600144 
82595000: system.memobj: hamming code : 0 
82595000: system.memobj: hamming code addr: 600152 
82595000: system.memobj: hamming code : 0 
82595000: system.memobj: Enter Error Bit index: 2 
82595000: system.memobj: flip data : 0100100000101000010110010000000000000000000000000000000000000000 
82595000: system.memobj: -------------------------------------
82665000: system.memobj: mem->cpu Got response for addr 0xc4a0 , 50336
82665000: system.memobj: size 0x8
82665000: system.memobj: id 94061724546128
82665000: system.memobj: data_hex : 4889401848894010 
82665000: system.memobj: data : 0100100010001001010000000001100001001000100010010100000000010000 
82665000: system.memobj: fix data : 0100100010001001010000000001100001001000100010010100000000010000 
82665000: system.memobj: -------------------------------------
82665000: system.memobj: cpu->mem Got request for addr 0x92818 , 600088
82665000: system.memobj: size 0x8
82665000: system.memobj: id 94061724545840
82665000: system.memobj: data_hex : 0828590000000000 
82665000: system.memobj: data : 0000100000101000010110010000000000000000000000000000000000000000 
82665000: system.memobj: hamming code addr: 600088 
82665000: system.memobj: hamming code : 9 
82665000: system.memobj: hamming code addr: 600096 
82665000: system.memobj: hamming code : 15 
82665000: system.memobj: hamming code addr: 600104 
82665000: system.memobj: hamming code : 7 
82665000: system.memobj: hamming code addr: 600112 
82665000: system.memobj: hamming code : 0 
82665000: system.memobj: hamming code addr: 600120 
82665000: system.memobj: hamming code : 0 
82665000: system.memobj: hamming code addr: 600128 
82665000: system.memobj: hamming code : 0 
82665000: system.memobj: hamming code addr: 600136 
82665000: system.memobj: hamming code : 0 
82665000: system.memobj: hamming code addr: 600144 
82665000: system.memobj: hamming code : 0 
82665000: system.memobj: Enter Error Bit index: 4 
82665000: system.memobj: flip data : 0001100000101000010110010000000000000000000000000000000000000000 
82665000: system.memobj: -------------------------------------
82735000: system.memobj: mem->cpu Got response for addr 0xc4a8 , 50344
82735000: system.memobj: size 0x8
82735000: system.memobj: id 94061724545840
82735000: system.memobj: data_hex : 4883C010FFCA79F0 
82735000: system.memobj: data : 0100100010000011110000000001000011111111110010100111100111110000 
82735000: system.memobj: fix data : 0100100010000011110000000001000011111111110010100111100111110000 
82735000: system.memobj: -------------------------------------
82784000: system.memobj: mem->cpu Got response for addr 0xc4a8 , 50344
82784000: system.memobj: size 0x8
82784000: system.memobj: id 94061724546128
82784000: system.memobj: data_hex : 4883C010FFCA79F0 
82784000: system.memobj: data : 0100100010000011110000000001000011111111110010100111100111110000 
82784000: system.memobj: fix data : 0100100010000011110000000001000011111111110010100111100111110000 
82784000: system.memobj: -------------------------------------
82847000: system.memobj: mem->cpu Got response for addr 0xc4a8 , 50344
82847000: system.memobj: size 0x8
82847000: system.memobj: id 94061724545840
82847000: system.memobj: data_hex : 4883C010FFCA79F0 
82847000: system.memobj: data : 0100100010000011110000000001000011111111110010100111100111110000 
82847000: system.memobj: fix data : 0100100010000011110000000001000011111111110010100111100111110000 
82847000: system.memobj: -------------------------------------
82896000: system.memobj: mem->cpu Got response for addr 0xc4a0 , 50336
82896000: system.memobj: size 0x8
82896000: system.memobj: id 94061724546128
82896000: system.memobj: data_hex : 4889401848894010 
82896000: system.memobj: data : 0100100010001001010000000001100001001000100010010100000000010000 
82896000: system.memobj: fix data : 0100100010001001010000000001100001001000100010010100000000010000 
82896000: system.memobj: -------------------------------------
82896000: system.memobj: cpu->mem Got request for addr 0x92830 , 600112
82896000: system.memobj: size 0x8
82896000: system.memobj: id 94061724545840
82896000: system.memobj: data_hex : 1828590000000000 
82896000: system.memobj: data : 0001100000101000010110010000000000000000000000000000000000000000 
82896000: system.memobj: hamming code addr: 600112 
82896000: system.memobj: hamming code : 14 
82896000: system.memobj: hamming code addr: 600120 
82896000: system.memobj: hamming code : 15 
82896000: system.memobj: hamming code addr: 600128 
82896000: system.memobj: hamming code : 7 
82896000: system.memobj: hamming code addr: 600136 
82896000: system.memobj: hamming code : 0 
82896000: system.memobj: hamming code addr: 600144 
82896000: system.memobj: hamming code : 0 
82896000: system.memobj: hamming code addr: 600152 
82896000: system.memobj: hamming code : 0 
82896000: system.memobj: hamming code addr: 600160 
82896000: system.memobj: hamming code : 0 
82896000: system.memobj: hamming code addr: 600168 
82896000: system.memobj: hamming code : 0 
82896000: system.memobj: Enter Error Bit index: 3 
82896000: system.memobj: flip data : 0011100000101000010110010000000000000000000000000000000000000000 
82896000: system.memobj: -------------------------------------
82966000: system.memobj: mem->cpu Got response for addr 0xc4a0 , 50336
82966000: system.memobj: size 0x8
82966000: system.memobj: id 94061724545840
82966000: system.memobj: data_hex : 4889401848894010 
82966000: system.memobj: data : 0100100010001001010000000001100001001000100010010100000000010000 
82966000: system.memobj: fix data : 0100100010001001010000000001100001001000100010010100000000010000 
82966000: system.memobj: -------------------------------------
82966000: system.memobj: cpu->mem Got request for addr 0x92828 , 600104
82966000: system.memobj: size 0x8
82966000: system.memobj: id 94061724546128
82966000: system.memobj: data_hex : 1828590000000000 
82966000: system.memobj: data : 0001100000101000010110010000000000000000000000000000000000000000 
82966000: system.memobj: hamming code addr: 600104 
82966000: system.memobj: hamming code : 14 
82966000: system.memobj: hamming code addr: 600112 
82966000: system.memobj: hamming code : 15 
82966000: system.memobj: hamming code addr: 600120 
82966000: system.memobj: hamming code : 7 
82966000: system.memobj: hamming code addr: 600128 
82966000: system.memobj: hamming code : 0 
82966000: system.memobj: hamming code addr: 600136 
82966000: system.memobj: hamming code : 0 
82966000: system.memobj: hamming code addr: 600144 
82966000: system.memobj: hamming code : 0 
82966000: system.memobj: hamming code addr: 600152 
82966000: system.memobj: hamming code : 0 
82966000: system.memobj: hamming code addr: 600160 
82966000: system.memobj: hamming code : 0 
82966000: system.memobj: Enter Error Bit index: 3 
82966000: system.memobj: flip data : 0011100000101000010110010000000000000000000000000000000000000000 
82966000: system.memobj: -------------------------------------
83036000: system.memobj: mem->cpu Got response for addr 0xc4a8 , 50344
83036000: system.memobj: size 0x8
83036000: system.memobj: id 94061724546128
83036000: system.memobj: data_hex : 4883C010FFCA79F0 
83036000: system.memobj: data : 0100100010000011110000000001000011111111110010100111100111110000 
83036000: system.memobj: fix data : 0100100010000011110000000001000011111111110010100111100111110000 
83036000: system.memobj: -------------------------------------
83085000: system.memobj: mem->cpu Got response for addr 0xc4a8 , 50344
83085000: system.memobj: size 0x8
83085000: system.memobj: id 94061724545840
83085000: system.memobj: data_hex : 4883C010FFCA79F0 
83085000: system.memobj: data : 0100100010000011110000000001000011111111110010100111100111110000 
83085000: system.memobj: fix data : 0100100010000011110000000001000011111111110010100111100111110000 
83085000: system.memobj: -------------------------------------
83134000: system.memobj: mem->cpu Got response for addr 0xc4a8 , 50344
83134000: system.memobj: size 0x8
83134000: system.memobj: id 94061724546128
83134000: system.memobj: data_hex : 4883C010FFCA79F0 
83134000: system.memobj: data : 0100100010000011110000000001000011111111110010100111100111110000 
83134000: system.memobj: fix data : 0100100010000011110000000001000011111111110010100111100111110000 
83134000: system.memobj: -------------------------------------
83183000: system.memobj: mem->cpu Got response for addr 0xc4a0 , 50336
83183000: system.memobj: size 0x8
83183000: system.memobj: id 94061724545840
83183000: system.memobj: data_hex : 4889401848894010 
83183000: system.memobj: data : 0100100010001001010000000001100001001000100010010100000000010000 
83183000: system.memobj: fix data : 0100100010001001010000000001100001001000100010010100000000010000 
83183000: system.memobj: -------------------------------------
83183000: system.memobj: cpu->mem Got request for addr 0x92840 , 600128
83183000: system.memobj: size 0x8
83183000: system.memobj: id 94061724546128
83183000: system.memobj: data_hex : 2828590000000000 
83183000: system.memobj: data : 0010100000101000010110010000000000000000000000000000000000000000 
83183000: system.memobj: hamming code addr: 600128 
83183000: system.memobj: hamming code : 15 
83183000: system.memobj: hamming code addr: 600136 
83183000: system.memobj: hamming code : 15 
83183000: system.memobj: hamming code addr: 600144 
83183000: system.memobj: hamming code : 7 
83183000: system.memobj: hamming code addr: 600152 
83183000: system.memobj: hamming code : 0 
83183000: system.memobj: hamming code addr: 600160 
83183000: system.memobj: hamming code : 0 
83183000: system.memobj: hamming code addr: 600168 
83183000: system.memobj: hamming code : 0 
83183000: system.memobj: hamming code addr: 600176 
83183000: system.memobj: hamming code : 0 
83183000: system.memobj: hamming code addr: 600184 
83183000: system.memobj: hamming code : 0 
83183000: system.memobj: Enter Error Bit index: 6 
83183000: system.memobj: flip data : 0010110000101000010110010000000000000000000000000000000000000000 
83183000: system.memobj: -------------------------------------
83253000: system.memobj: mem->cpu Got response for addr 0xc4a0 , 50336
83253000: system.memobj: size 0x8
83253000: system.memobj: id 94061724546128
83253000: system.memobj: data_hex : 4889401848894010 
83253000: system.memobj: data : 0100100010001001010000000001100001001000100010010100000000010000 
83253000: system.memobj: fix data : 0100100010001001010000000001100001001000100010010100000000010000 
83253000: system.memobj: -------------------------------------
83253000: system.memobj: cpu->mem Got request for addr 0x92838 , 600120
83253000: system.memobj: size 0x8
83253000: system.memobj: id 94061724545840
83253000: system.memobj: data_hex : 2828590000000000 
83253000: system.memobj: data : 0010100000101000010110010000000000000000000000000000000000000000 
83253000: system.memobj: hamming code addr: 600120 
83253000: system.memobj: hamming code : 15 
83253000: system.memobj: hamming code addr: 600128 
83253000: system.memobj: hamming code : 15 
83253000: system.memobj: hamming code addr: 600136 
83253000: system.memobj: hamming code : 7 
83253000: system.memobj: hamming code addr: 600144 
83253000: system.memobj: hamming code : 0 
83253000: system.memobj: hamming code addr: 600152 
83253000: system.memobj: hamming code : 0 
83253000: system.memobj: hamming code addr: 600160 
83253000: system.memobj: hamming code : 0 
83253000: system.memobj: hamming code addr: 600168 
83253000: system.memobj: hamming code : 0 
83253000: system.memobj: hamming code addr: 600176 
83253000: system.memobj: hamming code : 0 
83253000: system.memobj: Enter Error Bit index: 3 
83253000: system.memobj: flip data : 0000100000101000010110010000000000000000000000000000000000000000 
83253000: system.memobj: -------------------------------------
83323000: system.memobj: mem->cpu Got response for addr 0xc4a8 , 50344
83323000: system.memobj: size 0x8
83323000: system.memobj: id 94061724545840
83323000: system.memobj: data_hex : 4883C010FFCA79F0 
83323000: system.memobj: data : 0100100010000011110000000001000011111111110010100111100111110000 
83323000: system.memobj: fix data : 0100100010000011110000000001000011111111110010100111100111110000 
83323000: system.memobj: -------------------------------------
83372000: system.memobj: mem->cpu Got response for addr 0xc4a8 , 50344
83372000: system.memobj: size 0x8
83372000: system.memobj: id 94061724546128
83372000: system.memobj: data_hex : 4883C010FFCA79F0 
83372000: system.memobj: data : 0100100010000011110000000001000011111111110010100111100111110000 
83372000: system.memobj: fix data : 0100100010000011110000000001000011111111110010100111100111110000 
83372000: system.memobj: -------------------------------------
83421000: system.memobj: mem->cpu Got response for addr 0xc4a8 , 50344
83421000: system.memobj: size 0x8
83421000: system.memobj: id 94061724545840
83421000: system.memobj: data_hex : 4883C010FFCA79F0 
83421000: system.memobj: data : 0100100010000011110000000001000011111111110010100111100111110000 
83421000: system.memobj: fix data : 0100100010000011110000000001000011111111110010100111100111110000 
83421000: system.memobj: -------------------------------------
83470000: system.memobj: mem->cpu Got response for addr 0xc4a0 , 50336
83470000: system.memobj: size 0x8
83470000: system.memobj: id 94061724546128
83470000: system.memobj: data_hex : 4889401848894010 
83470000: system.memobj: data : 0100100010001001010000000001100001001000100010010100000000010000 
83470000: system.memobj: fix data : 0100100010001001010000000001100001001000100010010100000000010000 
83470000: system.memobj: -------------------------------------
83470000: system.memobj: cpu->mem Got request for addr 0x92850 , 600144
83470000: system.memobj: size 0x8
83470000: system.memobj: id 94061724545840
83470000: system.memobj: data_hex : 3828590000000000 
83470000: system.memobj: data : 0011100000101000010110010000000000000000000000000000000000000000 
83470000: system.memobj: hamming code addr: 600144 
83470000: system.memobj: hamming code : 8 
83470000: system.memobj: hamming code addr: 600152 
83470000: system.memobj: hamming code : 15 
83470000: system.memobj: hamming code addr: 600160 
83470000: system.memobj: hamming code : 7 
83470000: system.memobj: hamming code addr: 600168 
83470000: system.memobj: hamming code : 0 
83470000: system.memobj: hamming code addr: 600176 
83470000: system.memobj: hamming code : 0 
83470000: system.memobj: hamming code addr: 600184 
83470000: system.memobj: hamming code : 0 
83470000: system.memobj: hamming code addr: 600192 
83470000: system.memobj: hamming code : 0 
83470000: system.memobj: hamming code addr: 600200 
83470000: system.memobj: hamming code : 0 
83470000: system.memobj: Enter Error Bit index: 7 
83470000: system.memobj: flip data : 0011101000101000010110010000000000000000000000000000000000000000 
83470000: system.memobj: -------------------------------------
83540000: system.memobj: mem->cpu Got response for addr 0xc4a0 , 50336
83540000: system.memobj: size 0x8
83540000: system.memobj: id 94061724545840
83540000: system.memobj: data_hex : 4889401848894010 
83540000: system.memobj: data : 0100100010001001010000000001100001001000100010010100000000010000 
83540000: system.memobj: fix data : 0100100010001001010000000001100001001000100010010100000000010000 
83540000: system.memobj: -------------------------------------
83540000: system.memobj: cpu->mem Got request for addr 0x92848 , 600136
83540000: system.memobj: size 0x8
83540000: system.memobj: id 94061724546128
83540000: system.memobj: data_hex : 3828590000000000 
83540000: system.memobj: data : 0011100000101000010110010000000000000000000000000000000000000000 
83540000: system.memobj: hamming code addr: 600136 
83540000: system.memobj: hamming code : 8 
83540000: system.memobj: hamming code addr: 600144 
83540000: system.memobj: hamming code : 15 
83540000: system.memobj: hamming code addr: 600152 
83540000: system.memobj: hamming code : 7 
83540000: system.memobj: hamming code addr: 600160 
83540000: system.memobj: hamming code : 0 
83540000: system.memobj: hamming code addr: 600168 
83540000: system.memobj: hamming code : 0 
83540000: system.memobj: hamming code addr: 600176 
83540000: system.memobj: hamming code : 0 
83540000: system.memobj: hamming code addr: 600184 
83540000: system.memobj: hamming code : 0 
83540000: system.memobj: hamming code addr: 600192 
83540000: system.memobj: hamming code : 0 
83540000: system.memobj: Enter Error Bit index: 1 
83540000: system.memobj: flip data : 1011100000101000010110010000000000000000000000000000000000000000 
83540000: system.memobj: -------------------------------------
83610000: system.memobj: mem->cpu Got response for addr 0xc4a8 , 50344
83610000: system.memobj: size 0x8
83610000: system.memobj: id 94061724546128
83610000: system.memobj: data_hex : 4883C010FFCA79F0 
83610000: system.memobj: data : 0100100010000011110000000001000011111111110010100111100111110000 
83610000: system.memobj: fix data : 0100100010000011110000000001000011111111110010100111100111110000 
83610000: system.memobj: -------------------------------------
83659000: system.memobj: mem->cpu Got response for addr 0xc4a8 , 50344
83659000: system.memobj: size 0x8
83659000: system.memobj: id 94061724545840
83659000: system.memobj: data_hex : 4883C010FFCA79F0 
83659000: system.memobj: data : 0100100010000011110000000001000011111111110010100111100111110000 
83659000: system.memobj: fix data : 0100100010000011110000000001000011111111110010100111100111110000 
83659000: system.memobj: -------------------------------------
83708000: system.memobj: mem->cpu Got response for addr 0xc4a8 , 50344
83708000: system.memobj: size 0x8
83708000: system.memobj: id 94061724546128
83708000: system.memobj: data_hex : 4883C010FFCA79F0 
83708000: system.memobj: data : 0100100010000011110000000001000011111111110010100111100111110000 
83708000: system.memobj: fix data : 0100100010000011110000000001000011111111110010100111100111110000 
83708000: system.memobj: -------------------------------------
83771000: system.memobj: mem->cpu Got response for addr 0xc4a0 , 50336
83771000: system.memobj: size 0x8
83771000: system.memobj: id 94061724545840
83771000: system.memobj: data_hex : 4889401848894010 
83771000: system.memobj: data : 0100100010001001010000000001100001001000100010010100000000010000 
83771000: system.memobj: fix data : 0100100010001001010000000001100001001000100010010100000000010000 
83771000: system.memobj: -------------------------------------
83771000: system.memobj: cpu->mem Got request for addr 0x92860 , 600160
83771000: system.memobj: size 0x8
83771000: system.memobj: id 94061724546128
83771000: system.memobj: data_hex : 4828590000000000 
83771000: system.memobj: data : 0100100000101000010110010000000000000000000000000000000000000000 
83771000: system.memobj: hamming code addr: 600160 
83771000: system.memobj: hamming code : 12 
83771000: system.memobj: hamming code addr: 600168 
83771000: system.memobj: hamming code : 15 
83771000: system.memobj: hamming code addr: 600176 
83771000: system.memobj: hamming code : 7 
83771000: system.memobj: hamming code addr: 600184 
83771000: system.memobj: hamming code : 0 
83771000: system.memobj: hamming code addr: 600192 
83771000: system.memobj: hamming code : 0 
83771000: system.memobj: hamming code addr: 600200 
83771000: system.memobj: hamming code : 0 
83771000: system.memobj: hamming code addr: 600208 
83771000: system.memobj: hamming code : 0 
83771000: system.memobj: hamming code addr: 600216 
83771000: system.memobj: hamming code : 0 
83771000: system.memobj: Enter Error Bit index: 6 
83771000: system.memobj: flip data : 0100110000101000010110010000000000000000000000000000000000000000 
83771000: system.memobj: -------------------------------------
83841000: system.memobj: mem->cpu Got response for addr 0xc4a0 , 50336
83841000: system.memobj: size 0x8
83841000: system.memobj: id 94061724546128
83841000: system.memobj: data_hex : 4889401848894010 
83841000: system.memobj: data : 0100100010001001010000000001100001001000100010010100000000010000 
83841000: system.memobj: fix data : 0100100010001001010000000001100001001000100010010100000000010000 
83841000: system.memobj: -------------------------------------
83841000: system.memobj: cpu->mem Got request for addr 0x92858 , 600152
83841000: system.memobj: size 0x8
83841000: system.memobj: id 94061724545840
83841000: system.memobj: data_hex : 4828590000000000 
83841000: system.memobj: data : 0100100000101000010110010000000000000000000000000000000000000000 
83841000: system.memobj: hamming code addr: 600152 
83841000: system.memobj: hamming code : 12 
83841000: system.memobj: hamming code addr: 600160 
83841000: system.memobj: hamming code : 15 
83841000: system.memobj: hamming code addr: 600168 
83841000: system.memobj: hamming code : 7 
83841000: system.memobj: hamming code addr: 600176 
83841000: system.memobj: hamming code : 0 
83841000: system.memobj: hamming code addr: 600184 
83841000: system.memobj: hamming code : 0 
83841000: system.memobj: hamming code addr: 600192 
83841000: system.memobj: hamming code : 0 
83841000: system.memobj: hamming code addr: 600200 
83841000: system.memobj: hamming code : 0 
83841000: system.memobj: hamming code addr: 600208 
83841000: system.memobj: hamming code : 0 
83841000: system.memobj: Enter Error Bit index: 4 
83841000: system.memobj: flip data : 0101100000101000010110010000000000000000000000000000000000000000 
83841000: system.memobj: -------------------------------------
83911000: system.memobj: mem->cpu Got response for addr 0xc4a8 , 50344
83911000: system.memobj: size 0x8
83911000: system.memobj: id 94061724545840
83911000: system.memobj: data_hex : 4883C010FFCA79F0 
83911000: system.memobj: data : 0100100010000011110000000001000011111111110010100111100111110000 
83911000: system.memobj: fix data : 0100100010000011110000000001000011111111110010100111100111110000 
83911000: system.memobj: -------------------------------------
83960000: system.memobj: mem->cpu Got response for addr 0xc4a8 , 50344
83960000: system.memobj: size 0x8
83960000: system.memobj: id 94061724546128
83960000: system.memobj: data_hex : 4883C010FFCA79F0 
83960000: system.memobj: data : 0100100010000011110000000001000011111111110010100111100111110000 
83960000: system.memobj: fix data : 0100100010000011110000000001000011111111110010100111100111110000 
83960000: system.memobj: -------------------------------------
84009000: system.memobj: mem->cpu Got response for addr 0xc4a8 , 50344
84009000: system.memobj: size 0x8
84009000: system.memobj: id 94061724545840
84009000: system.memobj: data_hex : 4883C010FFCA79F0 
84009000: system.memobj: data : 0100100010000011110000000001000011111111110010100111100111110000 
84009000: system.memobj: fix data : 0100100010000011110000000001000011111111110010100111100111110000 
84009000: system.memobj: -------------------------------------
84058000: system.memobj: mem->cpu Got response for addr 0xc4a0 , 50336
84058000: system.memobj: size 0x8
84058000: system.memobj: id 94061724546128
84058000: system.memobj: data_hex : 4889401848894010 
84058000: system.memobj: data : 0100100010001001010000000001100001001000100010010100000000010000 
84058000: system.memobj: fix data : 0100100010001001010000000001100001001000100010010100000000010000 
84058000: system.memobj: -------------------------------------
84058000: system.memobj: cpu->mem Got request for addr 0x92870 , 600176
84058000: system.memobj: size 0x8
84058000: system.memobj: id 94061724545840
84058000: system.memobj: data_hex : 5828590000000000 
84058000: system.memobj: data : 0101100000101000010110010000000000000000000000000000000000000000 
84058000: system.memobj: hamming code addr: 600176 
84058000: system.memobj: hamming code : 11 
84058000: system.memobj: hamming code addr: 600184 
84058000: system.memobj: hamming code : 15 
84058000: system.memobj: hamming code addr: 600192 
84058000: system.memobj: hamming code : 7 
84058000: system.memobj: hamming code addr: 600200 
84058000: system.memobj: hamming code : 0 
84058000: system.memobj: hamming code addr: 600208 
84058000: system.memobj: hamming code : 0 
84058000: system.memobj: hamming code addr: 600216 
84058000: system.memobj: hamming code : 0 
84058000: system.memobj: hamming code addr: 600224 
84058000: system.memobj: hamming code : 0 
84058000: system.memobj: hamming code addr: 600232 
84058000: system.memobj: hamming code : 0 
84058000: system.memobj: Enter Error Bit index: 4 
84058000: system.memobj: flip data : 0100100000101000010110010000000000000000000000000000000000000000 
84058000: system.memobj: -------------------------------------
84128000: system.memobj: mem->cpu Got response for addr 0xc4a0 , 50336
84128000: system.memobj: size 0x8
84128000: system.memobj: id 94061724545840
84128000: system.memobj: data_hex : 4889401848894010 
84128000: system.memobj: data : 0100100010001001010000000001100001001000100010010100000000010000 
84128000: system.memobj: fix data : 0100100010001001010000000001100001001000100010010100000000010000 
84128000: system.memobj: -------------------------------------
84128000: system.memobj: cpu->mem Got request for addr 0x92868 , 600168
84128000: system.memobj: size 0x8
84128000: system.memobj: id 94061724546128
84128000: system.memobj: data_hex : 5828590000000000 
84128000: system.memobj: data : 0101100000101000010110010000000000000000000000000000000000000000 
84128000: system.memobj: hamming code addr: 600168 
84128000: system.memobj: hamming code : 11 
84128000: system.memobj: hamming code addr: 600176 
84128000: system.memobj: hamming code : 15 
84128000: system.memobj: hamming code addr: 600184 
84128000: system.memobj: hamming code : 7 
84128000: system.memobj: hamming code addr: 600192 
84128000: system.memobj: hamming code : 0 
84128000: system.memobj: hamming code addr: 600200 
84128000: system.memobj: hamming code : 0 
84128000: system.memobj: hamming code addr: 600208 
84128000: system.memobj: hamming code : 0 
84128000: system.memobj: hamming code addr: 600216 
84128000: system.memobj: hamming code : 0 
84128000: system.memobj: hamming code addr: 600224 
84128000: system.memobj: hamming code : 0 
84128000: system.memobj: Enter Error Bit index: 5 
84128000: system.memobj: flip data : 0101000000101000010110010000000000000000000000000000000000000000 
84128000: system.memobj: -------------------------------------
84198000: system.memobj: mem->cpu Got response for addr 0xc4a8 , 50344
84198000: system.memobj: size 0x8
84198000: system.memobj: id 94061724546128
84198000: system.memobj: data_hex : 4883C010FFCA79F0 
84198000: system.memobj: data : 0100100010000011110000000001000011111111110010100111100111110000 
84198000: system.memobj: fix data : 0100100010000011110000000001000011111111110010100111100111110000 
84198000: system.memobj: -------------------------------------
84247000: system.memobj: mem->cpu Got response for addr 0xc4a8 , 50344
84247000: system.memobj: size 0x8
84247000: system.memobj: id 94061724545840
84247000: system.memobj: data_hex : 4883C010FFCA79F0 
84247000: system.memobj: data : 0100100010000011110000000001000011111111110010100111100111110000 
84247000: system.memobj: fix data : 0100100010000011110000000001000011111111110010100111100111110000 
84247000: system.memobj: -------------------------------------
84296000: system.memobj: mem->cpu Got response for addr 0xc4a8 , 50344
84296000: system.memobj: size 0x8
84296000: system.memobj: id 94061724546128
84296000: system.memobj: data_hex : 4883C010FFCA79F0 
84296000: system.memobj: data : 0100100010000011110000000001000011111111110010100111100111110000 
84296000: system.memobj: fix data : 0100100010000011110000000001000011111111110010100111100111110000 
84296000: system.memobj: -------------------------------------
84345000: system.memobj: mem->cpu Got response for addr 0xc4a0 , 50336
84345000: system.memobj: size 0x8
84345000: system.memobj: id 94061724545840
84345000: system.memobj: data_hex : 4889401848894010 
84345000: system.memobj: data : 0100100010001001010000000001100001001000100010010100000000010000 
84345000: system.memobj: fix data : 0100100010001001010000000001100001001000100010010100000000010000 
84345000: system.memobj: -------------------------------------
84345000: system.memobj: cpu->mem Got request for addr 0x92880 , 600192
84345000: system.memobj: size 0x8
84345000: system.memobj: id 94061724546128
84345000: system.memobj: data_hex : 6828590000000000 
84345000: system.memobj: data : 0110100000101000010110010000000000000000000000000000000000000000 
84345000: system.memobj: hamming code addr: 600192 
84345000: system.memobj: hamming code : 10 
84345000: system.memobj: hamming code addr: 600200 
84345000: system.memobj: hamming code : 15 
84345000: system.memobj: hamming code addr: 600208 
84345000: system.memobj: hamming code : 7 
84345000: system.memobj: hamming code addr: 600216 
84345000: system.memobj: hamming code : 0 
84345000: system.memobj: hamming code addr: 600224 
84345000: system.memobj: hamming code : 0 
84345000: system.memobj: hamming code addr: 600232 
84345000: system.memobj: hamming code : 0 
84345000: system.memobj: hamming code addr: 600240 
84345000: system.memobj: hamming code : 0 
84345000: system.memobj: hamming code addr: 600248 
84345000: system.memobj: hamming code : 0 
84345000: system.memobj: Enter Error Bit index: 5 
84345000: system.memobj: flip data : 0110000000101000010110010000000000000000000000000000000000000000 
84345000: system.memobj: -------------------------------------
84415000: system.memobj: mem->cpu Got response for addr 0xc4a0 , 50336
84415000: system.memobj: size 0x8
84415000: system.memobj: id 94061724546128
84415000: system.memobj: data_hex : 4889401848894010 
84415000: system.memobj: data : 0100100010001001010000000001100001001000100010010100000000010000 
84415000: system.memobj: fix data : 0100100010001001010000000001100001001000100010010100000000010000 
84415000: system.memobj: -------------------------------------
84415000: system.memobj: cpu->mem Got request for addr 0x92878 , 600184
84415000: system.memobj: size 0x8
84415000: system.memobj: id 94061724545840
84415000: system.memobj: data_hex : 6828590000000000 
84415000: system.memobj: data : 0110100000101000010110010000000000000000000000000000000000000000 
84415000: system.memobj: hamming code addr: 600184 
84415000: system.memobj: hamming code : 10 
84415000: system.memobj: hamming code addr: 600192 
84415000: system.memobj: hamming code : 15 
84415000: system.memobj: hamming code addr: 600200 
84415000: system.memobj: hamming code : 7 
84415000: system.memobj: hamming code addr: 600208 
84415000: system.memobj: hamming code : 0 
84415000: system.memobj: hamming code addr: 600216 
84415000: system.memobj: hamming code : 0 
84415000: system.memobj: hamming code addr: 600224 
84415000: system.memobj: hamming code : 0 
84415000: system.memobj: hamming code addr: 600232 
84415000: system.memobj: hamming code : 0 
84415000: system.memobj: hamming code addr: 600240 
84415000: system.memobj: hamming code : 0 
84415000: system.memobj: Enter Error Bit index: 4 
84415000: system.memobj: flip data : 0111100000101000010110010000000000000000000000000000000000000000 
84415000: system.memobj: -------------------------------------
84485000: system.memobj: mem->cpu Got response for addr 0xc4a8 , 50344
84485000: system.memobj: size 0x8
84485000: system.memobj: id 94061724545840
84485000: system.memobj: data_hex : 4883C010FFCA79F0 
84485000: system.memobj: data : 0100100010000011110000000001000011111111110010100111100111110000 
84485000: system.memobj: fix data : 0100100010000011110000000001000011111111110010100111100111110000 
84485000: system.memobj: -------------------------------------
84534000: system.memobj: mem->cpu Got response for addr 0xc4a8 , 50344
84534000: system.memobj: size 0x8
84534000: system.memobj: id 94061724546128
84534000: system.memobj: data_hex : 4883C010FFCA79F0 
84534000: system.memobj: data : 0100100010000011110000000001000011111111110010100111100111110000 
84534000: system.memobj: fix data : 0100100010000011110000000001000011111111110010100111100111110000 
84534000: system.memobj: -------------------------------------
84583000: system.memobj: mem->cpu Got response for addr 0xc4a8 , 50344
84583000: system.memobj: size 0x8
84583000: system.memobj: id 94061724545840
84583000: system.memobj: data_hex : 4883C010FFCA79F0 
84583000: system.memobj: data : 0100100010000011110000000001000011111111110010100111100111110000 
84583000: system.memobj: fix data : 0100100010000011110000000001000011111111110010100111100111110000 
84583000: system.memobj: -------------------------------------
84632000: system.memobj: mem->cpu Got response for addr 0xc4a0 , 50336
84632000: system.memobj: size 0x8
84632000: system.memobj: id 94061724546128
84632000: system.memobj: data_hex : 4889401848894010 
84632000: system.memobj: data : 0100100010001001010000000001100001001000100010010100000000010000 
84632000: system.memobj: fix data : 0100100010001001010000000001100001001000100010010100000000010000 
84632000: system.memobj: -------------------------------------
84632000: system.memobj: cpu->mem Got request for addr 0x92890 , 600208
84632000: system.memobj: size 0x8
84632000: system.memobj: id 94061724545840
84632000: system.memobj: data_hex : 7828590000000000 
84632000: system.memobj: data : 0111100000101000010110010000000000000000000000000000000000000000 
84632000: system.memobj: hamming code addr: 600208 
84632000: system.memobj: hamming code : 13 
84632000: system.memobj: hamming code addr: 600216 
84632000: system.memobj: hamming code : 15 
84632000: system.memobj: hamming code addr: 600224 
84632000: system.memobj: hamming code : 7 
84632000: system.memobj: hamming code addr: 600232 
84632000: system.memobj: hamming code : 0 
84632000: system.memobj: hamming code addr: 600240 
84632000: system.memobj: hamming code : 0 
84632000: system.memobj: hamming code addr: 600248 
84632000: system.memobj: hamming code : 0 
84632000: system.memobj: hamming code addr: 600256 
84632000: system.memobj: hamming code : 0 
84632000: system.memobj: hamming code addr: 600264 
84632000: system.memobj: hamming code : 0 
84632000: system.memobj: Enter Error Bit index: 7 
84632000: system.memobj: flip data : 0111101000101000010110010000000000000000000000000000000000000000 
84632000: system.memobj: -------------------------------------
84716000: system.memobj: mem->cpu Got response for addr 0xc4a0 , 50336
84716000: system.memobj: size 0x8
84716000: system.memobj: id 94061724545840
84716000: system.memobj: data_hex : 4889401848894010 
84716000: system.memobj: data : 0100100010001001010000000001100001001000100010010100000000010000 
84716000: system.memobj: fix data : 0100100010001001010000000001100001001000100010010100000000010000 
84716000: system.memobj: -------------------------------------
84716000: system.memobj: cpu->mem Got request for addr 0x92888 , 600200
84716000: system.memobj: size 0x8
84716000: system.memobj: id 94061724546128
84716000: system.memobj: data_hex : 7828590000000000 
84716000: system.memobj: data : 0111100000101000010110010000000000000000000000000000000000000000 
84716000: system.memobj: hamming code addr: 600200 
84716000: system.memobj: hamming code : 13 
84716000: system.memobj: hamming code addr: 600208 
84716000: system.memobj: hamming code : 15 
84716000: system.memobj: hamming code addr: 600216 
84716000: system.memobj: hamming code : 7 
84716000: system.memobj: hamming code addr: 600224 
84716000: system.memobj: hamming code : 0 
84716000: system.memobj: hamming code addr: 600232 
84716000: system.memobj: hamming code : 0 
84716000: system.memobj: hamming code addr: 600240 
84716000: system.memobj: hamming code : 0 
84716000: system.memobj: hamming code addr: 600248 
84716000: system.memobj: hamming code : 0 
84716000: system.memobj: hamming code addr: 600256 
84716000: system.memobj: hamming code : 0 
84716000: system.memobj: Enter Error Bit index: 5 
84716000: system.memobj: flip data : 0111000000101000010110010000000000000000000000000000000000000000 
84716000: system.memobj: -------------------------------------
84786000: system.memobj: mem->cpu Got response for addr 0xc4a8 , 50344
84786000: system.memobj: size 0x8
84786000: system.memobj: id 94061724546128
84786000: system.memobj: data_hex : 4883C010FFCA79F0 
84786000: system.memobj: data : 0100100010000011110000000001000011111111110010100111100111110000 
84786000: system.memobj: fix data : 0100100010000011110000000001000011111111110010100111100111110000 
84786000: system.memobj: -------------------------------------
84835000: system.memobj: mem->cpu Got response for addr 0xc4a8 , 50344
84835000: system.memobj: size 0x8
84835000: system.memobj: id 94061724545840
84835000: system.memobj: data_hex : 4883C010FFCA79F0 
84835000: system.memobj: data : 0100100010000011110000000001000011111111110010100111100111110000 
84835000: system.memobj: fix data : 0100100010000011110000000001000011111111110010100111100111110000 
84835000: system.memobj: -------------------------------------
84884000: system.memobj: mem->cpu Got response for addr 0xc4a8 , 50344
84884000: system.memobj: size 0x8
84884000: system.memobj: id 94061724546128
84884000: system.memobj: data_hex : 4883C010FFCA79F0 
84884000: system.memobj: data : 0100100010000011110000000001000011111111110010100111100111110000 
84884000: system.memobj: fix data : 0100100010000011110000000001000011111111110010100111100111110000 
84884000: system.memobj: -------------------------------------
84933000: system.memobj: mem->cpu Got response for addr 0xc4a0 , 50336
84933000: system.memobj: size 0x8
84933000: system.memobj: id 94061724545840
84933000: system.memobj: data_hex : 4889401848894010 
84933000: system.memobj: data : 0100100010001001010000000001100001001000100010010100000000010000 
84933000: system.memobj: fix data : 0100100010001001010000000001100001001000100010010100000000010000 
84933000: system.memobj: -------------------------------------
84933000: system.memobj: cpu->mem Got request for addr 0x928a0 , 600224
84933000: system.memobj: size 0x8
84933000: system.memobj: id 94061724546128
84933000: system.memobj: data_hex : 8828590000000000 
84933000: system.memobj: data : 1000100000101000010110010000000000000000000000000000000000000000 
84933000: system.memobj: hamming code addr: 600224 
84933000: system.memobj: hamming code : 10 
84933000: system.memobj: hamming code addr: 600232 
84933000: system.memobj: hamming code : 15 
84933000: system.memobj: hamming code addr: 600240 
84933000: system.memobj: hamming code : 7 
84933000: system.memobj: hamming code addr: 600248 
84933000: system.memobj: hamming code : 0 
84933000: system.memobj: hamming code addr: 600256 
84933000: system.memobj: hamming code : 0 
84933000: system.memobj: hamming code addr: 600264 
84933000: system.memobj: hamming code : 0 
84933000: system.memobj: hamming code addr: 600272 
84933000: system.memobj: hamming code : 0 
84933000: system.memobj: hamming code addr: 600280 
84933000: system.memobj: hamming code : 0 
84933000: system.memobj: Enter Error Bit index: 4 
84933000: system.memobj: flip data : 1001100000101000010110010000000000000000000000000000000000000000 
84933000: system.memobj: -------------------------------------
85003000: system.memobj: mem->cpu Got response for addr 0xc4a0 , 50336
85003000: system.memobj: size 0x8
85003000: system.memobj: id 94061724546128
85003000: system.memobj: data_hex : 4889401848894010 
85003000: system.memobj: data : 0100100010001001010000000001100001001000100010010100000000010000 
85003000: system.memobj: fix data : 0100100010001001010000000001100001001000100010010100000000010000 
85003000: system.memobj: -------------------------------------
85003000: system.memobj: cpu->mem Got request for addr 0x92898 , 600216
85003000: system.memobj: size 0x8
85003000: system.memobj: id 94061724545840
85003000: system.memobj: data_hex : 8828590000000000 
85003000: system.memobj: data : 1000100000101000010110010000000000000000000000000000000000000000 
85003000: system.memobj: hamming code addr: 600216 
85003000: system.memobj: hamming code : 10 
85003000: system.memobj: hamming code addr: 600224 
85003000: system.memobj: hamming code : 15 
85003000: system.memobj: hamming code addr: 600232 
85003000: system.memobj: hamming code : 7 
85003000: system.memobj: hamming code addr: 600240 
85003000: system.memobj: hamming code : 0 
85003000: system.memobj: hamming code addr: 600248 
85003000: system.memobj: hamming code : 0 
85003000: system.memobj: hamming code addr: 600256 
85003000: system.memobj: hamming code : 0 
85003000: system.memobj: hamming code addr: 600264 
85003000: system.memobj: hamming code : 0 
85003000: system.memobj: hamming code addr: 600272 
85003000: system.memobj: hamming code : 0 
85003000: system.memobj: Enter Error Bit index: 8 
85003000: system.memobj: flip data : 1000100100101000010110010000000000000000000000000000000000000000 
85003000: system.memobj: -------------------------------------
85073000: system.memobj: mem->cpu Got response for addr 0xc4a8 , 50344
85073000: system.memobj: size 0x8
85073000: system.memobj: id 94061724545840
85073000: system.memobj: data_hex : 4883C010FFCA79F0 
85073000: system.memobj: data : 0100100010000011110000000001000011111111110010100111100111110000 
85073000: system.memobj: fix data : 0100100010000011110000000001000011111111110010100111100111110000 
85073000: system.memobj: -------------------------------------
85122000: system.memobj: mem->cpu Got response for addr 0xc4a8 , 50344
85122000: system.memobj: size 0x8
85122000: system.memobj: id 94061724546128
85122000: system.memobj: data_hex : 4883C010FFCA79F0 
85122000: system.memobj: data : 0100100010000011110000000001000011111111110010100111100111110000 
85122000: system.memobj: fix data : 0100100010000011110000000001000011111111110010100111100111110000 
85122000: system.memobj: -------------------------------------
85171000: system.memobj: mem->cpu Got response for addr 0xc4a8 , 50344
85171000: system.memobj: size 0x8
85171000: system.memobj: id 94061724545840
85171000: system.memobj: data_hex : 4883C010FFCA79F0 
85171000: system.memobj: data : 0100100010000011110000000001000011111111110010100111100111110000 
85171000: system.memobj: fix data : 0100100010000011110000000001000011111111110010100111100111110000 
85171000: system.memobj: -------------------------------------
85220000: system.memobj: mem->cpu Got response for addr 0xc4a0 , 50336
85220000: system.memobj: size 0x8
85220000: system.memobj: id 94061724546128
85220000: system.memobj: data_hex : 4889401848894010 
85220000: system.memobj: data : 0100100010001001010000000001100001001000100010010100000000010000 
85220000: system.memobj: fix data : 0100100010001001010000000001100001001000100010010100000000010000 
85220000: system.memobj: -------------------------------------
85220000: system.memobj: cpu->mem Got request for addr 0x928b0 , 600240
85220000: system.memobj: size 0x8
85220000: system.memobj: id 94061724545840
85220000: system.memobj: data_hex : 9828590000000000 
85220000: system.memobj: data : 1001100000101000010110010000000000000000000000000000000000000000 
85220000: system.memobj: hamming code addr: 600240 
85220000: system.memobj: hamming code : 13 
85220000: system.memobj: hamming code addr: 600248 
85220000: system.memobj: hamming code : 15 
85220000: system.memobj: hamming code addr: 600256 
85220000: system.memobj: hamming code : 7 
85220000: system.memobj: hamming code addr: 600264 
85220000: system.memobj: hamming code : 0 
85220000: system.memobj: hamming code addr: 600272 
85220000: system.memobj: hamming code : 0 
85220000: system.memobj: hamming code addr: 600280 
85220000: system.memobj: hamming code : 0 
85220000: system.memobj: hamming code addr: 600288 
85220000: system.memobj: hamming code : 0 
85220000: system.memobj: hamming code addr: 600296 
85220000: system.memobj: hamming code : 0 
85220000: system.memobj: Enter Error Bit index: 3 
85220000: system.memobj: flip data : 1011100000101000010110010000000000000000000000000000000000000000 
85220000: system.memobj: -------------------------------------
85290000: system.memobj: mem->cpu Got response for addr 0xc4a0 , 50336
85290000: system.memobj: size 0x8
85290000: system.memobj: id 94061724545840
85290000: system.memobj: data_hex : 4889401848894010 
85290000: system.memobj: data : 0100100010001001010000000001100001001000100010010100000000010000 
85290000: system.memobj: fix data : 0100100010001001010000000001100001001000100010010100000000010000 
85290000: system.memobj: -------------------------------------
85290000: system.memobj: cpu->mem Got request for addr 0x928a8 , 600232
85290000: system.memobj: size 0x8
85290000: system.memobj: id 94061724546128
85290000: system.memobj: data_hex : 9828590000000000 
85290000: system.memobj: data : 1001100000101000010110010000000000000000000000000000000000000000 
85290000: system.memobj: hamming code addr: 600232 
85290000: system.memobj: hamming code : 13 
85290000: system.memobj: hamming code addr: 600240 
85290000: system.memobj: hamming code : 15 
85290000: system.memobj: hamming code addr: 600248 
85290000: system.memobj: hamming code : 7 
85290000: system.memobj: hamming code addr: 600256 
85290000: system.memobj: hamming code : 0 
85290000: system.memobj: hamming code addr: 600264 
85290000: system.memobj: hamming code : 0 
85290000: system.memobj: hamming code addr: 600272 
85290000: system.memobj: hamming code : 0 
85290000: system.memobj: hamming code addr: 600280 
85290000: system.memobj: hamming code : 0 
85290000: system.memobj: hamming code addr: 600288 
85290000: system.memobj: hamming code : 0 
85290000: system.memobj: Enter Error Bit index: 1 
85290000: system.memobj: flip data : 0001100000101000010110010000000000000000000000000000000000000000 
85290000: system.memobj: -------------------------------------
85360000: system.memobj: mem->cpu Got response for addr 0xc4a8 , 50344
85360000: system.memobj: size 0x8
85360000: system.memobj: id 94061724546128
85360000: system.memobj: data_hex : 4883C010FFCA79F0 
85360000: system.memobj: data : 0100100010000011110000000001000011111111110010100111100111110000 
85360000: system.memobj: fix data : 0100100010000011110000000001000011111111110010100111100111110000 
85360000: system.memobj: -------------------------------------
85409000: system.memobj: mem->cpu Got response for addr 0xc4a8 , 50344
85409000: system.memobj: size 0x8
85409000: system.memobj: id 94061724545840
85409000: system.memobj: data_hex : 4883C010FFCA79F0 
85409000: system.memobj: data : 0100100010000011110000000001000011111111110010100111100111110000 
85409000: system.memobj: fix data : 0100100010000011110000000001000011111111110010100111100111110000 
85409000: system.memobj: -------------------------------------
85458000: system.memobj: mem->cpu Got response for addr 0xc4a8 , 50344
85458000: system.memobj: size 0x8
85458000: system.memobj: id 94061724546128
85458000: system.memobj: data_hex : 4883C010FFCA79F0 
85458000: system.memobj: data : 0100100010000011110000000001000011111111110010100111100111110000 
85458000: system.memobj: fix data : 0100100010000011110000000001000011111111110010100111100111110000 
85458000: system.memobj: -------------------------------------
85507000: system.memobj: mem->cpu Got response for addr 0xc4a0 , 50336
85507000: system.memobj: size 0x8
85507000: system.memobj: id 94061724545840
85507000: system.memobj: data_hex : 4889401848894010 
85507000: system.memobj: data : 0100100010001001010000000001100001001000100010010100000000010000 
85507000: system.memobj: fix data : 0100100010001001010000000001100001001000100010010100000000010000 
85507000: system.memobj: -------------------------------------
85507000: system.memobj: cpu->mem Got request for addr 0x928c0 , 600256
85507000: system.memobj: size 0x8
85507000: system.memobj: id 94061724546128
85507000: system.memobj: data_hex : A828590000000000 
85507000: system.memobj: data : 1010100000101000010110010000000000000000000000000000000000000000 
85507000: system.memobj: hamming code addr: 600256 
85507000: system.memobj: hamming code : 12 
85507000: system.memobj: hamming code addr: 600264 
85507000: system.memobj: hamming code : 15 
85507000: system.memobj: hamming code addr: 600272 
85507000: system.memobj: hamming code : 7 
85507000: system.memobj: hamming code addr: 600280 
85507000: system.memobj: hamming code : 0 
85507000: system.memobj: hamming code addr: 600288 
85507000: system.memobj: hamming code : 0 
85507000: system.memobj: hamming code addr: 600296 
85507000: system.memobj: hamming code : 0 
85507000: system.memobj: hamming code addr: 600304 
85507000: system.memobj: hamming code : 0 
85507000: system.memobj: hamming code addr: 600312 
85507000: system.memobj: hamming code : 0 
85507000: system.memobj: Enter Error Bit index: 5 
85507000: system.memobj: flip data : 1010000000101000010110010000000000000000000000000000000000000000 
85507000: system.memobj: -------------------------------------
85577000: system.memobj: mem->cpu Got response for addr 0xc4a0 , 50336
85577000: system.memobj: size 0x8
85577000: system.memobj: id 94061724546128
85577000: system.memobj: data_hex : 4889401848894010 
85577000: system.memobj: data : 0100100010001001010000000001100001001000100010010100000000010000 
85577000: system.memobj: fix data : 0100100010001001010000000001100001001000100010010100000000010000 
85577000: system.memobj: -------------------------------------
85577000: system.memobj: cpu->mem Got request for addr 0x928b8 , 600248
85577000: system.memobj: size 0x8
85577000: system.memobj: id 94061724545840
85577000: system.memobj: data_hex : A828590000000000 
85577000: system.memobj: data : 1010100000101000010110010000000000000000000000000000000000000000 
85577000: system.memobj: hamming code addr: 600248 
85577000: system.memobj: hamming code : 12 
85577000: system.memobj: hamming code addr: 600256 
85577000: system.memobj: hamming code : 15 
85577000: system.memobj: hamming code addr: 600264 
85577000: system.memobj: hamming code : 7 
85577000: system.memobj: hamming code addr: 600272 
85577000: system.memobj: hamming code : 0 
85577000: system.memobj: hamming code addr: 600280 
85577000: system.memobj: hamming code : 0 
85577000: system.memobj: hamming code addr: 600288 
85577000: system.memobj: hamming code : 0 
85577000: system.memobj: hamming code addr: 600296 
85577000: system.memobj: hamming code : 0 
85577000: system.memobj: hamming code addr: 600304 
85577000: system.memobj: hamming code : 0 
85577000: system.memobj: Enter Error Bit index: 7 
85577000: system.memobj: flip data : 1010101000101000010110010000000000000000000000000000000000000000 
85577000: system.memobj: -------------------------------------
85661000: system.memobj: mem->cpu Got response for addr 0xc4a8 , 50344
85661000: system.memobj: size 0x8
85661000: system.memobj: id 94061724545840
85661000: system.memobj: data_hex : 4883C010FFCA79F0 
85661000: system.memobj: data : 0100100010000011110000000001000011111111110010100111100111110000 
85661000: system.memobj: fix data : 0100100010000011110000000001000011111111110010100111100111110000 
85661000: system.memobj: -------------------------------------
85985000: system.memobj: mem->cpu Got response for addr 0xc4a8 , 50344
85985000: system.memobj: size 0x8
85985000: system.memobj: id 94061724546128
85985000: system.memobj: data_hex : 4883C010FFCA79F0 
85985000: system.memobj: data : 0100100010000011110000000001000011111111110010100111100111110000 
85985000: system.memobj: fix data : 0100100010000011110000000001000011111111110010100111100111110000 
85985000: system.memobj: -------------------------------------
86034000: system.memobj: mem->cpu Got response for addr 0xc4a8 , 50344
86034000: system.memobj: size 0x8
86034000: system.memobj: id 94061724545840
86034000: system.memobj: data_hex : 4883C010FFCA79F0 
86034000: system.memobj: data : 0100100010000011110000000001000011111111110010100111100111110000 
86034000: system.memobj: fix data : 0100100010000011110000000001000011111111110010100111100111110000 
86034000: system.memobj: -------------------------------------
86083000: system.memobj: mem->cpu Got response for addr 0xc4a0 , 50336
86083000: system.memobj: size 0x8
86083000: system.memobj: id 94061724546128
86083000: system.memobj: data_hex : 4889401848894010 
86083000: system.memobj: data : 0100100010001001010000000001100001001000100010010100000000010000 
86083000: system.memobj: fix data : 0100100010001001010000000001100001001000100010010100000000010000 
86083000: system.memobj: -------------------------------------
86083000: system.memobj: cpu->mem Got request for addr 0x928d0 , 600272
86083000: system.memobj: size 0x8
86083000: system.memobj: id 94061724545840
86083000: system.memobj: data_hex : B828590000000000 
86083000: system.memobj: data : 1011100000101000010110010000000000000000000000000000000000000000 
86083000: system.memobj: hamming code addr: 600272 
86083000: system.memobj: hamming code : 11 
86083000: system.memobj: hamming code addr: 600280 
86083000: system.memobj: hamming code : 15 
86083000: system.memobj: hamming code addr: 600288 
86083000: system.memobj: hamming code : 7 
86083000: system.memobj: hamming code addr: 600296 
86083000: system.memobj: hamming code : 0 
86083000: system.memobj: hamming code addr: 600304 
86083000: system.memobj: hamming code : 0 
86083000: system.memobj: hamming code addr: 600312 
86083000: system.memobj: hamming code : 0 
86083000: system.memobj: hamming code addr: 600320 
86083000: system.memobj: hamming code : 0 
86083000: system.memobj: hamming code addr: 600328 
86083000: system.memobj: hamming code : 0 
86083000: system.memobj: Enter Error Bit index: 8 
86083000: system.memobj: flip data : 1011100100101000010110010000000000000000000000000000000000000000 
86083000: system.memobj: -------------------------------------
86153000: system.memobj: mem->cpu Got response for addr 0xc4a0 , 50336
86153000: system.memobj: size 0x8
86153000: system.memobj: id 94061724545840
86153000: system.memobj: data_hex : 4889401848894010 
86153000: system.memobj: data : 0100100010001001010000000001100001001000100010010100000000010000 
86153000: system.memobj: fix data : 0100100010001001010000000001100001001000100010010100000000010000 
86153000: system.memobj: -------------------------------------
86153000: system.memobj: cpu->mem Got request for addr 0x928c8 , 600264
86153000: system.memobj: size 0x8
86153000: system.memobj: id 94061724546128
86153000: system.memobj: data_hex : B828590000000000 
86153000: system.memobj: data : 1011100000101000010110010000000000000000000000000000000000000000 
86153000: system.memobj: hamming code addr: 600264 
86153000: system.memobj: hamming code : 11 
86153000: system.memobj: hamming code addr: 600272 
86153000: system.memobj: hamming code : 15 
86153000: system.memobj: hamming code addr: 600280 
86153000: system.memobj: hamming code : 7 
86153000: system.memobj: hamming code addr: 600288 
86153000: system.memobj: hamming code : 0 
86153000: system.memobj: hamming code addr: 600296 
86153000: system.memobj: hamming code : 0 
86153000: system.memobj: hamming code addr: 600304 
86153000: system.memobj: hamming code : 0 
86153000: system.memobj: hamming code addr: 600312 
86153000: system.memobj: hamming code : 0 
86153000: system.memobj: hamming code addr: 600320 
86153000: system.memobj: hamming code : 0 
86153000: system.memobj: Enter Error Bit index: 3 
86153000: system.memobj: flip data : 1001100000101000010110010000000000000000000000000000000000000000 
86153000: system.memobj: -------------------------------------
86223000: system.memobj: mem->cpu Got response for addr 0xc4a8 , 50344
86223000: system.memobj: size 0x8
86223000: system.memobj: id 94061724546128
86223000: system.memobj: data_hex : 4883C010FFCA79F0 
86223000: system.memobj: data : 0100100010000011110000000001000011111111110010100111100111110000 
86223000: system.memobj: fix data : 0100100010000011110000000001000011111111110010100111100111110000 
86223000: system.memobj: -------------------------------------
86272000: system.memobj: mem->cpu Got response for addr 0xc4a8 , 50344
86272000: system.memobj: size 0x8
86272000: system.memobj: id 94061724545840
86272000: system.memobj: data_hex : 4883C010FFCA79F0 
86272000: system.memobj: data : 0100100010000011110000000001000011111111110010100111100111110000 
86272000: system.memobj: fix data : 0100100010000011110000000001000011111111110010100111100111110000 
86272000: system.memobj: -------------------------------------
86321000: system.memobj: mem->cpu Got response for addr 0xc4a8 , 50344
86321000: system.memobj: size 0x8
86321000: system.memobj: id 94061724546128
86321000: system.memobj: data_hex : 4883C010FFCA79F0 
86321000: system.memobj: data : 0100100010000011110000000001000011111111110010100111100111110000 
86321000: system.memobj: fix data : 0100100010000011110000000001000011111111110010100111100111110000 
86321000: system.memobj: -------------------------------------
86370000: system.memobj: mem->cpu Got response for addr 0xc4a0 , 50336
86370000: system.memobj: size 0x8
86370000: system.memobj: id 94061724545840
86370000: system.memobj: data_hex : 4889401848894010 
86370000: system.memobj: data : 0100100010001001010000000001100001001000100010010100000000010000 
86370000: system.memobj: fix data : 0100100010001001010000000001100001001000100010010100000000010000 
86370000: system.memobj: -------------------------------------
86370000: system.memobj: cpu->mem Got request for addr 0x928e0 , 600288
86370000: system.memobj: size 0x8
86370000: system.memobj: id 94061724546128
86370000: system.memobj: data_hex : C828590000000000 
86370000: system.memobj: data : 1100100000101000010110010000000000000000000000000000000000000000 
86370000: system.memobj: hamming code addr: 600288 
86370000: system.memobj: hamming code : 15 
86370000: system.memobj: hamming code addr: 600296 
86370000: system.memobj: hamming code : 15 
86370000: system.memobj: hamming code addr: 600304 
86370000: system.memobj: hamming code : 7 
86370000: system.memobj: hamming code addr: 600312 
86370000: system.memobj: hamming code : 0 
86370000: system.memobj: hamming code addr: 600320 
86370000: system.memobj: hamming code : 0 
86370000: system.memobj: hamming code addr: 600328 
86370000: system.memobj: hamming code : 0 
86370000: system.memobj: hamming code addr: 600336 
86370000: system.memobj: hamming code : 0 
86370000: system.memobj: hamming code addr: 600344 
86370000: system.memobj: hamming code : 0 
86370000: system.memobj: Enter Error Bit index: 6 
86370000: system.memobj: flip data : 1100110000101000010110010000000000000000000000000000000000000000 
86370000: system.memobj: -------------------------------------
86440000: system.memobj: mem->cpu Got response for addr 0xc4a0 , 50336
86440000: system.memobj: size 0x8
86440000: system.memobj: id 94061724546128
86440000: system.memobj: data_hex : 4889401848894010 
86440000: system.memobj: data : 0100100010001001010000000001100001001000100010010100000000010000 
86440000: system.memobj: fix data : 0100100010001001010000000001100001001000100010010100000000010000 
86440000: system.memobj: -------------------------------------
86440000: system.memobj: cpu->mem Got request for addr 0x928d8 , 600280
86440000: system.memobj: size 0x8
86440000: system.memobj: id 94061724545840
86440000: system.memobj: data_hex : C828590000000000 
86440000: system.memobj: data : 1100100000101000010110010000000000000000000000000000000000000000 
86440000: system.memobj: hamming code addr: 600280 
86440000: system.memobj: hamming code : 15 
86440000: system.memobj: hamming code addr: 600288 
86440000: system.memobj: hamming code : 15 
86440000: system.memobj: hamming code addr: 600296 
86440000: system.memobj: hamming code : 7 
86440000: system.memobj: hamming code addr: 600304 
86440000: system.memobj: hamming code : 0 
86440000: system.memobj: hamming code addr: 600312 
86440000: system.memobj: hamming code : 0 
86440000: system.memobj: hamming code addr: 600320 
86440000: system.memobj: hamming code : 0 
86440000: system.memobj: hamming code addr: 600328 
86440000: system.memobj: hamming code : 0 
86440000: system.memobj: hamming code addr: 600336 
86440000: system.memobj: hamming code : 0 
86440000: system.memobj: Enter Error Bit index: 2 
86440000: system.memobj: flip data : 1000100000101000010110010000000000000000000000000000000000000000 
86440000: system.memobj: -------------------------------------
86510000: system.memobj: mem->cpu Got response for addr 0xc4a8 , 50344
86510000: system.memobj: size 0x8
86510000: system.memobj: id 94061724545840
86510000: system.memobj: data_hex : 4883C010FFCA79F0 
86510000: system.memobj: data : 0100100010000011110000000001000011111111110010100111100111110000 
86510000: system.memobj: fix data : 0100100010000011110000000001000011111111110010100111100111110000 
86510000: system.memobj: -------------------------------------
86559000: system.memobj: mem->cpu Got response for addr 0xc4a8 , 50344
86559000: system.memobj: size 0x8
86559000: system.memobj: id 94061724546128
86559000: system.memobj: data_hex : 4883C010FFCA79F0 
86559000: system.memobj: data : 0100100010000011110000000001000011111111110010100111100111110000 
86559000: system.memobj: fix data : 0100100010000011110000000001000011111111110010100111100111110000 
86559000: system.memobj: -------------------------------------
86608000: system.memobj: mem->cpu Got response for addr 0xc4a8 , 50344
86608000: system.memobj: size 0x8
86608000: system.memobj: id 94061724545840
86608000: system.memobj: data_hex : 4883C010FFCA79F0 
86608000: system.memobj: data : 0100100010000011110000000001000011111111110010100111100111110000 
86608000: system.memobj: fix data : 0100100010000011110000000001000011111111110010100111100111110000 
86608000: system.memobj: -------------------------------------
86657000: system.memobj: mem->cpu Got response for addr 0xc4a0 , 50336
86657000: system.memobj: size 0x8
86657000: system.memobj: id 94061724546128
86657000: system.memobj: data_hex : 4889401848894010 
86657000: system.memobj: data : 0100100010001001010000000001100001001000100010010100000000010000 
86657000: system.memobj: fix data : 0100100010001001010000000001100001001000100010010100000000010000 
86657000: system.memobj: -------------------------------------
86657000: system.memobj: cpu->mem Got request for addr 0x928f0 , 600304
86657000: system.memobj: size 0x8
86657000: system.memobj: id 94061724545840
86657000: system.memobj: data_hex : D828590000000000 
86657000: system.memobj: data : 1101100000101000010110010000000000000000000000000000000000000000 
86657000: system.memobj: hamming code addr: 600304 
86657000: system.memobj: hamming code : 8 
86657000: system.memobj: hamming code addr: 600312 
86657000: system.memobj: hamming code : 15 
86657000: system.memobj: hamming code addr: 600320 
86657000: system.memobj: hamming code : 7 
86657000: system.memobj: hamming code addr: 600328 
86657000: system.memobj: hamming code : 0 
86657000: system.memobj: hamming code addr: 600336 
86657000: system.memobj: hamming code : 0 
86657000: system.memobj: hamming code addr: 600344 
86657000: system.memobj: hamming code : 0 
86657000: system.memobj: hamming code addr: 600352 
86657000: system.memobj: hamming code : 0 
86657000: system.memobj: hamming code addr: 600360 
86657000: system.memobj: hamming code : 0 
86657000: system.memobj: Enter Error Bit index: 6 
86657000: system.memobj: flip data : 1101110000101000010110010000000000000000000000000000000000000000 
86657000: system.memobj: -------------------------------------
86727000: system.memobj: mem->cpu Got response for addr 0xc4a0 , 50336
86727000: system.memobj: size 0x8
86727000: system.memobj: id 94061724545840
86727000: system.memobj: data_hex : 4889401848894010 
86727000: system.memobj: data : 0100100010001001010000000001100001001000100010010100000000010000 
86727000: system.memobj: fix data : 0100100010001001010000000001100001001000100010010100000000010000 
86727000: system.memobj: -------------------------------------
86727000: system.memobj: cpu->mem Got request for addr 0x928e8 , 600296
86727000: system.memobj: size 0x8
86727000: system.memobj: id 94061724546128
86727000: system.memobj: data_hex : D828590000000000 
86727000: system.memobj: data : 1101100000101000010110010000000000000000000000000000000000000000 
86727000: system.memobj: hamming code addr: 600296 
86727000: system.memobj: hamming code : 8 
86727000: system.memobj: hamming code addr: 600304 
86727000: system.memobj: hamming code : 15 
86727000: system.memobj: hamming code addr: 600312 
86727000: system.memobj: hamming code : 7 
86727000: system.memobj: hamming code addr: 600320 
86727000: system.memobj: hamming code : 0 
86727000: system.memobj: hamming code addr: 600328 
86727000: system.memobj: hamming code : 0 
86727000: system.memobj: hamming code addr: 600336 
86727000: system.memobj: hamming code : 0 
86727000: system.memobj: hamming code addr: 600344 
86727000: system.memobj: hamming code : 0 
86727000: system.memobj: hamming code addr: 600352 
86727000: system.memobj: hamming code : 0 
86727000: system.memobj: Enter Error Bit index: 3 
86727000: system.memobj: flip data : 1111100000101000010110010000000000000000000000000000000000000000 
86727000: system.memobj: -------------------------------------
86797000: system.memobj: mem->cpu Got response for addr 0xc4a8 , 50344
86797000: system.memobj: size 0x8
86797000: system.memobj: id 94061724546128
86797000: system.memobj: data_hex : 4883C010FFCA79F0 
86797000: system.memobj: data : 0100100010000011110000000001000011111111110010100111100111110000 
86797000: system.memobj: fix data : 0100100010000011110000000001000011111111110010100111100111110000 
86797000: system.memobj: -------------------------------------
86846000: system.memobj: mem->cpu Got response for addr 0xc4a8 , 50344
86846000: system.memobj: size 0x8
86846000: system.memobj: id 94061724545840
86846000: system.memobj: data_hex : 4883C010FFCA79F0 
86846000: system.memobj: data : 0100100010000011110000000001000011111111110010100111100111110000 
86846000: system.memobj: fix data : 0100100010000011110000000001000011111111110010100111100111110000 
86846000: system.memobj: -------------------------------------
86909000: system.memobj: mem->cpu Got response for addr 0xc4a8 , 50344
86909000: system.memobj: size 0x8
86909000: system.memobj: id 94061724546128
86909000: system.memobj: data_hex : 4883C010FFCA79F0 
86909000: system.memobj: data : 0100100010000011110000000001000011111111110010100111100111110000 
86909000: system.memobj: fix data : 0100100010000011110000000001000011111111110010100111100111110000 
86909000: system.memobj: -------------------------------------
86958000: system.memobj: mem->cpu Got response for addr 0xc4a0 , 50336
86958000: system.memobj: size 0x8
86958000: system.memobj: id 94061724545840
86958000: system.memobj: data_hex : 4889401848894010 
86958000: system.memobj: data : 0100100010001001010000000001100001001000100010010100000000010000 
86958000: system.memobj: fix data : 0100100010001001010000000001100001001000100010010100000000010000 
86958000: system.memobj: -------------------------------------
86958000: system.memobj: cpu->mem Got request for addr 0x92900 , 600320
86958000: system.memobj: size 0x8
86958000: system.memobj: id 94061724546128
86958000: system.memobj: data_hex : E828590000000000 
86958000: system.memobj: data : 1110100000101000010110010000000000000000000000000000000000000000 
86958000: system.memobj: hamming code addr: 600320 
86958000: system.memobj: hamming code : 9 
86958000: system.memobj: hamming code addr: 600328 
86958000: system.memobj: hamming code : 15 
86958000: system.memobj: hamming code addr: 600336 
86958000: system.memobj: hamming code : 7 
86958000: system.memobj: hamming code addr: 600344 
86958000: system.memobj: hamming code : 0 
86958000: system.memobj: hamming code addr: 600352 
86958000: system.memobj: hamming code : 0 
86958000: system.memobj: hamming code addr: 600360 
86958000: system.memobj: hamming code : 0 
86958000: system.memobj: hamming code addr: 600368 
86958000: system.memobj: hamming code : 0 
86958000: system.memobj: hamming code addr: 600376 
86958000: system.memobj: hamming code : 0 
86958000: system.memobj: Enter Error Bit index: 7 
86958000: system.memobj: flip data : 1110101000101000010110010000000000000000000000000000000000000000 
86958000: system.memobj: -------------------------------------
87028000: system.memobj: mem->cpu Got response for addr 0xc4a0 , 50336
87028000: system.memobj: size 0x8
87028000: system.memobj: id 94061724546128
87028000: system.memobj: data_hex : 4889401848894010 
87028000: system.memobj: data : 0100100010001001010000000001100001001000100010010100000000010000 
87028000: system.memobj: fix data : 0100100010001001010000000001100001001000100010010100000000010000 
87028000: system.memobj: -------------------------------------
87028000: system.memobj: cpu->mem Got request for addr 0x928f8 , 600312
87028000: system.memobj: size 0x8
87028000: system.memobj: id 94061724545840
87028000: system.memobj: data_hex : E828590000000000 
87028000: system.memobj: data : 1110100000101000010110010000000000000000000000000000000000000000 
87028000: system.memobj: hamming code addr: 600312 
87028000: system.memobj: hamming code : 9 
87028000: system.memobj: hamming code addr: 600320 
87028000: system.memobj: hamming code : 15 
87028000: system.memobj: hamming code addr: 600328 
87028000: system.memobj: hamming code : 7 
87028000: system.memobj: hamming code addr: 600336 
87028000: system.memobj: hamming code : 0 
87028000: system.memobj: hamming code addr: 600344 
87028000: system.memobj: hamming code : 0 
87028000: system.memobj: hamming code addr: 600352 
87028000: system.memobj: hamming code : 0 
87028000: system.memobj: hamming code addr: 600360 
87028000: system.memobj: hamming code : 0 
87028000: system.memobj: hamming code addr: 600368 
87028000: system.memobj: hamming code : 0 
87028000: system.memobj: Enter Error Bit index: 2 
87028000: system.memobj: flip data : 1010100000101000010110010000000000000000000000000000000000000000 
87028000: system.memobj: -------------------------------------
87098000: system.memobj: mem->cpu Got response for addr 0xc4a8 , 50344
87098000: system.memobj: size 0x8
87098000: system.memobj: id 94061724545840
87098000: system.memobj: data_hex : 4883C010FFCA79F0 
87098000: system.memobj: data : 0100100010000011110000000001000011111111110010100111100111110000 
87098000: system.memobj: fix data : 0100100010000011110000000001000011111111110010100111100111110000 
87098000: system.memobj: -------------------------------------
87147000: system.memobj: mem->cpu Got response for addr 0xc4a8 , 50344
87147000: system.memobj: size 0x8
87147000: system.memobj: id 94061724546128
87147000: system.memobj: data_hex : 4883C010FFCA79F0 
87147000: system.memobj: data : 0100100010000011110000000001000011111111110010100111100111110000 
87147000: system.memobj: fix data : 0100100010000011110000000001000011111111110010100111100111110000 
87147000: system.memobj: -------------------------------------
87196000: system.memobj: mem->cpu Got response for addr 0xc4a8 , 50344
87196000: system.memobj: size 0x8
87196000: system.memobj: id 94061724545840
87196000: system.memobj: data_hex : 4883C010FFCA79F0 
87196000: system.memobj: data : 0100100010000011110000000001000011111111110010100111100111110000 
87196000: system.memobj: fix data : 0100100010000011110000000001000011111111110010100111100111110000 
87196000: system.memobj: -------------------------------------
87245000: system.memobj: mem->cpu Got response for addr 0xc4a0 , 50336
87245000: system.memobj: size 0x8
87245000: system.memobj: id 94061724546128
87245000: system.memobj: data_hex : 4889401848894010 
87245000: system.memobj: data : 0100100010001001010000000001100001001000100010010100000000010000 
87245000: system.memobj: fix data : 0100100010001001010000000001100001001000100010010100000000010000 
87245000: system.memobj: -------------------------------------
87245000: system.memobj: cpu->mem Got request for addr 0x92910 , 600336
87245000: system.memobj: size 0x8
87245000: system.memobj: id 94061724545840
87245000: system.memobj: data_hex : F828590000000000 
87245000: system.memobj: data : 1111100000101000010110010000000000000000000000000000000000000000 
87245000: system.memobj: hamming code addr: 600336 
87245000: system.memobj: hamming code : 14 
87245000: system.memobj: hamming code addr: 600344 
87245000: system.memobj: hamming code : 15 
87245000: system.memobj: hamming code addr: 600352 
87245000: system.memobj: hamming code : 7 
87245000: system.memobj: hamming code addr: 600360 
87245000: system.memobj: hamming code : 0 
87245000: system.memobj: hamming code addr: 600368 
87245000: system.memobj: hamming code : 0 
87245000: system.memobj: hamming code addr: 600376 
87245000: system.memobj: hamming code : 0 
87245000: system.memobj: hamming code addr: 600384 
87245000: system.memobj: hamming code : 0 
87245000: system.memobj: hamming code addr: 600392 
87245000: system.memobj: hamming code : 0 
87245000: system.memobj: Enter Error Bit index: 1 
87245000: system.memobj: flip data : 0111100000101000010110010000000000000000000000000000000000000000 
87245000: system.memobj: -------------------------------------
87315000: system.memobj: mem->cpu Got response for addr 0xc4a0 , 50336
87315000: system.memobj: size 0x8
87315000: system.memobj: id 94061724545840
87315000: system.memobj: data_hex : 4889401848894010 
87315000: system.memobj: data : 0100100010001001010000000001100001001000100010010100000000010000 
87315000: system.memobj: fix data : 0100100010001001010000000001100001001000100010010100000000010000 
87315000: system.memobj: -------------------------------------
87315000: system.memobj: cpu->mem Got request for addr 0x92908 , 600328
87315000: system.memobj: size 0x8
87315000: system.memobj: id 94061724546128
87315000: system.memobj: data_hex : F828590000000000 
87315000: system.memobj: data : 1111100000101000010110010000000000000000000000000000000000000000 
87315000: system.memobj: hamming code addr: 600328 
87315000: system.memobj: hamming code : 14 
87315000: system.memobj: hamming code addr: 600336 
87315000: system.memobj: hamming code : 15 
87315000: system.memobj: hamming code addr: 600344 
87315000: system.memobj: hamming code : 7 
87315000: system.memobj: hamming code addr: 600352 
87315000: system.memobj: hamming code : 0 
87315000: system.memobj: hamming code addr: 600360 
87315000: system.memobj: hamming code : 0 
87315000: system.memobj: hamming code addr: 600368 
87315000: system.memobj: hamming code : 0 
87315000: system.memobj: hamming code addr: 600376 
87315000: system.memobj: hamming code : 0 
87315000: system.memobj: hamming code addr: 600384 
87315000: system.memobj: hamming code : 0 
87315000: system.memobj: Enter Error Bit index: 1 
87315000: system.memobj: flip data : 0111100000101000010110010000000000000000000000000000000000000000 
87315000: system.memobj: -------------------------------------
87385000: system.memobj: mem->cpu Got response for addr 0xc4a8 , 50344
87385000: system.memobj: size 0x8
87385000: system.memobj: id 94061724546128
87385000: system.memobj: data_hex : 4883C010FFCA79F0 
87385000: system.memobj: data : 0100100010000011110000000001000011111111110010100111100111110000 
87385000: system.memobj: fix data : 0100100010000011110000000001000011111111110010100111100111110000 
87385000: system.memobj: -------------------------------------
87434000: system.memobj: mem->cpu Got response for addr 0xc4a8 , 50344
87434000: system.memobj: size 0x8
87434000: system.memobj: id 94061724545840
87434000: system.memobj: data_hex : 4883C010FFCA79F0 
87434000: system.memobj: data : 0100100010000011110000000001000011111111110010100111100111110000 
87434000: system.memobj: fix data : 0100100010000011110000000001000011111111110010100111100111110000 
87434000: system.memobj: -------------------------------------
87483000: system.memobj: mem->cpu Got response for addr 0xc4a8 , 50344
87483000: system.memobj: size 0x8
87483000: system.memobj: id 94061724546128
87483000: system.memobj: data_hex : 4883C010FFCA79F0 
87483000: system.memobj: data : 0100100010000011110000000001000011111111110010100111100111110000 
87483000: system.memobj: fix data : 0100100010000011110000000001000011111111110010100111100111110000 
87483000: system.memobj: -------------------------------------
87532000: system.memobj: mem->cpu Got response for addr 0xc4a0 , 50336
87532000: system.memobj: size 0x8
87532000: system.memobj: id 94061724545840
87532000: system.memobj: data_hex : 4889401848894010 
87532000: system.memobj: data : 0100100010001001010000000001100001001000100010010100000000010000 
87532000: system.memobj: fix data : 0100100010001001010000000001100001001000100010010100000000010000 
87532000: system.memobj: -------------------------------------
87532000: system.memobj: cpu->mem Got request for addr 0x92920 , 600352
87532000: system.memobj: size 0x8
87532000: system.memobj: id 94061724546128
87532000: system.memobj: data_hex : 0829590000000000 
87532000: system.memobj: data : 0000100000101001010110010000000000000000000000000000000000000000 
87532000: system.memobj: hamming code addr: 600352 
87532000: system.memobj: hamming code : 9 
87532000: system.memobj: hamming code addr: 600360 
87532000: system.memobj: hamming code : 3 
87532000: system.memobj: hamming code addr: 600368 
87532000: system.memobj: hamming code : 7 
87532000: system.memobj: hamming code addr: 600376 
87532000: system.memobj: hamming code : 0 
87532000: system.memobj: hamming code addr: 600384 
87532000: system.memobj: hamming code : 0 
87532000: system.memobj: hamming code addr: 600392 
87532000: system.memobj: hamming code : 0 
87532000: system.memobj: hamming code addr: 600400 
87532000: system.memobj: hamming code : 0 
87532000: system.memobj: hamming code addr: 600408 
87532000: system.memobj: hamming code : 0 
87532000: system.memobj: Enter Error Bit index: 5 
87532000: system.memobj: flip data : 0000000000101001010110010000000000000000000000000000000000000000 
87532000: system.memobj: -------------------------------------
87602000: system.memobj: mem->cpu Got response for addr 0xc4a0 , 50336
87602000: system.memobj: size 0x8
87602000: system.memobj: id 94061724546128
87602000: system.memobj: data_hex : 4889401848894010 
87602000: system.memobj: data : 0100100010001001010000000001100001001000100010010100000000010000 
87602000: system.memobj: fix data : 0100100010001001010000000001100001001000100010010100000000010000 
87602000: system.memobj: -------------------------------------
87602000: system.memobj: cpu->mem Got request for addr 0x92918 , 600344
87602000: system.memobj: size 0x8
87602000: system.memobj: id 94061724545840
87602000: system.memobj: data_hex : 0829590000000000 
87602000: system.memobj: data : 0000100000101001010110010000000000000000000000000000000000000000 
87602000: system.memobj: hamming code addr: 600344 
87602000: system.memobj: hamming code : 9 
87602000: system.memobj: hamming code addr: 600352 
87602000: system.memobj: hamming code : 3 
87602000: system.memobj: hamming code addr: 600360 
87602000: system.memobj: hamming code : 7 
87602000: system.memobj: hamming code addr: 600368 
87602000: system.memobj: hamming code : 0 
87602000: system.memobj: hamming code addr: 600376 
87602000: system.memobj: hamming code : 0 
87602000: system.memobj: hamming code addr: 600384 
87602000: system.memobj: hamming code : 0 
87602000: system.memobj: hamming code addr: 600392 
87602000: system.memobj: hamming code : 0 
87602000: system.memobj: hamming code addr: 600400 
87602000: system.memobj: hamming code : 0 
87602000: system.memobj: Enter Error Bit index: 3 
87602000: system.memobj: flip data : 0010100000101001010110010000000000000000000000000000000000000000 
87602000: system.memobj: -------------------------------------
87672000: system.memobj: mem->cpu Got response for addr 0xc4a8 , 50344
87672000: system.memobj: size 0x8
87672000: system.memobj: id 94061724545840
87672000: system.memobj: data_hex : 4883C010FFCA79F0 
87672000: system.memobj: data : 0100100010000011110000000001000011111111110010100111100111110000 
87672000: system.memobj: fix data : 0100100010000011110000000001000011111111110010100111100111110000 
87672000: system.memobj: -------------------------------------
87721000: system.memobj: mem->cpu Got response for addr 0xc4a8 , 50344
87721000: system.memobj: size 0x8
87721000: system.memobj: id 94061724546128
87721000: system.memobj: data_hex : 4883C010FFCA79F0 
87721000: system.memobj: data : 0100100010000011110000000001000011111111110010100111100111110000 
87721000: system.memobj: fix data : 0100100010000011110000000001000011111111110010100111100111110000 
87721000: system.memobj: -------------------------------------
87770000: system.memobj: mem->cpu Got response for addr 0xc4a8 , 50344
87770000: system.memobj: size 0x8
87770000: system.memobj: id 94061724545840
87770000: system.memobj: data_hex : 4883C010FFCA79F0 
87770000: system.memobj: data : 0100100010000011110000000001000011111111110010100111100111110000 
87770000: system.memobj: fix data : 0100100010000011110000000001000011111111110010100111100111110000 
87770000: system.memobj: -------------------------------------
87833000: system.memobj: mem->cpu Got response for addr 0xc4a0 , 50336
87833000: system.memobj: size 0x8
87833000: system.memobj: id 94061724546128
87833000: system.memobj: data_hex : 4889401848894010 
87833000: system.memobj: data : 0100100010001001010000000001100001001000100010010100000000010000 
87833000: system.memobj: fix data : 0100100010001001010000000001100001001000100010010100000000010000 
87833000: system.memobj: -------------------------------------
87833000: system.memobj: cpu->mem Got request for addr 0x92930 , 600368
87833000: system.memobj: size 0x8
87833000: system.memobj: id 94061724545840
87833000: system.memobj: data_hex : 1829590000000000 
87833000: system.memobj: data : 0001100000101001010110010000000000000000000000000000000000000000 
87833000: system.memobj: hamming code addr: 600368 
87833000: system.memobj: hamming code : 14 
87833000: system.memobj: hamming code addr: 600376 
87833000: system.memobj: hamming code : 3 
87833000: system.memobj: hamming code addr: 600384 
87833000: system.memobj: hamming code : 7 
87833000: system.memobj: hamming code addr: 600392 
87833000: system.memobj: hamming code : 0 
87833000: system.memobj: hamming code addr: 600400 
87833000: system.memobj: hamming code : 0 
87833000: system.memobj: hamming code addr: 600408 
87833000: system.memobj: hamming code : 0 
87833000: system.memobj: hamming code addr: 600416 
87833000: system.memobj: hamming code : 0 
87833000: system.memobj: hamming code addr: 600424 
87833000: system.memobj: hamming code : 0 
87833000: system.memobj: Enter Error Bit index: 3 
87833000: system.memobj: flip data : 0011100000101001010110010000000000000000000000000000000000000000 
87833000: system.memobj: -------------------------------------
87903000: system.memobj: mem->cpu Got response for addr 0xc4a0 , 50336
87903000: system.memobj: size 0x8
87903000: system.memobj: id 94061724545840
87903000: system.memobj: data_hex : 4889401848894010 
87903000: system.memobj: data : 0100100010001001010000000001100001001000100010010100000000010000 
87903000: system.memobj: fix data : 0100100010001001010000000001100001001000100010010100000000010000 
87903000: system.memobj: -------------------------------------
87903000: system.memobj: cpu->mem Got request for addr 0x92928 , 600360
87903000: system.memobj: size 0x8
87903000: system.memobj: id 94061724546128
87903000: system.memobj: data_hex : 1829590000000000 
87903000: system.memobj: data : 0001100000101001010110010000000000000000000000000000000000000000 
87903000: system.memobj: hamming code addr: 600360 
87903000: system.memobj: hamming code : 14 
87903000: system.memobj: hamming code addr: 600368 
87903000: system.memobj: hamming code : 3 
87903000: system.memobj: hamming code addr: 600376 
87903000: system.memobj: hamming code : 7 
87903000: system.memobj: hamming code addr: 600384 
87903000: system.memobj: hamming code : 0 
87903000: system.memobj: hamming code addr: 600392 
87903000: system.memobj: hamming code : 0 
87903000: system.memobj: hamming code addr: 600400 
87903000: system.memobj: hamming code : 0 
87903000: system.memobj: hamming code addr: 600408 
87903000: system.memobj: hamming code : 0 
87903000: system.memobj: hamming code addr: 600416 
87903000: system.memobj: hamming code : 0 
87903000: system.memobj: Enter Error Bit index: 2 
87903000: system.memobj: flip data : 0101100000101001010110010000000000000000000000000000000000000000 
87903000: system.memobj: -------------------------------------
87973000: system.memobj: mem->cpu Got response for addr 0xc4a8 , 50344
87973000: system.memobj: size 0x8
87973000: system.memobj: id 94061724546128
87973000: system.memobj: data_hex : 4883C010FFCA79F0 
87973000: system.memobj: data : 0100100010000011110000000001000011111111110010100111100111110000 
87973000: system.memobj: fix data : 0100100010000011110000000001000011111111110010100111100111110000 
87973000: system.memobj: -------------------------------------
88022000: system.memobj: mem->cpu Got response for addr 0xc4a8 , 50344
88022000: system.memobj: size 0x8
88022000: system.memobj: id 94061724545840
88022000: system.memobj: data_hex : 4883C010FFCA79F0 
88022000: system.memobj: data : 0100100010000011110000000001000011111111110010100111100111110000 
88022000: system.memobj: fix data : 0100100010000011110000000001000011111111110010100111100111110000 
88022000: system.memobj: -------------------------------------
88071000: system.memobj: mem->cpu Got response for addr 0xc4a8 , 50344
88071000: system.memobj: size 0x8
88071000: system.memobj: id 94061724546128
88071000: system.memobj: data_hex : 4883C010FFCA79F0 
88071000: system.memobj: data : 0100100010000011110000000001000011111111110010100111100111110000 
88071000: system.memobj: fix data : 0100100010000011110000000001000011111111110010100111100111110000 
88071000: system.memobj: -------------------------------------
88120000: system.memobj: mem->cpu Got response for addr 0xc4a0 , 50336
88120000: system.memobj: size 0x8
88120000: system.memobj: id 94061724545840
88120000: system.memobj: data_hex : 4889401848894010 
88120000: system.memobj: data : 0100100010001001010000000001100001001000100010010100000000010000 
88120000: system.memobj: fix data : 0100100010001001010000000001100001001000100010010100000000010000 
88120000: system.memobj: -------------------------------------
88120000: system.memobj: cpu->mem Got request for addr 0x92940 , 600384
88120000: system.memobj: size 0x8
88120000: system.memobj: id 94061724546128
88120000: system.memobj: data_hex : 2829590000000000 
88120000: system.memobj: data : 0010100000101001010110010000000000000000000000000000000000000000 
88120000: system.memobj: hamming code addr: 600384 
88120000: system.memobj: hamming code : 15 
88120000: system.memobj: hamming code addr: 600392 
88120000: system.memobj: hamming code : 3 
88120000: system.memobj: hamming code addr: 600400 
88120000: system.memobj: hamming code : 7 
88120000: system.memobj: hamming code addr: 600408 
88120000: system.memobj: hamming code : 0 
88120000: system.memobj: hamming code addr: 600416 
88120000: system.memobj: hamming code : 0 
88120000: system.memobj: hamming code addr: 600424 
88120000: system.memobj: hamming code : 0 
88120000: system.memobj: hamming code addr: 600432 
88120000: system.memobj: hamming code : 0 
88120000: system.memobj: hamming code addr: 600440 
88120000: system.memobj: hamming code : 0 
88120000: system.memobj: Enter Error Bit index: 5 
88120000: system.memobj: flip data : 0010000000101001010110010000000000000000000000000000000000000000 
88120000: system.memobj: -------------------------------------
88190000: system.memobj: mem->cpu Got response for addr 0xc4a0 , 50336
88190000: system.memobj: size 0x8
88190000: system.memobj: id 94061724546128
88190000: system.memobj: data_hex : 4889401848894010 
88190000: system.memobj: data : 0100100010001001010000000001100001001000100010010100000000010000 
88190000: system.memobj: fix data : 0100100010001001010000000001100001001000100010010100000000010000 
88190000: system.memobj: -------------------------------------
88190000: system.memobj: cpu->mem Got request for addr 0x92938 , 600376
88190000: system.memobj: size 0x8
88190000: system.memobj: id 94061724545840
88190000: system.memobj: data_hex : 2829590000000000 
88190000: system.memobj: data : 0010100000101001010110010000000000000000000000000000000000000000 
88190000: system.memobj: hamming code addr: 600376 
88190000: system.memobj: hamming code : 15 
88190000: system.memobj: hamming code addr: 600384 
88190000: system.memobj: hamming code : 3 
88190000: system.memobj: hamming code addr: 600392 
88190000: system.memobj: hamming code : 7 
88190000: system.memobj: hamming code addr: 600400 
88190000: system.memobj: hamming code : 0 
88190000: system.memobj: hamming code addr: 600408 
88190000: system.memobj: hamming code : 0 
88190000: system.memobj: hamming code addr: 600416 
88190000: system.memobj: hamming code : 0 
88190000: system.memobj: hamming code addr: 600424 
88190000: system.memobj: hamming code : 0 
88190000: system.memobj: hamming code addr: 600432 
88190000: system.memobj: hamming code : 0 
88190000: system.memobj: Enter Error Bit index: 1 
88190000: system.memobj: flip data : 1010100000101001010110010000000000000000000000000000000000000000 
88190000: system.memobj: -------------------------------------
88260000: system.memobj: mem->cpu Got response for addr 0xc4a8 , 50344
88260000: system.memobj: size 0x8
88260000: system.memobj: id 94061724545840
88260000: system.memobj: data_hex : 4883C010FFCA79F0 
88260000: system.memobj: data : 0100100010000011110000000001000011111111110010100111100111110000 
88260000: system.memobj: fix data : 0100100010000011110000000001000011111111110010100111100111110000 
88260000: system.memobj: -------------------------------------
88309000: system.memobj: mem->cpu Got response for addr 0xc4a8 , 50344
88309000: system.memobj: size 0x8
88309000: system.memobj: id 94061724546128
88309000: system.memobj: data_hex : 4883C010FFCA79F0 
88309000: system.memobj: data : 0100100010000011110000000001000011111111110010100111100111110000 
88309000: system.memobj: fix data : 0100100010000011110000000001000011111111110010100111100111110000 
88309000: system.memobj: -------------------------------------
88358000: system.memobj: mem->cpu Got response for addr 0xc4a8 , 50344
88358000: system.memobj: size 0x8
88358000: system.memobj: id 94061724545840
88358000: system.memobj: data_hex : 4883C010FFCA79F0 
88358000: system.memobj: data : 0100100010000011110000000001000011111111110010100111100111110000 
88358000: system.memobj: fix data : 0100100010000011110000000001000011111111110010100111100111110000 
88358000: system.memobj: -------------------------------------
88407000: system.memobj: mem->cpu Got response for addr 0xc4a0 , 50336
88407000: system.memobj: size 0x8
88407000: system.memobj: id 94061724546128
88407000: system.memobj: data_hex : 4889401848894010 
88407000: system.memobj: data : 0100100010001001010000000001100001001000100010010100000000010000 
88407000: system.memobj: fix data : 0100100010001001010000000001100001001000100010010100000000010000 
88407000: system.memobj: -------------------------------------
88407000: system.memobj: cpu->mem Got request for addr 0x92950 , 600400
88407000: system.memobj: size 0x8
88407000: system.memobj: id 94061724545840
88407000: system.memobj: data_hex : 3829590000000000 
88407000: system.memobj: data : 0011100000101001010110010000000000000000000000000000000000000000 
88407000: system.memobj: hamming code addr: 600400 
88407000: system.memobj: hamming code : 8 
88407000: system.memobj: hamming code addr: 600408 
88407000: system.memobj: hamming code : 3 
88407000: system.memobj: hamming code addr: 600416 
88407000: system.memobj: hamming code : 7 
88407000: system.memobj: hamming code addr: 600424 
88407000: system.memobj: hamming code : 0 
88407000: system.memobj: hamming code addr: 600432 
88407000: system.memobj: hamming code : 0 
88407000: system.memobj: hamming code addr: 600440 
88407000: system.memobj: hamming code : 0 
88407000: system.memobj: hamming code addr: 600448 
88407000: system.memobj: hamming code : 0 
88407000: system.memobj: hamming code addr: 600456 
88407000: system.memobj: hamming code : 0 
88407000: system.memobj: Enter Error Bit index: 3 
88407000: system.memobj: flip data : 0001100000101001010110010000000000000000000000000000000000000000 
88407000: system.memobj: -------------------------------------
88477000: system.memobj: mem->cpu Got response for addr 0xc4a0 , 50336
88477000: system.memobj: size 0x8
88477000: system.memobj: id 94061724545840
88477000: system.memobj: data_hex : 4889401848894010 
88477000: system.memobj: data : 0100100010001001010000000001100001001000100010010100000000010000 
88477000: system.memobj: fix data : 0100100010001001010000000001100001001000100010010100000000010000 
88477000: system.memobj: -------------------------------------
88477000: system.memobj: cpu->mem Got request for addr 0x92948 , 600392
88477000: system.memobj: size 0x8
88477000: system.memobj: id 94061724546128
88477000: system.memobj: data_hex : 3829590000000000 
88477000: system.memobj: data : 0011100000101001010110010000000000000000000000000000000000000000 
88477000: system.memobj: hamming code addr: 600392 
88477000: system.memobj: hamming code : 8 
88477000: system.memobj: hamming code addr: 600400 
88477000: system.memobj: hamming code : 3 
88477000: system.memobj: hamming code addr: 600408 
88477000: system.memobj: hamming code : 7 
88477000: system.memobj: hamming code addr: 600416 
88477000: system.memobj: hamming code : 0 
88477000: system.memobj: hamming code addr: 600424 
88477000: system.memobj: hamming code : 0 
88477000: system.memobj: hamming code addr: 600432 
88477000: system.memobj: hamming code : 0 
88477000: system.memobj: hamming code addr: 600440 
88477000: system.memobj: hamming code : 0 
88477000: system.memobj: hamming code addr: 600448 
88477000: system.memobj: hamming code : 0 
88477000: system.memobj: Enter Error Bit index: 3 
88477000: system.memobj: flip data : 0001100000101001010110010000000000000000000000000000000000000000 
88477000: system.memobj: -------------------------------------
88547000: system.memobj: mem->cpu Got response for addr 0xc4a8 , 50344
88547000: system.memobj: size 0x8
88547000: system.memobj: id 94061724546128
88547000: system.memobj: data_hex : 4883C010FFCA79F0 
88547000: system.memobj: data : 0100100010000011110000000001000011111111110010100111100111110000 
88547000: system.memobj: fix data : 0100100010000011110000000001000011111111110010100111100111110000 
88547000: system.memobj: -------------------------------------
88596000: system.memobj: mem->cpu Got response for addr 0xc4a8 , 50344
88596000: system.memobj: size 0x8
88596000: system.memobj: id 94061724545840
88596000: system.memobj: data_hex : 4883C010FFCA79F0 
88596000: system.memobj: data : 0100100010000011110000000001000011111111110010100111100111110000 
88596000: system.memobj: fix data : 0100100010000011110000000001000011111111110010100111100111110000 
88596000: system.memobj: -------------------------------------
88645000: system.memobj: mem->cpu Got response for addr 0xc4a8 , 50344
88645000: system.memobj: size 0x8
88645000: system.memobj: id 94061724546128
88645000: system.memobj: data_hex : 4883C010FFCA79F0 
88645000: system.memobj: data : 0100100010000011110000000001000011111111110010100111100111110000 
88645000: system.memobj: fix data : 0100100010000011110000000001000011111111110010100111100111110000 
88645000: system.memobj: -------------------------------------
88694000: system.memobj: mem->cpu Got response for addr 0xc4a0 , 50336
88694000: system.memobj: size 0x8
88694000: system.memobj: id 94061724545840
88694000: system.memobj: data_hex : 4889401848894010 
88694000: system.memobj: data : 0100100010001001010000000001100001001000100010010100000000010000 
88694000: system.memobj: fix data : 0100100010001001010000000001100001001000100010010100000000010000 
88694000: system.memobj: -------------------------------------
88694000: system.memobj: cpu->mem Got request for addr 0x92960 , 600416
88694000: system.memobj: size 0x8
88694000: system.memobj: id 94061724546128
88694000: system.memobj: data_hex : 4829590000000000 
88694000: system.memobj: data : 0100100000101001010110010000000000000000000000000000000000000000 
88694000: system.memobj: hamming code addr: 600416 
88694000: system.memobj: hamming code : 12 
88694000: system.memobj: hamming code addr: 600424 
88694000: system.memobj: hamming code : 3 
88694000: system.memobj: hamming code addr: 600432 
88694000: system.memobj: hamming code : 7 
88694000: system.memobj: hamming code addr: 600440 
88694000: system.memobj: hamming code : 0 
88694000: system.memobj: hamming code addr: 600448 
88694000: system.memobj: hamming code : 0 
88694000: system.memobj: hamming code addr: 600456 
88694000: system.memobj: hamming code : 0 
88694000: system.memobj: hamming code addr: 600464 
88694000: system.memobj: hamming code : 0 
88694000: system.memobj: hamming code addr: 600472 
88694000: system.memobj: hamming code : 0 
88694000: system.memobj: Enter Error Bit index: 5 
88694000: system.memobj: flip data : 0100000000101001010110010000000000000000000000000000000000000000 
88694000: system.memobj: -------------------------------------
88778000: system.memobj: mem->cpu Got response for addr 0xc4a0 , 50336
88778000: system.memobj: size 0x8
88778000: system.memobj: id 94061724546128
88778000: system.memobj: data_hex : 4889401848894010 
88778000: system.memobj: data : 0100100010001001010000000001100001001000100010010100000000010000 
88778000: system.memobj: fix data : 0100100010001001010000000001100001001000100010010100000000010000 
88778000: system.memobj: -------------------------------------
88778000: system.memobj: cpu->mem Got request for addr 0x92958 , 600408
88778000: system.memobj: size 0x8
88778000: system.memobj: id 94061724545840
88778000: system.memobj: data_hex : 4829590000000000 
88778000: system.memobj: data : 0100100000101001010110010000000000000000000000000000000000000000 
88778000: system.memobj: hamming code addr: 600408 
88778000: system.memobj: hamming code : 12 
88778000: system.memobj: hamming code addr: 600416 
88778000: system.memobj: hamming code : 3 
88778000: system.memobj: hamming code addr: 600424 
88778000: system.memobj: hamming code : 7 
88778000: system.memobj: hamming code addr: 600432 
88778000: system.memobj: hamming code : 0 
88778000: system.memobj: hamming code addr: 600440 
88778000: system.memobj: hamming code : 0 
88778000: system.memobj: hamming code addr: 600448 
88778000: system.memobj: hamming code : 0 
88778000: system.memobj: hamming code addr: 600456 
88778000: system.memobj: hamming code : 0 
88778000: system.memobj: hamming code addr: 600464 
88778000: system.memobj: hamming code : 0 
88778000: system.memobj: Enter Error Bit index: 6 
88778000: system.memobj: flip data : 0100110000101001010110010000000000000000000000000000000000000000 
88778000: system.memobj: -------------------------------------
88848000: system.memobj: mem->cpu Got response for addr 0xc4a8 , 50344
88848000: system.memobj: size 0x8
88848000: system.memobj: id 94061724545840
88848000: system.memobj: data_hex : 4883C010FFCA79F0 
88848000: system.memobj: data : 0100100010000011110000000001000011111111110010100111100111110000 
88848000: system.memobj: fix data : 0100100010000011110000000001000011111111110010100111100111110000 
88848000: system.memobj: -------------------------------------
88897000: system.memobj: mem->cpu Got response for addr 0xc4a8 , 50344
88897000: system.memobj: size 0x8
88897000: system.memobj: id 94061724546128
88897000: system.memobj: data_hex : 4883C010FFCA79F0 
88897000: system.memobj: data : 0100100010000011110000000001000011111111110010100111100111110000 
88897000: system.memobj: fix data : 0100100010000011110000000001000011111111110010100111100111110000 
88897000: system.memobj: -------------------------------------
88946000: system.memobj: mem->cpu Got response for addr 0xc4a8 , 50344
88946000: system.memobj: size 0x8
88946000: system.memobj: id 94061724545840
88946000: system.memobj: data_hex : 4883C010FFCA79F0 
88946000: system.memobj: data : 0100100010000011110000000001000011111111110010100111100111110000 
88946000: system.memobj: fix data : 0100100010000011110000000001000011111111110010100111100111110000 
88946000: system.memobj: -------------------------------------
88995000: system.memobj: mem->cpu Got response for addr 0xc4a0 , 50336
88995000: system.memobj: size 0x8
88995000: system.memobj: id 94061724546128
88995000: system.memobj: data_hex : 4889401848894010 
88995000: system.memobj: data : 0100100010001001010000000001100001001000100010010100000000010000 
88995000: system.memobj: fix data : 0100100010001001010000000001100001001000100010010100000000010000 
88995000: system.memobj: -------------------------------------
88995000: system.memobj: cpu->mem Got request for addr 0x92970 , 600432
88995000: system.memobj: size 0x8
88995000: system.memobj: id 94061724545840
88995000: system.memobj: data_hex : 5829590000000000 
88995000: system.memobj: data : 0101100000101001010110010000000000000000000000000000000000000000 
88995000: system.memobj: hamming code addr: 600432 
88995000: system.memobj: hamming code : 11 
88995000: system.memobj: hamming code addr: 600440 
88995000: system.memobj: hamming code : 3 
88995000: system.memobj: hamming code addr: 600448 
88995000: system.memobj: hamming code : 7 
88995000: system.memobj: hamming code addr: 600456 
88995000: system.memobj: hamming code : 0 
88995000: system.memobj: hamming code addr: 600464 
88995000: system.memobj: hamming code : 0 
88995000: system.memobj: hamming code addr: 600472 
88995000: system.memobj: hamming code : 0 
88995000: system.memobj: hamming code addr: 600480 
88995000: system.memobj: hamming code : 0 
88995000: system.memobj: hamming code addr: 600488 
88995000: system.memobj: hamming code : 0 
88995000: system.memobj: Enter Error Bit index: 7 
88995000: system.memobj: flip data : 0101101000101001010110010000000000000000000000000000000000000000 
88995000: system.memobj: -------------------------------------
89065000: system.memobj: mem->cpu Got response for addr 0xc4a0 , 50336
89065000: system.memobj: size 0x8
89065000: system.memobj: id 94061724545840
89065000: system.memobj: data_hex : 4889401848894010 
89065000: system.memobj: data : 0100100010001001010000000001100001001000100010010100000000010000 
89065000: system.memobj: fix data : 0100100010001001010000000001100001001000100010010100000000010000 
89065000: system.memobj: -------------------------------------
89065000: system.memobj: cpu->mem Got request for addr 0x92968 , 600424
89065000: system.memobj: size 0x8
89065000: system.memobj: id 94061724546128
89065000: system.memobj: data_hex : 5829590000000000 
89065000: system.memobj: data : 0101100000101001010110010000000000000000000000000000000000000000 
89065000: system.memobj: hamming code addr: 600424 
89065000: system.memobj: hamming code : 11 
89065000: system.memobj: hamming code addr: 600432 
89065000: system.memobj: hamming code : 3 
89065000: system.memobj: hamming code addr: 600440 
89065000: system.memobj: hamming code : 7 
89065000: system.memobj: hamming code addr: 600448 
89065000: system.memobj: hamming code : 0 
89065000: system.memobj: hamming code addr: 600456 
89065000: system.memobj: hamming code : 0 
89065000: system.memobj: hamming code addr: 600464 
89065000: system.memobj: hamming code : 0 
89065000: system.memobj: hamming code addr: 600472 
89065000: system.memobj: hamming code : 0 
89065000: system.memobj: hamming code addr: 600480 
89065000: system.memobj: hamming code : 0 
89065000: system.memobj: Enter Error Bit index: 1 
89065000: system.memobj: flip data : 1101100000101001010110010000000000000000000000000000000000000000 
89065000: system.memobj: -------------------------------------
89135000: system.memobj: mem->cpu Got response for addr 0xc4a8 , 50344
89135000: system.memobj: size 0x8
89135000: system.memobj: id 94061724546128
89135000: system.memobj: data_hex : 4883C010FFCA79F0 
89135000: system.memobj: data : 0100100010000011110000000001000011111111110010100111100111110000 
89135000: system.memobj: fix data : 0100100010000011110000000001000011111111110010100111100111110000 
89135000: system.memobj: -------------------------------------
89184000: system.memobj: mem->cpu Got response for addr 0xc4a8 , 50344
89184000: system.memobj: size 0x8
89184000: system.memobj: id 94061724545840
89184000: system.memobj: data_hex : 4883C010FFCA79F0 
89184000: system.memobj: data : 0100100010000011110000000001000011111111110010100111100111110000 
89184000: system.memobj: fix data : 0100100010000011110000000001000011111111110010100111100111110000 
89184000: system.memobj: -------------------------------------
89233000: system.memobj: mem->cpu Got response for addr 0xc4a8 , 50344
89233000: system.memobj: size 0x8
89233000: system.memobj: id 94061724546128
89233000: system.memobj: data_hex : 4883C010FFCA79F0 
89233000: system.memobj: data : 0100100010000011110000000001000011111111110010100111100111110000 
89233000: system.memobj: fix data : 0100100010000011110000000001000011111111110010100111100111110000 
89233000: system.memobj: -------------------------------------
89282000: system.memobj: mem->cpu Got response for addr 0xc4a0 , 50336
89282000: system.memobj: size 0x8
89282000: system.memobj: id 94061724545840
89282000: system.memobj: data_hex : 4889401848894010 
89282000: system.memobj: data : 0100100010001001010000000001100001001000100010010100000000010000 
89282000: system.memobj: fix data : 0100100010001001010000000001100001001000100010010100000000010000 
89282000: system.memobj: -------------------------------------
89282000: system.memobj: cpu->mem Got request for addr 0x92980 , 600448
89282000: system.memobj: size 0x8
89282000: system.memobj: id 94061724546128
89282000: system.memobj: data_hex : 6829590000000000 
89282000: system.memobj: data : 0110100000101001010110010000000000000000000000000000000000000000 
89282000: system.memobj: hamming code addr: 600448 
89282000: system.memobj: hamming code : 10 
89282000: system.memobj: hamming code addr: 600456 
89282000: system.memobj: hamming code : 3 
89282000: system.memobj: hamming code addr: 600464 
89282000: system.memobj: hamming code : 7 
89282000: system.memobj: hamming code addr: 600472 
89282000: system.memobj: hamming code : 0 
89282000: system.memobj: hamming code addr: 600480 
89282000: system.memobj: hamming code : 0 
89282000: system.memobj: hamming code addr: 600488 
89282000: system.memobj: hamming code : 0 
89282000: system.memobj: hamming code addr: 600496 
89282000: system.memobj: hamming code : 0 
89282000: system.memobj: hamming code addr: 600504 
89282000: system.memobj: hamming code : 0 
89282000: system.memobj: Enter Error Bit index: 1 
89282000: system.memobj: flip data : 1110100000101001010110010000000000000000000000000000000000000000 
89282000: system.memobj: -------------------------------------
89352000: system.memobj: mem->cpu Got response for addr 0xc4a0 , 50336
89352000: system.memobj: size 0x8
89352000: system.memobj: id 94061724546128
89352000: system.memobj: data_hex : 4889401848894010 
89352000: system.memobj: data : 0100100010001001010000000001100001001000100010010100000000010000 
89352000: system.memobj: fix data : 0100100010001001010000000001100001001000100010010100000000010000 
89352000: system.memobj: -------------------------------------
89352000: system.memobj: cpu->mem Got request for addr 0x92978 , 600440
89352000: system.memobj: size 0x8
89352000: system.memobj: id 94061724545840
89352000: system.memobj: data_hex : 6829590000000000 
89352000: system.memobj: data : 0110100000101001010110010000000000000000000000000000000000000000 
89352000: system.memobj: hamming code addr: 600440 
89352000: system.memobj: hamming code : 10 
89352000: system.memobj: hamming code addr: 600448 
89352000: system.memobj: hamming code : 3 
89352000: system.memobj: hamming code addr: 600456 
89352000: system.memobj: hamming code : 7 
89352000: system.memobj: hamming code addr: 600464 
89352000: system.memobj: hamming code : 0 
89352000: system.memobj: hamming code addr: 600472 
89352000: system.memobj: hamming code : 0 
89352000: system.memobj: hamming code addr: 600480 
89352000: system.memobj: hamming code : 0 
89352000: system.memobj: hamming code addr: 600488 
89352000: system.memobj: hamming code : 0 
89352000: system.memobj: hamming code addr: 600496 
89352000: system.memobj: hamming code : 0 
89352000: system.memobj: Enter Error Bit index: 5 
89352000: system.memobj: flip data : 0110000000101001010110010000000000000000000000000000000000000000 
89352000: system.memobj: -------------------------------------
89422000: system.memobj: mem->cpu Got response for addr 0xc4a8 , 50344
89422000: system.memobj: size 0x8
89422000: system.memobj: id 94061724545840
89422000: system.memobj: data_hex : 4883C010FFCA79F0 
89422000: system.memobj: data : 0100100010000011110000000001000011111111110010100111100111110000 
89422000: system.memobj: fix data : 0100100010000011110000000001000011111111110010100111100111110000 
89422000: system.memobj: -------------------------------------
89471000: system.memobj: mem->cpu Got response for addr 0xc4a8 , 50344
89471000: system.memobj: size 0x8
89471000: system.memobj: id 94061724546128
89471000: system.memobj: data_hex : 4883C010FFCA79F0 
89471000: system.memobj: data : 0100100010000011110000000001000011111111110010100111100111110000 
89471000: system.memobj: fix data : 0100100010000011110000000001000011111111110010100111100111110000 
89471000: system.memobj: -------------------------------------
89520000: system.memobj: mem->cpu Got response for addr 0xc4a8 , 50344
89520000: system.memobj: size 0x8
89520000: system.memobj: id 94061724545840
89520000: system.memobj: data_hex : 4883C010FFCA79F0 
89520000: system.memobj: data : 0100100010000011110000000001000011111111110010100111100111110000 
89520000: system.memobj: fix data : 0100100010000011110000000001000011111111110010100111100111110000 
89520000: system.memobj: -------------------------------------
89569000: system.memobj: mem->cpu Got response for addr 0xc4a0 , 50336
89569000: system.memobj: size 0x8
89569000: system.memobj: id 94061724546128
89569000: system.memobj: data_hex : 4889401848894010 
89569000: system.memobj: data : 0100100010001001010000000001100001001000100010010100000000010000 
89569000: system.memobj: fix data : 0100100010001001010000000001100001001000100010010100000000010000 
89569000: system.memobj: -------------------------------------
89569000: system.memobj: cpu->mem Got request for addr 0x92990 , 600464
89569000: system.memobj: size 0x8
89569000: system.memobj: id 94061724545840
89569000: system.memobj: data_hex : 7829590000000000 
89569000: system.memobj: data : 0111100000101001010110010000000000000000000000000000000000000000 
89569000: system.memobj: hamming code addr: 600464 
89569000: system.memobj: hamming code : 13 
89569000: system.memobj: hamming code addr: 600472 
89569000: system.memobj: hamming code : 3 
89569000: system.memobj: hamming code addr: 600480 
89569000: system.memobj: hamming code : 7 
89569000: system.memobj: hamming code addr: 600488 
89569000: system.memobj: hamming code : 0 
89569000: system.memobj: hamming code addr: 600496 
89569000: system.memobj: hamming code : 0 
89569000: system.memobj: hamming code addr: 600504 
89569000: system.memobj: hamming code : 0 
89569000: system.memobj: hamming code addr: 600512 
89569000: system.memobj: hamming code : 0 
89569000: system.memobj: hamming code addr: 600520 
89569000: system.memobj: hamming code : 0 
89569000: system.memobj: Enter Error Bit index: 5 
89569000: system.memobj: flip data : 0111000000101001010110010000000000000000000000000000000000000000 
89569000: system.memobj: -------------------------------------
89639000: system.memobj: mem->cpu Got response for addr 0xc4a0 , 50336
89639000: system.memobj: size 0x8
89639000: system.memobj: id 94061724545840
89639000: system.memobj: data_hex : 4889401848894010 
89639000: system.memobj: data : 0100100010001001010000000001100001001000100010010100000000010000 
89639000: system.memobj: fix data : 0100100010001001010000000001100001001000100010010100000000010000 
89639000: system.memobj: -------------------------------------
89639000: system.memobj: cpu->mem Got request for addr 0x92988 , 600456
89639000: system.memobj: size 0x8
89639000: system.memobj: id 94061724546128
89639000: system.memobj: data_hex : 7829590000000000 
89639000: system.memobj: data : 0111100000101001010110010000000000000000000000000000000000000000 
89639000: system.memobj: hamming code addr: 600456 
89639000: system.memobj: hamming code : 13 
89639000: system.memobj: hamming code addr: 600464 
89639000: system.memobj: hamming code : 3 
89639000: system.memobj: hamming code addr: 600472 
89639000: system.memobj: hamming code : 7 
89639000: system.memobj: hamming code addr: 600480 
89639000: system.memobj: hamming code : 0 
89639000: system.memobj: hamming code addr: 600488 
89639000: system.memobj: hamming code : 0 
89639000: system.memobj: hamming code addr: 600496 
89639000: system.memobj: hamming code : 0 
89639000: system.memobj: hamming code addr: 600504 
89639000: system.memobj: hamming code : 0 
89639000: system.memobj: hamming code addr: 600512 
89639000: system.memobj: hamming code : 0 
89639000: system.memobj: Enter Error Bit index: 4 
89639000: system.memobj: flip data : 0110100000101001010110010000000000000000000000000000000000000000 
89639000: system.memobj: -------------------------------------
89723000: system.memobj: mem->cpu Got response for addr 0xc4a8 , 50344
89723000: system.memobj: size 0x8
89723000: system.memobj: id 94061724546128
89723000: system.memobj: data_hex : 4883C010FFCA79F0 
89723000: system.memobj: data : 0100100010000011110000000001000011111111110010100111100111110000 
89723000: system.memobj: fix data : 0100100010000011110000000001000011111111110010100111100111110000 
89723000: system.memobj: -------------------------------------
89772000: system.memobj: mem->cpu Got response for addr 0xc4a8 , 50344
89772000: system.memobj: size 0x8
89772000: system.memobj: id 94061724545840
89772000: system.memobj: data_hex : 4883C010FFCA79F0 
89772000: system.memobj: data : 0100100010000011110000000001000011111111110010100111100111110000 
89772000: system.memobj: fix data : 0100100010000011110000000001000011111111110010100111100111110000 
89772000: system.memobj: -------------------------------------
89821000: system.memobj: mem->cpu Got response for addr 0xc4a8 , 50344
89821000: system.memobj: size 0x8
89821000: system.memobj: id 94061724546128
89821000: system.memobj: data_hex : 4883C010FFCA79F0 
89821000: system.memobj: data : 0100100010000011110000000001000011111111110010100111100111110000 
89821000: system.memobj: fix data : 0100100010000011110000000001000011111111110010100111100111110000 
89821000: system.memobj: -------------------------------------
89870000: system.memobj: mem->cpu Got response for addr 0xc4a0 , 50336
89870000: system.memobj: size 0x8
89870000: system.memobj: id 94061724545840
89870000: system.memobj: data_hex : 4889401848894010 
89870000: system.memobj: data : 0100100010001001010000000001100001001000100010010100000000010000 
89870000: system.memobj: fix data : 0100100010001001010000000001100001001000100010010100000000010000 
89870000: system.memobj: -------------------------------------
89870000: system.memobj: cpu->mem Got request for addr 0x929a0 , 600480
89870000: system.memobj: size 0x8
89870000: system.memobj: id 94061724546128
89870000: system.memobj: data_hex : 8829590000000000 
89870000: system.memobj: data : 1000100000101001010110010000000000000000000000000000000000000000 
89870000: system.memobj: hamming code addr: 600480 
89870000: system.memobj: hamming code : 10 
89870000: system.memobj: hamming code addr: 600488 
89870000: system.memobj: hamming code : 3 
89870000: system.memobj: hamming code addr: 600496 
89870000: system.memobj: hamming code : 7 
89870000: system.memobj: hamming code addr: 600504 
89870000: system.memobj: hamming code : 0 
89870000: system.memobj: hamming code addr: 600512 
89870000: system.memobj: hamming code : 0 
89870000: system.memobj: hamming code addr: 600520 
89870000: system.memobj: hamming code : 0 
89870000: system.memobj: hamming code addr: 600528 
89870000: system.memobj: hamming code : 0 
89870000: system.memobj: hamming code addr: 600536 
89870000: system.memobj: hamming code : 0 
89870000: system.memobj: Enter Error Bit index: 4 
89870000: system.memobj: flip data : 1001100000101001010110010000000000000000000000000000000000000000 
89870000: system.memobj: -------------------------------------
89940000: system.memobj: mem->cpu Got response for addr 0xc4a0 , 50336
89940000: system.memobj: size 0x8
89940000: system.memobj: id 94061724546128
89940000: system.memobj: data_hex : 4889401848894010 
89940000: system.memobj: data : 0100100010001001010000000001100001001000100010010100000000010000 
89940000: system.memobj: fix data : 0100100010001001010000000001100001001000100010010100000000010000 
89940000: system.memobj: -------------------------------------
89940000: system.memobj: cpu->mem Got request for addr 0x92998 , 600472
89940000: system.memobj: size 0x8
89940000: system.memobj: id 94061724545840
89940000: system.memobj: data_hex : 8829590000000000 
89940000: system.memobj: data : 1000100000101001010110010000000000000000000000000000000000000000 
89940000: system.memobj: hamming code addr: 600472 
89940000: system.memobj: hamming code : 10 
89940000: system.memobj: hamming code addr: 600480 
89940000: system.memobj: hamming code : 3 
89940000: system.memobj: hamming code addr: 600488 
89940000: system.memobj: hamming code : 7 
89940000: system.memobj: hamming code addr: 600496 
89940000: system.memobj: hamming code : 0 
89940000: system.memobj: hamming code addr: 600504 
89940000: system.memobj: hamming code : 0 
89940000: system.memobj: hamming code addr: 600512 
89940000: system.memobj: hamming code : 0 
89940000: system.memobj: hamming code addr: 600520 
89940000: system.memobj: hamming code : 0 
89940000: system.memobj: hamming code addr: 600528 
89940000: system.memobj: hamming code : 0 
89940000: system.memobj: Enter Error Bit index: 7 
89940000: system.memobj: flip data : 1000101000101001010110010000000000000000000000000000000000000000 
89940000: system.memobj: -------------------------------------
90010000: system.memobj: mem->cpu Got response for addr 0xc4a8 , 50344
90010000: system.memobj: size 0x8
90010000: system.memobj: id 94061724545840
90010000: system.memobj: data_hex : 4883C010FFCA79F0 
90010000: system.memobj: data : 0100100010000011110000000001000011111111110010100111100111110000 
90010000: system.memobj: fix data : 0100100010000011110000000001000011111111110010100111100111110000 
90010000: system.memobj: -------------------------------------
90059000: system.memobj: mem->cpu Got response for addr 0xc4a8 , 50344
90059000: system.memobj: size 0x8
90059000: system.memobj: id 94061724546128
90059000: system.memobj: data_hex : 4883C010FFCA79F0 
90059000: system.memobj: data : 0100100010000011110000000001000011111111110010100111100111110000 
90059000: system.memobj: fix data : 0100100010000011110000000001000011111111110010100111100111110000 
90059000: system.memobj: -------------------------------------
90108000: system.memobj: mem->cpu Got response for addr 0xc4a8 , 50344
90108000: system.memobj: size 0x8
90108000: system.memobj: id 94061724545840
90108000: system.memobj: data_hex : 4883C010FFCA79F0 
90108000: system.memobj: data : 0100100010000011110000000001000011111111110010100111100111110000 
90108000: system.memobj: fix data : 0100100010000011110000000001000011111111110010100111100111110000 
90108000: system.memobj: -------------------------------------
90157000: system.memobj: mem->cpu Got response for addr 0xc4a0 , 50336
90157000: system.memobj: size 0x8
90157000: system.memobj: id 94061724546128
90157000: system.memobj: data_hex : 4889401848894010 
90157000: system.memobj: data : 0100100010001001010000000001100001001000100010010100000000010000 
90157000: system.memobj: fix data : 0100100010001001010000000001100001001000100010010100000000010000 
90157000: system.memobj: -------------------------------------
90157000: system.memobj: cpu->mem Got request for addr 0x929b0 , 600496
90157000: system.memobj: size 0x8
90157000: system.memobj: id 94061724545840
90157000: system.memobj: data_hex : 9829590000000000 
90157000: system.memobj: data : 1001100000101001010110010000000000000000000000000000000000000000 
90157000: system.memobj: hamming code addr: 600496 
90157000: system.memobj: hamming code : 13 
90157000: system.memobj: hamming code addr: 600504 
90157000: system.memobj: hamming code : 3 
90157000: system.memobj: hamming code addr: 600512 
90157000: system.memobj: hamming code : 7 
90157000: system.memobj: hamming code addr: 600520 
90157000: system.memobj: hamming code : 0 
90157000: system.memobj: hamming code addr: 600528 
90157000: system.memobj: hamming code : 0 
90157000: system.memobj: hamming code addr: 600536 
90157000: system.memobj: hamming code : 0 
90157000: system.memobj: hamming code addr: 600544 
90157000: system.memobj: hamming code : 0 
90157000: system.memobj: hamming code addr: 600552 
90157000: system.memobj: hamming code : 0 
90157000: system.memobj: Enter Error Bit index: 5 
90157000: system.memobj: flip data : 1001000000101001010110010000000000000000000000000000000000000000 
90157000: system.memobj: -------------------------------------
90227000: system.memobj: mem->cpu Got response for addr 0xc4a0 , 50336
90227000: system.memobj: size 0x8
90227000: system.memobj: id 94061724545840
90227000: system.memobj: data_hex : 4889401848894010 
90227000: system.memobj: data : 0100100010001001010000000001100001001000100010010100000000010000 
90227000: system.memobj: fix data : 0100100010001001010000000001100001001000100010010100000000010000 
90227000: system.memobj: -------------------------------------
90227000: system.memobj: cpu->mem Got request for addr 0x929a8 , 600488
90227000: system.memobj: size 0x8
90227000: system.memobj: id 94061724546128
90227000: system.memobj: data_hex : 9829590000000000 
90227000: system.memobj: data : 1001100000101001010110010000000000000000000000000000000000000000 
90227000: system.memobj: hamming code addr: 600488 
90227000: system.memobj: hamming code : 13 
90227000: system.memobj: hamming code addr: 600496 
90227000: system.memobj: hamming code : 3 
90227000: system.memobj: hamming code addr: 600504 
90227000: system.memobj: hamming code : 7 
90227000: system.memobj: hamming code addr: 600512 
90227000: system.memobj: hamming code : 0 
90227000: system.memobj: hamming code addr: 600520 
90227000: system.memobj: hamming code : 0 
90227000: system.memobj: hamming code addr: 600528 
90227000: system.memobj: hamming code : 0 
90227000: system.memobj: hamming code addr: 600536 
90227000: system.memobj: hamming code : 0 
90227000: system.memobj: hamming code addr: 600544 
90227000: system.memobj: hamming code : 0 
90227000: system.memobj: Enter Error Bit index: 8 
90227000: system.memobj: flip data : 1001100100101001010110010000000000000000000000000000000000000000 
90227000: system.memobj: -------------------------------------
90297000: system.memobj: mem->cpu Got response for addr 0xc4a8 , 50344
90297000: system.memobj: size 0x8
90297000: system.memobj: id 94061724546128
90297000: system.memobj: data_hex : 4883C010FFCA79F0 
90297000: system.memobj: data : 0100100010000011110000000001000011111111110010100111100111110000 
90297000: system.memobj: fix data : 0100100010000011110000000001000011111111110010100111100111110000 
90297000: system.memobj: -------------------------------------
90346000: system.memobj: mem->cpu Got response for addr 0xc4a8 , 50344
90346000: system.memobj: size 0x8
90346000: system.memobj: id 94061724545840
90346000: system.memobj: data_hex : 4883C010FFCA79F0 
90346000: system.memobj: data : 0100100010000011110000000001000011111111110010100111100111110000 
90346000: system.memobj: fix data : 0100100010000011110000000001000011111111110010100111100111110000 
90346000: system.memobj: -------------------------------------
90395000: system.memobj: mem->cpu Got response for addr 0xc4a8 , 50344
90395000: system.memobj: size 0x8
90395000: system.memobj: id 94061724546128
90395000: system.memobj: data_hex : 4883C010FFCA79F0 
90395000: system.memobj: data : 0100100010000011110000000001000011111111110010100111100111110000 
90395000: system.memobj: fix data : 0100100010000011110000000001000011111111110010100111100111110000 
90395000: system.memobj: -------------------------------------
90444000: system.memobj: mem->cpu Got response for addr 0xc4a0 , 50336
90444000: system.memobj: size 0x8
90444000: system.memobj: id 94061724545840
90444000: system.memobj: data_hex : 4889401848894010 
90444000: system.memobj: data : 0100100010001001010000000001100001001000100010010100000000010000 
90444000: system.memobj: fix data : 0100100010001001010000000001100001001000100010010100000000010000 
90444000: system.memobj: -------------------------------------
90444000: system.memobj: cpu->mem Got request for addr 0x929c0 , 600512
90444000: system.memobj: size 0x8
90444000: system.memobj: id 94061724546128
90444000: system.memobj: data_hex : A829590000000000 
90444000: system.memobj: data : 1010100000101001010110010000000000000000000000000000000000000000 
90444000: system.memobj: hamming code addr: 600512 
90444000: system.memobj: hamming code : 12 
90444000: system.memobj: hamming code addr: 600520 
90444000: system.memobj: hamming code : 3 
90444000: system.memobj: hamming code addr: 600528 
90444000: system.memobj: hamming code : 7 
90444000: system.memobj: hamming code addr: 600536 
90444000: system.memobj: hamming code : 0 
90444000: system.memobj: hamming code addr: 600544 
90444000: system.memobj: hamming code : 0 
90444000: system.memobj: hamming code addr: 600552 
90444000: system.memobj: hamming code : 0 
90444000: system.memobj: hamming code addr: 600560 
90444000: system.memobj: hamming code : 0 
90444000: system.memobj: hamming code addr: 600568 
90444000: system.memobj: hamming code : 0 
90444000: system.memobj: Enter Error Bit index: 6 
90444000: system.memobj: flip data : 1010110000101001010110010000000000000000000000000000000000000000 
90444000: system.memobj: -------------------------------------
90514000: system.memobj: mem->cpu Got response for addr 0xc4a0 , 50336
90514000: system.memobj: size 0x8
90514000: system.memobj: id 94061724546128
90514000: system.memobj: data_hex : 4889401848894010 
90514000: system.memobj: data : 0100100010001001010000000001100001001000100010010100000000010000 
90514000: system.memobj: fix data : 0100100010001001010000000001100001001000100010010100000000010000 
90514000: system.memobj: -------------------------------------
90514000: system.memobj: cpu->mem Got request for addr 0x929b8 , 600504
90514000: system.memobj: size 0x8
90514000: system.memobj: id 94061724545840
90514000: system.memobj: data_hex : A829590000000000 
90514000: system.memobj: data : 1010100000101001010110010000000000000000000000000000000000000000 
90514000: system.memobj: hamming code addr: 600504 
90514000: system.memobj: hamming code : 12 
90514000: system.memobj: hamming code addr: 600512 
90514000: system.memobj: hamming code : 3 
90514000: system.memobj: hamming code addr: 600520 
90514000: system.memobj: hamming code : 7 
90514000: system.memobj: hamming code addr: 600528 
90514000: system.memobj: hamming code : 0 
90514000: system.memobj: hamming code addr: 600536 
90514000: system.memobj: hamming code : 0 
90514000: system.memobj: hamming code addr: 600544 
90514000: system.memobj: hamming code : 0 
90514000: system.memobj: hamming code addr: 600552 
90514000: system.memobj: hamming code : 0 
90514000: system.memobj: hamming code addr: 600560 
90514000: system.memobj: hamming code : 0 
90514000: system.memobj: Enter Error Bit index: 4 
90514000: system.memobj: flip data : 1011100000101001010110010000000000000000000000000000000000000000 
90514000: system.memobj: -------------------------------------
90584000: system.memobj: mem->cpu Got response for addr 0xc4a8 , 50344
90584000: system.memobj: size 0x8
90584000: system.memobj: id 94061724545840
90584000: system.memobj: data_hex : 4883C010FFCA79F0 
90584000: system.memobj: data : 0100100010000011110000000001000011111111110010100111100111110000 
90584000: system.memobj: fix data : 0100100010000011110000000001000011111111110010100111100111110000 
90584000: system.memobj: -------------------------------------
90647000: system.memobj: mem->cpu Got response for addr 0xc4a8 , 50344
90647000: system.memobj: size 0x8
90647000: system.memobj: id 94061724546128
90647000: system.memobj: data_hex : 4883C010FFCA79F0 
90647000: system.memobj: data : 0100100010000011110000000001000011111111110010100111100111110000 
90647000: system.memobj: fix data : 0100100010000011110000000001000011111111110010100111100111110000 
90647000: system.memobj: -------------------------------------
90696000: system.memobj: mem->cpu Got response for addr 0xc4a8 , 50344
90696000: system.memobj: size 0x8
90696000: system.memobj: id 94061724545840
90696000: system.memobj: data_hex : 4883C010FFCA79F0 
90696000: system.memobj: data : 0100100010000011110000000001000011111111110010100111100111110000 
90696000: system.memobj: fix data : 0100100010000011110000000001000011111111110010100111100111110000 
90696000: system.memobj: -------------------------------------
90745000: system.memobj: mem->cpu Got response for addr 0xc4a0 , 50336
90745000: system.memobj: size 0x8
90745000: system.memobj: id 94061724546128
90745000: system.memobj: data_hex : 4889401848894010 
90745000: system.memobj: data : 0100100010001001010000000001100001001000100010010100000000010000 
90745000: system.memobj: fix data : 0100100010001001010000000001100001001000100010010100000000010000 
90745000: system.memobj: -------------------------------------
90745000: system.memobj: cpu->mem Got request for addr 0x929d0 , 600528
90745000: system.memobj: size 0x8
90745000: system.memobj: id 94061724545840
90745000: system.memobj: data_hex : B829590000000000 
90745000: system.memobj: data : 1011100000101001010110010000000000000000000000000000000000000000 
90745000: system.memobj: hamming code addr: 600528 
90745000: system.memobj: hamming code : 11 
90745000: system.memobj: hamming code addr: 600536 
90745000: system.memobj: hamming code : 3 
90745000: system.memobj: hamming code addr: 600544 
90745000: system.memobj: hamming code : 7 
90745000: system.memobj: hamming code addr: 600552 
90745000: system.memobj: hamming code : 0 
90745000: system.memobj: hamming code addr: 600560 
90745000: system.memobj: hamming code : 0 
90745000: system.memobj: hamming code addr: 600568 
90745000: system.memobj: hamming code : 0 
90745000: system.memobj: hamming code addr: 600576 
90745000: system.memobj: hamming code : 0 
90745000: system.memobj: hamming code addr: 600584 
90745000: system.memobj: hamming code : 0 
90745000: system.memobj: Enter Error Bit index: 2 
90745000: system.memobj: flip data : 1111100000101001010110010000000000000000000000000000000000000000 
90745000: system.memobj: -------------------------------------
90815000: system.memobj: mem->cpu Got response for addr 0xc4a0 , 50336
90815000: system.memobj: size 0x8
90815000: system.memobj: id 94061724545840
90815000: system.memobj: data_hex : 4889401848894010 
90815000: system.memobj: data : 0100100010001001010000000001100001001000100010010100000000010000 
90815000: system.memobj: fix data : 0100100010001001010000000001100001001000100010010100000000010000 
90815000: system.memobj: -------------------------------------
90815000: system.memobj: cpu->mem Got request for addr 0x929c8 , 600520
90815000: system.memobj: size 0x8
90815000: system.memobj: id 94061724546128
90815000: system.memobj: data_hex : B829590000000000 
90815000: system.memobj: data : 1011100000101001010110010000000000000000000000000000000000000000 
90815000: system.memobj: hamming code addr: 600520 
90815000: system.memobj: hamming code : 11 
90815000: system.memobj: hamming code addr: 600528 
90815000: system.memobj: hamming code : 3 
90815000: system.memobj: hamming code addr: 600536 
90815000: system.memobj: hamming code : 7 
90815000: system.memobj: hamming code addr: 600544 
90815000: system.memobj: hamming code : 0 
90815000: system.memobj: hamming code addr: 600552 
90815000: system.memobj: hamming code : 0 
90815000: system.memobj: hamming code addr: 600560 
90815000: system.memobj: hamming code : 0 
90815000: system.memobj: hamming code addr: 600568 
90815000: system.memobj: hamming code : 0 
90815000: system.memobj: hamming code addr: 600576 
90815000: system.memobj: hamming code : 0 
90815000: system.memobj: Enter Error Bit index: 3 
90815000: system.memobj: flip data : 1001100000101001010110010000000000000000000000000000000000000000 
90815000: system.memobj: -------------------------------------
90885000: system.memobj: mem->cpu Got response for addr 0xc4a8 , 50344
90885000: system.memobj: size 0x8
90885000: system.memobj: id 94061724546128
90885000: system.memobj: data_hex : 4883C010FFCA79F0 
90885000: system.memobj: data : 0100100010000011110000000001000011111111110010100111100111110000 
90885000: system.memobj: fix data : 0100100010000011110000000001000011111111110010100111100111110000 
90885000: system.memobj: -------------------------------------
90934000: system.memobj: mem->cpu Got response for addr 0xc4a8 , 50344
90934000: system.memobj: size 0x8
90934000: system.memobj: id 94061724545840
90934000: system.memobj: data_hex : 4883C010FFCA79F0 
90934000: system.memobj: data : 0100100010000011110000000001000011111111110010100111100111110000 
90934000: system.memobj: fix data : 0100100010000011110000000001000011111111110010100111100111110000 
90934000: system.memobj: -------------------------------------
90983000: system.memobj: mem->cpu Got response for addr 0xc4a8 , 50344
90983000: system.memobj: size 0x8
90983000: system.memobj: id 94061724546128
90983000: system.memobj: data_hex : 4883C010FFCA79F0 
90983000: system.memobj: data : 0100100010000011110000000001000011111111110010100111100111110000 
90983000: system.memobj: fix data : 0100100010000011110000000001000011111111110010100111100111110000 
90983000: system.memobj: -------------------------------------
91032000: system.memobj: mem->cpu Got response for addr 0xc4a0 , 50336
91032000: system.memobj: size 0x8
91032000: system.memobj: id 94061724545840
91032000: system.memobj: data_hex : 4889401848894010 
91032000: system.memobj: data : 0100100010001001010000000001100001001000100010010100000000010000 
91032000: system.memobj: fix data : 0100100010001001010000000001100001001000100010010100000000010000 
91032000: system.memobj: -------------------------------------
91032000: system.memobj: cpu->mem Got request for addr 0x929e0 , 600544
91032000: system.memobj: size 0x8
91032000: system.memobj: id 94061724546128
91032000: system.memobj: data_hex : C829590000000000 
91032000: system.memobj: data : 1100100000101001010110010000000000000000000000000000000000000000 
91032000: system.memobj: hamming code addr: 600544 
91032000: system.memobj: hamming code : 15 
91032000: system.memobj: hamming code addr: 600552 
91032000: system.memobj: hamming code : 3 
91032000: system.memobj: hamming code addr: 600560 
91032000: system.memobj: hamming code : 7 
91032000: system.memobj: hamming code addr: 600568 
91032000: system.memobj: hamming code : 0 
91032000: system.memobj: hamming code addr: 600576 
91032000: system.memobj: hamming code : 0 
91032000: system.memobj: hamming code addr: 600584 
91032000: system.memobj: hamming code : 0 
91032000: system.memobj: hamming code addr: 600592 
91032000: system.memobj: hamming code : 0 
91032000: system.memobj: hamming code addr: 600600 
91032000: system.memobj: hamming code : 0 
91032000: system.memobj: Enter Error Bit index: 6 
91032000: system.memobj: flip data : 1100110000101001010110010000000000000000000000000000000000000000 
91032000: system.memobj: -------------------------------------
91102000: system.memobj: mem->cpu Got response for addr 0xc4a0 , 50336
91102000: system.memobj: size 0x8
91102000: system.memobj: id 94061724546128
91102000: system.memobj: data_hex : 4889401848894010 
91102000: system.memobj: data : 0100100010001001010000000001100001001000100010010100000000010000 
91102000: system.memobj: fix data : 0100100010001001010000000001100001001000100010010100000000010000 
91102000: system.memobj: -------------------------------------
91102000: system.memobj: cpu->mem Got request for addr 0x929d8 , 600536
91102000: system.memobj: size 0x8
91102000: system.memobj: id 94061724545840
91102000: system.memobj: data_hex : C829590000000000 
91102000: system.memobj: data : 1100100000101001010110010000000000000000000000000000000000000000 
91102000: system.memobj: hamming code addr: 600536 
91102000: system.memobj: hamming code : 15 
91102000: system.memobj: hamming code addr: 600544 
91102000: system.memobj: hamming code : 3 
91102000: system.memobj: hamming code addr: 600552 
91102000: system.memobj: hamming code : 7 
91102000: system.memobj: hamming code addr: 600560 
91102000: system.memobj: hamming code : 0 
91102000: system.memobj: hamming code addr: 600568 
91102000: system.memobj: hamming code : 0 
91102000: system.memobj: hamming code addr: 600576 
91102000: system.memobj: hamming code : 0 
91102000: system.memobj: hamming code addr: 600584 
91102000: system.memobj: hamming code : 0 
91102000: system.memobj: hamming code addr: 600592 
91102000: system.memobj: hamming code : 0 
91102000: system.memobj: Enter Error Bit index: 7 
91102000: system.memobj: flip data : 1100101000101001010110010000000000000000000000000000000000000000 
91102000: system.memobj: -------------------------------------
91172000: system.memobj: mem->cpu Got response for addr 0xc4a8 , 50344
91172000: system.memobj: size 0x8
91172000: system.memobj: id 94061724545840
91172000: system.memobj: data_hex : 4883C010FFCA79F0 
91172000: system.memobj: data : 0100100010000011110000000001000011111111110010100111100111110000 
91172000: system.memobj: fix data : 0100100010000011110000000001000011111111110010100111100111110000 
91172000: system.memobj: -------------------------------------
91221000: system.memobj: mem->cpu Got response for addr 0xc4a8 , 50344
91221000: system.memobj: size 0x8
91221000: system.memobj: id 94061724546128
91221000: system.memobj: data_hex : 4883C010FFCA79F0 
91221000: system.memobj: data : 0100100010000011110000000001000011111111110010100111100111110000 
91221000: system.memobj: fix data : 0100100010000011110000000001000011111111110010100111100111110000 
91221000: system.memobj: -------------------------------------
91270000: system.memobj: mem->cpu Got response for addr 0xc4a8 , 50344
91270000: system.memobj: size 0x8
91270000: system.memobj: id 94061724545840
91270000: system.memobj: data_hex : 4883C010FFCA79F0 
91270000: system.memobj: data : 0100100010000011110000000001000011111111110010100111100111110000 
91270000: system.memobj: fix data : 0100100010000011110000000001000011111111110010100111100111110000 
91270000: system.memobj: -------------------------------------
91319000: system.memobj: mem->cpu Got response for addr 0xc4a0 , 50336
91319000: system.memobj: size 0x8
91319000: system.memobj: id 94061724546128
91319000: system.memobj: data_hex : 4889401848894010 
91319000: system.memobj: data : 0100100010001001010000000001100001001000100010010100000000010000 
91319000: system.memobj: fix data : 0100100010001001010000000001100001001000100010010100000000010000 
91319000: system.memobj: -------------------------------------
91319000: system.memobj: cpu->mem Got request for addr 0x929f0 , 600560
91319000: system.memobj: size 0x8
91319000: system.memobj: id 94061724545840
91319000: system.memobj: data_hex : D829590000000000 
91319000: system.memobj: data : 1101100000101001010110010000000000000000000000000000000000000000 
91319000: system.memobj: hamming code addr: 600560 
91319000: system.memobj: hamming code : 8 
91319000: system.memobj: hamming code addr: 600568 
91319000: system.memobj: hamming code : 3 
91319000: system.memobj: hamming code addr: 600576 
91319000: system.memobj: hamming code : 7 
91319000: system.memobj: hamming code addr: 600584 
91319000: system.memobj: hamming code : 0 
91319000: system.memobj: hamming code addr: 600592 
91319000: system.memobj: hamming code : 0 
91319000: system.memobj: hamming code addr: 600600 
91319000: system.memobj: hamming code : 0 
91319000: system.memobj: hamming code addr: 600608 
91319000: system.memobj: hamming code : 0 
91319000: system.memobj: hamming code addr: 600616 
91319000: system.memobj: hamming code : 0 
91319000: system.memobj: Enter Error Bit index: 5 
91319000: system.memobj: flip data : 1101000000101001010110010000000000000000000000000000000000000000 
91319000: system.memobj: -------------------------------------
91389000: system.memobj: mem->cpu Got response for addr 0xc4a0 , 50336
91389000: system.memobj: size 0x8
91389000: system.memobj: id 94061724545840
91389000: system.memobj: data_hex : 4889401848894010 
91389000: system.memobj: data : 0100100010001001010000000001100001001000100010010100000000010000 
91389000: system.memobj: fix data : 0100100010001001010000000001100001001000100010010100000000010000 
91389000: system.memobj: -------------------------------------
91389000: system.memobj: cpu->mem Got request for addr 0x929e8 , 600552
91389000: system.memobj: size 0x8
91389000: system.memobj: id 94061724546128
91389000: system.memobj: data_hex : D829590000000000 
91389000: system.memobj: data : 1101100000101001010110010000000000000000000000000000000000000000 
91389000: system.memobj: hamming code addr: 600552 
91389000: system.memobj: hamming code : 8 
91389000: system.memobj: hamming code addr: 600560 
91389000: system.memobj: hamming code : 3 
91389000: system.memobj: hamming code addr: 600568 
91389000: system.memobj: hamming code : 7 
91389000: system.memobj: hamming code addr: 600576 
91389000: system.memobj: hamming code : 0 
91389000: system.memobj: hamming code addr: 600584 
91389000: system.memobj: hamming code : 0 
91389000: system.memobj: hamming code addr: 600592 
91389000: system.memobj: hamming code : 0 
91389000: system.memobj: hamming code addr: 600600 
91389000: system.memobj: hamming code : 0 
91389000: system.memobj: hamming code addr: 600608 
91389000: system.memobj: hamming code : 0 
91389000: system.memobj: Enter Error Bit index: 4 
91389000: system.memobj: flip data : 1100100000101001010110010000000000000000000000000000000000000000 
91389000: system.memobj: -------------------------------------
91459000: system.memobj: mem->cpu Got response for addr 0xc4a8 , 50344
91459000: system.memobj: size 0x8
91459000: system.memobj: id 94061724546128
91459000: system.memobj: data_hex : 4883C010FFCA79F0 
91459000: system.memobj: data : 0100100010000011110000000001000011111111110010100111100111110000 
91459000: system.memobj: fix data : 0100100010000011110000000001000011111111110010100111100111110000 
91459000: system.memobj: -------------------------------------
91508000: system.memobj: mem->cpu Got response for addr 0xc4a8 , 50344
91508000: system.memobj: size 0x8
91508000: system.memobj: id 94061724545840
91508000: system.memobj: data_hex : 4883C010FFCA79F0 
91508000: system.memobj: data : 0100100010000011110000000001000011111111110010100111100111110000 
91508000: system.memobj: fix data : 0100100010000011110000000001000011111111110010100111100111110000 
91508000: system.memobj: -------------------------------------
91571000: system.memobj: mem->cpu Got response for addr 0xc4a8 , 50344
91571000: system.memobj: size 0x8
91571000: system.memobj: id 94061724546128
91571000: system.memobj: data_hex : 4883C010FFCA79F0 
91571000: system.memobj: data : 0100100010000011110000000001000011111111110010100111100111110000 
91571000: system.memobj: fix data : 0100100010000011110000000001000011111111110010100111100111110000 
91571000: system.memobj: -------------------------------------
91620000: system.memobj: mem->cpu Got response for addr 0xc4a0 , 50336
91620000: system.memobj: size 0x8
91620000: system.memobj: id 94061724545840
91620000: system.memobj: data_hex : 4889401848894010 
91620000: system.memobj: data : 0100100010001001010000000001100001001000100010010100000000010000 
91620000: system.memobj: fix data : 0100100010001001010000000001100001001000100010010100000000010000 
91620000: system.memobj: -------------------------------------
91620000: system.memobj: cpu->mem Got request for addr 0x92a00 , 600576
91620000: system.memobj: size 0x8
91620000: system.memobj: id 94061724546128
91620000: system.memobj: data_hex : E829590000000000 
91620000: system.memobj: data : 1110100000101001010110010000000000000000000000000000000000000000 
91620000: system.memobj: hamming code addr: 600576 
91620000: system.memobj: hamming code : 9 
91620000: system.memobj: hamming code addr: 600584 
91620000: system.memobj: hamming code : 3 
91620000: system.memobj: hamming code addr: 600592 
91620000: system.memobj: hamming code : 7 
91620000: system.memobj: hamming code addr: 600600 
91620000: system.memobj: hamming code : 0 
91620000: system.memobj: hamming code addr: 600608 
91620000: system.memobj: hamming code : 0 
91620000: system.memobj: hamming code addr: 600616 
91620000: system.memobj: hamming code : 0 
91620000: system.memobj: hamming code addr: 600624 
91620000: system.memobj: hamming code : 0 
91620000: system.memobj: hamming code addr: 600632 
91620000: system.memobj: hamming code : 0 
91620000: system.memobj: Enter Error Bit index: 8 
91620000: system.memobj: flip data : 1110100100101001010110010000000000000000000000000000000000000000 
91620000: system.memobj: -------------------------------------
91690000: system.memobj: mem->cpu Got response for addr 0xc4a0 , 50336
91690000: system.memobj: size 0x8
91690000: system.memobj: id 94061724546128
91690000: system.memobj: data_hex : 4889401848894010 
91690000: system.memobj: data : 0100100010001001010000000001100001001000100010010100000000010000 
91690000: system.memobj: fix data : 0100100010001001010000000001100001001000100010010100000000010000 
91690000: system.memobj: -------------------------------------
91690000: system.memobj: cpu->mem Got request for addr 0x929f8 , 600568
91690000: system.memobj: size 0x8
91690000: system.memobj: id 94061724545840
91690000: system.memobj: data_hex : E829590000000000 
91690000: system.memobj: data : 1110100000101001010110010000000000000000000000000000000000000000 
91690000: system.memobj: hamming code addr: 600568 
91690000: system.memobj: hamming code : 9 
91690000: system.memobj: hamming code addr: 600576 
91690000: system.memobj: hamming code : 3 
91690000: system.memobj: hamming code addr: 600584 
91690000: system.memobj: hamming code : 7 
91690000: system.memobj: hamming code addr: 600592 
91690000: system.memobj: hamming code : 0 
91690000: system.memobj: hamming code addr: 600600 
91690000: system.memobj: hamming code : 0 
91690000: system.memobj: hamming code addr: 600608 
91690000: system.memobj: hamming code : 0 
91690000: system.memobj: hamming code addr: 600616 
91690000: system.memobj: hamming code : 0 
91690000: system.memobj: hamming code addr: 600624 
91690000: system.memobj: hamming code : 0 
91690000: system.memobj: Enter Error Bit index: 6 
91690000: system.memobj: flip data : 1110110000101001010110010000000000000000000000000000000000000000 
91690000: system.memobj: -------------------------------------
91760000: system.memobj: mem->cpu Got response for addr 0xc4a8 , 50344
91760000: system.memobj: size 0x8
91760000: system.memobj: id 94061724545840
91760000: system.memobj: data_hex : 4883C010FFCA79F0 
91760000: system.memobj: data : 0100100010000011110000000001000011111111110010100111100111110000 
91760000: system.memobj: fix data : 0100100010000011110000000001000011111111110010100111100111110000 
91760000: system.memobj: -------------------------------------
91809000: system.memobj: mem->cpu Got response for addr 0xc4a8 , 50344
91809000: system.memobj: size 0x8
91809000: system.memobj: id 94061724546128
91809000: system.memobj: data_hex : 4883C010FFCA79F0 
91809000: system.memobj: data : 0100100010000011110000000001000011111111110010100111100111110000 
91809000: system.memobj: fix data : 0100100010000011110000000001000011111111110010100111100111110000 
91809000: system.memobj: -------------------------------------
91858000: system.memobj: mem->cpu Got response for addr 0xc4a8 , 50344
91858000: system.memobj: size 0x8
91858000: system.memobj: id 94061724545840
91858000: system.memobj: data_hex : 4883C010FFCA79F0 
91858000: system.memobj: data : 0100100010000011110000000001000011111111110010100111100111110000 
91858000: system.memobj: fix data : 0100100010000011110000000001000011111111110010100111100111110000 
91858000: system.memobj: -------------------------------------
91907000: system.memobj: mem->cpu Got response for addr 0xc4a0 , 50336
91907000: system.memobj: size 0x8
91907000: system.memobj: id 94061724546128
91907000: system.memobj: data_hex : 4889401848894010 
91907000: system.memobj: data : 0100100010001001010000000001100001001000100010010100000000010000 
91907000: system.memobj: fix data : 0100100010001001010000000001100001001000100010010100000000010000 
91907000: system.memobj: -------------------------------------
91907000: system.memobj: cpu->mem Got request for addr 0x92a10 , 600592
91907000: system.memobj: size 0x8
91907000: system.memobj: id 94061724545840
91907000: system.memobj: data_hex : F829590000000000 
91907000: system.memobj: data : 1111100000101001010110010000000000000000000000000000000000000000 
91907000: system.memobj: hamming code addr: 600592 
91907000: system.memobj: hamming code : 14 
91907000: system.memobj: hamming code addr: 600600 
91907000: system.memobj: hamming code : 3 
91907000: system.memobj: hamming code addr: 600608 
91907000: system.memobj: hamming code : 7 
91907000: system.memobj: hamming code addr: 600616 
91907000: system.memobj: hamming code : 0 
91907000: system.memobj: hamming code addr: 600624 
91907000: system.memobj: hamming code : 0 
91907000: system.memobj: hamming code addr: 600632 
91907000: system.memobj: hamming code : 0 
91907000: system.memobj: hamming code addr: 600640 
91907000: system.memobj: hamming code : 0 
91907000: system.memobj: hamming code addr: 600648 
91907000: system.memobj: hamming code : 0 
91907000: system.memobj: Enter Error Bit index: 4 
91907000: system.memobj: flip data : 1110100000101001010110010000000000000000000000000000000000000000 
91907000: system.memobj: -------------------------------------
91977000: system.memobj: mem->cpu Got response for addr 0xc4a0 , 50336
91977000: system.memobj: size 0x8
91977000: system.memobj: id 94061724545840
91977000: system.memobj: data_hex : 4889401848894010 
91977000: system.memobj: data : 0100100010001001010000000001100001001000100010010100000000010000 
91977000: system.memobj: fix data : 0100100010001001010000000001100001001000100010010100000000010000 
91977000: system.memobj: -------------------------------------
91977000: system.memobj: cpu->mem Got request for addr 0x92a08 , 600584
91977000: system.memobj: size 0x8
91977000: system.memobj: id 94061724546128
91977000: system.memobj: data_hex : F829590000000000 
91977000: system.memobj: data : 1111100000101001010110010000000000000000000000000000000000000000 
91977000: system.memobj: hamming code addr: 600584 
91977000: system.memobj: hamming code : 14 
91977000: system.memobj: hamming code addr: 600592 
91977000: system.memobj: hamming code : 3 
91977000: system.memobj: hamming code addr: 600600 
91977000: system.memobj: hamming code : 7 
91977000: system.memobj: hamming code addr: 600608 
91977000: system.memobj: hamming code : 0 
91977000: system.memobj: hamming code addr: 600616 
91977000: system.memobj: hamming code : 0 
91977000: system.memobj: hamming code addr: 600624 
91977000: system.memobj: hamming code : 0 
91977000: system.memobj: hamming code addr: 600632 
91977000: system.memobj: hamming code : 0 
91977000: system.memobj: hamming code addr: 600640 
91977000: system.memobj: hamming code : 0 
91977000: system.memobj: Enter Error Bit index: 5 
91977000: system.memobj: flip data : 1111000000101001010110010000000000000000000000000000000000000000 
91977000: system.memobj: -------------------------------------
92047000: system.memobj: mem->cpu Got response for addr 0xc4a8 , 50344
92047000: system.memobj: size 0x8
92047000: system.memobj: id 94061724546128
92047000: system.memobj: data_hex : 4883C010FFCA79F0 
92047000: system.memobj: data : 0100100010000011110000000001000011111111110010100111100111110000 
92047000: system.memobj: fix data : 0100100010000011110000000001000011111111110010100111100111110000 
92047000: system.memobj: -------------------------------------
92096000: system.memobj: mem->cpu Got response for addr 0xc4a8 , 50344
92096000: system.memobj: size 0x8
92096000: system.memobj: id 94061724545840
92096000: system.memobj: data_hex : 4883C010FFCA79F0 
92096000: system.memobj: data : 0100100010000011110000000001000011111111110010100111100111110000 
92096000: system.memobj: fix data : 0100100010000011110000000001000011111111110010100111100111110000 
92096000: system.memobj: -------------------------------------
92145000: system.memobj: mem->cpu Got response for addr 0xc4a8 , 50344
92145000: system.memobj: size 0x8
92145000: system.memobj: id 94061724546128
92145000: system.memobj: data_hex : 4883C010FFCA79F0 
92145000: system.memobj: data : 0100100010000011110000000001000011111111110010100111100111110000 
92145000: system.memobj: fix data : 0100100010000011110000000001000011111111110010100111100111110000 
92145000: system.memobj: -------------------------------------
92194000: system.memobj: mem->cpu Got response for addr 0xc4a0 , 50336
92194000: system.memobj: size 0x8
92194000: system.memobj: id 94061724545840
92194000: system.memobj: data_hex : 4889401848894010 
92194000: system.memobj: data : 0100100010001001010000000001100001001000100010010100000000010000 
92194000: system.memobj: fix data : 0100100010001001010000000001100001001000100010010100000000010000 
92194000: system.memobj: -------------------------------------
92194000: system.memobj: cpu->mem Got request for addr 0x92a20 , 600608
92194000: system.memobj: size 0x8
92194000: system.memobj: id 94061724546128
92194000: system.memobj: data_hex : 082A590000000000 
92194000: system.memobj: data : 0000100000101010010110010000000000000000000000000000000000000000 
92194000: system.memobj: hamming code addr: 600608 
92194000: system.memobj: hamming code : 9 
92194000: system.memobj: hamming code addr: 600616 
92194000: system.memobj: hamming code : 4 
92194000: system.memobj: hamming code addr: 600624 
92194000: system.memobj: hamming code : 7 
92194000: system.memobj: hamming code addr: 600632 
92194000: system.memobj: hamming code : 0 
92194000: system.memobj: hamming code addr: 600640 
92194000: system.memobj: hamming code : 0 
92194000: system.memobj: hamming code addr: 600648 
92194000: system.memobj: hamming code : 0 
92194000: system.memobj: hamming code addr: 600656 
92194000: system.memobj: hamming code : 0 
92194000: system.memobj: hamming code addr: 600664 
92194000: system.memobj: hamming code : 0 
92194000: system.memobj: Enter Error Bit index: 8 
92194000: system.memobj: flip data : 0000100100101010010110010000000000000000000000000000000000000000 
92194000: system.memobj: -------------------------------------
92264000: system.memobj: mem->cpu Got response for addr 0xc4a0 , 50336
92264000: system.memobj: size 0x8
92264000: system.memobj: id 94061724546128
92264000: system.memobj: data_hex : 4889401848894010 
92264000: system.memobj: data : 0100100010001001010000000001100001001000100010010100000000010000 
92264000: system.memobj: fix data : 0100100010001001010000000001100001001000100010010100000000010000 
92264000: system.memobj: -------------------------------------
92264000: system.memobj: cpu->mem Got request for addr 0x92a18 , 600600
92264000: system.memobj: size 0x8
92264000: system.memobj: id 94061724545840
92264000: system.memobj: data_hex : 082A590000000000 
92264000: system.memobj: data : 0000100000101010010110010000000000000000000000000000000000000000 
92264000: system.memobj: hamming code addr: 600600 
92264000: system.memobj: hamming code : 9 
92264000: system.memobj: hamming code addr: 600608 
92264000: system.memobj: hamming code : 4 
92264000: system.memobj: hamming code addr: 600616 
92264000: system.memobj: hamming code : 7 
92264000: system.memobj: hamming code addr: 600624 
92264000: system.memobj: hamming code : 0 
92264000: system.memobj: hamming code addr: 600632 
92264000: system.memobj: hamming code : 0 
92264000: system.memobj: hamming code addr: 600640 
92264000: system.memobj: hamming code : 0 
92264000: system.memobj: hamming code addr: 600648 
92264000: system.memobj: hamming code : 0 
92264000: system.memobj: hamming code addr: 600656 
92264000: system.memobj: hamming code : 0 
92264000: system.memobj: Enter Error Bit index: 6 
92264000: system.memobj: flip data : 0000110000101010010110010000000000000000000000000000000000000000 
92264000: system.memobj: -------------------------------------
92334000: system.memobj: mem->cpu Got response for addr 0xc4a8 , 50344
92334000: system.memobj: size 0x8
92334000: system.memobj: id 94061724545840
92334000: system.memobj: data_hex : 4883C010FFCA79F0 
92334000: system.memobj: data : 0100100010000011110000000001000011111111110010100111100111110000 
92334000: system.memobj: fix data : 0100100010000011110000000001000011111111110010100111100111110000 
92334000: system.memobj: -------------------------------------
92383000: system.memobj: mem->cpu Got response for addr 0xc4a8 , 50344
92383000: system.memobj: size 0x8
92383000: system.memobj: id 94061724546128
92383000: system.memobj: data_hex : 4883C010FFCA79F0 
92383000: system.memobj: data : 0100100010000011110000000001000011111111110010100111100111110000 
92383000: system.memobj: fix data : 0100100010000011110000000001000011111111110010100111100111110000 
92383000: system.memobj: -------------------------------------
92432000: system.memobj: mem->cpu Got response for addr 0xc4a8 , 50344
92432000: system.memobj: size 0x8
92432000: system.memobj: id 94061724545840
92432000: system.memobj: data_hex : 4883C010FFCA79F0 
92432000: system.memobj: data : 0100100010000011110000000001000011111111110010100111100111110000 
92432000: system.memobj: fix data : 0100100010000011110000000001000011111111110010100111100111110000 
92432000: system.memobj: -------------------------------------
92495000: system.memobj: mem->cpu Got response for addr 0xc4a0 , 50336
92495000: system.memobj: size 0x8
92495000: system.memobj: id 94061724546128
92495000: system.memobj: data_hex : 4889401848894010 
92495000: system.memobj: data : 0100100010001001010000000001100001001000100010010100000000010000 
92495000: system.memobj: fix data : 0100100010001001010000000001100001001000100010010100000000010000 
92495000: system.memobj: -------------------------------------
92495000: system.memobj: cpu->mem Got request for addr 0x92a30 , 600624
92495000: system.memobj: size 0x8
92495000: system.memobj: id 94061724545840
92495000: system.memobj: data_hex : 182A590000000000 
92495000: system.memobj: data : 0001100000101010010110010000000000000000000000000000000000000000 
92495000: system.memobj: hamming code addr: 600624 
92495000: system.memobj: hamming code : 14 
92495000: system.memobj: hamming code addr: 600632 
92495000: system.memobj: hamming code : 4 
92495000: system.memobj: hamming code addr: 600640 
92495000: system.memobj: hamming code : 7 
92495000: system.memobj: hamming code addr: 600648 
92495000: system.memobj: hamming code : 0 
92495000: system.memobj: hamming code addr: 600656 
92495000: system.memobj: hamming code : 0 
92495000: system.memobj: hamming code addr: 600664 
92495000: system.memobj: hamming code : 0 
92495000: system.memobj: hamming code addr: 600672 
92495000: system.memobj: hamming code : 0 
92495000: system.memobj: hamming code addr: 600680 
92495000: system.memobj: hamming code : 0 
92495000: system.memobj: Enter Error Bit index: 6 
92495000: system.memobj: flip data : 0001110000101010010110010000000000000000000000000000000000000000 
92495000: system.memobj: -------------------------------------
92565000: system.memobj: mem->cpu Got response for addr 0xc4a0 , 50336
92565000: system.memobj: size 0x8
92565000: system.memobj: id 94061724545840
92565000: system.memobj: data_hex : 4889401848894010 
92565000: system.memobj: data : 0100100010001001010000000001100001001000100010010100000000010000 
92565000: system.memobj: fix data : 0100100010001001010000000001100001001000100010010100000000010000 
92565000: system.memobj: -------------------------------------
92565000: system.memobj: cpu->mem Got request for addr 0x92a28 , 600616
92565000: system.memobj: size 0x8
92565000: system.memobj: id 94061724546128
92565000: system.memobj: data_hex : 182A590000000000 
92565000: system.memobj: data : 0001100000101010010110010000000000000000000000000000000000000000 
92565000: system.memobj: hamming code addr: 600616 
92565000: system.memobj: hamming code : 14 
92565000: system.memobj: hamming code addr: 600624 
92565000: system.memobj: hamming code : 4 
92565000: system.memobj: hamming code addr: 600632 
92565000: system.memobj: hamming code : 7 
92565000: system.memobj: hamming code addr: 600640 
92565000: system.memobj: hamming code : 0 
92565000: system.memobj: hamming code addr: 600648 
92565000: system.memobj: hamming code : 0 
92565000: system.memobj: hamming code addr: 600656 
92565000: system.memobj: hamming code : 0 
92565000: system.memobj: hamming code addr: 600664 
92565000: system.memobj: hamming code : 0 
92565000: system.memobj: hamming code addr: 600672 
92565000: system.memobj: hamming code : 0 
92565000: system.memobj: Enter Error Bit index: 5 
92565000: system.memobj: flip data : 0001000000101010010110010000000000000000000000000000000000000000 
92565000: system.memobj: -------------------------------------
92635000: system.memobj: mem->cpu Got response for addr 0xc4a8 , 50344
92635000: system.memobj: size 0x8
92635000: system.memobj: id 94061724546128
92635000: system.memobj: data_hex : 4883C010FFCA79F0 
92635000: system.memobj: data : 0100100010000011110000000001000011111111110010100111100111110000 
92635000: system.memobj: fix data : 0100100010000011110000000001000011111111110010100111100111110000 
92635000: system.memobj: -------------------------------------
92684000: system.memobj: mem->cpu Got response for addr 0xc4a8 , 50344
92684000: system.memobj: size 0x8
92684000: system.memobj: id 94061724545840
92684000: system.memobj: data_hex : 4883C010FFCA79F0 
92684000: system.memobj: data : 0100100010000011110000000001000011111111110010100111100111110000 
92684000: system.memobj: fix data : 0100100010000011110000000001000011111111110010100111100111110000 
92684000: system.memobj: -------------------------------------
92733000: system.memobj: mem->cpu Got response for addr 0xc4a8 , 50344
92733000: system.memobj: size 0x8
92733000: system.memobj: id 94061724546128
92733000: system.memobj: data_hex : 4883C010FFCA79F0 
92733000: system.memobj: data : 0100100010000011110000000001000011111111110010100111100111110000 
92733000: system.memobj: fix data : 0100100010000011110000000001000011111111110010100111100111110000 
92733000: system.memobj: -------------------------------------
92782000: system.memobj: mem->cpu Got response for addr 0xc4a0 , 50336
92782000: system.memobj: size 0x8
92782000: system.memobj: id 94061724545840
92782000: system.memobj: data_hex : 4889401848894010 
92782000: system.memobj: data : 0100100010001001010000000001100001001000100010010100000000010000 
92782000: system.memobj: fix data : 0100100010001001010000000001100001001000100010010100000000010000 
92782000: system.memobj: -------------------------------------
92782000: system.memobj: cpu->mem Got request for addr 0x92a40 , 600640
92782000: system.memobj: size 0x8
92782000: system.memobj: id 94061724546128
92782000: system.memobj: data_hex : 282A590000000000 
92782000: system.memobj: data : 0010100000101010010110010000000000000000000000000000000000000000 
92782000: system.memobj: hamming code addr: 600640 
92782000: system.memobj: hamming code : 15 
92782000: system.memobj: hamming code addr: 600648 
92782000: system.memobj: hamming code : 4 
92782000: system.memobj: hamming code addr: 600656 
92782000: system.memobj: hamming code : 7 
92782000: system.memobj: hamming code addr: 600664 
92782000: system.memobj: hamming code : 0 
92782000: system.memobj: hamming code addr: 600672 
92782000: system.memobj: hamming code : 0 
92782000: system.memobj: hamming code addr: 600680 
92782000: system.memobj: hamming code : 0 
92782000: system.memobj: hamming code addr: 600688 
92782000: system.memobj: hamming code : 0 
92782000: system.memobj: hamming code addr: 600696 
92782000: system.memobj: hamming code : 0 
92782000: system.memobj: Enter Error Bit index: 7 
92782000: system.memobj: flip data : 0010101000101010010110010000000000000000000000000000000000000000 
92782000: system.memobj: -------------------------------------
92930000: system.memobj: mem->cpu Got response for addr 0xc4a0 , 50336
92930000: system.memobj: size 0x8
92930000: system.memobj: id 94061724546128
92930000: system.memobj: data_hex : 4889401848894010 
92930000: system.memobj: data : 0100100010001001010000000001100001001000100010010100000000010000 
92930000: system.memobj: fix data : 0100100010001001010000000001100001001000100010010100000000010000 
92930000: system.memobj: -------------------------------------
92930000: system.memobj: cpu->mem Got request for addr 0x92a38 , 600632
92930000: system.memobj: size 0x8
92930000: system.memobj: id 94061724545840
92930000: system.memobj: data_hex : 282A590000000000 
92930000: system.memobj: data : 0010100000101010010110010000000000000000000000000000000000000000 
92930000: system.memobj: hamming code addr: 600632 
92930000: system.memobj: hamming code : 15 
92930000: system.memobj: hamming code addr: 600640 
92930000: system.memobj: hamming code : 4 
92930000: system.memobj: hamming code addr: 600648 
92930000: system.memobj: hamming code : 7 
92930000: system.memobj: hamming code addr: 600656 
92930000: system.memobj: hamming code : 0 
92930000: system.memobj: hamming code addr: 600664 
92930000: system.memobj: hamming code : 0 
92930000: system.memobj: hamming code addr: 600672 
92930000: system.memobj: hamming code : 0 
92930000: system.memobj: hamming code addr: 600680 
92930000: system.memobj: hamming code : 0 
92930000: system.memobj: hamming code addr: 600688 
92930000: system.memobj: hamming code : 0 
92930000: system.memobj: Enter Error Bit index: 8 
92930000: system.memobj: flip data : 0010100100101010010110010000000000000000000000000000000000000000 
92930000: system.memobj: -------------------------------------
93000000: system.memobj: mem->cpu Got response for addr 0xc4a8 , 50344
93000000: system.memobj: size 0x8
93000000: system.memobj: id 94061724545840
93000000: system.memobj: data_hex : 4883C010FFCA79F0 
93000000: system.memobj: data : 0100100010000011110000000001000011111111110010100111100111110000 
93000000: system.memobj: fix data : 0100100010000011110000000001000011111111110010100111100111110000 
93000000: system.memobj: -------------------------------------
93049000: system.memobj: mem->cpu Got response for addr 0xc4a8 , 50344
93049000: system.memobj: size 0x8
93049000: system.memobj: id 94061724546128
93049000: system.memobj: data_hex : 4883C010FFCA79F0 
93049000: system.memobj: data : 0100100010000011110000000001000011111111110010100111100111110000 
93049000: system.memobj: fix data : 0100100010000011110000000001000011111111110010100111100111110000 
93049000: system.memobj: -------------------------------------
93098000: system.memobj: mem->cpu Got response for addr 0xc4a8 , 50344
93098000: system.memobj: size 0x8
93098000: system.memobj: id 94061724545840
93098000: system.memobj: data_hex : 4883C010FFCA79F0 
93098000: system.memobj: data : 0100100010000011110000000001000011111111110010100111100111110000 
93098000: system.memobj: fix data : 0100100010000011110000000001000011111111110010100111100111110000 
93098000: system.memobj: -------------------------------------
93147000: system.memobj: mem->cpu Got response for addr 0xc4a0 , 50336
93147000: system.memobj: size 0x8
93147000: system.memobj: id 94061724546128
93147000: system.memobj: data_hex : 4889401848894010 
93147000: system.memobj: data : 0100100010001001010000000001100001001000100010010100000000010000 
93147000: system.memobj: fix data : 0100100010001001010000000001100001001000100010010100000000010000 
93147000: system.memobj: -------------------------------------
93147000: system.memobj: cpu->mem Got request for addr 0x92a50 , 600656
93147000: system.memobj: size 0x8
93147000: system.memobj: id 94061724545840
93147000: system.memobj: data_hex : 382A590000000000 
93147000: system.memobj: data : 0011100000101010010110010000000000000000000000000000000000000000 
93147000: system.memobj: hamming code addr: 600656 
93147000: system.memobj: hamming code : 8 
93147000: system.memobj: hamming code addr: 600664 
93147000: system.memobj: hamming code : 4 
93147000: system.memobj: hamming code addr: 600672 
93147000: system.memobj: hamming code : 7 
93147000: system.memobj: hamming code addr: 600680 
93147000: system.memobj: hamming code : 0 
93147000: system.memobj: hamming code addr: 600688 
93147000: system.memobj: hamming code : 0 
93147000: system.memobj: hamming code addr: 600696 
93147000: system.memobj: hamming code : 0 
93147000: system.memobj: hamming code addr: 600704 
93147000: system.memobj: hamming code : 0 
93147000: system.memobj: hamming code addr: 600712 
93147000: system.memobj: hamming code : 0 
93147000: system.memobj: Enter Error Bit index: 7 
93147000: system.memobj: flip data : 0011101000101010010110010000000000000000000000000000000000000000 
93147000: system.memobj: -------------------------------------
93217000: system.memobj: mem->cpu Got response for addr 0xc4a0 , 50336
93217000: system.memobj: size 0x8
93217000: system.memobj: id 94061724545840
93217000: system.memobj: data_hex : 4889401848894010 
93217000: system.memobj: data : 0100100010001001010000000001100001001000100010010100000000010000 
93217000: system.memobj: fix data : 0100100010001001010000000001100001001000100010010100000000010000 
93217000: system.memobj: -------------------------------------
93217000: system.memobj: cpu->mem Got request for addr 0x92a48 , 600648
93217000: system.memobj: size 0x8
93217000: system.memobj: id 94061724546128
93217000: system.memobj: data_hex : 382A590000000000 
93217000: system.memobj: data : 0011100000101010010110010000000000000000000000000000000000000000 
93217000: system.memobj: hamming code addr: 600648 
93217000: system.memobj: hamming code : 8 
93217000: system.memobj: hamming code addr: 600656 
93217000: system.memobj: hamming code : 4 
93217000: system.memobj: hamming code addr: 600664 
93217000: system.memobj: hamming code : 7 
93217000: system.memobj: hamming code addr: 600672 
93217000: system.memobj: hamming code : 0 
93217000: system.memobj: hamming code addr: 600680 
93217000: system.memobj: hamming code : 0 
93217000: system.memobj: hamming code addr: 600688 
93217000: system.memobj: hamming code : 0 
93217000: system.memobj: hamming code addr: 600696 
93217000: system.memobj: hamming code : 0 
93217000: system.memobj: hamming code addr: 600704 
93217000: system.memobj: hamming code : 0 
93217000: system.memobj: Enter Error Bit index: 3 
93217000: system.memobj: flip data : 0001100000101010010110010000000000000000000000000000000000000000 
93217000: system.memobj: -------------------------------------
93287000: system.memobj: mem->cpu Got response for addr 0xc4a8 , 50344
93287000: system.memobj: size 0x8
93287000: system.memobj: id 94061724546128
93287000: system.memobj: data_hex : 4883C010FFCA79F0 
93287000: system.memobj: data : 0100100010000011110000000001000011111111110010100111100111110000 
93287000: system.memobj: fix data : 0100100010000011110000000001000011111111110010100111100111110000 
93287000: system.memobj: -------------------------------------
93336000: system.memobj: mem->cpu Got response for addr 0xc4a8 , 50344
93336000: system.memobj: size 0x8
93336000: system.memobj: id 94061724545840
93336000: system.memobj: data_hex : 4883C010FFCA79F0 
93336000: system.memobj: data : 0100100010000011110000000001000011111111110010100111100111110000 
93336000: system.memobj: fix data : 0100100010000011110000000001000011111111110010100111100111110000 
93336000: system.memobj: -------------------------------------
93385000: system.memobj: mem->cpu Got response for addr 0xc4a8 , 50344
93385000: system.memobj: size 0x8
93385000: system.memobj: id 94061724546128
93385000: system.memobj: data_hex : 4883C010FFCA79F0 
93385000: system.memobj: data : 0100100010000011110000000001000011111111110010100111100111110000 
93385000: system.memobj: fix data : 0100100010000011110000000001000011111111110010100111100111110000 
93385000: system.memobj: -------------------------------------
93434000: system.memobj: mem->cpu Got response for addr 0xc4a0 , 50336
93434000: system.memobj: size 0x8
93434000: system.memobj: id 94061724545840
93434000: system.memobj: data_hex : 4889401848894010 
93434000: system.memobj: data : 0100100010001001010000000001100001001000100010010100000000010000 
93434000: system.memobj: fix data : 0100100010001001010000000001100001001000100010010100000000010000 
93434000: system.memobj: -------------------------------------
93434000: system.memobj: cpu->mem Got request for addr 0x92a60 , 600672
93434000: system.memobj: size 0x8
93434000: system.memobj: id 94061724546128
93434000: system.memobj: data_hex : 482A590000000000 
93434000: system.memobj: data : 0100100000101010010110010000000000000000000000000000000000000000 
93434000: system.memobj: hamming code addr: 600672 
93434000: system.memobj: hamming code : 12 
93434000: system.memobj: hamming code addr: 600680 
93434000: system.memobj: hamming code : 4 
93434000: system.memobj: hamming code addr: 600688 
93434000: system.memobj: hamming code : 7 
93434000: system.memobj: hamming code addr: 600696 
93434000: system.memobj: hamming code : 0 
93434000: system.memobj: hamming code addr: 600704 
93434000: system.memobj: hamming code : 0 
93434000: system.memobj: hamming code addr: 600712 
93434000: system.memobj: hamming code : 0 
93434000: system.memobj: hamming code addr: 600720 
93434000: system.memobj: hamming code : 0 
93434000: system.memobj: hamming code addr: 600728 
93434000: system.memobj: hamming code : 0 
93434000: system.memobj: Enter Error Bit index: 5 
93434000: system.memobj: flip data : 0100000000101010010110010000000000000000000000000000000000000000 
93434000: system.memobj: -------------------------------------
93772000: system.memobj: mem->cpu Got response for addr 0xc4a0 , 50336
93772000: system.memobj: size 0x8
93772000: system.memobj: id 94061724546128
93772000: system.memobj: data_hex : 4889401848894010 
93772000: system.memobj: data : 0100100010001001010000000001100001001000100010010100000000010000 
93772000: system.memobj: fix data : 0100100010001001010000000001100001001000100010010100000000010000 
93772000: system.memobj: -------------------------------------
93772000: system.memobj: cpu->mem Got request for addr 0x92a58 , 600664
93772000: system.memobj: size 0x8
93772000: system.memobj: id 94061724545840
93772000: system.memobj: data_hex : 482A590000000000 
93772000: system.memobj: data : 0100100000101010010110010000000000000000000000000000000000000000 
93772000: system.memobj: hamming code addr: 600664 
93772000: system.memobj: hamming code : 12 
93772000: system.memobj: hamming code addr: 600672 
93772000: system.memobj: hamming code : 4 
93772000: system.memobj: hamming code addr: 600680 
93772000: system.memobj: hamming code : 7 
93772000: system.memobj: hamming code addr: 600688 
93772000: system.memobj: hamming code : 0 
93772000: system.memobj: hamming code addr: 600696 
93772000: system.memobj: hamming code : 0 
93772000: system.memobj: hamming code addr: 600704 
93772000: system.memobj: hamming code : 0 
93772000: system.memobj: hamming code addr: 600712 
93772000: system.memobj: hamming code : 0 
93772000: system.memobj: hamming code addr: 600720 
93772000: system.memobj: hamming code : 0 
93772000: system.memobj: Enter Error Bit index: 5 
93772000: system.memobj: flip data : 0100000000101010010110010000000000000000000000000000000000000000 
93772000: system.memobj: -------------------------------------
93842000: system.memobj: mem->cpu Got response for addr 0xc4a8 , 50344
93842000: system.memobj: size 0x8
93842000: system.memobj: id 94061724545840
93842000: system.memobj: data_hex : 4883C010FFCA79F0 
93842000: system.memobj: data : 0100100010000011110000000001000011111111110010100111100111110000 
93842000: system.memobj: fix data : 0100100010000011110000000001000011111111110010100111100111110000 
93842000: system.memobj: -------------------------------------
93891000: system.memobj: mem->cpu Got response for addr 0xc4a8 , 50344
93891000: system.memobj: size 0x8
93891000: system.memobj: id 94061724546128
93891000: system.memobj: data_hex : 4883C010FFCA79F0 
93891000: system.memobj: data : 0100100010000011110000000001000011111111110010100111100111110000 
93891000: system.memobj: fix data : 0100100010000011110000000001000011111111110010100111100111110000 
93891000: system.memobj: -------------------------------------
93940000: system.memobj: mem->cpu Got response for addr 0xc4a8 , 50344
93940000: system.memobj: size 0x8
93940000: system.memobj: id 94061724545840
93940000: system.memobj: data_hex : 4883C010FFCA79F0 
93940000: system.memobj: data : 0100100010000011110000000001000011111111110010100111100111110000 
93940000: system.memobj: fix data : 0100100010000011110000000001000011111111110010100111100111110000 
93940000: system.memobj: -------------------------------------
93989000: system.memobj: mem->cpu Got response for addr 0xc4a0 , 50336
93989000: system.memobj: size 0x8
93989000: system.memobj: id 94061724546128
93989000: system.memobj: data_hex : 4889401848894010 
93989000: system.memobj: data : 0100100010001001010000000001100001001000100010010100000000010000 
93989000: system.memobj: fix data : 0100100010001001010000000001100001001000100010010100000000010000 
93989000: system.memobj: -------------------------------------
93989000: system.memobj: cpu->mem Got request for addr 0x92a70 , 600688
93989000: system.memobj: size 0x8
93989000: system.memobj: id 94061724545840
93989000: system.memobj: data_hex : 582A590000000000 
93989000: system.memobj: data : 0101100000101010010110010000000000000000000000000000000000000000 
93989000: system.memobj: hamming code addr: 600688 
93989000: system.memobj: hamming code : 11 
93989000: system.memobj: hamming code addr: 600696 
93989000: system.memobj: hamming code : 4 
93989000: system.memobj: hamming code addr: 600704 
93989000: system.memobj: hamming code : 7 
93989000: system.memobj: hamming code addr: 600712 
93989000: system.memobj: hamming code : 0 
93989000: system.memobj: hamming code addr: 600720 
93989000: system.memobj: hamming code : 0 
93989000: system.memobj: hamming code addr: 600728 
93989000: system.memobj: hamming code : 0 
93989000: system.memobj: hamming code addr: 600736 
93989000: system.memobj: hamming code : 0 
93989000: system.memobj: hamming code addr: 600744 
93989000: system.memobj: hamming code : 0 
93989000: system.memobj: Enter Error Bit index: 3 
93989000: system.memobj: flip data : 0111100000101010010110010000000000000000000000000000000000000000 
93989000: system.memobj: -------------------------------------
94059000: system.memobj: mem->cpu Got response for addr 0xc4a0 , 50336
94059000: system.memobj: size 0x8
94059000: system.memobj: id 94061724545840
94059000: system.memobj: data_hex : 4889401848894010 
94059000: system.memobj: data : 0100100010001001010000000001100001001000100010010100000000010000 
94059000: system.memobj: fix data : 0100100010001001010000000001100001001000100010010100000000010000 
94059000: system.memobj: -------------------------------------
94059000: system.memobj: cpu->mem Got request for addr 0x92a68 , 600680
94059000: system.memobj: size 0x8
94059000: system.memobj: id 94061724546128
94059000: system.memobj: data_hex : 582A590000000000 
94059000: system.memobj: data : 0101100000101010010110010000000000000000000000000000000000000000 
94059000: system.memobj: hamming code addr: 600680 
94059000: system.memobj: hamming code : 11 
94059000: system.memobj: hamming code addr: 600688 
94059000: system.memobj: hamming code : 4 
94059000: system.memobj: hamming code addr: 600696 
94059000: system.memobj: hamming code : 7 
94059000: system.memobj: hamming code addr: 600704 
94059000: system.memobj: hamming code : 0 
94059000: system.memobj: hamming code addr: 600712 
94059000: system.memobj: hamming code : 0 
94059000: system.memobj: hamming code addr: 600720 
94059000: system.memobj: hamming code : 0 
94059000: system.memobj: hamming code addr: 600728 
94059000: system.memobj: hamming code : 0 
94059000: system.memobj: hamming code addr: 600736 
94059000: system.memobj: hamming code : 0 
94059000: system.memobj: Enter Error Bit index: 5 
94059000: system.memobj: flip data : 0101000000101010010110010000000000000000000000000000000000000000 
94059000: system.memobj: -------------------------------------
94129000: system.memobj: mem->cpu Got response for addr 0xc4a8 , 50344
94129000: system.memobj: size 0x8
94129000: system.memobj: id 94061724546128
94129000: system.memobj: data_hex : 4883C010FFCA79F0 
94129000: system.memobj: data : 0100100010000011110000000001000011111111110010100111100111110000 
94129000: system.memobj: fix data : 0100100010000011110000000001000011111111110010100111100111110000 
94129000: system.memobj: -------------------------------------
94178000: system.memobj: mem->cpu Got response for addr 0xc4a8 , 50344
94178000: system.memobj: size 0x8
94178000: system.memobj: id 94061724545840
94178000: system.memobj: data_hex : 4883C010FFCA79F0 
94178000: system.memobj: data : 0100100010000011110000000001000011111111110010100111100111110000 
94178000: system.memobj: fix data : 0100100010000011110000000001000011111111110010100111100111110000 
94178000: system.memobj: -------------------------------------
94227000: system.memobj: mem->cpu Got response for addr 0xc4a8 , 50344
94227000: system.memobj: size 0x8
94227000: system.memobj: id 94061724546128
94227000: system.memobj: data_hex : 4883C010FFCA79F0 
94227000: system.memobj: data : 0100100010000011110000000001000011111111110010100111100111110000 
94227000: system.memobj: fix data : 0100100010000011110000000001000011111111110010100111100111110000 
94227000: system.memobj: -------------------------------------
94276000: system.memobj: mem->cpu Got response for addr 0xc4a0 , 50336
94276000: system.memobj: size 0x8
94276000: system.memobj: id 94061724545840
94276000: system.memobj: data_hex : 4889401848894010 
94276000: system.memobj: data : 0100100010001001010000000001100001001000100010010100000000010000 
94276000: system.memobj: fix data : 0100100010001001010000000001100001001000100010010100000000010000 
94276000: system.memobj: -------------------------------------
94276000: system.memobj: cpu->mem Got request for addr 0x92a80 , 600704
94276000: system.memobj: size 0x8
94276000: system.memobj: id 94061724546128
94276000: system.memobj: data_hex : 682A590000000000 
94276000: system.memobj: data : 0110100000101010010110010000000000000000000000000000000000000000 
94276000: system.memobj: hamming code addr: 600704 
94276000: system.memobj: hamming code : 10 
94276000: system.memobj: hamming code addr: 600712 
94276000: system.memobj: hamming code : 4 
94276000: system.memobj: hamming code addr: 600720 
94276000: system.memobj: hamming code : 7 
94276000: system.memobj: hamming code addr: 600728 
94276000: system.memobj: hamming code : 0 
94276000: system.memobj: hamming code addr: 600736 
94276000: system.memobj: hamming code : 0 
94276000: system.memobj: hamming code addr: 600744 
94276000: system.memobj: hamming code : 0 
94276000: system.memobj: hamming code addr: 600752 
94276000: system.memobj: hamming code : 0 
94276000: system.memobj: hamming code addr: 600760 
94276000: system.memobj: hamming code : 0 
94276000: system.memobj: Enter Error Bit index: 1 
94276000: system.memobj: flip data : 1110100000101010010110010000000000000000000000000000000000000000 
94276000: system.memobj: -------------------------------------
94346000: system.memobj: mem->cpu Got response for addr 0xc4a0 , 50336
94346000: system.memobj: size 0x8
94346000: system.memobj: id 94061724546128
94346000: system.memobj: data_hex : 4889401848894010 
94346000: system.memobj: data : 0100100010001001010000000001100001001000100010010100000000010000 
94346000: system.memobj: fix data : 0100100010001001010000000001100001001000100010010100000000010000 
94346000: system.memobj: -------------------------------------
94346000: system.memobj: cpu->mem Got request for addr 0x92a78 , 600696
94346000: system.memobj: size 0x8
94346000: system.memobj: id 94061724545840
94346000: system.memobj: data_hex : 682A590000000000 
94346000: system.memobj: data : 0110100000101010010110010000000000000000000000000000000000000000 
94346000: system.memobj: hamming code addr: 600696 
94346000: system.memobj: hamming code : 10 
94346000: system.memobj: hamming code addr: 600704 
94346000: system.memobj: hamming code : 4 
94346000: system.memobj: hamming code addr: 600712 
94346000: system.memobj: hamming code : 7 
94346000: system.memobj: hamming code addr: 600720 
94346000: system.memobj: hamming code : 0 
94346000: system.memobj: hamming code addr: 600728 
94346000: system.memobj: hamming code : 0 
94346000: system.memobj: hamming code addr: 600736 
94346000: system.memobj: hamming code : 0 
94346000: system.memobj: hamming code addr: 600744 
94346000: system.memobj: hamming code : 0 
94346000: system.memobj: hamming code addr: 600752 
94346000: system.memobj: hamming code : 0 
94346000: system.memobj: Enter Error Bit index: 7 
94346000: system.memobj: flip data : 0110101000101010010110010000000000000000000000000000000000000000 
94346000: system.memobj: -------------------------------------
94416000: system.memobj: mem->cpu Got response for addr 0xc4a8 , 50344
94416000: system.memobj: size 0x8
94416000: system.memobj: id 94061724545840
94416000: system.memobj: data_hex : 4883C010FFCA79F0 
94416000: system.memobj: data : 0100100010000011110000000001000011111111110010100111100111110000 
94416000: system.memobj: fix data : 0100100010000011110000000001000011111111110010100111100111110000 
94416000: system.memobj: -------------------------------------
94465000: system.memobj: mem->cpu Got response for addr 0xc4a8 , 50344
94465000: system.memobj: size 0x8
94465000: system.memobj: id 94061724546128
94465000: system.memobj: data_hex : 4883C010FFCA79F0 
94465000: system.memobj: data : 0100100010000011110000000001000011111111110010100111100111110000 
94465000: system.memobj: fix data : 0100100010000011110000000001000011111111110010100111100111110000 
94465000: system.memobj: -------------------------------------
94514000: system.memobj: mem->cpu Got response for addr 0xc4a8 , 50344
94514000: system.memobj: size 0x8
94514000: system.memobj: id 94061724545840
94514000: system.memobj: data_hex : 4883C010FFCA79F0 
94514000: system.memobj: data : 0100100010000011110000000001000011111111110010100111100111110000 
94514000: system.memobj: fix data : 0100100010000011110000000001000011111111110010100111100111110000 
94514000: system.memobj: -------------------------------------
94563000: system.memobj: mem->cpu Got response for addr 0xc4a0 , 50336
94563000: system.memobj: size 0x8
94563000: system.memobj: id 94061724546128
94563000: system.memobj: data_hex : 4889401848894010 
94563000: system.memobj: data : 0100100010001001010000000001100001001000100010010100000000010000 
94563000: system.memobj: fix data : 0100100010001001010000000001100001001000100010010100000000010000 
94563000: system.memobj: -------------------------------------
94563000: system.memobj: cpu->mem Got request for addr 0x92a90 , 600720
94563000: system.memobj: size 0x8
94563000: system.memobj: id 94061724545840
94563000: system.memobj: data_hex : 782A590000000000 
94563000: system.memobj: data : 0111100000101010010110010000000000000000000000000000000000000000 
94563000: system.memobj: hamming code addr: 600720 
94563000: system.memobj: hamming code : 13 
94563000: system.memobj: hamming code addr: 600728 
94563000: system.memobj: hamming code : 4 
94563000: system.memobj: hamming code addr: 600736 
94563000: system.memobj: hamming code : 7 
94563000: system.memobj: hamming code addr: 600744 
94563000: system.memobj: hamming code : 0 
94563000: system.memobj: hamming code addr: 600752 
94563000: system.memobj: hamming code : 0 
94563000: system.memobj: hamming code addr: 600760 
94563000: system.memobj: hamming code : 0 
94563000: system.memobj: hamming code addr: 600768 
94563000: system.memobj: hamming code : 0 
94563000: system.memobj: hamming code addr: 600776 
94563000: system.memobj: hamming code : 0 
94563000: system.memobj: Enter Error Bit index: 1 
94563000: system.memobj: flip data : 1111100000101010010110010000000000000000000000000000000000000000 
94563000: system.memobj: -------------------------------------
94633000: system.memobj: mem->cpu Got response for addr 0xc4a0 , 50336
94633000: system.memobj: size 0x8
94633000: system.memobj: id 94061724545840
94633000: system.memobj: data_hex : 4889401848894010 
94633000: system.memobj: data : 0100100010001001010000000001100001001000100010010100000000010000 
94633000: system.memobj: fix data : 0100100010001001010000000001100001001000100010010100000000010000 
94633000: system.memobj: -------------------------------------
94633000: system.memobj: cpu->mem Got request for addr 0x92a88 , 600712
94633000: system.memobj: size 0x8
94633000: system.memobj: id 94061724546128
94633000: system.memobj: data_hex : 782A590000000000 
94633000: system.memobj: data : 0111100000101010010110010000000000000000000000000000000000000000 
94633000: system.memobj: hamming code addr: 600712 
94633000: system.memobj: hamming code : 13 
94633000: system.memobj: hamming code addr: 600720 
94633000: system.memobj: hamming code : 4 
94633000: system.memobj: hamming code addr: 600728 
94633000: system.memobj: hamming code : 7 
94633000: system.memobj: hamming code addr: 600736 
94633000: system.memobj: hamming code : 0 
94633000: system.memobj: hamming code addr: 600744 
94633000: system.memobj: hamming code : 0 
94633000: system.memobj: hamming code addr: 600752 
94633000: system.memobj: hamming code : 0 
94633000: system.memobj: hamming code addr: 600760 
94633000: system.memobj: hamming code : 0 
94633000: system.memobj: hamming code addr: 600768 
94633000: system.memobj: hamming code : 0 
94633000: system.memobj: Enter Error Bit index: 4 
94633000: system.memobj: flip data : 0110100000101010010110010000000000000000000000000000000000000000 
94633000: system.memobj: -------------------------------------
94717000: system.memobj: mem->cpu Got response for addr 0xc4a8 , 50344
94717000: system.memobj: size 0x8
94717000: system.memobj: id 94061724546128
94717000: system.memobj: data_hex : 4883C010FFCA79F0 
94717000: system.memobj: data : 0100100010000011110000000001000011111111110010100111100111110000 
94717000: system.memobj: fix data : 0100100010000011110000000001000011111111110010100111100111110000 
94717000: system.memobj: -------------------------------------
94766000: system.memobj: mem->cpu Got response for addr 0xc4a8 , 50344
94766000: system.memobj: size 0x8
94766000: system.memobj: id 94061724545840
94766000: system.memobj: data_hex : 4883C010FFCA79F0 
94766000: system.memobj: data : 0100100010000011110000000001000011111111110010100111100111110000 
94766000: system.memobj: fix data : 0100100010000011110000000001000011111111110010100111100111110000 
94766000: system.memobj: -------------------------------------
94815000: system.memobj: mem->cpu Got response for addr 0xc4a8 , 50344
94815000: system.memobj: size 0x8
94815000: system.memobj: id 94061724546128
94815000: system.memobj: data_hex : 4883C010FFCA79F0 
94815000: system.memobj: data : 0100100010000011110000000001000011111111110010100111100111110000 
94815000: system.memobj: fix data : 0100100010000011110000000001000011111111110010100111100111110000 
94815000: system.memobj: -------------------------------------
94864000: system.memobj: mem->cpu Got response for addr 0xc4a0 , 50336
94864000: system.memobj: size 0x8
94864000: system.memobj: id 94061724545840
94864000: system.memobj: data_hex : 4889401848894010 
94864000: system.memobj: data : 0100100010001001010000000001100001001000100010010100000000010000 
94864000: system.memobj: fix data : 0100100010001001010000000001100001001000100010010100000000010000 
94864000: system.memobj: -------------------------------------
94864000: system.memobj: cpu->mem Got request for addr 0x92aa0 , 600736
94864000: system.memobj: size 0x8
94864000: system.memobj: id 94061724546128
94864000: system.memobj: data_hex : 882A590000000000 
94864000: system.memobj: data : 1000100000101010010110010000000000000000000000000000000000000000 
94864000: system.memobj: hamming code addr: 600736 
94864000: system.memobj: hamming code : 10 
94864000: system.memobj: hamming code addr: 600744 
94864000: system.memobj: hamming code : 4 
94864000: system.memobj: hamming code addr: 600752 
94864000: system.memobj: hamming code : 7 
94864000: system.memobj: hamming code addr: 600760 
94864000: system.memobj: hamming code : 0 
94864000: system.memobj: hamming code addr: 600768 
94864000: system.memobj: hamming code : 0 
94864000: system.memobj: hamming code addr: 600776 
94864000: system.memobj: hamming code : 0 
94864000: system.memobj: hamming code addr: 600784 
94864000: system.memobj: hamming code : 0 
94864000: system.memobj: hamming code addr: 600792 
94864000: system.memobj: hamming code : 0 
94864000: system.memobj: Enter Error Bit index: 6 
94864000: system.memobj: flip data : 1000110000101010010110010000000000000000000000000000000000000000 
94864000: system.memobj: -------------------------------------
94934000: system.memobj: mem->cpu Got response for addr 0xc4a0 , 50336
94934000: system.memobj: size 0x8
94934000: system.memobj: id 94061724546128
94934000: system.memobj: data_hex : 4889401848894010 
94934000: system.memobj: data : 0100100010001001010000000001100001001000100010010100000000010000 
94934000: system.memobj: fix data : 0100100010001001010000000001100001001000100010010100000000010000 
94934000: system.memobj: -------------------------------------
94934000: system.memobj: cpu->mem Got request for addr 0x92a98 , 600728
94934000: system.memobj: size 0x8
94934000: system.memobj: id 94061724545840
94934000: system.memobj: data_hex : 882A590000000000 
94934000: system.memobj: data : 1000100000101010010110010000000000000000000000000000000000000000 
94934000: system.memobj: hamming code addr: 600728 
94934000: system.memobj: hamming code : 10 
94934000: system.memobj: hamming code addr: 600736 
94934000: system.memobj: hamming code : 4 
94934000: system.memobj: hamming code addr: 600744 
94934000: system.memobj: hamming code : 7 
94934000: system.memobj: hamming code addr: 600752 
94934000: system.memobj: hamming code : 0 
94934000: system.memobj: hamming code addr: 600760 
94934000: system.memobj: hamming code : 0 
94934000: system.memobj: hamming code addr: 600768 
94934000: system.memobj: hamming code : 0 
94934000: system.memobj: hamming code addr: 600776 
94934000: system.memobj: hamming code : 0 
94934000: system.memobj: hamming code addr: 600784 
94934000: system.memobj: hamming code : 0 
94934000: system.memobj: Enter Error Bit index: 5 
94934000: system.memobj: flip data : 1000000000101010010110010000000000000000000000000000000000000000 
94934000: system.memobj: -------------------------------------
95004000: system.memobj: mem->cpu Got response for addr 0xc4a8 , 50344
95004000: system.memobj: size 0x8
95004000: system.memobj: id 94061724545840
95004000: system.memobj: data_hex : 4883C010FFCA79F0 
95004000: system.memobj: data : 0100100010000011110000000001000011111111110010100111100111110000 
95004000: system.memobj: fix data : 0100100010000011110000000001000011111111110010100111100111110000 
95004000: system.memobj: -------------------------------------
95053000: system.memobj: mem->cpu Got response for addr 0xc4a8 , 50344
95053000: system.memobj: size 0x8
95053000: system.memobj: id 94061724546128
95053000: system.memobj: data_hex : 4883C010FFCA79F0 
95053000: system.memobj: data : 0100100010000011110000000001000011111111110010100111100111110000 
95053000: system.memobj: fix data : 0100100010000011110000000001000011111111110010100111100111110000 
95053000: system.memobj: -------------------------------------
95102000: system.memobj: mem->cpu Got response for addr 0xc4a8 , 50344
95102000: system.memobj: size 0x8
95102000: system.memobj: id 94061724545840
95102000: system.memobj: data_hex : 4883C010FFCA79F0 
95102000: system.memobj: data : 0100100010000011110000000001000011111111110010100111100111110000 
95102000: system.memobj: fix data : 0100100010000011110000000001000011111111110010100111100111110000 
95102000: system.memobj: -------------------------------------
95151000: system.memobj: mem->cpu Got response for addr 0xc4a0 , 50336
95151000: system.memobj: size 0x8
95151000: system.memobj: id 94061724546128
95151000: system.memobj: data_hex : 4889401848894010 
95151000: system.memobj: data : 0100100010001001010000000001100001001000100010010100000000010000 
95151000: system.memobj: fix data : 0100100010001001010000000001100001001000100010010100000000010000 
95151000: system.memobj: -------------------------------------
95151000: system.memobj: cpu->mem Got request for addr 0x92ab0 , 600752
95151000: system.memobj: size 0x8
95151000: system.memobj: id 94061724545840
95151000: system.memobj: data_hex : 982A590000000000 
95151000: system.memobj: data : 1001100000101010010110010000000000000000000000000000000000000000 
95151000: system.memobj: hamming code addr: 600752 
95151000: system.memobj: hamming code : 13 
95151000: system.memobj: hamming code addr: 600760 
95151000: system.memobj: hamming code : 4 
95151000: system.memobj: hamming code addr: 600768 
95151000: system.memobj: hamming code : 7 
95151000: system.memobj: hamming code addr: 600776 
95151000: system.memobj: hamming code : 0 
95151000: system.memobj: hamming code addr: 600784 
95151000: system.memobj: hamming code : 0 
95151000: system.memobj: hamming code addr: 600792 
95151000: system.memobj: hamming code : 0 
95151000: system.memobj: hamming code addr: 600800 
95151000: system.memobj: hamming code : 0 
95151000: system.memobj: hamming code addr: 600808 
95151000: system.memobj: hamming code : 0 
95151000: system.memobj: Enter Error Bit index: 4 
95151000: system.memobj: flip data : 1000100000101010010110010000000000000000000000000000000000000000 
95151000: system.memobj: -------------------------------------
95221000: system.memobj: mem->cpu Got response for addr 0xc4a0 , 50336
95221000: system.memobj: size 0x8
95221000: system.memobj: id 94061724545840
95221000: system.memobj: data_hex : 4889401848894010 
95221000: system.memobj: data : 0100100010001001010000000001100001001000100010010100000000010000 
95221000: system.memobj: fix data : 0100100010001001010000000001100001001000100010010100000000010000 
95221000: system.memobj: -------------------------------------
95221000: system.memobj: cpu->mem Got request for addr 0x92aa8 , 600744
95221000: system.memobj: size 0x8
95221000: system.memobj: id 94061724546128
95221000: system.memobj: data_hex : 982A590000000000 
95221000: system.memobj: data : 1001100000101010010110010000000000000000000000000000000000000000 
95221000: system.memobj: hamming code addr: 600744 
95221000: system.memobj: hamming code : 13 
95221000: system.memobj: hamming code addr: 600752 
95221000: system.memobj: hamming code : 4 
95221000: system.memobj: hamming code addr: 600760 
95221000: system.memobj: hamming code : 7 
95221000: system.memobj: hamming code addr: 600768 
95221000: system.memobj: hamming code : 0 
95221000: system.memobj: hamming code addr: 600776 
95221000: system.memobj: hamming code : 0 
95221000: system.memobj: hamming code addr: 600784 
95221000: system.memobj: hamming code : 0 
95221000: system.memobj: hamming code addr: 600792 
95221000: system.memobj: hamming code : 0 
95221000: system.memobj: hamming code addr: 600800 
95221000: system.memobj: hamming code : 0 
95221000: system.memobj: Enter Error Bit index: 3 
95221000: system.memobj: flip data : 1011100000101010010110010000000000000000000000000000000000000000 
95221000: system.memobj: -------------------------------------
95291000: system.memobj: mem->cpu Got response for addr 0xc4a8 , 50344
95291000: system.memobj: size 0x8
95291000: system.memobj: id 94061724546128
95291000: system.memobj: data_hex : 4883C010FFCA79F0 
95291000: system.memobj: data : 0100100010000011110000000001000011111111110010100111100111110000 
95291000: system.memobj: fix data : 0100100010000011110000000001000011111111110010100111100111110000 
95291000: system.memobj: -------------------------------------
95340000: system.memobj: mem->cpu Got response for addr 0xc4a8 , 50344
95340000: system.memobj: size 0x8
95340000: system.memobj: id 94061724545840
95340000: system.memobj: data_hex : 4883C010FFCA79F0 
95340000: system.memobj: data : 0100100010000011110000000001000011111111110010100111100111110000 
95340000: system.memobj: fix data : 0100100010000011110000000001000011111111110010100111100111110000 
95340000: system.memobj: -------------------------------------
95389000: system.memobj: mem->cpu Got response for addr 0xc4a8 , 50344
95389000: system.memobj: size 0x8
95389000: system.memobj: id 94061724546128
95389000: system.memobj: data_hex : 4883C010FFCA79F0 
95389000: system.memobj: data : 0100100010000011110000000001000011111111110010100111100111110000 
95389000: system.memobj: fix data : 0100100010000011110000000001000011111111110010100111100111110000 
95389000: system.memobj: -------------------------------------
95438000: system.memobj: mem->cpu Got response for addr 0xc4a0 , 50336
95438000: system.memobj: size 0x8
95438000: system.memobj: id 94061724545840
95438000: system.memobj: data_hex : 4889401848894010 
95438000: system.memobj: data : 0100100010001001010000000001100001001000100010010100000000010000 
95438000: system.memobj: fix data : 0100100010001001010000000001100001001000100010010100000000010000 
95438000: system.memobj: -------------------------------------
95438000: system.memobj: cpu->mem Got request for addr 0x92ac0 , 600768
95438000: system.memobj: size 0x8
95438000: system.memobj: id 94061724546128
95438000: system.memobj: data_hex : A82A590000000000 
95438000: system.memobj: data : 1010100000101010010110010000000000000000000000000000000000000000 
95438000: system.memobj: hamming code addr: 600768 
95438000: system.memobj: hamming code : 12 
95438000: system.memobj: hamming code addr: 600776 
95438000: system.memobj: hamming code : 4 
95438000: system.memobj: hamming code addr: 600784 
95438000: system.memobj: hamming code : 7 
95438000: system.memobj: hamming code addr: 600792 
95438000: system.memobj: hamming code : 0 
95438000: system.memobj: hamming code addr: 600800 
95438000: system.memobj: hamming code : 0 
95438000: system.memobj: hamming code addr: 600808 
95438000: system.memobj: hamming code : 0 
95438000: system.memobj: hamming code addr: 600816 
95438000: system.memobj: hamming code : 0 
95438000: system.memobj: hamming code addr: 600824 
95438000: system.memobj: hamming code : 0 
95438000: system.memobj: Enter Error Bit index: 8 
95438000: system.memobj: flip data : 1010100100101010010110010000000000000000000000000000000000000000 
95438000: system.memobj: -------------------------------------
95508000: system.memobj: mem->cpu Got response for addr 0xc4a0 , 50336
95508000: system.memobj: size 0x8
95508000: system.memobj: id 94061724546128
95508000: system.memobj: data_hex : 4889401848894010 
95508000: system.memobj: data : 0100100010001001010000000001100001001000100010010100000000010000 
95508000: system.memobj: fix data : 0100100010001001010000000001100001001000100010010100000000010000 
95508000: system.memobj: -------------------------------------
95508000: system.memobj: cpu->mem Got request for addr 0x92ab8 , 600760
95508000: system.memobj: size 0x8
95508000: system.memobj: id 94061724545840
95508000: system.memobj: data_hex : A82A590000000000 
95508000: system.memobj: data : 1010100000101010010110010000000000000000000000000000000000000000 
95508000: system.memobj: hamming code addr: 600760 
95508000: system.memobj: hamming code : 12 
95508000: system.memobj: hamming code addr: 600768 
95508000: system.memobj: hamming code : 4 
95508000: system.memobj: hamming code addr: 600776 
95508000: system.memobj: hamming code : 7 
95508000: system.memobj: hamming code addr: 600784 
95508000: system.memobj: hamming code : 0 
95508000: system.memobj: hamming code addr: 600792 
95508000: system.memobj: hamming code : 0 
95508000: system.memobj: hamming code addr: 600800 
95508000: system.memobj: hamming code : 0 
95508000: system.memobj: hamming code addr: 600808 
95508000: system.memobj: hamming code : 0 
95508000: system.memobj: hamming code addr: 600816 
95508000: system.memobj: hamming code : 0 
95508000: system.memobj: Enter Error Bit index: 5 
95508000: system.memobj: flip data : 1010000000101010010110010000000000000000000000000000000000000000 
95508000: system.memobj: -------------------------------------
95578000: system.memobj: mem->cpu Got response for addr 0xc4a8 , 50344
95578000: system.memobj: size 0x8
95578000: system.memobj: id 94061724545840
95578000: system.memobj: data_hex : 4883C010FFCA79F0 
95578000: system.memobj: data : 0100100010000011110000000001000011111111110010100111100111110000 
95578000: system.memobj: fix data : 0100100010000011110000000001000011111111110010100111100111110000 
95578000: system.memobj: -------------------------------------
95641000: system.memobj: mem->cpu Got response for addr 0xc4a8 , 50344
95641000: system.memobj: size 0x8
95641000: system.memobj: id 94061724546128
95641000: system.memobj: data_hex : 4883C010FFCA79F0 
95641000: system.memobj: data : 0100100010000011110000000001000011111111110010100111100111110000 
95641000: system.memobj: fix data : 0100100010000011110000000001000011111111110010100111100111110000 
95641000: system.memobj: -------------------------------------
95690000: system.memobj: mem->cpu Got response for addr 0xc4a8 , 50344
95690000: system.memobj: size 0x8
95690000: system.memobj: id 94061724545840
95690000: system.memobj: data_hex : 4883C010FFCA79F0 
95690000: system.memobj: data : 0100100010000011110000000001000011111111110010100111100111110000 
95690000: system.memobj: fix data : 0100100010000011110000000001000011111111110010100111100111110000 
95690000: system.memobj: -------------------------------------
95739000: system.memobj: mem->cpu Got response for addr 0xc4a0 , 50336
95739000: system.memobj: size 0x8
95739000: system.memobj: id 94061724546128
95739000: system.memobj: data_hex : 4889401848894010 
95739000: system.memobj: data : 0100100010001001010000000001100001001000100010010100000000010000 
95739000: system.memobj: fix data : 0100100010001001010000000001100001001000100010010100000000010000 
95739000: system.memobj: -------------------------------------
95739000: system.memobj: cpu->mem Got request for addr 0x92ad0 , 600784
95739000: system.memobj: size 0x8
95739000: system.memobj: id 94061724545840
95739000: system.memobj: data_hex : B82A590000000000 
95739000: system.memobj: data : 1011100000101010010110010000000000000000000000000000000000000000 
95739000: system.memobj: hamming code addr: 600784 
95739000: system.memobj: hamming code : 11 
95739000: system.memobj: hamming code addr: 600792 
95739000: system.memobj: hamming code : 4 
95739000: system.memobj: hamming code addr: 600800 
95739000: system.memobj: hamming code : 7 
95739000: system.memobj: hamming code addr: 600808 
95739000: system.memobj: hamming code : 0 
95739000: system.memobj: hamming code addr: 600816 
95739000: system.memobj: hamming code : 0 
95739000: system.memobj: hamming code addr: 600824 
95739000: system.memobj: hamming code : 0 
95739000: system.memobj: hamming code addr: 600832 
95739000: system.memobj: hamming code : 0 
95739000: system.memobj: hamming code addr: 600840 
95739000: system.memobj: hamming code : 0 
95739000: system.memobj: Enter Error Bit index: 5 
95739000: system.memobj: flip data : 1011000000101010010110010000000000000000000000000000000000000000 
95739000: system.memobj: -------------------------------------
95809000: system.memobj: mem->cpu Got response for addr 0xc4a0 , 50336
95809000: system.memobj: size 0x8
95809000: system.memobj: id 94061724545840
95809000: system.memobj: data_hex : 4889401848894010 
95809000: system.memobj: data : 0100100010001001010000000001100001001000100010010100000000010000 
95809000: system.memobj: fix data : 0100100010001001010000000001100001001000100010010100000000010000 
95809000: system.memobj: -------------------------------------
95809000: system.memobj: cpu->mem Got request for addr 0x92ac8 , 600776
95809000: system.memobj: size 0x8
95809000: system.memobj: id 94061724546128
95809000: system.memobj: data_hex : B82A590000000000 
95809000: system.memobj: data : 1011100000101010010110010000000000000000000000000000000000000000 
95809000: system.memobj: hamming code addr: 600776 
95809000: system.memobj: hamming code : 11 
95809000: system.memobj: hamming code addr: 600784 
95809000: system.memobj: hamming code : 4 
95809000: system.memobj: hamming code addr: 600792 
95809000: system.memobj: hamming code : 7 
95809000: system.memobj: hamming code addr: 600800 
95809000: system.memobj: hamming code : 0 
95809000: system.memobj: hamming code addr: 600808 
95809000: system.memobj: hamming code : 0 
95809000: system.memobj: hamming code addr: 600816 
95809000: system.memobj: hamming code : 0 
95809000: system.memobj: hamming code addr: 600824 
95809000: system.memobj: hamming code : 0 
95809000: system.memobj: hamming code addr: 600832 
95809000: system.memobj: hamming code : 0 
95809000: system.memobj: Enter Error Bit index: 5 
95809000: system.memobj: flip data : 1011000000101010010110010000000000000000000000000000000000000000 
95809000: system.memobj: -------------------------------------
95879000: system.memobj: mem->cpu Got response for addr 0xc4a8 , 50344
95879000: system.memobj: size 0x8
95879000: system.memobj: id 94061724546128
95879000: system.memobj: data_hex : 4883C010FFCA79F0 
95879000: system.memobj: data : 0100100010000011110000000001000011111111110010100111100111110000 
95879000: system.memobj: fix data : 0100100010000011110000000001000011111111110010100111100111110000 
95879000: system.memobj: -------------------------------------
95928000: system.memobj: mem->cpu Got response for addr 0xc4a8 , 50344
95928000: system.memobj: size 0x8
95928000: system.memobj: id 94061724545840
95928000: system.memobj: data_hex : 4883C010FFCA79F0 
95928000: system.memobj: data : 0100100010000011110000000001000011111111110010100111100111110000 
95928000: system.memobj: fix data : 0100100010000011110000000001000011111111110010100111100111110000 
95928000: system.memobj: -------------------------------------
95977000: system.memobj: mem->cpu Got response for addr 0xc4a8 , 50344
95977000: system.memobj: size 0x8
95977000: system.memobj: id 94061724546128
95977000: system.memobj: data_hex : 4883C010FFCA79F0 
95977000: system.memobj: data : 0100100010000011110000000001000011111111110010100111100111110000 
95977000: system.memobj: fix data : 0100100010000011110000000001000011111111110010100111100111110000 
95977000: system.memobj: -------------------------------------
96026000: system.memobj: mem->cpu Got response for addr 0xc4a0 , 50336
96026000: system.memobj: size 0x8
96026000: system.memobj: id 94061724545840
96026000: system.memobj: data_hex : 4889401848894010 
96026000: system.memobj: data : 0100100010001001010000000001100001001000100010010100000000010000 
96026000: system.memobj: fix data : 0100100010001001010000000001100001001000100010010100000000010000 
96026000: system.memobj: -------------------------------------
96026000: system.memobj: cpu->mem Got request for addr 0x92ae0 , 600800
96026000: system.memobj: size 0x8
96026000: system.memobj: id 94061724546128
96026000: system.memobj: data_hex : C82A590000000000 
96026000: system.memobj: data : 1100100000101010010110010000000000000000000000000000000000000000 
96026000: system.memobj: hamming code addr: 600800 
96026000: system.memobj: hamming code : 15 
96026000: system.memobj: hamming code addr: 600808 
96026000: system.memobj: hamming code : 4 
96026000: system.memobj: hamming code addr: 600816 
96026000: system.memobj: hamming code : 7 
96026000: system.memobj: hamming code addr: 600824 
96026000: system.memobj: hamming code : 0 
96026000: system.memobj: hamming code addr: 600832 
96026000: system.memobj: hamming code : 0 
96026000: system.memobj: hamming code addr: 600840 
96026000: system.memobj: hamming code : 0 
96026000: system.memobj: hamming code addr: 600848 
96026000: system.memobj: hamming code : 0 
96026000: system.memobj: hamming code addr: 600856 
96026000: system.memobj: hamming code : 0 
96026000: system.memobj: Enter Error Bit index: 4 
96026000: system.memobj: flip data : 1101100000101010010110010000000000000000000000000000000000000000 
96026000: system.memobj: -------------------------------------
96096000: system.memobj: mem->cpu Got response for addr 0xc4a0 , 50336
96096000: system.memobj: size 0x8
96096000: system.memobj: id 94061724546128
96096000: system.memobj: data_hex : 4889401848894010 
96096000: system.memobj: data : 0100100010001001010000000001100001001000100010010100000000010000 
96096000: system.memobj: fix data : 0100100010001001010000000001100001001000100010010100000000010000 
96096000: system.memobj: -------------------------------------
96096000: system.memobj: cpu->mem Got request for addr 0x92ad8 , 600792
96096000: system.memobj: size 0x8
96096000: system.memobj: id 94061724545840
96096000: system.memobj: data_hex : C82A590000000000 
96096000: system.memobj: data : 1100100000101010010110010000000000000000000000000000000000000000 
96096000: system.memobj: hamming code addr: 600792 
96096000: system.memobj: hamming code : 15 
96096000: system.memobj: hamming code addr: 600800 
96096000: system.memobj: hamming code : 4 
96096000: system.memobj: hamming code addr: 600808 
96096000: system.memobj: hamming code : 7 
96096000: system.memobj: hamming code addr: 600816 
96096000: system.memobj: hamming code : 0 
96096000: system.memobj: hamming code addr: 600824 
96096000: system.memobj: hamming code : 0 
96096000: system.memobj: hamming code addr: 600832 
96096000: system.memobj: hamming code : 0 
96096000: system.memobj: hamming code addr: 600840 
96096000: system.memobj: hamming code : 0 
96096000: system.memobj: hamming code addr: 600848 
96096000: system.memobj: hamming code : 0 
96096000: system.memobj: Enter Error Bit index: 2 
96096000: system.memobj: flip data : 1000100000101010010110010000000000000000000000000000000000000000 
96096000: system.memobj: -------------------------------------
96166000: system.memobj: mem->cpu Got response for addr 0xc4a8 , 50344
96166000: system.memobj: size 0x8
96166000: system.memobj: id 94061724545840
96166000: system.memobj: data_hex : 4883C010FFCA79F0 
96166000: system.memobj: data : 0100100010000011110000000001000011111111110010100111100111110000 
96166000: system.memobj: fix data : 0100100010000011110000000001000011111111110010100111100111110000 
96166000: system.memobj: -------------------------------------
96215000: system.memobj: mem->cpu Got response for addr 0xc4a8 , 50344
96215000: system.memobj: size 0x8
96215000: system.memobj: id 94061724546128
96215000: system.memobj: data_hex : 4883C010FFCA79F0 
96215000: system.memobj: data : 0100100010000011110000000001000011111111110010100111100111110000 
96215000: system.memobj: fix data : 0100100010000011110000000001000011111111110010100111100111110000 
96215000: system.memobj: -------------------------------------
96264000: system.memobj: mem->cpu Got response for addr 0xc4a8 , 50344
96264000: system.memobj: size 0x8
96264000: system.memobj: id 94061724545840
96264000: system.memobj: data_hex : 4883C010FFCA79F0 
96264000: system.memobj: data : 0100100010000011110000000001000011111111110010100111100111110000 
96264000: system.memobj: fix data : 0100100010000011110000000001000011111111110010100111100111110000 
96264000: system.memobj: -------------------------------------
96313000: system.memobj: mem->cpu Got response for addr 0xc4a0 , 50336
96313000: system.memobj: size 0x8
96313000: system.memobj: id 94061724546128
96313000: system.memobj: data_hex : 4889401848894010 
96313000: system.memobj: data : 0100100010001001010000000001100001001000100010010100000000010000 
96313000: system.memobj: fix data : 0100100010001001010000000001100001001000100010010100000000010000 
96313000: system.memobj: -------------------------------------
96313000: system.memobj: cpu->mem Got request for addr 0x92af0 , 600816
96313000: system.memobj: size 0x8
96313000: system.memobj: id 94061724545840
96313000: system.memobj: data_hex : D82A590000000000 
96313000: system.memobj: data : 1101100000101010010110010000000000000000000000000000000000000000 
96313000: system.memobj: hamming code addr: 600816 
96313000: system.memobj: hamming code : 8 
96313000: system.memobj: hamming code addr: 600824 
96313000: system.memobj: hamming code : 4 
96313000: system.memobj: hamming code addr: 600832 
96313000: system.memobj: hamming code : 7 
96313000: system.memobj: hamming code addr: 600840 
96313000: system.memobj: hamming code : 0 
96313000: system.memobj: hamming code addr: 600848 
96313000: system.memobj: hamming code : 0 
96313000: system.memobj: hamming code addr: 600856 
96313000: system.memobj: hamming code : 0 
96313000: system.memobj: hamming code addr: 600864 
96313000: system.memobj: hamming code : 0 
96313000: system.memobj: hamming code addr: 600872 
96313000: system.memobj: hamming code : 0 
96313000: system.memobj: Enter Error Bit index: 1 
96313000: system.memobj: flip data : 0101100000101010010110010000000000000000000000000000000000000000 
96313000: system.memobj: -------------------------------------
96383000: system.memobj: mem->cpu Got response for addr 0xc4a0 , 50336
96383000: system.memobj: size 0x8
96383000: system.memobj: id 94061724545840
96383000: system.memobj: data_hex : 4889401848894010 
96383000: system.memobj: data : 0100100010001001010000000001100001001000100010010100000000010000 
96383000: system.memobj: fix data : 0100100010001001010000000001100001001000100010010100000000010000 
96383000: system.memobj: -------------------------------------
96383000: system.memobj: cpu->mem Got request for addr 0x92ae8 , 600808
96383000: system.memobj: size 0x8
96383000: system.memobj: id 94061724546128
96383000: system.memobj: data_hex : D82A590000000000 
96383000: system.memobj: data : 1101100000101010010110010000000000000000000000000000000000000000 
96383000: system.memobj: hamming code addr: 600808 
96383000: system.memobj: hamming code : 8 
96383000: system.memobj: hamming code addr: 600816 
96383000: system.memobj: hamming code : 4 
96383000: system.memobj: hamming code addr: 600824 
96383000: system.memobj: hamming code : 7 
96383000: system.memobj: hamming code addr: 600832 
96383000: system.memobj: hamming code : 0 
96383000: system.memobj: hamming code addr: 600840 
96383000: system.memobj: hamming code : 0 
96383000: system.memobj: hamming code addr: 600848 
96383000: system.memobj: hamming code : 0 
96383000: system.memobj: hamming code addr: 600856 
96383000: system.memobj: hamming code : 0 
96383000: system.memobj: hamming code addr: 600864 
96383000: system.memobj: hamming code : 0 
96383000: system.memobj: Enter Error Bit index: 3 
96383000: system.memobj: flip data : 1111100000101010010110010000000000000000000000000000000000000000 
96383000: system.memobj: -------------------------------------
96453000: system.memobj: mem->cpu Got response for addr 0xc4a8 , 50344
96453000: system.memobj: size 0x8
96453000: system.memobj: id 94061724546128
96453000: system.memobj: data_hex : 4883C010FFCA79F0 
96453000: system.memobj: data : 0100100010000011110000000001000011111111110010100111100111110000 
96453000: system.memobj: fix data : 0100100010000011110000000001000011111111110010100111100111110000 
96453000: system.memobj: -------------------------------------
96502000: system.memobj: mem->cpu Got response for addr 0xc4a8 , 50344
96502000: system.memobj: size 0x8
96502000: system.memobj: id 94061724545840
96502000: system.memobj: data_hex : 4883C010FFCA79F0 
96502000: system.memobj: data : 0100100010000011110000000001000011111111110010100111100111110000 
96502000: system.memobj: fix data : 0100100010000011110000000001000011111111110010100111100111110000 
96502000: system.memobj: -------------------------------------
96565000: system.memobj: mem->cpu Got response for addr 0xc4a8 , 50344
96565000: system.memobj: size 0x8
96565000: system.memobj: id 94061724546128
96565000: system.memobj: data_hex : 4883C010FFCA79F0 
96565000: system.memobj: data : 0100100010000011110000000001000011111111110010100111100111110000 
96565000: system.memobj: fix data : 0100100010000011110000000001000011111111110010100111100111110000 
96565000: system.memobj: -------------------------------------
96614000: system.memobj: mem->cpu Got response for addr 0xc4a0 , 50336
96614000: system.memobj: size 0x8
96614000: system.memobj: id 94061724545840
96614000: system.memobj: data_hex : 4889401848894010 
96614000: system.memobj: data : 0100100010001001010000000001100001001000100010010100000000010000 
96614000: system.memobj: fix data : 0100100010001001010000000001100001001000100010010100000000010000 
96614000: system.memobj: -------------------------------------
96614000: system.memobj: cpu->mem Got request for addr 0x92b00 , 600832
96614000: system.memobj: size 0x8
96614000: system.memobj: id 94061724546128
96614000: system.memobj: data_hex : E82A590000000000 
96614000: system.memobj: data : 1110100000101010010110010000000000000000000000000000000000000000 
96614000: system.memobj: hamming code addr: 600832 
96614000: system.memobj: hamming code : 9 
96614000: system.memobj: hamming code addr: 600840 
96614000: system.memobj: hamming code : 4 
96614000: system.memobj: hamming code addr: 600848 
96614000: system.memobj: hamming code : 7 
96614000: system.memobj: hamming code addr: 600856 
96614000: system.memobj: hamming code : 0 
96614000: system.memobj: hamming code addr: 600864 
96614000: system.memobj: hamming code : 0 
96614000: system.memobj: hamming code addr: 600872 
96614000: system.memobj: hamming code : 0 
96614000: system.memobj: hamming code addr: 600880 
96614000: system.memobj: hamming code : 0 
96614000: system.memobj: hamming code addr: 600888 
96614000: system.memobj: hamming code : 0 
96614000: system.memobj: Enter Error Bit index: 7 
96614000: system.memobj: flip data : 1110101000101010010110010000000000000000000000000000000000000000 
96614000: system.memobj: -------------------------------------
96684000: system.memobj: mem->cpu Got response for addr 0xc4a0 , 50336
96684000: system.memobj: size 0x8
96684000: system.memobj: id 94061724546128
96684000: system.memobj: data_hex : 4889401848894010 
96684000: system.memobj: data : 0100100010001001010000000001100001001000100010010100000000010000 
96684000: system.memobj: fix data : 0100100010001001010000000001100001001000100010010100000000010000 
96684000: system.memobj: -------------------------------------
96684000: system.memobj: cpu->mem Got request for addr 0x92af8 , 600824
96684000: system.memobj: size 0x8
96684000: system.memobj: id 94061724545840
96684000: system.memobj: data_hex : E82A590000000000 
96684000: system.memobj: data : 1110100000101010010110010000000000000000000000000000000000000000 
96684000: system.memobj: hamming code addr: 600824 
96684000: system.memobj: hamming code : 9 
96684000: system.memobj: hamming code addr: 600832 
96684000: system.memobj: hamming code : 4 
96684000: system.memobj: hamming code addr: 600840 
96684000: system.memobj: hamming code : 7 
96684000: system.memobj: hamming code addr: 600848 
96684000: system.memobj: hamming code : 0 
96684000: system.memobj: hamming code addr: 600856 
96684000: system.memobj: hamming code : 0 
96684000: system.memobj: hamming code addr: 600864 
96684000: system.memobj: hamming code : 0 
96684000: system.memobj: hamming code addr: 600872 
96684000: system.memobj: hamming code : 0 
96684000: system.memobj: hamming code addr: 600880 
96684000: system.memobj: hamming code : 0 
96684000: system.memobj: Enter Error Bit index: 4 
96684000: system.memobj: flip data : 1111100000101010010110010000000000000000000000000000000000000000 
96684000: system.memobj: -------------------------------------
96754000: system.memobj: mem->cpu Got response for addr 0xc4a8 , 50344
96754000: system.memobj: size 0x8
96754000: system.memobj: id 94061724545840
96754000: system.memobj: data_hex : 4883C010FFCA79F0 
96754000: system.memobj: data : 0100100010000011110000000001000011111111110010100111100111110000 
96754000: system.memobj: fix data : 0100100010000011110000000001000011111111110010100111100111110000 
96754000: system.memobj: -------------------------------------
96803000: system.memobj: mem->cpu Got response for addr 0xc4a8 , 50344
96803000: system.memobj: size 0x8
96803000: system.memobj: id 94061724546128
96803000: system.memobj: data_hex : 4883C010FFCA79F0 
96803000: system.memobj: data : 0100100010000011110000000001000011111111110010100111100111110000 
96803000: system.memobj: fix data : 0100100010000011110000000001000011111111110010100111100111110000 
96803000: system.memobj: -------------------------------------
96852000: system.memobj: mem->cpu Got response for addr 0xc4a8 , 50344
96852000: system.memobj: size 0x8
96852000: system.memobj: id 94061724545840
96852000: system.memobj: data_hex : 4883C010FFCA79F0 
96852000: system.memobj: data : 0100100010000011110000000001000011111111110010100111100111110000 
96852000: system.memobj: fix data : 0100100010000011110000000001000011111111110010100111100111110000 
96852000: system.memobj: -------------------------------------
96901000: system.memobj: mem->cpu Got response for addr 0xc4a0 , 50336
96901000: system.memobj: size 0x8
96901000: system.memobj: id 94061724546128
96901000: system.memobj: data_hex : 4889401848894010 
96901000: system.memobj: data : 0100100010001001010000000001100001001000100010010100000000010000 
96901000: system.memobj: fix data : 0100100010001001010000000001100001001000100010010100000000010000 
96901000: system.memobj: -------------------------------------
96901000: system.memobj: cpu->mem Got request for addr 0x92b10 , 600848
96901000: system.memobj: size 0x8
96901000: system.memobj: id 94061724545840
96901000: system.memobj: data_hex : F82A590000000000 
96901000: system.memobj: data : 1111100000101010010110010000000000000000000000000000000000000000 
96901000: system.memobj: hamming code addr: 600848 
96901000: system.memobj: hamming code : 14 
96901000: system.memobj: hamming code addr: 600856 
96901000: system.memobj: hamming code : 4 
96901000: system.memobj: hamming code addr: 600864 
96901000: system.memobj: hamming code : 7 
96901000: system.memobj: hamming code addr: 600872 
96901000: system.memobj: hamming code : 0 
96901000: system.memobj: hamming code addr: 600880 
96901000: system.memobj: hamming code : 0 
96901000: system.memobj: hamming code addr: 600888 
96901000: system.memobj: hamming code : 0 
96901000: system.memobj: hamming code addr: 600896 
96901000: system.memobj: hamming code : 0 
96901000: system.memobj: hamming code addr: 600904 
96901000: system.memobj: hamming code : 0 
96901000: system.memobj: Enter Error Bit index: 7 
96901000: system.memobj: flip data : 1111101000101010010110010000000000000000000000000000000000000000 
96901000: system.memobj: -------------------------------------
96971000: system.memobj: mem->cpu Got response for addr 0xc4a0 , 50336
96971000: system.memobj: size 0x8
96971000: system.memobj: id 94061724545840
96971000: system.memobj: data_hex : 4889401848894010 
96971000: system.memobj: data : 0100100010001001010000000001100001001000100010010100000000010000 
96971000: system.memobj: fix data : 0100100010001001010000000001100001001000100010010100000000010000 
96971000: system.memobj: -------------------------------------
96971000: system.memobj: cpu->mem Got request for addr 0x92b08 , 600840
96971000: system.memobj: size 0x8
96971000: system.memobj: id 94061724546128
96971000: system.memobj: data_hex : F82A590000000000 
96971000: system.memobj: data : 1111100000101010010110010000000000000000000000000000000000000000 
96971000: system.memobj: hamming code addr: 600840 
96971000: system.memobj: hamming code : 14 
96971000: system.memobj: hamming code addr: 600848 
96971000: system.memobj: hamming code : 4 
96971000: system.memobj: hamming code addr: 600856 
96971000: system.memobj: hamming code : 7 
96971000: system.memobj: hamming code addr: 600864 
96971000: system.memobj: hamming code : 0 
96971000: system.memobj: hamming code addr: 600872 
96971000: system.memobj: hamming code : 0 
96971000: system.memobj: hamming code addr: 600880 
96971000: system.memobj: hamming code : 0 
96971000: system.memobj: hamming code addr: 600888 
96971000: system.memobj: hamming code : 0 
96971000: system.memobj: hamming code addr: 600896 
96971000: system.memobj: hamming code : 0 
96971000: system.memobj: Enter Error Bit index: 6 
96971000: system.memobj: flip data : 1111110000101010010110010000000000000000000000000000000000000000 
96971000: system.memobj: -------------------------------------
97041000: system.memobj: mem->cpu Got response for addr 0xc4a8 , 50344
97041000: system.memobj: size 0x8
97041000: system.memobj: id 94061724546128
97041000: system.memobj: data_hex : 4883C010FFCA79F0 
97041000: system.memobj: data : 0100100010000011110000000001000011111111110010100111100111110000 
97041000: system.memobj: fix data : 0100100010000011110000000001000011111111110010100111100111110000 
97041000: system.memobj: -------------------------------------
97090000: system.memobj: mem->cpu Got response for addr 0xc4a8 , 50344
97090000: system.memobj: size 0x8
97090000: system.memobj: id 94061724545840
97090000: system.memobj: data_hex : 4883C010FFCA79F0 
97090000: system.memobj: data : 0100100010000011110000000001000011111111110010100111100111110000 
97090000: system.memobj: fix data : 0100100010000011110000000001000011111111110010100111100111110000 
97090000: system.memobj: -------------------------------------
97139000: system.memobj: mem->cpu Got response for addr 0xc4a8 , 50344
97139000: system.memobj: size 0x8
97139000: system.memobj: id 94061724546128
97139000: system.memobj: data_hex : 4883C010FFCA79F0 
97139000: system.memobj: data : 0100100010000011110000000001000011111111110010100111100111110000 
97139000: system.memobj: fix data : 0100100010000011110000000001000011111111110010100111100111110000 
97139000: system.memobj: -------------------------------------
97188000: system.memobj: mem->cpu Got response for addr 0xc4a0 , 50336
97188000: system.memobj: size 0x8
97188000: system.memobj: id 94061724545840
97188000: system.memobj: data_hex : 4889401848894010 
97188000: system.memobj: data : 0100100010001001010000000001100001001000100010010100000000010000 
97188000: system.memobj: fix data : 0100100010001001010000000001100001001000100010010100000000010000 
97188000: system.memobj: -------------------------------------
97188000: system.memobj: cpu->mem Got request for addr 0x92b20 , 600864
97188000: system.memobj: size 0x8
97188000: system.memobj: id 94061724546128
97188000: system.memobj: data_hex : 082B590000000000 
97188000: system.memobj: data : 0000100000101011010110010000000000000000000000000000000000000000 
97188000: system.memobj: hamming code addr: 600864 
97188000: system.memobj: hamming code : 9 
97188000: system.memobj: hamming code addr: 600872 
97188000: system.memobj: hamming code : 8 
97188000: system.memobj: hamming code addr: 600880 
97188000: system.memobj: hamming code : 7 
97188000: system.memobj: hamming code addr: 600888 
97188000: system.memobj: hamming code : 0 
97188000: system.memobj: hamming code addr: 600896 
97188000: system.memobj: hamming code : 0 
97188000: system.memobj: hamming code addr: 600904 
97188000: system.memobj: hamming code : 0 
97188000: system.memobj: hamming code addr: 600912 
97188000: system.memobj: hamming code : 0 
97188000: system.memobj: hamming code addr: 600920 
97188000: system.memobj: hamming code : 0 
97188000: system.memobj: Enter Error Bit index: 2 
97188000: system.memobj: flip data : 0100100000101011010110010000000000000000000000000000000000000000 
97188000: system.memobj: -------------------------------------
97258000: system.memobj: mem->cpu Got response for addr 0xc4a0 , 50336
97258000: system.memobj: size 0x8
97258000: system.memobj: id 94061724546128
97258000: system.memobj: data_hex : 4889401848894010 
97258000: system.memobj: data : 0100100010001001010000000001100001001000100010010100000000010000 
97258000: system.memobj: fix data : 0100100010001001010000000001100001001000100010010100000000010000 
97258000: system.memobj: -------------------------------------
97258000: system.memobj: cpu->mem Got request for addr 0x92b18 , 600856
97258000: system.memobj: size 0x8
97258000: system.memobj: id 94061724545840
97258000: system.memobj: data_hex : 082B590000000000 
97258000: system.memobj: data : 0000100000101011010110010000000000000000000000000000000000000000 
97258000: system.memobj: hamming code addr: 600856 
97258000: system.memobj: hamming code : 9 
97258000: system.memobj: hamming code addr: 600864 
97258000: system.memobj: hamming code : 8 
97258000: system.memobj: hamming code addr: 600872 
97258000: system.memobj: hamming code : 7 
97258000: system.memobj: hamming code addr: 600880 
97258000: system.memobj: hamming code : 0 
97258000: system.memobj: hamming code addr: 600888 
97258000: system.memobj: hamming code : 0 
97258000: system.memobj: hamming code addr: 600896 
97258000: system.memobj: hamming code : 0 
97258000: system.memobj: hamming code addr: 600904 
97258000: system.memobj: hamming code : 0 
97258000: system.memobj: hamming code addr: 600912 
97258000: system.memobj: hamming code : 0 
97258000: system.memobj: Enter Error Bit index: 5 
97258000: system.memobj: flip data : 0000000000101011010110010000000000000000000000000000000000000000 
97258000: system.memobj: -------------------------------------
97328000: system.memobj: mem->cpu Got response for addr 0xc4a8 , 50344
97328000: system.memobj: size 0x8
97328000: system.memobj: id 94061724545840
97328000: system.memobj: data_hex : 4883C010FFCA79F0 
97328000: system.memobj: data : 0100100010000011110000000001000011111111110010100111100111110000 
97328000: system.memobj: fix data : 0100100010000011110000000001000011111111110010100111100111110000 
97328000: system.memobj: -------------------------------------
97377000: system.memobj: mem->cpu Got response for addr 0xc4a8 , 50344
97377000: system.memobj: size 0x8
97377000: system.memobj: id 94061724546128
97377000: system.memobj: data_hex : 4883C010FFCA79F0 
97377000: system.memobj: data : 0100100010000011110000000001000011111111110010100111100111110000 
97377000: system.memobj: fix data : 0100100010000011110000000001000011111111110010100111100111110000 
97377000: system.memobj: -------------------------------------
97426000: system.memobj: mem->cpu Got response for addr 0xc4a8 , 50344
97426000: system.memobj: size 0x8
97426000: system.memobj: id 94061724545840
97426000: system.memobj: data_hex : 4883C010FFCA79F0 
97426000: system.memobj: data : 0100100010000011110000000001000011111111110010100111100111110000 
97426000: system.memobj: fix data : 0100100010000011110000000001000011111111110010100111100111110000 
97426000: system.memobj: -------------------------------------
97489000: system.memobj: mem->cpu Got response for addr 0xc4a0 , 50336
97489000: system.memobj: size 0x8
97489000: system.memobj: id 94061724546128
97489000: system.memobj: data_hex : 4889401848894010 
97489000: system.memobj: data : 0100100010001001010000000001100001001000100010010100000000010000 
97489000: system.memobj: fix data : 0100100010001001010000000001100001001000100010010100000000010000 
97489000: system.memobj: -------------------------------------
97489000: system.memobj: cpu->mem Got request for addr 0x92b30 , 600880
97489000: system.memobj: size 0x8
97489000: system.memobj: id 94061724545840
97489000: system.memobj: data_hex : 182B590000000000 
97489000: system.memobj: data : 0001100000101011010110010000000000000000000000000000000000000000 
97489000: system.memobj: hamming code addr: 600880 
97489000: system.memobj: hamming code : 14 
97489000: system.memobj: hamming code addr: 600888 
97489000: system.memobj: hamming code : 8 
97489000: system.memobj: hamming code addr: 600896 
97489000: system.memobj: hamming code : 7 
97489000: system.memobj: hamming code addr: 600904 
97489000: system.memobj: hamming code : 0 
97489000: system.memobj: hamming code addr: 600912 
97489000: system.memobj: hamming code : 0 
97489000: system.memobj: hamming code addr: 600920 
97489000: system.memobj: hamming code : 0 
97489000: system.memobj: hamming code addr: 600928 
97489000: system.memobj: hamming code : 0 
97489000: system.memobj: hamming code addr: 600936 
97489000: system.memobj: hamming code : 0 
97489000: system.memobj: Enter Error Bit index: 2 
97489000: system.memobj: flip data : 0101100000101011010110010000000000000000000000000000000000000000 
97489000: system.memobj: -------------------------------------
97559000: system.memobj: mem->cpu Got response for addr 0xc4a0 , 50336
97559000: system.memobj: size 0x8
97559000: system.memobj: id 94061724545840
97559000: system.memobj: data_hex : 4889401848894010 
97559000: system.memobj: data : 0100100010001001010000000001100001001000100010010100000000010000 
97559000: system.memobj: fix data : 0100100010001001010000000001100001001000100010010100000000010000 
97559000: system.memobj: -------------------------------------
97559000: system.memobj: cpu->mem Got request for addr 0x92b28 , 600872
97559000: system.memobj: size 0x8
97559000: system.memobj: id 94061724546128
97559000: system.memobj: data_hex : 182B590000000000 
97559000: system.memobj: data : 0001100000101011010110010000000000000000000000000000000000000000 
97559000: system.memobj: hamming code addr: 600872 
97559000: system.memobj: hamming code : 14 
97559000: system.memobj: hamming code addr: 600880 
97559000: system.memobj: hamming code : 8 
97559000: system.memobj: hamming code addr: 600888 
97559000: system.memobj: hamming code : 7 
97559000: system.memobj: hamming code addr: 600896 
97559000: system.memobj: hamming code : 0 
97559000: system.memobj: hamming code addr: 600904 
97559000: system.memobj: hamming code : 0 
97559000: system.memobj: hamming code addr: 600912 
97559000: system.memobj: hamming code : 0 
97559000: system.memobj: hamming code addr: 600920 
97559000: system.memobj: hamming code : 0 
97559000: system.memobj: hamming code addr: 600928 
97559000: system.memobj: hamming code : 0 
97559000: system.memobj: Enter Error Bit index: 8 
97559000: system.memobj: flip data : 0001100100101011010110010000000000000000000000000000000000000000 
97559000: system.memobj: -------------------------------------
97629000: system.memobj: mem->cpu Got response for addr 0xc4a8 , 50344
97629000: system.memobj: size 0x8
97629000: system.memobj: id 94061724546128
97629000: system.memobj: data_hex : 4883C010FFCA79F0 
97629000: system.memobj: data : 0100100010000011110000000001000011111111110010100111100111110000 
97629000: system.memobj: fix data : 0100100010000011110000000001000011111111110010100111100111110000 
97629000: system.memobj: -------------------------------------
97678000: system.memobj: mem->cpu Got response for addr 0xc4a8 , 50344
97678000: system.memobj: size 0x8
97678000: system.memobj: id 94061724545840
97678000: system.memobj: data_hex : 4883C010FFCA79F0 
97678000: system.memobj: data : 0100100010000011110000000001000011111111110010100111100111110000 
97678000: system.memobj: fix data : 0100100010000011110000000001000011111111110010100111100111110000 
97678000: system.memobj: -------------------------------------
97727000: system.memobj: mem->cpu Got response for addr 0xc4a8 , 50344
97727000: system.memobj: size 0x8
97727000: system.memobj: id 94061724546128
97727000: system.memobj: data_hex : 4883C010FFCA79F0 
97727000: system.memobj: data : 0100100010000011110000000001000011111111110010100111100111110000 
97727000: system.memobj: fix data : 0100100010000011110000000001000011111111110010100111100111110000 
97727000: system.memobj: -------------------------------------
97776000: system.memobj: mem->cpu Got response for addr 0xc4a0 , 50336
97776000: system.memobj: size 0x8
97776000: system.memobj: id 94061724545840
97776000: system.memobj: data_hex : 4889401848894010 
97776000: system.memobj: data : 0100100010001001010000000001100001001000100010010100000000010000 
97776000: system.memobj: fix data : 0100100010001001010000000001100001001000100010010100000000010000 
97776000: system.memobj: -------------------------------------
97776000: system.memobj: cpu->mem Got request for addr 0x92b40 , 600896
97776000: system.memobj: size 0x8
97776000: system.memobj: id 94061724546128
97776000: system.memobj: data_hex : 282B590000000000 
97776000: system.memobj: data : 0010100000101011010110010000000000000000000000000000000000000000 
97776000: system.memobj: hamming code addr: 600896 
97776000: system.memobj: hamming code : 15 
97776000: system.memobj: hamming code addr: 600904 
97776000: system.memobj: hamming code : 8 
97776000: system.memobj: hamming code addr: 600912 
97776000: system.memobj: hamming code : 7 
97776000: system.memobj: hamming code addr: 600920 
97776000: system.memobj: hamming code : 0 
97776000: system.memobj: hamming code addr: 600928 
97776000: system.memobj: hamming code : 0 
97776000: system.memobj: hamming code addr: 600936 
97776000: system.memobj: hamming code : 0 
97776000: system.memobj: hamming code addr: 600944 
97776000: system.memobj: hamming code : 0 
97776000: system.memobj: hamming code addr: 600952 
97776000: system.memobj: hamming code : 0 
97776000: system.memobj: Enter Error Bit index: 4 
97776000: system.memobj: flip data : 0011100000101011010110010000000000000000000000000000000000000000 
97776000: system.memobj: -------------------------------------
97846000: system.memobj: mem->cpu Got response for addr 0xc4a0 , 50336
97846000: system.memobj: size 0x8
97846000: system.memobj: id 94061724546128
97846000: system.memobj: data_hex : 4889401848894010 
97846000: system.memobj: data : 0100100010001001010000000001100001001000100010010100000000010000 
97846000: system.memobj: fix data : 0100100010001001010000000001100001001000100010010100000000010000 
97846000: system.memobj: -------------------------------------
97846000: system.memobj: cpu->mem Got request for addr 0x92b38 , 600888
97846000: system.memobj: size 0x8
97846000: system.memobj: id 94061724545840
97846000: system.memobj: data_hex : 282B590000000000 
97846000: system.memobj: data : 0010100000101011010110010000000000000000000000000000000000000000 
97846000: system.memobj: hamming code addr: 600888 
97846000: system.memobj: hamming code : 15 
97846000: system.memobj: hamming code addr: 600896 
97846000: system.memobj: hamming code : 8 
97846000: system.memobj: hamming code addr: 600904 
97846000: system.memobj: hamming code : 7 
97846000: system.memobj: hamming code addr: 600912 
97846000: system.memobj: hamming code : 0 
97846000: system.memobj: hamming code addr: 600920 
97846000: system.memobj: hamming code : 0 
97846000: system.memobj: hamming code addr: 600928 
97846000: system.memobj: hamming code : 0 
97846000: system.memobj: hamming code addr: 600936 
97846000: system.memobj: hamming code : 0 
97846000: system.memobj: hamming code addr: 600944 
97846000: system.memobj: hamming code : 0 
97846000: system.memobj: Enter Error Bit index: 8 
97846000: system.memobj: flip data : 0010100100101011010110010000000000000000000000000000000000000000 
97846000: system.memobj: -------------------------------------
97916000: system.memobj: mem->cpu Got response for addr 0xc4a8 , 50344
97916000: system.memobj: size 0x8
97916000: system.memobj: id 94061724545840
97916000: system.memobj: data_hex : 4883C010FFCA79F0 
97916000: system.memobj: data : 0100100010000011110000000001000011111111110010100111100111110000 
97916000: system.memobj: fix data : 0100100010000011110000000001000011111111110010100111100111110000 
97916000: system.memobj: -------------------------------------
97965000: system.memobj: mem->cpu Got response for addr 0xc4a8 , 50344
97965000: system.memobj: size 0x8
97965000: system.memobj: id 94061724546128
97965000: system.memobj: data_hex : 4883C010FFCA79F0 
97965000: system.memobj: data : 0100100010000011110000000001000011111111110010100111100111110000 
97965000: system.memobj: fix data : 0100100010000011110000000001000011111111110010100111100111110000 
97965000: system.memobj: -------------------------------------
98014000: system.memobj: mem->cpu Got response for addr 0xc4a8 , 50344
98014000: system.memobj: size 0x8
98014000: system.memobj: id 94061724545840
98014000: system.memobj: data_hex : 4883C010FFCA79F0 
98014000: system.memobj: data : 0100100010000011110000000001000011111111110010100111100111110000 
98014000: system.memobj: fix data : 0100100010000011110000000001000011111111110010100111100111110000 
98014000: system.memobj: -------------------------------------
98063000: system.memobj: mem->cpu Got response for addr 0xc4a0 , 50336
98063000: system.memobj: size 0x8
98063000: system.memobj: id 94061724546128
98063000: system.memobj: data_hex : 4889401848894010 
98063000: system.memobj: data : 0100100010001001010000000001100001001000100010010100000000010000 
98063000: system.memobj: fix data : 0100100010001001010000000001100001001000100010010100000000010000 
98063000: system.memobj: -------------------------------------
98063000: system.memobj: cpu->mem Got request for addr 0x92b50 , 600912
98063000: system.memobj: size 0x8
98063000: system.memobj: id 94061724545840
98063000: system.memobj: data_hex : 382B590000000000 
98063000: system.memobj: data : 0011100000101011010110010000000000000000000000000000000000000000 
98063000: system.memobj: hamming code addr: 600912 
98063000: system.memobj: hamming code : 8 
98063000: system.memobj: hamming code addr: 600920 
98063000: system.memobj: hamming code : 8 
98063000: system.memobj: hamming code addr: 600928 
98063000: system.memobj: hamming code : 7 
98063000: system.memobj: hamming code addr: 600936 
98063000: system.memobj: hamming code : 0 
98063000: system.memobj: hamming code addr: 600944 
98063000: system.memobj: hamming code : 0 
98063000: system.memobj: hamming code addr: 600952 
98063000: system.memobj: hamming code : 0 
98063000: system.memobj: hamming code addr: 600960 
98063000: system.memobj: hamming code : 0 
98063000: system.memobj: hamming code addr: 600968 
98063000: system.memobj: hamming code : 0 
98063000: system.memobj: Enter Error Bit index: 2 
98063000: system.memobj: flip data : 0111100000101011010110010000000000000000000000000000000000000000 
98063000: system.memobj: -------------------------------------
98133000: system.memobj: mem->cpu Got response for addr 0xc4a0 , 50336
98133000: system.memobj: size 0x8
98133000: system.memobj: id 94061724545840
98133000: system.memobj: data_hex : 4889401848894010 
98133000: system.memobj: data : 0100100010001001010000000001100001001000100010010100000000010000 
98133000: system.memobj: fix data : 0100100010001001010000000001100001001000100010010100000000010000 
98133000: system.memobj: -------------------------------------
98133000: system.memobj: cpu->mem Got request for addr 0x92b48 , 600904
98133000: system.memobj: size 0x8
98133000: system.memobj: id 94061724546128
98133000: system.memobj: data_hex : 382B590000000000 
98133000: system.memobj: data : 0011100000101011010110010000000000000000000000000000000000000000 
98133000: system.memobj: hamming code addr: 600904 
98133000: system.memobj: hamming code : 8 
98133000: system.memobj: hamming code addr: 600912 
98133000: system.memobj: hamming code : 8 
98133000: system.memobj: hamming code addr: 600920 
98133000: system.memobj: hamming code : 7 
98133000: system.memobj: hamming code addr: 600928 
98133000: system.memobj: hamming code : 0 
98133000: system.memobj: hamming code addr: 600936 
98133000: system.memobj: hamming code : 0 
98133000: system.memobj: hamming code addr: 600944 
98133000: system.memobj: hamming code : 0 
98133000: system.memobj: hamming code addr: 600952 
98133000: system.memobj: hamming code : 0 
98133000: system.memobj: hamming code addr: 600960 
98133000: system.memobj: hamming code : 0 
98133000: system.memobj: Enter Error Bit index: 1 
98133000: system.memobj: flip data : 1011100000101011010110010000000000000000000000000000000000000000 
98133000: system.memobj: -------------------------------------
98203000: system.memobj: mem->cpu Got response for addr 0xc4a8 , 50344
98203000: system.memobj: size 0x8
98203000: system.memobj: id 94061724546128
98203000: system.memobj: data_hex : 4883C010FFCA79F0 
98203000: system.memobj: data : 0100100010000011110000000001000011111111110010100111100111110000 
98203000: system.memobj: fix data : 0100100010000011110000000001000011111111110010100111100111110000 
98203000: system.memobj: -------------------------------------
98252000: system.memobj: mem->cpu Got response for addr 0xc4a8 , 50344
98252000: system.memobj: size 0x8
98252000: system.memobj: id 94061724545840
98252000: system.memobj: data_hex : 4883C010FFCA79F0 
98252000: system.memobj: data : 0100100010000011110000000001000011111111110010100111100111110000 
98252000: system.memobj: fix data : 0100100010000011110000000001000011111111110010100111100111110000 
98252000: system.memobj: -------------------------------------
98301000: system.memobj: mem->cpu Got response for addr 0xc4a8 , 50344
98301000: system.memobj: size 0x8
98301000: system.memobj: id 94061724546128
98301000: system.memobj: data_hex : 4883C010FFCA79F0 
98301000: system.memobj: data : 0100100010000011110000000001000011111111110010100111100111110000 
98301000: system.memobj: fix data : 0100100010000011110000000001000011111111110010100111100111110000 
98301000: system.memobj: -------------------------------------
98350000: system.memobj: mem->cpu Got response for addr 0xc4a0 , 50336
98350000: system.memobj: size 0x8
98350000: system.memobj: id 94061724545840
98350000: system.memobj: data_hex : 4889401848894010 
98350000: system.memobj: data : 0100100010001001010000000001100001001000100010010100000000010000 
98350000: system.memobj: fix data : 0100100010001001010000000001100001001000100010010100000000010000 
98350000: system.memobj: -------------------------------------
98350000: system.memobj: cpu->mem Got request for addr 0x92b60 , 600928
98350000: system.memobj: size 0x8
98350000: system.memobj: id 94061724546128
98350000: system.memobj: data_hex : 482B590000000000 
98350000: system.memobj: data : 0100100000101011010110010000000000000000000000000000000000000000 
98350000: system.memobj: hamming code addr: 600928 
98350000: system.memobj: hamming code : 12 
98350000: system.memobj: hamming code addr: 600936 
98350000: system.memobj: hamming code : 8 
98350000: system.memobj: hamming code addr: 600944 
98350000: system.memobj: hamming code : 7 
98350000: system.memobj: hamming code addr: 600952 
98350000: system.memobj: hamming code : 0 
98350000: system.memobj: hamming code addr: 600960 
98350000: system.memobj: hamming code : 0 
98350000: system.memobj: hamming code addr: 600968 
98350000: system.memobj: hamming code : 0 
98350000: system.memobj: hamming code addr: 600976 
98350000: system.memobj: hamming code : 0 
98350000: system.memobj: hamming code addr: 600984 
98350000: system.memobj: hamming code : 0 
98350000: system.memobj: Enter Error Bit index: 4 
98350000: system.memobj: flip data : 0101100000101011010110010000000000000000000000000000000000000000 
98350000: system.memobj: -------------------------------------
98434000: system.memobj: mem->cpu Got response for addr 0xc4a0 , 50336
98434000: system.memobj: size 0x8
98434000: system.memobj: id 94061724546128
98434000: system.memobj: data_hex : 4889401848894010 
98434000: system.memobj: data : 0100100010001001010000000001100001001000100010010100000000010000 
98434000: system.memobj: fix data : 0100100010001001010000000001100001001000100010010100000000010000 
98434000: system.memobj: -------------------------------------
98434000: system.memobj: cpu->mem Got request for addr 0x92b58 , 600920
98434000: system.memobj: size 0x8
98434000: system.memobj: id 94061724545840
98434000: system.memobj: data_hex : 482B590000000000 
98434000: system.memobj: data : 0100100000101011010110010000000000000000000000000000000000000000 
98434000: system.memobj: hamming code addr: 600920 
98434000: system.memobj: hamming code : 12 
98434000: system.memobj: hamming code addr: 600928 
98434000: system.memobj: hamming code : 8 
98434000: system.memobj: hamming code addr: 600936 
98434000: system.memobj: hamming code : 7 
98434000: system.memobj: hamming code addr: 600944 
98434000: system.memobj: hamming code : 0 
98434000: system.memobj: hamming code addr: 600952 
98434000: system.memobj: hamming code : 0 
98434000: system.memobj: hamming code addr: 600960 
98434000: system.memobj: hamming code : 0 
98434000: system.memobj: hamming code addr: 600968 
98434000: system.memobj: hamming code : 0 
98434000: system.memobj: hamming code addr: 600976 
98434000: system.memobj: hamming code : 0 
98434000: system.memobj: Enter Error Bit index: 4 
98434000: system.memobj: flip data : 0101100000101011010110010000000000000000000000000000000000000000 
98434000: system.memobj: -------------------------------------
98504000: system.memobj: mem->cpu Got response for addr 0xc4a8 , 50344
98504000: system.memobj: size 0x8
98504000: system.memobj: id 94061724545840
98504000: system.memobj: data_hex : 4883C010FFCA79F0 
98504000: system.memobj: data : 0100100010000011110000000001000011111111110010100111100111110000 
98504000: system.memobj: fix data : 0100100010000011110000000001000011111111110010100111100111110000 
98504000: system.memobj: -------------------------------------
98553000: system.memobj: mem->cpu Got response for addr 0xc4a8 , 50344
98553000: system.memobj: size 0x8
98553000: system.memobj: id 94061724546128
98553000: system.memobj: data_hex : 4883C010FFCA79F0 
98553000: system.memobj: data : 0100100010000011110000000001000011111111110010100111100111110000 
98553000: system.memobj: fix data : 0100100010000011110000000001000011111111110010100111100111110000 
98553000: system.memobj: -------------------------------------
98602000: system.memobj: mem->cpu Got response for addr 0xc4a8 , 50344
98602000: system.memobj: size 0x8
98602000: system.memobj: id 94061724545840
98602000: system.memobj: data_hex : 4883C010FFCA79F0 
98602000: system.memobj: data : 0100100010000011110000000001000011111111110010100111100111110000 
98602000: system.memobj: fix data : 0100100010000011110000000001000011111111110010100111100111110000 
98602000: system.memobj: -------------------------------------
98651000: system.memobj: mem->cpu Got response for addr 0xc4a0 , 50336
98651000: system.memobj: size 0x8
98651000: system.memobj: id 94061724546128
98651000: system.memobj: data_hex : 4889401848894010 
98651000: system.memobj: data : 0100100010001001010000000001100001001000100010010100000000010000 
98651000: system.memobj: fix data : 0100100010001001010000000001100001001000100010010100000000010000 
98651000: system.memobj: -------------------------------------
98651000: system.memobj: cpu->mem Got request for addr 0x92b70 , 600944
98651000: system.memobj: size 0x8
98651000: system.memobj: id 94061724545840
98651000: system.memobj: data_hex : 582B590000000000 
98651000: system.memobj: data : 0101100000101011010110010000000000000000000000000000000000000000 
98651000: system.memobj: hamming code addr: 600944 
98651000: system.memobj: hamming code : 11 
98651000: system.memobj: hamming code addr: 600952 
98651000: system.memobj: hamming code : 8 
98651000: system.memobj: hamming code addr: 600960 
98651000: system.memobj: hamming code : 7 
98651000: system.memobj: hamming code addr: 600968 
98651000: system.memobj: hamming code : 0 
98651000: system.memobj: hamming code addr: 600976 
98651000: system.memobj: hamming code : 0 
98651000: system.memobj: hamming code addr: 600984 
98651000: system.memobj: hamming code : 0 
98651000: system.memobj: hamming code addr: 600992 
98651000: system.memobj: hamming code : 0 
98651000: system.memobj: hamming code addr: 601000 
98651000: system.memobj: hamming code : 0 
98651000: system.memobj: Enter Error Bit index: 5 
98651000: system.memobj: flip data : 0101000000101011010110010000000000000000000000000000000000000000 
98651000: system.memobj: -------------------------------------
98721000: system.memobj: mem->cpu Got response for addr 0xc4a0 , 50336
98721000: system.memobj: size 0x8
98721000: system.memobj: id 94061724545840
98721000: system.memobj: data_hex : 4889401848894010 
98721000: system.memobj: data : 0100100010001001010000000001100001001000100010010100000000010000 
98721000: system.memobj: fix data : 0100100010001001010000000001100001001000100010010100000000010000 
98721000: system.memobj: -------------------------------------
98721000: system.memobj: cpu->mem Got request for addr 0x92b68 , 600936
98721000: system.memobj: size 0x8
98721000: system.memobj: id 94061724546128
98721000: system.memobj: data_hex : 582B590000000000 
98721000: system.memobj: data : 0101100000101011010110010000000000000000000000000000000000000000 
98721000: system.memobj: hamming code addr: 600936 
98721000: system.memobj: hamming code : 11 
98721000: system.memobj: hamming code addr: 600944 
98721000: system.memobj: hamming code : 8 
98721000: system.memobj: hamming code addr: 600952 
98721000: system.memobj: hamming code : 7 
98721000: system.memobj: hamming code addr: 600960 
98721000: system.memobj: hamming code : 0 
98721000: system.memobj: hamming code addr: 600968 
98721000: system.memobj: hamming code : 0 
98721000: system.memobj: hamming code addr: 600976 
98721000: system.memobj: hamming code : 0 
98721000: system.memobj: hamming code addr: 600984 
98721000: system.memobj: hamming code : 0 
98721000: system.memobj: hamming code addr: 600992 
98721000: system.memobj: hamming code : 0 
98721000: system.memobj: Enter Error Bit index: 4 
98721000: system.memobj: flip data : 0100100000101011010110010000000000000000000000000000000000000000 
98721000: system.memobj: -------------------------------------
98791000: system.memobj: mem->cpu Got response for addr 0xc4a8 , 50344
98791000: system.memobj: size 0x8
98791000: system.memobj: id 94061724546128
98791000: system.memobj: data_hex : 4883C010FFCA79F0 
98791000: system.memobj: data : 0100100010000011110000000001000011111111110010100111100111110000 
98791000: system.memobj: fix data : 0100100010000011110000000001000011111111110010100111100111110000 
98791000: system.memobj: -------------------------------------
98840000: system.memobj: mem->cpu Got response for addr 0xc4a8 , 50344
98840000: system.memobj: size 0x8
98840000: system.memobj: id 94061724545840
98840000: system.memobj: data_hex : 4883C010FFCA79F0 
98840000: system.memobj: data : 0100100010000011110000000001000011111111110010100111100111110000 
98840000: system.memobj: fix data : 0100100010000011110000000001000011111111110010100111100111110000 
98840000: system.memobj: -------------------------------------
98889000: system.memobj: mem->cpu Got response for addr 0xc4a8 , 50344
98889000: system.memobj: size 0x8
98889000: system.memobj: id 94061724546128
98889000: system.memobj: data_hex : 4883C010FFCA79F0 
98889000: system.memobj: data : 0100100010000011110000000001000011111111110010100111100111110000 
98889000: system.memobj: fix data : 0100100010000011110000000001000011111111110010100111100111110000 
98889000: system.memobj: -------------------------------------
98938000: system.memobj: mem->cpu Got response for addr 0xc4a0 , 50336
98938000: system.memobj: size 0x8
98938000: system.memobj: id 94061724545840
98938000: system.memobj: data_hex : 4889401848894010 
98938000: system.memobj: data : 0100100010001001010000000001100001001000100010010100000000010000 
98938000: system.memobj: fix data : 0100100010001001010000000001100001001000100010010100000000010000 
98938000: system.memobj: -------------------------------------
98938000: system.memobj: cpu->mem Got request for addr 0x92b80 , 600960
98938000: system.memobj: size 0x8
98938000: system.memobj: id 94061724546128
98938000: system.memobj: data_hex : 682B590000000000 
98938000: system.memobj: data : 0110100000101011010110010000000000000000000000000000000000000000 
98938000: system.memobj: hamming code addr: 600960 
98938000: system.memobj: hamming code : 10 
98938000: system.memobj: hamming code addr: 600968 
98938000: system.memobj: hamming code : 8 
98938000: system.memobj: hamming code addr: 600976 
98938000: system.memobj: hamming code : 7 
98938000: system.memobj: hamming code addr: 600984 
98938000: system.memobj: hamming code : 0 
98938000: system.memobj: hamming code addr: 600992 
98938000: system.memobj: hamming code : 0 
98938000: system.memobj: hamming code addr: 601000 
98938000: system.memobj: hamming code : 0 
98938000: system.memobj: hamming code addr: 601008 
98938000: system.memobj: hamming code : 0 
98938000: system.memobj: hamming code addr: 601016 
98938000: system.memobj: hamming code : 0 
98938000: system.memobj: Enter Error Bit index: 2 
98938000: system.memobj: flip data : 0010100000101011010110010000000000000000000000000000000000000000 
98938000: system.memobj: -------------------------------------
99008000: system.memobj: mem->cpu Got response for addr 0xc4a0 , 50336
99008000: system.memobj: size 0x8
99008000: system.memobj: id 94061724546128
99008000: system.memobj: data_hex : 4889401848894010 
99008000: system.memobj: data : 0100100010001001010000000001100001001000100010010100000000010000 
99008000: system.memobj: fix data : 0100100010001001010000000001100001001000100010010100000000010000 
99008000: system.memobj: -------------------------------------
99008000: system.memobj: cpu->mem Got request for addr 0x92b78 , 600952
99008000: system.memobj: size 0x8
99008000: system.memobj: id 94061724545840
99008000: system.memobj: data_hex : 682B590000000000 
99008000: system.memobj: data : 0110100000101011010110010000000000000000000000000000000000000000 
99008000: system.memobj: hamming code addr: 600952 
99008000: system.memobj: hamming code : 10 
99008000: system.memobj: hamming code addr: 600960 
99008000: system.memobj: hamming code : 8 
99008000: system.memobj: hamming code addr: 600968 
99008000: system.memobj: hamming code : 7 
99008000: system.memobj: hamming code addr: 600976 
99008000: system.memobj: hamming code : 0 
99008000: system.memobj: hamming code addr: 600984 
99008000: system.memobj: hamming code : 0 
99008000: system.memobj: hamming code addr: 600992 
99008000: system.memobj: hamming code : 0 
99008000: system.memobj: hamming code addr: 601000 
99008000: system.memobj: hamming code : 0 
99008000: system.memobj: hamming code addr: 601008 
99008000: system.memobj: hamming code : 0 
99008000: system.memobj: Enter Error Bit index: 5 
99008000: system.memobj: flip data : 0110000000101011010110010000000000000000000000000000000000000000 
99008000: system.memobj: -------------------------------------
99078000: system.memobj: mem->cpu Got response for addr 0xc4a8 , 50344
99078000: system.memobj: size 0x8
99078000: system.memobj: id 94061724545840
99078000: system.memobj: data_hex : 4883C010FFCA79F0 
99078000: system.memobj: data : 0100100010000011110000000001000011111111110010100111100111110000 
99078000: system.memobj: fix data : 0100100010000011110000000001000011111111110010100111100111110000 
99078000: system.memobj: -------------------------------------
99127000: system.memobj: mem->cpu Got response for addr 0xc4a8 , 50344
99127000: system.memobj: size 0x8
99127000: system.memobj: id 94061724546128
99127000: system.memobj: data_hex : 4883C010FFCA79F0 
99127000: system.memobj: data : 0100100010000011110000000001000011111111110010100111100111110000 
99127000: system.memobj: fix data : 0100100010000011110000000001000011111111110010100111100111110000 
99127000: system.memobj: -------------------------------------
99176000: system.memobj: mem->cpu Got response for addr 0xc4a8 , 50344
99176000: system.memobj: size 0x8
99176000: system.memobj: id 94061724545840
99176000: system.memobj: data_hex : 4883C010FFCA79F0 
99176000: system.memobj: data : 0100100010000011110000000001000011111111110010100111100111110000 
99176000: system.memobj: fix data : 0100100010000011110000000001000011111111110010100111100111110000 
99176000: system.memobj: -------------------------------------
99225000: system.memobj: mem->cpu Got response for addr 0xc4a0 , 50336
99225000: system.memobj: size 0x8
99225000: system.memobj: id 94061724546128
99225000: system.memobj: data_hex : 4889401848894010 
99225000: system.memobj: data : 0100100010001001010000000001100001001000100010010100000000010000 
99225000: system.memobj: fix data : 0100100010001001010000000001100001001000100010010100000000010000 
99225000: system.memobj: -------------------------------------
99225000: system.memobj: cpu->mem Got request for addr 0x92b90 , 600976
99225000: system.memobj: size 0x8
99225000: system.memobj: id 94061724545840
99225000: system.memobj: data_hex : 782B590000000000 
99225000: system.memobj: data : 0111100000101011010110010000000000000000000000000000000000000000 
99225000: system.memobj: hamming code addr: 600976 
99225000: system.memobj: hamming code : 13 
99225000: system.memobj: hamming code addr: 600984 
99225000: system.memobj: hamming code : 8 
99225000: system.memobj: hamming code addr: 600992 
99225000: system.memobj: hamming code : 7 
99225000: system.memobj: hamming code addr: 601000 
99225000: system.memobj: hamming code : 0 
99225000: system.memobj: hamming code addr: 601008 
99225000: system.memobj: hamming code : 0 
99225000: system.memobj: hamming code addr: 601016 
99225000: system.memobj: hamming code : 0 
99225000: system.memobj: hamming code addr: 601024 
99225000: system.memobj: hamming code : 0 
99225000: system.memobj: hamming code addr: 601032 
99225000: system.memobj: hamming code : 0 
99225000: system.memobj: Enter Error Bit index: 8 
99225000: system.memobj: flip data : 0111100100101011010110010000000000000000000000000000000000000000 
99225000: system.memobj: -------------------------------------
99295000: system.memobj: mem->cpu Got response for addr 0xc4a0 , 50336
99295000: system.memobj: size 0x8
99295000: system.memobj: id 94061724545840
99295000: system.memobj: data_hex : 4889401848894010 
99295000: system.memobj: data : 0100100010001001010000000001100001001000100010010100000000010000 
99295000: system.memobj: fix data : 0100100010001001010000000001100001001000100010010100000000010000 
99295000: system.memobj: -------------------------------------
99295000: system.memobj: cpu->mem Got request for addr 0x92b88 , 600968
99295000: system.memobj: size 0x8
99295000: system.memobj: id 94061724546128
99295000: system.memobj: data_hex : 782B590000000000 
99295000: system.memobj: data : 0111100000101011010110010000000000000000000000000000000000000000 
99295000: system.memobj: hamming code addr: 600968 
99295000: system.memobj: hamming code : 13 
99295000: system.memobj: hamming code addr: 600976 
99295000: system.memobj: hamming code : 8 
99295000: system.memobj: hamming code addr: 600984 
99295000: system.memobj: hamming code : 7 
99295000: system.memobj: hamming code addr: 600992 
99295000: system.memobj: hamming code : 0 
99295000: system.memobj: hamming code addr: 601000 
99295000: system.memobj: hamming code : 0 
99295000: system.memobj: hamming code addr: 601008 
99295000: system.memobj: hamming code : 0 
99295000: system.memobj: hamming code addr: 601016 
99295000: system.memobj: hamming code : 0 
99295000: system.memobj: hamming code addr: 601024 
99295000: system.memobj: hamming code : 0 
99295000: system.memobj: Enter Error Bit index: 7 
99295000: system.memobj: flip data : 0111101000101011010110010000000000000000000000000000000000000000 
99295000: system.memobj: -------------------------------------
99379000: system.memobj: mem->cpu Got response for addr 0xc4a8 , 50344
99379000: system.memobj: size 0x8
99379000: system.memobj: id 94061724546128
99379000: system.memobj: data_hex : 4883C010FFCA79F0 
99379000: system.memobj: data : 0100100010000011110000000001000011111111110010100111100111110000 
99379000: system.memobj: fix data : 0100100010000011110000000001000011111111110010100111100111110000 
99379000: system.memobj: -------------------------------------
99428000: system.memobj: mem->cpu Got response for addr 0xc4a8 , 50344
99428000: system.memobj: size 0x8
99428000: system.memobj: id 94061724545840
99428000: system.memobj: data_hex : 4883C010FFCA79F0 
99428000: system.memobj: data : 0100100010000011110000000001000011111111110010100111100111110000 
99428000: system.memobj: fix data : 0100100010000011110000000001000011111111110010100111100111110000 
99428000: system.memobj: -------------------------------------
99477000: system.memobj: mem->cpu Got response for addr 0xc4a8 , 50344
99477000: system.memobj: size 0x8
99477000: system.memobj: id 94061724546128
99477000: system.memobj: data_hex : 4883C010FFCA79F0 
99477000: system.memobj: data : 0100100010000011110000000001000011111111110010100111100111110000 
99477000: system.memobj: fix data : 0100100010000011110000000001000011111111110010100111100111110000 
99477000: system.memobj: -------------------------------------
99526000: system.memobj: mem->cpu Got response for addr 0xc4a0 , 50336
99526000: system.memobj: size 0x8
99526000: system.memobj: id 94061724545840
99526000: system.memobj: data_hex : 4889401848894010 
99526000: system.memobj: data : 0100100010001001010000000001100001001000100010010100000000010000 
99526000: system.memobj: fix data : 0100100010001001010000000001100001001000100010010100000000010000 
99526000: system.memobj: -------------------------------------
99526000: system.memobj: cpu->mem Got request for addr 0x92ba0 , 600992
99526000: system.memobj: size 0x8
99526000: system.memobj: id 94061724546128
99526000: system.memobj: data_hex : 882B590000000000 
99526000: system.memobj: data : 1000100000101011010110010000000000000000000000000000000000000000 
99526000: system.memobj: hamming code addr: 600992 
99526000: system.memobj: hamming code : 10 
99526000: system.memobj: hamming code addr: 601000 
99526000: system.memobj: hamming code : 8 
99526000: system.memobj: hamming code addr: 601008 
99526000: system.memobj: hamming code : 7 
99526000: system.memobj: hamming code addr: 601016 
99526000: system.memobj: hamming code : 0 
99526000: system.memobj: hamming code addr: 601024 
99526000: system.memobj: hamming code : 0 
99526000: system.memobj: hamming code addr: 601032 
99526000: system.memobj: hamming code : 0 
99526000: system.memobj: hamming code addr: 601040 
99526000: system.memobj: hamming code : 0 
99526000: system.memobj: hamming code addr: 601048 
99526000: system.memobj: hamming code : 0 
99526000: system.memobj: Enter Error Bit index: 1 
99526000: system.memobj: flip data : 0000100000101011010110010000000000000000000000000000000000000000 
99526000: system.memobj: -------------------------------------
99596000: system.memobj: mem->cpu Got response for addr 0xc4a0 , 50336
99596000: system.memobj: size 0x8
99596000: system.memobj: id 94061724546128
99596000: system.memobj: data_hex : 4889401848894010 
99596000: system.memobj: data : 0100100010001001010000000001100001001000100010010100000000010000 
99596000: system.memobj: fix data : 0100100010001001010000000001100001001000100010010100000000010000 
99596000: system.memobj: -------------------------------------
99596000: system.memobj: cpu->mem Got request for addr 0x92b98 , 600984
99596000: system.memobj: size 0x8
99596000: system.memobj: id 94061724545840
99596000: system.memobj: data_hex : 882B590000000000 
99596000: system.memobj: data : 1000100000101011010110010000000000000000000000000000000000000000 
99596000: system.memobj: hamming code addr: 600984 
99596000: system.memobj: hamming code : 10 
99596000: system.memobj: hamming code addr: 600992 
99596000: system.memobj: hamming code : 8 
99596000: system.memobj: hamming code addr: 601000 
99596000: system.memobj: hamming code : 7 
99596000: system.memobj: hamming code addr: 601008 
99596000: system.memobj: hamming code : 0 
99596000: system.memobj: hamming code addr: 601016 
99596000: system.memobj: hamming code : 0 
99596000: system.memobj: hamming code addr: 601024 
99596000: system.memobj: hamming code : 0 
99596000: system.memobj: hamming code addr: 601032 
99596000: system.memobj: hamming code : 0 
99596000: system.memobj: hamming code addr: 601040 
99596000: system.memobj: hamming code : 0 
99596000: system.memobj: Enter Error Bit index: 3 
99596000: system.memobj: flip data : 1010100000101011010110010000000000000000000000000000000000000000 
99596000: system.memobj: -------------------------------------
99666000: system.memobj: mem->cpu Got response for addr 0xc4a8 , 50344
99666000: system.memobj: size 0x8
99666000: system.memobj: id 94061724545840
99666000: system.memobj: data_hex : 4883C010FFCA79F0 
99666000: system.memobj: data : 0100100010000011110000000001000011111111110010100111100111110000 
99666000: system.memobj: fix data : 0100100010000011110000000001000011111111110010100111100111110000 
99666000: system.memobj: -------------------------------------
99715000: system.memobj: mem->cpu Got response for addr 0xc4a8 , 50344
99715000: system.memobj: size 0x8
99715000: system.memobj: id 94061724546128
99715000: system.memobj: data_hex : 4883C010FFCA79F0 
99715000: system.memobj: data : 0100100010000011110000000001000011111111110010100111100111110000 
99715000: system.memobj: fix data : 0100100010000011110000000001000011111111110010100111100111110000 
99715000: system.memobj: -------------------------------------
99764000: system.memobj: mem->cpu Got response for addr 0xc4a8 , 50344
99764000: system.memobj: size 0x8
99764000: system.memobj: id 94061724545840
99764000: system.memobj: data_hex : 4883C010FFCA79F0 
99764000: system.memobj: data : 0100100010000011110000000001000011111111110010100111100111110000 
99764000: system.memobj: fix data : 0100100010000011110000000001000011111111110010100111100111110000 
99764000: system.memobj: -------------------------------------
99813000: system.memobj: mem->cpu Got response for addr 0xc4a0 , 50336
99813000: system.memobj: size 0x8
99813000: system.memobj: id 94061724546128
99813000: system.memobj: data_hex : 4889401848894010 
99813000: system.memobj: data : 0100100010001001010000000001100001001000100010010100000000010000 
99813000: system.memobj: fix data : 0100100010001001010000000001100001001000100010010100000000010000 
99813000: system.memobj: -------------------------------------
99813000: system.memobj: cpu->mem Got request for addr 0x92bb0 , 601008
99813000: system.memobj: size 0x8
99813000: system.memobj: id 94061724545840
99813000: system.memobj: data_hex : 982B590000000000 
99813000: system.memobj: data : 1001100000101011010110010000000000000000000000000000000000000000 
99813000: system.memobj: hamming code addr: 601008 
99813000: system.memobj: hamming code : 13 
99813000: system.memobj: hamming code addr: 601016 
99813000: system.memobj: hamming code : 8 
99813000: system.memobj: hamming code addr: 601024 
99813000: system.memobj: hamming code : 7 
99813000: system.memobj: hamming code addr: 601032 
99813000: system.memobj: hamming code : 0 
99813000: system.memobj: hamming code addr: 601040 
99813000: system.memobj: hamming code : 0 
99813000: system.memobj: hamming code addr: 601048 
99813000: system.memobj: hamming code : 0 
99813000: system.memobj: hamming code addr: 601056 
99813000: system.memobj: hamming code : 0 
99813000: system.memobj: hamming code addr: 601064 
99813000: system.memobj: hamming code : 0 
99813000: system.memobj: Enter Error Bit index: 1 
99813000: system.memobj: flip data : 0001100000101011010110010000000000000000000000000000000000000000 
99813000: system.memobj: -------------------------------------
99883000: system.memobj: mem->cpu Got response for addr 0xc4a0 , 50336
99883000: system.memobj: size 0x8
99883000: system.memobj: id 94061724545840
99883000: system.memobj: data_hex : 4889401848894010 
99883000: system.memobj: data : 0100100010001001010000000001100001001000100010010100000000010000 
99883000: system.memobj: fix data : 0100100010001001010000000001100001001000100010010100000000010000 
99883000: system.memobj: -------------------------------------
99883000: system.memobj: cpu->mem Got request for addr 0x92ba8 , 601000
99883000: system.memobj: size 0x8
99883000: system.memobj: id 94061724546128
99883000: system.memobj: data_hex : 982B590000000000 
99883000: system.memobj: data : 1001100000101011010110010000000000000000000000000000000000000000 
99883000: system.memobj: hamming code addr: 601000 
99883000: system.memobj: hamming code : 13 
99883000: system.memobj: hamming code addr: 601008 
99883000: system.memobj: hamming code : 8 
99883000: system.memobj: hamming code addr: 601016 
99883000: system.memobj: hamming code : 7 
99883000: system.memobj: hamming code addr: 601024 
99883000: system.memobj: hamming code : 0 
99883000: system.memobj: hamming code addr: 601032 
99883000: system.memobj: hamming code : 0 
99883000: system.memobj: hamming code addr: 601040 
99883000: system.memobj: hamming code : 0 
99883000: system.memobj: hamming code addr: 601048 
99883000: system.memobj: hamming code : 0 
99883000: system.memobj: hamming code addr: 601056 
99883000: system.memobj: hamming code : 0 
99883000: system.memobj: Enter Error Bit index: 1 
99883000: system.memobj: flip data : 0001100000101011010110010000000000000000000000000000000000000000 
99883000: system.memobj: -------------------------------------
99953000: system.memobj: mem->cpu Got response for addr 0xc4a8 , 50344
99953000: system.memobj: size 0x8
99953000: system.memobj: id 94061724546128
99953000: system.memobj: data_hex : 4883C010FFCA79F0 
99953000: system.memobj: data : 0100100010000011110000000001000011111111110010100111100111110000 
99953000: system.memobj: fix data : 0100100010000011110000000001000011111111110010100111100111110000 
99953000: system.memobj: -------------------------------------
100002000: system.memobj: mem->cpu Got response for addr 0xc4a8 , 50344
100002000: system.memobj: size 0x8
100002000: system.memobj: id 94061724545840
100002000: system.memobj: data_hex : 4883C010FFCA79F0 
100002000: system.memobj: data : 0100100010000011110000000001000011111111110010100111100111110000 
100002000: system.memobj: fix data : 0100100010000011110000000001000011111111110010100111100111110000 
100002000: system.memobj: -------------------------------------
100051000: system.memobj: mem->cpu Got response for addr 0xc4a8 , 50344
100051000: system.memobj: size 0x8
100051000: system.memobj: id 94061724546128
100051000: system.memobj: data_hex : 4883C010FFCA79F0 
100051000: system.memobj: data : 0100100010000011110000000001000011111111110010100111100111110000 
100051000: system.memobj: fix data : 0100100010000011110000000001000011111111110010100111100111110000 
100051000: system.memobj: -------------------------------------
100100000: system.memobj: mem->cpu Got response for addr 0xc4a0 , 50336
100100000: system.memobj: size 0x8
100100000: system.memobj: id 94061724545840
100100000: system.memobj: data_hex : 4889401848894010 
100100000: system.memobj: data : 0100100010001001010000000001100001001000100010010100000000010000 
100100000: system.memobj: fix data : 0100100010001001010000000001100001001000100010010100000000010000 
100100000: system.memobj: -------------------------------------
100100000: system.memobj: cpu->mem Got request for addr 0x92bc0 , 601024
100100000: system.memobj: size 0x8
100100000: system.memobj: id 94061724546128
100100000: system.memobj: data_hex : A82B590000000000 
100100000: system.memobj: data : 1010100000101011010110010000000000000000000000000000000000000000 
100100000: system.memobj: hamming code addr: 601024 
100100000: system.memobj: hamming code : 12 
100100000: system.memobj: hamming code addr: 601032 
100100000: system.memobj: hamming code : 8 
100100000: system.memobj: hamming code addr: 601040 
100100000: system.memobj: hamming code : 7 
100100000: system.memobj: hamming code addr: 601048 
100100000: system.memobj: hamming code : 0 
100100000: system.memobj: hamming code addr: 601056 
100100000: system.memobj: hamming code : 0 
100100000: system.memobj: hamming code addr: 601064 
100100000: system.memobj: hamming code : 0 
100100000: system.memobj: hamming code addr: 601072 
100100000: system.memobj: hamming code : 0 
100100000: system.memobj: hamming code addr: 601080 
100100000: system.memobj: hamming code : 0 
100100000: system.memobj: Enter Error Bit index: 7 
100100000: system.memobj: flip data : 1010101000101011010110010000000000000000000000000000000000000000 
100100000: system.memobj: -------------------------------------
100170000: system.memobj: mem->cpu Got response for addr 0xc4a0 , 50336
100170000: system.memobj: size 0x8
100170000: system.memobj: id 94061724546128
100170000: system.memobj: data_hex : 4889401848894010 
100170000: system.memobj: data : 0100100010001001010000000001100001001000100010010100000000010000 
100170000: system.memobj: fix data : 0100100010001001010000000001100001001000100010010100000000010000 
100170000: system.memobj: -------------------------------------
100170000: system.memobj: cpu->mem Got request for addr 0x92bb8 , 601016
100170000: system.memobj: size 0x8
100170000: system.memobj: id 94061724545840
100170000: system.memobj: data_hex : A82B590000000000 
100170000: system.memobj: data : 1010100000101011010110010000000000000000000000000000000000000000 
100170000: system.memobj: hamming code addr: 601016 
100170000: system.memobj: hamming code : 12 
100170000: system.memobj: hamming code addr: 601024 
100170000: system.memobj: hamming code : 8 
100170000: system.memobj: hamming code addr: 601032 
100170000: system.memobj: hamming code : 7 
100170000: system.memobj: hamming code addr: 601040 
100170000: system.memobj: hamming code : 0 
100170000: system.memobj: hamming code addr: 601048 
100170000: system.memobj: hamming code : 0 
100170000: system.memobj: hamming code addr: 601056 
100170000: system.memobj: hamming code : 0 
100170000: system.memobj: hamming code addr: 601064 
100170000: system.memobj: hamming code : 0 
100170000: system.memobj: hamming code addr: 601072 
100170000: system.memobj: hamming code : 0 
100170000: system.memobj: Enter Error Bit index: 6 
100170000: system.memobj: flip data : 1010110000101011010110010000000000000000000000000000000000000000 
100170000: system.memobj: -------------------------------------
100240000: system.memobj: mem->cpu Got response for addr 0xc4a8 , 50344
100240000: system.memobj: size 0x8
100240000: system.memobj: id 94061724545840
100240000: system.memobj: data_hex : 4883C010FFCA79F0 
100240000: system.memobj: data : 0100100010000011110000000001000011111111110010100111100111110000 
100240000: system.memobj: fix data : 0100100010000011110000000001000011111111110010100111100111110000 
100240000: system.memobj: -------------------------------------
100303000: system.memobj: mem->cpu Got response for addr 0xc4a8 , 50344
100303000: system.memobj: size 0x8
100303000: system.memobj: id 94061724546128
100303000: system.memobj: data_hex : 4883C010FFCA79F0 
100303000: system.memobj: data : 0100100010000011110000000001000011111111110010100111100111110000 
100303000: system.memobj: fix data : 0100100010000011110000000001000011111111110010100111100111110000 
100303000: system.memobj: -------------------------------------
100352000: system.memobj: mem->cpu Got response for addr 0xc4a8 , 50344
100352000: system.memobj: size 0x8
100352000: system.memobj: id 94061724545840
100352000: system.memobj: data_hex : 4883C010FFCA79F0 
100352000: system.memobj: data : 0100100010000011110000000001000011111111110010100111100111110000 
100352000: system.memobj: fix data : 0100100010000011110000000001000011111111110010100111100111110000 
100352000: system.memobj: -------------------------------------
100401000: system.memobj: mem->cpu Got response for addr 0xc4a0 , 50336
100401000: system.memobj: size 0x8
100401000: system.memobj: id 94061724546128
100401000: system.memobj: data_hex : 4889401848894010 
100401000: system.memobj: data : 0100100010001001010000000001100001001000100010010100000000010000 
100401000: system.memobj: fix data : 0100100010001001010000000001100001001000100010010100000000010000 
100401000: system.memobj: -------------------------------------
100401000: system.memobj: cpu->mem Got request for addr 0x92bd0 , 601040
100401000: system.memobj: size 0x8
100401000: system.memobj: id 94061724545840
100401000: system.memobj: data_hex : B82B590000000000 
100401000: system.memobj: data : 1011100000101011010110010000000000000000000000000000000000000000 
100401000: system.memobj: hamming code addr: 601040 
100401000: system.memobj: hamming code : 11 
100401000: system.memobj: hamming code addr: 601048 
100401000: system.memobj: hamming code : 8 
100401000: system.memobj: hamming code addr: 601056 
100401000: system.memobj: hamming code : 7 
100401000: system.memobj: hamming code addr: 601064 
100401000: system.memobj: hamming code : 0 
100401000: system.memobj: hamming code addr: 601072 
100401000: system.memobj: hamming code : 0 
100401000: system.memobj: hamming code addr: 601080 
100401000: system.memobj: hamming code : 0 
100401000: system.memobj: hamming code addr: 601088 
100401000: system.memobj: hamming code : 0 
100401000: system.memobj: hamming code addr: 601096 
100401000: system.memobj: hamming code : 0 
100401000: system.memobj: Enter Error Bit index: 5 
100401000: system.memobj: flip data : 1011000000101011010110010000000000000000000000000000000000000000 
100401000: system.memobj: -------------------------------------
100471000: system.memobj: mem->cpu Got response for addr 0xc4a0 , 50336
100471000: system.memobj: size 0x8
100471000: system.memobj: id 94061724545840
100471000: system.memobj: data_hex : 4889401848894010 
100471000: system.memobj: data : 0100100010001001010000000001100001001000100010010100000000010000 
100471000: system.memobj: fix data : 0100100010001001010000000001100001001000100010010100000000010000 
100471000: system.memobj: -------------------------------------
100471000: system.memobj: cpu->mem Got request for addr 0x92bc8 , 601032
100471000: system.memobj: size 0x8
100471000: system.memobj: id 94061724546128
100471000: system.memobj: data_hex : B82B590000000000 
100471000: system.memobj: data : 1011100000101011010110010000000000000000000000000000000000000000 
100471000: system.memobj: hamming code addr: 601032 
100471000: system.memobj: hamming code : 11 
100471000: system.memobj: hamming code addr: 601040 
100471000: system.memobj: hamming code : 8 
100471000: system.memobj: hamming code addr: 601048 
100471000: system.memobj: hamming code : 7 
100471000: system.memobj: hamming code addr: 601056 
100471000: system.memobj: hamming code : 0 
100471000: system.memobj: hamming code addr: 601064 
100471000: system.memobj: hamming code : 0 
100471000: system.memobj: hamming code addr: 601072 
100471000: system.memobj: hamming code : 0 
100471000: system.memobj: hamming code addr: 601080 
100471000: system.memobj: hamming code : 0 
100471000: system.memobj: hamming code addr: 601088 
100471000: system.memobj: hamming code : 0 
100471000: system.memobj: Enter Error Bit index: 2 
100471000: system.memobj: flip data : 1111100000101011010110010000000000000000000000000000000000000000 
100471000: system.memobj: -------------------------------------
100541000: system.memobj: mem->cpu Got response for addr 0xc4a8 , 50344
100541000: system.memobj: size 0x8
100541000: system.memobj: id 94061724546128
100541000: system.memobj: data_hex : 4883C010FFCA79F0 
100541000: system.memobj: data : 0100100010000011110000000001000011111111110010100111100111110000 
100541000: system.memobj: fix data : 0100100010000011110000000001000011111111110010100111100111110000 
100541000: system.memobj: -------------------------------------
100590000: system.memobj: mem->cpu Got response for addr 0xc4a8 , 50344
100590000: system.memobj: size 0x8
100590000: system.memobj: id 94061724545840
100590000: system.memobj: data_hex : 4883C010FFCA79F0 
100590000: system.memobj: data : 0100100010000011110000000001000011111111110010100111100111110000 
100590000: system.memobj: fix data : 0100100010000011110000000001000011111111110010100111100111110000 
100590000: system.memobj: -------------------------------------
100639000: system.memobj: mem->cpu Got response for addr 0xc4a8 , 50344
100639000: system.memobj: size 0x8
100639000: system.memobj: id 94061724546128
100639000: system.memobj: data_hex : 4883C010FFCA79F0 
100639000: system.memobj: data : 0100100010000011110000000001000011111111110010100111100111110000 
100639000: system.memobj: fix data : 0100100010000011110000000001000011111111110010100111100111110000 
100639000: system.memobj: -------------------------------------
100688000: system.memobj: mem->cpu Got response for addr 0xc4a0 , 50336
100688000: system.memobj: size 0x8
100688000: system.memobj: id 94061724545840
100688000: system.memobj: data_hex : 4889401848894010 
100688000: system.memobj: data : 0100100010001001010000000001100001001000100010010100000000010000 
100688000: system.memobj: fix data : 0100100010001001010000000001100001001000100010010100000000010000 
100688000: system.memobj: -------------------------------------
100688000: system.memobj: cpu->mem Got request for addr 0x92be0 , 601056
100688000: system.memobj: size 0x8
100688000: system.memobj: id 94061724546128
100688000: system.memobj: data_hex : C82B590000000000 
100688000: system.memobj: data : 1100100000101011010110010000000000000000000000000000000000000000 
100688000: system.memobj: hamming code addr: 601056 
100688000: system.memobj: hamming code : 15 
100688000: system.memobj: hamming code addr: 601064 
100688000: system.memobj: hamming code : 8 
100688000: system.memobj: hamming code addr: 601072 
100688000: system.memobj: hamming code : 7 
100688000: system.memobj: hamming code addr: 601080 
100688000: system.memobj: hamming code : 0 
100688000: system.memobj: hamming code addr: 601088 
100688000: system.memobj: hamming code : 0 
100688000: system.memobj: hamming code addr: 601096 
100688000: system.memobj: hamming code : 0 
100688000: system.memobj: hamming code addr: 601104 
100688000: system.memobj: hamming code : 0 
100688000: system.memobj: hamming code addr: 601112 
100688000: system.memobj: hamming code : 0 
100688000: system.memobj: Enter Error Bit index: 7 
100688000: system.memobj: flip data : 1100101000101011010110010000000000000000000000000000000000000000 
100688000: system.memobj: -------------------------------------
100758000: system.memobj: mem->cpu Got response for addr 0xc4a0 , 50336
100758000: system.memobj: size 0x8
100758000: system.memobj: id 94061724546128
100758000: system.memobj: data_hex : 4889401848894010 
100758000: system.memobj: data : 0100100010001001010000000001100001001000100010010100000000010000 
100758000: system.memobj: fix data : 0100100010001001010000000001100001001000100010010100000000010000 
100758000: system.memobj: -------------------------------------
100758000: system.memobj: cpu->mem Got request for addr 0x92bd8 , 601048
100758000: system.memobj: size 0x8
100758000: system.memobj: id 94061724545840
100758000: system.memobj: data_hex : C82B590000000000 
100758000: system.memobj: data : 1100100000101011010110010000000000000000000000000000000000000000 
100758000: system.memobj: hamming code addr: 601048 
100758000: system.memobj: hamming code : 15 
100758000: system.memobj: hamming code addr: 601056 
100758000: system.memobj: hamming code : 8 
100758000: system.memobj: hamming code addr: 601064 
100758000: system.memobj: hamming code : 7 
100758000: system.memobj: hamming code addr: 601072 
100758000: system.memobj: hamming code : 0 
100758000: system.memobj: hamming code addr: 601080 
100758000: system.memobj: hamming code : 0 
100758000: system.memobj: hamming code addr: 601088 
100758000: system.memobj: hamming code : 0 
100758000: system.memobj: hamming code addr: 601096 
100758000: system.memobj: hamming code : 0 
100758000: system.memobj: hamming code addr: 601104 
100758000: system.memobj: hamming code : 0 
100758000: system.memobj: Enter Error Bit index: 5 
100758000: system.memobj: flip data : 1100000000101011010110010000000000000000000000000000000000000000 
100758000: system.memobj: -------------------------------------
100828000: system.memobj: mem->cpu Got response for addr 0xc4a8 , 50344
100828000: system.memobj: size 0x8
100828000: system.memobj: id 94061724545840
100828000: system.memobj: data_hex : 4883C010FFCA79F0 
100828000: system.memobj: data : 0100100010000011110000000001000011111111110010100111100111110000 
100828000: system.memobj: fix data : 0100100010000011110000000001000011111111110010100111100111110000 
100828000: system.memobj: -------------------------------------
100877000: system.memobj: mem->cpu Got response for addr 0xc4a8 , 50344
100877000: system.memobj: size 0x8
100877000: system.memobj: id 94061724546128
100877000: system.memobj: data_hex : 4883C010FFCA79F0 
100877000: system.memobj: data : 0100100010000011110000000001000011111111110010100111100111110000 
100877000: system.memobj: fix data : 0100100010000011110000000001000011111111110010100111100111110000 
100877000: system.memobj: -------------------------------------
100926000: system.memobj: mem->cpu Got response for addr 0xc4a8 , 50344
100926000: system.memobj: size 0x8
100926000: system.memobj: id 94061724545840
100926000: system.memobj: data_hex : 4883C010FFCA79F0 
100926000: system.memobj: data : 0100100010000011110000000001000011111111110010100111100111110000 
100926000: system.memobj: fix data : 0100100010000011110000000001000011111111110010100111100111110000 
100926000: system.memobj: -------------------------------------
100975000: system.memobj: mem->cpu Got response for addr 0xc4a0 , 50336
100975000: system.memobj: size 0x8
100975000: system.memobj: id 94061724546128
100975000: system.memobj: data_hex : 4889401848894010 
100975000: system.memobj: data : 0100100010001001010000000001100001001000100010010100000000010000 
100975000: system.memobj: fix data : 0100100010001001010000000001100001001000100010010100000000010000 
100975000: system.memobj: -------------------------------------
100975000: system.memobj: cpu->mem Got request for addr 0x92bf0 , 601072
100975000: system.memobj: size 0x8
100975000: system.memobj: id 94061724545840
100975000: system.memobj: data_hex : D82B590000000000 
100975000: system.memobj: data : 1101100000101011010110010000000000000000000000000000000000000000 
100975000: system.memobj: hamming code addr: 601072 
100975000: system.memobj: hamming code : 8 
100975000: system.memobj: hamming code addr: 601080 
100975000: system.memobj: hamming code : 8 
100975000: system.memobj: hamming code addr: 601088 
100975000: system.memobj: hamming code : 7 
100975000: system.memobj: hamming code addr: 601096 
100975000: system.memobj: hamming code : 0 
100975000: system.memobj: hamming code addr: 601104 
100975000: system.memobj: hamming code : 0 
100975000: system.memobj: hamming code addr: 601112 
100975000: system.memobj: hamming code : 0 
100975000: system.memobj: hamming code addr: 601120 
100975000: system.memobj: hamming code : 0 
100975000: system.memobj: hamming code addr: 601128 
100975000: system.memobj: hamming code : 0 
100975000: system.memobj: Enter Error Bit index: 5 
100975000: system.memobj: flip data : 1101000000101011010110010000000000000000000000000000000000000000 
100975000: system.memobj: -------------------------------------
101045000: system.memobj: mem->cpu Got response for addr 0xc4a0 , 50336
101045000: system.memobj: size 0x8
101045000: system.memobj: id 94061724545840
101045000: system.memobj: data_hex : 4889401848894010 
101045000: system.memobj: data : 0100100010001001010000000001100001001000100010010100000000010000 
101045000: system.memobj: fix data : 0100100010001001010000000001100001001000100010010100000000010000 
101045000: system.memobj: -------------------------------------
101045000: system.memobj: cpu->mem Got request for addr 0x92be8 , 601064
101045000: system.memobj: size 0x8
101045000: system.memobj: id 94061724546128
101045000: system.memobj: data_hex : D82B590000000000 
101045000: system.memobj: data : 1101100000101011010110010000000000000000000000000000000000000000 
101045000: system.memobj: hamming code addr: 601064 
101045000: system.memobj: hamming code : 8 
101045000: system.memobj: hamming code addr: 601072 
101045000: system.memobj: hamming code : 8 
101045000: system.memobj: hamming code addr: 601080 
101045000: system.memobj: hamming code : 7 
101045000: system.memobj: hamming code addr: 601088 
101045000: system.memobj: hamming code : 0 
101045000: system.memobj: hamming code addr: 601096 
101045000: system.memobj: hamming code : 0 
101045000: system.memobj: hamming code addr: 601104 
101045000: system.memobj: hamming code : 0 
101045000: system.memobj: hamming code addr: 601112 
101045000: system.memobj: hamming code : 0 
101045000: system.memobj: hamming code addr: 601120 
101045000: system.memobj: hamming code : 0 
101045000: system.memobj: Enter Error Bit index: 5 
101045000: system.memobj: flip data : 1101000000101011010110010000000000000000000000000000000000000000 
101045000: system.memobj: -------------------------------------
101115000: system.memobj: mem->cpu Got response for addr 0xc4a8 , 50344
101115000: system.memobj: size 0x8
101115000: system.memobj: id 94061724546128
101115000: system.memobj: data_hex : 4883C010FFCA79F0 
101115000: system.memobj: data : 0100100010000011110000000001000011111111110010100111100111110000 
101115000: system.memobj: fix data : 0100100010000011110000000001000011111111110010100111100111110000 
101115000: system.memobj: -------------------------------------
101164000: system.memobj: mem->cpu Got response for addr 0xc4a8 , 50344
101164000: system.memobj: size 0x8
101164000: system.memobj: id 94061724545840
101164000: system.memobj: data_hex : 4883C010FFCA79F0 
101164000: system.memobj: data : 0100100010000011110000000001000011111111110010100111100111110000 
101164000: system.memobj: fix data : 0100100010000011110000000001000011111111110010100111100111110000 
101164000: system.memobj: -------------------------------------
101227000: system.memobj: mem->cpu Got response for addr 0xc4a8 , 50344
101227000: system.memobj: size 0x8
101227000: system.memobj: id 94061724546128
101227000: system.memobj: data_hex : 4883C010FFCA79F0 
101227000: system.memobj: data : 0100100010000011110000000001000011111111110010100111100111110000 
101227000: system.memobj: fix data : 0100100010000011110000000001000011111111110010100111100111110000 
101227000: system.memobj: -------------------------------------
101558000: system.memobj: mem->cpu Got response for addr 0xc4a0 , 50336
101558000: system.memobj: size 0x8
101558000: system.memobj: id 94061724545840
101558000: system.memobj: data_hex : 4889401848894010 
101558000: system.memobj: data : 0100100010001001010000000001100001001000100010010100000000010000 
101558000: system.memobj: fix data : 0100100010001001010000000001100001001000100010010100000000010000 
101558000: system.memobj: -------------------------------------
101558000: system.memobj: cpu->mem Got request for addr 0x92c00 , 601088
101558000: system.memobj: size 0x8
101558000: system.memobj: id 94061724546128
101558000: system.memobj: data_hex : E82B590000000000 
101558000: system.memobj: data : 1110100000101011010110010000000000000000000000000000000000000000 
101558000: system.memobj: hamming code addr: 601088 
101558000: system.memobj: hamming code : 9 
101558000: system.memobj: hamming code addr: 601096 
101558000: system.memobj: hamming code : 8 
101558000: system.memobj: hamming code addr: 601104 
101558000: system.memobj: hamming code : 7 
101558000: system.memobj: hamming code addr: 601112 
101558000: system.memobj: hamming code : 0 
101558000: system.memobj: hamming code addr: 601120 
101558000: system.memobj: hamming code : 0 
101558000: system.memobj: hamming code addr: 601128 
101558000: system.memobj: hamming code : 0 
101558000: system.memobj: hamming code addr: 601136 
101558000: system.memobj: hamming code : 0 
101558000: system.memobj: hamming code addr: 601144 
101558000: system.memobj: hamming code : 0 
101558000: system.memobj: Enter Error Bit index: 1 
101558000: system.memobj: flip data : 0110100000101011010110010000000000000000000000000000000000000000 
101558000: system.memobj: -------------------------------------
101628000: system.memobj: mem->cpu Got response for addr 0xc4a0 , 50336
101628000: system.memobj: size 0x8
101628000: system.memobj: id 94061724546128
101628000: system.memobj: data_hex : 4889401848894010 
101628000: system.memobj: data : 0100100010001001010000000001100001001000100010010100000000010000 
101628000: system.memobj: fix data : 0100100010001001010000000001100001001000100010010100000000010000 
101628000: system.memobj: -------------------------------------
101628000: system.memobj: cpu->mem Got request for addr 0x92bf8 , 601080
101628000: system.memobj: size 0x8
101628000: system.memobj: id 94061724545840
101628000: system.memobj: data_hex : E82B590000000000 
101628000: system.memobj: data : 1110100000101011010110010000000000000000000000000000000000000000 
101628000: system.memobj: hamming code addr: 601080 
101628000: system.memobj: hamming code : 9 
101628000: system.memobj: hamming code addr: 601088 
101628000: system.memobj: hamming code : 8 
101628000: system.memobj: hamming code addr: 601096 
101628000: system.memobj: hamming code : 7 
101628000: system.memobj: hamming code addr: 601104 
101628000: system.memobj: hamming code : 0 
101628000: system.memobj: hamming code addr: 601112 
101628000: system.memobj: hamming code : 0 
101628000: system.memobj: hamming code addr: 601120 
101628000: system.memobj: hamming code : 0 
101628000: system.memobj: hamming code addr: 601128 
101628000: system.memobj: hamming code : 0 
101628000: system.memobj: hamming code addr: 601136 
101628000: system.memobj: hamming code : 0 
101628000: system.memobj: Enter Error Bit index: 3 
101628000: system.memobj: flip data : 1100100000101011010110010000000000000000000000000000000000000000 
101628000: system.memobj: -------------------------------------
101698000: system.memobj: mem->cpu Got response for addr 0xc4a8 , 50344
101698000: system.memobj: size 0x8
101698000: system.memobj: id 94061724545840
101698000: system.memobj: data_hex : 4883C010FFCA79F0 
101698000: system.memobj: data : 0100100010000011110000000001000011111111110010100111100111110000 
101698000: system.memobj: fix data : 0100100010000011110000000001000011111111110010100111100111110000 
101698000: system.memobj: -------------------------------------
101747000: system.memobj: mem->cpu Got response for addr 0xc4a8 , 50344
101747000: system.memobj: size 0x8
101747000: system.memobj: id 94061724546128
101747000: system.memobj: data_hex : 4883C010FFCA79F0 
101747000: system.memobj: data : 0100100010000011110000000001000011111111110010100111100111110000 
101747000: system.memobj: fix data : 0100100010000011110000000001000011111111110010100111100111110000 
101747000: system.memobj: -------------------------------------
101796000: system.memobj: mem->cpu Got response for addr 0xc4a8 , 50344
101796000: system.memobj: size 0x8
101796000: system.memobj: id 94061724545840
101796000: system.memobj: data_hex : 4883C010FFCA79F0 
101796000: system.memobj: data : 0100100010000011110000000001000011111111110010100111100111110000 
101796000: system.memobj: fix data : 0100100010000011110000000001000011111111110010100111100111110000 
101796000: system.memobj: -------------------------------------
101845000: system.memobj: mem->cpu Got response for addr 0xc4a0 , 50336
101845000: system.memobj: size 0x8
101845000: system.memobj: id 94061724546128
101845000: system.memobj: data_hex : 4889401848894010 
101845000: system.memobj: data : 0100100010001001010000000001100001001000100010010100000000010000 
101845000: system.memobj: fix data : 0100100010001001010000000001100001001000100010010100000000010000 
101845000: system.memobj: -------------------------------------
101845000: system.memobj: cpu->mem Got request for addr 0x92c10 , 601104
101845000: system.memobj: size 0x8
101845000: system.memobj: id 94061724545840
101845000: system.memobj: data_hex : F82B590000000000 
101845000: system.memobj: data : 1111100000101011010110010000000000000000000000000000000000000000 
101845000: system.memobj: hamming code addr: 601104 
101845000: system.memobj: hamming code : 14 
101845000: system.memobj: hamming code addr: 601112 
101845000: system.memobj: hamming code : 8 
101845000: system.memobj: hamming code addr: 601120 
101845000: system.memobj: hamming code : 7 
101845000: system.memobj: hamming code addr: 601128 
101845000: system.memobj: hamming code : 0 
101845000: system.memobj: hamming code addr: 601136 
101845000: system.memobj: hamming code : 0 
101845000: system.memobj: hamming code addr: 601144 
101845000: system.memobj: hamming code : 0 
101845000: system.memobj: hamming code addr: 601152 
101845000: system.memobj: hamming code : 0 
101845000: system.memobj: hamming code addr: 601160 
101845000: system.memobj: hamming code : 0 
101845000: system.memobj: Enter Error Bit index: 2 
101845000: system.memobj: flip data : 1011100000101011010110010000000000000000000000000000000000000000 
101845000: system.memobj: -------------------------------------
101915000: system.memobj: mem->cpu Got response for addr 0xc4a0 , 50336
101915000: system.memobj: size 0x8
101915000: system.memobj: id 94061724545840
101915000: system.memobj: data_hex : 4889401848894010 
101915000: system.memobj: data : 0100100010001001010000000001100001001000100010010100000000010000 
101915000: system.memobj: fix data : 0100100010001001010000000001100001001000100010010100000000010000 
101915000: system.memobj: -------------------------------------
101915000: system.memobj: cpu->mem Got request for addr 0x92c08 , 601096
101915000: system.memobj: size 0x8
101915000: system.memobj: id 94061724546128
101915000: system.memobj: data_hex : F82B590000000000 
101915000: system.memobj: data : 1111100000101011010110010000000000000000000000000000000000000000 
101915000: system.memobj: hamming code addr: 601096 
101915000: system.memobj: hamming code : 14 
101915000: system.memobj: hamming code addr: 601104 
101915000: system.memobj: hamming code : 8 
101915000: system.memobj: hamming code addr: 601112 
101915000: system.memobj: hamming code : 7 
101915000: system.memobj: hamming code addr: 601120 
101915000: system.memobj: hamming code : 0 
101915000: system.memobj: hamming code addr: 601128 
101915000: system.memobj: hamming code : 0 
101915000: system.memobj: hamming code addr: 601136 
101915000: system.memobj: hamming code : 0 
101915000: system.memobj: hamming code addr: 601144 
101915000: system.memobj: hamming code : 0 
101915000: system.memobj: hamming code addr: 601152 
101915000: system.memobj: hamming code : 0 
101915000: system.memobj: Enter Error Bit index: 2 
101915000: system.memobj: flip data : 1011100000101011010110010000000000000000000000000000000000000000 
101915000: system.memobj: -------------------------------------
101985000: system.memobj: mem->cpu Got response for addr 0xc4a8 , 50344
101985000: system.memobj: size 0x8
101985000: system.memobj: id 94061724546128
101985000: system.memobj: data_hex : 4883C010FFCA79F0 
101985000: system.memobj: data : 0100100010000011110000000001000011111111110010100111100111110000 
101985000: system.memobj: fix data : 0100100010000011110000000001000011111111110010100111100111110000 
101985000: system.memobj: -------------------------------------
102034000: system.memobj: mem->cpu Got response for addr 0xc4a8 , 50344
102034000: system.memobj: size 0x8
102034000: system.memobj: id 94061724545840
102034000: system.memobj: data_hex : 4883C010FFCA79F0 
102034000: system.memobj: data : 0100100010000011110000000001000011111111110010100111100111110000 
102034000: system.memobj: fix data : 0100100010000011110000000001000011111111110010100111100111110000 
102034000: system.memobj: -------------------------------------
102083000: system.memobj: mem->cpu Got response for addr 0xc4a8 , 50344
102083000: system.memobj: size 0x8
102083000: system.memobj: id 94061724546128
102083000: system.memobj: data_hex : 4883C010FFCA79F0 
102083000: system.memobj: data : 0100100010000011110000000001000011111111110010100111100111110000 
102083000: system.memobj: fix data : 0100100010000011110000000001000011111111110010100111100111110000 
102083000: system.memobj: -------------------------------------
102132000: system.memobj: mem->cpu Got response for addr 0xc4a0 , 50336
102132000: system.memobj: size 0x8
102132000: system.memobj: id 94061724545840
102132000: system.memobj: data_hex : 4889401848894010 
102132000: system.memobj: data : 0100100010001001010000000001100001001000100010010100000000010000 
102132000: system.memobj: fix data : 0100100010001001010000000001100001001000100010010100000000010000 
102132000: system.memobj: -------------------------------------
102132000: system.memobj: cpu->mem Got request for addr 0x92c20 , 601120
102132000: system.memobj: size 0x8
102132000: system.memobj: id 94061724546128
102132000: system.memobj: data_hex : 082C590000000000 
102132000: system.memobj: data : 0000100000101100010110010000000000000000000000000000000000000000 
102132000: system.memobj: hamming code addr: 601120 
102132000: system.memobj: hamming code : 9 
102132000: system.memobj: hamming code addr: 601128 
102132000: system.memobj: hamming code : 5 
102132000: system.memobj: hamming code addr: 601136 
102132000: system.memobj: hamming code : 7 
102132000: system.memobj: hamming code addr: 601144 
102132000: system.memobj: hamming code : 0 
102132000: system.memobj: hamming code addr: 601152 
102132000: system.memobj: hamming code : 0 
102132000: system.memobj: hamming code addr: 601160 
102132000: system.memobj: hamming code : 0 
102132000: system.memobj: hamming code addr: 601168 
102132000: system.memobj: hamming code : 0 
102132000: system.memobj: hamming code addr: 601176 
102132000: system.memobj: hamming code : 0 
102132000: system.memobj: Enter Error Bit index: 7 
102132000: system.memobj: flip data : 0000101000101100010110010000000000000000000000000000000000000000 
102132000: system.memobj: -------------------------------------
102202000: system.memobj: mem->cpu Got response for addr 0xc4a0 , 50336
102202000: system.memobj: size 0x8
102202000: system.memobj: id 94061724546128
102202000: system.memobj: data_hex : 4889401848894010 
102202000: system.memobj: data : 0100100010001001010000000001100001001000100010010100000000010000 
102202000: system.memobj: fix data : 0100100010001001010000000001100001001000100010010100000000010000 
102202000: system.memobj: -------------------------------------
102202000: system.memobj: cpu->mem Got request for addr 0x92c18 , 601112
102202000: system.memobj: size 0x8
102202000: system.memobj: id 94061724545840
102202000: system.memobj: data_hex : 082C590000000000 
102202000: system.memobj: data : 0000100000101100010110010000000000000000000000000000000000000000 
102202000: system.memobj: hamming code addr: 601112 
102202000: system.memobj: hamming code : 9 
102202000: system.memobj: hamming code addr: 601120 
102202000: system.memobj: hamming code : 5 
102202000: system.memobj: hamming code addr: 601128 
102202000: system.memobj: hamming code : 7 
102202000: system.memobj: hamming code addr: 601136 
102202000: system.memobj: hamming code : 0 
102202000: system.memobj: hamming code addr: 601144 
102202000: system.memobj: hamming code : 0 
102202000: system.memobj: hamming code addr: 601152 
102202000: system.memobj: hamming code : 0 
102202000: system.memobj: hamming code addr: 601160 
102202000: system.memobj: hamming code : 0 
102202000: system.memobj: hamming code addr: 601168 
102202000: system.memobj: hamming code : 0 
102202000: system.memobj: Enter Error Bit index: 4 
102202000: system.memobj: flip data : 0001100000101100010110010000000000000000000000000000000000000000 
102202000: system.memobj: -------------------------------------
102272000: system.memobj: mem->cpu Got response for addr 0xc4a8 , 50344
102272000: system.memobj: size 0x8
102272000: system.memobj: id 94061724545840
102272000: system.memobj: data_hex : 4883C010FFCA79F0 
102272000: system.memobj: data : 0100100010000011110000000001000011111111110010100111100111110000 
102272000: system.memobj: fix data : 0100100010000011110000000001000011111111110010100111100111110000 
102272000: system.memobj: -------------------------------------
102321000: system.memobj: mem->cpu Got response for addr 0xc4a8 , 50344
102321000: system.memobj: size 0x8
102321000: system.memobj: id 94061724546128
102321000: system.memobj: data_hex : 4883C010FFCA79F0 
102321000: system.memobj: data : 0100100010000011110000000001000011111111110010100111100111110000 
102321000: system.memobj: fix data : 0100100010000011110000000001000011111111110010100111100111110000 
102321000: system.memobj: -------------------------------------
102370000: system.memobj: mem->cpu Got response for addr 0xc4a8 , 50344
102370000: system.memobj: size 0x8
102370000: system.memobj: id 94061724545840
102370000: system.memobj: data_hex : 4883C010FFCA79F0 
102370000: system.memobj: data : 0100100010000011110000000001000011111111110010100111100111110000 
102370000: system.memobj: fix data : 0100100010000011110000000001000011111111110010100111100111110000 
102370000: system.memobj: -------------------------------------
102419000: system.memobj: mem->cpu Got response for addr 0xc4a0 , 50336
102419000: system.memobj: size 0x8
102419000: system.memobj: id 94061724546128
102419000: system.memobj: data_hex : 4889401848894010 
102419000: system.memobj: data : 0100100010001001010000000001100001001000100010010100000000010000 
102419000: system.memobj: fix data : 0100100010001001010000000001100001001000100010010100000000010000 
102419000: system.memobj: -------------------------------------
102419000: system.memobj: cpu->mem Got request for addr 0x92c30 , 601136
102419000: system.memobj: size 0x8
102419000: system.memobj: id 94061724545840
102419000: system.memobj: data_hex : 182C590000000000 
102419000: system.memobj: data : 0001100000101100010110010000000000000000000000000000000000000000 
102419000: system.memobj: hamming code addr: 601136 
102419000: system.memobj: hamming code : 14 
102419000: system.memobj: hamming code addr: 601144 
102419000: system.memobj: hamming code : 5 
102419000: system.memobj: hamming code addr: 601152 
102419000: system.memobj: hamming code : 7 
102419000: system.memobj: hamming code addr: 601160 
102419000: system.memobj: hamming code : 0 
102419000: system.memobj: hamming code addr: 601168 
102419000: system.memobj: hamming code : 0 
102419000: system.memobj: hamming code addr: 601176 
102419000: system.memobj: hamming code : 0 
102419000: system.memobj: hamming code addr: 601184 
102419000: system.memobj: hamming code : 0 
102419000: system.memobj: hamming code addr: 601192 
102419000: system.memobj: hamming code : 0 
102419000: system.memobj: Enter Error Bit index: 1 
102419000: system.memobj: flip data : 1001100000101100010110010000000000000000000000000000000000000000 
102419000: system.memobj: -------------------------------------
102503000: system.memobj: mem->cpu Got response for addr 0xc4a0 , 50336
102503000: system.memobj: size 0x8
102503000: system.memobj: id 94061724545840
102503000: system.memobj: data_hex : 4889401848894010 
102503000: system.memobj: data : 0100100010001001010000000001100001001000100010010100000000010000 
102503000: system.memobj: fix data : 0100100010001001010000000001100001001000100010010100000000010000 
102503000: system.memobj: -------------------------------------
102503000: system.memobj: cpu->mem Got request for addr 0x92c28 , 601128
102503000: system.memobj: size 0x8
102503000: system.memobj: id 94061724546128
102503000: system.memobj: data_hex : 182C590000000000 
102503000: system.memobj: data : 0001100000101100010110010000000000000000000000000000000000000000 
102503000: system.memobj: hamming code addr: 601128 
102503000: system.memobj: hamming code : 14 
102503000: system.memobj: hamming code addr: 601136 
102503000: system.memobj: hamming code : 5 
102503000: system.memobj: hamming code addr: 601144 
102503000: system.memobj: hamming code : 7 
102503000: system.memobj: hamming code addr: 601152 
102503000: system.memobj: hamming code : 0 
102503000: system.memobj: hamming code addr: 601160 
102503000: system.memobj: hamming code : 0 
102503000: system.memobj: hamming code addr: 601168 
102503000: system.memobj: hamming code : 0 
102503000: system.memobj: hamming code addr: 601176 
102503000: system.memobj: hamming code : 0 
102503000: system.memobj: hamming code addr: 601184 
102503000: system.memobj: hamming code : 0 
102503000: system.memobj: Enter Error Bit index: 3 
102503000: system.memobj: flip data : 0011100000101100010110010000000000000000000000000000000000000000 
102503000: system.memobj: -------------------------------------
102573000: system.memobj: mem->cpu Got response for addr 0xc4a8 , 50344
102573000: system.memobj: size 0x8
102573000: system.memobj: id 94061724546128
102573000: system.memobj: data_hex : 4883C010FFCA79F0 
102573000: system.memobj: data : 0100100010000011110000000001000011111111110010100111100111110000 
102573000: system.memobj: fix data : 0100100010000011110000000001000011111111110010100111100111110000 
102573000: system.memobj: -------------------------------------
102622000: system.memobj: mem->cpu Got response for addr 0xc4a8 , 50344
102622000: system.memobj: size 0x8
102622000: system.memobj: id 94061724545840
102622000: system.memobj: data_hex : 4883C010FFCA79F0 
102622000: system.memobj: data : 0100100010000011110000000001000011111111110010100111100111110000 
102622000: system.memobj: fix data : 0100100010000011110000000001000011111111110010100111100111110000 
102622000: system.memobj: -------------------------------------
102671000: system.memobj: mem->cpu Got response for addr 0xc4a8 , 50344
102671000: system.memobj: size 0x8
102671000: system.memobj: id 94061724546128
102671000: system.memobj: data_hex : 4883C010FFCA79F0 
102671000: system.memobj: data : 0100100010000011110000000001000011111111110010100111100111110000 
102671000: system.memobj: fix data : 0100100010000011110000000001000011111111110010100111100111110000 
102671000: system.memobj: -------------------------------------
102720000: system.memobj: mem->cpu Got response for addr 0xc4a0 , 50336
102720000: system.memobj: size 0x8
102720000: system.memobj: id 94061724545840
102720000: system.memobj: data_hex : 4889401848894010 
102720000: system.memobj: data : 0100100010001001010000000001100001001000100010010100000000010000 
102720000: system.memobj: fix data : 0100100010001001010000000001100001001000100010010100000000010000 
102720000: system.memobj: -------------------------------------
102720000: system.memobj: cpu->mem Got request for addr 0x92c40 , 601152
102720000: system.memobj: size 0x8
102720000: system.memobj: id 94061724546128
102720000: system.memobj: data_hex : 282C590000000000 
102720000: system.memobj: data : 0010100000101100010110010000000000000000000000000000000000000000 
102720000: system.memobj: hamming code addr: 601152 
102720000: system.memobj: hamming code : 15 
102720000: system.memobj: hamming code addr: 601160 
102720000: system.memobj: hamming code : 5 
102720000: system.memobj: hamming code addr: 601168 
102720000: system.memobj: hamming code : 7 
102720000: system.memobj: hamming code addr: 601176 
102720000: system.memobj: hamming code : 0 
102720000: system.memobj: hamming code addr: 601184 
102720000: system.memobj: hamming code : 0 
102720000: system.memobj: hamming code addr: 601192 
102720000: system.memobj: hamming code : 0 
102720000: system.memobj: hamming code addr: 601200 
102720000: system.memobj: hamming code : 0 
102720000: system.memobj: hamming code addr: 601208 
102720000: system.memobj: hamming code : 0 
102720000: system.memobj: Enter Error Bit index: 3 
102720000: system.memobj: flip data : 0000100000101100010110010000000000000000000000000000000000000000 
102720000: system.memobj: -------------------------------------
102790000: system.memobj: mem->cpu Got response for addr 0xc4a0 , 50336
102790000: system.memobj: size 0x8
102790000: system.memobj: id 94061724546128
102790000: system.memobj: data_hex : 4889401848894010 
102790000: system.memobj: data : 0100100010001001010000000001100001001000100010010100000000010000 
102790000: system.memobj: fix data : 0100100010001001010000000001100001001000100010010100000000010000 
102790000: system.memobj: -------------------------------------
102790000: system.memobj: cpu->mem Got request for addr 0x92c38 , 601144
102790000: system.memobj: size 0x8
102790000: system.memobj: id 94061724545840
102790000: system.memobj: data_hex : 282C590000000000 
102790000: system.memobj: data : 0010100000101100010110010000000000000000000000000000000000000000 
102790000: system.memobj: hamming code addr: 601144 
102790000: system.memobj: hamming code : 15 
102790000: system.memobj: hamming code addr: 601152 
102790000: system.memobj: hamming code : 5 
102790000: system.memobj: hamming code addr: 601160 
102790000: system.memobj: hamming code : 7 
102790000: system.memobj: hamming code addr: 601168 
102790000: system.memobj: hamming code : 0 
102790000: system.memobj: hamming code addr: 601176 
102790000: system.memobj: hamming code : 0 
102790000: system.memobj: hamming code addr: 601184 
102790000: system.memobj: hamming code : 0 
102790000: system.memobj: hamming code addr: 601192 
102790000: system.memobj: hamming code : 0 
102790000: system.memobj: hamming code addr: 601200 
102790000: system.memobj: hamming code : 0 
102790000: system.memobj: Enter Error Bit index: 2 
102790000: system.memobj: flip data : 0110100000101100010110010000000000000000000000000000000000000000 
102790000: system.memobj: -------------------------------------
102860000: system.memobj: mem->cpu Got response for addr 0xc4a8 , 50344
102860000: system.memobj: size 0x8
102860000: system.memobj: id 94061724545840
102860000: system.memobj: data_hex : 4883C010FFCA79F0 
102860000: system.memobj: data : 0100100010000011110000000001000011111111110010100111100111110000 
102860000: system.memobj: fix data : 0100100010000011110000000001000011111111110010100111100111110000 
102860000: system.memobj: -------------------------------------
102909000: system.memobj: mem->cpu Got response for addr 0xc4a8 , 50344
102909000: system.memobj: size 0x8
102909000: system.memobj: id 94061724546128
102909000: system.memobj: data_hex : 4883C010FFCA79F0 
102909000: system.memobj: data : 0100100010000011110000000001000011111111110010100111100111110000 
102909000: system.memobj: fix data : 0100100010000011110000000001000011111111110010100111100111110000 
102909000: system.memobj: -------------------------------------
102958000: system.memobj: mem->cpu Got response for addr 0xc4a8 , 50344
102958000: system.memobj: size 0x8
102958000: system.memobj: id 94061724545840
102958000: system.memobj: data_hex : 4883C010FFCA79F0 
102958000: system.memobj: data : 0100100010000011110000000001000011111111110010100111100111110000 
102958000: system.memobj: fix data : 0100100010000011110000000001000011111111110010100111100111110000 
102958000: system.memobj: -------------------------------------
103007000: system.memobj: mem->cpu Got response for addr 0xc4a0 , 50336
103007000: system.memobj: size 0x8
103007000: system.memobj: id 94061724546128
103007000: system.memobj: data_hex : 4889401848894010 
103007000: system.memobj: data : 0100100010001001010000000001100001001000100010010100000000010000 
103007000: system.memobj: fix data : 0100100010001001010000000001100001001000100010010100000000010000 
103007000: system.memobj: -------------------------------------
103007000: system.memobj: cpu->mem Got request for addr 0x92c50 , 601168
103007000: system.memobj: size 0x8
103007000: system.memobj: id 94061724545840
103007000: system.memobj: data_hex : 382C590000000000 
103007000: system.memobj: data : 0011100000101100010110010000000000000000000000000000000000000000 
103007000: system.memobj: hamming code addr: 601168 
103007000: system.memobj: hamming code : 8 
103007000: system.memobj: hamming code addr: 601176 
103007000: system.memobj: hamming code : 5 
103007000: system.memobj: hamming code addr: 601184 
103007000: system.memobj: hamming code : 7 
103007000: system.memobj: hamming code addr: 601192 
103007000: system.memobj: hamming code : 0 
103007000: system.memobj: hamming code addr: 601200 
103007000: system.memobj: hamming code : 0 
103007000: system.memobj: hamming code addr: 601208 
103007000: system.memobj: hamming code : 0 
103007000: system.memobj: hamming code addr: 601216 
103007000: system.memobj: hamming code : 0 
103007000: system.memobj: hamming code addr: 601224 
103007000: system.memobj: hamming code : 0 
103007000: system.memobj: Enter Error Bit index: 3 
103007000: system.memobj: flip data : 0001100000101100010110010000000000000000000000000000000000000000 
103007000: system.memobj: -------------------------------------
103077000: system.memobj: mem->cpu Got response for addr 0xc4a0 , 50336
103077000: system.memobj: size 0x8
103077000: system.memobj: id 94061724545840
103077000: system.memobj: data_hex : 4889401848894010 
103077000: system.memobj: data : 0100100010001001010000000001100001001000100010010100000000010000 
103077000: system.memobj: fix data : 0100100010001001010000000001100001001000100010010100000000010000 
103077000: system.memobj: -------------------------------------
103077000: system.memobj: cpu->mem Got request for addr 0x92c48 , 601160
103077000: system.memobj: size 0x8
103077000: system.memobj: id 94061724546128
103077000: system.memobj: data_hex : 382C590000000000 
103077000: system.memobj: data : 0011100000101100010110010000000000000000000000000000000000000000 
103077000: system.memobj: hamming code addr: 601160 
103077000: system.memobj: hamming code : 8 
103077000: system.memobj: hamming code addr: 601168 
103077000: system.memobj: hamming code : 5 
103077000: system.memobj: hamming code addr: 601176 
103077000: system.memobj: hamming code : 7 
103077000: system.memobj: hamming code addr: 601184 
103077000: system.memobj: hamming code : 0 
103077000: system.memobj: hamming code addr: 601192 
103077000: system.memobj: hamming code : 0 
103077000: system.memobj: hamming code addr: 601200 
103077000: system.memobj: hamming code : 0 
103077000: system.memobj: hamming code addr: 601208 
103077000: system.memobj: hamming code : 0 
103077000: system.memobj: hamming code addr: 601216 
103077000: system.memobj: hamming code : 0 
103077000: system.memobj: Enter Error Bit index: 7 
103077000: system.memobj: flip data : 0011101000101100010110010000000000000000000000000000000000000000 
103077000: system.memobj: -------------------------------------
103147000: system.memobj: mem->cpu Got response for addr 0xc4a8 , 50344
103147000: system.memobj: size 0x8
103147000: system.memobj: id 94061724546128
103147000: system.memobj: data_hex : 4883C010FFCA79F0 
103147000: system.memobj: data : 0100100010000011110000000001000011111111110010100111100111110000 
103147000: system.memobj: fix data : 0100100010000011110000000001000011111111110010100111100111110000 
103147000: system.memobj: -------------------------------------
103196000: system.memobj: mem->cpu Got response for addr 0xc4a8 , 50344
103196000: system.memobj: size 0x8
103196000: system.memobj: id 94061724545840
103196000: system.memobj: data_hex : 4883C010FFCA79F0 
103196000: system.memobj: data : 0100100010000011110000000001000011111111110010100111100111110000 
103196000: system.memobj: fix data : 0100100010000011110000000001000011111111110010100111100111110000 
103196000: system.memobj: -------------------------------------
103245000: system.memobj: mem->cpu Got response for addr 0xc4a8 , 50344
103245000: system.memobj: size 0x8
103245000: system.memobj: id 94061724546128
103245000: system.memobj: data_hex : 4883C010FFCA79F0 
103245000: system.memobj: data : 0100100010000011110000000001000011111111110010100111100111110000 
103245000: system.memobj: fix data : 0100100010000011110000000001000011111111110010100111100111110000 
103245000: system.memobj: -------------------------------------
103294000: system.memobj: mem->cpu Got response for addr 0xc4a0 , 50336
103294000: system.memobj: size 0x8
103294000: system.memobj: id 94061724545840
103294000: system.memobj: data_hex : 4889401848894010 
103294000: system.memobj: data : 0100100010001001010000000001100001001000100010010100000000010000 
103294000: system.memobj: fix data : 0100100010001001010000000001100001001000100010010100000000010000 
103294000: system.memobj: -------------------------------------
103294000: system.memobj: cpu->mem Got request for addr 0x92c60 , 601184
103294000: system.memobj: size 0x8
103294000: system.memobj: id 94061724546128
103294000: system.memobj: data_hex : 482C590000000000 
103294000: system.memobj: data : 0100100000101100010110010000000000000000000000000000000000000000 
103294000: system.memobj: hamming code addr: 601184 
103294000: system.memobj: hamming code : 12 
103294000: system.memobj: hamming code addr: 601192 
103294000: system.memobj: hamming code : 5 
103294000: system.memobj: hamming code addr: 601200 
103294000: system.memobj: hamming code : 7 
103294000: system.memobj: hamming code addr: 601208 
103294000: system.memobj: hamming code : 0 
103294000: system.memobj: hamming code addr: 601216 
103294000: system.memobj: hamming code : 0 
103294000: system.memobj: hamming code addr: 601224 
103294000: system.memobj: hamming code : 0 
103294000: system.memobj: hamming code addr: 601232 
103294000: system.memobj: hamming code : 0 
103294000: system.memobj: hamming code addr: 601240 
103294000: system.memobj: hamming code : 0 
103294000: system.memobj: Enter Error Bit index: 5 
103294000: system.memobj: flip data : 0100000000101100010110010000000000000000000000000000000000000000 
103294000: system.memobj: -------------------------------------
103364000: system.memobj: mem->cpu Got response for addr 0xc4a0 , 50336
103364000: system.memobj: size 0x8
103364000: system.memobj: id 94061724546128
103364000: system.memobj: data_hex : 4889401848894010 
103364000: system.memobj: data : 0100100010001001010000000001100001001000100010010100000000010000 
103364000: system.memobj: fix data : 0100100010001001010000000001100001001000100010010100000000010000 
103364000: system.memobj: -------------------------------------
103364000: system.memobj: cpu->mem Got request for addr 0x92c58 , 601176
103364000: system.memobj: size 0x8
103364000: system.memobj: id 94061724545840
103364000: system.memobj: data_hex : 482C590000000000 
103364000: system.memobj: data : 0100100000101100010110010000000000000000000000000000000000000000 
103364000: system.memobj: hamming code addr: 601176 
103364000: system.memobj: hamming code : 12 
103364000: system.memobj: hamming code addr: 601184 
103364000: system.memobj: hamming code : 5 
103364000: system.memobj: hamming code addr: 601192 
103364000: system.memobj: hamming code : 7 
103364000: system.memobj: hamming code addr: 601200 
103364000: system.memobj: hamming code : 0 
103364000: system.memobj: hamming code addr: 601208 
103364000: system.memobj: hamming code : 0 
103364000: system.memobj: hamming code addr: 601216 
103364000: system.memobj: hamming code : 0 
103364000: system.memobj: hamming code addr: 601224 
103364000: system.memobj: hamming code : 0 
103364000: system.memobj: hamming code addr: 601232 
103364000: system.memobj: hamming code : 0 
103364000: system.memobj: Enter Error Bit index: 7 
103364000: system.memobj: flip data : 0100101000101100010110010000000000000000000000000000000000000000 
103364000: system.memobj: -------------------------------------
103448000: system.memobj: mem->cpu Got response for addr 0xc4a8 , 50344
103448000: system.memobj: size 0x8
103448000: system.memobj: id 94061724545840
103448000: system.memobj: data_hex : 4883C010FFCA79F0 
103448000: system.memobj: data : 0100100010000011110000000001000011111111110010100111100111110000 
103448000: system.memobj: fix data : 0100100010000011110000000001000011111111110010100111100111110000 
103448000: system.memobj: -------------------------------------
103497000: system.memobj: mem->cpu Got response for addr 0xc4a8 , 50344
103497000: system.memobj: size 0x8
103497000: system.memobj: id 94061724546128
103497000: system.memobj: data_hex : 4883C010FFCA79F0 
103497000: system.memobj: data : 0100100010000011110000000001000011111111110010100111100111110000 
103497000: system.memobj: fix data : 0100100010000011110000000001000011111111110010100111100111110000 
103497000: system.memobj: -------------------------------------
103546000: system.memobj: mem->cpu Got response for addr 0xc4a8 , 50344
103546000: system.memobj: size 0x8
103546000: system.memobj: id 94061724545840
103546000: system.memobj: data_hex : 4883C010FFCA79F0 
103546000: system.memobj: data : 0100100010000011110000000001000011111111110010100111100111110000 
103546000: system.memobj: fix data : 0100100010000011110000000001000011111111110010100111100111110000 
103546000: system.memobj: -------------------------------------
103595000: system.memobj: mem->cpu Got response for addr 0xc4a0 , 50336
103595000: system.memobj: size 0x8
103595000: system.memobj: id 94061724546128
103595000: system.memobj: data_hex : 4889401848894010 
103595000: system.memobj: data : 0100100010001001010000000001100001001000100010010100000000010000 
103595000: system.memobj: fix data : 0100100010001001010000000001100001001000100010010100000000010000 
103595000: system.memobj: -------------------------------------
103595000: system.memobj: cpu->mem Got request for addr 0x92c70 , 601200
103595000: system.memobj: size 0x8
103595000: system.memobj: id 94061724545840
103595000: system.memobj: data_hex : 582C590000000000 
103595000: system.memobj: data : 0101100000101100010110010000000000000000000000000000000000000000 
103595000: system.memobj: hamming code addr: 601200 
103595000: system.memobj: hamming code : 11 
103595000: system.memobj: hamming code addr: 601208 
103595000: system.memobj: hamming code : 5 
103595000: system.memobj: hamming code addr: 601216 
103595000: system.memobj: hamming code : 7 
103595000: system.memobj: hamming code addr: 601224 
103595000: system.memobj: hamming code : 0 
103595000: system.memobj: hamming code addr: 601232 
103595000: system.memobj: hamming code : 0 
103595000: system.memobj: hamming code addr: 601240 
103595000: system.memobj: hamming code : 0 
103595000: system.memobj: hamming code addr: 601248 
103595000: system.memobj: hamming code : 0 
103595000: system.memobj: hamming code addr: 601256 
103595000: system.memobj: hamming code : 0 
103595000: system.memobj: Enter Error Bit index: 2 
103595000: system.memobj: flip data : 0001100000101100010110010000000000000000000000000000000000000000 
103595000: system.memobj: -------------------------------------
103665000: system.memobj: mem->cpu Got response for addr 0xc4a0 , 50336
103665000: system.memobj: size 0x8
103665000: system.memobj: id 94061724545840
103665000: system.memobj: data_hex : 4889401848894010 
103665000: system.memobj: data : 0100100010001001010000000001100001001000100010010100000000010000 
103665000: system.memobj: fix data : 0100100010001001010000000001100001001000100010010100000000010000 
103665000: system.memobj: -------------------------------------
103665000: system.memobj: cpu->mem Got request for addr 0x92c68 , 601192
103665000: system.memobj: size 0x8
103665000: system.memobj: id 94061724546128
103665000: system.memobj: data_hex : 582C590000000000 
103665000: system.memobj: data : 0101100000101100010110010000000000000000000000000000000000000000 
103665000: system.memobj: hamming code addr: 601192 
103665000: system.memobj: hamming code : 11 
103665000: system.memobj: hamming code addr: 601200 
103665000: system.memobj: hamming code : 5 
103665000: system.memobj: hamming code addr: 601208 
103665000: system.memobj: hamming code : 7 
103665000: system.memobj: hamming code addr: 601216 
103665000: system.memobj: hamming code : 0 
103665000: system.memobj: hamming code addr: 601224 
103665000: system.memobj: hamming code : 0 
103665000: system.memobj: hamming code addr: 601232 
103665000: system.memobj: hamming code : 0 
103665000: system.memobj: hamming code addr: 601240 
103665000: system.memobj: hamming code : 0 
103665000: system.memobj: hamming code addr: 601248 
103665000: system.memobj: hamming code : 0 
103665000: system.memobj: Enter Error Bit index: 6 
103665000: system.memobj: flip data : 0101110000101100010110010000000000000000000000000000000000000000 
103665000: system.memobj: -------------------------------------
103735000: system.memobj: mem->cpu Got response for addr 0xc4a8 , 50344
103735000: system.memobj: size 0x8
103735000: system.memobj: id 94061724546128
103735000: system.memobj: data_hex : 4883C010FFCA79F0 
103735000: system.memobj: data : 0100100010000011110000000001000011111111110010100111100111110000 
103735000: system.memobj: fix data : 0100100010000011110000000001000011111111110010100111100111110000 
103735000: system.memobj: -------------------------------------
103784000: system.memobj: mem->cpu Got response for addr 0xc4a8 , 50344
103784000: system.memobj: size 0x8
103784000: system.memobj: id 94061724545840
103784000: system.memobj: data_hex : 4883C010FFCA79F0 
103784000: system.memobj: data : 0100100010000011110000000001000011111111110010100111100111110000 
103784000: system.memobj: fix data : 0100100010000011110000000001000011111111110010100111100111110000 
103784000: system.memobj: -------------------------------------
103833000: system.memobj: mem->cpu Got response for addr 0xc4a8 , 50344
103833000: system.memobj: size 0x8
103833000: system.memobj: id 94061724546128
103833000: system.memobj: data_hex : 4883C010FFCA79F0 
103833000: system.memobj: data : 0100100010000011110000000001000011111111110010100111100111110000 
103833000: system.memobj: fix data : 0100100010000011110000000001000011111111110010100111100111110000 
103833000: system.memobj: -------------------------------------
103882000: system.memobj: mem->cpu Got response for addr 0xc4a0 , 50336
103882000: system.memobj: size 0x8
103882000: system.memobj: id 94061724545840
103882000: system.memobj: data_hex : 4889401848894010 
103882000: system.memobj: data : 0100100010001001010000000001100001001000100010010100000000010000 
103882000: system.memobj: fix data : 0100100010001001010000000001100001001000100010010100000000010000 
103882000: system.memobj: -------------------------------------
103882000: system.memobj: cpu->mem Got request for addr 0x92c80 , 601216
103882000: system.memobj: size 0x8
103882000: system.memobj: id 94061724546128
103882000: system.memobj: data_hex : 682C590000000000 
103882000: system.memobj: data : 0110100000101100010110010000000000000000000000000000000000000000 
103882000: system.memobj: hamming code addr: 601216 
103882000: system.memobj: hamming code : 10 
103882000: system.memobj: hamming code addr: 601224 
103882000: system.memobj: hamming code : 5 
103882000: system.memobj: hamming code addr: 601232 
103882000: system.memobj: hamming code : 7 
103882000: system.memobj: hamming code addr: 601240 
103882000: system.memobj: hamming code : 0 
103882000: system.memobj: hamming code addr: 601248 
103882000: system.memobj: hamming code : 0 
103882000: system.memobj: hamming code addr: 601256 
103882000: system.memobj: hamming code : 0 
103882000: system.memobj: hamming code addr: 601264 
103882000: system.memobj: hamming code : 0 
103882000: system.memobj: hamming code addr: 601272 
103882000: system.memobj: hamming code : 0 
103882000: system.memobj: Enter Error Bit index: 4 
103882000: system.memobj: flip data : 0111100000101100010110010000000000000000000000000000000000000000 
103882000: system.memobj: -------------------------------------
103952000: system.memobj: mem->cpu Got response for addr 0xc4a0 , 50336
103952000: system.memobj: size 0x8
103952000: system.memobj: id 94061724546128
103952000: system.memobj: data_hex : 4889401848894010 
103952000: system.memobj: data : 0100100010001001010000000001100001001000100010010100000000010000 
103952000: system.memobj: fix data : 0100100010001001010000000001100001001000100010010100000000010000 
103952000: system.memobj: -------------------------------------
103952000: system.memobj: cpu->mem Got request for addr 0x92c78 , 601208
103952000: system.memobj: size 0x8
103952000: system.memobj: id 94061724545840
103952000: system.memobj: data_hex : 682C590000000000 
103952000: system.memobj: data : 0110100000101100010110010000000000000000000000000000000000000000 
103952000: system.memobj: hamming code addr: 601208 
103952000: system.memobj: hamming code : 10 
103952000: system.memobj: hamming code addr: 601216 
103952000: system.memobj: hamming code : 5 
103952000: system.memobj: hamming code addr: 601224 
103952000: system.memobj: hamming code : 7 
103952000: system.memobj: hamming code addr: 601232 
103952000: system.memobj: hamming code : 0 
103952000: system.memobj: hamming code addr: 601240 
103952000: system.memobj: hamming code : 0 
103952000: system.memobj: hamming code addr: 601248 
103952000: system.memobj: hamming code : 0 
103952000: system.memobj: hamming code addr: 601256 
103952000: system.memobj: hamming code : 0 
103952000: system.memobj: hamming code addr: 601264 
103952000: system.memobj: hamming code : 0 
103952000: system.memobj: Enter Error Bit index: 1 
103952000: system.memobj: flip data : 1110100000101100010110010000000000000000000000000000000000000000 
103952000: system.memobj: -------------------------------------
104022000: system.memobj: mem->cpu Got response for addr 0xc4a8 , 50344
104022000: system.memobj: size 0x8
104022000: system.memobj: id 94061724545840
104022000: system.memobj: data_hex : 4883C010FFCA79F0 
104022000: system.memobj: data : 0100100010000011110000000001000011111111110010100111100111110000 
104022000: system.memobj: fix data : 0100100010000011110000000001000011111111110010100111100111110000 
104022000: system.memobj: -------------------------------------
104071000: system.memobj: mem->cpu Got response for addr 0xc4a8 , 50344
104071000: system.memobj: size 0x8
104071000: system.memobj: id 94061724546128
104071000: system.memobj: data_hex : 4883C010FFCA79F0 
104071000: system.memobj: data : 0100100010000011110000000001000011111111110010100111100111110000 
104071000: system.memobj: fix data : 0100100010000011110000000001000011111111110010100111100111110000 
104071000: system.memobj: -------------------------------------
104120000: system.memobj: mem->cpu Got response for addr 0xc4a8 , 50344
104120000: system.memobj: size 0x8
104120000: system.memobj: id 94061724545840
104120000: system.memobj: data_hex : 4883C010FFCA79F0 
104120000: system.memobj: data : 0100100010000011110000000001000011111111110010100111100111110000 
104120000: system.memobj: fix data : 0100100010000011110000000001000011111111110010100111100111110000 
104120000: system.memobj: -------------------------------------
104169000: system.memobj: mem->cpu Got response for addr 0xc4a0 , 50336
104169000: system.memobj: size 0x8
104169000: system.memobj: id 94061724546128
104169000: system.memobj: data_hex : 4889401848894010 
104169000: system.memobj: data : 0100100010001001010000000001100001001000100010010100000000010000 
104169000: system.memobj: fix data : 0100100010001001010000000001100001001000100010010100000000010000 
104169000: system.memobj: -------------------------------------
104169000: system.memobj: cpu->mem Got request for addr 0x92c90 , 601232
104169000: system.memobj: size 0x8
104169000: system.memobj: id 94061724545840
104169000: system.memobj: data_hex : 782C590000000000 
104169000: system.memobj: data : 0111100000101100010110010000000000000000000000000000000000000000 
104169000: system.memobj: hamming code addr: 601232 
104169000: system.memobj: hamming code : 13 
104169000: system.memobj: hamming code addr: 601240 
104169000: system.memobj: hamming code : 5 
104169000: system.memobj: hamming code addr: 601248 
104169000: system.memobj: hamming code : 7 
104169000: system.memobj: hamming code addr: 601256 
104169000: system.memobj: hamming code : 0 
104169000: system.memobj: hamming code addr: 601264 
104169000: system.memobj: hamming code : 0 
104169000: system.memobj: hamming code addr: 601272 
104169000: system.memobj: hamming code : 0 
104169000: system.memobj: hamming code addr: 601280 
104169000: system.memobj: hamming code : 0 
104169000: system.memobj: hamming code addr: 601288 
104169000: system.memobj: hamming code : 0 
104169000: system.memobj: Enter Error Bit index: 5 
104169000: system.memobj: flip data : 0111000000101100010110010000000000000000000000000000000000000000 
104169000: system.memobj: -------------------------------------
104239000: system.memobj: mem->cpu Got response for addr 0xc4a0 , 50336
104239000: system.memobj: size 0x8
104239000: system.memobj: id 94061724545840
104239000: system.memobj: data_hex : 4889401848894010 
104239000: system.memobj: data : 0100100010001001010000000001100001001000100010010100000000010000 
104239000: system.memobj: fix data : 0100100010001001010000000001100001001000100010010100000000010000 
104239000: system.memobj: -------------------------------------
104239000: system.memobj: cpu->mem Got request for addr 0x92c88 , 601224
104239000: system.memobj: size 0x8
104239000: system.memobj: id 94061724546128
104239000: system.memobj: data_hex : 782C590000000000 
104239000: system.memobj: data : 0111100000101100010110010000000000000000000000000000000000000000 
104239000: system.memobj: hamming code addr: 601224 
104239000: system.memobj: hamming code : 13 
104239000: system.memobj: hamming code addr: 601232 
104239000: system.memobj: hamming code : 5 
104239000: system.memobj: hamming code addr: 601240 
104239000: system.memobj: hamming code : 7 
104239000: system.memobj: hamming code addr: 601248 
104239000: system.memobj: hamming code : 0 
104239000: system.memobj: hamming code addr: 601256 
104239000: system.memobj: hamming code : 0 
104239000: system.memobj: hamming code addr: 601264 
104239000: system.memobj: hamming code : 0 
104239000: system.memobj: hamming code addr: 601272 
104239000: system.memobj: hamming code : 0 
104239000: system.memobj: hamming code addr: 601280 
104239000: system.memobj: hamming code : 0 
104239000: system.memobj: Enter Error Bit index: 4 
104239000: system.memobj: flip data : 0110100000101100010110010000000000000000000000000000000000000000 
104239000: system.memobj: -------------------------------------
104309000: system.memobj: mem->cpu Got response for addr 0xc4a8 , 50344
104309000: system.memobj: size 0x8
104309000: system.memobj: id 94061724546128
104309000: system.memobj: data_hex : 4883C010FFCA79F0 
104309000: system.memobj: data : 0100100010000011110000000001000011111111110010100111100111110000 
104309000: system.memobj: fix data : 0100100010000011110000000001000011111111110010100111100111110000 
104309000: system.memobj: -------------------------------------
104372000: system.memobj: mem->cpu Got response for addr 0xc4a8 , 50344
104372000: system.memobj: size 0x8
104372000: system.memobj: id 94061724545840
104372000: system.memobj: data_hex : 4883C010FFCA79F0 
104372000: system.memobj: data : 0100100010000011110000000001000011111111110010100111100111110000 
104372000: system.memobj: fix data : 0100100010000011110000000001000011111111110010100111100111110000 
104372000: system.memobj: -------------------------------------
104421000: system.memobj: mem->cpu Got response for addr 0xc4a8 , 50344
104421000: system.memobj: size 0x8
104421000: system.memobj: id 94061724546128
104421000: system.memobj: data_hex : 4883C010FFCA79F0 
104421000: system.memobj: data : 0100100010000011110000000001000011111111110010100111100111110000 
104421000: system.memobj: fix data : 0100100010000011110000000001000011111111110010100111100111110000 
104421000: system.memobj: -------------------------------------
104470000: system.memobj: mem->cpu Got response for addr 0xc4a0 , 50336
104470000: system.memobj: size 0x8
104470000: system.memobj: id 94061724545840
104470000: system.memobj: data_hex : 4889401848894010 
104470000: system.memobj: data : 0100100010001001010000000001100001001000100010010100000000010000 
104470000: system.memobj: fix data : 0100100010001001010000000001100001001000100010010100000000010000 
104470000: system.memobj: -------------------------------------
104470000: system.memobj: cpu->mem Got request for addr 0x92ca0 , 601248
104470000: system.memobj: size 0x8
104470000: system.memobj: id 94061724546128
104470000: system.memobj: data_hex : 882C590000000000 
104470000: system.memobj: data : 1000100000101100010110010000000000000000000000000000000000000000 
104470000: system.memobj: hamming code addr: 601248 
104470000: system.memobj: hamming code : 10 
104470000: system.memobj: hamming code addr: 601256 
104470000: system.memobj: hamming code : 5 
104470000: system.memobj: hamming code addr: 601264 
104470000: system.memobj: hamming code : 7 
104470000: system.memobj: hamming code addr: 601272 
104470000: system.memobj: hamming code : 0 
104470000: system.memobj: hamming code addr: 601280 
104470000: system.memobj: hamming code : 0 
104470000: system.memobj: hamming code addr: 601288 
104470000: system.memobj: hamming code : 0 
104470000: system.memobj: hamming code addr: 601296 
104470000: system.memobj: hamming code : 0 
104470000: system.memobj: hamming code addr: 601304 
104470000: system.memobj: hamming code : 0 
104470000: system.memobj: Enter Error Bit index: 3 
104470000: system.memobj: flip data : 1010100000101100010110010000000000000000000000000000000000000000 
104470000: system.memobj: -------------------------------------
104540000: system.memobj: mem->cpu Got response for addr 0xc4a0 , 50336
104540000: system.memobj: size 0x8
104540000: system.memobj: id 94061724546128
104540000: system.memobj: data_hex : 4889401848894010 
104540000: system.memobj: data : 0100100010001001010000000001100001001000100010010100000000010000 
104540000: system.memobj: fix data : 0100100010001001010000000001100001001000100010010100000000010000 
104540000: system.memobj: -------------------------------------
104540000: system.memobj: cpu->mem Got request for addr 0x92c98 , 601240
104540000: system.memobj: size 0x8
104540000: system.memobj: id 94061724545840
104540000: system.memobj: data_hex : 882C590000000000 
104540000: system.memobj: data : 1000100000101100010110010000000000000000000000000000000000000000 
104540000: system.memobj: hamming code addr: 601240 
104540000: system.memobj: hamming code : 10 
104540000: system.memobj: hamming code addr: 601248 
104540000: system.memobj: hamming code : 5 
104540000: system.memobj: hamming code addr: 601256 
104540000: system.memobj: hamming code : 7 
104540000: system.memobj: hamming code addr: 601264 
104540000: system.memobj: hamming code : 0 
104540000: system.memobj: hamming code addr: 601272 
104540000: system.memobj: hamming code : 0 
104540000: system.memobj: hamming code addr: 601280 
104540000: system.memobj: hamming code : 0 
104540000: system.memobj: hamming code addr: 601288 
104540000: system.memobj: hamming code : 0 
104540000: system.memobj: hamming code addr: 601296 
104540000: system.memobj: hamming code : 0 
104540000: system.memobj: Enter Error Bit index: 5 
104540000: system.memobj: flip data : 1000000000101100010110010000000000000000000000000000000000000000 
104540000: system.memobj: -------------------------------------
104610000: system.memobj: mem->cpu Got response for addr 0xc4a8 , 50344
104610000: system.memobj: size 0x8
104610000: system.memobj: id 94061724545840
104610000: system.memobj: data_hex : 4883C010FFCA79F0 
104610000: system.memobj: data : 0100100010000011110000000001000011111111110010100111100111110000 
104610000: system.memobj: fix data : 0100100010000011110000000001000011111111110010100111100111110000 
104610000: system.memobj: -------------------------------------
104659000: system.memobj: mem->cpu Got response for addr 0xc4a8 , 50344
104659000: system.memobj: size 0x8
104659000: system.memobj: id 94061724546128
104659000: system.memobj: data_hex : 4883C010FFCA79F0 
104659000: system.memobj: data : 0100100010000011110000000001000011111111110010100111100111110000 
104659000: system.memobj: fix data : 0100100010000011110000000001000011111111110010100111100111110000 
104659000: system.memobj: -------------------------------------
104708000: system.memobj: mem->cpu Got response for addr 0xc4a8 , 50344
104708000: system.memobj: size 0x8
104708000: system.memobj: id 94061724545840
104708000: system.memobj: data_hex : 4883C010FFCA79F0 
104708000: system.memobj: data : 0100100010000011110000000001000011111111110010100111100111110000 
104708000: system.memobj: fix data : 0100100010000011110000000001000011111111110010100111100111110000 
104708000: system.memobj: -------------------------------------
104757000: system.memobj: mem->cpu Got response for addr 0xc4a0 , 50336
104757000: system.memobj: size 0x8
104757000: system.memobj: id 94061724546128
104757000: system.memobj: data_hex : 4889401848894010 
104757000: system.memobj: data : 0100100010001001010000000001100001001000100010010100000000010000 
104757000: system.memobj: fix data : 0100100010001001010000000001100001001000100010010100000000010000 
104757000: system.memobj: -------------------------------------
104757000: system.memobj: cpu->mem Got request for addr 0x92cb0 , 601264
104757000: system.memobj: size 0x8
104757000: system.memobj: id 94061724545840
104757000: system.memobj: data_hex : 982C590000000000 
104757000: system.memobj: data : 1001100000101100010110010000000000000000000000000000000000000000 
104757000: system.memobj: hamming code addr: 601264 
104757000: system.memobj: hamming code : 13 
104757000: system.memobj: hamming code addr: 601272 
104757000: system.memobj: hamming code : 5 
104757000: system.memobj: hamming code addr: 601280 
104757000: system.memobj: hamming code : 7 
104757000: system.memobj: hamming code addr: 601288 
104757000: system.memobj: hamming code : 0 
104757000: system.memobj: hamming code addr: 601296 
104757000: system.memobj: hamming code : 0 
104757000: system.memobj: hamming code addr: 601304 
104757000: system.memobj: hamming code : 0 
104757000: system.memobj: hamming code addr: 601312 
104757000: system.memobj: hamming code : 0 
104757000: system.memobj: hamming code addr: 601320 
104757000: system.memobj: hamming code : 0 
104757000: system.memobj: Enter Error Bit index: 4 
104757000: system.memobj: flip data : 1000100000101100010110010000000000000000000000000000000000000000 
104757000: system.memobj: -------------------------------------
104827000: system.memobj: mem->cpu Got response for addr 0xc4a0 , 50336
104827000: system.memobj: size 0x8
104827000: system.memobj: id 94061724545840
104827000: system.memobj: data_hex : 4889401848894010 
104827000: system.memobj: data : 0100100010001001010000000001100001001000100010010100000000010000 
104827000: system.memobj: fix data : 0100100010001001010000000001100001001000100010010100000000010000 
104827000: system.memobj: -------------------------------------
104827000: system.memobj: cpu->mem Got request for addr 0x92ca8 , 601256
104827000: system.memobj: size 0x8
104827000: system.memobj: id 94061724546128
104827000: system.memobj: data_hex : 982C590000000000 
104827000: system.memobj: data : 1001100000101100010110010000000000000000000000000000000000000000 
104827000: system.memobj: hamming code addr: 601256 
104827000: system.memobj: hamming code : 13 
104827000: system.memobj: hamming code addr: 601264 
104827000: system.memobj: hamming code : 5 
104827000: system.memobj: hamming code addr: 601272 
104827000: system.memobj: hamming code : 7 
104827000: system.memobj: hamming code addr: 601280 
104827000: system.memobj: hamming code : 0 
104827000: system.memobj: hamming code addr: 601288 
104827000: system.memobj: hamming code : 0 
104827000: system.memobj: hamming code addr: 601296 
104827000: system.memobj: hamming code : 0 
104827000: system.memobj: hamming code addr: 601304 
104827000: system.memobj: hamming code : 0 
104827000: system.memobj: hamming code addr: 601312 
104827000: system.memobj: hamming code : 0 
104827000: system.memobj: Enter Error Bit index: 2 
104827000: system.memobj: flip data : 1101100000101100010110010000000000000000000000000000000000000000 
104827000: system.memobj: -------------------------------------
104897000: system.memobj: mem->cpu Got response for addr 0xc4a8 , 50344
104897000: system.memobj: size 0x8
104897000: system.memobj: id 94061724546128
104897000: system.memobj: data_hex : 4883C010FFCA79F0 
104897000: system.memobj: data : 0100100010000011110000000001000011111111110010100111100111110000 
104897000: system.memobj: fix data : 0100100010000011110000000001000011111111110010100111100111110000 
104897000: system.memobj: -------------------------------------
104946000: system.memobj: mem->cpu Got response for addr 0xc4a8 , 50344
104946000: system.memobj: size 0x8
104946000: system.memobj: id 94061724545840
104946000: system.memobj: data_hex : 4883C010FFCA79F0 
104946000: system.memobj: data : 0100100010000011110000000001000011111111110010100111100111110000 
104946000: system.memobj: fix data : 0100100010000011110000000001000011111111110010100111100111110000 
104946000: system.memobj: -------------------------------------
104995000: system.memobj: mem->cpu Got response for addr 0xc4a8 , 50344
104995000: system.memobj: size 0x8
104995000: system.memobj: id 94061724546128
104995000: system.memobj: data_hex : 4883C010FFCA79F0 
104995000: system.memobj: data : 0100100010000011110000000001000011111111110010100111100111110000 
104995000: system.memobj: fix data : 0100100010000011110000000001000011111111110010100111100111110000 
104995000: system.memobj: -------------------------------------
105044000: system.memobj: mem->cpu Got response for addr 0xc4a0 , 50336
105044000: system.memobj: size 0x8
105044000: system.memobj: id 94061724545840
105044000: system.memobj: data_hex : 4889401848894010 
105044000: system.memobj: data : 0100100010001001010000000001100001001000100010010100000000010000 
105044000: system.memobj: fix data : 0100100010001001010000000001100001001000100010010100000000010000 
105044000: system.memobj: -------------------------------------
105044000: system.memobj: cpu->mem Got request for addr 0x92cc0 , 601280
105044000: system.memobj: size 0x8
105044000: system.memobj: id 94061724546128
105044000: system.memobj: data_hex : A82C590000000000 
105044000: system.memobj: data : 1010100000101100010110010000000000000000000000000000000000000000 
105044000: system.memobj: hamming code addr: 601280 
105044000: system.memobj: hamming code : 12 
105044000: system.memobj: hamming code addr: 601288 
105044000: system.memobj: hamming code : 5 
105044000: system.memobj: hamming code addr: 601296 
105044000: system.memobj: hamming code : 7 
105044000: system.memobj: hamming code addr: 601304 
105044000: system.memobj: hamming code : 0 
105044000: system.memobj: hamming code addr: 601312 
105044000: system.memobj: hamming code : 0 
105044000: system.memobj: hamming code addr: 601320 
105044000: system.memobj: hamming code : 0 
105044000: system.memobj: hamming code addr: 601328 
105044000: system.memobj: hamming code : 0 
105044000: system.memobj: hamming code addr: 601336 
105044000: system.memobj: hamming code : 0 
105044000: system.memobj: Enter Error Bit index: 2 
105044000: system.memobj: flip data : 1110100000101100010110010000000000000000000000000000000000000000 
105044000: system.memobj: -------------------------------------
105114000: system.memobj: mem->cpu Got response for addr 0xc4a0 , 50336
105114000: system.memobj: size 0x8
105114000: system.memobj: id 94061724546128
105114000: system.memobj: data_hex : 4889401848894010 
105114000: system.memobj: data : 0100100010001001010000000001100001001000100010010100000000010000 
105114000: system.memobj: fix data : 0100100010001001010000000001100001001000100010010100000000010000 
105114000: system.memobj: -------------------------------------
105114000: system.memobj: cpu->mem Got request for addr 0x92cb8 , 601272
105114000: system.memobj: size 0x8
105114000: system.memobj: id 94061724545840
105114000: system.memobj: data_hex : A82C590000000000 
105114000: system.memobj: data : 1010100000101100010110010000000000000000000000000000000000000000 
105114000: system.memobj: hamming code addr: 601272 
105114000: system.memobj: hamming code : 12 
105114000: system.memobj: hamming code addr: 601280 
105114000: system.memobj: hamming code : 5 
105114000: system.memobj: hamming code addr: 601288 
105114000: system.memobj: hamming code : 7 
105114000: system.memobj: hamming code addr: 601296 
105114000: system.memobj: hamming code : 0 
105114000: system.memobj: hamming code addr: 601304 
105114000: system.memobj: hamming code : 0 
105114000: system.memobj: hamming code addr: 601312 
105114000: system.memobj: hamming code : 0 
105114000: system.memobj: hamming code addr: 601320 
105114000: system.memobj: hamming code : 0 
105114000: system.memobj: hamming code addr: 601328 
105114000: system.memobj: hamming code : 0 
105114000: system.memobj: Enter Error Bit index: 1 
105114000: system.memobj: flip data : 0010100000101100010110010000000000000000000000000000000000000000 
105114000: system.memobj: -------------------------------------
105184000: system.memobj: mem->cpu Got response for addr 0xc4a8 , 50344
105184000: system.memobj: size 0x8
105184000: system.memobj: id 94061724545840
105184000: system.memobj: data_hex : 4883C010FFCA79F0 
105184000: system.memobj: data : 0100100010000011110000000001000011111111110010100111100111110000 
105184000: system.memobj: fix data : 0100100010000011110000000001000011111111110010100111100111110000 
105184000: system.memobj: -------------------------------------
105233000: system.memobj: mem->cpu Got response for addr 0xc4a8 , 50344
105233000: system.memobj: size 0x8
105233000: system.memobj: id 94061724546128
105233000: system.memobj: data_hex : 4883C010FFCA79F0 
105233000: system.memobj: data : 0100100010000011110000000001000011111111110010100111100111110000 
105233000: system.memobj: fix data : 0100100010000011110000000001000011111111110010100111100111110000 
105233000: system.memobj: -------------------------------------
105296000: system.memobj: mem->cpu Got response for addr 0xc4a8 , 50344
105296000: system.memobj: size 0x8
105296000: system.memobj: id 94061724545840
105296000: system.memobj: data_hex : 4883C010FFCA79F0 
105296000: system.memobj: data : 0100100010000011110000000001000011111111110010100111100111110000 
105296000: system.memobj: fix data : 0100100010000011110000000001000011111111110010100111100111110000 
105296000: system.memobj: -------------------------------------
105345000: system.memobj: mem->cpu Got response for addr 0xc4a0 , 50336
105345000: system.memobj: size 0x8
105345000: system.memobj: id 94061724546128
105345000: system.memobj: data_hex : 4889401848894010 
105345000: system.memobj: data : 0100100010001001010000000001100001001000100010010100000000010000 
105345000: system.memobj: fix data : 0100100010001001010000000001100001001000100010010100000000010000 
105345000: system.memobj: -------------------------------------
105345000: system.memobj: cpu->mem Got request for addr 0x92cd0 , 601296
105345000: system.memobj: size 0x8
105345000: system.memobj: id 94061724545840
105345000: system.memobj: data_hex : B82C590000000000 
105345000: system.memobj: data : 1011100000101100010110010000000000000000000000000000000000000000 
105345000: system.memobj: hamming code addr: 601296 
105345000: system.memobj: hamming code : 11 
105345000: system.memobj: hamming code addr: 601304 
105345000: system.memobj: hamming code : 5 
105345000: system.memobj: hamming code addr: 601312 
105345000: system.memobj: hamming code : 7 
105345000: system.memobj: hamming code addr: 601320 
105345000: system.memobj: hamming code : 0 
105345000: system.memobj: hamming code addr: 601328 
105345000: system.memobj: hamming code : 0 
105345000: system.memobj: hamming code addr: 601336 
105345000: system.memobj: hamming code : 0 
105345000: system.memobj: hamming code addr: 601344 
105345000: system.memobj: hamming code : 0 
105345000: system.memobj: hamming code addr: 601352 
105345000: system.memobj: hamming code : 0 
105345000: system.memobj: Enter Error Bit index: 3 
105345000: system.memobj: flip data : 1001100000101100010110010000000000000000000000000000000000000000 
105345000: system.memobj: -------------------------------------
105415000: system.memobj: mem->cpu Got response for addr 0xc4a0 , 50336
105415000: system.memobj: size 0x8
105415000: system.memobj: id 94061724545840
105415000: system.memobj: data_hex : 4889401848894010 
105415000: system.memobj: data : 0100100010001001010000000001100001001000100010010100000000010000 
105415000: system.memobj: fix data : 0100100010001001010000000001100001001000100010010100000000010000 
105415000: system.memobj: -------------------------------------
105415000: system.memobj: cpu->mem Got request for addr 0x92cc8 , 601288
105415000: system.memobj: size 0x8
105415000: system.memobj: id 94061724546128
105415000: system.memobj: data_hex : B82C590000000000 
105415000: system.memobj: data : 1011100000101100010110010000000000000000000000000000000000000000 
105415000: system.memobj: hamming code addr: 601288 
105415000: system.memobj: hamming code : 11 
105415000: system.memobj: hamming code addr: 601296 
105415000: system.memobj: hamming code : 5 
105415000: system.memobj: hamming code addr: 601304 
105415000: system.memobj: hamming code : 7 
105415000: system.memobj: hamming code addr: 601312 
105415000: system.memobj: hamming code : 0 
105415000: system.memobj: hamming code addr: 601320 
105415000: system.memobj: hamming code : 0 
105415000: system.memobj: hamming code addr: 601328 
105415000: system.memobj: hamming code : 0 
105415000: system.memobj: hamming code addr: 601336 
105415000: system.memobj: hamming code : 0 
105415000: system.memobj: hamming code addr: 601344 
105415000: system.memobj: hamming code : 0 
105415000: system.memobj: Enter Error Bit index: 8 
105415000: system.memobj: flip data : 1011100100101100010110010000000000000000000000000000000000000000 
105415000: system.memobj: -------------------------------------
105485000: system.memobj: mem->cpu Got response for addr 0xc4a8 , 50344
105485000: system.memobj: size 0x8
105485000: system.memobj: id 94061724546128
105485000: system.memobj: data_hex : 4883C010FFCA79F0 
105485000: system.memobj: data : 0100100010000011110000000001000011111111110010100111100111110000 
105485000: system.memobj: fix data : 0100100010000011110000000001000011111111110010100111100111110000 
105485000: system.memobj: -------------------------------------
105534000: system.memobj: mem->cpu Got response for addr 0xc4a8 , 50344
105534000: system.memobj: size 0x8
105534000: system.memobj: id 94061724545840
105534000: system.memobj: data_hex : 4883C010FFCA79F0 
105534000: system.memobj: data : 0100100010000011110000000001000011111111110010100111100111110000 
105534000: system.memobj: fix data : 0100100010000011110000000001000011111111110010100111100111110000 
105534000: system.memobj: -------------------------------------
105583000: system.memobj: mem->cpu Got response for addr 0xc4a8 , 50344
105583000: system.memobj: size 0x8
105583000: system.memobj: id 94061724546128
105583000: system.memobj: data_hex : 4883C010FFCA79F0 
105583000: system.memobj: data : 0100100010000011110000000001000011111111110010100111100111110000 
105583000: system.memobj: fix data : 0100100010000011110000000001000011111111110010100111100111110000 
105583000: system.memobj: -------------------------------------
105632000: system.memobj: mem->cpu Got response for addr 0xc4a0 , 50336
105632000: system.memobj: size 0x8
105632000: system.memobj: id 94061724545840
105632000: system.memobj: data_hex : 4889401848894010 
105632000: system.memobj: data : 0100100010001001010000000001100001001000100010010100000000010000 
105632000: system.memobj: fix data : 0100100010001001010000000001100001001000100010010100000000010000 
105632000: system.memobj: -------------------------------------
105632000: system.memobj: cpu->mem Got request for addr 0x92ce0 , 601312
105632000: system.memobj: size 0x8
105632000: system.memobj: id 94061724546128
105632000: system.memobj: data_hex : C82C590000000000 
105632000: system.memobj: data : 1100100000101100010110010000000000000000000000000000000000000000 
105632000: system.memobj: hamming code addr: 601312 
105632000: system.memobj: hamming code : 15 
105632000: system.memobj: hamming code addr: 601320 
105632000: system.memobj: hamming code : 5 
105632000: system.memobj: hamming code addr: 601328 
105632000: system.memobj: hamming code : 7 
105632000: system.memobj: hamming code addr: 601336 
105632000: system.memobj: hamming code : 0 
105632000: system.memobj: hamming code addr: 601344 
105632000: system.memobj: hamming code : 0 
105632000: system.memobj: hamming code addr: 601352 
105632000: system.memobj: hamming code : 0 
105632000: system.memobj: hamming code addr: 601360 
105632000: system.memobj: hamming code : 0 
105632000: system.memobj: hamming code addr: 601368 
105632000: system.memobj: hamming code : 0 
105632000: system.memobj: Enter Error Bit index: 5 
105632000: system.memobj: flip data : 1100000000101100010110010000000000000000000000000000000000000000 
105632000: system.memobj: -------------------------------------
105702000: system.memobj: mem->cpu Got response for addr 0xc4a0 , 50336
105702000: system.memobj: size 0x8
105702000: system.memobj: id 94061724546128
105702000: system.memobj: data_hex : 4889401848894010 
105702000: system.memobj: data : 0100100010001001010000000001100001001000100010010100000000010000 
105702000: system.memobj: fix data : 0100100010001001010000000001100001001000100010010100000000010000 
105702000: system.memobj: -------------------------------------
105702000: system.memobj: cpu->mem Got request for addr 0x92cd8 , 601304
105702000: system.memobj: size 0x8
105702000: system.memobj: id 94061724545840
105702000: system.memobj: data_hex : C82C590000000000 
105702000: system.memobj: data : 1100100000101100010110010000000000000000000000000000000000000000 
105702000: system.memobj: hamming code addr: 601304 
105702000: system.memobj: hamming code : 15 
105702000: system.memobj: hamming code addr: 601312 
105702000: system.memobj: hamming code : 5 
105702000: system.memobj: hamming code addr: 601320 
105702000: system.memobj: hamming code : 7 
105702000: system.memobj: hamming code addr: 601328 
105702000: system.memobj: hamming code : 0 
105702000: system.memobj: hamming code addr: 601336 
105702000: system.memobj: hamming code : 0 
105702000: system.memobj: hamming code addr: 601344 
105702000: system.memobj: hamming code : 0 
105702000: system.memobj: hamming code addr: 601352 
105702000: system.memobj: hamming code : 0 
105702000: system.memobj: hamming code addr: 601360 
105702000: system.memobj: hamming code : 0 
105702000: system.memobj: Enter Error Bit index: 7 
105702000: system.memobj: flip data : 1100101000101100010110010000000000000000000000000000000000000000 
105702000: system.memobj: -------------------------------------
105772000: system.memobj: mem->cpu Got response for addr 0xc4a8 , 50344
105772000: system.memobj: size 0x8
105772000: system.memobj: id 94061724545840
105772000: system.memobj: data_hex : 4883C010FFCA79F0 
105772000: system.memobj: data : 0100100010000011110000000001000011111111110010100111100111110000 
105772000: system.memobj: fix data : 0100100010000011110000000001000011111111110010100111100111110000 
105772000: system.memobj: -------------------------------------
105821000: system.memobj: mem->cpu Got response for addr 0xc4a8 , 50344
105821000: system.memobj: size 0x8
105821000: system.memobj: id 94061724546128
105821000: system.memobj: data_hex : 4883C010FFCA79F0 
105821000: system.memobj: data : 0100100010000011110000000001000011111111110010100111100111110000 
105821000: system.memobj: fix data : 0100100010000011110000000001000011111111110010100111100111110000 
105821000: system.memobj: -------------------------------------
105870000: system.memobj: mem->cpu Got response for addr 0xc4a8 , 50344
105870000: system.memobj: size 0x8
105870000: system.memobj: id 94061724545840
105870000: system.memobj: data_hex : 4883C010FFCA79F0 
105870000: system.memobj: data : 0100100010000011110000000001000011111111110010100111100111110000 
105870000: system.memobj: fix data : 0100100010000011110000000001000011111111110010100111100111110000 
105870000: system.memobj: -------------------------------------
105919000: system.memobj: mem->cpu Got response for addr 0xc4a0 , 50336
105919000: system.memobj: size 0x8
105919000: system.memobj: id 94061724546128
105919000: system.memobj: data_hex : 4889401848894010 
105919000: system.memobj: data : 0100100010001001010000000001100001001000100010010100000000010000 
105919000: system.memobj: fix data : 0100100010001001010000000001100001001000100010010100000000010000 
105919000: system.memobj: -------------------------------------
105919000: system.memobj: cpu->mem Got request for addr 0x92cf0 , 601328
105919000: system.memobj: size 0x8
105919000: system.memobj: id 94061724545840
105919000: system.memobj: data_hex : D82C590000000000 
105919000: system.memobj: data : 1101100000101100010110010000000000000000000000000000000000000000 
105919000: system.memobj: hamming code addr: 601328 
105919000: system.memobj: hamming code : 8 
105919000: system.memobj: hamming code addr: 601336 
105919000: system.memobj: hamming code : 5 
105919000: system.memobj: hamming code addr: 601344 
105919000: system.memobj: hamming code : 7 
105919000: system.memobj: hamming code addr: 601352 
105919000: system.memobj: hamming code : 0 
105919000: system.memobj: hamming code addr: 601360 
105919000: system.memobj: hamming code : 0 
105919000: system.memobj: hamming code addr: 601368 
105919000: system.memobj: hamming code : 0 
105919000: system.memobj: hamming code addr: 601376 
105919000: system.memobj: hamming code : 0 
105919000: system.memobj: hamming code addr: 601384 
105919000: system.memobj: hamming code : 0 
105919000: system.memobj: Enter Error Bit index: 4 
105919000: system.memobj: flip data : 1100100000101100010110010000000000000000000000000000000000000000 
105919000: system.memobj: -------------------------------------
105989000: system.memobj: mem->cpu Got response for addr 0xc4a0 , 50336
105989000: system.memobj: size 0x8
105989000: system.memobj: id 94061724545840
105989000: system.memobj: data_hex : 4889401848894010 
105989000: system.memobj: data : 0100100010001001010000000001100001001000100010010100000000010000 
105989000: system.memobj: fix data : 0100100010001001010000000001100001001000100010010100000000010000 
105989000: system.memobj: -------------------------------------
105989000: system.memobj: cpu->mem Got request for addr 0x92ce8 , 601320
105989000: system.memobj: size 0x8
105989000: system.memobj: id 94061724546128
105989000: system.memobj: data_hex : D82C590000000000 
105989000: system.memobj: data : 1101100000101100010110010000000000000000000000000000000000000000 
105989000: system.memobj: hamming code addr: 601320 
105989000: system.memobj: hamming code : 8 
105989000: system.memobj: hamming code addr: 601328 
105989000: system.memobj: hamming code : 5 
105989000: system.memobj: hamming code addr: 601336 
105989000: system.memobj: hamming code : 7 
105989000: system.memobj: hamming code addr: 601344 
105989000: system.memobj: hamming code : 0 
105989000: system.memobj: hamming code addr: 601352 
105989000: system.memobj: hamming code : 0 
105989000: system.memobj: hamming code addr: 601360 
105989000: system.memobj: hamming code : 0 
105989000: system.memobj: hamming code addr: 601368 
105989000: system.memobj: hamming code : 0 
105989000: system.memobj: hamming code addr: 601376 
105989000: system.memobj: hamming code : 0 
105989000: system.memobj: Enter Error Bit index: 5 
105989000: system.memobj: flip data : 1101000000101100010110010000000000000000000000000000000000000000 
105989000: system.memobj: -------------------------------------
106059000: system.memobj: mem->cpu Got response for addr 0xc4a8 , 50344
106059000: system.memobj: size 0x8
106059000: system.memobj: id 94061724546128
106059000: system.memobj: data_hex : 4883C010FFCA79F0 
106059000: system.memobj: data : 0100100010000011110000000001000011111111110010100111100111110000 
106059000: system.memobj: fix data : 0100100010000011110000000001000011111111110010100111100111110000 
106059000: system.memobj: -------------------------------------
106108000: system.memobj: mem->cpu Got response for addr 0xc4a8 , 50344
106108000: system.memobj: size 0x8
106108000: system.memobj: id 94061724545840
106108000: system.memobj: data_hex : 4883C010FFCA79F0 
106108000: system.memobj: data : 0100100010000011110000000001000011111111110010100111100111110000 
106108000: system.memobj: fix data : 0100100010000011110000000001000011111111110010100111100111110000 
106108000: system.memobj: -------------------------------------
106157000: system.memobj: mem->cpu Got response for addr 0xc4a8 , 50344
106157000: system.memobj: size 0x8
106157000: system.memobj: id 94061724546128
106157000: system.memobj: data_hex : 4883C010FFCA79F0 
106157000: system.memobj: data : 0100100010000011110000000001000011111111110010100111100111110000 
106157000: system.memobj: fix data : 0100100010000011110000000001000011111111110010100111100111110000 
106157000: system.memobj: -------------------------------------
106220000: system.memobj: mem->cpu Got response for addr 0xc4a0 , 50336
106220000: system.memobj: size 0x8
106220000: system.memobj: id 94061724545840
106220000: system.memobj: data_hex : 4889401848894010 
106220000: system.memobj: data : 0100100010001001010000000001100001001000100010010100000000010000 
106220000: system.memobj: fix data : 0100100010001001010000000001100001001000100010010100000000010000 
106220000: system.memobj: -------------------------------------
106220000: system.memobj: cpu->mem Got request for addr 0x92d00 , 601344
106220000: system.memobj: size 0x8
106220000: system.memobj: id 94061724546128
106220000: system.memobj: data_hex : E82C590000000000 
106220000: system.memobj: data : 1110100000101100010110010000000000000000000000000000000000000000 
106220000: system.memobj: hamming code addr: 601344 
106220000: system.memobj: hamming code : 9 
106220000: system.memobj: hamming code addr: 601352 
106220000: system.memobj: hamming code : 5 
106220000: system.memobj: hamming code addr: 601360 
106220000: system.memobj: hamming code : 7 
106220000: system.memobj: hamming code addr: 601368 
106220000: system.memobj: hamming code : 0 
106220000: system.memobj: hamming code addr: 601376 
106220000: system.memobj: hamming code : 0 
106220000: system.memobj: hamming code addr: 601384 
106220000: system.memobj: hamming code : 0 
106220000: system.memobj: hamming code addr: 601392 
106220000: system.memobj: hamming code : 0 
106220000: system.memobj: hamming code addr: 601400 
106220000: system.memobj: hamming code : 0 
106220000: system.memobj: Enter Error Bit index: 2 
106220000: system.memobj: flip data : 1010100000101100010110010000000000000000000000000000000000000000 
106220000: system.memobj: -------------------------------------
106290000: system.memobj: mem->cpu Got response for addr 0xc4a0 , 50336
106290000: system.memobj: size 0x8
106290000: system.memobj: id 94061724546128
106290000: system.memobj: data_hex : 4889401848894010 
106290000: system.memobj: data : 0100100010001001010000000001100001001000100010010100000000010000 
106290000: system.memobj: fix data : 0100100010001001010000000001100001001000100010010100000000010000 
106290000: system.memobj: -------------------------------------
106290000: system.memobj: cpu->mem Got request for addr 0x92cf8 , 601336
106290000: system.memobj: size 0x8
106290000: system.memobj: id 94061724545840
106290000: system.memobj: data_hex : E82C590000000000 
106290000: system.memobj: data : 1110100000101100010110010000000000000000000000000000000000000000 
106290000: system.memobj: hamming code addr: 601336 
106290000: system.memobj: hamming code : 9 
106290000: system.memobj: hamming code addr: 601344 
106290000: system.memobj: hamming code : 5 
106290000: system.memobj: hamming code addr: 601352 
106290000: system.memobj: hamming code : 7 
106290000: system.memobj: hamming code addr: 601360 
106290000: system.memobj: hamming code : 0 
106290000: system.memobj: hamming code addr: 601368 
106290000: system.memobj: hamming code : 0 
106290000: system.memobj: hamming code addr: 601376 
106290000: system.memobj: hamming code : 0 
106290000: system.memobj: hamming code addr: 601384 
106290000: system.memobj: hamming code : 0 
106290000: system.memobj: hamming code addr: 601392 
106290000: system.memobj: hamming code : 0 
106290000: system.memobj: Enter Error Bit index: 6 
106290000: system.memobj: flip data : 1110110000101100010110010000000000000000000000000000000000000000 
106290000: system.memobj: -------------------------------------
106360000: system.memobj: mem->cpu Got response for addr 0xc4a8 , 50344
106360000: system.memobj: size 0x8
106360000: system.memobj: id 94061724545840
106360000: system.memobj: data_hex : 4883C010FFCA79F0 
106360000: system.memobj: data : 0100100010000011110000000001000011111111110010100111100111110000 
106360000: system.memobj: fix data : 0100100010000011110000000001000011111111110010100111100111110000 
106360000: system.memobj: -------------------------------------
106409000: system.memobj: mem->cpu Got response for addr 0xc4a8 , 50344
106409000: system.memobj: size 0x8
106409000: system.memobj: id 94061724546128
106409000: system.memobj: data_hex : 4883C010FFCA79F0 
106409000: system.memobj: data : 0100100010000011110000000001000011111111110010100111100111110000 
106409000: system.memobj: fix data : 0100100010000011110000000001000011111111110010100111100111110000 
106409000: system.memobj: -------------------------------------
106458000: system.memobj: mem->cpu Got response for addr 0xc4a8 , 50344
106458000: system.memobj: size 0x8
106458000: system.memobj: id 94061724545840
106458000: system.memobj: data_hex : 4883C010FFCA79F0 
106458000: system.memobj: data : 0100100010000011110000000001000011111111110010100111100111110000 
106458000: system.memobj: fix data : 0100100010000011110000000001000011111111110010100111100111110000 
106458000: system.memobj: -------------------------------------
106507000: system.memobj: mem->cpu Got response for addr 0xc4a0 , 50336
106507000: system.memobj: size 0x8
106507000: system.memobj: id 94061724546128
106507000: system.memobj: data_hex : 4889401848894010 
106507000: system.memobj: data : 0100100010001001010000000001100001001000100010010100000000010000 
106507000: system.memobj: fix data : 0100100010001001010000000001100001001000100010010100000000010000 
106507000: system.memobj: -------------------------------------
106507000: system.memobj: cpu->mem Got request for addr 0x92d10 , 601360
106507000: system.memobj: size 0x8
106507000: system.memobj: id 94061724545840
106507000: system.memobj: data_hex : F82C590000000000 
106507000: system.memobj: data : 1111100000101100010110010000000000000000000000000000000000000000 
106507000: system.memobj: hamming code addr: 601360 
106507000: system.memobj: hamming code : 14 
106507000: system.memobj: hamming code addr: 601368 
106507000: system.memobj: hamming code : 5 
106507000: system.memobj: hamming code addr: 601376 
106507000: system.memobj: hamming code : 7 
106507000: system.memobj: hamming code addr: 601384 
106507000: system.memobj: hamming code : 0 
106507000: system.memobj: hamming code addr: 601392 
106507000: system.memobj: hamming code : 0 
106507000: system.memobj: hamming code addr: 601400 
106507000: system.memobj: hamming code : 0 
106507000: system.memobj: hamming code addr: 601408 
106507000: system.memobj: hamming code : 0 
106507000: system.memobj: hamming code addr: 601416 
106507000: system.memobj: hamming code : 0 
106507000: system.memobj: Enter Error Bit index: 6 
106507000: system.memobj: flip data : 1111110000101100010110010000000000000000000000000000000000000000 
106507000: system.memobj: -------------------------------------
106577000: system.memobj: mem->cpu Got response for addr 0xc4a0 , 50336
106577000: system.memobj: size 0x8
106577000: system.memobj: id 94061724545840
106577000: system.memobj: data_hex : 4889401848894010 
106577000: system.memobj: data : 0100100010001001010000000001100001001000100010010100000000010000 
106577000: system.memobj: fix data : 0100100010001001010000000001100001001000100010010100000000010000 
106577000: system.memobj: -------------------------------------
106577000: system.memobj: cpu->mem Got request for addr 0x92d08 , 601352
106577000: system.memobj: size 0x8
106577000: system.memobj: id 94061724546128
106577000: system.memobj: data_hex : F82C590000000000 
106577000: system.memobj: data : 1111100000101100010110010000000000000000000000000000000000000000 
106577000: system.memobj: hamming code addr: 601352 
106577000: system.memobj: hamming code : 14 
106577000: system.memobj: hamming code addr: 601360 
106577000: system.memobj: hamming code : 5 
106577000: system.memobj: hamming code addr: 601368 
106577000: system.memobj: hamming code : 7 
106577000: system.memobj: hamming code addr: 601376 
106577000: system.memobj: hamming code : 0 
106577000: system.memobj: hamming code addr: 601384 
106577000: system.memobj: hamming code : 0 
106577000: system.memobj: hamming code addr: 601392 
106577000: system.memobj: hamming code : 0 
106577000: system.memobj: hamming code addr: 601400 
106577000: system.memobj: hamming code : 0 
106577000: system.memobj: hamming code addr: 601408 
106577000: system.memobj: hamming code : 0 
106577000: system.memobj: Enter Error Bit index: 8 
106577000: system.memobj: flip data : 1111100100101100010110010000000000000000000000000000000000000000 
106577000: system.memobj: -------------------------------------
106647000: system.memobj: mem->cpu Got response for addr 0xc4a8 , 50344
106647000: system.memobj: size 0x8
106647000: system.memobj: id 94061724546128
106647000: system.memobj: data_hex : 4883C010FFCA79F0 
106647000: system.memobj: data : 0100100010000011110000000001000011111111110010100111100111110000 
106647000: system.memobj: fix data : 0100100010000011110000000001000011111111110010100111100111110000 
106647000: system.memobj: -------------------------------------
106696000: system.memobj: mem->cpu Got response for addr 0xc4a8 , 50344
106696000: system.memobj: size 0x8
106696000: system.memobj: id 94061724545840
106696000: system.memobj: data_hex : 4883C010FFCA79F0 
106696000: system.memobj: data : 0100100010000011110000000001000011111111110010100111100111110000 
106696000: system.memobj: fix data : 0100100010000011110000000001000011111111110010100111100111110000 
106696000: system.memobj: -------------------------------------
106745000: system.memobj: mem->cpu Got response for addr 0xc4a8 , 50344
106745000: system.memobj: size 0x8
106745000: system.memobj: id 94061724546128
106745000: system.memobj: data_hex : 4883C010FFCA79F0 
106745000: system.memobj: data : 0100100010000011110000000001000011111111110010100111100111110000 
106745000: system.memobj: fix data : 0100100010000011110000000001000011111111110010100111100111110000 
106745000: system.memobj: -------------------------------------
106794000: system.memobj: mem->cpu Got response for addr 0xc4b0 , 50352
106794000: system.memobj: size 0x8
106794000: system.memobj: id 94061724545840
106794000: system.memobj: data_hex : 4881FF8024590074 
106794000: system.memobj: data : 0100100010000001111111111000000000100100010110010000000001110100 
106794000: system.memobj: fix data : 0100100010000001111111111000000000100100010110010000000001110100 
106794000: system.memobj: -------------------------------------
106843000: system.memobj: mem->cpu Got response for addr 0xc4b0 , 50352
106843000: system.memobj: size 0x8
106843000: system.memobj: id 94061724546128
106843000: system.memobj: data_hex : 4881FF8024590074 
106843000: system.memobj: data : 0100100010000001111111111000000000100100010110010000000001110100 
106843000: system.memobj: fix data : 0100100010000001111111111000000000100100010110010000000001110100 
106843000: system.memobj: -------------------------------------
106892000: system.memobj: mem->cpu Got response for addr 0xc4b8 , 50360
106892000: system.memobj: size 0x8
106892000: system.memobj: id 94061724545840
106892000: system.memobj: data_hex : 22488B47284883C8 
106892000: system.memobj: data : 0010001001001000100010110100011100101000010010001000001111001000 
106892000: system.memobj: fix data : 0010001001001000100010110100011100101000010010001000001111001000 
106892000: system.memobj: -------------------------------------
106941000: system.memobj: mem->cpu Got response for addr 0xc4d8 , 50392
106941000: system.memobj: size 0x8
106941000: system.memobj: id 94061724546128
106941000: system.memobj: data_hex : 0000C3488B05C65F 
106941000: system.memobj: data : 0000000000000000110000110100100010001011000001011100011001011111 
106941000: system.memobj: fix data : 0000000000000000110000110100100010001011000001011100011001011111 
106941000: system.memobj: -------------------------------------
106990000: system.memobj: mem->cpu Got response for addr 0xc4e0 , 50400
106990000: system.memobj: size 0x8
106990000: system.memobj: id 94061724545840
106990000: system.memobj: data_hex : 180083E0024883C8 
106990000: system.memobj: data : 0001100000000000100000111110000000000010010010001000001111001000 
106990000: system.memobj: fix data : 0001100000000000100000111110000000000010010010001000001111001000 
106990000: system.memobj: -------------------------------------
107053000: system.memobj: mem->cpu Got response for addr 0x924a8 , 599208
107053000: system.memobj: size 0x8
107053000: system.memobj: id 94061724546416
107053000: system.memobj: data_hex : 0000000000000000 
107053000: system.memobj: data : 0000000000000000000000000000000000000000000000000000000000000000 
107053000: system.memobj: fix data : 0000000000000000000000000000000000000000000000000000000000000000 
107053000: system.memobj: -------------------------------------
107102000: system.memobj: mem->cpu Got response for addr 0xc4e0 , 50400
107102000: system.memobj: size 0x8
107102000: system.memobj: id 94061724546416
107102000: system.memobj: data_hex : 180083E0024883C8 
107102000: system.memobj: data : 0001100000000000100000111110000000000010010010001000001111001000 
107102000: system.memobj: fix data : 0001100000000000100000111110000000000010010010001000001111001000 
107102000: system.memobj: -------------------------------------
107165000: system.memobj: mem->cpu Got response for addr 0xc4e0 , 50400
107165000: system.memobj: size 0x8
107165000: system.memobj: id 94061724545840
107165000: system.memobj: data_hex : 180083E0024883C8 
107165000: system.memobj: data : 0001100000000000100000111110000000000010010010001000001111001000 
107165000: system.memobj: fix data : 0001100000000000100000111110000000000010010010001000001111001000 
107165000: system.memobj: -------------------------------------
107214000: system.memobj: mem->cpu Got response for addr 0xc4e8 , 50408
107214000: system.memobj: size 0x8
107214000: system.memobj: id 94061724546416
107214000: system.memobj: data_hex : 5148894728488D87 
107214000: system.memobj: data : 0101000101001000100010010100011100101000010010001000110110000111 
107214000: system.memobj: fix data : 0101000101001000100010010100011100101000010010001000110110000111 
107214000: system.memobj: -------------------------------------
107263000: system.memobj: mem->cpu Got response for addr 0xc4e8 , 50408
107263000: system.memobj: size 0x8
107263000: system.memobj: id 94061724545840
107263000: system.memobj: data_hex : 5148894728488D87 
107263000: system.memobj: data : 0101000101001000100010010100011100101000010010001000110110000111 
107263000: system.memobj: fix data : 0101000101001000100010010100011100101000010010001000110110000111 
107263000: system.memobj: -------------------------------------
107263000: system.memobj: cpu->mem Got request for addr 0x924a8 , 599208
107263000: system.memobj: size 0x8
107263000: system.memobj: id 94061724546704
107263000: system.memobj: data_hex : 5100000000000000 
107263000: system.memobj: data : 0101000100000000000000000000000000000000000000000000000000000000 
107263000: system.memobj: hamming code addr: 599208 
107263000: system.memobj: hamming code : 14 
107263000: system.memobj: hamming code addr: 599216 
107263000: system.memobj: hamming code : 0 
107263000: system.memobj: hamming code addr: 599224 
107263000: system.memobj: hamming code : 0 
107263000: system.memobj: hamming code addr: 599232 
107263000: system.memobj: hamming code : 0 
107263000: system.memobj: hamming code addr: 599240 
107263000: system.memobj: hamming code : 0 
107263000: system.memobj: hamming code addr: 599248 
107263000: system.memobj: hamming code : 0 
107263000: system.memobj: hamming code addr: 599256 
107263000: system.memobj: hamming code : 0 
107263000: system.memobj: hamming code addr: 599264 
107263000: system.memobj: hamming code : 0 
107263000: system.memobj: Enter Error Bit index: 1 
107263000: system.memobj: flip data : 1101000100000000000000000000000000000000000000000000000000000000 
107263000: system.memobj: -------------------------------------
107333000: system.memobj: mem->cpu Got response for addr 0xc4e8 , 50408
107333000: system.memobj: size 0x8
107333000: system.memobj: id 94061724546704
107333000: system.memobj: data_hex : 5148894728488D87 
107333000: system.memobj: data : 0101000101001000100010010100011100101000010010001000110110000111 
107333000: system.memobj: fix data : 0101000101001000100010010100011100101000010010001000110110000111 
107333000: system.memobj: -------------------------------------
107382000: system.memobj: mem->cpu Got response for addr 0xc4f0 , 50416
107382000: system.memobj: size 0x8
107382000: system.memobj: id 94061724545840
107382000: system.memobj: data_hex : 9800000048898788 
107382000: system.memobj: data : 1001100000000000000000000000000001001000100010011000011110001000 
107382000: system.memobj: fix data : 1001100000000000000000000000000001001000100010011000011110001000 
107382000: system.memobj: -------------------------------------
107431000: system.memobj: mem->cpu Got response for addr 0xc4f0 , 50416
107431000: system.memobj: size 0x8
107431000: system.memobj: id 94061724546704
107431000: system.memobj: data_hex : 9800000048898788 
107431000: system.memobj: data : 1001100000000000000000000000000001001000100010011000011110001000 
107431000: system.memobj: fix data : 1001100000000000000000000000000001001000100010011000011110001000 
107431000: system.memobj: -------------------------------------
107480000: system.memobj: mem->cpu Got response for addr 0xc4f8 , 50424
107480000: system.memobj: size 0x8
107480000: system.memobj: id 94061724545840
107480000: system.memobj: data_hex : 000000C366666690 
107480000: system.memobj: data : 0000000000000000000000001100001101100110011001100110011010010000 
107480000: system.memobj: fix data : 0000000000000000000000001100001101100110011001100110011010010000 
107480000: system.memobj: -------------------------------------
107480000: system.memobj: cpu->mem Got request for addr 0x92508 , 599304
107480000: system.memobj: size 0x8
107480000: system.memobj: id 94061724546992
107480000: system.memobj: data_hex : 1825590000000000 
107480000: system.memobj: data : 0001100000100101010110010000000000000000000000000000000000000000 
107480000: system.memobj: hamming code addr: 599304 
107480000: system.memobj: hamming code : 14 
107480000: system.memobj: hamming code addr: 599312 
107480000: system.memobj: hamming code : 0 
107480000: system.memobj: hamming code addr: 599320 
107480000: system.memobj: hamming code : 7 
107480000: system.memobj: hamming code addr: 599328 
107480000: system.memobj: hamming code : 0 
107480000: system.memobj: hamming code addr: 599336 
107480000: system.memobj: hamming code : 0 
107480000: system.memobj: hamming code addr: 599344 
107480000: system.memobj: hamming code : 0 
107480000: system.memobj: hamming code addr: 599352 
107480000: system.memobj: hamming code : 0 
107480000: system.memobj: hamming code addr: 599360 
107480000: system.memobj: hamming code : 0 
107480000: system.memobj: Enter Error Bit index: 6 
107480000: system.memobj: flip data : 0001110000100101010110010000000000000000000000000000000000000000 
107480000: system.memobj: -------------------------------------
107550000: system.memobj: mem->cpu Got response for addr 0xc4f8 , 50424
107550000: system.memobj: size 0x8
107550000: system.memobj: id 94061724546992
107550000: system.memobj: data_hex : 000000C366666690 
107550000: system.memobj: data : 0000000000000000000000001100001101100110011001100110011010010000 
107550000: system.memobj: fix data : 0000000000000000000000001100001101100110011001100110011010010000 
107550000: system.memobj: -------------------------------------
107613000: system.memobj: mem->cpu Got response for addr 0x949d8 , 608728
107613000: system.memobj: size 0x8
107613000: system.memobj: id 94061724545840
107613000: system.memobj: data_hex : 84E0400000000000 
107613000: system.memobj: data : 1000010011100000010000000000000000000000000000000000000000000000 
107613000: system.memobj: hamming code addr: 608728 
107613000: system.memobj: hamming code out: 14 
107613000: system.memobj: find Error Bit index : 4 
107613000: system.memobj: hamming code addr: 608736 
107613000: system.memobj: hamming code out: 0 
107613000: system.memobj: hamming code addr: 608744 
107613000: system.memobj: hamming code out: 5 
107613000: system.memobj: hamming code addr: 608752 
107613000: system.memobj: hamming code out: 0 
107613000: system.memobj: hamming code addr: 608760 
107613000: system.memobj: hamming code out: 0 
107613000: system.memobj: hamming code addr: 608768 
107613000: system.memobj: hamming code out: 0 
107613000: system.memobj: hamming code addr: 608776 
107613000: system.memobj: hamming code out: 0 
107613000: system.memobj: hamming code addr: 608784 
107613000: system.memobj: hamming code out: 0 
107613000: system.memobj: fix data : 1001010011100000010000000000000000000000000000000000000000000000 
107613000: system.memobj: -------------------------------------
107676000: system.memobj: mem->cpu Got response for addr 0xe090 , 57488
107676000: system.memobj: size 0x8
107676000: system.memobj: id 94061724545840
107676000: system.memobj: data_hex : ECF1FFFFE90BFEFF 
107676000: system.memobj: data : 1110110011110001111111111111111111101001000010111111111011111111 
107676000: system.memobj: fix data : 1110110011110001111111111111111111101001000010111111111011111111 
107676000: system.memobj: -------------------------------------
107725000: system.memobj: mem->cpu Got response for addr 0xe098 , 57496
107725000: system.memobj: size 0x8
107725000: system.memobj: id 94061724546992
107725000: system.memobj: data_hex : FF48817C2440FF01 
107725000: system.memobj: data : 1111111101001000100000010111110000100100010000001111111100000001 
107725000: system.memobj: fix data : 1111111101001000100000010111110000100100010000001111111100000001 
107725000: system.memobj: -------------------------------------
107774000: system.memobj: mem->cpu Got response for addr 0xdea0 , 56992
107774000: system.memobj: size 0x8
107774000: system.memobj: id 94061724545840
107774000: system.memobj: data_hex : E8010000488B5424 
107774000: system.memobj: data : 1110100000000001000000000000000001001000100010110101010000100100 
107774000: system.memobj: fix data : 1110100000000001000000000000000001001000100010110101010000100100 
107774000: system.memobj: -------------------------------------
107823000: system.memobj: mem->cpu Got response for addr 0xdea8 , 57000
107823000: system.memobj: size 0x8
107823000: system.memobj: id 94061724546992
107823000: system.memobj: data_hex : 40488B4C24404D8D 
107823000: system.memobj: data : 0100000001001000100010110100110000100100010000000100110110001101 
107823000: system.memobj: fix data : 0100000001001000100010110100110000100100010000000100110110001101 
107823000: system.memobj: -------------------------------------
107872000: system.memobj: mem->cpu Got response for addr 0x94a20 , 608800
107872000: system.memobj: size 0x8
107872000: system.memobj: id 94061724547280
107872000: system.memobj: data_hex : 7000000000000000 
107872000: system.memobj: data : 0111000000000000000000000000000000000000000000000000000000000000 
107872000: system.memobj: hamming code addr: 608800 
107872000: system.memobj: hamming code out: 1 
107872000: system.memobj: find Error Bit index : 2 
107872000: system.memobj: hamming code addr: 608808 
107872000: system.memobj: hamming code out: 0 
107872000: system.memobj: hamming code addr: 608816 
107872000: system.memobj: hamming code out: 0 
107872000: system.memobj: hamming code addr: 608824 
107872000: system.memobj: hamming code out: 0 
107872000: system.memobj: hamming code addr: 608832 
107872000: system.memobj: hamming code out: 0 
107872000: system.memobj: hamming code addr: 608840 
107872000: system.memobj: hamming code out: 0 
107872000: system.memobj: hamming code addr: 608848 
107872000: system.memobj: hamming code out: 0 
107872000: system.memobj: hamming code addr: 608856 
107872000: system.memobj: hamming code out: 0 
107872000: system.memobj: fix data : 0011000000000000000000000000000000000000000000000000000000000000 
107872000: system.memobj: -------------------------------------
107921000: system.memobj: mem->cpu Got response for addr 0xdea8 , 57000
107921000: system.memobj: size 0x8
107921000: system.memobj: id 94061724547280
107921000: system.memobj: data_hex : 40488B4C24404D8D 
107921000: system.memobj: data : 0100000001001000100010110100110000100100010000000100110110001101 
107921000: system.memobj: fix data : 0100000001001000100010110100110000100100010000000100110110001101 
107921000: system.memobj: -------------------------------------
107970000: system.memobj: mem->cpu Got response for addr 0x94a20 , 608800
107970000: system.memobj: size 0x8
107970000: system.memobj: id 94061724547568
107970000: system.memobj: data_hex : 7000000000000000 
107970000: system.memobj: data : 0111000000000000000000000000000000000000000000000000000000000000 
107970000: system.memobj: hamming code addr: 608800 
107970000: system.memobj: hamming code out: 1 
107970000: system.memobj: find Error Bit index : 2 
107970000: system.memobj: hamming code addr: 608808 
107970000: system.memobj: hamming code out: 0 
107970000: system.memobj: hamming code addr: 608816 
107970000: system.memobj: hamming code out: 0 
107970000: system.memobj: hamming code addr: 608824 
107970000: system.memobj: hamming code out: 0 
107970000: system.memobj: hamming code addr: 608832 
107970000: system.memobj: hamming code out: 0 
107970000: system.memobj: hamming code addr: 608840 
107970000: system.memobj: hamming code out: 0 
107970000: system.memobj: hamming code addr: 608848 
107970000: system.memobj: hamming code out: 0 
107970000: system.memobj: hamming code addr: 608856 
107970000: system.memobj: hamming code out: 0 
107970000: system.memobj: fix data : 0011000000000000000000000000000000000000000000000000000000000000 
107970000: system.memobj: -------------------------------------
108019000: system.memobj: mem->cpu Got response for addr 0xdea8 , 57000
108019000: system.memobj: size 0x8
108019000: system.memobj: id 94061724547568
108019000: system.memobj: data_hex : 40488B4C24404D8D 
108019000: system.memobj: data : 0100000001001000100010110100110000100100010000000100110110001101 
108019000: system.memobj: fix data : 0100000001001000100010110100110000100100010000000100110110001101 
108019000: system.memobj: -------------------------------------
108068000: system.memobj: mem->cpu Got response for addr 0xdeb0 , 57008
108068000: system.memobj: size 0x8
108068000: system.memobj: id 94061724547280
108068000: system.memobj: data_hex : B5980000004883CA 
108068000: system.memobj: data : 1011010110011000000000000000000000000000010010001000001111001010 
108068000: system.memobj: fix data : 1011010110011000000000000000000000000000010010001000001111001010 
108068000: system.memobj: -------------------------------------
108117000: system.memobj: mem->cpu Got response for addr 0xdeb0 , 57008
108117000: system.memobj: size 0x8
108117000: system.memobj: id 94061724547856
108117000: system.memobj: data_hex : B5980000004883CA 
108117000: system.memobj: data : 1011010110011000000000000000000000000000010010001000001111001010 
108117000: system.memobj: fix data : 1011010110011000000000000000000000000000010010001000001111001010 
108117000: system.memobj: -------------------------------------
108166000: system.memobj: mem->cpu Got response for addr 0xdeb8 , 57016
108166000: system.memobj: size 0x8
108166000: system.memobj: id 94061724547280
108166000: system.memobj: data_hex : 014883C120488954 
108166000: system.memobj: data : 0000000101001000100000111100000100100000010010001000100101010100 
108166000: system.memobj: fix data : 0000000101001000100000111100000100100000010010001000100101010100 
108166000: system.memobj: -------------------------------------
108215000: system.memobj: mem->cpu Got response for addr 0xdeb8 , 57016
108215000: system.memobj: size 0x8
108215000: system.memobj: id 94061724547856
108215000: system.memobj: data_hex : 014883C120488954 
108215000: system.memobj: data : 0000000101001000100000111100000100100000010010001000100101010100 
108215000: system.memobj: fix data : 0000000101001000100000111100000100100000010010001000100101010100 
108215000: system.memobj: -------------------------------------
108278000: system.memobj: mem->cpu Got response for addr 0xdeb8 , 57016
108278000: system.memobj: size 0x8
108278000: system.memobj: id 94061724547280
108278000: system.memobj: data_hex : 014883C120488954 
108278000: system.memobj: data : 0000000101001000100000111100000100100000010010001000100101010100 
108278000: system.memobj: fix data : 0000000101001000100000111100000100100000010010001000100101010100 
108278000: system.memobj: -------------------------------------
108327000: system.memobj: mem->cpu Got response for addr 0xdec0 , 57024
108327000: system.memobj: size 0x8
108327000: system.memobj: id 94061724547856
108327000: system.memobj: data_hex : 2438488954240848 
108327000: system.memobj: data : 0010010000111000010010001000100101010100001001000000100001001000 
108327000: system.memobj: fix data : 0010010000111000010010001000100101010100001001000000100001001000 
108327000: system.memobj: -------------------------------------
108327000: system.memobj: cpu->mem Got request for addr 0x94a18 , 608792
108327000: system.memobj: size 0x8
108327000: system.memobj: id 94061724548144
108327000: system.memobj: data_hex : 3100000000000000 
108327000: system.memobj: data : 0011000100000000000000000000000000000000000000000000000000000000 
108327000: system.memobj: hamming code addr: 608792 
108327000: system.memobj: hamming code : 13 
108327000: system.memobj: hamming code addr: 608800 
108327000: system.memobj: hamming code : 0 
108327000: system.memobj: hamming code addr: 608808 
108327000: system.memobj: hamming code : 0 
108327000: system.memobj: hamming code addr: 608816 
108327000: system.memobj: hamming code : 0 
108327000: system.memobj: hamming code addr: 608824 
108327000: system.memobj: hamming code : 0 
108327000: system.memobj: hamming code addr: 608832 
108327000: system.memobj: hamming code : 0 
108327000: system.memobj: hamming code addr: 608840 
108327000: system.memobj: hamming code : 0 
108327000: system.memobj: hamming code addr: 608848 
108327000: system.memobj: hamming code : 0 
108327000: system.memobj: Enter Error Bit index: 2 
108327000: system.memobj: flip data : 0111000100000000000000000000000000000000000000000000000000000000 
108327000: system.memobj: -------------------------------------
108397000: system.memobj: mem->cpu Got response for addr 0xdec0 , 57024
108397000: system.memobj: size 0x8
108397000: system.memobj: id 94061724548144
108397000: system.memobj: data_hex : 2438488954240848 
108397000: system.memobj: data : 0010010000111000010010001000100101010100001001000000100001001000 
108397000: system.memobj: fix data : 0010010000111000010010001000100101010100001001000000100001001000 
108397000: system.memobj: -------------------------------------
108397000: system.memobj: cpu->mem Got request for addr 0x949e8 , 608744
108397000: system.memobj: size 0x8
108397000: system.memobj: id 94061724548432
108397000: system.memobj: data_hex : 3100000000000000 
108397000: system.memobj: data : 0011000100000000000000000000000000000000000000000000000000000000 
108397000: system.memobj: hamming code addr: 608744 
108397000: system.memobj: hamming code : 13 
108397000: system.memobj: hamming code addr: 608752 
108397000: system.memobj: hamming code : 0 
108397000: system.memobj: hamming code addr: 608760 
108397000: system.memobj: hamming code : 0 
108397000: system.memobj: hamming code addr: 608768 
108397000: system.memobj: hamming code : 0 
108397000: system.memobj: hamming code addr: 608776 
108397000: system.memobj: hamming code : 0 
108397000: system.memobj: hamming code addr: 608784 
108397000: system.memobj: hamming code : 0 
108397000: system.memobj: hamming code addr: 608792 
108397000: system.memobj: hamming code : 0 
108397000: system.memobj: hamming code addr: 608800 
108397000: system.memobj: hamming code : 0 
108397000: system.memobj: Enter Error Bit index: 3 
108397000: system.memobj: flip data : 0001000100000000000000000000000000000000000000000000000000000000 
108397000: system.memobj: -------------------------------------
108467000: system.memobj: mem->cpu Got response for addr 0xdec0 , 57024
108467000: system.memobj: size 0x8
108467000: system.memobj: id 94061724548432
108467000: system.memobj: data_hex : 2438488954240848 
108467000: system.memobj: data : 0010010000111000010010001000100101010100001001000000100001001000 
108467000: system.memobj: fix data : 0010010000111000010010001000100101010100001001000000100001001000 
108467000: system.memobj: -------------------------------------
108516000: system.memobj: mem->cpu Got response for addr 0xdec8 , 57032
108516000: system.memobj: size 0x8
108516000: system.memobj: id 94061724548144
108516000: system.memobj: data_hex : 890C24EB49666690 
108516000: system.memobj: data : 1000100100001100001001001110101101001001011001100110011010010000 
108516000: system.memobj: fix data : 1000100100001100001001001110101101001001011001100110011010010000 
108516000: system.memobj: -------------------------------------
108516000: system.memobj: cpu->mem Got request for addr 0x949e0 , 608736
108516000: system.memobj: size 0x8
108516000: system.memobj: id 94061724548720
108516000: system.memobj: data_hex : 5000000000000000 
108516000: system.memobj: data : 0101000000000000000000000000000000000000000000000000000000000000 
108516000: system.memobj: hamming code addr: 608736 
108516000: system.memobj: hamming code : 2 
108516000: system.memobj: hamming code addr: 608744 
108516000: system.memobj: hamming code : 0 
108516000: system.memobj: hamming code addr: 608752 
108516000: system.memobj: hamming code : 0 
108516000: system.memobj: hamming code addr: 608760 
108516000: system.memobj: hamming code : 0 
108516000: system.memobj: hamming code addr: 608768 
108516000: system.memobj: hamming code : 0 
108516000: system.memobj: hamming code addr: 608776 
108516000: system.memobj: hamming code : 0 
108516000: system.memobj: hamming code addr: 608784 
108516000: system.memobj: hamming code : 0 
108516000: system.memobj: hamming code addr: 608792 
108516000: system.memobj: hamming code : 0 
108516000: system.memobj: Enter Error Bit index: 7 
108516000: system.memobj: flip data : 0101001000000000000000000000000000000000000000000000000000000000 
108516000: system.memobj: -------------------------------------
108586000: system.memobj: mem->cpu Got response for addr 0xdec8 , 57032
108586000: system.memobj: size 0x8
108586000: system.memobj: id 94061724548720
108586000: system.memobj: data_hex : 890C24EB49666690 
108586000: system.memobj: data : 1000100100001100001001001110101101001001011001100110011010010000 
108586000: system.memobj: fix data : 1000100100001100001001001110101101001001011001100110011010010000 
108586000: system.memobj: -------------------------------------
108635000: system.memobj: mem->cpu Got response for addr 0xdf10 , 57104
108635000: system.memobj: size 0x8
108635000: system.memobj: id 94061724548144
108635000: system.memobj: data_hex : 67184C8963104D8B 
108635000: system.memobj: data : 0110011100011000010011001000100101100011000100000100110110001011 
108635000: system.memobj: fix data : 0110011100011000010011001000100101100011000100000100110110001011 
108635000: system.memobj: -------------------------------------
108684000: system.memobj: mem->cpu Got response for addr 0xdf18 , 57112
108684000: system.memobj: size 0x8
108684000: system.memobj: id 94061724548720
108684000: system.memobj: data_hex : A5B00000004D39F4 
108684000: system.memobj: data : 1010010110110000000000000000000000000000010011010011100111110100 
108684000: system.memobj: fix data : 1010010110110000000000000000000000000000010011010011100111110100 
108684000: system.memobj: -------------------------------------
108733000: system.memobj: mem->cpu Got response for addr 0x92530 , 599344
108733000: system.memobj: size 0x8
108733000: system.memobj: id 94061725220880
108733000: system.memobj: data_hex : 5825590000000000 
108733000: system.memobj: data : 0101100000100101010110010000000000000000000000000000000000000000 
108733000: system.memobj: hamming code addr: 599344 
108733000: system.memobj: hamming code out: 14 
108733000: system.memobj: find Error Bit index : 2 
108733000: system.memobj: hamming code addr: 599352 
108733000: system.memobj: hamming code out: 0 
108733000: system.memobj: hamming code addr: 599360 
108733000: system.memobj: hamming code out: 7 
108733000: system.memobj: hamming code addr: 599368 
108733000: system.memobj: hamming code out: 0 
108733000: system.memobj: hamming code addr: 599376 
108733000: system.memobj: hamming code out: 0 
108733000: system.memobj: hamming code addr: 599384 
108733000: system.memobj: hamming code out: 0 
108733000: system.memobj: hamming code addr: 599392 
108733000: system.memobj: hamming code out: 0 
108733000: system.memobj: hamming code addr: 599400 
108733000: system.memobj: hamming code out: 0 
108733000: system.memobj: fix data : 0001100000100101010110010000000000000000000000000000000000000000 
108733000: system.memobj: -------------------------------------
108782000: system.memobj: mem->cpu Got response for addr 0xdf18 , 57112
108782000: system.memobj: size 0x8
108782000: system.memobj: id 94061725220880
108782000: system.memobj: data_hex : A5B00000004D39F4 
108782000: system.memobj: data : 1010010110110000000000000000000000000000010011010011100111110100 
108782000: system.memobj: fix data : 1010010110110000000000000000000000000000010011010011100111110100 
108782000: system.memobj: -------------------------------------
108831000: system.memobj: mem->cpu Got response for addr 0xdf20 , 57120
108831000: system.memobj: size 0x8
108831000: system.memobj: id 94061724548720
108831000: system.memobj: data_hex : 0F8473010000498B 
108831000: system.memobj: data : 0000111110000100011100110000000100000000000000000100100110001011 
108831000: system.memobj: fix data : 0000111110000100011100110000000100000000000000000100100110001011 
108831000: system.memobj: -------------------------------------
108880000: system.memobj: mem->cpu Got response for addr 0xe098 , 57496
108880000: system.memobj: size 0x8
108880000: system.memobj: id 94061725220880
108880000: system.memobj: data_hex : FF48817C2440FF01 
108880000: system.memobj: data : 1111111101001000100000010111110000100100010000001111111100000001 
108880000: system.memobj: fix data : 1111111101001000100000010111110000100100010000001111111100000001 
108880000: system.memobj: -------------------------------------
108929000: system.memobj: mem->cpu Got response for addr 0xe0a0 , 57504
108929000: system.memobj: size 0x8
108929000: system.memobj: id 94061724548720
108929000: system.memobj: data_hex : 0000762A438D043F 
108929000: system.memobj: data : 0000000000000000011101100010101001000011100011010000010000111111 
108929000: system.memobj: fix data : 0000000000000000011101100010101001000011100011010000010000111111 
108929000: system.memobj: -------------------------------------
108978000: system.memobj: mem->cpu Got response for addr 0x94a20 , 608800
108978000: system.memobj: size 0x8
108978000: system.memobj: id 94061725220880
108978000: system.memobj: data_hex : 7000000000000000 
108978000: system.memobj: data : 0111000000000000000000000000000000000000000000000000000000000000 
108978000: system.memobj: hamming code addr: 608800 
108978000: system.memobj: hamming code out: 1 
108978000: system.memobj: find Error Bit index : 2 
108978000: system.memobj: hamming code addr: 608808 
108978000: system.memobj: hamming code out: 0 
108978000: system.memobj: hamming code addr: 608816 
108978000: system.memobj: hamming code out: 0 
108978000: system.memobj: hamming code addr: 608824 
108978000: system.memobj: hamming code out: 0 
108978000: system.memobj: hamming code addr: 608832 
108978000: system.memobj: hamming code out: 0 
108978000: system.memobj: hamming code addr: 608840 
108978000: system.memobj: hamming code out: 0 
108978000: system.memobj: hamming code addr: 608848 
108978000: system.memobj: hamming code out: 0 
108978000: system.memobj: hamming code addr: 608856 
108978000: system.memobj: hamming code out: 0 
108978000: system.memobj: fix data : 0011000000000000000000000000000000000000000000000000000000000000 
108978000: system.memobj: -------------------------------------
109027000: system.memobj: mem->cpu Got response for addr 0xe0a0 , 57504
109027000: system.memobj: size 0x8
109027000: system.memobj: id 94061725220880
109027000: system.memobj: data_hex : 0000762A438D043F 
109027000: system.memobj: data : 0000000000000000011101100010101001000011100011010000010000111111 
109027000: system.memobj: fix data : 0000000000000000011101100010101001000011100011010000010000111111 
109027000: system.memobj: -------------------------------------
109344000: system.memobj: mem->cpu Got response for addr 0xe0c8 , 57544
109344000: system.memobj: size 0x8
109344000: system.memobj: id 94061724548720
109344000: system.memobj: data_hex : 0F83A603000041FF 
109344000: system.memobj: data : 0000111110000011101001100000001100000000000000000100000111111111 
109344000: system.memobj: fix data : 0000111110000011101001100000001100000000000000000100000111111111 
109344000: system.memobj: -------------------------------------
109393000: system.memobj: mem->cpu Got response for addr 0xe0d0 , 57552
109393000: system.memobj: size 0x8
109393000: system.memobj: id 94061725220880
109393000: system.memobj: data_hex : C7BE010000004589 
109393000: system.memobj: data : 1100011110111110000000010000000000000000000000000100010110001001 
109393000: system.memobj: fix data : 1100011110111110000000010000000000000000000000000100010110001001 
109393000: system.memobj: -------------------------------------
109442000: system.memobj: mem->cpu Got response for addr 0xe0d0 , 57552
109442000: system.memobj: size 0x8
109442000: system.memobj: id 94061724548720
109442000: system.memobj: data_hex : C7BE010000004589 
109442000: system.memobj: data : 1100011110111110000000010000000000000000000000000100010110001001 
109442000: system.memobj: fix data : 1100011110111110000000010000000000000000000000000100010110001001 
109442000: system.memobj: -------------------------------------
109491000: system.memobj: mem->cpu Got response for addr 0xe0d0 , 57552
109491000: system.memobj: size 0x8
109491000: system.memobj: id 94061725220880
109491000: system.memobj: data_hex : C7BE010000004589 
109491000: system.memobj: data : 1100011110111110000000010000000000000000000000000100010110001001 
109491000: system.memobj: fix data : 1100011110111110000000010000000000000000000000000100010110001001 
109491000: system.memobj: -------------------------------------
109540000: system.memobj: mem->cpu Got response for addr 0xe0d8 , 57560
109540000: system.memobj: size 0x8
109540000: system.memobj: id 94061724548720
109540000: system.memobj: data_hex : F8438D043F4183E7 
109540000: system.memobj: data : 1111100001000011100011010000010000111111010000011000001111100111 
109540000: system.memobj: fix data : 1111100001000011100011010000010000111111010000011000001111100111 
109540000: system.memobj: -------------------------------------
109589000: system.memobj: mem->cpu Got response for addr 0xe0d8 , 57560
109589000: system.memobj: size 0x8
109589000: system.memobj: id 94061725220880
109589000: system.memobj: data_hex : F8438D043F4183E7 
109589000: system.memobj: data : 1111100001000011100011010000010000111111010000011000001111100111 
109589000: system.memobj: fix data : 1111100001000011100011010000010000111111010000011000001111100111 
109589000: system.memobj: -------------------------------------
109638000: system.memobj: mem->cpu Got response for addr 0xe0d8 , 57560
109638000: system.memobj: size 0x8
109638000: system.memobj: id 94061724548720
109638000: system.memobj: data_hex : F8438D043F4183E7 
109638000: system.memobj: data : 1111100001000011100011010000010000111111010000011000001111100111 
109638000: system.memobj: fix data : 1111100001000011100011010000010000111111010000011000001111100111 
109638000: system.memobj: -------------------------------------
109687000: system.memobj: mem->cpu Got response for addr 0xe0e0 , 57568
109687000: system.memobj: size 0x8
109687000: system.memobj: id 94061725220880
109687000: system.memobj: data_hex : 1F41C1E8054489F9 
109687000: system.memobj: data : 0001111101000001110000011110100000000101010001001000100111111001 
109687000: system.memobj: fix data : 0001111101000001110000011110100000000101010001001000100111111001 
109687000: system.memobj: -------------------------------------
109736000: system.memobj: mem->cpu Got response for addr 0xe0e0 , 57568
109736000: system.memobj: size 0x8
109736000: system.memobj: id 94061724548720
109736000: system.memobj: data_hex : 1F41C1E8054489F9 
109736000: system.memobj: data : 0001111101000001110000011110100000000101010001001000100111111001 
109736000: system.memobj: fix data : 0001111101000001110000011110100000000101010001001000100111111001 
109736000: system.memobj: -------------------------------------
109785000: system.memobj: mem->cpu Got response for addr 0xe0e0 , 57568
109785000: system.memobj: size 0x8
109785000: system.memobj: id 94061725220880
109785000: system.memobj: data_hex : 1F41C1E8054489F9 
109785000: system.memobj: data : 0001111101000001110000011110100000000101010001001000100111111001 
109785000: system.memobj: fix data : 0001111101000001110000011110100000000101010001001000100111111001 
109785000: system.memobj: -------------------------------------
109834000: system.memobj: mem->cpu Got response for addr 0xe0e8 , 57576
109834000: system.memobj: size 0x8
109834000: system.memobj: id 94061724548720
109834000: system.memobj: data_hex : 4589C189C0D3E647 
109834000: system.memobj: data : 0100010110001001110000011000100111000000110100111110011001000111 
109834000: system.memobj: fix data : 0100010110001001110000011000100111000000110100111110011001000111 
109834000: system.memobj: -------------------------------------
109883000: system.memobj: mem->cpu Got response for addr 0xe0e8 , 57576
109883000: system.memobj: size 0x8
109883000: system.memobj: id 94061725220880
109883000: system.memobj: data_hex : 4589C189C0D3E647 
109883000: system.memobj: data : 0100010110001001110000011000100111000000110100111110011001000111 
109883000: system.memobj: fix data : 0100010110001001110000011000100111000000110100111110011001000111 
109883000: system.memobj: -------------------------------------
109932000: system.memobj: mem->cpu Got response for addr 0xe0e8 , 57576
109932000: system.memobj: size 0x8
109932000: system.memobj: id 94061724548720
109932000: system.memobj: data_hex : 4589C189C0D3E647 
109932000: system.memobj: data : 0100010110001001110000011000100111000000110100111110011001000111 
109932000: system.memobj: fix data : 0100010110001001110000011000100111000000110100111110011001000111 
109932000: system.memobj: -------------------------------------
109981000: system.memobj: mem->cpu Got response for addr 0xe0e8 , 57576
109981000: system.memobj: size 0x8
109981000: system.memobj: id 94061725220880
109981000: system.memobj: data_hex : 4589C189C0D3E647 
109981000: system.memobj: data : 0100010110001001110000011000100111000000110100111110011001000111 
109981000: system.memobj: fix data : 0100010110001001110000011000100111000000110100111110011001000111 
109981000: system.memobj: -------------------------------------
110030000: system.memobj: mem->cpu Got response for addr 0xe0f0 , 57584
110030000: system.memobj: size 0x8
110030000: system.memobj: id 94061724548720
110030000: system.memobj: data_hex : 8B948D9808000049 
110030000: system.memobj: data : 1000101110010100100011011001100000001000000000000000000001001001 
110030000: system.memobj: fix data : 1000101110010100100011011001100000001000000000000000000001001001 
110030000: system.memobj: -------------------------------------
110093000: system.memobj: mem->cpu Got response for addr 0x92d18 , 601368
110093000: system.memobj: size 0x4
110093000: system.memobj: id 94061725221168
110093000: system.memobj: data_hex : 00000000 
110093000: system.memobj: data : 00000000000000000000000000000000 
110093000: system.memobj: fix data : 00000000000000000000000000000000 
110093000: system.memobj: -------------------------------------
110142000: system.memobj: mem->cpu Got response for addr 0xe0f0 , 57584
110142000: system.memobj: size 0x8
110142000: system.memobj: id 94061725221168
110142000: system.memobj: data_hex : 8B948D9808000049 
110142000: system.memobj: data : 1000101110010100100011011001100000001000000000000000000001001001 
110142000: system.memobj: fix data : 1000101110010100100011011001100000001000000000000000000001001001 
110142000: system.memobj: -------------------------------------
110205000: system.memobj: mem->cpu Got response for addr 0xe0f8 , 57592
110205000: system.memobj: size 0x8
110205000: system.memobj: id 94061724548720
110205000: system.memobj: data_hex : 8DBCC58800000090 
110205000: system.memobj: data : 1000110110111100110001011000100000000000000000000000000010010000 
110205000: system.memobj: fix data : 1000110110111100110001011000100000000000000000000000000010010000 
110205000: system.memobj: -------------------------------------
110254000: system.memobj: mem->cpu Got response for addr 0xe0f8 , 57592
110254000: system.memobj: size 0x8
110254000: system.memobj: id 94061725221168
110254000: system.memobj: data_hex : 8DBCC58800000090 
110254000: system.memobj: data : 1000110110111100110001011000100000000000000000000000000010010000 
110254000: system.memobj: fix data : 1000110110111100110001011000100000000000000000000000000010010000 
110254000: system.memobj: -------------------------------------
110303000: system.memobj: mem->cpu Got response for addr 0xe100 , 57600
110303000: system.memobj: size 0x8
110303000: system.memobj: id 94061724548720
110303000: system.memobj: data_hex : 4439D60F97C285F6 
110303000: system.memobj: data : 0100010000111001110101100000111110010111110000101000010111110110 
110303000: system.memobj: fix data : 0100010000111001110101100000111110010111110000101000010111110110 
110303000: system.memobj: -------------------------------------
110352000: system.memobj: mem->cpu Got response for addr 0xe100 , 57600
110352000: system.memobj: size 0x8
110352000: system.memobj: id 94061725221168
110352000: system.memobj: data_hex : 4439D60F97C285F6 
110352000: system.memobj: data : 0100010000111001110101100000111110010111110000101000010111110110 
110352000: system.memobj: fix data : 0100010000111001110101100000111110010111110000101000010111110110 
110352000: system.memobj: -------------------------------------
110401000: system.memobj: mem->cpu Got response for addr 0xe100 , 57600
110401000: system.memobj: size 0x8
110401000: system.memobj: id 94061724548720
110401000: system.memobj: data_hex : 4439D60F97C285F6 
110401000: system.memobj: data : 0100010000111001110101100000111110010111110000101000010111110110 
110401000: system.memobj: fix data : 0100010000111001110101100000111110010111110000101000010111110110 
110401000: system.memobj: -------------------------------------
110450000: system.memobj: mem->cpu Got response for addr 0xe108 , 57608
110450000: system.memobj: size 0x8
110450000: system.memobj: id 94061725221168
110450000: system.memobj: data_hex : 0F94C009D0A80174 
110450000: system.memobj: data : 0000111110010100110000000000100111010000101010000000000101110100 
110450000: system.memobj: fix data : 0000111110010100110000000000100111010000101010000000000101110100 
110450000: system.memobj: -------------------------------------
110499000: system.memobj: mem->cpu Got response for addr 0xe108 , 57608
110499000: system.memobj: size 0x8
110499000: system.memobj: id 94061724548720
110499000: system.memobj: data_hex : 0F94C009D0A80174 
110499000: system.memobj: data : 0000111110010100110000000000100111010000101010000000000101110100 
110499000: system.memobj: fix data : 0000111110010100110000000000100111010000101010000000000101110100 
110499000: system.memobj: -------------------------------------
110548000: system.memobj: mem->cpu Got response for addr 0xe108 , 57608
110548000: system.memobj: size 0x8
110548000: system.memobj: id 94061725221168
110548000: system.memobj: data_hex : 0F94C009D0A80174 
110548000: system.memobj: data : 0000111110010100110000000000100111010000101010000000000101110100 
110548000: system.memobj: fix data : 0000111110010100110000000000100111010000101010000000000101110100 
110548000: system.memobj: -------------------------------------
110597000: system.memobj: mem->cpu Got response for addr 0xe108 , 57608
110597000: system.memobj: size 0x8
110597000: system.memobj: id 94061724548720
110597000: system.memobj: data_hex : 0F94C009D0A80174 
110597000: system.memobj: data : 0000111110010100110000000000100111010000101010000000000101110100 
110597000: system.memobj: fix data : 0000111110010100110000000000100111010000101010000000000101110100 
110597000: system.memobj: -------------------------------------
110646000: system.memobj: mem->cpu Got response for addr 0xe110 , 57616
110646000: system.memobj: size 0x8
110646000: system.memobj: id 94061725221168
110646000: system.memobj: data_hex : 3D41FFC04183F803 
110646000: system.memobj: data : 0011110101000001111111111100000001000001100000111111100000000011 
110646000: system.memobj: fix data : 0011110101000001111111111100000001000001100000111111100000000011 
110646000: system.memobj: -------------------------------------
110695000: system.memobj: mem->cpu Got response for addr 0xe110 , 57616
110695000: system.memobj: size 0x8
110695000: system.memobj: id 94061724548720
110695000: system.memobj: data_hex : 3D41FFC04183F803 
110695000: system.memobj: data : 0011110101000001111111111100000001000001100000111111100000000011 
110695000: system.memobj: fix data : 0011110101000001111111111100000001000001100000111111100000000011 
110695000: system.memobj: -------------------------------------
110744000: system.memobj: mem->cpu Got response for addr 0xe110 , 57616
110744000: system.memobj: size 0x8
110744000: system.memobj: id 94061725221168
110744000: system.memobj: data_hex : 3D41FFC04183F803 
110744000: system.memobj: data : 0011110101000001111111111100000001000001100000111111100000000011 
110744000: system.memobj: fix data : 0011110101000001111111111100000001000001100000111111100000000011 
110744000: system.memobj: -------------------------------------
110793000: system.memobj: mem->cpu Got response for addr 0xe118 , 57624
110793000: system.memobj: size 0x8
110793000: system.memobj: id 94061724548720
110793000: system.memobj: data_hex : 0F87F50000004589 
110793000: system.memobj: data : 0000111110000111111101010000000000000000000000000100010110001001 
110793000: system.memobj: fix data : 0000111110000111111101010000000000000000000000000100010110001001 
110793000: system.memobj: -------------------------------------
110842000: system.memobj: mem->cpu Got response for addr 0xe118 , 57624
110842000: system.memobj: size 0x8
110842000: system.memobj: id 94061725221168
110842000: system.memobj: data_hex : 0F87F50000004589 
110842000: system.memobj: data : 0000111110000111111101010000000000000000000000000100010110001001 
110842000: system.memobj: fix data : 0000111110000111111101010000000000000000000000000100010110001001 
110842000: system.memobj: -------------------------------------
110891000: system.memobj: mem->cpu Got response for addr 0xe120 , 57632
110891000: system.memobj: size 0x8
110891000: system.memobj: id 94061724548720
110891000: system.memobj: data_hex : C1478B948D980800 
110891000: system.memobj: data : 1100000101000111100010111001010010001101100110000000100000000000 
110891000: system.memobj: fix data : 1100000101000111100010111001010010001101100110000000100000000000 
110891000: system.memobj: -------------------------------------
110940000: system.memobj: mem->cpu Got response for addr 0xe120 , 57632
110940000: system.memobj: size 0x8
110940000: system.memobj: id 94061725221168
110940000: system.memobj: data_hex : C1478B948D980800 
110940000: system.memobj: data : 1100000101000111100010111001010010001101100110000000100000000000 
110940000: system.memobj: fix data : 1100000101000111100010111001010010001101100110000000100000000000 
110940000: system.memobj: -------------------------------------
111003000: system.memobj: mem->cpu Got response for addr 0xe128 , 57640
111003000: system.memobj: size 0x8
111003000: system.memobj: id 94061724548720
111003000: system.memobj: data_hex : 004585D274E34489 
111003000: system.memobj: data : 0000000001000101100001011101001001110100111000110100010010001001 
111003000: system.memobj: fix data : 0000000001000101100001011101001001110100111000110100010010001001 
111003000: system.memobj: -------------------------------------
111052000: system.memobj: mem->cpu Got response for addr 0x92d1c , 601372
111052000: system.memobj: size 0x4
111052000: system.memobj: id 94061725221168
111052000: system.memobj: data_hex : 00000000 
111052000: system.memobj: data : 00000000000000000000000000000000 
111052000: system.memobj: fix data : 00000000000000000000000000000000 
111052000: system.memobj: -------------------------------------
111101000: system.memobj: mem->cpu Got response for addr 0xe128 , 57640
111101000: system.memobj: size 0x8
111101000: system.memobj: id 94061725221168
111101000: system.memobj: data_hex : 004585D274E34489 
111101000: system.memobj: data : 0000000001000101100001011101001001110100111000110100010010001001 
111101000: system.memobj: fix data : 0000000001000101100001011101001001110100111000110100010010001001 
111101000: system.memobj: -------------------------------------
111150000: system.memobj: mem->cpu Got response for addr 0xe128 , 57640
111150000: system.memobj: size 0x8
111150000: system.memobj: id 94061724548720
111150000: system.memobj: data_hex : 004585D274E34489 
111150000: system.memobj: data : 0000000001000101100001011101001001110100111000110100010010001001 
111150000: system.memobj: fix data : 0000000001000101100001011101001001110100111000110100010010001001 
111150000: system.memobj: -------------------------------------
111199000: system.memobj: mem->cpu Got response for addr 0xe110 , 57616
111199000: system.memobj: size 0x8
111199000: system.memobj: id 94061725221168
111199000: system.memobj: data_hex : 3D41FFC04183F803 
111199000: system.memobj: data : 0011110101000001111111111100000001000001100000111111100000000011 
111199000: system.memobj: fix data : 0011110101000001111111111100000001000001100000111111100000000011 
111199000: system.memobj: -------------------------------------
111248000: system.memobj: mem->cpu Got response for addr 0xe110 , 57616
111248000: system.memobj: size 0x8
111248000: system.memobj: id 94061724548720
111248000: system.memobj: data_hex : 3D41FFC04183F803 
111248000: system.memobj: data : 0011110101000001111111111100000001000001100000111111100000000011 
111248000: system.memobj: fix data : 0011110101000001111111111100000001000001100000111111100000000011 
111248000: system.memobj: -------------------------------------
111297000: system.memobj: mem->cpu Got response for addr 0xe118 , 57624
111297000: system.memobj: size 0x8
111297000: system.memobj: id 94061725221168
111297000: system.memobj: data_hex : 0F87F50000004589 
111297000: system.memobj: data : 0000111110000111111101010000000000000000000000000100010110001001 
111297000: system.memobj: fix data : 0000111110000111111101010000000000000000000000000100010110001001 
111297000: system.memobj: -------------------------------------
111346000: system.memobj: mem->cpu Got response for addr 0xe118 , 57624
111346000: system.memobj: size 0x8
111346000: system.memobj: id 94061724548720
111346000: system.memobj: data_hex : 0F87F50000004589 
111346000: system.memobj: data : 0000111110000111111101010000000000000000000000000100010110001001 
111346000: system.memobj: fix data : 0000111110000111111101010000000000000000000000000100010110001001 
111346000: system.memobj: -------------------------------------
111395000: system.memobj: mem->cpu Got response for addr 0xe120 , 57632
111395000: system.memobj: size 0x8
111395000: system.memobj: id 94061725221168
111395000: system.memobj: data_hex : C1478B948D980800 
111395000: system.memobj: data : 1100000101000111100010111001010010001101100110000000100000000000 
111395000: system.memobj: fix data : 1100000101000111100010111001010010001101100110000000100000000000 
111395000: system.memobj: -------------------------------------
111444000: system.memobj: mem->cpu Got response for addr 0xe120 , 57632
111444000: system.memobj: size 0x8
111444000: system.memobj: id 94061724548720
111444000: system.memobj: data_hex : C1478B948D980800 
111444000: system.memobj: data : 1100000101000111100010111001010010001101100110000000100000000000 
111444000: system.memobj: fix data : 1100000101000111100010111001010010001101100110000000100000000000 
111444000: system.memobj: -------------------------------------
111493000: system.memobj: mem->cpu Got response for addr 0xe128 , 57640
111493000: system.memobj: size 0x8
111493000: system.memobj: id 94061725221168
111493000: system.memobj: data_hex : 004585D274E34489 
111493000: system.memobj: data : 0000000001000101100001011101001001110100111000110100010010001001 
111493000: system.memobj: fix data : 0000000001000101100001011101001001110100111000110100010010001001 
111493000: system.memobj: -------------------------------------
111542000: system.memobj: mem->cpu Got response for addr 0x92d20 , 601376
111542000: system.memobj: size 0x4
111542000: system.memobj: id 94061724548720
111542000: system.memobj: data_hex : 00000000 
111542000: system.memobj: data : 00000000000000000000000000000000 
111542000: system.memobj: fix data : 00000000000000000000000000000000 
111542000: system.memobj: -------------------------------------
111591000: system.memobj: mem->cpu Got response for addr 0xe128 , 57640
111591000: system.memobj: size 0x8
111591000: system.memobj: id 94061724548720
111591000: system.memobj: data_hex : 004585D274E34489 
111591000: system.memobj: data : 0000000001000101100001011101001001110100111000110100010010001001 
111591000: system.memobj: fix data : 0000000001000101100001011101001001110100111000110100010010001001 
111591000: system.memobj: -------------------------------------
111640000: system.memobj: mem->cpu Got response for addr 0xe128 , 57640
111640000: system.memobj: size 0x8
111640000: system.memobj: id 94061725221168
111640000: system.memobj: data_hex : 004585D274E34489 
111640000: system.memobj: data : 0000000001000101100001011101001001110100111000110100010010001001 
111640000: system.memobj: fix data : 0000000001000101100001011101001001110100111000110100010010001001 
111640000: system.memobj: -------------------------------------
111689000: system.memobj: mem->cpu Got response for addr 0xe110 , 57616
111689000: system.memobj: size 0x8
111689000: system.memobj: id 94061724548720
111689000: system.memobj: data_hex : 3D41FFC04183F803 
111689000: system.memobj: data : 0011110101000001111111111100000001000001100000111111100000000011 
111689000: system.memobj: fix data : 0011110101000001111111111100000001000001100000111111100000000011 
111689000: system.memobj: -------------------------------------
111738000: system.memobj: mem->cpu Got response for addr 0xe110 , 57616
111738000: system.memobj: size 0x8
111738000: system.memobj: id 94061725221168
111738000: system.memobj: data_hex : 3D41FFC04183F803 
111738000: system.memobj: data : 0011110101000001111111111100000001000001100000111111100000000011 
111738000: system.memobj: fix data : 0011110101000001111111111100000001000001100000111111100000000011 
111738000: system.memobj: -------------------------------------
111787000: system.memobj: mem->cpu Got response for addr 0xe118 , 57624
111787000: system.memobj: size 0x8
111787000: system.memobj: id 94061724548720
111787000: system.memobj: data_hex : 0F87F50000004589 
111787000: system.memobj: data : 0000111110000111111101010000000000000000000000000100010110001001 
111787000: system.memobj: fix data : 0000111110000111111101010000000000000000000000000100010110001001 
111787000: system.memobj: -------------------------------------
111836000: system.memobj: mem->cpu Got response for addr 0xe118 , 57624
111836000: system.memobj: size 0x8
111836000: system.memobj: id 94061725221168
111836000: system.memobj: data_hex : 0F87F50000004589 
111836000: system.memobj: data : 0000111110000111111101010000000000000000000000000100010110001001 
111836000: system.memobj: fix data : 0000111110000111111101010000000000000000000000000100010110001001 
111836000: system.memobj: -------------------------------------
111899000: system.memobj: mem->cpu Got response for addr 0xe120 , 57632
111899000: system.memobj: size 0x8
111899000: system.memobj: id 94061724548720
111899000: system.memobj: data_hex : C1478B948D980800 
111899000: system.memobj: data : 1100000101000111100010111001010010001101100110000000100000000000 
111899000: system.memobj: fix data : 1100000101000111100010111001010010001101100110000000100000000000 
111899000: system.memobj: -------------------------------------
111948000: system.memobj: mem->cpu Got response for addr 0xe120 , 57632
111948000: system.memobj: size 0x8
111948000: system.memobj: id 94061725221168
111948000: system.memobj: data_hex : C1478B948D980800 
111948000: system.memobj: data : 1100000101000111100010111001010010001101100110000000100000000000 
111948000: system.memobj: fix data : 1100000101000111100010111001010010001101100110000000100000000000 
111948000: system.memobj: -------------------------------------
111997000: system.memobj: mem->cpu Got response for addr 0xe128 , 57640
111997000: system.memobj: size 0x8
111997000: system.memobj: id 94061724548720
111997000: system.memobj: data_hex : 004585D274E34489 
111997000: system.memobj: data : 0000000001000101100001011101001001110100111000110100010010001001 
111997000: system.memobj: fix data : 0000000001000101100001011101001001110100111000110100010010001001 
111997000: system.memobj: -------------------------------------
112046000: system.memobj: mem->cpu Got response for addr 0x92d24 , 601380
112046000: system.memobj: size 0x4
112046000: system.memobj: id 94061725221168
112046000: system.memobj: data_hex : 00000000 
112046000: system.memobj: data : 00000000000000000000000000000000 
112046000: system.memobj: fix data : 00000000000000000000000000000000 
112046000: system.memobj: -------------------------------------
112095000: system.memobj: mem->cpu Got response for addr 0xe128 , 57640
112095000: system.memobj: size 0x8
112095000: system.memobj: id 94061725221168
112095000: system.memobj: data_hex : 004585D274E34489 
112095000: system.memobj: data : 0000000001000101100001011101001001110100111000110100010010001001 
112095000: system.memobj: fix data : 0000000001000101100001011101001001110100111000110100010010001001 
112095000: system.memobj: -------------------------------------
112144000: system.memobj: mem->cpu Got response for addr 0xe128 , 57640
112144000: system.memobj: size 0x8
112144000: system.memobj: id 94061724548720
112144000: system.memobj: data_hex : 004585D274E34489 
112144000: system.memobj: data : 0000000001000101100001011101001001110100111000110100010010001001 
112144000: system.memobj: fix data : 0000000001000101100001011101001001110100111000110100010010001001 
112144000: system.memobj: -------------------------------------
112193000: system.memobj: mem->cpu Got response for addr 0xe110 , 57616
112193000: system.memobj: size 0x8
112193000: system.memobj: id 94061725221168
112193000: system.memobj: data_hex : 3D41FFC04183F803 
112193000: system.memobj: data : 0011110101000001111111111100000001000001100000111111100000000011 
112193000: system.memobj: fix data : 0011110101000001111111111100000001000001100000111111100000000011 
112193000: system.memobj: -------------------------------------
112242000: system.memobj: mem->cpu Got response for addr 0xe110 , 57616
112242000: system.memobj: size 0x8
112242000: system.memobj: id 94061724548720
112242000: system.memobj: data_hex : 3D41FFC04183F803 
112242000: system.memobj: data : 0011110101000001111111111100000001000001100000111111100000000011 
112242000: system.memobj: fix data : 0011110101000001111111111100000001000001100000111111100000000011 
112242000: system.memobj: -------------------------------------
112291000: system.memobj: mem->cpu Got response for addr 0xe118 , 57624
112291000: system.memobj: size 0x8
112291000: system.memobj: id 94061725221168
112291000: system.memobj: data_hex : 0F87F50000004589 
112291000: system.memobj: data : 0000111110000111111101010000000000000000000000000100010110001001 
112291000: system.memobj: fix data : 0000111110000111111101010000000000000000000000000100010110001001 
112291000: system.memobj: -------------------------------------
112340000: system.memobj: mem->cpu Got response for addr 0xe210 , 57872
112340000: system.memobj: size 0x8
112340000: system.memobj: id 94061724548720
112340000: system.memobj: data_hex : 415FC3498B9D8800 
112340000: system.memobj: data : 0100000101011111110000110100100110001011100111011000100000000000 
112340000: system.memobj: fix data : 0100000101011111110000110100100110001011100111011000100000000000 
112340000: system.memobj: -------------------------------------
112389000: system.memobj: mem->cpu Got response for addr 0xe218 , 57880
112389000: system.memobj: size 0x8
112389000: system.memobj: id 94061725221168
112389000: system.memobj: data_hex : 0000488B6B084989 
112389000: system.memobj: data : 0000000000000000010010001000101101101011000010000100100110001001 
112389000: system.memobj: fix data : 0000000000000000010010001000101101101011000010000100100110001001 
112389000: system.memobj: -------------------------------------
112409000: system.memobj: mem->cpu Got response for addr 0x92508 , 599304
112409000: system.memobj: size 0x8
112409000: system.memobj: id 94061725221456
112409000: system.memobj: data_hex : 1C25590000000000 
112409000: system.memobj: data : 0001110000100101010110010000000000000000000000000000000000000000 
112409000: system.memobj: hamming code addr: 599304 
112409000: system.memobj: hamming code out: 14 
112409000: system.memobj: find Error Bit index : 6 
112409000: system.memobj: hamming code addr: 599312 
112409000: system.memobj: hamming code out: 0 
112409000: system.memobj: hamming code addr: 599320 
112409000: system.memobj: hamming code out: 7 
112409000: system.memobj: hamming code addr: 599328 
112409000: system.memobj: hamming code out: 0 
112409000: system.memobj: hamming code addr: 599336 
112409000: system.memobj: hamming code out: 0 
112409000: system.memobj: hamming code addr: 599344 
112409000: system.memobj: hamming code out: 0 
112409000: system.memobj: hamming code addr: 599352 
112409000: system.memobj: hamming code out: 0 
112409000: system.memobj: hamming code addr: 599360 
112409000: system.memobj: hamming code out: 0 
112409000: system.memobj: fix data : 0001100000100101010110010000000000000000000000000000000000000000 
112409000: system.memobj: -------------------------------------
112458000: system.memobj: mem->cpu Got response for addr 0xe218 , 57880
112458000: system.memobj: size 0x8
112458000: system.memobj: id 94061725221456
112458000: system.memobj: data_hex : 0000488B6B084989 
112458000: system.memobj: data : 0000000000000000010010001000101101101011000010000100100110001001 
112458000: system.memobj: fix data : 0000000000000000010010001000101101101011000010000100100110001001 
112458000: system.memobj: -------------------------------------
112507000: system.memobj: mem->cpu Got response for addr 0x92520 , 599328
112507000: system.memobj: size 0x8
112507000: system.memobj: id 94061725221744
112507000: system.memobj: data_hex : 0000000000000000 
112507000: system.memobj: data : 0000000000000000000000000000000000000000000000000000000000000000 
112507000: system.memobj: fix data : 0000000000000000000000000000000000000000000000000000000000000000 
112507000: system.memobj: -------------------------------------
112556000: system.memobj: mem->cpu Got response for addr 0xe218 , 57880
112556000: system.memobj: size 0x8
112556000: system.memobj: id 94061725221744
112556000: system.memobj: data_hex : 0000488B6B084989 
112556000: system.memobj: data : 0000000000000000010010001000101101101011000010000100100110001001 
112556000: system.memobj: fix data : 0000000000000000010010001000101101101011000010000100100110001001 
112556000: system.memobj: -------------------------------------
112605000: system.memobj: mem->cpu Got response for addr 0xe220 , 57888
112605000: system.memobj: size 0x8
112605000: system.memobj: id 94061725221456
112605000: system.memobj: data_hex : DC4883E5F848392C 
112605000: system.memobj: data : 1101110001001000100000111110010111111000010010000011100100101100 
112605000: system.memobj: fix data : 1101110001001000100000111110010111111000010010000011100100101100 
112605000: system.memobj: -------------------------------------
112654000: system.memobj: mem->cpu Got response for addr 0xe220 , 57888
112654000: system.memobj: size 0x8
112654000: system.memobj: id 94061725221744
112654000: system.memobj: data_hex : DC4883E5F848392C 
112654000: system.memobj: data : 1101110001001000100000111110010111111000010010000011100100101100 
112654000: system.memobj: fix data : 1101110001001000100000111110010111111000010010000011100100101100 
112654000: system.memobj: -------------------------------------
112703000: system.memobj: mem->cpu Got response for addr 0xe220 , 57888
112703000: system.memobj: size 0x8
112703000: system.memobj: id 94061725221456
112703000: system.memobj: data_hex : DC4883E5F848392C 
112703000: system.memobj: data : 1101110001001000100000111110010111111000010010000011100100101100 
112703000: system.memobj: fix data : 1101110001001000100000111110010111111000010010000011100100101100 
112703000: system.memobj: -------------------------------------
112752000: system.memobj: mem->cpu Got response for addr 0xe228 , 57896
112752000: system.memobj: size 0x8
112752000: system.memobj: id 94061725221744
112752000: system.memobj: data_hex : 240F86CA00000041 
112752000: system.memobj: data : 0010010000001111100001101100101000000000000000000000000001000001 
112752000: system.memobj: fix data : 0010010000001111100001101100101000000000000000000000000001000001 
112752000: system.memobj: -------------------------------------
112815000: system.memobj: mem->cpu Got response for addr 0x949e0 , 608736
112815000: system.memobj: size 0x8
112815000: system.memobj: id 94061725222032
112815000: system.memobj: data_hex : 5200000000000000 
112815000: system.memobj: data : 0101001000000000000000000000000000000000000000000000000000000000 
112815000: system.memobj: hamming code addr: 608736 
112815000: system.memobj: hamming code out: 2 
112815000: system.memobj: find Error Bit index : 7 
112815000: system.memobj: hamming code addr: 608744 
112815000: system.memobj: hamming code out: 0 
112815000: system.memobj: hamming code addr: 608752 
112815000: system.memobj: hamming code out: 0 
112815000: system.memobj: hamming code addr: 608760 
112815000: system.memobj: hamming code out: 0 
112815000: system.memobj: hamming code addr: 608768 
112815000: system.memobj: hamming code out: 0 
112815000: system.memobj: hamming code addr: 608776 
112815000: system.memobj: hamming code out: 0 
112815000: system.memobj: hamming code addr: 608784 
112815000: system.memobj: hamming code out: 0 
112815000: system.memobj: hamming code addr: 608792 
112815000: system.memobj: hamming code out: 0 
112815000: system.memobj: fix data : 0101000000000000000000000000000000000000000000000000000000000000 
112815000: system.memobj: -------------------------------------
112878000: system.memobj: mem->cpu Got response for addr 0xe228 , 57896
112878000: system.memobj: size 0x8
112878000: system.memobj: id 94061725222032
112878000: system.memobj: data_hex : 240F86CA00000041 
112878000: system.memobj: data : 0010010000001111100001101100101000000000000000000000000001000001 
112878000: system.memobj: fix data : 0010010000001111100001101100101000000000000000000000000001000001 
112878000: system.memobj: -------------------------------------
112927000: system.memobj: mem->cpu Got response for addr 0xe228 , 57896
112927000: system.memobj: size 0x8
112927000: system.memobj: id 94061725221744
112927000: system.memobj: data_hex : 240F86CA00000041 
112927000: system.memobj: data : 0010010000001111100001101100101000000000000000000000000001000001 
112927000: system.memobj: fix data : 0010010000001111100001101100101000000000000000000000000001000001 
112927000: system.memobj: -------------------------------------
112976000: system.memobj: mem->cpu Got response for addr 0xe230 , 57904
112976000: system.memobj: size 0x8
112976000: system.memobj: id 94061725222032
112976000: system.memobj: data_hex : F64528010F85FF00 
112976000: system.memobj: data : 1111011001000101001010000000000100001111100001011111111100000000 
112976000: system.memobj: fix data : 1111011001000101001010000000000100001111100001011111111100000000 
112976000: system.memobj: -------------------------------------
112996000: system.memobj: mem->cpu Got response for addr 0x924a8 , 599208
112996000: system.memobj: size 0x1
112996000: system.memobj: id 94061725222320
112996000: system.memobj: data_hex : D1 
112996000: system.memobj: data : 11010001 
112996000: system.memobj: hamming code addr: 599208 
112996000: system.memobj: hamming code out: 14 
112996000: system.memobj: find Error Bit index : 1 
112996000: system.memobj: fix data : 01010001 
112996000: system.memobj: -------------------------------------
113045000: system.memobj: mem->cpu Got response for addr 0xe230 , 57904
113045000: system.memobj: size 0x8
113045000: system.memobj: id 94061725222320
113045000: system.memobj: data_hex : F64528010F85FF00 
113045000: system.memobj: data : 1111011001000101001010000000000100001111100001011111111100000000 
113045000: system.memobj: fix data : 1111011001000101001010000000000100001111100001011111111100000000 
113045000: system.memobj: -------------------------------------
113094000: system.memobj: mem->cpu Got response for addr 0xe238 , 57912
113094000: system.memobj: size 0x8
113094000: system.memobj: id 94061725222032
113094000: system.memobj: data_hex : 00004C89EFE83EF0 
113094000: system.memobj: data : 0000000000000000010011001000100111101111111010000011111011110000 
113094000: system.memobj: fix data : 0000000000000000010011001000100111101111111010000011111011110000 
113094000: system.memobj: -------------------------------------
113143000: system.memobj: mem->cpu Got response for addr 0xe338 , 58168
113143000: system.memobj: size 0x8
113143000: system.memobj: id 94061725222320
113143000: system.memobj: data_hex : FF8B15254A180048 
113143000: system.memobj: data : 1111111110001011000101010010010101001010000110000000000001001000 
113143000: system.memobj: fix data : 1111111110001011000101010010010101001010000110000000000001001000 
113143000: system.memobj: -------------------------------------
113192000: system.memobj: mem->cpu Got response for addr 0x92d64 , 601444
113192000: system.memobj: size 0x4
113192000: system.memobj: id 94061725222608
113192000: system.memobj: data_hex : 20100000 
113192000: system.memobj: data : 00100000000100000000000000000000 
113192000: system.memobj: hamming code addr: 601444 
113192000: system.memobj: hamming code out: 0 
113192000: system.memobj: find Error Bit index : 3 
113192000: system.memobj: hamming code addr: 601452 
113192000: system.memobj: hamming code out: 7 
113192000: system.memobj: hamming code addr: 601460 
113192000: system.memobj: hamming code out: 0 
113192000: system.memobj: hamming code addr: 601468 
113192000: system.memobj: hamming code out: 0 
113192000: system.memobj: fix data : 00000000000100000000000000000000 
113192000: system.memobj: -------------------------------------
113241000: system.memobj: mem->cpu Got response for addr 0xe338 , 58168
113241000: system.memobj: size 0x8
113241000: system.memobj: id 94061725222608
113241000: system.memobj: data_hex : FF8B15254A180048 
113241000: system.memobj: data : 1111111110001011000101010010010101001010000110000000000001001000 
113241000: system.memobj: fix data : 1111111110001011000101010010010101001010000110000000000001001000 
113241000: system.memobj: -------------------------------------
113290000: system.memobj: mem->cpu Got response for addr 0xe340 , 58176
113290000: system.memobj: size 0x8
113290000: system.memobj: id 94061725222320
113290000: system.memobj: data_hex : 8B4C2440FFCA4839 
113290000: system.memobj: data : 1000101101001100001001000100000011111111110010100100100000111001 
113290000: system.memobj: fix data : 1000101101001100001001000100000011111111110010100100100000111001 
113290000: system.memobj: -------------------------------------
113339000: system.memobj: mem->cpu Got response for addr 0x94a20 , 608800
113339000: system.memobj: size 0x8
113339000: system.memobj: id 94061725222608
113339000: system.memobj: data_hex : 7000000000000000 
113339000: system.memobj: data : 0111000000000000000000000000000000000000000000000000000000000000 
113339000: system.memobj: hamming code addr: 608800 
113339000: system.memobj: hamming code out: 1 
113339000: system.memobj: find Error Bit index : 2 
113339000: system.memobj: hamming code addr: 608808 
113339000: system.memobj: hamming code out: 0 
113339000: system.memobj: hamming code addr: 608816 
113339000: system.memobj: hamming code out: 0 
113339000: system.memobj: hamming code addr: 608824 
113339000: system.memobj: hamming code out: 0 
113339000: system.memobj: hamming code addr: 608832 
113339000: system.memobj: hamming code out: 0 
113339000: system.memobj: hamming code addr: 608840 
113339000: system.memobj: hamming code out: 0 
113339000: system.memobj: hamming code addr: 608848 
113339000: system.memobj: hamming code out: 0 
113339000: system.memobj: hamming code addr: 608856 
113339000: system.memobj: hamming code out: 0 
113339000: system.memobj: fix data : 0011000000000000000000000000000000000000000000000000000000000000 
113339000: system.memobj: -------------------------------------
113388000: system.memobj: mem->cpu Got response for addr 0xe340 , 58176
113388000: system.memobj: size 0x8
113388000: system.memobj: id 94061725222608
113388000: system.memobj: data_hex : 8B4C2440FFCA4839 
113388000: system.memobj: data : 1000101101001100001001000100000011111111110010100100100000111001 
113388000: system.memobj: fix data : 1000101101001100001001000100000011111111110010100100100000111001 
113388000: system.memobj: -------------------------------------
113437000: system.memobj: mem->cpu Got response for addr 0xe340 , 58176
113437000: system.memobj: size 0x8
113437000: system.memobj: id 94061725222320
113437000: system.memobj: data_hex : 8B4C2440FFCA4839 
113437000: system.memobj: data : 1000101101001100001001000100000011111111110010100100100000111001 
113437000: system.memobj: fix data : 1000101101001100001001000100000011111111110010100100100000111001 
113437000: system.memobj: -------------------------------------
113486000: system.memobj: mem->cpu Got response for addr 0xe348 , 58184
113486000: system.memobj: size 0x8
113486000: system.memobj: id 94061725222608
113486000: system.memobj: data_hex : 0D034A1800488954 
113486000: system.memobj: data : 0000110100000011010010100001100000000000010010001000100101010100 
113486000: system.memobj: fix data : 0000110100000011010010100001100000000000010010001000100101010100 
113486000: system.memobj: -------------------------------------
113535000: system.memobj: mem->cpu Got response for addr 0x92d50 , 601424
113535000: system.memobj: size 0x8
113535000: system.memobj: id 94061725222896
113535000: system.memobj: data_hex : 1000020000000000 
113535000: system.memobj: data : 0001000000000000000000100000000000000000000000000000000000000000 
113535000: system.memobj: hamming code addr: 601424 
113535000: system.memobj: hamming code out: 0 
113535000: system.memobj: find Error Bit index : 4 
113535000: system.memobj: hamming code addr: 601432 
113535000: system.memobj: hamming code out: 0 
113535000: system.memobj: hamming code addr: 601440 
113535000: system.memobj: hamming code out: 11 
113535000: system.memobj: hamming code addr: 601448 
113535000: system.memobj: hamming code out: 0 
113535000: system.memobj: hamming code addr: 601456 
113535000: system.memobj: hamming code out: 0 
113535000: system.memobj: hamming code addr: 601464 
113535000: system.memobj: hamming code out: 0 
113535000: system.memobj: hamming code addr: 601472 
113535000: system.memobj: hamming code out: 0 
113535000: system.memobj: hamming code addr: 601480 
113535000: system.memobj: hamming code out: 0 
113535000: system.memobj: fix data : 0000000000000000000000100000000000000000000000000000000000000000 
113535000: system.memobj: -------------------------------------
113584000: system.memobj: mem->cpu Got response for addr 0xe348 , 58184
113584000: system.memobj: size 0x8
113584000: system.memobj: id 94061725222896
113584000: system.memobj: data_hex : 0D034A1800488954 
113584000: system.memobj: data : 0000110100000011010010100001100000000000010010001000100101010100 
113584000: system.memobj: fix data : 0000110100000011010010100001100000000000010010001000100101010100 
113584000: system.memobj: -------------------------------------
113633000: system.memobj: mem->cpu Got response for addr 0xe350 , 58192
113633000: system.memobj: size 0x8
113633000: system.memobj: id 94061725222608
113633000: system.memobj: data_hex : 241877258B05024A 
113633000: system.memobj: data : 0010010000011000011101110010010110001011000001010000001001001010 
113633000: system.memobj: fix data : 0010010000011000011101110010010110001011000001010000001001001010 
113633000: system.memobj: -------------------------------------
113633000: system.memobj: cpu->mem Got request for addr 0x949f8 , 608760
113633000: system.memobj: size 0x8
113633000: system.memobj: id 94061725223184
113633000: system.memobj: data_hex : FF0F000000000000 
113633000: system.memobj: data : 1111111100001111000000000000000000000000000000000000000000000000 
113633000: system.memobj: hamming code addr: 608760 
113633000: system.memobj: hamming code : 3 
113633000: system.memobj: hamming code addr: 608768 
113633000: system.memobj: hamming code : 4 
113633000: system.memobj: hamming code addr: 608776 
113633000: system.memobj: hamming code : 0 
113633000: system.memobj: hamming code addr: 608784 
113633000: system.memobj: hamming code : 0 
113633000: system.memobj: hamming code addr: 608792 
113633000: system.memobj: hamming code : 0 
113633000: system.memobj: hamming code addr: 608800 
113633000: system.memobj: hamming code : 0 
113633000: system.memobj: hamming code addr: 608808 
113633000: system.memobj: hamming code : 0 
113633000: system.memobj: hamming code addr: 608816 
113633000: system.memobj: hamming code : 0 
113633000: system.memobj: Enter Error Bit index: 4 
113633000: system.memobj: flip data : 1110111100001111000000000000000000000000000000000000000000000000 
113633000: system.memobj: -------------------------------------
113703000: system.memobj: mem->cpu Got response for addr 0xe350 , 58192
113703000: system.memobj: size 0x8
113703000: system.memobj: id 94061725223184
113703000: system.memobj: data_hex : 241877258B05024A 
113703000: system.memobj: data : 0010010000011000011101110010010110001011000001010000001001001010 
113703000: system.memobj: fix data : 0010010000011000011101110010010110001011000001010000001001001010 
113703000: system.memobj: -------------------------------------
113752000: system.memobj: mem->cpu Got response for addr 0xe378 , 58232
113752000: system.memobj: size 0x8
113752000: system.memobj: id 94061725222608
113752000: system.memobj: data_hex : 004C8B730848895C 
113752000: system.memobj: data : 0000000001001100100010110111001100001000010010001000100101011100 
113752000: system.memobj: fix data : 0000000001001100100010110111001100001000010010001000100101011100 
113752000: system.memobj: -------------------------------------
113801000: system.memobj: mem->cpu Got response for addr 0x92520 , 599328
113801000: system.memobj: size 0x8
113801000: system.memobj: id 94061725223472
113801000: system.memobj: data_hex : 0000000000000000 
113801000: system.memobj: data : 0000000000000000000000000000000000000000000000000000000000000000 
113801000: system.memobj: fix data : 0000000000000000000000000000000000000000000000000000000000000000 
113801000: system.memobj: -------------------------------------
113850000: system.memobj: mem->cpu Got response for addr 0xe378 , 58232
113850000: system.memobj: size 0x8
113850000: system.memobj: id 94061725223472
113850000: system.memobj: data_hex : 004C8B730848895C 
113850000: system.memobj: data : 0000000001001100100010110111001100001000010010001000100101011100 
113850000: system.memobj: fix data : 0000000001001100100010110111001100001000010010001000100101011100 
113850000: system.memobj: -------------------------------------
113913000: system.memobj: mem->cpu Got response for addr 0xe380 , 58240
113913000: system.memobj: size 0x8
113913000: system.memobj: id 94061725222608
113913000: system.memobj: data_hex : 243048C744242000 
113913000: system.memobj: data : 0010010000110000010010001100011101000100001001000010000000000000 
113913000: system.memobj: fix data : 0010010000110000010010001100011101000100001001000010000000000000 
113913000: system.memobj: -------------------------------------
113913000: system.memobj: cpu->mem Got request for addr 0x94a10 , 608784
113913000: system.memobj: size 0x8
113913000: system.memobj: id 94061725223760
113913000: system.memobj: data_hex : 1825590000000000 
113913000: system.memobj: data : 0001100000100101010110010000000000000000000000000000000000000000 
113913000: system.memobj: hamming code addr: 608784 
113913000: system.memobj: hamming code : 14 
113913000: system.memobj: hamming code addr: 608792 
113913000: system.memobj: hamming code : 0 
113913000: system.memobj: hamming code addr: 608800 
113913000: system.memobj: hamming code : 7 
113913000: system.memobj: hamming code addr: 608808 
113913000: system.memobj: hamming code : 0 
113913000: system.memobj: hamming code addr: 608816 
113913000: system.memobj: hamming code : 0 
113913000: system.memobj: hamming code addr: 608824 
113913000: system.memobj: hamming code : 0 
113913000: system.memobj: hamming code addr: 608832 
113913000: system.memobj: hamming code : 0 
113913000: system.memobj: hamming code addr: 608840 
113913000: system.memobj: hamming code : 0 
113913000: system.memobj: Enter Error Bit index: 1 
113913000: system.memobj: flip data : 1001100000100101010110010000000000000000000000000000000000000000 
113913000: system.memobj: -------------------------------------
113983000: system.memobj: mem->cpu Got response for addr 0xe380 , 58240
113983000: system.memobj: size 0x8
113983000: system.memobj: id 94061725223760
113983000: system.memobj: data_hex : 243048C744242000 
113983000: system.memobj: data : 0010010000110000010010001100011101000100001001000010000000000000 
113983000: system.memobj: fix data : 0010010000110000010010001100011101000100001001000010000000000000 
113983000: system.memobj: -------------------------------------
114032000: system.memobj: mem->cpu Got response for addr 0xe388 , 58248
114032000: system.memobj: size 0x8
114032000: system.memobj: id 94061725222608
114032000: system.memobj: data_hex : 0000004983E6F849 
114032000: system.memobj: data : 0000000000000000000000000100100110000011111001101111100001001001 
114032000: system.memobj: fix data : 0000000000000000000000000100100110000011111001101111100001001001 
114032000: system.memobj: -------------------------------------
114032000: system.memobj: cpu->mem Got request for addr 0x94a00 , 608768
114032000: system.memobj: size 0x8
114032000: system.memobj: id 94061725224048
114032000: system.memobj: data_hex : 0000000000000000 
114032000: system.memobj: data : 0000000000000000000000000000000000000000000000000000000000000000 
114032000: system.memobj: hamming code addr: 608768 
114032000: system.memobj: hamming code : 0 
114032000: system.memobj: hamming code addr: 608776 
114032000: system.memobj: hamming code : 0 
114032000: system.memobj: hamming code addr: 608784 
114032000: system.memobj: hamming code : 0 
114032000: system.memobj: hamming code addr: 608792 
114032000: system.memobj: hamming code : 0 
114032000: system.memobj: hamming code addr: 608800 
114032000: system.memobj: hamming code : 0 
114032000: system.memobj: hamming code addr: 608808 
114032000: system.memobj: hamming code : 0 
114032000: system.memobj: hamming code addr: 608816 
114032000: system.memobj: hamming code : 0 
114032000: system.memobj: hamming code addr: 608824 
114032000: system.memobj: hamming code : 0 
114032000: system.memobj: Enter Error Bit index: 3 
114032000: system.memobj: flip data : 0010000000000000000000000000000000000000000000000000000000000000 
114032000: system.memobj: -------------------------------------
114102000: system.memobj: mem->cpu Got response for addr 0xe388 , 58248
114102000: system.memobj: size 0x8
114102000: system.memobj: id 94061725224048
114102000: system.memobj: data_hex : 0000004983E6F849 
114102000: system.memobj: data : 0000000000000000000000000100100110000011111001101111100001001001 
114102000: system.memobj: fix data : 0000000000000000000000000100100110000011111001101111100001001001 
114102000: system.memobj: -------------------------------------
114151000: system.memobj: mem->cpu Got response for addr 0xe388 , 58248
114151000: system.memobj: size 0x8
114151000: system.memobj: id 94061725222608
114151000: system.memobj: data_hex : 0000004983E6F849 
114151000: system.memobj: data : 0000000000000000000000000100100110000011111001101111100001001001 
114151000: system.memobj: fix data : 0000000000000000000000000100100110000011111001101111100001001001 
114151000: system.memobj: -------------------------------------
114200000: system.memobj: mem->cpu Got response for addr 0xe390 , 58256
114200000: system.memobj: size 0x8
114200000: system.memobj: id 94061725224048
114200000: system.memobj: data_hex : 81FD802459004A8D 
114200000: system.memobj: data : 1000000111111101100000000010010001011001000000000100101010001101 
114200000: system.memobj: fix data : 1000000111111101100000000010010001011001000000000100101010001101 
114200000: system.memobj: -------------------------------------
114249000: system.memobj: mem->cpu Got response for addr 0xe390 , 58256
114249000: system.memobj: size 0x8
114249000: system.memobj: id 94061725222608
114249000: system.memobj: data_hex : 81FD802459004A8D 
114249000: system.memobj: data : 1000000111111101100000000010010001011001000000000100101010001101 
114249000: system.memobj: fix data : 1000000111111101100000000010010001011001000000000100101010001101 
114249000: system.memobj: -------------------------------------
114298000: system.memobj: mem->cpu Got response for addr 0xe398 , 58264
114298000: system.memobj: size 0x8
114298000: system.memobj: id 94061725224048
114298000: system.memobj: data_hex : 043348894424280F 
114298000: system.memobj: data : 0000010000110011010010001000100101000100001001000010100000001111 
114298000: system.memobj: fix data : 0000010000110011010010001000100101000100001001000010100000001111 
114298000: system.memobj: -------------------------------------
114347000: system.memobj: mem->cpu Got response for addr 0xe398 , 58264
114347000: system.memobj: size 0x8
114347000: system.memobj: id 94061725224336
114347000: system.memobj: data_hex : 043348894424280F 
114347000: system.memobj: data : 0000010000110011010010001000100101000100001001000010100000001111 
114347000: system.memobj: fix data : 0000010000110011010010001000100101000100001001000010100000001111 
114347000: system.memobj: -------------------------------------
114347000: system.memobj: cpu->mem Got request for addr 0x94a08 , 608776
114347000: system.memobj: size 0x8
114347000: system.memobj: id 94061725224624
114347000: system.memobj: data_hex : 1825590000000000 
114347000: system.memobj: data : 0001100000100101010110010000000000000000000000000000000000000000 
114347000: system.memobj: hamming code addr: 608776 
114347000: system.memobj: hamming code : 14 
114347000: system.memobj: hamming code addr: 608784 
114347000: system.memobj: hamming code : 0 
114347000: system.memobj: hamming code addr: 608792 
114347000: system.memobj: hamming code : 7 
114347000: system.memobj: hamming code addr: 608800 
114347000: system.memobj: hamming code : 0 
114347000: system.memobj: hamming code addr: 608808 
114347000: system.memobj: hamming code : 0 
114347000: system.memobj: hamming code addr: 608816 
114347000: system.memobj: hamming code : 0 
114347000: system.memobj: hamming code addr: 608824 
114347000: system.memobj: hamming code : 0 
114347000: system.memobj: hamming code addr: 608832 
114347000: system.memobj: hamming code : 0 
114347000: system.memobj: Enter Error Bit index: 3 
114347000: system.memobj: flip data : 0011100000100101010110010000000000000000000000000000000000000000 
114347000: system.memobj: -------------------------------------
114417000: system.memobj: mem->cpu Got response for addr 0xe398 , 58264
114417000: system.memobj: size 0x8
114417000: system.memobj: id 94061725224624
114417000: system.memobj: data_hex : 043348894424280F 
114417000: system.memobj: data : 0000010000110011010010001000100101000100001001000010100000001111 
114417000: system.memobj: fix data : 0000010000110011010010001000100101000100001001000010100000001111 
114417000: system.memobj: -------------------------------------
114466000: system.memobj: mem->cpu Got response for addr 0xe3a0 , 58272
114466000: system.memobj: size 0x8
114466000: system.memobj: id 94061725224336
114466000: system.memobj: data_hex : 847F010000488B74 
114466000: system.memobj: data : 1000010001111111000000010000000000000000010010001000101101110100 
114466000: system.memobj: fix data : 1000010001111111000000010000000000000000010010001000101101110100 
114466000: system.memobj: -------------------------------------
114515000: system.memobj: mem->cpu Got response for addr 0xe520 , 58656
114515000: system.memobj: size 0x8
114515000: system.memobj: id 94061725224624
114515000: system.memobj: data_hex : D6F8FFFF488B4424 
114515000: system.memobj: data : 1101011011111000111111111111111101001000100010110100010000100100 
114515000: system.memobj: fix data : 1101011011111000111111111111111101001000100010110100010000100100 
114515000: system.memobj: -------------------------------------
114564000: system.memobj: mem->cpu Got response for addr 0xe528 , 58664
114564000: system.memobj: size 0x8
114564000: system.memobj: id 94061725224336
114564000: system.memobj: data_hex : 4048030518481800 
114564000: system.memobj: data : 0100000001001000000000110000010100011000010010000001100000000000 
114564000: system.memobj: fix data : 0100000001001000000000110000010100011000010010000001100000000000 
114564000: system.memobj: -------------------------------------
114613000: system.memobj: mem->cpu Got response for addr 0x94a20 , 608800
114613000: system.memobj: size 0x8
114613000: system.memobj: id 94061725224912
114613000: system.memobj: data_hex : 7000000000000000 
114613000: system.memobj: data : 0111000000000000000000000000000000000000000000000000000000000000 
114613000: system.memobj: hamming code addr: 608800 
114613000: system.memobj: hamming code out: 1 
114613000: system.memobj: find Error Bit index : 2 
114613000: system.memobj: hamming code addr: 608808 
114613000: system.memobj: hamming code out: 0 
114613000: system.memobj: hamming code addr: 608816 
114613000: system.memobj: hamming code out: 0 
114613000: system.memobj: hamming code addr: 608824 
114613000: system.memobj: hamming code out: 0 
114613000: system.memobj: hamming code addr: 608832 
114613000: system.memobj: hamming code out: 0 
114613000: system.memobj: hamming code addr: 608840 
114613000: system.memobj: hamming code out: 0 
114613000: system.memobj: hamming code addr: 608848 
114613000: system.memobj: hamming code out: 0 
114613000: system.memobj: hamming code addr: 608856 
114613000: system.memobj: hamming code out: 0 
114613000: system.memobj: fix data : 0011000000000000000000000000000000000000000000000000000000000000 
114613000: system.memobj: -------------------------------------
114662000: system.memobj: mem->cpu Got response for addr 0xe528 , 58664
114662000: system.memobj: size 0x8
114662000: system.memobj: id 94061725224912
114662000: system.memobj: data_hex : 4048030518481800 
114662000: system.memobj: data : 0100000001001000000000110000010100011000010010000001100000000000 
114662000: system.memobj: fix data : 0100000001001000000000110000010100011000010010000001100000000000 
114662000: system.memobj: -------------------------------------
114711000: system.memobj: mem->cpu Got response for addr 0x92d48 , 601416
114711000: system.memobj: size 0x8
114711000: system.memobj: id 94061725225200
114711000: system.memobj: data_hex : 0800020000000000 
114711000: system.memobj: data : 0000100000000000000000100000000000000000000000000000000000000000 
114711000: system.memobj: hamming code addr: 601416 
114711000: system.memobj: hamming code out: 0 
114711000: system.memobj: find Error Bit index : 5 
114711000: system.memobj: hamming code addr: 601424 
114711000: system.memobj: hamming code out: 0 
114711000: system.memobj: hamming code addr: 601432 
114711000: system.memobj: hamming code out: 11 
114711000: system.memobj: hamming code addr: 601440 
114711000: system.memobj: hamming code out: 0 
114711000: system.memobj: hamming code addr: 601448 
114711000: system.memobj: hamming code out: 0 
114711000: system.memobj: hamming code addr: 601456 
114711000: system.memobj: hamming code out: 0 
114711000: system.memobj: hamming code addr: 601464 
114711000: system.memobj: hamming code out: 0 
114711000: system.memobj: hamming code addr: 601472 
114711000: system.memobj: hamming code out: 0 
114711000: system.memobj: fix data : 0000000000000000000000100000000000000000000000000000000000000000 
114711000: system.memobj: -------------------------------------
114760000: system.memobj: mem->cpu Got response for addr 0xe530 , 58672
114760000: system.memobj: size 0x8
114760000: system.memobj: id 94061725225200
114760000: system.memobj: data_hex : 488B542418488D68 
114760000: system.memobj: data : 0100100010001011010101000010010000011000010010001000110101101000 
114760000: system.memobj: fix data : 0100100010001011010101000010010000011000010010001000110101101000 
114760000: system.memobj: -------------------------------------
114809000: system.memobj: mem->cpu Got response for addr 0x949f8 , 608760
114809000: system.memobj: size 0x8
114809000: system.memobj: id 94061725225488
114809000: system.memobj: data_hex : EF0F000000000000 
114809000: system.memobj: data : 1110111100001111000000000000000000000000000000000000000000000000 
114809000: system.memobj: hamming code addr: 608760 
114809000: system.memobj: hamming code out: 3 
114809000: system.memobj: find Error Bit index : 4 
114809000: system.memobj: hamming code addr: 608768 
114809000: system.memobj: hamming code out: 4 
114809000: system.memobj: hamming code addr: 608776 
114809000: system.memobj: hamming code out: 0 
114809000: system.memobj: hamming code addr: 608784 
114809000: system.memobj: hamming code out: 0 
114809000: system.memobj: hamming code addr: 608792 
114809000: system.memobj: hamming code out: 0 
114809000: system.memobj: hamming code addr: 608800 
114809000: system.memobj: hamming code out: 0 
114809000: system.memobj: hamming code addr: 608808 
114809000: system.memobj: hamming code out: 0 
114809000: system.memobj: hamming code addr: 608816 
114809000: system.memobj: hamming code out: 0 
114809000: system.memobj: fix data : 1111111100001111000000000000000000000000000000000000000000000000 
114809000: system.memobj: -------------------------------------
114858000: system.memobj: mem->cpu Got response for addr 0xe530 , 58672
114858000: system.memobj: size 0x8
114858000: system.memobj: id 94061725225488
114858000: system.memobj: data_hex : 488B542418488D68 
114858000: system.memobj: data : 0100100010001011010101000010010000011000010010001000110101101000 
114858000: system.memobj: fix data : 0100100010001011010101000010010000011000010010001000110101101000 
114858000: system.memobj: -------------------------------------
114921000: system.memobj: mem->cpu Got response for addr 0xe538 , 58680
114921000: system.memobj: size 0x8
114921000: system.memobj: id 94061725225200
114921000: system.memobj: data_hex : 204889E84C29F0F6 
114921000: system.memobj: data : 0010000001001000100010011110100001001100001010011111000011110110 
114921000: system.memobj: fix data : 0010000001001000100010011110100001001100001010011111000011110110 
114921000: system.memobj: -------------------------------------
114970000: system.memobj: mem->cpu Got response for addr 0xe538 , 58680
114970000: system.memobj: size 0x8
114970000: system.memobj: id 94061725225776
114970000: system.memobj: data_hex : 204889E84C29F0F6 
114970000: system.memobj: data : 0010000001001000100010011110100001001100001010011111000011110110 
114970000: system.memobj: fix data : 0010000001001000100010011110100001001100001010011111000011110110 
114970000: system.memobj: -------------------------------------
115019000: system.memobj: mem->cpu Got response for addr 0xe538 , 58680
115019000: system.memobj: size 0x8
115019000: system.memobj: id 94061725225200
115019000: system.memobj: data_hex : 204889E84C29F0F6 
115019000: system.memobj: data : 0010000001001000100010011110100001001100001010011111000011110110 
115019000: system.memobj: fix data : 0010000001001000100010011110100001001100001010011111000011110110 
115019000: system.memobj: -------------------------------------
115068000: system.memobj: mem->cpu Got response for addr 0xe538 , 58680
115068000: system.memobj: size 0x8
115068000: system.memobj: id 94061725225776
115068000: system.memobj: data_hex : 204889E84C29F0F6 
115068000: system.memobj: data : 0010000001001000100010011110100001001100001010011111000011110110 
115068000: system.memobj: fix data : 0010000001001000100010011110100001001100001010011111000011110110 
115068000: system.memobj: -------------------------------------
115117000: system.memobj: mem->cpu Got response for addr 0xe540 , 58688
115117000: system.memobj: size 0x8
115117000: system.memobj: id 94061725225200
115117000: system.memobj: data_hex : 05623F180002480F 
115117000: system.memobj: data : 0000010101100010001111110001100000000000000000100100100000001111 
115117000: system.memobj: fix data : 0000010101100010001111110001100000000000000000100100100000001111 
115117000: system.memobj: -------------------------------------
115137000: system.memobj: mem->cpu Got response for addr 0x924a8 , 599208
115137000: system.memobj: size 0x1
115137000: system.memobj: id 94061725226064
115137000: system.memobj: data_hex : D1 
115137000: system.memobj: data : 11010001 
115137000: system.memobj: hamming code addr: 599208 
115137000: system.memobj: hamming code out: 14 
115137000: system.memobj: find Error Bit index : 1 
115137000: system.memobj: fix data : 01010001 
115137000: system.memobj: -------------------------------------
115186000: system.memobj: mem->cpu Got response for addr 0xe540 , 58688
115186000: system.memobj: size 0x8
115186000: system.memobj: id 94061725226064
115186000: system.memobj: data_hex : 05623F180002480F 
115186000: system.memobj: data : 0000010101100010001111110001100000000000000000100100100000001111 
115186000: system.memobj: fix data : 0000010101100010001111110001100000000000000000100100100000001111 
115186000: system.memobj: -------------------------------------
115235000: system.memobj: mem->cpu Got response for addr 0xe548 , 58696
115235000: system.memobj: size 0x8
115235000: system.memobj: id 94061725225200
115235000: system.memobj: data_hex : 44E8488D44150048 
115235000: system.memobj: data : 0100010011101000010010001000110101000100000101010000000001001000 
115235000: system.memobj: fix data : 0100010011101000010010001000110101000100000101010000000001001000 
115235000: system.memobj: -------------------------------------
115284000: system.memobj: mem->cpu Got response for addr 0xe548 , 58696
115284000: system.memobj: size 0x8
115284000: system.memobj: id 94061725226064
115284000: system.memobj: data_hex : 44E8488D44150048 
115284000: system.memobj: data : 0100010011101000010010001000110101000100000101010000000001001000 
115284000: system.memobj: fix data : 0100010011101000010010001000110101000100000101010000000001001000 
115284000: system.memobj: -------------------------------------
115333000: system.memobj: mem->cpu Got response for addr 0xe548 , 58696
115333000: system.memobj: size 0x8
115333000: system.memobj: id 94061725226352
115333000: system.memobj: data_hex : 44E8488D44150048 
115333000: system.memobj: data : 0100010011101000010010001000110101000100000101010000000001001000 
115333000: system.memobj: fix data : 0100010011101000010010001000110101000100000101010000000001001000 
115333000: system.memobj: -------------------------------------
115382000: system.memobj: mem->cpu Got response for addr 0xe550 , 58704
115382000: system.memobj: size 0x8
115382000: system.memobj: id 94061725226064
115382000: system.memobj: data_hex : F7D24889D5488954 
115382000: system.memobj: data : 1111011111010010010010001000100111010101010010001000100101010100 
115382000: system.memobj: fix data : 1111011111010010010010001000100111010101010010001000100101010100 
115382000: system.memobj: -------------------------------------
115431000: system.memobj: mem->cpu Got response for addr 0xe550 , 58704
115431000: system.memobj: size 0x8
115431000: system.memobj: id 94061725226352
115431000: system.memobj: data_hex : F7D24889D5488954 
115431000: system.memobj: data : 1111011111010010010010001000100111010101010010001000100101010100 
115431000: system.memobj: fix data : 1111011111010010010010001000100111010101010010001000100101010100 
115431000: system.memobj: -------------------------------------
115480000: system.memobj: mem->cpu Got response for addr 0xe550 , 58704
115480000: system.memobj: size 0x8
115480000: system.memobj: id 94061725226064
115480000: system.memobj: data_hex : F7D24889D5488954 
115480000: system.memobj: data : 1111011111010010010010001000100111010101010010001000100101010100 
115480000: system.memobj: fix data : 1111011111010010010010001000100111010101010010001000100101010100 
115480000: system.memobj: -------------------------------------
115529000: system.memobj: mem->cpu Got response for addr 0xe558 , 58712
115529000: system.memobj: size 0x8
115529000: system.memobj: id 94061725226352
115529000: system.memobj: data_hex : 24104821C50F8E87 
115529000: system.memobj: data : 0010010000010000010010000010000111000101000011111000111010000111 
115529000: system.memobj: fix data : 0010010000010000010010000010000111000101000011111000111010000111 
115529000: system.memobj: -------------------------------------
115529000: system.memobj: cpu->mem Got request for addr 0x949f0 , 608752
115529000: system.memobj: size 0x8
115529000: system.memobj: id 94061725226640
115529000: system.memobj: data_hex : 00F0FFFFFFFFFFFF 
115529000: system.memobj: data : 0000000011110000111111111111111111111111111111111111111111111111 
115529000: system.memobj: hamming code addr: 608752 
115529000: system.memobj: hamming code : 0 
115529000: system.memobj: hamming code addr: 608760 
115529000: system.memobj: hamming code : 7 
115529000: system.memobj: hamming code addr: 608768 
115529000: system.memobj: hamming code : 3 
115529000: system.memobj: hamming code addr: 608776 
115529000: system.memobj: hamming code : 3 
115529000: system.memobj: hamming code addr: 608784 
115529000: system.memobj: hamming code : 3 
115529000: system.memobj: hamming code addr: 608792 
115529000: system.memobj: hamming code : 3 
115529000: system.memobj: hamming code addr: 608800 
115529000: system.memobj: hamming code : 3 
115529000: system.memobj: hamming code addr: 608808 
115529000: system.memobj: hamming code : 3 
115529000: system.memobj: Enter Error Bit index: 3 
115529000: system.memobj: flip data : 0010000011110000111111111111111111111111111111111111111111111111 
115529000: system.memobj: -------------------------------------
115599000: system.memobj: mem->cpu Got response for addr 0xe558 , 58712
115599000: system.memobj: size 0x8
115599000: system.memobj: id 94061725226640
115599000: system.memobj: data_hex : 24104821C50F8E87 
115599000: system.memobj: data : 0010010000010000010010000010000111000101000011111000111010000111 
115599000: system.memobj: fix data : 0010010000010000010010000010000111000101000011111000111010000111 
115599000: system.memobj: -------------------------------------
115648000: system.memobj: mem->cpu Got response for addr 0xe558 , 58712
115648000: system.memobj: size 0x8
115648000: system.memobj: id 94061725226352
115648000: system.memobj: data_hex : 24104821C50F8E87 
115648000: system.memobj: data : 0010010000010000010010000010000111000101000011111000111010000111 
115648000: system.memobj: fix data : 0010010000010000010010000010000111000101000011111000111010000111 
115648000: system.memobj: -------------------------------------
115697000: system.memobj: mem->cpu Got response for addr 0xe560 , 58720
115697000: system.memobj: size 0x8
115697000: system.memobj: id 94061725226640
115697000: system.memobj: data_hex : 0000004889EFFF15 
115697000: system.memobj: data : 0000000000000000000000000100100010001001111011111111111100010101 
115697000: system.memobj: fix data : 0000000000000000000000000100100010001001111011111111111100010101 
115697000: system.memobj: -------------------------------------
115760000: system.memobj: mem->cpu Got response for addr 0xe560 , 58720
115760000: system.memobj: size 0x8
115760000: system.memobj: id 94061725226352
115760000: system.memobj: data_hex : 0000004889EFFF15 
115760000: system.memobj: data : 0000000000000000000000000100100010001001111011111111111100010101 
115760000: system.memobj: fix data : 0000000000000000000000000100100010001001111011111111111100010101 
115760000: system.memobj: -------------------------------------
115809000: system.memobj: mem->cpu Got response for addr 0xe560 , 58720
115809000: system.memobj: size 0x8
115809000: system.memobj: id 94061725226640
115809000: system.memobj: data_hex : 0000004889EFFF15 
115809000: system.memobj: data : 0000000000000000000000000100100010001001111011111111111100010101 
115809000: system.memobj: fix data : 0000000000000000000000000100100010001001111011111111111100010101 
115809000: system.memobj: -------------------------------------
115858000: system.memobj: mem->cpu Got response for addr 0xe568 , 58728
115858000: system.memobj: size 0x8
115858000: system.memobj: id 94061725226352
115858000: system.memobj: data_hex : 942117004885C049 
115858000: system.memobj: data : 1001010000100001000101110000000001001000100001011100000001001001 
115858000: system.memobj: fix data : 1001010000100001000101110000000001001000100001011100000001001001 
115858000: system.memobj: -------------------------------------
115921000: system.memobj: mem->cpu Got response for addr 0x80700 , 526080
115921000: system.memobj: size 0x8
115921000: system.memobj: id 94061725227216
115921000: system.memobj: data_hex : 9015410000000000 
115921000: system.memobj: data : 1001000000010101010000010000000000000000000000000000000000000000 
115921000: system.memobj: fix data : 1001000000010101010000010000000000000000000000000000000000000000 
115921000: system.memobj: -------------------------------------
115921000: system.memobj: cpu->mem Got request for addr 0x949d8 , 608728
115921000: system.memobj: size 0x8
115921000: system.memobj: id 94061725227216
115921000: system.memobj: data_hex : 6CE5400000000000 
115921000: system.memobj: data : 0110110011100101010000000000000000000000000000000000000000000000 
115921000: system.memobj: hamming code addr: 608728 
115921000: system.memobj: hamming code : 0 
115921000: system.memobj: hamming code addr: 608736 
115921000: system.memobj: hamming code : 6 
115921000: system.memobj: hamming code addr: 608744 
115921000: system.memobj: hamming code : 5 
115921000: system.memobj: hamming code addr: 608752 
115921000: system.memobj: hamming code : 0 
115921000: system.memobj: hamming code addr: 608760 
115921000: system.memobj: hamming code : 0 
115921000: system.memobj: hamming code addr: 608768 
115921000: system.memobj: hamming code : 0 
115921000: system.memobj: hamming code addr: 608776 
115921000: system.memobj: hamming code : 0 
115921000: system.memobj: hamming code addr: 608784 
115921000: system.memobj: hamming code : 0 
115921000: system.memobj: Enter Error Bit index: 1 
115921000: system.memobj: flip data : 1110110011100101010000000000000000000000000000000000000000000000 
115921000: system.memobj: -------------------------------------
116005000: system.memobj: mem->cpu Got response for addr 0x11590 , 71056
116005000: system.memobj: size 0x8
116005000: system.memobj: id 94061725227216
116005000: system.memobj: data_hex : 4883EC08E8E72100 
116005000: system.memobj: data : 0100100010000011111011000000100011101000111001110010000100000000 
116005000: system.memobj: fix data : 0100100010000011111011000000100011101000111001110010000100000000 
116005000: system.memobj: -------------------------------------
116054000: system.memobj: mem->cpu Got response for addr 0x11590 , 71056
116054000: system.memobj: size 0x8
116054000: system.memobj: id 94061725226352
116054000: system.memobj: data_hex : 4883EC08E8E72100 
116054000: system.memobj: data : 0100100010000011111011000000100011101000111001110010000100000000 
116054000: system.memobj: fix data : 0100100010000011111011000000100011101000111001110010000100000000 
116054000: system.memobj: -------------------------------------
116103000: system.memobj: mem->cpu Got response for addr 0x11598 , 71064
116103000: system.memobj: size 0x8
116103000: system.memobj: id 94061725227216
116103000: system.memobj: data_hex : 004889C231C04883 
116103000: system.memobj: data : 0000000001001000100010011100001000110001110000000100100010000011 
116103000: system.memobj: fix data : 0000000001001000100010011100001000110001110000000100100010000011 
116103000: system.memobj: -------------------------------------
116103000: system.memobj: cpu->mem Got request for addr 0x949c8 , 608712
116103000: system.memobj: size 0x8
116103000: system.memobj: id 94061725227504
116103000: system.memobj: data_hex : 9915410000000000 
116103000: system.memobj: data : 1001100100010101010000010000000000000000000000000000000000000000 
116103000: system.memobj: hamming code addr: 608712 
116103000: system.memobj: hamming code : 1 
116103000: system.memobj: hamming code addr: 608720 
116103000: system.memobj: hamming code : 1 
116103000: system.memobj: hamming code addr: 608728 
116103000: system.memobj: hamming code : 9 
116103000: system.memobj: hamming code addr: 608736 
116103000: system.memobj: hamming code : 0 
116103000: system.memobj: hamming code addr: 608744 
116103000: system.memobj: hamming code : 0 
116103000: system.memobj: hamming code addr: 608752 
116103000: system.memobj: hamming code : 0 
116103000: system.memobj: hamming code addr: 608760 
116103000: system.memobj: hamming code : 0 
116103000: system.memobj: hamming code addr: 608768 
116103000: system.memobj: hamming code : 0 
116103000: system.memobj: Enter Error Bit index: 6 
116103000: system.memobj: flip data : 1001110100010101010000010000000000000000000000000000000000000000 
116103000: system.memobj: -------------------------------------
116201000: system.memobj: mem->cpu Got response for addr 0x13780 , 79744
116201000: system.memobj: size 0x8
116201000: system.memobj: id 94061725227504
116201000: system.memobj: data_hex : 48895C24F048896C 
116201000: system.memobj: data : 0100100010001001010111000010010011110000010010001000100101101100 
116201000: system.memobj: fix data : 0100100010001001010111000010010011110000010010001000100101101100 
116201000: system.memobj: -------------------------------------
116201000: system.memobj: cpu->mem Got request for addr 0x949b8 , 608696
116201000: system.memobj: size 0x8
116201000: system.memobj: id 94061725227216
116201000: system.memobj: data_hex : 1825590000000000 
116201000: system.memobj: data : 0001100000100101010110010000000000000000000000000000000000000000 
116201000: system.memobj: hamming code addr: 608696 
116201000: system.memobj: hamming code : 14 
116201000: system.memobj: hamming code addr: 608704 
116201000: system.memobj: hamming code : 0 
116201000: system.memobj: hamming code addr: 608712 
116201000: system.memobj: hamming code : 7 
116201000: system.memobj: hamming code addr: 608720 
116201000: system.memobj: hamming code : 0 
116201000: system.memobj: hamming code addr: 608728 
116201000: system.memobj: hamming code : 0 
116201000: system.memobj: hamming code addr: 608736 
116201000: system.memobj: hamming code : 0 
116201000: system.memobj: hamming code addr: 608744 
116201000: system.memobj: hamming code : 0 
116201000: system.memobj: hamming code addr: 608752 
116201000: system.memobj: hamming code : 0 
116201000: system.memobj: Enter Error Bit index: 3 
116201000: system.memobj: flip data : 0011100000100101010110010000000000000000000000000000000000000000 
116201000: system.memobj: -------------------------------------
116399000: system.memobj: mem->cpu Got response for addr 0x13780 , 79744
116399000: system.memobj: size 0x8
116399000: system.memobj: id 94061725227216
116399000: system.memobj: data_hex : 48895C24F048896C 
116399000: system.memobj: data : 0100100010001001010111000010010011110000010010001000100101101100 
116399000: system.memobj: fix data : 0100100010001001010111000010010011110000010010001000100101101100 
116399000: system.memobj: -------------------------------------
116448000: system.memobj: mem->cpu Got response for addr 0x13788 , 79752
116448000: system.memobj: size 0x8
116448000: system.memobj: id 94061725227504
116448000: system.memobj: data_hex : 24F84883EC18488B 
116448000: system.memobj: data : 0010010011111000010010001000001111101100000110000100100010001011 
116448000: system.memobj: fix data : 0010010011111000010010001000001111101100000110000100100010001011 
116448000: system.memobj: -------------------------------------
116448000: system.memobj: cpu->mem Got request for addr 0x949c0 , 608704
116448000: system.memobj: size 0x8
116448000: system.memobj: id 94061725227216
116448000: system.memobj: data_hex : 0010020000000000 
116448000: system.memobj: data : 0000000000010000000000100000000000000000000000000000000000000000 
116448000: system.memobj: hamming code addr: 608704 
116448000: system.memobj: hamming code : 0 
116448000: system.memobj: hamming code addr: 608712 
116448000: system.memobj: hamming code : 7 
116448000: system.memobj: hamming code addr: 608720 
116448000: system.memobj: hamming code : 11 
116448000: system.memobj: hamming code addr: 608728 
116448000: system.memobj: hamming code : 0 
116448000: system.memobj: hamming code addr: 608736 
116448000: system.memobj: hamming code : 0 
116448000: system.memobj: hamming code addr: 608744 
116448000: system.memobj: hamming code : 0 
116448000: system.memobj: hamming code addr: 608752 
116448000: system.memobj: hamming code : 0 
116448000: system.memobj: hamming code addr: 608760 
116448000: system.memobj: hamming code : 0 
116448000: system.memobj: Enter Error Bit index: 5 
116448000: system.memobj: flip data : 0000100000010000000000100000000000000000000000000000000000000000 
116448000: system.memobj: -------------------------------------
116518000: system.memobj: mem->cpu Got response for addr 0x13788 , 79752
116518000: system.memobj: size 0x8
116518000: system.memobj: id 94061725227216
116518000: system.memobj: data_hex : 24F84883EC18488B 
116518000: system.memobj: data : 0010010011111000010010001000001111101100000110000100100010001011 
116518000: system.memobj: fix data : 0010010011111000010010001000001111101100000110000100100010001011 
116518000: system.memobj: -------------------------------------
116567000: system.memobj: mem->cpu Got response for addr 0x13788 , 79752
116567000: system.memobj: size 0x8
116567000: system.memobj: id 94061725227504
116567000: system.memobj: data_hex : 24F84883EC18488B 
116567000: system.memobj: data : 0010010011111000010010001000001111101100000110000100100010001011 
116567000: system.memobj: fix data : 0010010011111000010010001000001111101100000110000100100010001011 
116567000: system.memobj: -------------------------------------
116616000: system.memobj: mem->cpu Got response for addr 0x13790 , 79760
116616000: system.memobj: size 0x8
116616000: system.memobj: id 94061725227216
116616000: system.memobj: data_hex : 1D5BF917004889FD 
116616000: system.memobj: data : 0001110101011011111110010001011100000000010010001000100111111101 
116616000: system.memobj: fix data : 0001110101011011111110010001011100000000010010001000100111111101 
116616000: system.memobj: -------------------------------------
116693000: system.memobj: mem->cpu Got response for addr 0x930f0 , 602352
116693000: system.memobj: size 0x8
116693000: system.memobj: id 94061725227792
116693000: system.memobj: data_hex : 0000000000000000 
116693000: system.memobj: data : 0000000000000000000000000000000000000000000000000000000000000000 
116693000: system.memobj: fix data : 0000000000000000000000000000000000000000000000000000000000000000 
116693000: system.memobj: -------------------------------------
116770000: system.memobj: mem->cpu Got response for addr 0x13790 , 79760
116770000: system.memobj: size 0x8
116770000: system.memobj: id 94061725227792
116770000: system.memobj: data_hex : 1D5BF917004889FD 
116770000: system.memobj: data : 0001110101011011111110010001011100000000010010001000100111111101 
116770000: system.memobj: fix data : 0001110101011011111110010001011100000000010010001000100111111101 
116770000: system.memobj: -------------------------------------
116819000: system.memobj: mem->cpu Got response for addr 0x13798 , 79768
116819000: system.memobj: size 0x8
116819000: system.memobj: id 94061725227216
116819000: system.memobj: data_hex : 4885DB740A8B050D 
116819000: system.memobj: data : 0100100010000101110110110111010000001010100010110000010100001101 
116819000: system.memobj: fix data : 0100100010000101110110110111010000001010100010110000010100001101 
116819000: system.memobj: -------------------------------------
117130000: system.memobj: mem->cpu Got response for addr 0x13798 , 79768
117130000: system.memobj: size 0x8
117130000: system.memobj: id 94061725227792
117130000: system.memobj: data_hex : 4885DB740A8B050D 
117130000: system.memobj: data : 0100100010000101110110110111010000001010100010110000010100001101 
117130000: system.memobj: fix data : 0100100010000101110110110111010000001010100010110000010100001101 
117130000: system.memobj: -------------------------------------
117179000: system.memobj: mem->cpu Got response for addr 0x137a0 , 79776
117179000: system.memobj: size 0x8
117179000: system.memobj: id 94061725227216
117179000: system.memobj: data_hex : D0160085C0741931 
117179000: system.memobj: data : 1101000000010110000000001000010111000000011101000001100100110001 
117179000: system.memobj: fix data : 1101000000010110000000001000010111000000011101000001100100110001 
117179000: system.memobj: -------------------------------------
117228000: system.memobj: mem->cpu Got response for addr 0x137a8 , 79784
117228000: system.memobj: size 0x8
117228000: system.memobj: id 94061725227792
117228000: system.memobj: data_hex : FFE852D9010085C0 
117228000: system.memobj: data : 1111111111101000010100101101100100000001000000001000010111000000 
117228000: system.memobj: fix data : 1111111111101000010100101101100100000001000000001000010111000000 
117228000: system.memobj: -------------------------------------
117277000: system.memobj: mem->cpu Got response for addr 0x137a8 , 79784
117277000: system.memobj: size 0x8
117277000: system.memobj: id 94061725227216
117277000: system.memobj: data_hex : FFE852D9010085C0 
117277000: system.memobj: data : 1111111111101000010100101101100100000001000000001000010111000000 
117277000: system.memobj: fix data : 1111111111101000010100101101100100000001000000001000010111000000 
117277000: system.memobj: -------------------------------------
117277000: system.memobj: cpu->mem Got request for addr 0x949a8 , 608680
117277000: system.memobj: size 0x8
117277000: system.memobj: id 94061725228080
117277000: system.memobj: data_hex : AE37410000000000 
117277000: system.memobj: data : 1010111000110111010000010000000000000000000000000000000000000000 
117277000: system.memobj: hamming code addr: 608680 
117277000: system.memobj: hamming code : 13 
117277000: system.memobj: hamming code addr: 608688 
117277000: system.memobj: hamming code : 12 
117277000: system.memobj: hamming code addr: 608696 
117277000: system.memobj: hamming code : 9 
117277000: system.memobj: hamming code addr: 608704 
117277000: system.memobj: hamming code : 0 
117277000: system.memobj: hamming code addr: 608712 
117277000: system.memobj: hamming code : 0 
117277000: system.memobj: hamming code addr: 608720 
117277000: system.memobj: hamming code : 0 
117277000: system.memobj: hamming code addr: 608728 
117277000: system.memobj: hamming code : 0 
117277000: system.memobj: hamming code addr: 608736 
117277000: system.memobj: hamming code : 0 
117277000: system.memobj: Enter Error Bit index: 1 
117277000: system.memobj: flip data : 0010111000110111010000010000000000000000000000000000000000000000 
117277000: system.memobj: -------------------------------------
117361000: system.memobj: mem->cpu Got response for addr 0x31100 , 200960
117361000: system.memobj: size 0x8
117361000: system.memobj: id 94061725228080
117361000: system.memobj: data_hex : 48896C24F848895C 
117361000: system.memobj: data : 0100100010001001011011000010010011111000010010001000100101011100 
117361000: system.memobj: fix data : 0100100010001001011011000010010011111000010010001000100101011100 
117361000: system.memobj: -------------------------------------
117361000: system.memobj: cpu->mem Got request for addr 0x949a0 , 608672
117361000: system.memobj: size 0x8
117361000: system.memobj: id 94061725227216
117361000: system.memobj: data_hex : 0010020000000000 
117361000: system.memobj: data : 0000000000010000000000100000000000000000000000000000000000000000 
117361000: system.memobj: hamming code addr: 608672 
117361000: system.memobj: hamming code : 0 
117361000: system.memobj: hamming code addr: 608680 
117361000: system.memobj: hamming code : 7 
117361000: system.memobj: hamming code addr: 608688 
117361000: system.memobj: hamming code : 11 
117361000: system.memobj: hamming code addr: 608696 
117361000: system.memobj: hamming code : 0 
117361000: system.memobj: hamming code addr: 608704 
117361000: system.memobj: hamming code : 0 
117361000: system.memobj: hamming code addr: 608712 
117361000: system.memobj: hamming code : 0 
117361000: system.memobj: hamming code addr: 608720 
117361000: system.memobj: hamming code : 0 
117361000: system.memobj: hamming code addr: 608728 
117361000: system.memobj: hamming code : 0 
117361000: system.memobj: Enter Error Bit index: 6 
117361000: system.memobj: flip data : 0000010000010000000000100000000000000000000000000000000000000000 
117361000: system.memobj: -------------------------------------
117431000: system.memobj: mem->cpu Got response for addr 0x31100 , 200960
117431000: system.memobj: size 0x8
117431000: system.memobj: id 94061725227216
117431000: system.memobj: data_hex : 48896C24F848895C 
117431000: system.memobj: data : 0100100010001001011011000010010011111000010010001000100101011100 
117431000: system.memobj: fix data : 0100100010001001011011000010010011111000010010001000100101011100 
117431000: system.memobj: -------------------------------------
117480000: system.memobj: mem->cpu Got response for addr 0x31108 , 200968
117480000: system.memobj: size 0x8
117480000: system.memobj: id 94061725228080
117480000: system.memobj: data_hex : 24F04889FD4883EC 
117480000: system.memobj: data : 0010010011110000010010001000100111111101010010001000001111101100 
117480000: system.memobj: fix data : 0010010011110000010010001000100111111101010010001000001111101100 
117480000: system.memobj: -------------------------------------
117480000: system.memobj: cpu->mem Got request for addr 0x94998 , 608664
117480000: system.memobj: size 0x8
117480000: system.memobj: id 94061725227216
117480000: system.memobj: data_hex : 0000000000000000 
117480000: system.memobj: data : 0000000000000000000000000000000000000000000000000000000000000000 
117480000: system.memobj: hamming code addr: 608664 
117480000: system.memobj: hamming code : 0 
117480000: system.memobj: hamming code addr: 608672 
117480000: system.memobj: hamming code : 0 
117480000: system.memobj: hamming code addr: 608680 
117480000: system.memobj: hamming code : 0 
117480000: system.memobj: hamming code addr: 608688 
117480000: system.memobj: hamming code : 0 
117480000: system.memobj: hamming code addr: 608696 
117480000: system.memobj: hamming code : 0 
117480000: system.memobj: hamming code addr: 608704 
117480000: system.memobj: hamming code : 0 
117480000: system.memobj: hamming code addr: 608712 
117480000: system.memobj: hamming code : 0 
117480000: system.memobj: hamming code addr: 608720 
117480000: system.memobj: hamming code : 0 
117480000: system.memobj: Enter Error Bit index: 1 
117480000: system.memobj: flip data : 1000000000000000000000000000000000000000000000000000000000000000 
117480000: system.memobj: -------------------------------------
117550000: system.memobj: mem->cpu Got response for addr 0x31108 , 200968
117550000: system.memobj: size 0x8
117550000: system.memobj: id 94061725227216
117550000: system.memobj: data_hex : 24F04889FD4883EC 
117550000: system.memobj: data : 0010010011110000010010001000100111111101010010001000001111101100 
117550000: system.memobj: fix data : 0010010011110000010010001000100111111101010010001000001111101100 
117550000: system.memobj: -------------------------------------
117599000: system.memobj: mem->cpu Got response for addr 0x31108 , 200968
117599000: system.memobj: size 0x8
117599000: system.memobj: id 94061725228080
117599000: system.memobj: data_hex : 24F04889FD4883EC 
117599000: system.memobj: data : 0010010011110000010010001000100111111101010010001000001111101100 
117599000: system.memobj: fix data : 0010010011110000010010001000100111111101010010001000001111101100 
117599000: system.memobj: -------------------------------------
117648000: system.memobj: mem->cpu Got response for addr 0x31110 , 200976
117648000: system.memobj: size 0x8
117648000: system.memobj: id 94061725227216
117648000: system.memobj: data_hex : 18B80C0000000F05 
117648000: system.memobj: data : 0001100010111000000011000000000000000000000000000000111100000101 
117648000: system.memobj: fix data : 0001100010111000000011000000000000000000000000000000111100000101 
117648000: system.memobj: -------------------------------------
117697000: system.memobj: mem->cpu Got response for addr 0x31110 , 200976
117697000: system.memobj: size 0x8
117697000: system.memobj: id 94061725228080
117697000: system.memobj: data_hex : 18B80C0000000F05 
117697000: system.memobj: data : 0001100010111000000011000000000000000000000000000000111100000101 
117697000: system.memobj: fix data : 0001100010111000000011000000000000000000000000000000111100000101 
117697000: system.memobj: -------------------------------------
117746000: system.memobj: mem->cpu Got response for addr 0x31110 , 200976
117746000: system.memobj: size 0x8
117746000: system.memobj: id 94061725227216
117746000: system.memobj: data_hex : 18B80C0000000F05 
117746000: system.memobj: data : 0001100010111000000011000000000000000000000000000000111100000101 
117746000: system.memobj: fix data : 0001100010111000000011000000000000000000000000000000111100000101 
117746000: system.memobj: -------------------------------------
117795000: system.memobj: mem->cpu Got response for addr 0x31118 , 200984
117795000: system.memobj: size 0x8
117795000: system.memobj: id 94061725227216
117795000: system.memobj: data_hex : 483D00F0FFFF4889 
117795000: system.memobj: data : 0100100000111101000000001111000011111111111111110100100010001001 
117795000: system.memobj: fix data : 0100100000111101000000001111000011111111111111110100100010001001 
117795000: system.memobj: -------------------------------------
117844000: system.memobj: mem->cpu Got response for addr 0x31118 , 200984
117844000: system.memobj: size 0x8
117844000: system.memobj: id 94061725228080
117844000: system.memobj: data_hex : 483D00F0FFFF4889 
117844000: system.memobj: data : 0100100000111101000000001111000011111111111111110100100010001001 
117844000: system.memobj: fix data : 0100100000111101000000001111000011111111111111110100100010001001 
117844000: system.memobj: -------------------------------------
117893000: system.memobj: mem->cpu Got response for addr 0x31120 , 200992
117893000: system.memobj: size 0x8
117893000: system.memobj: id 94061725227216
117893000: system.memobj: data_hex : C3772F31C04839EB 
117893000: system.memobj: data : 1100001101110111001011110011000111000000010010000011100111101011 
117893000: system.memobj: fix data : 1100001101110111001011110011000111000000010010000011100111101011 
117893000: system.memobj: -------------------------------------
117942000: system.memobj: mem->cpu Got response for addr 0x31120 , 200992
117942000: system.memobj: size 0x8
117942000: system.memobj: id 94061725228080
117942000: system.memobj: data_hex : C3772F31C04839EB 
117942000: system.memobj: data : 1100001101110111001011110011000111000000010010000011100111101011 
117942000: system.memobj: fix data : 1100001101110111001011110011000111000000010010000011100111101011 
117942000: system.memobj: -------------------------------------
117991000: system.memobj: mem->cpu Got response for addr 0x31120 , 200992
117991000: system.memobj: size 0x8
117991000: system.memobj: id 94061725227216
117991000: system.memobj: data_hex : C3772F31C04839EB 
117991000: system.memobj: data : 1100001101110111001011110011000111000000010010000011100111101011 
117991000: system.memobj: fix data : 1100001101110111001011110011000111000000010010000011100111101011 
117991000: system.memobj: -------------------------------------
118040000: system.memobj: mem->cpu Got response for addr 0x31120 , 200992
118040000: system.memobj: size 0x8
118040000: system.memobj: id 94061725228080
118040000: system.memobj: data_hex : C3772F31C04839EB 
118040000: system.memobj: data : 1100001101110111001011110011000111000000010010000011100111101011 
118040000: system.memobj: fix data : 1100001101110111001011110011000111000000010010000011100111101011 
118040000: system.memobj: -------------------------------------
118089000: system.memobj: mem->cpu Got response for addr 0x31128 , 201000
118089000: system.memobj: size 0x8
118089000: system.memobj: id 94061725227216
118089000: system.memobj: data_hex : 48891DC11F160072 
118089000: system.memobj: data : 0100100010001001000111011100000100011111000101100000000001110010 
118089000: system.memobj: fix data : 0100100010001001000111011100000100011111000101100000000001110010 
118089000: system.memobj: -------------------------------------
118089000: system.memobj: cpu->mem Got request for addr 0x930f0 , 602352
118089000: system.memobj: size 0x8
118089000: system.memobj: id 94061725228368
118089000: system.memobj: data_hex : 0040590000000000 
118089000: system.memobj: data : 0000000001000000010110010000000000000000000000000000000000000000 
118089000: system.memobj: hamming code addr: 602352 
118089000: system.memobj: hamming code : 0 
118089000: system.memobj: hamming code addr: 602360 
118089000: system.memobj: hamming code : 5 
118089000: system.memobj: hamming code addr: 602368 
118089000: system.memobj: hamming code : 7 
118089000: system.memobj: hamming code addr: 602376 
118089000: system.memobj: hamming code : 0 
118089000: system.memobj: hamming code addr: 602384 
118089000: system.memobj: hamming code : 0 
118089000: system.memobj: hamming code addr: 602392 
118089000: system.memobj: hamming code : 0 
118089000: system.memobj: hamming code addr: 602400 
118089000: system.memobj: hamming code : 0 
118089000: system.memobj: hamming code addr: 602408 
118089000: system.memobj: hamming code : 0 
118089000: system.memobj: Enter Error Bit index: 5 
118089000: system.memobj: flip data : 0000100001000000010110010000000000000000000000000000000000000000 
118089000: system.memobj: -------------------------------------
118159000: system.memobj: mem->cpu Got response for addr 0x31128 , 201000
118159000: system.memobj: size 0x8
118159000: system.memobj: id 94061725228368
118159000: system.memobj: data_hex : 48891DC11F160072 
118159000: system.memobj: data : 0100100010001001000111011100000100011111000101100000000001110010 
118159000: system.memobj: fix data : 0100100010001001000111011100000100011111000101100000000001110010 
118159000: system.memobj: -------------------------------------
118222000: system.memobj: mem->cpu Got response for addr 0x31130 , 201008
118222000: system.memobj: size 0x8
118222000: system.memobj: id 94061725227216
118222000: system.memobj: data_hex : 0F488B5C2408488B 
118222000: system.memobj: data : 0000111101001000100010110101110000100100000010000100100010001011 
118222000: system.memobj: fix data : 0000111101001000100010110101110000100100000010000100100010001011 
118222000: system.memobj: -------------------------------------
118271000: system.memobj: mem->cpu Got response for addr 0x31130 , 201008
118271000: system.memobj: size 0x8
118271000: system.memobj: id 94061725228368
118271000: system.memobj: data_hex : 0F488B5C2408488B 
118271000: system.memobj: data : 0000111101001000100010110101110000100100000010000100100010001011 
118271000: system.memobj: fix data : 0000111101001000100010110101110000100100000010000100100010001011 
118271000: system.memobj: -------------------------------------
118334000: system.memobj: mem->cpu Got response for addr 0x94998 , 608664
118334000: system.memobj: size 0x8
118334000: system.memobj: id 94061725227216
118334000: system.memobj: data_hex : 8000000000000000 
118334000: system.memobj: data : 1000000000000000000000000000000000000000000000000000000000000000 
118334000: system.memobj: hamming code addr: 608664 
118334000: system.memobj: hamming code out: 0 
118334000: system.memobj: find Error Bit index : 1 
118334000: system.memobj: hamming code addr: 608672 
118334000: system.memobj: hamming code out: 0 
118334000: system.memobj: hamming code addr: 608680 
118334000: system.memobj: hamming code out: 0 
118334000: system.memobj: hamming code addr: 608688 
118334000: system.memobj: hamming code out: 0 
118334000: system.memobj: hamming code addr: 608696 
118334000: system.memobj: hamming code out: 0 
118334000: system.memobj: hamming code addr: 608704 
118334000: system.memobj: hamming code out: 0 
118334000: system.memobj: hamming code addr: 608712 
118334000: system.memobj: hamming code out: 0 
118334000: system.memobj: hamming code addr: 608720 
118334000: system.memobj: hamming code out: 0 
118334000: system.memobj: fix data : 0000000000000000000000000000000000000000000000000000000000000000 
118334000: system.memobj: -------------------------------------
118383000: system.memobj: mem->cpu Got response for addr 0x31130 , 201008
118383000: system.memobj: size 0x8
118383000: system.memobj: id 94061725227216
118383000: system.memobj: data_hex : 0F488B5C2408488B 
118383000: system.memobj: data : 0000111101001000100010110101110000100100000010000100100010001011 
118383000: system.memobj: fix data : 0000111101001000100010110101110000100100000010000100100010001011 
118383000: system.memobj: -------------------------------------
118432000: system.memobj: mem->cpu Got response for addr 0x31138 , 201016
118432000: system.memobj: size 0x8
118432000: system.memobj: id 94061725228368
118432000: system.memobj: data_hex : 6C24104883C418C3 
118432000: system.memobj: data : 0110110000100100000100000100100010000011110001000001100011000011 
118432000: system.memobj: fix data : 0110110000100100000100000100100010000011110001000001100011000011 
118432000: system.memobj: -------------------------------------
118481000: system.memobj: mem->cpu Got response for addr 0x949a0 , 608672
118481000: system.memobj: size 0x8
118481000: system.memobj: id 94061725227216
118481000: system.memobj: data_hex : 0410020000000000 
118481000: system.memobj: data : 0000010000010000000000100000000000000000000000000000000000000000 
118481000: system.memobj: hamming code addr: 608672 
118481000: system.memobj: hamming code out: 0 
118481000: system.memobj: find Error Bit index : 6 
118481000: system.memobj: hamming code addr: 608680 
118481000: system.memobj: hamming code out: 7 
118481000: system.memobj: hamming code addr: 608688 
118481000: system.memobj: hamming code out: 11 
118481000: system.memobj: hamming code addr: 608696 
118481000: system.memobj: hamming code out: 0 
118481000: system.memobj: hamming code addr: 608704 
118481000: system.memobj: hamming code out: 0 
118481000: system.memobj: hamming code addr: 608712 
118481000: system.memobj: hamming code out: 0 
118481000: system.memobj: hamming code addr: 608720 
118481000: system.memobj: hamming code out: 0 
118481000: system.memobj: hamming code addr: 608728 
118481000: system.memobj: hamming code out: 0 
118481000: system.memobj: fix data : 0000000000010000000000100000000000000000000000000000000000000000 
118481000: system.memobj: -------------------------------------
118530000: system.memobj: mem->cpu Got response for addr 0x31138 , 201016
118530000: system.memobj: size 0x8
118530000: system.memobj: id 94061725227216
118530000: system.memobj: data_hex : 6C24104883C418C3 
118530000: system.memobj: data : 0110110000100100000100000100100010000011110001000001100011000011 
118530000: system.memobj: fix data : 0110110000100100000100000100100010000011110001000001100011000011 
118530000: system.memobj: -------------------------------------
118579000: system.memobj: mem->cpu Got response for addr 0x31138 , 201016
118579000: system.memobj: size 0x8
118579000: system.memobj: id 94061725228368
118579000: system.memobj: data_hex : 6C24104883C418C3 
118579000: system.memobj: data : 0110110000100100000100000100100010000011110001000001100011000011 
118579000: system.memobj: fix data : 0110110000100100000100000100100010000011110001000001100011000011 
118579000: system.memobj: -------------------------------------
118599000: system.memobj: mem->cpu Got response for addr 0x949a8 , 608680
118599000: system.memobj: size 0x8
118599000: system.memobj: id 94061725227216
118599000: system.memobj: data_hex : 2E37410000000000 
118599000: system.memobj: data : 0010111000110111010000010000000000000000000000000000000000000000 
118599000: system.memobj: hamming code addr: 608680 
118599000: system.memobj: hamming code out: 13 
118599000: system.memobj: find Error Bit index : 1 
118599000: system.memobj: hamming code addr: 608688 
118599000: system.memobj: hamming code out: 12 
118599000: system.memobj: hamming code addr: 608696 
118599000: system.memobj: hamming code out: 9 
118599000: system.memobj: hamming code addr: 608704 
118599000: system.memobj: hamming code out: 0 
118599000: system.memobj: hamming code addr: 608712 
118599000: system.memobj: hamming code out: 0 
118599000: system.memobj: hamming code addr: 608720 
118599000: system.memobj: hamming code out: 0 
118599000: system.memobj: hamming code addr: 608728 
118599000: system.memobj: hamming code out: 0 
118599000: system.memobj: hamming code addr: 608736 
118599000: system.memobj: hamming code out: 0 
118599000: system.memobj: fix data : 1010111000110111010000010000000000000000000000000000000000000000 
118599000: system.memobj: -------------------------------------
118648000: system.memobj: mem->cpu Got response for addr 0x137a8 , 79784
118648000: system.memobj: size 0x8
118648000: system.memobj: id 94061725227216
118648000: system.memobj: data_hex : FFE852D9010085C0 
118648000: system.memobj: data : 1111111111101000010100101101100100000001000000001000010111000000 
118648000: system.memobj: fix data : 1111111111101000010100101101100100000001000000001000010111000000 
118648000: system.memobj: -------------------------------------
118697000: system.memobj: mem->cpu Got response for addr 0x137b0 , 79792
118697000: system.memobj: size 0x8
118697000: system.memobj: id 94061725228368
118697000: system.memobj: data_hex : 48C7C2FFFFFFFF78 
118697000: system.memobj: data : 0100100011000111110000101111111111111111111111111111111101111000 
118697000: system.memobj: fix data : 0100100011000111110000101111111111111111111111111111111101111000 
118697000: system.memobj: -------------------------------------
118746000: system.memobj: mem->cpu Got response for addr 0x137b0 , 79792
118746000: system.memobj: size 0x8
118746000: system.memobj: id 94061725227216
118746000: system.memobj: data_hex : 48C7C2FFFFFFFF78 
118746000: system.memobj: data : 0100100011000111110000101111111111111111111111111111111101111000 
118746000: system.memobj: fix data : 0100100011000111110000101111111111111111111111111111111101111000 
118746000: system.memobj: -------------------------------------
118795000: system.memobj: mem->cpu Got response for addr 0x137b8 , 79800
118795000: system.memobj: size 0x8
118795000: system.memobj: id 94061725228368
118795000: system.memobj: data_hex : 0F488B1D30F91700 
118795000: system.memobj: data : 0000111101001000100010110001110100110000111110010001011100000000 
118795000: system.memobj: fix data : 0000111101001000100010110001110100110000111110010001011100000000 
118795000: system.memobj: -------------------------------------
118844000: system.memobj: mem->cpu Got response for addr 0x137b8 , 79800
118844000: system.memobj: size 0x8
118844000: system.memobj: id 94061725227216
118844000: system.memobj: data_hex : 0F488B1D30F91700 
118844000: system.memobj: data : 0000111101001000100010110001110100110000111110010001011100000000 
118844000: system.memobj: fix data : 0000111101001000100010110001110100110000111110010001011100000000 
118844000: system.memobj: -------------------------------------
118864000: system.memobj: mem->cpu Got response for addr 0x930f0 , 602352
118864000: system.memobj: size 0x8
118864000: system.memobj: id 94061725228656
118864000: system.memobj: data_hex : 0840590000000000 
118864000: system.memobj: data : 0000100001000000010110010000000000000000000000000000000000000000 
118864000: system.memobj: hamming code addr: 602352 
118864000: system.memobj: hamming code out: 0 
118864000: system.memobj: find Error Bit index : 5 
118864000: system.memobj: hamming code addr: 602360 
118864000: system.memobj: hamming code out: 5 
118864000: system.memobj: hamming code addr: 602368 
118864000: system.memobj: hamming code out: 7 
118864000: system.memobj: hamming code addr: 602376 
118864000: system.memobj: hamming code out: 0 
118864000: system.memobj: hamming code addr: 602384 
118864000: system.memobj: hamming code out: 0 
118864000: system.memobj: hamming code addr: 602392 
118864000: system.memobj: hamming code out: 0 
118864000: system.memobj: hamming code addr: 602400 
118864000: system.memobj: hamming code out: 0 
118864000: system.memobj: hamming code addr: 602408 
118864000: system.memobj: hamming code out: 0 
118864000: system.memobj: fix data : 0000000001000000010110010000000000000000000000000000000000000000 
118864000: system.memobj: -------------------------------------
118913000: system.memobj: mem->cpu Got response for addr 0x137c0 , 79808
118913000: system.memobj: size 0x8
118913000: system.memobj: id 94061725228656
118913000: system.memobj: data_hex : 4885ED4889DA7518 
118913000: system.memobj: data : 0100100010000101111011010100100010001001110110100111010100011000 
118913000: system.memobj: fix data : 0100100010000101111011010100100010001001110110100111010100011000 
118913000: system.memobj: -------------------------------------
118962000: system.memobj: mem->cpu Got response for addr 0x137c0 , 79808
118962000: system.memobj: size 0x8
118962000: system.memobj: id 94061725227216
118962000: system.memobj: data_hex : 4885ED4889DA7518 
118962000: system.memobj: data : 0100100010000101111011010100100010001001110110100111010100011000 
118962000: system.memobj: fix data : 0100100010000101111011010100100010001001110110100111010100011000 
118962000: system.memobj: -------------------------------------
119011000: system.memobj: mem->cpu Got response for addr 0x137c0 , 79808
119011000: system.memobj: size 0x8
119011000: system.memobj: id 94061725228656
119011000: system.memobj: data_hex : 4885ED4889DA7518 
119011000: system.memobj: data : 0100100010000101111011010100100010001001110110100111010100011000 
119011000: system.memobj: fix data : 0100100010000101111011010100100010001001110110100111010100011000 
119011000: system.memobj: -------------------------------------
119060000: system.memobj: mem->cpu Got response for addr 0x137e0 , 79840
119060000: system.memobj: size 0x8
119060000: system.memobj: id 94061725227216
119060000: system.memobj: data_hex : 488D3C2BE817D901 
119060000: system.memobj: data : 0100100010001101001111000010101111101000000101111101100100000001 
119060000: system.memobj: fix data : 0100100010001101001111000010101111101000000101111101100100000001 
119060000: system.memobj: -------------------------------------
119109000: system.memobj: mem->cpu Got response for addr 0x137e0 , 79840
119109000: system.memobj: size 0x8
119109000: system.memobj: id 94061725564944
119109000: system.memobj: data_hex : 488D3C2BE817D901 
119109000: system.memobj: data : 0100100010001101001111000010101111101000000101111101100100000001 
119109000: system.memobj: fix data : 0100100010001101001111000010101111101000000101111101100100000001 
119109000: system.memobj: -------------------------------------
119158000: system.memobj: mem->cpu Got response for addr 0x137e8 , 79848
119158000: system.memobj: size 0x8
119158000: system.memobj: id 94061725227216
119158000: system.memobj: data_hex : 0048C7C2FFFFFFFF 
119158000: system.memobj: data : 0000000001001000110001111100001011111111111111111111111111111111 
119158000: system.memobj: fix data : 0000000001001000110001111100001011111111111111111111111111111111 
119158000: system.memobj: -------------------------------------
119158000: system.memobj: cpu->mem Got request for addr 0x949a8 , 608680
119158000: system.memobj: size 0x8
119158000: system.memobj: id 94061725565232
119158000: system.memobj: data_hex : E937410000000000 
119158000: system.memobj: data : 1110100100110111010000010000000000000000000000000000000000000000 
119158000: system.memobj: hamming code addr: 608680 
119158000: system.memobj: hamming code : 5 
119158000: system.memobj: hamming code addr: 608688 
119158000: system.memobj: hamming code : 12 
119158000: system.memobj: hamming code addr: 608696 
119158000: system.memobj: hamming code : 9 
119158000: system.memobj: hamming code addr: 608704 
119158000: system.memobj: hamming code : 0 
119158000: system.memobj: hamming code addr: 608712 
119158000: system.memobj: hamming code : 0 
119158000: system.memobj: hamming code addr: 608720 
119158000: system.memobj: hamming code : 0 
119158000: system.memobj: hamming code addr: 608728 
119158000: system.memobj: hamming code : 0 
119158000: system.memobj: hamming code addr: 608736 
119158000: system.memobj: hamming code : 0 
119158000: system.memobj: Enter Error Bit index: 7 
119158000: system.memobj: flip data : 1110101100110111010000010000000000000000000000000000000000000000 
119158000: system.memobj: -------------------------------------
119228000: system.memobj: mem->cpu Got response for addr 0x31100 , 200960
119228000: system.memobj: size 0x8
119228000: system.memobj: id 94061725565232
119228000: system.memobj: data_hex : 48896C24F848895C 
119228000: system.memobj: data : 0100100010001001011011000010010011111000010010001000100101011100 
119228000: system.memobj: fix data : 0100100010001001011011000010010011111000010010001000100101011100 
119228000: system.memobj: -------------------------------------
119228000: system.memobj: cpu->mem Got request for addr 0x949a0 , 608672
119228000: system.memobj: size 0x8
119228000: system.memobj: id 94061725227216
119228000: system.memobj: data_hex : 0010020000000000 
119228000: system.memobj: data : 0000000000010000000000100000000000000000000000000000000000000000 
119228000: system.memobj: hamming code addr: 608672 
119228000: system.memobj: hamming code : 0 
119228000: system.memobj: hamming code addr: 608680 
119228000: system.memobj: hamming code : 7 
119228000: system.memobj: hamming code addr: 608688 
119228000: system.memobj: hamming code : 11 
119228000: system.memobj: hamming code addr: 608696 
119228000: system.memobj: hamming code : 0 
119228000: system.memobj: hamming code addr: 608704 
119228000: system.memobj: hamming code : 0 
119228000: system.memobj: hamming code addr: 608712 
119228000: system.memobj: hamming code : 0 
119228000: system.memobj: hamming code addr: 608720 
119228000: system.memobj: hamming code : 0 
119228000: system.memobj: hamming code addr: 608728 
119228000: system.memobj: hamming code : 0 
119228000: system.memobj: Enter Error Bit index: 3 
119228000: system.memobj: flip data : 0010000000010000000000100000000000000000000000000000000000000000 
119228000: system.memobj: -------------------------------------
119298000: system.memobj: mem->cpu Got response for addr 0x31100 , 200960
119298000: system.memobj: size 0x8
119298000: system.memobj: id 94061725227216
119298000: system.memobj: data_hex : 48896C24F848895C 
119298000: system.memobj: data : 0100100010001001011011000010010011111000010010001000100101011100 
119298000: system.memobj: fix data : 0100100010001001011011000010010011111000010010001000100101011100 
119298000: system.memobj: -------------------------------------
119347000: system.memobj: mem->cpu Got response for addr 0x31108 , 200968
119347000: system.memobj: size 0x8
119347000: system.memobj: id 94061725565232
119347000: system.memobj: data_hex : 24F04889FD4883EC 
119347000: system.memobj: data : 0010010011110000010010001000100111111101010010001000001111101100 
119347000: system.memobj: fix data : 0010010011110000010010001000100111111101010010001000001111101100 
119347000: system.memobj: -------------------------------------
119347000: system.memobj: cpu->mem Got request for addr 0x94998 , 608664
119347000: system.memobj: size 0x8
119347000: system.memobj: id 94061725227216
119347000: system.memobj: data_hex : 0040590000000000 
119347000: system.memobj: data : 0000000001000000010110010000000000000000000000000000000000000000 
119347000: system.memobj: hamming code addr: 608664 
119347000: system.memobj: hamming code : 0 
119347000: system.memobj: hamming code addr: 608672 
119347000: system.memobj: hamming code : 5 
119347000: system.memobj: hamming code addr: 608680 
119347000: system.memobj: hamming code : 7 
119347000: system.memobj: hamming code addr: 608688 
119347000: system.memobj: hamming code : 0 
119347000: system.memobj: hamming code addr: 608696 
119347000: system.memobj: hamming code : 0 
119347000: system.memobj: hamming code addr: 608704 
119347000: system.memobj: hamming code : 0 
119347000: system.memobj: hamming code addr: 608712 
119347000: system.memobj: hamming code : 0 
119347000: system.memobj: hamming code addr: 608720 
119347000: system.memobj: hamming code : 0 
119347000: system.memobj: Enter Error Bit index: 5 
119347000: system.memobj: flip data : 0000100001000000010110010000000000000000000000000000000000000000 
119347000: system.memobj: -------------------------------------
119417000: system.memobj: mem->cpu Got response for addr 0x31108 , 200968
119417000: system.memobj: size 0x8
119417000: system.memobj: id 94061725227216
119417000: system.memobj: data_hex : 24F04889FD4883EC 
119417000: system.memobj: data : 0010010011110000010010001000100111111101010010001000001111101100 
119417000: system.memobj: fix data : 0010010011110000010010001000100111111101010010001000001111101100 
119417000: system.memobj: -------------------------------------
119466000: system.memobj: mem->cpu Got response for addr 0x31108 , 200968
119466000: system.memobj: size 0x8
119466000: system.memobj: id 94061725565232
119466000: system.memobj: data_hex : 24F04889FD4883EC 
119466000: system.memobj: data : 0010010011110000010010001000100111111101010010001000001111101100 
119466000: system.memobj: fix data : 0010010011110000010010001000100111111101010010001000001111101100 
119466000: system.memobj: -------------------------------------
119515000: system.memobj: mem->cpu Got response for addr 0x31110 , 200976
119515000: system.memobj: size 0x8
119515000: system.memobj: id 94061725227216
119515000: system.memobj: data_hex : 18B80C0000000F05 
119515000: system.memobj: data : 0001100010111000000011000000000000000000000000000000111100000101 
119515000: system.memobj: fix data : 0001100010111000000011000000000000000000000000000000111100000101 
119515000: system.memobj: -------------------------------------
119564000: system.memobj: mem->cpu Got response for addr 0x31110 , 200976
119564000: system.memobj: size 0x8
119564000: system.memobj: id 94061725565232
119564000: system.memobj: data_hex : 18B80C0000000F05 
119564000: system.memobj: data : 0001100010111000000011000000000000000000000000000000111100000101 
119564000: system.memobj: fix data : 0001100010111000000011000000000000000000000000000000111100000101 
119564000: system.memobj: -------------------------------------
119613000: system.memobj: mem->cpu Got response for addr 0x31110 , 200976
119613000: system.memobj: size 0x8
119613000: system.memobj: id 94061725227216
119613000: system.memobj: data_hex : 18B80C0000000F05 
119613000: system.memobj: data : 0001100010111000000011000000000000000000000000000000111100000101 
119613000: system.memobj: fix data : 0001100010111000000011000000000000000000000000000000111100000101 
119613000: system.memobj: -------------------------------------
119662000: system.memobj: mem->cpu Got response for addr 0x31118 , 200984
119662000: system.memobj: size 0x8
119662000: system.memobj: id 94061725227216
119662000: system.memobj: data_hex : 483D00F0FFFF4889 
119662000: system.memobj: data : 0100100000111101000000001111000011111111111111110100100010001001 
119662000: system.memobj: fix data : 0100100000111101000000001111000011111111111111110100100010001001 
119662000: system.memobj: -------------------------------------
119711000: system.memobj: mem->cpu Got response for addr 0x31118 , 200984
119711000: system.memobj: size 0x8
119711000: system.memobj: id 94061725565232
119711000: system.memobj: data_hex : 483D00F0FFFF4889 
119711000: system.memobj: data : 0100100000111101000000001111000011111111111111110100100010001001 
119711000: system.memobj: fix data : 0100100000111101000000001111000011111111111111110100100010001001 
119711000: system.memobj: -------------------------------------
119774000: system.memobj: mem->cpu Got response for addr 0x31120 , 200992
119774000: system.memobj: size 0x8
119774000: system.memobj: id 94061725227216
119774000: system.memobj: data_hex : C3772F31C04839EB 
119774000: system.memobj: data : 1100001101110111001011110011000111000000010010000011100111101011 
119774000: system.memobj: fix data : 1100001101110111001011110011000111000000010010000011100111101011 
119774000: system.memobj: -------------------------------------
119823000: system.memobj: mem->cpu Got response for addr 0x31120 , 200992
119823000: system.memobj: size 0x8
119823000: system.memobj: id 94061725565232
119823000: system.memobj: data_hex : C3772F31C04839EB 
119823000: system.memobj: data : 1100001101110111001011110011000111000000010010000011100111101011 
119823000: system.memobj: fix data : 1100001101110111001011110011000111000000010010000011100111101011 
119823000: system.memobj: -------------------------------------
119872000: system.memobj: mem->cpu Got response for addr 0x31120 , 200992
119872000: system.memobj: size 0x8
119872000: system.memobj: id 94061725227216
119872000: system.memobj: data_hex : C3772F31C04839EB 
119872000: system.memobj: data : 1100001101110111001011110011000111000000010010000011100111101011 
119872000: system.memobj: fix data : 1100001101110111001011110011000111000000010010000011100111101011 
119872000: system.memobj: -------------------------------------
119921000: system.memobj: mem->cpu Got response for addr 0x31120 , 200992
119921000: system.memobj: size 0x8
119921000: system.memobj: id 94061725565232
119921000: system.memobj: data_hex : C3772F31C04839EB 
119921000: system.memobj: data : 1100001101110111001011110011000111000000010010000011100111101011 
119921000: system.memobj: fix data : 1100001101110111001011110011000111000000010010000011100111101011 
119921000: system.memobj: -------------------------------------
119970000: system.memobj: mem->cpu Got response for addr 0x31128 , 201000
119970000: system.memobj: size 0x8
119970000: system.memobj: id 94061725227216
119970000: system.memobj: data_hex : 48891DC11F160072 
119970000: system.memobj: data : 0100100010001001000111011100000100011111000101100000000001110010 
119970000: system.memobj: fix data : 0100100010001001000111011100000100011111000101100000000001110010 
119970000: system.memobj: -------------------------------------
119970000: system.memobj: cpu->mem Got request for addr 0x930f0 , 602352
119970000: system.memobj: size 0x8
119970000: system.memobj: id 94061725565232
119970000: system.memobj: data_hex : 00505B0000000000 
119970000: system.memobj: data : 0000000001010000010110110000000000000000000000000000000000000000 
119970000: system.memobj: hamming code addr: 602352 
119970000: system.memobj: hamming code : 0 
119970000: system.memobj: hamming code addr: 602360 
119970000: system.memobj: hamming code : 2 
119970000: system.memobj: hamming code addr: 602368 
119970000: system.memobj: hamming code : 12 
119970000: system.memobj: hamming code addr: 602376 
119970000: system.memobj: hamming code : 0 
119970000: system.memobj: hamming code addr: 602384 
119970000: system.memobj: hamming code : 0 
119970000: system.memobj: hamming code addr: 602392 
119970000: system.memobj: hamming code : 0 
119970000: system.memobj: hamming code addr: 602400 
119970000: system.memobj: hamming code : 0 
119970000: system.memobj: hamming code addr: 602408 
119970000: system.memobj: hamming code : 0 
119970000: system.memobj: Enter Error Bit index: 1 
119970000: system.memobj: flip data : 1000000001010000010110110000000000000000000000000000000000000000 
119970000: system.memobj: -------------------------------------
120040000: system.memobj: mem->cpu Got response for addr 0x31128 , 201000
120040000: system.memobj: size 0x8
120040000: system.memobj: id 94061725565232
120040000: system.memobj: data_hex : 48891DC11F160072 
120040000: system.memobj: data : 0100100010001001000111011100000100011111000101100000000001110010 
120040000: system.memobj: fix data : 0100100010001001000111011100000100011111000101100000000001110010 
120040000: system.memobj: -------------------------------------
120089000: system.memobj: mem->cpu Got response for addr 0x31130 , 201008
120089000: system.memobj: size 0x8
120089000: system.memobj: id 94061725227216
120089000: system.memobj: data_hex : 0F488B5C2408488B 
120089000: system.memobj: data : 0000111101001000100010110101110000100100000010000100100010001011 
120089000: system.memobj: fix data : 0000111101001000100010110101110000100100000010000100100010001011 
120089000: system.memobj: -------------------------------------
120138000: system.memobj: mem->cpu Got response for addr 0x31130 , 201008
120138000: system.memobj: size 0x8
120138000: system.memobj: id 94061725565232
120138000: system.memobj: data_hex : 0F488B5C2408488B 
120138000: system.memobj: data : 0000111101001000100010110101110000100100000010000100100010001011 
120138000: system.memobj: fix data : 0000111101001000100010110101110000100100000010000100100010001011 
120138000: system.memobj: -------------------------------------
120187000: system.memobj: mem->cpu Got response for addr 0x94998 , 608664
120187000: system.memobj: size 0x8
120187000: system.memobj: id 94061725227216
120187000: system.memobj: data_hex : 0840590000000000 
120187000: system.memobj: data : 0000100001000000010110010000000000000000000000000000000000000000 
120187000: system.memobj: hamming code addr: 608664 
120187000: system.memobj: hamming code out: 0 
120187000: system.memobj: find Error Bit index : 5 
120187000: system.memobj: hamming code addr: 608672 
120187000: system.memobj: hamming code out: 5 
120187000: system.memobj: hamming code addr: 608680 
120187000: system.memobj: hamming code out: 7 
120187000: system.memobj: hamming code addr: 608688 
120187000: system.memobj: hamming code out: 0 
120187000: system.memobj: hamming code addr: 608696 
120187000: system.memobj: hamming code out: 0 
120187000: system.memobj: hamming code addr: 608704 
120187000: system.memobj: hamming code out: 0 
120187000: system.memobj: hamming code addr: 608712 
120187000: system.memobj: hamming code out: 0 
120187000: system.memobj: hamming code addr: 608720 
120187000: system.memobj: hamming code out: 0 
120187000: system.memobj: fix data : 0000000001000000010110010000000000000000000000000000000000000000 
120187000: system.memobj: -------------------------------------
120236000: system.memobj: mem->cpu Got response for addr 0x31130 , 201008
120236000: system.memobj: size 0x8
120236000: system.memobj: id 94061725227216
120236000: system.memobj: data_hex : 0F488B5C2408488B 
120236000: system.memobj: data : 0000111101001000100010110101110000100100000010000100100010001011 
120236000: system.memobj: fix data : 0000111101001000100010110101110000100100000010000100100010001011 
120236000: system.memobj: -------------------------------------
120285000: system.memobj: mem->cpu Got response for addr 0x31138 , 201016
120285000: system.memobj: size 0x8
120285000: system.memobj: id 94061725565232
120285000: system.memobj: data_hex : 6C24104883C418C3 
120285000: system.memobj: data : 0110110000100100000100000100100010000011110001000001100011000011 
120285000: system.memobj: fix data : 0110110000100100000100000100100010000011110001000001100011000011 
120285000: system.memobj: -------------------------------------
120334000: system.memobj: mem->cpu Got response for addr 0x949a0 , 608672
120334000: system.memobj: size 0x8
120334000: system.memobj: id 94061725227216
120334000: system.memobj: data_hex : 2010020000000000 
120334000: system.memobj: data : 0010000000010000000000100000000000000000000000000000000000000000 
120334000: system.memobj: hamming code addr: 608672 
120334000: system.memobj: hamming code out: 0 
120334000: system.memobj: find Error Bit index : 3 
120334000: system.memobj: hamming code addr: 608680 
120334000: system.memobj: hamming code out: 7 
120334000: system.memobj: hamming code addr: 608688 
120334000: system.memobj: hamming code out: 11 
120334000: system.memobj: hamming code addr: 608696 
120334000: system.memobj: hamming code out: 0 
120334000: system.memobj: hamming code addr: 608704 
120334000: system.memobj: hamming code out: 0 
120334000: system.memobj: hamming code addr: 608712 
120334000: system.memobj: hamming code out: 0 
120334000: system.memobj: hamming code addr: 608720 
120334000: system.memobj: hamming code out: 0 
120334000: system.memobj: hamming code addr: 608728 
120334000: system.memobj: hamming code out: 0 
120334000: system.memobj: fix data : 0000000000010000000000100000000000000000000000000000000000000000 
120334000: system.memobj: -------------------------------------
120383000: system.memobj: mem->cpu Got response for addr 0x31138 , 201016
120383000: system.memobj: size 0x8
120383000: system.memobj: id 94061725227216
120383000: system.memobj: data_hex : 6C24104883C418C3 
120383000: system.memobj: data : 0110110000100100000100000100100010000011110001000001100011000011 
120383000: system.memobj: fix data : 0110110000100100000100000100100010000011110001000001100011000011 
120383000: system.memobj: -------------------------------------
120432000: system.memobj: mem->cpu Got response for addr 0x31138 , 201016
120432000: system.memobj: size 0x8
120432000: system.memobj: id 94061725565232
120432000: system.memobj: data_hex : 6C24104883C418C3 
120432000: system.memobj: data : 0110110000100100000100000100100010000011110001000001100011000011 
120432000: system.memobj: fix data : 0110110000100100000100000100100010000011110001000001100011000011 
120432000: system.memobj: -------------------------------------
120452000: system.memobj: mem->cpu Got response for addr 0x949a8 , 608680
120452000: system.memobj: size 0x8
120452000: system.memobj: id 94061725227216
120452000: system.memobj: data_hex : EB37410000000000 
120452000: system.memobj: data : 1110101100110111010000010000000000000000000000000000000000000000 
120452000: system.memobj: hamming code addr: 608680 
120452000: system.memobj: hamming code out: 5 
120452000: system.memobj: find Error Bit index : 7 
120452000: system.memobj: hamming code addr: 608688 
120452000: system.memobj: hamming code out: 12 
120452000: system.memobj: hamming code addr: 608696 
120452000: system.memobj: hamming code out: 9 
120452000: system.memobj: hamming code addr: 608704 
120452000: system.memobj: hamming code out: 0 
120452000: system.memobj: hamming code addr: 608712 
120452000: system.memobj: hamming code out: 0 
120452000: system.memobj: hamming code addr: 608720 
120452000: system.memobj: hamming code out: 0 
120452000: system.memobj: hamming code addr: 608728 
120452000: system.memobj: hamming code out: 0 
120452000: system.memobj: hamming code addr: 608736 
120452000: system.memobj: hamming code out: 0 
120452000: system.memobj: fix data : 1110100100110111010000010000000000000000000000000000000000000000 
120452000: system.memobj: -------------------------------------
120501000: system.memobj: mem->cpu Got response for addr 0x137e8 , 79848
120501000: system.memobj: size 0x8
120501000: system.memobj: id 94061725227216
120501000: system.memobj: data_hex : 0048C7C2FFFFFFFF 
120501000: system.memobj: data : 0000000001001000110001111100001011111111111111111111111111111111 
120501000: system.memobj: fix data : 0000000001001000110001111100001011111111111111111111111111111111 
120501000: system.memobj: -------------------------------------
120564000: system.memobj: mem->cpu Got response for addr 0x137f0 , 79856
120564000: system.memobj: size 0x8
120564000: system.memobj: id 94061725565232
120564000: system.memobj: data_hex : 85C0488B6C241048 
120564000: system.memobj: data : 1000010111000000010010001000101101101100001001000001000001001000 
120564000: system.memobj: fix data : 1000010111000000010010001000101101101100001001000001000001001000 
120564000: system.memobj: -------------------------------------
120613000: system.memobj: mem->cpu Got response for addr 0x137f0 , 79856
120613000: system.memobj: size 0x8
120613000: system.memobj: id 94061725227216
120613000: system.memobj: data_hex : 85C0488B6C241048 
120613000: system.memobj: data : 1000010111000000010010001000101101101100001001000001000001001000 
120613000: system.memobj: fix data : 1000010111000000010010001000101101101100001001000001000001001000 
120613000: system.memobj: -------------------------------------
120633000: system.memobj: mem->cpu Got response for addr 0x949c0 , 608704
120633000: system.memobj: size 0x8
120633000: system.memobj: id 94061725565232
120633000: system.memobj: data_hex : 0810020000000000 
120633000: system.memobj: data : 0000100000010000000000100000000000000000000000000000000000000000 
120633000: system.memobj: hamming code addr: 608704 
120633000: system.memobj: hamming code out: 0 
120633000: system.memobj: find Error Bit index : 5 
120633000: system.memobj: hamming code addr: 608712 
120633000: system.memobj: hamming code out: 7 
120633000: system.memobj: hamming code addr: 608720 
120633000: system.memobj: hamming code out: 11 
120633000: system.memobj: hamming code addr: 608728 
120633000: system.memobj: hamming code out: 0 
120633000: system.memobj: hamming code addr: 608736 
120633000: system.memobj: hamming code out: 0 
120633000: system.memobj: hamming code addr: 608744 
120633000: system.memobj: hamming code out: 0 
120633000: system.memobj: hamming code addr: 608752 
120633000: system.memobj: hamming code out: 0 
120633000: system.memobj: hamming code addr: 608760 
120633000: system.memobj: hamming code out: 0 
120633000: system.memobj: fix data : 0000000000010000000000100000000000000000000000000000000000000000 
120633000: system.memobj: -------------------------------------
120682000: system.memobj: mem->cpu Got response for addr 0x137f0 , 79856
120682000: system.memobj: size 0x8
120682000: system.memobj: id 94061725565232
120682000: system.memobj: data_hex : 85C0488B6C241048 
120682000: system.memobj: data : 1000010111000000010010001000101101101100001001000001000001001000 
120682000: system.memobj: fix data : 1000010111000000010010001000101101101100001001000001000001001000 
120682000: system.memobj: -------------------------------------
120731000: system.memobj: mem->cpu Got response for addr 0x137f8 , 79864
120731000: system.memobj: size 0x8
120731000: system.memobj: id 94061725227216
120731000: system.memobj: data_hex : 0F49D3488B5C2408 
120731000: system.memobj: data : 0000111101001001110100110100100010001011010111000010010000001000 
120731000: system.memobj: fix data : 0000111101001001110100110100100010001011010111000010010000001000 
120731000: system.memobj: -------------------------------------
120780000: system.memobj: mem->cpu Got response for addr 0x137f8 , 79864
120780000: system.memobj: size 0x8
120780000: system.memobj: id 94061725565232
120780000: system.memobj: data_hex : 0F49D3488B5C2408 
120780000: system.memobj: data : 0000111101001001110100110100100010001011010111000010010000001000 
120780000: system.memobj: fix data : 0000111101001001110100110100100010001011010111000010010000001000 
120780000: system.memobj: -------------------------------------
120829000: system.memobj: mem->cpu Got response for addr 0x949b8 , 608696
120829000: system.memobj: size 0x8
120829000: system.memobj: id 94061725227216
120829000: system.memobj: data_hex : 3825590000000000 
120829000: system.memobj: data : 0011100000100101010110010000000000000000000000000000000000000000 
120829000: system.memobj: hamming code addr: 608696 
120829000: system.memobj: hamming code out: 14 
120829000: system.memobj: find Error Bit index : 3 
120829000: system.memobj: hamming code addr: 608704 
120829000: system.memobj: hamming code out: 0 
120829000: system.memobj: hamming code addr: 608712 
120829000: system.memobj: hamming code out: 7 
120829000: system.memobj: hamming code addr: 608720 
120829000: system.memobj: hamming code out: 0 
120829000: system.memobj: hamming code addr: 608728 
120829000: system.memobj: hamming code out: 0 
120829000: system.memobj: hamming code addr: 608736 
120829000: system.memobj: hamming code out: 0 
120829000: system.memobj: hamming code addr: 608744 
120829000: system.memobj: hamming code out: 0 
120829000: system.memobj: hamming code addr: 608752 
120829000: system.memobj: hamming code out: 0 
120829000: system.memobj: fix data : 0001100000100101010110010000000000000000000000000000000000000000 
120829000: system.memobj: -------------------------------------
120878000: system.memobj: mem->cpu Got response for addr 0x13800 , 79872
120878000: system.memobj: size 0x8
120878000: system.memobj: id 94061725227216
120878000: system.memobj: data_hex : 4883C4184889D0C3 
120878000: system.memobj: data : 0100100010000011110001000001100001001000100010011101000011000011 
120878000: system.memobj: fix data : 0100100010000011110001000001100001001000100010011101000011000011 
120878000: system.memobj: -------------------------------------
120927000: system.memobj: mem->cpu Got response for addr 0x13800 , 79872
120927000: system.memobj: size 0x8
120927000: system.memobj: id 94061725565232
120927000: system.memobj: data_hex : 4883C4184889D0C3 
120927000: system.memobj: data : 0100100010000011110001000001100001001000100010011101000011000011 
120927000: system.memobj: fix data : 0100100010000011110001000001100001001000100010011101000011000011 
120927000: system.memobj: -------------------------------------
120976000: system.memobj: mem->cpu Got response for addr 0x13800 , 79872
120976000: system.memobj: size 0x8
120976000: system.memobj: id 94061725227216
120976000: system.memobj: data_hex : 4883C4184889D0C3 
120976000: system.memobj: data : 0100100010000011110001000001100001001000100010011101000011000011 
120976000: system.memobj: fix data : 0100100010000011110001000001100001001000100010011101000011000011 
120976000: system.memobj: -------------------------------------
121025000: system.memobj: mem->cpu Got response for addr 0x949c8 , 608712
121025000: system.memobj: size 0x8
121025000: system.memobj: id 94061725565232
121025000: system.memobj: data_hex : 9D15410000000000 
121025000: system.memobj: data : 1001110100010101010000010000000000000000000000000000000000000000 
121025000: system.memobj: hamming code addr: 608712 
121025000: system.memobj: hamming code out: 1 
121025000: system.memobj: find Error Bit index : 6 
121025000: system.memobj: hamming code addr: 608720 
121025000: system.memobj: hamming code out: 1 
121025000: system.memobj: hamming code addr: 608728 
121025000: system.memobj: hamming code out: 9 
121025000: system.memobj: hamming code addr: 608736 
121025000: system.memobj: hamming code out: 0 
121025000: system.memobj: hamming code addr: 608744 
121025000: system.memobj: hamming code out: 0 
121025000: system.memobj: hamming code addr: 608752 
121025000: system.memobj: hamming code out: 0 
121025000: system.memobj: hamming code addr: 608760 
121025000: system.memobj: hamming code out: 0 
121025000: system.memobj: hamming code addr: 608768 
121025000: system.memobj: hamming code out: 0 
121025000: system.memobj: fix data : 1001100100010101010000010000000000000000000000000000000000000000 
121025000: system.memobj: -------------------------------------
121102000: system.memobj: mem->cpu Got response for addr 0x11598 , 71064
121102000: system.memobj: size 0x8
121102000: system.memobj: id 94061725565232
121102000: system.memobj: data_hex : 004889C231C04883 
121102000: system.memobj: data : 0000000001001000100010011100001000110001110000000100100010000011 
121102000: system.memobj: fix data : 0000000001001000100010011100001000110001110000000100100010000011 
121102000: system.memobj: -------------------------------------
121151000: system.memobj: mem->cpu Got response for addr 0x11598 , 71064
121151000: system.memobj: size 0x8
121151000: system.memobj: id 94061725227216
121151000: system.memobj: data_hex : 004889C231C04883 
121151000: system.memobj: data : 0000000001001000100010011100001000110001110000000100100010000011 
121151000: system.memobj: fix data : 0000000001001000100010011100001000110001110000000100100010000011 
121151000: system.memobj: -------------------------------------
121200000: system.memobj: mem->cpu Got response for addr 0x11598 , 71064
121200000: system.memobj: size 0x8
121200000: system.memobj: id 94061725565232
121200000: system.memobj: data_hex : 004889C231C04883 
121200000: system.memobj: data : 0000000001001000100010011100001000110001110000000100100010000011 
121200000: system.memobj: fix data : 0000000001001000100010011100001000110001110000000100100010000011 
121200000: system.memobj: -------------------------------------
121249000: system.memobj: mem->cpu Got response for addr 0x115a0 , 71072
121249000: system.memobj: size 0x8
121249000: system.memobj: id 94061725227216
121249000: system.memobj: data_hex : FAFF480F45C24883 
121249000: system.memobj: data : 1111101011111111010010000000111101000101110000100100100010000011 
121249000: system.memobj: fix data : 1111101011111111010010000000111101000101110000100100100010000011 
121249000: system.memobj: -------------------------------------
121298000: system.memobj: mem->cpu Got response for addr 0x115a0 , 71072
121298000: system.memobj: size 0x8
121298000: system.memobj: id 94061725565232
121298000: system.memobj: data_hex : FAFF480F45C24883 
121298000: system.memobj: data : 1111101011111111010010000000111101000101110000100100100010000011 
121298000: system.memobj: fix data : 1111101011111111010010000000111101000101110000100100100010000011 
121298000: system.memobj: -------------------------------------
121347000: system.memobj: mem->cpu Got response for addr 0x115a0 , 71072
121347000: system.memobj: size 0x8
121347000: system.memobj: id 94061725227216
121347000: system.memobj: data_hex : FAFF480F45C24883 
121347000: system.memobj: data : 1111101011111111010010000000111101000101110000100100100010000011 
121347000: system.memobj: fix data : 1111101011111111010010000000111101000101110000100100100010000011 
121347000: system.memobj: -------------------------------------
121396000: system.memobj: mem->cpu Got response for addr 0x115a8 , 71080
121396000: system.memobj: size 0x8
121396000: system.memobj: id 94061725565232
121396000: system.memobj: data_hex : C408C39090909090 
121396000: system.memobj: data : 1100010000001000110000111001000010010000100100001001000010010000 
121396000: system.memobj: fix data : 1100010000001000110000111001000010010000100100001001000010010000 
121396000: system.memobj: -------------------------------------
121445000: system.memobj: mem->cpu Got response for addr 0x115a8 , 71080
121445000: system.memobj: size 0x8
121445000: system.memobj: id 94061725227216
121445000: system.memobj: data_hex : C408C39090909090 
121445000: system.memobj: data : 1100010000001000110000111001000010010000100100001001000010010000 
121445000: system.memobj: fix data : 1100010000001000110000111001000010010000100100001001000010010000 
121445000: system.memobj: -------------------------------------
121494000: system.memobj: mem->cpu Got response for addr 0x949d8 , 608728
121494000: system.memobj: size 0x8
121494000: system.memobj: id 94061725565232
121494000: system.memobj: data_hex : ECE5400000000000 
121494000: system.memobj: data : 1110110011100101010000000000000000000000000000000000000000000000 
121494000: system.memobj: hamming code addr: 608728 
121494000: system.memobj: hamming code out: 0 
121494000: system.memobj: find Error Bit index : 1 
121494000: system.memobj: hamming code addr: 608736 
121494000: system.memobj: hamming code out: 6 
121494000: system.memobj: hamming code addr: 608744 
121494000: system.memobj: hamming code out: 5 
121494000: system.memobj: hamming code addr: 608752 
121494000: system.memobj: hamming code out: 0 
121494000: system.memobj: hamming code addr: 608760 
121494000: system.memobj: hamming code out: 0 
121494000: system.memobj: hamming code addr: 608768 
121494000: system.memobj: hamming code out: 0 
121494000: system.memobj: hamming code addr: 608776 
121494000: system.memobj: hamming code out: 0 
121494000: system.memobj: hamming code addr: 608784 
121494000: system.memobj: hamming code out: 0 
121494000: system.memobj: fix data : 0110110011100101010000000000000000000000000000000000000000000000 
121494000: system.memobj: -------------------------------------
121557000: system.memobj: mem->cpu Got response for addr 0xe568 , 58728
121557000: system.memobj: size 0x8
121557000: system.memobj: id 94061725565232
121557000: system.memobj: data_hex : 942117004885C049 
121557000: system.memobj: data : 1001010000100001000101110000000001001000100001011100000001001001 
121557000: system.memobj: fix data : 1001010000100001000101110000000001001000100001011100000001001001 
121557000: system.memobj: -------------------------------------
121606000: system.memobj: mem->cpu Got response for addr 0xe568 , 58728
121606000: system.memobj: size 0x8
121606000: system.memobj: id 94061725227216
121606000: system.memobj: data_hex : 942117004885C049 
121606000: system.memobj: data : 1001010000100001000101110000000001001000100001011100000001001001 
121606000: system.memobj: fix data : 1001010000100001000101110000000001001000100001011100000001001001 
121606000: system.memobj: -------------------------------------
121655000: system.memobj: mem->cpu Got response for addr 0xe570 , 58736
121655000: system.memobj: size 0x8
121655000: system.memobj: id 94061725565232
121655000: system.memobj: data_hex : 89C47476488B05E5 
121655000: system.memobj: data : 1000100111000100011101000111011001001000100010110000010111100101 
121655000: system.memobj: fix data : 1000100111000100011101000111011001001000100010110000010111100101 
121655000: system.memobj: -------------------------------------
121704000: system.memobj: mem->cpu Got response for addr 0xe570 , 58736
121704000: system.memobj: size 0x8
121704000: system.memobj: id 94061725227216
121704000: system.memobj: data_hex : 89C47476488B05E5 
121704000: system.memobj: data : 1000100111000100011101000111011001001000100010110000010111100101 
121704000: system.memobj: fix data : 1000100111000100011101000111011001001000100010110000010111100101 
121704000: system.memobj: -------------------------------------
121753000: system.memobj: mem->cpu Got response for addr 0xe570 , 58736
121753000: system.memobj: size 0x8
121753000: system.memobj: id 94061725565232
121753000: system.memobj: data_hex : 89C47476488B05E5 
121753000: system.memobj: data : 1000100111000100011101000111011001001000100010110000010111100101 
121753000: system.memobj: fix data : 1000100111000100011101000111011001001000100010110000010111100101 
121753000: system.memobj: -------------------------------------
121802000: system.memobj: mem->cpu Got response for addr 0xe578 , 58744
121802000: system.memobj: size 0x8
121802000: system.memobj: id 94061725227216
121802000: system.memobj: data_hex : 3E18004885C00F85 
121802000: system.memobj: data : 0011111000011000000000000100100010000101110000000000111110000101 
121802000: system.memobj: fix data : 0011111000011000000000000100100010000101110000000000111110000101 
121802000: system.memobj: -------------------------------------
121879000: system.memobj: mem->cpu Got response for addr 0x92460 , 599136
121879000: system.memobj: size 0x8
121879000: system.memobj: id 94061725565520
121879000: system.memobj: data_hex : 0000000000000000 
121879000: system.memobj: data : 0000000000000000000000000000000000000000000000000000000000000000 
121879000: system.memobj: fix data : 0000000000000000000000000000000000000000000000000000000000000000 
121879000: system.memobj: -------------------------------------
121928000: system.memobj: mem->cpu Got response for addr 0xe578 , 58744
121928000: system.memobj: size 0x8
121928000: system.memobj: id 94061725565520
121928000: system.memobj: data_hex : 3E18004885C00F85 
121928000: system.memobj: data : 0011111000011000000000000100100010000101110000000000111110000101 
121928000: system.memobj: fix data : 0011111000011000000000000100100010000101110000000000111110000101 
121928000: system.memobj: -------------------------------------
121977000: system.memobj: mem->cpu Got response for addr 0xe578 , 58744
121977000: system.memobj: size 0x8
121977000: system.memobj: id 94061725227216
121977000: system.memobj: data_hex : 3E18004885C00F85 
121977000: system.memobj: data : 0011111000011000000000000100100010000101110000000000111110000101 
121977000: system.memobj: fix data : 0011111000011000000000000100100010000101110000000000111110000101 
121977000: system.memobj: -------------------------------------
122026000: system.memobj: mem->cpu Got response for addr 0xe580 , 58752
122026000: system.memobj: size 0x8
122026000: system.memobj: id 94061725565520
122026000: system.memobj: data_hex : 720100004D85E474 
122026000: system.memobj: data : 0111001000000001000000000000000001001101100001011110010001110100 
122026000: system.memobj: fix data : 0111001000000001000000000000000001001101100001011110010001110100 
122026000: system.memobj: -------------------------------------
122075000: system.memobj: mem->cpu Got response for addr 0xe580 , 58752
122075000: system.memobj: size 0x8
122075000: system.memobj: id 94061725227216
122075000: system.memobj: data_hex : 720100004D85E474 
122075000: system.memobj: data : 0111001000000001000000000000000001001101100001011110010001110100 
122075000: system.memobj: fix data : 0111001000000001000000000000000001001101100001011110010001110100 
122075000: system.memobj: -------------------------------------
122124000: system.memobj: mem->cpu Got response for addr 0xe580 , 58752
122124000: system.memobj: size 0x8
122124000: system.memobj: id 94061725565520
122124000: system.memobj: data_hex : 720100004D85E474 
122124000: system.memobj: data : 0111001000000001000000000000000001001101100001011110010001110100 
122124000: system.memobj: fix data : 0111001000000001000000000000000001001101100001011110010001110100 
122124000: system.memobj: -------------------------------------
122173000: system.memobj: mem->cpu Got response for addr 0xe588 , 58760
122173000: system.memobj: size 0x8
122173000: system.memobj: id 94061725227216
122173000: system.memobj: data_hex : 4E488B05F0471800 
122173000: system.memobj: data : 0100111001001000100010110000010111110000010001110001100000000000 
122173000: system.memobj: fix data : 0100111001001000100010110000010111110000010001110001100000000000 
122173000: system.memobj: -------------------------------------
122222000: system.memobj: mem->cpu Got response for addr 0xe588 , 58760
122222000: system.memobj: size 0x8
122222000: system.memobj: id 94061725565520
122222000: system.memobj: data_hex : 4E488B05F0471800 
122222000: system.memobj: data : 0100111001001000100010110000010111110000010001110001100000000000 
122222000: system.memobj: fix data : 0100111001001000100010110000010111110000010001110001100000000000 
122222000: system.memobj: -------------------------------------
122271000: system.memobj: mem->cpu Got response for addr 0x92d80 , 601472
122271000: system.memobj: size 0x8
122271000: system.memobj: id 94061725565808
122271000: system.memobj: data_hex : 0000000000000000 
122271000: system.memobj: data : 0000000000000000000000000000000000000000000000000000000000000000 
122271000: system.memobj: fix data : 0000000000000000000000000000000000000000000000000000000000000000 
122271000: system.memobj: -------------------------------------
122320000: system.memobj: mem->cpu Got response for addr 0xe590 , 58768
122320000: system.memobj: size 0x8
122320000: system.memobj: id 94061725565808
122320000: system.memobj: data_hex : 488B0D9947180048 
122320000: system.memobj: data : 0100100010001011000011011001100101000111000110000000000001001000 
122320000: system.memobj: fix data : 0100100010001011000011011001100101000111000110000000000001001000 
122320000: system.memobj: -------------------------------------
122369000: system.memobj: mem->cpu Got response for addr 0x92d30 , 601392
122369000: system.memobj: size 0x8
122369000: system.memobj: id 94061725566096
122369000: system.memobj: data_hex : 0000000000000000 
122369000: system.memobj: data : 0000000000000000000000000000000000000000000000000000000000000000 
122369000: system.memobj: fix data : 0000000000000000000000000000000000000000000000000000000000000000 
122369000: system.memobj: -------------------------------------
122418000: system.memobj: mem->cpu Got response for addr 0xe590 , 58768
122418000: system.memobj: size 0x8
122418000: system.memobj: id 94061725566096
122418000: system.memobj: data_hex : 488B0D9947180048 
122418000: system.memobj: data : 0100100010001011000011011001100101000111000110000000000001001000 
122418000: system.memobj: fix data : 0100100010001011000011011001100101000111000110000000000001001000 
122418000: system.memobj: -------------------------------------
122467000: system.memobj: mem->cpu Got response for addr 0xe598 , 58776
122467000: system.memobj: size 0x8
122467000: system.memobj: id 94061725565808
122467000: system.memobj: data_hex : 85C0490F44C44801 
122467000: system.memobj: data : 1000010111000000010010010000111101000100110001000100100000000001 
122467000: system.memobj: fix data : 1000010111000000010010010000111101000100110001000100100000000001 
122467000: system.memobj: -------------------------------------
122530000: system.memobj: mem->cpu Got response for addr 0xe598 , 58776
122530000: system.memobj: size 0x8
122530000: system.memobj: id 94061725566096
122530000: system.memobj: data_hex : 85C0490F44C44801 
122530000: system.memobj: data : 1000010111000000010010010000111101000100110001000100100000000001 
122530000: system.memobj: fix data : 1000010111000000010010010000111101000100110001000100100000000001 
122530000: system.memobj: -------------------------------------
122579000: system.memobj: mem->cpu Got response for addr 0xe598 , 58776
122579000: system.memobj: size 0x8
122579000: system.memobj: id 94061725565808
122579000: system.memobj: data_hex : 85C0490F44C44801 
122579000: system.memobj: data : 1000010111000000010010010000111101000100110001000100100000000001 
122579000: system.memobj: fix data : 1000010111000000010010010000111101000100110001000100100000000001 
122579000: system.memobj: -------------------------------------
122628000: system.memobj: mem->cpu Got response for addr 0xe5a0 , 58784
122628000: system.memobj: size 0x8
122628000: system.memobj: id 94061725566096
122628000: system.memobj: data_hex : E94C3B6424284889 
122628000: system.memobj: data : 1110100101001100001110110110010000100100001010000100100010001001 
122628000: system.memobj: fix data : 1110100101001100001110110110010000100100001010000100100010001001 
122628000: system.memobj: -------------------------------------
122677000: system.memobj: mem->cpu Got response for addr 0xe5a0 , 58784
122677000: system.memobj: size 0x8
122677000: system.memobj: id 94061725565808
122677000: system.memobj: data_hex : E94C3B6424284889 
122677000: system.memobj: data : 1110100101001100001110110110010000100100001010000100100010001001 
122677000: system.memobj: fix data : 1110100101001100001110110110010000100100001010000100100010001001 
122677000: system.memobj: -------------------------------------
122726000: system.memobj: mem->cpu Got response for addr 0x94a08 , 608776
122726000: system.memobj: size 0x8
122726000: system.memobj: id 94061725566384
122726000: system.memobj: data_hex : 3825590000000000 
122726000: system.memobj: data : 0011100000100101010110010000000000000000000000000000000000000000 
122726000: system.memobj: hamming code addr: 608776 
122726000: system.memobj: hamming code out: 14 
122726000: system.memobj: find Error Bit index : 3 
122726000: system.memobj: hamming code addr: 608784 
122726000: system.memobj: hamming code out: 0 
122726000: system.memobj: hamming code addr: 608792 
122726000: system.memobj: hamming code out: 7 
122726000: system.memobj: hamming code addr: 608800 
122726000: system.memobj: hamming code out: 0 
122726000: system.memobj: hamming code addr: 608808 
122726000: system.memobj: hamming code out: 0 
122726000: system.memobj: hamming code addr: 608816 
122726000: system.memobj: hamming code out: 0 
122726000: system.memobj: hamming code addr: 608824 
122726000: system.memobj: hamming code out: 0 
122726000: system.memobj: hamming code addr: 608832 
122726000: system.memobj: hamming code out: 0 
122726000: system.memobj: fix data : 0001100000100101010110010000000000000000000000000000000000000000 
122726000: system.memobj: -------------------------------------
122775000: system.memobj: mem->cpu Got response for addr 0xe5a0 , 58784
122775000: system.memobj: size 0x8
122775000: system.memobj: id 94061725566384
122775000: system.memobj: data_hex : E94C3B6424284889 
122775000: system.memobj: data : 1110100101001100001110110110010000100100001010000100100010001001 
122775000: system.memobj: fix data : 1110100101001100001110110110010000100100001010000100100010001001 
122775000: system.memobj: -------------------------------------
122824000: system.memobj: mem->cpu Got response for addr 0xe5a8 , 58792
122824000: system.memobj: size 0x8
122824000: system.memobj: id 94061725565808
122824000: system.memobj: data_hex : 05D34718000F94C2 
122824000: system.memobj: data : 0000010111010011010001110001100000000000000011111001010011000010 
122824000: system.memobj: fix data : 0000010111010011010001110001100000000000000011111001010011000010 
122824000: system.memobj: -------------------------------------
122824000: system.memobj: cpu->mem Got request for addr 0x92d80 , 601472
122824000: system.memobj: size 0x8
122824000: system.memobj: id 94061725566672
122824000: system.memobj: data_hex : 0040590000000000 
122824000: system.memobj: data : 0000000001000000010110010000000000000000000000000000000000000000 
122824000: system.memobj: hamming code addr: 601472 
122824000: system.memobj: hamming code : 0 
122824000: system.memobj: hamming code addr: 601480 
122824000: system.memobj: hamming code : 5 
122824000: system.memobj: hamming code addr: 601488 
122824000: system.memobj: hamming code : 7 
122824000: system.memobj: hamming code addr: 601496 
122824000: system.memobj: hamming code : 0 
122824000: system.memobj: hamming code addr: 601504 
122824000: system.memobj: hamming code : 0 
122824000: system.memobj: hamming code addr: 601512 
122824000: system.memobj: hamming code : 0 
122824000: system.memobj: hamming code addr: 601520 
122824000: system.memobj: hamming code : 0 
122824000: system.memobj: hamming code addr: 601528 
122824000: system.memobj: hamming code : 0 
122824000: system.memobj: Enter Error Bit index: 2 
122824000: system.memobj: flip data : 0100000001000000010110010000000000000000000000000000000000000000 
122824000: system.memobj: -------------------------------------
122894000: system.memobj: mem->cpu Got response for addr 0xe5a8 , 58792
122894000: system.memobj: size 0x8
122894000: system.memobj: id 94061725566672
122894000: system.memobj: data_hex : 05D34718000F94C2 
122894000: system.memobj: data : 0000010111010011010001110001100000000000000011111001010011000010 
122894000: system.memobj: fix data : 0000010111010011010001110001100000000000000011111001010011000010 
122894000: system.memobj: -------------------------------------
122943000: system.memobj: mem->cpu Got response for addr 0xe5b0 , 58800
122943000: system.memobj: size 0x8
122943000: system.memobj: id 94061725565808
122943000: system.memobj: data_hex : 31C048837C242000 
122943000: system.memobj: data : 0011000111000000010010001000001101111100001001000010000000000000 
122943000: system.memobj: fix data : 0011000111000000010010001000001101111100001001000010000000000000 
122943000: system.memobj: -------------------------------------
122992000: system.memobj: mem->cpu Got response for addr 0xe5b0 , 58800
122992000: system.memobj: size 0x8
122992000: system.memobj: id 94061725566672
122992000: system.memobj: data_hex : 31C048837C242000 
122992000: system.memobj: data : 0011000111000000010010001000001101111100001001000010000000000000 
122992000: system.memobj: fix data : 0011000111000000010010001000001101111100001001000010000000000000 
122992000: system.memobj: -------------------------------------
123041000: system.memobj: mem->cpu Got response for addr 0x94a00 , 608768
123041000: system.memobj: size 0x8
123041000: system.memobj: id 94061725566960
123041000: system.memobj: data_hex : 2000000000000000 
123041000: system.memobj: data : 0010000000000000000000000000000000000000000000000000000000000000 
123041000: system.memobj: hamming code addr: 608768 
123041000: system.memobj: hamming code out: 0 
123041000: system.memobj: find Error Bit index : 3 
123041000: system.memobj: hamming code addr: 608776 
123041000: system.memobj: hamming code out: 0 
123041000: system.memobj: hamming code addr: 608784 
123041000: system.memobj: hamming code out: 0 
123041000: system.memobj: hamming code addr: 608792 
123041000: system.memobj: hamming code out: 0 
123041000: system.memobj: hamming code addr: 608800 
123041000: system.memobj: hamming code out: 0 
123041000: system.memobj: hamming code addr: 608808 
123041000: system.memobj: hamming code out: 0 
123041000: system.memobj: hamming code addr: 608816 
123041000: system.memobj: hamming code out: 0 
123041000: system.memobj: hamming code addr: 608824 
123041000: system.memobj: hamming code out: 0 
123041000: system.memobj: fix data : 0000000000000000000000000000000000000000000000000000000000000000 
123041000: system.memobj: -------------------------------------
123090000: system.memobj: mem->cpu Got response for addr 0xe5b8 , 58808
123090000: system.memobj: size 0x8
123090000: system.memobj: id 94061725566960
123090000: system.memobj: data_hex : 0F94C085C20F84D9 
123090000: system.memobj: data : 0000111110010100110000001000010111000010000011111000010011011001 
123090000: system.memobj: fix data : 0000111110010100110000001000010111000010000011111000010011011001 
123090000: system.memobj: -------------------------------------
123139000: system.memobj: mem->cpu Got response for addr 0xe5b8 , 58808
123139000: system.memobj: size 0x8
123139000: system.memobj: id 94061725566672
123139000: system.memobj: data_hex : 0F94C085C20F84D9 
123139000: system.memobj: data : 0000111110010100110000001000010111000010000011111000010011011001 
123139000: system.memobj: fix data : 0000111110010100110000001000010111000010000011111000010011011001 
123139000: system.memobj: -------------------------------------
123188000: system.memobj: mem->cpu Got response for addr 0xe5b8 , 58808
123188000: system.memobj: size 0x8
123188000: system.memobj: id 94061725566960
123188000: system.memobj: data_hex : 0F94C085C20F84D9 
123188000: system.memobj: data : 0000111110010100110000001000010111000010000011111000010011011001 
123188000: system.memobj: fix data : 0000111110010100110000001000010111000010000011111000010011011001 
123188000: system.memobj: -------------------------------------
123237000: system.memobj: mem->cpu Got response for addr 0xe5c0 , 58816
123237000: system.memobj: size 0x8
123237000: system.memobj: id 94061725566672
123237000: system.memobj: data_hex : 0100004A8D443500 
123237000: system.memobj: data : 0000000100000000000000000100101010001101010001000011010100000000 
123237000: system.memobj: fix data : 0000000100000000000000000100101010001101010001000011010100000000 
123237000: system.memobj: -------------------------------------
123286000: system.memobj: mem->cpu Got response for addr 0xe798 , 59288
123286000: system.memobj: size 0x8
123286000: system.memobj: id 94061725566960
123286000: system.memobj: data_hex : 6AF6FFFF488B3505 
123286000: system.memobj: data : 0110101011110110111111111111111101001000100010110011010100000101 
123286000: system.memobj: fix data : 0110101011110110111111111111111101001000100010110011010100000101 
123286000: system.memobj: -------------------------------------
123335000: system.memobj: mem->cpu Got response for addr 0xe7a0 , 59296
123335000: system.memobj: size 0x8
123335000: system.memobj: id 94061725566672
123335000: system.memobj: data_hex : 3D180031C04889F2 
123335000: system.memobj: data : 0011110100011000000000000011000111000000010010001000100111110010 
123335000: system.memobj: fix data : 0011110100011000000000000011000111000000010010001000100111110010 
123335000: system.memobj: -------------------------------------
123355000: system.memobj: mem->cpu Got response for addr 0x924a8 , 599208
123355000: system.memobj: size 0x8
123355000: system.memobj: id 94061725567248
123355000: system.memobj: data_hex : D100000000000000 
123355000: system.memobj: data : 1101000100000000000000000000000000000000000000000000000000000000 
123355000: system.memobj: hamming code addr: 599208 
123355000: system.memobj: hamming code out: 14 
123355000: system.memobj: find Error Bit index : 1 
123355000: system.memobj: hamming code addr: 599216 
123355000: system.memobj: hamming code out: 0 
123355000: system.memobj: hamming code addr: 599224 
123355000: system.memobj: hamming code out: 0 
123355000: system.memobj: hamming code addr: 599232 
123355000: system.memobj: hamming code out: 0 
123355000: system.memobj: hamming code addr: 599240 
123355000: system.memobj: hamming code out: 0 
123355000: system.memobj: hamming code addr: 599248 
123355000: system.memobj: hamming code out: 0 
123355000: system.memobj: hamming code addr: 599256 
123355000: system.memobj: hamming code out: 0 
123355000: system.memobj: hamming code addr: 599264 
123355000: system.memobj: hamming code out: 0 
123355000: system.memobj: fix data : 0101000100000000000000000000000000000000000000000000000000000000 
123355000: system.memobj: -------------------------------------
123404000: system.memobj: mem->cpu Got response for addr 0xe7a0 , 59296
123404000: system.memobj: size 0x8
123404000: system.memobj: id 94061725567248
123404000: system.memobj: data_hex : 3D180031C04889F2 
123404000: system.memobj: data : 0011110100011000000000000011000111000000010010001000100111110010 
123404000: system.memobj: fix data : 0011110100011000000000000011000111000000010010001000100111110010 
123404000: system.memobj: -------------------------------------
123467000: system.memobj: mem->cpu Got response for addr 0xe7a0 , 59296
123467000: system.memobj: size 0x8
123467000: system.memobj: id 94061725566672
123467000: system.memobj: data_hex : 3D180031C04889F2 
123467000: system.memobj: data : 0011110100011000000000000011000111000000010010001000100111110010 
123467000: system.memobj: fix data : 0011110100011000000000000011000111000000010010001000100111110010 
123467000: system.memobj: -------------------------------------
123516000: system.memobj: mem->cpu Got response for addr 0xe7a8 , 59304
123516000: system.memobj: size 0x8
123516000: system.memobj: id 94061725567248
123516000: system.memobj: data_hex : 48D1EA4883F2014D 
123516000: system.memobj: data : 0100100011010001111010100100100010000011111100100000000101001101 
123516000: system.memobj: fix data : 0100100011010001111010100100100010000011111100100000000101001101 
123516000: system.memobj: -------------------------------------
123565000: system.memobj: mem->cpu Got response for addr 0xe7a8 , 59304
123565000: system.memobj: size 0x8
123565000: system.memobj: id 94061725566672
123565000: system.memobj: data_hex : 48D1EA4883F2014D 
123565000: system.memobj: data : 0100100011010001111010100100100010000011111100100000000101001101 
123565000: system.memobj: fix data : 0100100011010001111010100100100010000011111100100000000101001101 
123565000: system.memobj: -------------------------------------
123614000: system.memobj: mem->cpu Got response for addr 0xe7a8 , 59304
123614000: system.memobj: size 0x8
123614000: system.memobj: id 94061725567248
123614000: system.memobj: data_hex : 48D1EA4883F2014D 
123614000: system.memobj: data : 0100100011010001111010100100100010000011111100100000000101001101 
123614000: system.memobj: fix data : 0100100011010001111010100100100010000011111100100000000101001101 
123614000: system.memobj: -------------------------------------
123663000: system.memobj: mem->cpu Got response for addr 0xe7b0 , 59312
123663000: system.memobj: size 0x8
123663000: system.memobj: id 94061725566672
123663000: system.memobj: data_hex : 85F60F95C085C274 
123663000: system.memobj: data : 1000010111110110000011111001010111000000100001011100001001110100 
123663000: system.memobj: fix data : 1000010111110110000011111001010111000000100001011100001001110100 
123663000: system.memobj: -------------------------------------
123712000: system.memobj: mem->cpu Got response for addr 0xe7b0 , 59312
123712000: system.memobj: size 0x8
123712000: system.memobj: id 94061725567248
123712000: system.memobj: data_hex : 85F60F95C085C274 
123712000: system.memobj: data : 1000010111110110000011111001010111000000100001011100001001110100 
123712000: system.memobj: fix data : 1000010111110110000011111001010111000000100001011100001001110100 
123712000: system.memobj: -------------------------------------
123761000: system.memobj: mem->cpu Got response for addr 0xe7b0 , 59312
123761000: system.memobj: size 0x8
123761000: system.memobj: id 94061725566672
123761000: system.memobj: data_hex : 85F60F95C085C274 
123761000: system.memobj: data : 1000010111110110000011111001010111000000100001011100001001110100 
123761000: system.memobj: fix data : 1000010111110110000011111001010111000000100001011100001001110100 
123761000: system.memobj: -------------------------------------
123810000: system.memobj: mem->cpu Got response for addr 0xe7b0 , 59312
123810000: system.memobj: size 0x8
123810000: system.memobj: id 94061725567248
123810000: system.memobj: data_hex : 85F60F95C085C274 
123810000: system.memobj: data : 1000010111110110000011111001010111000000100001011100001001110100 
123810000: system.memobj: fix data : 1000010111110110000011111001010111000000100001011100001001110100 
123810000: system.memobj: -------------------------------------
123859000: system.memobj: mem->cpu Got response for addr 0xe7b8 , 59320
123859000: system.memobj: size 0x8
123859000: system.memobj: id 94061725566672
123859000: system.memobj: data_hex : 0B4C3B6424280F82 
123859000: system.memobj: data : 0000101101001100001110110110010000100100001010000000111110000010 
123859000: system.memobj: fix data : 0000101101001100001110110110010000100100001010000000111110000010 
123859000: system.memobj: -------------------------------------
123908000: system.memobj: mem->cpu Got response for addr 0xe7c0 , 59328
123908000: system.memobj: size 0x8
123908000: system.memobj: id 94061725567248
123908000: system.memobj: data_hex : 3E0100004531FF83 
123908000: system.memobj: data : 0011111000000001000000000000000001000101001100011111111110000011 
123908000: system.memobj: fix data : 0011111000000001000000000000000001000101001100011111111110000011 
123908000: system.memobj: -------------------------------------
123957000: system.memobj: mem->cpu Got response for addr 0xe7c0 , 59328
123957000: system.memobj: size 0x8
123957000: system.memobj: id 94061725566672
123957000: system.memobj: data_hex : 3E0100004531FF83 
123957000: system.memobj: data : 0011111000000001000000000000000001000101001100011111111110000011 
123957000: system.memobj: fix data : 0011111000000001000000000000000001000101001100011111111110000011 
123957000: system.memobj: -------------------------------------
124006000: system.memobj: mem->cpu Got response for addr 0xe7c8 , 59336
124006000: system.memobj: size 0x8
124006000: system.memobj: id 94061725567248
124006000: system.memobj: data_hex : E6024C89E30F8518 
124006000: system.memobj: data : 1110011000000010010011001000100111100011000011111000010100011000 
124006000: system.memobj: fix data : 1110011000000010010011001000100111100011000011111000010100011000 
124006000: system.memobj: -------------------------------------
124055000: system.memobj: mem->cpu Got response for addr 0xe7c8 , 59336
124055000: system.memobj: size 0x8
124055000: system.memobj: id 94061725566672
124055000: system.memobj: data_hex : E6024C89E30F8518 
124055000: system.memobj: data : 1110011000000010010011001000100111100011000011111000010100011000 
124055000: system.memobj: fix data : 1110011000000010010011001000100111100011000011111000010100011000 
124055000: system.memobj: -------------------------------------
124104000: system.memobj: mem->cpu Got response for addr 0xe7c8 , 59336
124104000: system.memobj: size 0x8
124104000: system.memobj: id 94061725567248
124104000: system.memobj: data_hex : E6024C89E30F8518 
124104000: system.memobj: data : 1110011000000010010011001000100111100011000011111000010100011000 
124104000: system.memobj: fix data : 1110011000000010010011001000100111100011000011111000010100011000 
124104000: system.memobj: -------------------------------------
124153000: system.memobj: mem->cpu Got response for addr 0xe7d0 , 59344
124153000: system.memobj: size 0x8
124153000: system.memobj: id 94061725566672
124153000: system.memobj: data_hex : 0100004D85F6740B 
124153000: system.memobj: data : 0000000100000000000000000100110110000101111101100111010000001011 
124153000: system.memobj: fix data : 0000000100000000000000000100110110000101111101100111010000001011 
124153000: system.memobj: -------------------------------------
124202000: system.memobj: mem->cpu Got response for addr 0xe7d0 , 59344
124202000: system.memobj: size 0x8
124202000: system.memobj: id 94061725567248
124202000: system.memobj: data_hex : 0100004D85F6740B 
124202000: system.memobj: data : 0000000100000000000000000100110110000101111101100111010000001011 
124202000: system.memobj: fix data : 0000000100000000000000000100110110000101111101100111010000001011 
124202000: system.memobj: -------------------------------------
124265000: system.memobj: mem->cpu Got response for addr 0xe7d0 , 59344
124265000: system.memobj: size 0x8
124265000: system.memobj: id 94061725566672
124265000: system.memobj: data_hex : 0100004D85F6740B 
124265000: system.memobj: data : 0000000100000000000000000100110110000101111101100111010000001011 
124265000: system.memobj: fix data : 0000000100000000000000000100110110000101111101100111010000001011 
124265000: system.memobj: -------------------------------------
124314000: system.memobj: mem->cpu Got response for addr 0xe7e0 , 59360
124314000: system.memobj: size 0x8
124314000: system.memobj: id 94061725567248
124314000: system.memobj: data_hex : 4801C14C89E24989 
124314000: system.memobj: data : 0100100000000001110000010100110010001001111000100100100110001001 
124314000: system.memobj: fix data : 0100100000000001110000010100110010001001111000100100100110001001 
124314000: system.memobj: -------------------------------------
124363000: system.memobj: mem->cpu Got response for addr 0xe7e0 , 59360
124363000: system.memobj: size 0x8
124363000: system.memobj: id 94061725566672
124363000: system.memobj: data_hex : 4801C14C89E24989 
124363000: system.memobj: data : 0100100000000001110000010100110010001001111000100100100110001001 
124363000: system.memobj: fix data : 0100100000000001110000010100110010001001111000100100100110001001 
124363000: system.memobj: -------------------------------------
124412000: system.memobj: mem->cpu Got response for addr 0xe7e8 , 59368
124412000: system.memobj: size 0x8
124412000: system.memobj: id 94061725567248
124412000: system.memobj: data_hex : 8DB008000083E20F 
124412000: system.memobj: data : 1000110110110000000010000000000000000000100000111110001000001111 
124412000: system.memobj: fix data : 1000110110110000000010000000000000000000100000111110001000001111 
124412000: system.memobj: -------------------------------------
124412000: system.memobj: cpu->mem Got request for addr 0x92d30 , 601392
124412000: system.memobj: size 0x8
124412000: system.memobj: id 94061725567536
124412000: system.memobj: data_hex : 0010020000000000 
124412000: system.memobj: data : 0000000000010000000000100000000000000000000000000000000000000000 
124412000: system.memobj: hamming code addr: 601392 
124412000: system.memobj: hamming code : 0 
124412000: system.memobj: hamming code addr: 601400 
124412000: system.memobj: hamming code : 7 
124412000: system.memobj: hamming code addr: 601408 
124412000: system.memobj: hamming code : 11 
124412000: system.memobj: hamming code addr: 601416 
124412000: system.memobj: hamming code : 0 
124412000: system.memobj: hamming code addr: 601424 
124412000: system.memobj: hamming code : 0 
124412000: system.memobj: hamming code addr: 601432 
124412000: system.memobj: hamming code : 0 
124412000: system.memobj: hamming code addr: 601440 
124412000: system.memobj: hamming code : 0 
124412000: system.memobj: hamming code addr: 601448 
124412000: system.memobj: hamming code : 0 
124412000: system.memobj: Enter Error Bit index: 1 
124412000: system.memobj: flip data : 1000000000010000000000100000000000000000000000000000000000000000 
124412000: system.memobj: -------------------------------------
124482000: system.memobj: mem->cpu Got response for addr 0xe7e8 , 59368
124482000: system.memobj: size 0x8
124482000: system.memobj: id 94061725567536
124482000: system.memobj: data_hex : 8DB008000083E20F 
124482000: system.memobj: data : 1000110110110000000010000000000000000000100000111110001000001111 
124482000: system.memobj: fix data : 1000110110110000000010000000000000000000100000111110001000001111 
124482000: system.memobj: -------------------------------------
124531000: system.memobj: mem->cpu Got response for addr 0xe7f0 , 59376
124531000: system.memobj: size 0x8
124531000: system.memobj: id 94061725567248
124531000: system.memobj: data_hex : 740D41BF10000000 
124531000: system.memobj: data : 0111010000001101010000011011111100010000000000000000000000000000 
124531000: system.memobj: fix data : 0111010000001101010000011011111100010000000000000000000000000000 
124531000: system.memobj: -------------------------------------
124580000: system.memobj: mem->cpu Got response for addr 0xe7f8 , 59384
124580000: system.memobj: size 0x8
124580000: system.memobj: id 94061725567536
124580000: system.memobj: data_hex : 4929D74B8D1C3C48 
124580000: system.memobj: data : 0100100100101001110101110100101110001101000111000011110001001000 
124580000: system.memobj: fix data : 0100100100101001110101110100101110001101000111000011110001001000 
124580000: system.memobj: -------------------------------------
124629000: system.memobj: mem->cpu Got response for addr 0xe800 , 59392
124629000: system.memobj: size 0x8
124629000: system.memobj: id 94061725567248
124629000: system.memobj: data_hex : 8B4C2418498D142C 
124629000: system.memobj: data : 1000101101001100001001000001100001001001100011010001010000101100 
124629000: system.memobj: fix data : 1000101101001100001001000001100001001001100011010001010000101100 
124629000: system.memobj: -------------------------------------
124917000: system.memobj: mem->cpu Got response for addr 0x949f8 , 608760
124917000: system.memobj: size 0x8
124917000: system.memobj: id 94061725567824
124917000: system.memobj: data_hex : EF0F000000000000 
124917000: system.memobj: data : 1110111100001111000000000000000000000000000000000000000000000000 
124917000: system.memobj: hamming code addr: 608760 
124917000: system.memobj: hamming code out: 3 
124917000: system.memobj: find Error Bit index : 4 
124917000: system.memobj: hamming code addr: 608768 
124917000: system.memobj: hamming code out: 4 
124917000: system.memobj: hamming code addr: 608776 
124917000: system.memobj: hamming code out: 0 
124917000: system.memobj: hamming code addr: 608784 
124917000: system.memobj: hamming code out: 0 
124917000: system.memobj: hamming code addr: 608792 
124917000: system.memobj: hamming code out: 0 
124917000: system.memobj: hamming code addr: 608800 
124917000: system.memobj: hamming code out: 0 
124917000: system.memobj: hamming code addr: 608808 
124917000: system.memobj: hamming code out: 0 
124917000: system.memobj: hamming code addr: 608816 
124917000: system.memobj: hamming code out: 0 
124917000: system.memobj: fix data : 1111111100001111000000000000000000000000000000000000000000000000 
124917000: system.memobj: -------------------------------------
124980000: system.memobj: mem->cpu Got response for addr 0xe800 , 59392
124980000: system.memobj: size 0x8
124980000: system.memobj: id 94061725567824
124980000: system.memobj: data_hex : 8B4C2418498D142C 
124980000: system.memobj: data : 1000101101001100001001000001100001001001100011010001010000101100 
124980000: system.memobj: fix data : 1000101101001100001001000001100001001001100011010001010000101100 
124980000: system.memobj: -------------------------------------
125029000: system.memobj: mem->cpu Got response for addr 0xe808 , 59400
125029000: system.memobj: size 0x8
125029000: system.memobj: id 94061725568112
125029000: system.memobj: data_hex : 4D01F74C01FA488D 
125029000: system.memobj: data : 0100110100000001111101110100110000000001111110100100100010001101 
125029000: system.memobj: fix data : 0100110100000001111101110100110000000001111110100100100010001101 
125029000: system.memobj: -------------------------------------
125078000: system.memobj: mem->cpu Got response for addr 0xe808 , 59400
125078000: system.memobj: size 0x8
125078000: system.memobj: id 94061725567824
125078000: system.memobj: data_hex : 4D01F74C01FA488D 
125078000: system.memobj: data : 0100110100000001111101110100110000000001111110100100100010001101 
125078000: system.memobj: fix data : 0100110100000001111101110100110000000001111110100100100010001101 
125078000: system.memobj: -------------------------------------
125127000: system.memobj: mem->cpu Got response for addr 0xe808 , 59400
125127000: system.memobj: size 0x8
125127000: system.memobj: id 94061725568112
125127000: system.memobj: data_hex : 4D01F74C01FA488D 
125127000: system.memobj: data : 0100110100000001111101110100110000000001111110100100100010001101 
125127000: system.memobj: fix data : 0100110100000001111101110100110000000001111110100100100010001101 
125127000: system.memobj: -------------------------------------
125176000: system.memobj: mem->cpu Got response for addr 0xe810 , 59408
125176000: system.memobj: size 0x8
125176000: system.memobj: id 94061725567824
125176000: system.memobj: data_hex : 040A482344241048 
125176000: system.memobj: data : 0000010000001010010010000010001101000100001001000001000001001000 
125176000: system.memobj: fix data : 0000010000001010010010000010001101000100001001000001000001001000 
125176000: system.memobj: -------------------------------------
125225000: system.memobj: mem->cpu Got response for addr 0xe810 , 59408
125225000: system.memobj: size 0x8
125225000: system.memobj: id 94061725568400
125225000: system.memobj: data_hex : 040A482344241048 
125225000: system.memobj: data : 0000010000001010010010000010001101000100001001000001000001001000 
125225000: system.memobj: fix data : 0000010000001010010010000010001101000100001001000001000001001000 
125225000: system.memobj: -------------------------------------
125274000: system.memobj: mem->cpu Got response for addr 0x949f0 , 608752
125274000: system.memobj: size 0x8
125274000: system.memobj: id 94061725568688
125274000: system.memobj: data_hex : 20F0FFFFFFFFFFFF 
125274000: system.memobj: data : 0010000011110000111111111111111111111111111111111111111111111111 
125274000: system.memobj: hamming code addr: 608752 
125274000: system.memobj: hamming code out: 0 
125274000: system.memobj: find Error Bit index : 3 
125274000: system.memobj: hamming code addr: 608760 
125274000: system.memobj: hamming code out: 7 
125274000: system.memobj: hamming code addr: 608768 
125274000: system.memobj: hamming code out: 3 
125274000: system.memobj: hamming code addr: 608776 
125274000: system.memobj: hamming code out: 3 
125274000: system.memobj: hamming code addr: 608784 
125274000: system.memobj: hamming code out: 3 
125274000: system.memobj: hamming code addr: 608792 
125274000: system.memobj: hamming code out: 3 
125274000: system.memobj: hamming code addr: 608800 
125274000: system.memobj: hamming code out: 3 
125274000: system.memobj: hamming code addr: 608808 
125274000: system.memobj: hamming code out: 3 
125274000: system.memobj: fix data : 0000000011110000111111111111111111111111111111111111111111111111 
125274000: system.memobj: -------------------------------------
125323000: system.memobj: mem->cpu Got response for addr 0xe810 , 59408
125323000: system.memobj: size 0x8
125323000: system.memobj: id 94061725568688
125323000: system.memobj: data_hex : 040A482344241048 
125323000: system.memobj: data : 0000010000001010010010000010001101000100001001000001000001001000 
125323000: system.memobj: fix data : 0000010000001010010010000010001101000100001001000001000001001000 
125323000: system.memobj: -------------------------------------
125372000: system.memobj: mem->cpu Got response for addr 0xe818 , 59416
125372000: system.memobj: size 0x8
125372000: system.memobj: id 94061725568400
125372000: system.memobj: data_hex : 29D04901C74C89FF 
125372000: system.memobj: data : 0010100111010000010010010000000111000111010011001000100111111111 
125372000: system.memobj: fix data : 0010100111010000010010010000000111000111010011001000100111111111 
125372000: system.memobj: -------------------------------------
125421000: system.memobj: mem->cpu Got response for addr 0xe818 , 59416
125421000: system.memobj: size 0x8
125421000: system.memobj: id 94061725568688
125421000: system.memobj: data_hex : 29D04901C74C89FF 
125421000: system.memobj: data : 0010100111010000010010010000000111000111010011001000100111111111 
125421000: system.memobj: fix data : 0010100111010000010010010000000111000111010011001000100111111111 
125421000: system.memobj: -------------------------------------
125470000: system.memobj: mem->cpu Got response for addr 0xe818 , 59416
125470000: system.memobj: size 0x8
125470000: system.memobj: id 94061725568400
125470000: system.memobj: data_hex : 29D04901C74C89FF 
125470000: system.memobj: data : 0010100111010000010010010000000111000111010011001000100111111111 
125470000: system.memobj: fix data : 0010100111010000010010010000000111000111010011001000100111111111 
125470000: system.memobj: -------------------------------------
125519000: system.memobj: mem->cpu Got response for addr 0xe820 , 59424
125519000: system.memobj: size 0x8
125519000: system.memobj: id 94061725568688
125519000: system.memobj: data_hex : FF15DA1E17004885 
125519000: system.memobj: data : 1111111100010101110110100001111000010111000000000100100010000101 
125519000: system.memobj: fix data : 1111111100010101110110100001111000010111000000000100100010000101 
125519000: system.memobj: -------------------------------------
125582000: system.memobj: mem->cpu Got response for addr 0x80700 , 526080
125582000: system.memobj: size 0x8
125582000: system.memobj: id 94061725569264
125582000: system.memobj: data_hex : 9015410000000000 
125582000: system.memobj: data : 1001000000010101010000010000000000000000000000000000000000000000 
125582000: system.memobj: fix data : 1001000000010101010000010000000000000000000000000000000000000000 
125582000: system.memobj: -------------------------------------
125582000: system.memobj: cpu->mem Got request for addr 0x949d8 , 608728
125582000: system.memobj: size 0x8
125582000: system.memobj: id 94061725569264
125582000: system.memobj: data_hex : 26E8400000000000 
125582000: system.memobj: data : 0010011011101000010000000000000000000000000000000000000000000000 
125582000: system.memobj: hamming code addr: 608728 
125582000: system.memobj: hamming code : 7 
125582000: system.memobj: hamming code addr: 608736 
125582000: system.memobj: hamming code : 9 
125582000: system.memobj: hamming code addr: 608744 
125582000: system.memobj: hamming code : 5 
125582000: system.memobj: hamming code addr: 608752 
125582000: system.memobj: hamming code : 0 
125582000: system.memobj: hamming code addr: 608760 
125582000: system.memobj: hamming code : 0 
125582000: system.memobj: hamming code addr: 608768 
125582000: system.memobj: hamming code : 0 
125582000: system.memobj: hamming code addr: 608776 
125582000: system.memobj: hamming code : 0 
125582000: system.memobj: hamming code addr: 608784 
125582000: system.memobj: hamming code : 0 
125582000: system.memobj: Enter Error Bit index: 8 
125582000: system.memobj: flip data : 0010011111101000010000000000000000000000000000000000000000000000 
125582000: system.memobj: -------------------------------------
125666000: system.memobj: mem->cpu Got response for addr 0x11590 , 71056
125666000: system.memobj: size 0x8
125666000: system.memobj: id 94061725569264
125666000: system.memobj: data_hex : 4883EC08E8E72100 
125666000: system.memobj: data : 0100100010000011111011000000100011101000111001110010000100000000 
125666000: system.memobj: fix data : 0100100010000011111011000000100011101000111001110010000100000000 
125666000: system.memobj: -------------------------------------
125715000: system.memobj: mem->cpu Got response for addr 0x11590 , 71056
125715000: system.memobj: size 0x8
125715000: system.memobj: id 94061725568688
125715000: system.memobj: data_hex : 4883EC08E8E72100 
125715000: system.memobj: data : 0100100010000011111011000000100011101000111001110010000100000000 
125715000: system.memobj: fix data : 0100100010000011111011000000100011101000111001110010000100000000 
125715000: system.memobj: -------------------------------------
125764000: system.memobj: mem->cpu Got response for addr 0x11598 , 71064
125764000: system.memobj: size 0x8
125764000: system.memobj: id 94061725569264
125764000: system.memobj: data_hex : 004889C231C04883 
125764000: system.memobj: data : 0000000001001000100010011100001000110001110000000100100010000011 
125764000: system.memobj: fix data : 0000000001001000100010011100001000110001110000000100100010000011 
125764000: system.memobj: -------------------------------------
125764000: system.memobj: cpu->mem Got request for addr 0x949c8 , 608712
125764000: system.memobj: size 0x8
125764000: system.memobj: id 94061725568688
125764000: system.memobj: data_hex : 9915410000000000 
125764000: system.memobj: data : 1001100100010101010000010000000000000000000000000000000000000000 
125764000: system.memobj: hamming code addr: 608712 
125764000: system.memobj: hamming code : 1 
125764000: system.memobj: hamming code addr: 608720 
125764000: system.memobj: hamming code : 1 
125764000: system.memobj: hamming code addr: 608728 
125764000: system.memobj: hamming code : 9 
125764000: system.memobj: hamming code addr: 608736 
125764000: system.memobj: hamming code : 0 
125764000: system.memobj: hamming code addr: 608744 
125764000: system.memobj: hamming code : 0 
125764000: system.memobj: hamming code addr: 608752 
125764000: system.memobj: hamming code : 0 
125764000: system.memobj: hamming code addr: 608760 
125764000: system.memobj: hamming code : 0 
125764000: system.memobj: hamming code addr: 608768 
125764000: system.memobj: hamming code : 0 
125764000: system.memobj: Enter Error Bit index: 6 
125764000: system.memobj: flip data : 1001110100010101010000010000000000000000000000000000000000000000 
125764000: system.memobj: -------------------------------------
125848000: system.memobj: mem->cpu Got response for addr 0x13780 , 79744
125848000: system.memobj: size 0x8
125848000: system.memobj: id 94061725568688
125848000: system.memobj: data_hex : 48895C24F048896C 
125848000: system.memobj: data : 0100100010001001010111000010010011110000010010001000100101101100 
125848000: system.memobj: fix data : 0100100010001001010111000010010011110000010010001000100101101100 
125848000: system.memobj: -------------------------------------
125848000: system.memobj: cpu->mem Got request for addr 0x949b8 , 608696
125848000: system.memobj: size 0x8
125848000: system.memobj: id 94061725569264
125848000: system.memobj: data_hex : 0040590000000000 
125848000: system.memobj: data : 0000000001000000010110010000000000000000000000000000000000000000 
125848000: system.memobj: hamming code addr: 608696 
125848000: system.memobj: hamming code : 0 
125848000: system.memobj: hamming code addr: 608704 
125848000: system.memobj: hamming code : 5 
125848000: system.memobj: hamming code addr: 608712 
125848000: system.memobj: hamming code : 7 
125848000: system.memobj: hamming code addr: 608720 
125848000: system.memobj: hamming code : 0 
125848000: system.memobj: hamming code addr: 608728 
125848000: system.memobj: hamming code : 0 
125848000: system.memobj: hamming code addr: 608736 
125848000: system.memobj: hamming code : 0 
125848000: system.memobj: hamming code addr: 608744 
125848000: system.memobj: hamming code : 0 
125848000: system.memobj: hamming code addr: 608752 
125848000: system.memobj: hamming code : 0 
125848000: system.memobj: Enter Error Bit index: 6 
125848000: system.memobj: flip data : 0000010001000000010110010000000000000000000000000000000000000000 
125848000: system.memobj: -------------------------------------
125918000: system.memobj: mem->cpu Got response for addr 0x13780 , 79744
125918000: system.memobj: size 0x8
125918000: system.memobj: id 94061725569264
125918000: system.memobj: data_hex : 48895C24F048896C 
125918000: system.memobj: data : 0100100010001001010111000010010011110000010010001000100101101100 
125918000: system.memobj: fix data : 0100100010001001010111000010010011110000010010001000100101101100 
125918000: system.memobj: -------------------------------------
125967000: system.memobj: mem->cpu Got response for addr 0x13788 , 79752
125967000: system.memobj: size 0x8
125967000: system.memobj: id 94061725568688
125967000: system.memobj: data_hex : 24F84883EC18488B 
125967000: system.memobj: data : 0010010011111000010010001000001111101100000110000100100010001011 
125967000: system.memobj: fix data : 0010010011111000010010001000001111101100000110000100100010001011 
125967000: system.memobj: -------------------------------------
125967000: system.memobj: cpu->mem Got request for addr 0x949c0 , 608704
125967000: system.memobj: size 0x8
125967000: system.memobj: id 94061725569264
125967000: system.memobj: data_hex : 0010020000000000 
125967000: system.memobj: data : 0000000000010000000000100000000000000000000000000000000000000000 
125967000: system.memobj: hamming code addr: 608704 
125967000: system.memobj: hamming code : 0 
125967000: system.memobj: hamming code addr: 608712 
125967000: system.memobj: hamming code : 7 
125967000: system.memobj: hamming code addr: 608720 
125967000: system.memobj: hamming code : 11 
125967000: system.memobj: hamming code addr: 608728 
125967000: system.memobj: hamming code : 0 
125967000: system.memobj: hamming code addr: 608736 
125967000: system.memobj: hamming code : 0 
125967000: system.memobj: hamming code addr: 608744 
125967000: system.memobj: hamming code : 0 
125967000: system.memobj: hamming code addr: 608752 
125967000: system.memobj: hamming code : 0 
125967000: system.memobj: hamming code addr: 608760 
125967000: system.memobj: hamming code : 0 
125967000: system.memobj: Enter Error Bit index: 1 
125967000: system.memobj: flip data : 1000000000010000000000100000000000000000000000000000000000000000 
125967000: system.memobj: -------------------------------------
126037000: system.memobj: mem->cpu Got response for addr 0x13788 , 79752
126037000: system.memobj: size 0x8
126037000: system.memobj: id 94061725569264
126037000: system.memobj: data_hex : 24F84883EC18488B 
126037000: system.memobj: data : 0010010011111000010010001000001111101100000110000100100010001011 
126037000: system.memobj: fix data : 0010010011111000010010001000001111101100000110000100100010001011 
126037000: system.memobj: -------------------------------------
126086000: system.memobj: mem->cpu Got response for addr 0x13788 , 79752
126086000: system.memobj: size 0x8
126086000: system.memobj: id 94061725568688
126086000: system.memobj: data_hex : 24F84883EC18488B 
126086000: system.memobj: data : 0010010011111000010010001000001111101100000110000100100010001011 
126086000: system.memobj: fix data : 0010010011111000010010001000001111101100000110000100100010001011 
126086000: system.memobj: -------------------------------------
126135000: system.memobj: mem->cpu Got response for addr 0x13790 , 79760
126135000: system.memobj: size 0x8
126135000: system.memobj: id 94061725569264
126135000: system.memobj: data_hex : 1D5BF917004889FD 
126135000: system.memobj: data : 0001110101011011111110010001011100000000010010001000100111111101 
126135000: system.memobj: fix data : 0001110101011011111110010001011100000000010010001000100111111101 
126135000: system.memobj: -------------------------------------
126155000: system.memobj: mem->cpu Got response for addr 0x930f0 , 602352
126155000: system.memobj: size 0x8
126155000: system.memobj: id 94061725568688
126155000: system.memobj: data_hex : 80505B0000000000 
126155000: system.memobj: data : 1000000001010000010110110000000000000000000000000000000000000000 
126155000: system.memobj: hamming code addr: 602352 
126155000: system.memobj: hamming code out: 0 
126155000: system.memobj: find Error Bit index : 1 
126155000: system.memobj: hamming code addr: 602360 
126155000: system.memobj: hamming code out: 2 
126155000: system.memobj: hamming code addr: 602368 
126155000: system.memobj: hamming code out: 12 
126155000: system.memobj: hamming code addr: 602376 
126155000: system.memobj: hamming code out: 0 
126155000: system.memobj: hamming code addr: 602384 
126155000: system.memobj: hamming code out: 0 
126155000: system.memobj: hamming code addr: 602392 
126155000: system.memobj: hamming code out: 0 
126155000: system.memobj: hamming code addr: 602400 
126155000: system.memobj: hamming code out: 0 
126155000: system.memobj: hamming code addr: 602408 
126155000: system.memobj: hamming code out: 0 
126155000: system.memobj: fix data : 0000000001010000010110110000000000000000000000000000000000000000 
126155000: system.memobj: -------------------------------------
126204000: system.memobj: mem->cpu Got response for addr 0x13790 , 79760
126204000: system.memobj: size 0x8
126204000: system.memobj: id 94061725568688
126204000: system.memobj: data_hex : 1D5BF917004889FD 
126204000: system.memobj: data : 0001110101011011111110010001011100000000010010001000100111111101 
126204000: system.memobj: fix data : 0001110101011011111110010001011100000000010010001000100111111101 
126204000: system.memobj: -------------------------------------
126253000: system.memobj: mem->cpu Got response for addr 0x13798 , 79768
126253000: system.memobj: size 0x8
126253000: system.memobj: id 94061725569264
126253000: system.memobj: data_hex : 4885DB740A8B050D 
126253000: system.memobj: data : 0100100010000101110110110111010000001010100010110000010100001101 
126253000: system.memobj: fix data : 0100100010000101110110110111010000001010100010110000010100001101 
126253000: system.memobj: -------------------------------------
126302000: system.memobj: mem->cpu Got response for addr 0x13798 , 79768
126302000: system.memobj: size 0x8
126302000: system.memobj: id 94061725568688
126302000: system.memobj: data_hex : 4885DB740A8B050D 
126302000: system.memobj: data : 0100100010000101110110110111010000001010100010110000010100001101 
126302000: system.memobj: fix data : 0100100010000101110110110111010000001010100010110000010100001101 
126302000: system.memobj: -------------------------------------
126351000: system.memobj: mem->cpu Got response for addr 0x13798 , 79768
126351000: system.memobj: size 0x8
126351000: system.memobj: id 94061725569264
126351000: system.memobj: data_hex : 4885DB740A8B050D 
126351000: system.memobj: data : 0100100010000101110110110111010000001010100010110000010100001101 
126351000: system.memobj: fix data : 0100100010000101110110110111010000001010100010110000010100001101 
126351000: system.memobj: -------------------------------------
126400000: system.memobj: mem->cpu Got response for addr 0x137a0 , 79776
126400000: system.memobj: size 0x8
126400000: system.memobj: id 94061725568688
126400000: system.memobj: data_hex : D0160085C0741931 
126400000: system.memobj: data : 1101000000010110000000001000010111000000011101000001100100110001 
126400000: system.memobj: fix data : 1101000000010110000000001000010111000000011101000001100100110001 
126400000: system.memobj: -------------------------------------
126449000: system.memobj: mem->cpu Got response for addr 0x807b0 , 526256
126449000: system.memobj: size 0x4
126449000: system.memobj: id 94061725569552
126449000: system.memobj: data_hex : 20000000 
126449000: system.memobj: data : 00100000000000000000000000000000 
126449000: system.memobj: hamming code addr: 526256 
126449000: system.memobj: hamming code out: 0 
126449000: system.memobj: find Error Bit index : 3 
126449000: system.memobj: hamming code addr: 526264 
126449000: system.memobj: hamming code out: 0 
126449000: system.memobj: hamming code addr: 526272 
126449000: system.memobj: hamming code out: 0 
126449000: system.memobj: hamming code addr: 526280 
126449000: system.memobj: hamming code out: 0 
126449000: system.memobj: fix data : 00000000000000000000000000000000 
126449000: system.memobj: -------------------------------------
126498000: system.memobj: mem->cpu Got response for addr 0x137a0 , 79776
126498000: system.memobj: size 0x8
126498000: system.memobj: id 94061725569552
126498000: system.memobj: data_hex : D0160085C0741931 
126498000: system.memobj: data : 1101000000010110000000001000010111000000011101000001100100110001 
126498000: system.memobj: fix data : 1101000000010110000000001000010111000000011101000001100100110001 
126498000: system.memobj: -------------------------------------
126547000: system.memobj: mem->cpu Got response for addr 0x137a0 , 79776
126547000: system.memobj: size 0x8
126547000: system.memobj: id 94061725568688
126547000: system.memobj: data_hex : D0160085C0741931 
126547000: system.memobj: data : 1101000000010110000000001000010111000000011101000001100100110001 
126547000: system.memobj: fix data : 1101000000010110000000001000010111000000011101000001100100110001 
126547000: system.memobj: -------------------------------------
126596000: system.memobj: mem->cpu Got response for addr 0x137c0 , 79808
126596000: system.memobj: size 0x8
126596000: system.memobj: id 94061725569552
126596000: system.memobj: data_hex : 4885ED4889DA7518 
126596000: system.memobj: data : 0100100010000101111011010100100010001001110110100111010100011000 
126596000: system.memobj: fix data : 0100100010000101111011010100100010001001110110100111010100011000 
126596000: system.memobj: -------------------------------------
126645000: system.memobj: mem->cpu Got response for addr 0x137c0 , 79808
126645000: system.memobj: size 0x8
126645000: system.memobj: id 94061725568688
126645000: system.memobj: data_hex : 4885ED4889DA7518 
126645000: system.memobj: data : 0100100010000101111011010100100010001001110110100111010100011000 
126645000: system.memobj: fix data : 0100100010000101111011010100100010001001110110100111010100011000 
126645000: system.memobj: -------------------------------------
126694000: system.memobj: mem->cpu Got response for addr 0x137c0 , 79808
126694000: system.memobj: size 0x8
126694000: system.memobj: id 94061725569552
126694000: system.memobj: data_hex : 4885ED4889DA7518 
126694000: system.memobj: data : 0100100010000101111011010100100010001001110110100111010100011000 
126694000: system.memobj: fix data : 0100100010000101111011010100100010001001110110100111010100011000 
126694000: system.memobj: -------------------------------------
126757000: system.memobj: mem->cpu Got response for addr 0x137c8 , 79816
126757000: system.memobj: size 0x8
126757000: system.memobj: id 94061725568688
126757000: system.memobj: data_hex : 488B5C2408488B6C 
126757000: system.memobj: data : 0100100010001011010111000010010000001000010010001000101101101100 
126757000: system.memobj: fix data : 0100100010001011010111000010010000001000010010001000101101101100 
126757000: system.memobj: -------------------------------------
126806000: system.memobj: mem->cpu Got response for addr 0x949b8 , 608696
126806000: system.memobj: size 0x8
126806000: system.memobj: id 94061725569552
126806000: system.memobj: data_hex : 0440590000000000 
126806000: system.memobj: data : 0000010001000000010110010000000000000000000000000000000000000000 
126806000: system.memobj: hamming code addr: 608696 
126806000: system.memobj: hamming code out: 0 
126806000: system.memobj: find Error Bit index : 6 
126806000: system.memobj: hamming code addr: 608704 
126806000: system.memobj: hamming code out: 5 
126806000: system.memobj: hamming code addr: 608712 
126806000: system.memobj: hamming code out: 7 
126806000: system.memobj: hamming code addr: 608720 
126806000: system.memobj: hamming code out: 0 
126806000: system.memobj: hamming code addr: 608728 
126806000: system.memobj: hamming code out: 0 
126806000: system.memobj: hamming code addr: 608736 
126806000: system.memobj: hamming code out: 0 
126806000: system.memobj: hamming code addr: 608744 
126806000: system.memobj: hamming code out: 0 
126806000: system.memobj: hamming code addr: 608752 
126806000: system.memobj: hamming code out: 0 
126806000: system.memobj: fix data : 0000000001000000010110010000000000000000000000000000000000000000 
126806000: system.memobj: -------------------------------------
126855000: system.memobj: mem->cpu Got response for addr 0x137c8 , 79816
126855000: system.memobj: size 0x8
126855000: system.memobj: id 94061725569552
126855000: system.memobj: data_hex : 488B5C2408488B6C 
126855000: system.memobj: data : 0100100010001011010111000010010000001000010010001000101101101100 
126855000: system.memobj: fix data : 0100100010001011010111000010010000001000010010001000101101101100 
126855000: system.memobj: -------------------------------------
126904000: system.memobj: mem->cpu Got response for addr 0x137d0 , 79824
126904000: system.memobj: size 0x8
126904000: system.memobj: id 94061725568688
126904000: system.memobj: data_hex : 24104889D04883C4 
126904000: system.memobj: data : 0010010000010000010010001000100111010000010010001000001111000100 
126904000: system.memobj: fix data : 0010010000010000010010001000100111010000010010001000001111000100 
126904000: system.memobj: -------------------------------------
126924000: system.memobj: mem->cpu Got response for addr 0x949c0 , 608704
126924000: system.memobj: size 0x8
126924000: system.memobj: id 94061725569552
126924000: system.memobj: data_hex : 8010020000000000 
126924000: system.memobj: data : 1000000000010000000000100000000000000000000000000000000000000000 
126924000: system.memobj: hamming code addr: 608704 
126924000: system.memobj: hamming code out: 0 
126924000: system.memobj: find Error Bit index : 1 
126924000: system.memobj: hamming code addr: 608712 
126924000: system.memobj: hamming code out: 7 
126924000: system.memobj: hamming code addr: 608720 
126924000: system.memobj: hamming code out: 11 
126924000: system.memobj: hamming code addr: 608728 
126924000: system.memobj: hamming code out: 0 
126924000: system.memobj: hamming code addr: 608736 
126924000: system.memobj: hamming code out: 0 
126924000: system.memobj: hamming code addr: 608744 
126924000: system.memobj: hamming code out: 0 
126924000: system.memobj: hamming code addr: 608752 
126924000: system.memobj: hamming code out: 0 
126924000: system.memobj: hamming code addr: 608760 
126924000: system.memobj: hamming code out: 0 
126924000: system.memobj: fix data : 0000000000010000000000100000000000000000000000000000000000000000 
126924000: system.memobj: -------------------------------------
126973000: system.memobj: mem->cpu Got response for addr 0x137d0 , 79824
126973000: system.memobj: size 0x8
126973000: system.memobj: id 94061725569552
126973000: system.memobj: data_hex : 24104889D04883C4 
126973000: system.memobj: data : 0010010000010000010010001000100111010000010010001000001111000100 
126973000: system.memobj: fix data : 0010010000010000010010001000100111010000010010001000001111000100 
126973000: system.memobj: -------------------------------------
127022000: system.memobj: mem->cpu Got response for addr 0x137d0 , 79824
127022000: system.memobj: size 0x8
127022000: system.memobj: id 94061725568688
127022000: system.memobj: data_hex : 24104889D04883C4 
127022000: system.memobj: data : 0010010000010000010010001000100111010000010010001000001111000100 
127022000: system.memobj: fix data : 0010010000010000010010001000100111010000010010001000001111000100 
127022000: system.memobj: -------------------------------------
127071000: system.memobj: mem->cpu Got response for addr 0x137d8 , 79832
127071000: system.memobj: size 0x8
127071000: system.memobj: id 94061725569552
127071000: system.memobj: data_hex : 18C3666690666690 
127071000: system.memobj: data : 0001100011000011011001100110011010010000011001100110011010010000 
127071000: system.memobj: fix data : 0001100011000011011001100110011010010000011001100110011010010000 
127071000: system.memobj: -------------------------------------
127120000: system.memobj: mem->cpu Got response for addr 0x137d8 , 79832
127120000: system.memobj: size 0x8
127120000: system.memobj: id 94061725568688
127120000: system.memobj: data_hex : 18C3666690666690 
127120000: system.memobj: data : 0001100011000011011001100110011010010000011001100110011010010000 
127120000: system.memobj: fix data : 0001100011000011011001100110011010010000011001100110011010010000 
127120000: system.memobj: -------------------------------------
127169000: system.memobj: mem->cpu Got response for addr 0x949c8 , 608712
127169000: system.memobj: size 0x8
127169000: system.memobj: id 94061725569552
127169000: system.memobj: data_hex : 9D15410000000000 
127169000: system.memobj: data : 1001110100010101010000010000000000000000000000000000000000000000 
127169000: system.memobj: hamming code addr: 608712 
127169000: system.memobj: hamming code out: 1 
127169000: system.memobj: find Error Bit index : 6 
127169000: system.memobj: hamming code addr: 608720 
127169000: system.memobj: hamming code out: 1 
127169000: system.memobj: hamming code addr: 608728 
127169000: system.memobj: hamming code out: 9 
127169000: system.memobj: hamming code addr: 608736 
127169000: system.memobj: hamming code out: 0 
127169000: system.memobj: hamming code addr: 608744 
127169000: system.memobj: hamming code out: 0 
127169000: system.memobj: hamming code addr: 608752 
127169000: system.memobj: hamming code out: 0 
127169000: system.memobj: hamming code addr: 608760 
127169000: system.memobj: hamming code out: 0 
127169000: system.memobj: hamming code addr: 608768 
127169000: system.memobj: hamming code out: 0 
127169000: system.memobj: fix data : 1001100100010101010000010000000000000000000000000000000000000000 
127169000: system.memobj: -------------------------------------
127218000: system.memobj: mem->cpu Got response for addr 0x11598 , 71064
127218000: system.memobj: size 0x8
127218000: system.memobj: id 94061725569552
127218000: system.memobj: data_hex : 004889C231C04883 
127218000: system.memobj: data : 0000000001001000100010011100001000110001110000000100100010000011 
127218000: system.memobj: fix data : 0000000001001000100010011100001000110001110000000100100010000011 
127218000: system.memobj: -------------------------------------
127267000: system.memobj: mem->cpu Got response for addr 0x11598 , 71064
127267000: system.memobj: size 0x8
127267000: system.memobj: id 94061725568688
127267000: system.memobj: data_hex : 004889C231C04883 
127267000: system.memobj: data : 0000000001001000100010011100001000110001110000000100100010000011 
127267000: system.memobj: fix data : 0000000001001000100010011100001000110001110000000100100010000011 
127267000: system.memobj: -------------------------------------
127316000: system.memobj: mem->cpu Got response for addr 0x11598 , 71064
127316000: system.memobj: size 0x8
127316000: system.memobj: id 94061725569552
127316000: system.memobj: data_hex : 004889C231C04883 
127316000: system.memobj: data : 0000000001001000100010011100001000110001110000000100100010000011 
127316000: system.memobj: fix data : 0000000001001000100010011100001000110001110000000100100010000011 
127316000: system.memobj: -------------------------------------
127365000: system.memobj: mem->cpu Got response for addr 0x115a0 , 71072
127365000: system.memobj: size 0x8
127365000: system.memobj: id 94061725568688
127365000: system.memobj: data_hex : FAFF480F45C24883 
127365000: system.memobj: data : 1111101011111111010010000000111101000101110000100100100010000011 
127365000: system.memobj: fix data : 1111101011111111010010000000111101000101110000100100100010000011 
127365000: system.memobj: -------------------------------------
127414000: system.memobj: mem->cpu Got response for addr 0x115a0 , 71072
127414000: system.memobj: size 0x8
127414000: system.memobj: id 94061725569552
127414000: system.memobj: data_hex : FAFF480F45C24883 
127414000: system.memobj: data : 1111101011111111010010000000111101000101110000100100100010000011 
127414000: system.memobj: fix data : 1111101011111111010010000000111101000101110000100100100010000011 
127414000: system.memobj: -------------------------------------
127463000: system.memobj: mem->cpu Got response for addr 0x115a0 , 71072
127463000: system.memobj: size 0x8
127463000: system.memobj: id 94061725568688
127463000: system.memobj: data_hex : FAFF480F45C24883 
127463000: system.memobj: data : 1111101011111111010010000000111101000101110000100100100010000011 
127463000: system.memobj: fix data : 1111101011111111010010000000111101000101110000100100100010000011 
127463000: system.memobj: -------------------------------------
127512000: system.memobj: mem->cpu Got response for addr 0x115a8 , 71080
127512000: system.memobj: size 0x8
127512000: system.memobj: id 94061725569552
127512000: system.memobj: data_hex : C408C39090909090 
127512000: system.memobj: data : 1100010000001000110000111001000010010000100100001001000010010000 
127512000: system.memobj: fix data : 1100010000001000110000111001000010010000100100001001000010010000 
127512000: system.memobj: -------------------------------------
127561000: system.memobj: mem->cpu Got response for addr 0x115a8 , 71080
127561000: system.memobj: size 0x8
127561000: system.memobj: id 94061725568688
127561000: system.memobj: data_hex : C408C39090909090 
127561000: system.memobj: data : 1100010000001000110000111001000010010000100100001001000010010000 
127561000: system.memobj: fix data : 1100010000001000110000111001000010010000100100001001000010010000 
127561000: system.memobj: -------------------------------------
127610000: system.memobj: mem->cpu Got response for addr 0x949d8 , 608728
127610000: system.memobj: size 0x8
127610000: system.memobj: id 94061725569552
127610000: system.memobj: data_hex : 27E8400000000000 
127610000: system.memobj: data : 0010011111101000010000000000000000000000000000000000000000000000 
127610000: system.memobj: hamming code addr: 608728 
127610000: system.memobj: hamming code out: 7 
127610000: system.memobj: find Error Bit index : 8 
127610000: system.memobj: hamming code addr: 608736 
127610000: system.memobj: hamming code out: 9 
127610000: system.memobj: hamming code addr: 608744 
127610000: system.memobj: hamming code out: 5 
127610000: system.memobj: hamming code addr: 608752 
127610000: system.memobj: hamming code out: 0 
127610000: system.memobj: hamming code addr: 608760 
127610000: system.memobj: hamming code out: 0 
127610000: system.memobj: hamming code addr: 608768 
127610000: system.memobj: hamming code out: 0 
127610000: system.memobj: hamming code addr: 608776 
127610000: system.memobj: hamming code out: 0 
127610000: system.memobj: hamming code addr: 608784 
127610000: system.memobj: hamming code out: 0 
127610000: system.memobj: fix data : 0010011011101000010000000000000000000000000000000000000000000000 
127610000: system.memobj: -------------------------------------
127659000: system.memobj: mem->cpu Got response for addr 0xe820 , 59424
127659000: system.memobj: size 0x8
127659000: system.memobj: id 94061725569552
127659000: system.memobj: data_hex : FF15DA1E17004885 
127659000: system.memobj: data : 1111111100010101110110100001111000010111000000000100100010000101 
127659000: system.memobj: fix data : 1111111100010101110110100001111000010111000000000100100010000101 
127659000: system.memobj: -------------------------------------
127708000: system.memobj: mem->cpu Got response for addr 0xe828 , 59432
127708000: system.memobj: size 0x8
127708000: system.memobj: id 94061725568688
127708000: system.memobj: data_hex : C048894424200F84 
127708000: system.memobj: data : 1100000001001000100010010100010000100100001000000000111110000100 
127708000: system.memobj: fix data : 1100000001001000100010010100010000100100001000000000111110000100 
127708000: system.memobj: -------------------------------------
127757000: system.memobj: mem->cpu Got response for addr 0xe828 , 59432
127757000: system.memobj: size 0x8
127757000: system.memobj: id 94061725569552
127757000: system.memobj: data_hex : C048894424200F84 
127757000: system.memobj: data : 1100000001001000100010010100010000100100001000000000111110000100 
127757000: system.memobj: fix data : 1100000001001000100010010100010000100100001000000000111110000100 
127757000: system.memobj: -------------------------------------
127757000: system.memobj: cpu->mem Got request for addr 0x94a00 , 608768
127757000: system.memobj: size 0x8
127757000: system.memobj: id 94061725569840
127757000: system.memobj: data_hex : 00505B0000000000 
127757000: system.memobj: data : 0000000001010000010110110000000000000000000000000000000000000000 
127757000: system.memobj: hamming code addr: 608768 
127757000: system.memobj: hamming code : 0 
127757000: system.memobj: hamming code addr: 608776 
127757000: system.memobj: hamming code : 2 
127757000: system.memobj: hamming code addr: 608784 
127757000: system.memobj: hamming code : 12 
127757000: system.memobj: hamming code addr: 608792 
127757000: system.memobj: hamming code : 0 
127757000: system.memobj: hamming code addr: 608800 
127757000: system.memobj: hamming code : 0 
127757000: system.memobj: hamming code addr: 608808 
127757000: system.memobj: hamming code : 0 
127757000: system.memobj: hamming code addr: 608816 
127757000: system.memobj: hamming code : 0 
127757000: system.memobj: hamming code addr: 608824 
127757000: system.memobj: hamming code : 0 
127757000: system.memobj: Enter Error Bit index: 3 
127757000: system.memobj: flip data : 0010000001010000010110110000000000000000000000000000000000000000 
127757000: system.memobj: -------------------------------------
127827000: system.memobj: mem->cpu Got response for addr 0xe828 , 59432
127827000: system.memobj: size 0x8
127827000: system.memobj: id 94061725569840
127827000: system.memobj: data_hex : C048894424200F84 
127827000: system.memobj: data : 1100000001001000100010010100010000100100001000000000111110000100 
127827000: system.memobj: fix data : 1100000001001000100010010100010000100100001000000000111110000100 
127827000: system.memobj: -------------------------------------
127876000: system.memobj: mem->cpu Got response for addr 0xe830 , 59440
127876000: system.memobj: size 0x8
127876000: system.memobj: id 94061725569552
127876000: system.memobj: data_hex : 8C000000488B0525 
127876000: system.memobj: data : 1000110000000000000000000000000001001000100010110000010100100101 
127876000: system.memobj: fix data : 1000110000000000000000000000000001001000100010110000010100100101 
127876000: system.memobj: -------------------------------------
127939000: system.memobj: mem->cpu Got response for addr 0xe830 , 59440
127939000: system.memobj: size 0x8
127939000: system.memobj: id 94061725569840
127939000: system.memobj: data_hex : 8C000000488B0525 
127939000: system.memobj: data : 1000110000000000000000000000000001001000100010110000010100100101 
127939000: system.memobj: fix data : 1000110000000000000000000000000001001000100010110000010100100101 
127939000: system.memobj: -------------------------------------
127988000: system.memobj: mem->cpu Got response for addr 0xe838 , 59448
127988000: system.memobj: size 0x8
127988000: system.memobj: id 94061725569552
127988000: system.memobj: data_hex : 3C18004885C07402 
127988000: system.memobj: data : 0011110000011000000000000100100010000101110000000111010000000010 
127988000: system.memobj: fix data : 0011110000011000000000000100100010000101110000000111010000000010 
127988000: system.memobj: -------------------------------------
128065000: system.memobj: mem->cpu Got response for addr 0x92460 , 599136
128065000: system.memobj: size 0x8
128065000: system.memobj: id 94061725570128
128065000: system.memobj: data_hex : 0000000000000000 
128065000: system.memobj: data : 0000000000000000000000000000000000000000000000000000000000000000 
128065000: system.memobj: fix data : 0000000000000000000000000000000000000000000000000000000000000000 
128065000: system.memobj: -------------------------------------
128114000: system.memobj: mem->cpu Got response for addr 0xe838 , 59448
128114000: system.memobj: size 0x8
128114000: system.memobj: id 94061725570128
128114000: system.memobj: data_hex : 3C18004885C07402 
128114000: system.memobj: data : 0011110000011000000000000100100010000101110000000111010000000010 
128114000: system.memobj: fix data : 0011110000011000000000000100100010000101110000000111010000000010 
128114000: system.memobj: -------------------------------------
128163000: system.memobj: mem->cpu Got response for addr 0xe838 , 59448
128163000: system.memobj: size 0x8
128163000: system.memobj: id 94061725569552
128163000: system.memobj: data_hex : 3C18004885C07402 
128163000: system.memobj: data : 0011110000011000000000000100100010000101110000000111010000000010 
128163000: system.memobj: fix data : 0011110000011000000000000100100010000101110000000111010000000010 
128163000: system.memobj: -------------------------------------
128212000: system.memobj: mem->cpu Got response for addr 0xe840 , 59456
128212000: system.memobj: size 0x8
128212000: system.memobj: id 94061725570128
128212000: system.memobj: data_hex : FFD048837C242000 
128212000: system.memobj: data : 1111111111010000010010001000001101111100001001000010000000000000 
128212000: system.memobj: fix data : 1111111111010000010010001000001101111100001001000010000000000000 
128212000: system.memobj: -------------------------------------
128232000: system.memobj: mem->cpu Got response for addr 0x94a00 , 608768
128232000: system.memobj: size 0x8
128232000: system.memobj: id 94061725569552
128232000: system.memobj: data_hex : 20505B0000000000 
128232000: system.memobj: data : 0010000001010000010110110000000000000000000000000000000000000000 
128232000: system.memobj: hamming code addr: 608768 
128232000: system.memobj: hamming code out: 0 
128232000: system.memobj: find Error Bit index : 3 
128232000: system.memobj: hamming code addr: 608776 
128232000: system.memobj: hamming code out: 2 
128232000: system.memobj: hamming code addr: 608784 
128232000: system.memobj: hamming code out: 12 
128232000: system.memobj: hamming code addr: 608792 
128232000: system.memobj: hamming code out: 0 
128232000: system.memobj: hamming code addr: 608800 
128232000: system.memobj: hamming code out: 0 
128232000: system.memobj: hamming code addr: 608808 
128232000: system.memobj: hamming code out: 0 
128232000: system.memobj: hamming code addr: 608816 
128232000: system.memobj: hamming code out: 0 
128232000: system.memobj: hamming code addr: 608824 
128232000: system.memobj: hamming code out: 0 
128232000: system.memobj: fix data : 0000000001010000010110110000000000000000000000000000000000000000 
128232000: system.memobj: -------------------------------------
128281000: system.memobj: mem->cpu Got response for addr 0xe848 , 59464
128281000: system.memobj: size 0x8
128281000: system.memobj: id 94061725569552
128281000: system.memobj: data_hex : 0F8489FDFFFF4829 
128281000: system.memobj: data : 0000111110000100100010011111110111111111111111110100100000101001 
128281000: system.memobj: fix data : 0000111110000100100010011111110111111111111111110100100000101001 
128281000: system.memobj: -------------------------------------
128330000: system.memobj: mem->cpu Got response for addr 0xe848 , 59464
128330000: system.memobj: size 0x8
128330000: system.memobj: id 94061725570128
128330000: system.memobj: data_hex : 0F8489FDFFFF4829 
128330000: system.memobj: data : 0000111110000100100010011111110111111111111111110100100000101001 
128330000: system.memobj: fix data : 0000111110000100100010011111110111111111111111110100100000101001 
128330000: system.memobj: -------------------------------------
128379000: system.memobj: mem->cpu Got response for addr 0xe850 , 59472
128379000: system.memobj: size 0x8
128379000: system.memobj: id 94061725569552
128379000: system.memobj: data_hex : 5C242049899D8800 
128379000: system.memobj: data : 0101110000100100001000000100100110001001100111011000100000000000 
128379000: system.memobj: fix data : 0101110000100100001000000100100110001001100111011000100000000000 
128379000: system.memobj: -------------------------------------
128399000: system.memobj: mem->cpu Got response for addr 0x94a00 , 608768
128399000: system.memobj: size 0x8
128399000: system.memobj: id 94061725570704
128399000: system.memobj: data_hex : 20505B0000000000 
128399000: system.memobj: data : 0010000001010000010110110000000000000000000000000000000000000000 
128399000: system.memobj: hamming code addr: 608768 
128399000: system.memobj: hamming code out: 0 
128399000: system.memobj: find Error Bit index : 3 
128399000: system.memobj: hamming code addr: 608776 
128399000: system.memobj: hamming code out: 2 
128399000: system.memobj: hamming code addr: 608784 
128399000: system.memobj: hamming code out: 12 
128399000: system.memobj: hamming code addr: 608792 
128399000: system.memobj: hamming code out: 0 
128399000: system.memobj: hamming code addr: 608800 
128399000: system.memobj: hamming code out: 0 
128399000: system.memobj: hamming code addr: 608808 
128399000: system.memobj: hamming code out: 0 
128399000: system.memobj: hamming code addr: 608816 
128399000: system.memobj: hamming code out: 0 
128399000: system.memobj: hamming code addr: 608824 
128399000: system.memobj: hamming code out: 0 
128399000: system.memobj: fix data : 0000000001010000010110110000000000000000000000000000000000000000 
128399000: system.memobj: -------------------------------------
128399000: system.memobj: cpu->mem Got request for addr 0x94a00 , 608768
128399000: system.memobj: size 0x8
128399000: system.memobj: id 94061725570704
128399000: system.memobj: data_hex : 0010020000000000 
128399000: system.memobj: data : 0000000000010000000000100000000000000000000000000000000000000000 
128399000: system.memobj: hamming code addr: 608768 
128399000: system.memobj: hamming code : 0 
128399000: system.memobj: hamming code addr: 608776 
128399000: system.memobj: hamming code : 7 
128399000: system.memobj: hamming code addr: 608784 
128399000: system.memobj: hamming code : 11 
128399000: system.memobj: hamming code addr: 608792 
128399000: system.memobj: hamming code : 0 
128399000: system.memobj: hamming code addr: 608800 
128399000: system.memobj: hamming code : 0 
128399000: system.memobj: hamming code addr: 608808 
128399000: system.memobj: hamming code : 0 
128399000: system.memobj: hamming code addr: 608816 
128399000: system.memobj: hamming code : 0 
128399000: system.memobj: hamming code addr: 608824 
128399000: system.memobj: hamming code : 0 
128399000: system.memobj: Enter Error Bit index: 3 
128399000: system.memobj: flip data : 0010000000010000000000100000000000000000000000000000000000000000 
128399000: system.memobj: -------------------------------------
128469000: system.memobj: mem->cpu Got response for addr 0xe850 , 59472
128469000: system.memobj: size 0x8
128469000: system.memobj: id 94061725570704
128469000: system.memobj: data_hex : 5C242049899D8800 
128469000: system.memobj: data : 0101110000100100001000000100100110001001100111011000100000000000 
128469000: system.memobj: fix data : 0101110000100100001000000100100110001001100111011000100000000000 
128469000: system.memobj: -------------------------------------
128518000: system.memobj: mem->cpu Got response for addr 0xe858 , 59480
128518000: system.memobj: size 0x8
128518000: system.memobj: id 94061725569552
128518000: system.memobj: data_hex : 0000488B4424204C 
128518000: system.memobj: data : 0000000000000000010010001000101101000100001001000010000001001100 
128518000: system.memobj: fix data : 0000000000000000010010001000101101000100001001000010000001001100 
128518000: system.memobj: -------------------------------------
128518000: system.memobj: cpu->mem Got request for addr 0x92508 , 599304
128518000: system.memobj: size 0x8
128518000: system.memobj: id 94061725570992
128518000: system.memobj: data_hex : 0040590000000000 
128518000: system.memobj: data : 0000000001000000010110010000000000000000000000000000000000000000 
128518000: system.memobj: hamming code addr: 599304 
128518000: system.memobj: hamming code : 0 
128518000: system.memobj: hamming code addr: 599312 
128518000: system.memobj: hamming code : 5 
128518000: system.memobj: hamming code addr: 599320 
128518000: system.memobj: hamming code : 7 
128518000: system.memobj: hamming code addr: 599328 
128518000: system.memobj: hamming code : 0 
128518000: system.memobj: hamming code addr: 599336 
128518000: system.memobj: hamming code : 0 
128518000: system.memobj: hamming code addr: 599344 
128518000: system.memobj: hamming code : 0 
128518000: system.memobj: hamming code addr: 599352 
128518000: system.memobj: hamming code : 0 
128518000: system.memobj: hamming code addr: 599360 
128518000: system.memobj: hamming code : 0 
128518000: system.memobj: Enter Error Bit index: 8 
128518000: system.memobj: flip data : 0000000101000000010110010000000000000000000000000000000000000000 
128518000: system.memobj: -------------------------------------
128588000: system.memobj: mem->cpu Got response for addr 0xe858 , 59480
128588000: system.memobj: size 0x8
128588000: system.memobj: id 94061725570992
128588000: system.memobj: data_hex : 0000488B4424204C 
128588000: system.memobj: data : 0000000000000000010010001000101101000100001001000010000001001100 
128588000: system.memobj: fix data : 0000000000000000010010001000101101000100001001000010000001001100 
128588000: system.memobj: -------------------------------------
128608000: system.memobj: mem->cpu Got response for addr 0x94a00 , 608768
128608000: system.memobj: size 0x8
128608000: system.memobj: id 94061725571280
128608000: system.memobj: data_hex : 2010020000000000 
128608000: system.memobj: data : 0010000000010000000000100000000000000000000000000000000000000000 
128608000: system.memobj: hamming code addr: 608768 
128608000: system.memobj: hamming code out: 0 
128608000: system.memobj: find Error Bit index : 3 
128608000: system.memobj: hamming code addr: 608776 
128608000: system.memobj: hamming code out: 7 
128608000: system.memobj: hamming code addr: 608784 
128608000: system.memobj: hamming code out: 11 
128608000: system.memobj: hamming code addr: 608792 
128608000: system.memobj: hamming code out: 0 
128608000: system.memobj: hamming code addr: 608800 
128608000: system.memobj: hamming code out: 0 
128608000: system.memobj: hamming code addr: 608808 
128608000: system.memobj: hamming code out: 0 
128608000: system.memobj: hamming code addr: 608816 
128608000: system.memobj: hamming code out: 0 
128608000: system.memobj: hamming code addr: 608824 
128608000: system.memobj: hamming code out: 0 
128608000: system.memobj: fix data : 0000000000010000000000100000000000000000000000000000000000000000 
128608000: system.memobj: -------------------------------------
128657000: system.memobj: mem->cpu Got response for addr 0xe858 , 59480
128657000: system.memobj: size 0x8
128657000: system.memobj: id 94061725571280
128657000: system.memobj: data_hex : 0000488B4424204C 
128657000: system.memobj: data : 0000000000000000010010001000101101000100001001000010000001001100 
128657000: system.memobj: fix data : 0000000000000000010010001000101101000100001001000010000001001100 
128657000: system.memobj: -------------------------------------
128706000: system.memobj: mem->cpu Got response for addr 0xe860 , 59488
128706000: system.memobj: size 0x8
128706000: system.memobj: id 94061725570992
128706000: system.memobj: data_hex : 01F84883C8014889 
128706000: system.memobj: data : 0000000111111000010010001000001111001000000000010100100010001001 
128706000: system.memobj: fix data : 0000000111111000010010001000001111001000000000010100100010001001 
128706000: system.memobj: -------------------------------------
128755000: system.memobj: mem->cpu Got response for addr 0xe860 , 59488
128755000: system.memobj: size 0x8
128755000: system.memobj: id 94061725571280
128755000: system.memobj: data_hex : 01F84883C8014889 
128755000: system.memobj: data : 0000000111111000010010001000001111001000000000010100100010001001 
128755000: system.memobj: fix data : 0000000111111000010010001000001111001000000000010100100010001001 
128755000: system.memobj: -------------------------------------
128804000: system.memobj: mem->cpu Got response for addr 0xe860 , 59488
128804000: system.memobj: size 0x8
128804000: system.memobj: id 94061725570992
128804000: system.memobj: data_hex : 01F84883C8014889 
128804000: system.memobj: data : 0000000111111000010010001000001111001000000000010100100010001001 
128804000: system.memobj: fix data : 0000000111111000010010001000001111001000000000010100100010001001 
128804000: system.memobj: -------------------------------------
128853000: system.memobj: mem->cpu Got response for addr 0xe868 , 59496
128853000: system.memobj: size 0x8
128853000: system.memobj: id 94061725571280
128853000: system.memobj: data_hex : 4308488B0DBF4418 
128853000: system.memobj: data : 0100001100001000010010001000101100001101101111110100010000011000 
128853000: system.memobj: fix data : 0100001100001000010010001000101100001101101111110100010000011000 
128853000: system.memobj: -------------------------------------
128916000: system.memobj: mem->cpu Got response for addr 0xe860 , 59488
128916000: system.memobj: size 0x8
128916000: system.memobj: id 94061725571280
128916000: system.memobj: data_hex : 01F84883C8014889 
128916000: system.memobj: data : 0000000111111000010010001000001111001000000000010100100010001001 
128916000: system.memobj: fix data : 0000000111111000010010001000001111001000000000010100100010001001 
128916000: system.memobj: -------------------------------------
128965000: system.memobj: mem->cpu Got response for addr 0xe868 , 59496
128965000: system.memobj: size 0x8
128965000: system.memobj: id 94061725571568
128965000: system.memobj: data_hex : 4308488B0DBF4418 
128965000: system.memobj: data : 0100001100001000010010001000101100001101101111110100010000011000 
128965000: system.memobj: fix data : 0100001100001000010010001000101100001101101111110100010000011000 
128965000: system.memobj: -------------------------------------
128965000: system.memobj: cpu->mem Got request for addr 0x96008 , 614408
128965000: system.memobj: size 0x8
128965000: system.memobj: id 94061725571280
128965000: system.memobj: data_hex : 0110020000000000 
128965000: system.memobj: data : 0000000100010000000000100000000000000000000000000000000000000000 
128965000: system.memobj: hamming code addr: 614408 
128965000: system.memobj: hamming code : 12 
128965000: system.memobj: hamming code addr: 614416 
128965000: system.memobj: hamming code : 7 
128965000: system.memobj: hamming code addr: 614424 
128965000: system.memobj: hamming code : 11 
128965000: system.memobj: hamming code addr: 614432 
128965000: system.memobj: hamming code : 0 
128965000: system.memobj: hamming code addr: 614440 
128965000: system.memobj: hamming code : 0 
128965000: system.memobj: hamming code addr: 614448 
128965000: system.memobj: hamming code : 0 
128965000: system.memobj: hamming code addr: 614456 
128965000: system.memobj: hamming code : 0 
128965000: system.memobj: hamming code addr: 614464 
128965000: system.memobj: hamming code : 0 
128965000: system.memobj: Enter Error Bit index: 3 
128965000: system.memobj: flip data : 0010000100010000000000100000000000000000000000000000000000000000 
128965000: system.memobj: -------------------------------------
129035000: system.memobj: mem->cpu Got response for addr 0xe868 , 59496
129035000: system.memobj: size 0x8
129035000: system.memobj: id 94061725571280
129035000: system.memobj: data_hex : 4308488B0DBF4418 
129035000: system.memobj: data : 0100001100001000010010001000101100001101101111110100010000011000 
129035000: system.memobj: fix data : 0100001100001000010010001000101100001101101111110100010000011000 
129035000: system.memobj: -------------------------------------
129084000: system.memobj: mem->cpu Got response for addr 0xe870 , 59504
129084000: system.memobj: size 0x8
129084000: system.memobj: id 94061725571568
129084000: system.memobj: data_hex : 004C01F94D85F649 
129084000: system.memobj: data : 0000000001001100000000011111100101001101100001011111011001001001 
129084000: system.memobj: fix data : 0000000001001100000000011111100101001101100001011111011001001001 
129084000: system.memobj: -------------------------------------
129133000: system.memobj: mem->cpu Got response for addr 0x92d30 , 601392
129133000: system.memobj: size 0x8
129133000: system.memobj: id 94061725571856
129133000: system.memobj: data_hex : 8010020000000000 
129133000: system.memobj: data : 1000000000010000000000100000000000000000000000000000000000000000 
129133000: system.memobj: hamming code addr: 601392 
129133000: system.memobj: hamming code out: 0 
129133000: system.memobj: find Error Bit index : 1 
129133000: system.memobj: hamming code addr: 601400 
129133000: system.memobj: hamming code out: 7 
129133000: system.memobj: hamming code addr: 601408 
129133000: system.memobj: hamming code out: 11 
129133000: system.memobj: hamming code addr: 601416 
129133000: system.memobj: hamming code out: 0 
129133000: system.memobj: hamming code addr: 601424 
129133000: system.memobj: hamming code out: 0 
129133000: system.memobj: hamming code addr: 601432 
129133000: system.memobj: hamming code out: 0 
129133000: system.memobj: hamming code addr: 601440 
129133000: system.memobj: hamming code out: 0 
129133000: system.memobj: hamming code addr: 601448 
129133000: system.memobj: hamming code out: 0 
129133000: system.memobj: fix data : 0000000000010000000000100000000000000000000000000000000000000000 
129133000: system.memobj: -------------------------------------
129182000: system.memobj: mem->cpu Got response for addr 0xe870 , 59504
129182000: system.memobj: size 0x8
129182000: system.memobj: id 94061725571856
129182000: system.memobj: data_hex : 004C01F94D85F649 
129182000: system.memobj: data : 0000000001001100000000011111100101001101100001011111011001001001 
129182000: system.memobj: fix data : 0000000001001100000000011111100101001101100001011111011001001001 
129182000: system.memobj: -------------------------------------
129231000: system.memobj: mem->cpu Got response for addr 0xe870 , 59504
129231000: system.memobj: size 0x8
129231000: system.memobj: id 94061725571568
129231000: system.memobj: data_hex : 004C01F94D85F649 
129231000: system.memobj: data : 0000000001001100000000011111100101001101100001011111011001001001 
129231000: system.memobj: fix data : 0000000001001100000000011111100101001101100001011111011001001001 
129231000: system.memobj: -------------------------------------
129280000: system.memobj: mem->cpu Got response for addr 0xe870 , 59504
129280000: system.memobj: size 0x8
129280000: system.memobj: id 94061725571856
129280000: system.memobj: data_hex : 004C01F94D85F649 
129280000: system.memobj: data : 0000000001001100000000011111100101001101100001011111011001001001 
129280000: system.memobj: fix data : 0000000001001100000000011111100101001101100001011111011001001001 
129280000: system.memobj: -------------------------------------
129329000: system.memobj: mem->cpu Got response for addr 0xe878 , 59512
129329000: system.memobj: size 0x8
129329000: system.memobj: id 94061725571568
129329000: system.memobj: data_hex : 898DB00800000F84 
129329000: system.memobj: data : 1000100110001101101100000000100000000000000000000000111110000100 
129329000: system.memobj: fix data : 1000100110001101101100000000100000000000000000000000111110000100 
129329000: system.memobj: -------------------------------------
129329000: system.memobj: cpu->mem Got request for addr 0x92d30 , 601392
129329000: system.memobj: size 0x8
129329000: system.memobj: id 94061725571856
129329000: system.memobj: data_hex : 0010020000000000 
129329000: system.memobj: data : 0000000000010000000000100000000000000000000000000000000000000000 
129329000: system.memobj: hamming code addr: 601392 
129329000: system.memobj: hamming code : 0 
129329000: system.memobj: hamming code addr: 601400 
129329000: system.memobj: hamming code : 7 
129329000: system.memobj: hamming code addr: 601408 
129329000: system.memobj: hamming code : 11 
129329000: system.memobj: hamming code addr: 601416 
129329000: system.memobj: hamming code : 0 
129329000: system.memobj: hamming code addr: 601424 
129329000: system.memobj: hamming code : 0 
129329000: system.memobj: hamming code addr: 601432 
129329000: system.memobj: hamming code : 0 
129329000: system.memobj: hamming code addr: 601440 
129329000: system.memobj: hamming code : 0 
129329000: system.memobj: hamming code addr: 601448 
129329000: system.memobj: hamming code : 0 
129329000: system.memobj: Enter Error Bit index: 1 
129329000: system.memobj: flip data : 1000000000010000000000100000000000000000000000000000000000000000 
129329000: system.memobj: -------------------------------------
129399000: system.memobj: mem->cpu Got response for addr 0xe878 , 59512
129399000: system.memobj: size 0x8
129399000: system.memobj: id 94061725571856
129399000: system.memobj: data_hex : 898DB00800000F84 
129399000: system.memobj: data : 1000100110001101101100000000100000000000000000000000111110000100 
129399000: system.memobj: fix data : 1000100110001101101100000000100000000000000000000000111110000100 
129399000: system.memobj: -------------------------------------
129448000: system.memobj: mem->cpu Got response for addr 0xe880 , 59520
129448000: system.memobj: size 0x8
129448000: system.memobj: id 94061725571568
129448000: system.memobj: data_hex : 86FBFFFF4983EE20 
129448000: system.memobj: data : 1000011011111011111111111111111101001001100000111110111000100000 
129448000: system.memobj: fix data : 1000011011111011111111111111111101001001100000111110111000100000 
129448000: system.memobj: -------------------------------------
129497000: system.memobj: mem->cpu Got response for addr 0xe408 , 58376
129497000: system.memobj: size 0x8
129497000: system.memobj: id 94061725571856
129497000: system.memobj: data_hex : 0000493B8DB80800 
129497000: system.memobj: data : 0000000000000000010010010011101110001101101110000000100000000000 
129497000: system.memobj: fix data : 0000000000000000010010010011101110001101101110000000100000000000 
129497000: system.memobj: -------------------------------------
129546000: system.memobj: mem->cpu Got response for addr 0xe410 , 58384
129546000: system.memobj: size 0x8
129546000: system.memobj: id 94061725571568
129546000: system.memobj: data_hex : 00760749898DB808 
129546000: system.memobj: data : 0000000001110110000001110100100110001001100011011011100000001000 
129546000: system.memobj: fix data : 0000000001110110000001110100100110001001100011011011100000001000 
129546000: system.memobj: -------------------------------------
129595000: system.memobj: mem->cpu Got response for addr 0x92d38 , 601400
129595000: system.memobj: size 0x8
129595000: system.memobj: id 94061725572144
129595000: system.memobj: data_hex : 0000000000000000 
129595000: system.memobj: data : 0000000000000000000000000000000000000000000000000000000000000000 
129595000: system.memobj: fix data : 0000000000000000000000000000000000000000000000000000000000000000 
129595000: system.memobj: -------------------------------------
129644000: system.memobj: mem->cpu Got response for addr 0xe410 , 58384
129644000: system.memobj: size 0x8
129644000: system.memobj: id 94061725572144
129644000: system.memobj: data_hex : 00760749898DB808 
129644000: system.memobj: data : 0000000001110110000001110100100110001001100011011011100000001000 
129644000: system.memobj: fix data : 0000000001110110000001110100100110001001100011011011100000001000 
129644000: system.memobj: -------------------------------------
129693000: system.memobj: mem->cpu Got response for addr 0xe410 , 58384
129693000: system.memobj: size 0x8
129693000: system.memobj: id 94061725571568
129693000: system.memobj: data_hex : 00760749898DB808 
129693000: system.memobj: data : 0000000001110110000001110100100110001001100011011011100000001000 
129693000: system.memobj: fix data : 0000000001110110000001110100100110001001100011011011100000001000 
129693000: system.memobj: -------------------------------------
129742000: system.memobj: mem->cpu Got response for addr 0xe418 , 58392
129742000: system.memobj: size 0x8
129742000: system.memobj: id 94061725572144
129742000: system.memobj: data_hex : 0000488B6B084889 
129742000: system.memobj: data : 0000000000000000010010001000101101101011000010000100100010001001 
129742000: system.memobj: fix data : 0000000000000000010010001000101101101011000010000100100010001001 
129742000: system.memobj: -------------------------------------
129742000: system.memobj: cpu->mem Got request for addr 0x92d38 , 601400
129742000: system.memobj: size 0x8
129742000: system.memobj: id 94061725572432
129742000: system.memobj: data_hex : 0010020000000000 
129742000: system.memobj: data : 0000000000010000000000100000000000000000000000000000000000000000 
129742000: system.memobj: hamming code addr: 601400 
129742000: system.memobj: hamming code : 0 
129742000: system.memobj: hamming code addr: 601408 
129742000: system.memobj: hamming code : 7 
129742000: system.memobj: hamming code addr: 601416 
129742000: system.memobj: hamming code : 11 
129742000: system.memobj: hamming code addr: 601424 
129742000: system.memobj: hamming code : 0 
129742000: system.memobj: hamming code addr: 601432 
129742000: system.memobj: hamming code : 0 
129742000: system.memobj: hamming code addr: 601440 
129742000: system.memobj: hamming code : 0 
129742000: system.memobj: hamming code addr: 601448 
129742000: system.memobj: hamming code : 0 
129742000: system.memobj: hamming code addr: 601456 
129742000: system.memobj: hamming code : 0 
129742000: system.memobj: Enter Error Bit index: 2 
129742000: system.memobj: flip data : 0100000000010000000000100000000000000000000000000000000000000000 
129742000: system.memobj: -------------------------------------
129812000: system.memobj: mem->cpu Got response for addr 0xe418 , 58392
129812000: system.memobj: size 0x8
129812000: system.memobj: id 94061725572432
129812000: system.memobj: data_hex : 0000488B6B084889 
129812000: system.memobj: data : 0000000000000000010010001000101101101011000010000100100010001001 
129812000: system.memobj: fix data : 0000000000000000010010001000101101101011000010000100100010001001 
129812000: system.memobj: -------------------------------------
129832000: system.memobj: mem->cpu Got response for addr 0x96008 , 614408
129832000: system.memobj: size 0x8
129832000: system.memobj: id 94061725572144
129832000: system.memobj: data_hex : 2110020000000000 
129832000: system.memobj: data : 0010000100010000000000100000000000000000000000000000000000000000 
129832000: system.memobj: hamming code addr: 614408 
129832000: system.memobj: hamming code out: 12 
129832000: system.memobj: find Error Bit index : 3 
129832000: system.memobj: hamming code addr: 614416 
129832000: system.memobj: hamming code out: 7 
129832000: system.memobj: hamming code addr: 614424 
129832000: system.memobj: hamming code out: 11 
129832000: system.memobj: hamming code addr: 614432 
129832000: system.memobj: hamming code out: 0 
129832000: system.memobj: hamming code addr: 614440 
129832000: system.memobj: hamming code out: 0 
129832000: system.memobj: hamming code addr: 614448 
129832000: system.memobj: hamming code out: 0 
129832000: system.memobj: hamming code addr: 614456 
129832000: system.memobj: hamming code out: 0 
129832000: system.memobj: hamming code addr: 614464 
129832000: system.memobj: hamming code out: 0 
129832000: system.memobj: fix data : 0000000100010000000000100000000000000000000000000000000000000000 
129832000: system.memobj: -------------------------------------
129895000: system.memobj: mem->cpu Got response for addr 0xe418 , 58392
129895000: system.memobj: size 0x8
129895000: system.memobj: id 94061725572144
129895000: system.memobj: data_hex : 0000488B6B084889 
129895000: system.memobj: data : 0000000000000000010010001000101101101011000010000100100010001001 
129895000: system.memobj: fix data : 0000000000000000010010001000101101101011000010000100100010001001 
129895000: system.memobj: -------------------------------------
129944000: system.memobj: mem->cpu Got response for addr 0xe420 , 58400
129944000: system.memobj: size 0x8
129944000: system.memobj: id 94061725572432
129944000: system.memobj: data_hex : D94883E5F8483B2C 
129944000: system.memobj: data : 1101100101001000100000111110010111111000010010000011101100101100 
129944000: system.memobj: fix data : 1101100101001000100000111110010111111000010010000011101100101100 
129944000: system.memobj: -------------------------------------
129993000: system.memobj: mem->cpu Got response for addr 0xe420 , 58400
129993000: system.memobj: size 0x8
129993000: system.memobj: id 94061725572144
129993000: system.memobj: data_hex : D94883E5F8483B2C 
129993000: system.memobj: data : 1101100101001000100000111110010111111000010010000011101100101100 
129993000: system.memobj: fix data : 1101100101001000100000111110010111111000010010000011101100101100 
129993000: system.memobj: -------------------------------------
130042000: system.memobj: mem->cpu Got response for addr 0xe420 , 58400
130042000: system.memobj: size 0x8
130042000: system.memobj: id 94061725572432
130042000: system.memobj: data_hex : D94883E5F8483B2C 
130042000: system.memobj: data : 1101100101001000100000111110010111111000010010000011101100101100 
130042000: system.memobj: fix data : 1101100101001000100000111110010111111000010010000011101100101100 
130042000: system.memobj: -------------------------------------
130091000: system.memobj: mem->cpu Got response for addr 0xe428 , 58408
130091000: system.memobj: size 0x8
130091000: system.memobj: id 94061725572144
130091000: system.memobj: data_hex : 240F82C8FDFFFF48 
130091000: system.memobj: data : 0010010000001111100000101100100011111101111111111111111101001000 
130091000: system.memobj: fix data : 0010010000001111100000101100100011111101111111111111111101001000 
130091000: system.memobj: -------------------------------------
130140000: system.memobj: mem->cpu Got response for addr 0x949e0 , 608736
130140000: system.memobj: size 0x8
130140000: system.memobj: id 94061725572720
130140000: system.memobj: data_hex : 5200000000000000 
130140000: system.memobj: data : 0101001000000000000000000000000000000000000000000000000000000000 
130140000: system.memobj: hamming code addr: 608736 
130140000: system.memobj: hamming code out: 2 
130140000: system.memobj: find Error Bit index : 7 
130140000: system.memobj: hamming code addr: 608744 
130140000: system.memobj: hamming code out: 0 
130140000: system.memobj: hamming code addr: 608752 
130140000: system.memobj: hamming code out: 0 
130140000: system.memobj: hamming code addr: 608760 
130140000: system.memobj: hamming code out: 0 
130140000: system.memobj: hamming code addr: 608768 
130140000: system.memobj: hamming code out: 0 
130140000: system.memobj: hamming code addr: 608776 
130140000: system.memobj: hamming code out: 0 
130140000: system.memobj: hamming code addr: 608784 
130140000: system.memobj: hamming code out: 0 
130140000: system.memobj: hamming code addr: 608792 
130140000: system.memobj: hamming code out: 0 
130140000: system.memobj: fix data : 0101000000000000000000000000000000000000000000000000000000000000 
130140000: system.memobj: -------------------------------------
130189000: system.memobj: mem->cpu Got response for addr 0xe428 , 58408
130189000: system.memobj: size 0x8
130189000: system.memobj: id 94061725572720
130189000: system.memobj: data_hex : 240F82C8FDFFFF48 
130189000: system.memobj: data : 0010010000001111100000101100100011111101111111111111111101001000 
130189000: system.memobj: fix data : 0010010000001111100000101100100011111101111111111111111101001000 
130189000: system.memobj: -------------------------------------
130238000: system.memobj: mem->cpu Got response for addr 0xe428 , 58408
130238000: system.memobj: size 0x8
130238000: system.memobj: id 94061725572144
130238000: system.memobj: data_hex : 240F82C8FDFFFF48 
130238000: system.memobj: data : 0010010000001111100000101100100011111101111111111111111101001000 
130238000: system.memobj: fix data : 0010010000001111100000101100100011111101111111111111111101001000 
130238000: system.memobj: -------------------------------------
130287000: system.memobj: mem->cpu Got response for addr 0xe430 , 58416
130287000: system.memobj: size 0x8
130287000: system.memobj: id 94061725572720
130287000: system.memobj: data_hex : 8B542440482B6C24 
130287000: system.memobj: data : 1000101101010100001001000100000001001000001010110110110000100100 
130287000: system.memobj: fix data : 1000101101010100001001000100000001001000001010110110110000100100 
130287000: system.memobj: -------------------------------------
130336000: system.memobj: mem->cpu Got response for addr 0x94a20 , 608800
130336000: system.memobj: size 0x8
130336000: system.memobj: id 94061725572144
130336000: system.memobj: data_hex : 7000000000000000 
130336000: system.memobj: data : 0111000000000000000000000000000000000000000000000000000000000000 
130336000: system.memobj: hamming code addr: 608800 
130336000: system.memobj: hamming code out: 1 
130336000: system.memobj: find Error Bit index : 2 
130336000: system.memobj: hamming code addr: 608808 
130336000: system.memobj: hamming code out: 0 
130336000: system.memobj: hamming code addr: 608816 
130336000: system.memobj: hamming code out: 0 
130336000: system.memobj: hamming code addr: 608824 
130336000: system.memobj: hamming code out: 0 
130336000: system.memobj: hamming code addr: 608832 
130336000: system.memobj: hamming code out: 0 
130336000: system.memobj: hamming code addr: 608840 
130336000: system.memobj: hamming code out: 0 
130336000: system.memobj: hamming code addr: 608848 
130336000: system.memobj: hamming code out: 0 
130336000: system.memobj: hamming code addr: 608856 
130336000: system.memobj: hamming code out: 0 
130336000: system.memobj: fix data : 0011000000000000000000000000000000000000000000000000000000000000 
130336000: system.memobj: -------------------------------------
130385000: system.memobj: mem->cpu Got response for addr 0xe430 , 58416
130385000: system.memobj: size 0x8
130385000: system.memobj: id 94061725572144
130385000: system.memobj: data_hex : 8B542440482B6C24 
130385000: system.memobj: data : 1000101101010100001001000100000001001000001010110110110000100100 
130385000: system.memobj: fix data : 1000101101010100001001000100000001001000001010110110110000100100 
130385000: system.memobj: -------------------------------------
130434000: system.memobj: mem->cpu Got response for addr 0xe438 , 58424
130434000: system.memobj: size 0x8
130434000: system.memobj: id 94061725572720
130434000: system.memobj: data_hex : 40488D04134883CA 
130434000: system.memobj: data : 0100000001001000100011010000010000010011010010001000001111001010 
130434000: system.memobj: fix data : 0100000001001000100011010000010000010011010010001000001111001010 
130434000: system.memobj: -------------------------------------
130483000: system.memobj: mem->cpu Got response for addr 0x94a20 , 608800
130483000: system.memobj: size 0x8
130483000: system.memobj: id 94061725630480
130483000: system.memobj: data_hex : 7000000000000000 
130483000: system.memobj: data : 0111000000000000000000000000000000000000000000000000000000000000 
130483000: system.memobj: hamming code addr: 608800 
130483000: system.memobj: hamming code out: 1 
130483000: system.memobj: find Error Bit index : 2 
130483000: system.memobj: hamming code addr: 608808 
130483000: system.memobj: hamming code out: 0 
130483000: system.memobj: hamming code addr: 608816 
130483000: system.memobj: hamming code out: 0 
130483000: system.memobj: hamming code addr: 608824 
130483000: system.memobj: hamming code out: 0 
130483000: system.memobj: hamming code addr: 608832 
130483000: system.memobj: hamming code out: 0 
130483000: system.memobj: hamming code addr: 608840 
130483000: system.memobj: hamming code out: 0 
130483000: system.memobj: hamming code addr: 608848 
130483000: system.memobj: hamming code out: 0 
130483000: system.memobj: hamming code addr: 608856 
130483000: system.memobj: hamming code out: 0 
130483000: system.memobj: fix data : 0011000000000000000000000000000000000000000000000000000000000000 
130483000: system.memobj: -------------------------------------
130532000: system.memobj: mem->cpu Got response for addr 0xe438 , 58424
130532000: system.memobj: size 0x8
130532000: system.memobj: id 94061725630480
130532000: system.memobj: data_hex : 40488D04134883CA 
130532000: system.memobj: data : 0100000001001000100011010000010000010011010010001000001111001010 
130532000: system.memobj: fix data : 0100000001001000100011010000010000010011010010001000001111001010 
130532000: system.memobj: -------------------------------------
130581000: system.memobj: mem->cpu Got response for addr 0xe438 , 58424
130581000: system.memobj: size 0x8
130581000: system.memobj: id 94061725630768
130581000: system.memobj: data_hex : 40488D04134883CA 
130581000: system.memobj: data : 0100000001001000100011010000010000010011010010001000001111001010 
130581000: system.memobj: fix data : 0100000001001000100011010000010000010011010010001000001111001010 
130581000: system.memobj: -------------------------------------
130630000: system.memobj: mem->cpu Got response for addr 0xe440 , 58432
130630000: system.memobj: size 0x8
130630000: system.memobj: id 94061725630480
130630000: system.memobj: data_hex : 054981FD80245900 
130630000: system.memobj: data : 0000010101001001100000011111110110000000001001000101100100000000 
130630000: system.memobj: fix data : 0000010101001001100000011111110110000000001001000101100100000000 
130630000: system.memobj: -------------------------------------
130679000: system.memobj: mem->cpu Got response for addr 0xe440 , 58432
130679000: system.memobj: size 0x8
130679000: system.memobj: id 94061725630768
130679000: system.memobj: data_hex : 054981FD80245900 
130679000: system.memobj: data : 0000010101001001100000011111110110000000001001000101100100000000 
130679000: system.memobj: fix data : 0000010101001001100000011111110110000000001001000101100100000000 
130679000: system.memobj: -------------------------------------
130728000: system.memobj: mem->cpu Got response for addr 0xe448 , 58440
130728000: system.memobj: size 0x8
130728000: system.memobj: id 94061725630480
130728000: system.memobj: data_hex : 4889542440488B54 
130728000: system.memobj: data : 0100100010001001010101000010010001000000010010001000101101010100 
130728000: system.memobj: fix data : 0100100010001001010101000010010001000000010010001000101101010100 
130728000: system.memobj: -------------------------------------
130728000: system.memobj: cpu->mem Got request for addr 0x94a20 , 608800
130728000: system.memobj: size 0x8
130728000: system.memobj: id 94061725630768
130728000: system.memobj: data_hex : 3500000000000000 
130728000: system.memobj: data : 0011010100000000000000000000000000000000000000000000000000000000 
130728000: system.memobj: hamming code addr: 608800 
130728000: system.memobj: hamming code : 7 
130728000: system.memobj: hamming code addr: 608808 
130728000: system.memobj: hamming code : 0 
130728000: system.memobj: hamming code addr: 608816 
130728000: system.memobj: hamming code : 0 
130728000: system.memobj: hamming code addr: 608824 
130728000: system.memobj: hamming code : 0 
130728000: system.memobj: hamming code addr: 608832 
130728000: system.memobj: hamming code : 0 
130728000: system.memobj: hamming code addr: 608840 
130728000: system.memobj: hamming code : 0 
130728000: system.memobj: hamming code addr: 608848 
130728000: system.memobj: hamming code : 0 
130728000: system.memobj: hamming code addr: 608856 
130728000: system.memobj: hamming code : 0 
130728000: system.memobj: Enter Error Bit index: 5 
130728000: system.memobj: flip data : 0011110100000000000000000000000000000000000000000000000000000000 
130728000: system.memobj: -------------------------------------
130798000: system.memobj: mem->cpu Got response for addr 0xe448 , 58440
130798000: system.memobj: size 0x8
130798000: system.memobj: id 94061725630768
130798000: system.memobj: data_hex : 4889542440488B54 
130798000: system.memobj: data : 0100100010001001010101000010010001000000010010001000101101010100 
130798000: system.memobj: fix data : 0100100010001001010101000010010001000000010010001000101101010100 
130798000: system.memobj: -------------------------------------
130861000: system.memobj: mem->cpu Got response for addr 0xe450 , 58448
130861000: system.memobj: size 0x8
130861000: system.memobj: id 94061725630480
130861000: system.memobj: data_hex : 2438480F45542440 
130861000: system.memobj: data : 0010010000111000010010000000111101000101010101000010010001000000 
130861000: system.memobj: fix data : 0010010000111000010010000000111101000101010101000010010001000000 
130861000: system.memobj: -------------------------------------
130910000: system.memobj: mem->cpu Got response for addr 0x94a18 , 608792
130910000: system.memobj: size 0x8
130910000: system.memobj: id 94061725631056
130910000: system.memobj: data_hex : 7100000000000000 
130910000: system.memobj: data : 0111000100000000000000000000000000000000000000000000000000000000 
130910000: system.memobj: hamming code addr: 608792 
130910000: system.memobj: hamming code out: 13 
130910000: system.memobj: find Error Bit index : 2 
130910000: system.memobj: hamming code addr: 608800 
130910000: system.memobj: hamming code out: 0 
130910000: system.memobj: hamming code addr: 608808 
130910000: system.memobj: hamming code out: 0 
130910000: system.memobj: hamming code addr: 608816 
130910000: system.memobj: hamming code out: 0 
130910000: system.memobj: hamming code addr: 608824 
130910000: system.memobj: hamming code out: 0 
130910000: system.memobj: hamming code addr: 608832 
130910000: system.memobj: hamming code out: 0 
130910000: system.memobj: hamming code addr: 608840 
130910000: system.memobj: hamming code out: 0 
130910000: system.memobj: hamming code addr: 608848 
130910000: system.memobj: hamming code out: 0 
130910000: system.memobj: fix data : 0011000100000000000000000000000000000000000000000000000000000000 
130910000: system.memobj: -------------------------------------
130959000: system.memobj: mem->cpu Got response for addr 0xe450 , 58448
130959000: system.memobj: size 0x8
130959000: system.memobj: id 94061725631056
130959000: system.memobj: data_hex : 2438480F45542440 
130959000: system.memobj: data : 0010010000111000010010000000111101000101010101000010010001000000 
130959000: system.memobj: fix data : 0010010000111000010010000000111101000101010101000010010001000000 
130959000: system.memobj: -------------------------------------
131008000: system.memobj: mem->cpu Got response for addr 0x94a20 , 608800
131008000: system.memobj: size 0x8
131008000: system.memobj: id 94061725631344
131008000: system.memobj: data_hex : 3D00000000000000 
131008000: system.memobj: data : 0011110100000000000000000000000000000000000000000000000000000000 
131008000: system.memobj: hamming code addr: 608800 
131008000: system.memobj: hamming code out: 7 
131008000: system.memobj: find Error Bit index : 5 
131008000: system.memobj: hamming code addr: 608808 
131008000: system.memobj: hamming code out: 0 
131008000: system.memobj: hamming code addr: 608816 
131008000: system.memobj: hamming code out: 0 
131008000: system.memobj: hamming code addr: 608824 
131008000: system.memobj: hamming code out: 0 
131008000: system.memobj: hamming code addr: 608832 
131008000: system.memobj: hamming code out: 0 
131008000: system.memobj: hamming code addr: 608840 
131008000: system.memobj: hamming code out: 0 
131008000: system.memobj: hamming code addr: 608848 
131008000: system.memobj: hamming code out: 0 
131008000: system.memobj: hamming code addr: 608856 
131008000: system.memobj: hamming code out: 0 
131008000: system.memobj: fix data : 0011010100000000000000000000000000000000000000000000000000000000 
131008000: system.memobj: -------------------------------------
131057000: system.memobj: mem->cpu Got response for addr 0xe458 , 58456
131057000: system.memobj: size 0x8
131057000: system.memobj: id 94061725631344
131057000: system.memobj: data_hex : 4883CD0149898588 
131057000: system.memobj: data : 0100100010000011110011010000000101001001100010011000010110001000 
131057000: system.memobj: fix data : 0100100010000011110011010000000101001001100010011000010110001000 
131057000: system.memobj: -------------------------------------
131106000: system.memobj: mem->cpu Got response for addr 0xe458 , 58456
131106000: system.memobj: size 0x8
131106000: system.memobj: id 94061725631056
131106000: system.memobj: data_hex : 4883CD0149898588 
131106000: system.memobj: data : 0100100010000011110011010000000101001001100010011000010110001000 
131106000: system.memobj: fix data : 0100100010000011110011010000000101001001100010011000010110001000 
131106000: system.memobj: -------------------------------------
131155000: system.memobj: mem->cpu Got response for addr 0xe460 , 58464
131155000: system.memobj: size 0x8
131155000: system.memobj: id 94061725631344
131155000: system.memobj: data_hex : 0000004889530848 
131155000: system.memobj: data : 0000000000000000000000000100100010001001010100110000100001001000 
131155000: system.memobj: fix data : 0000000000000000000000000100100010001001010100110000100001001000 
131155000: system.memobj: -------------------------------------
131155000: system.memobj: cpu->mem Got request for addr 0x92508 , 599304
131155000: system.memobj: size 0x8
131155000: system.memobj: id 94061725631632
131155000: system.memobj: data_hex : 3040590000000000 
131155000: system.memobj: data : 0011000001000000010110010000000000000000000000000000000000000000 
131155000: system.memobj: hamming code addr: 599304 
131155000: system.memobj: hamming code : 1 
131155000: system.memobj: hamming code addr: 599312 
131155000: system.memobj: hamming code : 5 
131155000: system.memobj: hamming code addr: 599320 
131155000: system.memobj: hamming code : 7 
131155000: system.memobj: hamming code addr: 599328 
131155000: system.memobj: hamming code : 0 
131155000: system.memobj: hamming code addr: 599336 
131155000: system.memobj: hamming code : 0 
131155000: system.memobj: hamming code addr: 599344 
131155000: system.memobj: hamming code : 0 
131155000: system.memobj: hamming code addr: 599352 
131155000: system.memobj: hamming code : 0 
131155000: system.memobj: hamming code addr: 599360 
131155000: system.memobj: hamming code : 0 
131155000: system.memobj: Enter Error Bit index: 7 
131155000: system.memobj: flip data : 0011001001000000010110010000000000000000000000000000000000000000 
131155000: system.memobj: -------------------------------------
131225000: system.memobj: mem->cpu Got response for addr 0xe460 , 58464
131225000: system.memobj: size 0x8
131225000: system.memobj: id 94061725631632
131225000: system.memobj: data_hex : 0000004889530848 
131225000: system.memobj: data : 0000000000000000000000000100100010001001010100110000100001001000 
131225000: system.memobj: fix data : 0000000000000000000000000100100010001001010100110000100001001000 
131225000: system.memobj: -------------------------------------
131225000: system.memobj: cpu->mem Got request for addr 0x96008 , 614408
131225000: system.memobj: size 0x8
131225000: system.memobj: id 94061725631920
131225000: system.memobj: data_hex : 3100000000000000 
131225000: system.memobj: data : 0011000100000000000000000000000000000000000000000000000000000000 
131225000: system.memobj: hamming code addr: 614408 
131225000: system.memobj: hamming code : 13 
131225000: system.memobj: hamming code addr: 614416 
131225000: system.memobj: hamming code : 0 
131225000: system.memobj: hamming code addr: 614424 
131225000: system.memobj: hamming code : 0 
131225000: system.memobj: hamming code addr: 614432 
131225000: system.memobj: hamming code : 0 
131225000: system.memobj: hamming code addr: 614440 
131225000: system.memobj: hamming code : 0 
131225000: system.memobj: hamming code addr: 614448 
131225000: system.memobj: hamming code : 0 
131225000: system.memobj: hamming code addr: 614456 
131225000: system.memobj: hamming code : 0 
131225000: system.memobj: hamming code addr: 614464 
131225000: system.memobj: hamming code : 0 
131225000: system.memobj: Enter Error Bit index: 5 
131225000: system.memobj: flip data : 0011100100000000000000000000000000000000000000000000000000000000 
131225000: system.memobj: -------------------------------------
131295000: system.memobj: mem->cpu Got response for addr 0xe460 , 58464
131295000: system.memobj: size 0x8
131295000: system.memobj: id 94061725631920
131295000: system.memobj: data_hex : 0000004889530848 
131295000: system.memobj: data : 0000000000000000000000000100100010001001010100110000100001001000 
131295000: system.memobj: fix data : 0000000000000000000000000100100010001001010100110000100001001000 
131295000: system.memobj: -------------------------------------
131344000: system.memobj: mem->cpu Got response for addr 0xe468 , 58472
131344000: system.memobj: size 0x8
131344000: system.memobj: id 94061725631632
131344000: system.memobj: data_hex : 896808488D4110E9 
131344000: system.memobj: data : 1000100101101000000010000100100010001101010000010001000011101001 
131344000: system.memobj: fix data : 1000100101101000000010000100100010001101010000010001000011101001 
131344000: system.memobj: -------------------------------------
131344000: system.memobj: cpu->mem Got request for addr 0x96038 , 614456
131344000: system.memobj: size 0x8
131344000: system.memobj: id 94061725632208
131344000: system.memobj: data_hex : D10F020000000000 
131344000: system.memobj: data : 1101000100001111000000100000000000000000000000000000000000000000 
131344000: system.memobj: hamming code addr: 614456 
131344000: system.memobj: hamming code : 13 
131344000: system.memobj: hamming code addr: 614464 
131344000: system.memobj: hamming code : 4 
131344000: system.memobj: hamming code addr: 614472 
131344000: system.memobj: hamming code : 11 
131344000: system.memobj: hamming code addr: 614480 
131344000: system.memobj: hamming code : 0 
131344000: system.memobj: hamming code addr: 614488 
131344000: system.memobj: hamming code : 0 
131344000: system.memobj: hamming code addr: 614496 
131344000: system.memobj: hamming code : 0 
131344000: system.memobj: hamming code addr: 614504 
131344000: system.memobj: hamming code : 0 
131344000: system.memobj: hamming code addr: 614512 
131344000: system.memobj: hamming code : 0 
131344000: system.memobj: Enter Error Bit index: 6 
131344000: system.memobj: flip data : 1101010100001111000000100000000000000000000000000000000000000000 
131344000: system.memobj: -------------------------------------
131414000: system.memobj: mem->cpu Got response for addr 0xe468 , 58472
131414000: system.memobj: size 0x8
131414000: system.memobj: id 94061725632208
131414000: system.memobj: data_hex : 896808488D4110E9 
131414000: system.memobj: data : 1000100101101000000010000100100010001101010000010001000011101001 
131414000: system.memobj: fix data : 1000100101101000000010000100100010001101010000010001000011101001 
131414000: system.memobj: -------------------------------------
131463000: system.memobj: mem->cpu Got response for addr 0xe468 , 58472
131463000: system.memobj: size 0x8
131463000: system.memobj: id 94061725632496
131463000: system.memobj: data_hex : 896808488D4110E9 
131463000: system.memobj: data : 1000100101101000000010000100100010001101010000010001000011101001 
131463000: system.memobj: fix data : 1000100101101000000010000100100010001101010000010001000011101001 
131463000: system.memobj: -------------------------------------
131512000: system.memobj: mem->cpu Got response for addr 0xe470 , 58480
131512000: system.memobj: size 0x8
131512000: system.memobj: id 94061725632208
131512000: system.memobj: data_hex : 92F9FFFF498B6C24 
131512000: system.memobj: data : 1001001011111001111111111111111101001001100010110110110000100100 
131512000: system.memobj: fix data : 1001001011111001111111111111111101001001100010110110110000100100 
131512000: system.memobj: -------------------------------------
131575000: system.memobj: mem->cpu Got response for addr 0xde00 , 56832
131575000: system.memobj: size 0x8
131575000: system.memobj: id 94061725632496
131575000: system.memobj: data_hex : 8945304889D84883 
131575000: system.memobj: data : 1000100101000101001100000100100010001001110110000100100010000011 
131575000: system.memobj: fix data : 1000100101000101001100000100100010001001110110000100100010000011 
131575000: system.memobj: -------------------------------------
131624000: system.memobj: mem->cpu Got response for addr 0xde08 , 56840
131624000: system.memobj: size 0x8
131624000: system.memobj: id 94061725632208
131624000: system.memobj: data_hex : C4485B5D415C415D 
131624000: system.memobj: data : 1100010001001000010110110101110101000001010111000100000101011101 
131624000: system.memobj: fix data : 1100010001001000010110110101110101000001010111000100000101011101 
131624000: system.memobj: -------------------------------------
131673000: system.memobj: mem->cpu Got response for addr 0xde08 , 56840
131673000: system.memobj: size 0x8
131673000: system.memobj: id 94061725632496
131673000: system.memobj: data_hex : C4485B5D415C415D 
131673000: system.memobj: data : 1100010001001000010110110101110101000001010111000100000101011101 
131673000: system.memobj: fix data : 1100010001001000010110110101110101000001010111000100000101011101 
131673000: system.memobj: -------------------------------------
131722000: system.memobj: mem->cpu Got response for addr 0x94a28 , 608808
131722000: system.memobj: size 0x8
131722000: system.memobj: id 94061725632208
131722000: system.memobj: data_hex : 8124590000000000 
131722000: system.memobj: data : 1000000100100100010110010000000000000000000000000000000000000000 
131722000: system.memobj: hamming code addr: 608808 
131722000: system.memobj: hamming code out: 3 
131722000: system.memobj: find Error Bit index : 8 
131722000: system.memobj: hamming code addr: 608816 
131722000: system.memobj: hamming code out: 12 
131722000: system.memobj: hamming code addr: 608824 
131722000: system.memobj: hamming code out: 7 
131722000: system.memobj: hamming code addr: 608832 
131722000: system.memobj: hamming code out: 0 
131722000: system.memobj: hamming code addr: 608840 
131722000: system.memobj: hamming code out: 0 
131722000: system.memobj: hamming code addr: 608848 
131722000: system.memobj: hamming code out: 0 
131722000: system.memobj: hamming code addr: 608856 
131722000: system.memobj: hamming code out: 0 
131722000: system.memobj: hamming code addr: 608864 
131722000: system.memobj: hamming code out: 0 
131722000: system.memobj: fix data : 1000000000100100010110010000000000000000000000000000000000000000 
131722000: system.memobj: -------------------------------------
131771000: system.memobj: mem->cpu Got response for addr 0xde08 , 56840
131771000: system.memobj: size 0x8
131771000: system.memobj: id 94061725632208
131771000: system.memobj: data_hex : C4485B5D415C415D 
131771000: system.memobj: data : 1100010001001000010110110101110101000001010111000100000101011101 
131771000: system.memobj: fix data : 1100010001001000010110110101110101000001010111000100000101011101 
131771000: system.memobj: -------------------------------------
131820000: system.memobj: mem->cpu Got response for addr 0x94a30 , 608816
131820000: system.memobj: size 0x8
131820000: system.memobj: id 94061725632496
131820000: system.memobj: data_hex : C024590000000000 
131820000: system.memobj: data : 1100000000100100010110010000000000000000000000000000000000000000 
131820000: system.memobj: hamming code addr: 608816 
131820000: system.memobj: hamming code out: 3 
131820000: system.memobj: find Error Bit index : 2 
131820000: system.memobj: hamming code addr: 608824 
131820000: system.memobj: hamming code out: 12 
131820000: system.memobj: hamming code addr: 608832 
131820000: system.memobj: hamming code out: 7 
131820000: system.memobj: hamming code addr: 608840 
131820000: system.memobj: hamming code out: 0 
131820000: system.memobj: hamming code addr: 608848 
131820000: system.memobj: hamming code out: 0 
131820000: system.memobj: hamming code addr: 608856 
131820000: system.memobj: hamming code out: 0 
131820000: system.memobj: hamming code addr: 608864 
131820000: system.memobj: hamming code out: 0 
131820000: system.memobj: hamming code addr: 608872 
131820000: system.memobj: hamming code out: 0 
131820000: system.memobj: fix data : 1000000000100100010110010000000000000000000000000000000000000000 
131820000: system.memobj: -------------------------------------
131869000: system.memobj: mem->cpu Got response for addr 0xde08 , 56840
131869000: system.memobj: size 0x8
131869000: system.memobj: id 94061725632496
131869000: system.memobj: data_hex : C4485B5D415C415D 
131869000: system.memobj: data : 1100010001001000010110110101110101000001010111000100000101011101 
131869000: system.memobj: fix data : 1100010001001000010110110101110101000001010111000100000101011101 
131869000: system.memobj: -------------------------------------
131918000: system.memobj: mem->cpu Got response for addr 0x94a38 , 608824
131918000: system.memobj: size 0x8
131918000: system.memobj: id 94061725632208
131918000: system.memobj: data_hex : A000000000000000 
131918000: system.memobj: data : 1010000000000000000000000000000000000000000000000000000000000000 
131918000: system.memobj: hamming code addr: 608824 
131918000: system.memobj: hamming code out: 6 
131918000: system.memobj: find Error Bit index : 1 
131918000: system.memobj: hamming code addr: 608832 
131918000: system.memobj: hamming code out: 0 
131918000: system.memobj: hamming code addr: 608840 
131918000: system.memobj: hamming code out: 0 
131918000: system.memobj: hamming code addr: 608848 
131918000: system.memobj: hamming code out: 0 
131918000: system.memobj: hamming code addr: 608856 
131918000: system.memobj: hamming code out: 0 
131918000: system.memobj: hamming code addr: 608864 
131918000: system.memobj: hamming code out: 0 
131918000: system.memobj: hamming code addr: 608872 
131918000: system.memobj: hamming code out: 0 
131918000: system.memobj: hamming code addr: 608880 
131918000: system.memobj: hamming code out: 0 
131918000: system.memobj: fix data : 0010000000000000000000000000000000000000000000000000000000000000 
131918000: system.memobj: -------------------------------------
131967000: system.memobj: mem->cpu Got response for addr 0xde08 , 56840
131967000: system.memobj: size 0x8
131967000: system.memobj: id 94061725632208
131967000: system.memobj: data_hex : C4485B5D415C415D 
131967000: system.memobj: data : 1100010001001000010110110101110101000001010111000100000101011101 
131967000: system.memobj: fix data : 1100010001001000010110110101110101000001010111000100000101011101 
131967000: system.memobj: -------------------------------------
132016000: system.memobj: mem->cpu Got response for addr 0x94a40 , 608832
132016000: system.memobj: size 0x8
132016000: system.memobj: id 94061725632496
132016000: system.memobj: data_hex : 90C5400000000000 
132016000: system.memobj: data : 1001000011000101010000000000000000000000000000000000000000000000 
132016000: system.memobj: hamming code addr: 608832 
132016000: system.memobj: hamming code out: 3 
132016000: system.memobj: find Error Bit index : 4 
132016000: system.memobj: hamming code addr: 608840 
132016000: system.memobj: hamming code out: 0 
132016000: system.memobj: hamming code addr: 608848 
132016000: system.memobj: hamming code out: 5 
132016000: system.memobj: hamming code addr: 608856 
132016000: system.memobj: hamming code out: 0 
132016000: system.memobj: hamming code addr: 608864 
132016000: system.memobj: hamming code out: 0 
132016000: system.memobj: hamming code addr: 608872 
132016000: system.memobj: hamming code out: 0 
132016000: system.memobj: hamming code addr: 608880 
132016000: system.memobj: hamming code out: 0 
132016000: system.memobj: hamming code addr: 608888 
132016000: system.memobj: hamming code out: 0 
132016000: system.memobj: fix data : 1000000011000101010000000000000000000000000000000000000000000000 
132016000: system.memobj: -------------------------------------
132065000: system.memobj: mem->cpu Got response for addr 0xde10 , 56848
132065000: system.memobj: size 0x8
132065000: system.memobj: id 94061725632496
132065000: system.memobj: data_hex : 415E415FC348817C 
132065000: system.memobj: data : 0100000101011110010000010101111111000011010010001000000101111100 
132065000: system.memobj: fix data : 0100000101011110010000010101111111000011010010001000000101111100 
132065000: system.memobj: -------------------------------------
132114000: system.memobj: mem->cpu Got response for addr 0x94a48 , 608840
132114000: system.memobj: size 0x8
132114000: system.memobj: id 94061725632208
132114000: system.memobj: data_hex : 0800000000000000 
132114000: system.memobj: data : 0000100000000000000000000000000000000000000000000000000000000000 
132114000: system.memobj: hamming code addr: 608840 
132114000: system.memobj: hamming code out: 0 
132114000: system.memobj: find Error Bit index : 5 
132114000: system.memobj: hamming code addr: 608848 
132114000: system.memobj: hamming code out: 0 
132114000: system.memobj: hamming code addr: 608856 
132114000: system.memobj: hamming code out: 0 
132114000: system.memobj: hamming code addr: 608864 
132114000: system.memobj: hamming code out: 0 
132114000: system.memobj: hamming code addr: 608872 
132114000: system.memobj: hamming code out: 0 
132114000: system.memobj: hamming code addr: 608880 
132114000: system.memobj: hamming code out: 0 
132114000: system.memobj: hamming code addr: 608888 
132114000: system.memobj: hamming code out: 0 
132114000: system.memobj: hamming code addr: 608896 
132114000: system.memobj: hamming code out: 0 
132114000: system.memobj: fix data : 0000000000000000000000000000000000000000000000000000000000000000 
132114000: system.memobj: -------------------------------------
132163000: system.memobj: mem->cpu Got response for addr 0xde10 , 56848
132163000: system.memobj: size 0x8
132163000: system.memobj: id 94061725632208
132163000: system.memobj: data_hex : 415E415FC348817C 
132163000: system.memobj: data : 0100000101011110010000010101111111000011010010001000000101111100 
132163000: system.memobj: fix data : 0100000101011110010000010101111111000011010010001000000101111100 
132163000: system.memobj: -------------------------------------
132212000: system.memobj: mem->cpu Got response for addr 0x94a50 , 608848
132212000: system.memobj: size 0x8
132212000: system.memobj: id 94061725632496
132212000: system.memobj: data_hex : C0C6400000000000 
132212000: system.memobj: data : 1100000011000110010000000000000000000000000000000000000000000000 
132212000: system.memobj: hamming code addr: 608848 
132212000: system.memobj: hamming code out: 3 
132212000: system.memobj: find Error Bit index : 2 
132212000: system.memobj: hamming code addr: 608856 
132212000: system.memobj: hamming code out: 7 
132212000: system.memobj: hamming code addr: 608864 
132212000: system.memobj: hamming code out: 5 
132212000: system.memobj: hamming code addr: 608872 
132212000: system.memobj: hamming code out: 0 
132212000: system.memobj: hamming code addr: 608880 
132212000: system.memobj: hamming code out: 0 
132212000: system.memobj: hamming code addr: 608888 
132212000: system.memobj: hamming code out: 0 
132212000: system.memobj: hamming code addr: 608896 
132212000: system.memobj: hamming code out: 0 
132212000: system.memobj: hamming code addr: 608904 
132212000: system.memobj: hamming code out: 0 
132212000: system.memobj: fix data : 1000000011000110010000000000000000000000000000000000000000000000 
132212000: system.memobj: -------------------------------------
132261000: system.memobj: mem->cpu Got response for addr 0xde10 , 56848
132261000: system.memobj: size 0x8
132261000: system.memobj: id 94061725632496
132261000: system.memobj: data_hex : 415E415FC348817C 
132261000: system.memobj: data : 0100000101011110010000010101111111000011010010001000000101111100 
132261000: system.memobj: fix data : 0100000101011110010000010101111111000011010010001000000101111100 
132261000: system.memobj: -------------------------------------
132324000: system.memobj: mem->cpu Got response for addr 0x94a58 , 608856
132324000: system.memobj: size 0x8
132324000: system.memobj: id 94061725632208
132324000: system.memobj: data_hex : B8F9400000000000 
132324000: system.memobj: data : 1011100011111001010000000000000000000000000000000000000000000000 
132324000: system.memobj: hamming code addr: 608856 
132324000: system.memobj: hamming code out: 14 
132324000: system.memobj: find Error Bit index : 2 
132324000: system.memobj: hamming code addr: 608864 
132324000: system.memobj: hamming code out: 2 
132324000: system.memobj: hamming code addr: 608872 
132324000: system.memobj: hamming code out: 5 
132324000: system.memobj: hamming code addr: 608880 
132324000: system.memobj: hamming code out: 0 
132324000: system.memobj: hamming code addr: 608888 
132324000: system.memobj: hamming code out: 0 
132324000: system.memobj: hamming code addr: 608896 
132324000: system.memobj: hamming code out: 0 
132324000: system.memobj: hamming code addr: 608904 
132324000: system.memobj: hamming code out: 0 
132324000: system.memobj: hamming code addr: 608912 
132324000: system.memobj: hamming code out: 0 
132324000: system.memobj: fix data : 1111100011111001010000000000000000000000000000000000000000000000 
132324000: system.memobj: -------------------------------------
132373000: system.memobj: mem->cpu Got response for addr 0xf9f8 , 63992
132373000: system.memobj: size 0x8
132373000: system.memobj: id 94061725632208
132373000: system.memobj: data_hex : 4885C04889C57462 
132373000: system.memobj: data : 0100100010000101110000000100100010001001110001010111010001100010 
132373000: system.memobj: fix data : 0100100010000101110000000100100010001001110001010111010001100010 
132373000: system.memobj: -------------------------------------
132703000: system.memobj: mem->cpu Got response for addr 0xf9f8 , 63992
132703000: system.memobj: size 0x8
132703000: system.memobj: id 94061725632496
132703000: system.memobj: data_hex : 4885C04889C57462 
132703000: system.memobj: data : 0100100010000101110000000100100010001001110001010111010001100010 
132703000: system.memobj: fix data : 0100100010000101110000000100100010001001110001010111010001100010 
132703000: system.memobj: -------------------------------------
132752000: system.memobj: mem->cpu Got response for addr 0xf9f8 , 63992
132752000: system.memobj: size 0x8
132752000: system.memobj: id 94061725632208
132752000: system.memobj: data_hex : 4885C04889C57462 
132752000: system.memobj: data : 0100100010000101110000000100100010001001110001010111010001100010 
132752000: system.memobj: fix data : 0100100010000101110000000100100010001001110001010111010001100010 
132752000: system.memobj: -------------------------------------
132801000: system.memobj: mem->cpu Got response for addr 0xfa00 , 64000
132801000: system.memobj: size 0x8
132801000: system.memobj: id 94061725632496
132801000: system.memobj: data_hex : B8000000004885C0 
132801000: system.memobj: data : 1011100000000000000000000000000000000000010010001000010111000000 
132801000: system.memobj: fix data : 1011100000000000000000000000000000000000010010001000010111000000 
132801000: system.memobj: -------------------------------------
132850000: system.memobj: mem->cpu Got response for addr 0xfa00 , 64000
132850000: system.memobj: size 0x8
132850000: system.memobj: id 94061725632208
132850000: system.memobj: data_hex : B8000000004885C0 
132850000: system.memobj: data : 1011100000000000000000000000000000000000010010001000010111000000 
132850000: system.memobj: fix data : 1011100000000000000000000000000000000000010010001000010111000000 
132850000: system.memobj: -------------------------------------
132899000: system.memobj: mem->cpu Got response for addr 0xfa08 , 64008
132899000: system.memobj: size 0x8
132899000: system.memobj: id 94061725632496
132899000: system.memobj: data_hex : 743F4889DFE8EE05 
132899000: system.memobj: data : 0111010000111111010010001000100111011111111010001110111000000101 
132899000: system.memobj: fix data : 0111010000111111010010001000100111011111111010001110111000000101 
132899000: system.memobj: -------------------------------------
132948000: system.memobj: mem->cpu Got response for addr 0xfa48 , 64072
132948000: system.memobj: size 0x8
132948000: system.memobj: id 94061725632208
132948000: system.memobj: data_hex : 9DC7030000000090 
132948000: system.memobj: data : 1001110111000111000000110000000000000000000000000000000010010000 
132948000: system.memobj: fix data : 1001110111000111000000110000000000000000000000000000000010010000 
132948000: system.memobj: -------------------------------------
132948000: system.memobj: cpu->mem Got request for addr 0x92480 , 599168
132948000: system.memobj: size 0x4
132948000: system.memobj: id 94061725632784
132948000: system.memobj: data_hex : 00000000 
132948000: system.memobj: data : 00000000000000000000000000000000 
132948000: system.memobj: hamming code addr: 599168 
132948000: system.memobj: hamming code : 0 
132948000: system.memobj: hamming code addr: 599176 
132948000: system.memobj: hamming code : 0 
132948000: system.memobj: hamming code addr: 599184 
132948000: system.memobj: hamming code : 0 
132948000: system.memobj: hamming code addr: 599192 
132948000: system.memobj: hamming code : 0 
132948000: system.memobj: Enter Error Bit index: 2 
132948000: system.memobj: flip data : 01000000000000000000000000000000 
132948000: system.memobj: -------------------------------------
133018000: system.memobj: mem->cpu Got response for addr 0xfa48 , 64072
133018000: system.memobj: size 0x8
133018000: system.memobj: id 94061725632784
133018000: system.memobj: data_hex : 9DC7030000000090 
133018000: system.memobj: data : 1001110111000111000000110000000000000000000000000000000010010000 
133018000: system.memobj: fix data : 1001110111000111000000110000000000000000000000000000000010010000 
133018000: system.memobj: -------------------------------------
133067000: system.memobj: mem->cpu Got response for addr 0xfa50 , 64080
133067000: system.memobj: size 0x8
133067000: system.memobj: id 94061725632208
133067000: system.memobj: data_hex : EBC04C89E64889EF 
133067000: system.memobj: data : 1110101111000000010011001000100111100110010010001000100111101111 
133067000: system.memobj: fix data : 1110101111000000010011001000100111100110010010001000100111101111 
133067000: system.memobj: -------------------------------------
133116000: system.memobj: mem->cpu Got response for addr 0xfa10 , 64016
133116000: system.memobj: size 0x8
133116000: system.memobj: id 94061725632784
133116000: system.memobj: data_hex : BFFF4889E8488B5C 
133116000: system.memobj: data : 1011111111111111010010001000100111101000010010001000101101011100 
133116000: system.memobj: fix data : 1011111111111111010010001000100111101000010010001000101101011100 
133116000: system.memobj: -------------------------------------
133165000: system.memobj: mem->cpu Got response for addr 0xfa10 , 64016
133165000: system.memobj: size 0x8
133165000: system.memobj: id 94061725632208
133165000: system.memobj: data_hex : BFFF4889E8488B5C 
133165000: system.memobj: data : 1011111111111111010010001000100111101000010010001000101101011100 
133165000: system.memobj: fix data : 1011111111111111010010001000100111101000010010001000101101011100 
133165000: system.memobj: -------------------------------------
133214000: system.memobj: mem->cpu Got response for addr 0xfa18 , 64024
133214000: system.memobj: size 0x8
133214000: system.memobj: id 94061725632784
133214000: system.memobj: data_hex : 2408488B6C24104C 
133214000: system.memobj: data : 0010010000001000010010001000101101101100001001000001000001001100 
133214000: system.memobj: fix data : 0010010000001000010010001000101101101100001001000001000001001100 
133214000: system.memobj: -------------------------------------
133277000: system.memobj: mem->cpu Got response for addr 0x94a68 , 608872
133277000: system.memobj: size 0x8
133277000: system.memobj: id 94061725632208
133277000: system.memobj: data_hex : 0400000000000000 
133277000: system.memobj: data : 0000010000000000000000000000000000000000000000000000000000000000 
133277000: system.memobj: hamming code addr: 608872 
133277000: system.memobj: hamming code out: 0 
133277000: system.memobj: find Error Bit index : 6 
133277000: system.memobj: hamming code addr: 608880 
133277000: system.memobj: hamming code out: 0 
133277000: system.memobj: hamming code addr: 608888 
133277000: system.memobj: hamming code out: 0 
133277000: system.memobj: hamming code addr: 608896 
133277000: system.memobj: hamming code out: 0 
133277000: system.memobj: hamming code addr: 608904 
133277000: system.memobj: hamming code out: 0 
133277000: system.memobj: hamming code addr: 608912 
133277000: system.memobj: hamming code out: 0 
133277000: system.memobj: hamming code addr: 608920 
133277000: system.memobj: hamming code out: 0 
133277000: system.memobj: hamming code addr: 608928 
133277000: system.memobj: hamming code out: 0 
133277000: system.memobj: fix data : 0000000000000000000000000000000000000000000000000000000000000000 
133277000: system.memobj: -------------------------------------
133326000: system.memobj: mem->cpu Got response for addr 0xfa18 , 64024
133326000: system.memobj: size 0x8
133326000: system.memobj: id 94061725632208
133326000: system.memobj: data_hex : 2408488B6C24104C 
133326000: system.memobj: data : 0010010000001000010010001000101101101100001001000001000001001100 
133326000: system.memobj: fix data : 0010010000001000010010001000101101101100001001000001000001001100 
133326000: system.memobj: -------------------------------------
133375000: system.memobj: mem->cpu Got response for addr 0x94a70 , 608880
133375000: system.memobj: size 0x8
133375000: system.memobj: id 94061725632784
133375000: system.memobj: data_hex : 8000000000000000 
133375000: system.memobj: data : 1000000000000000000000000000000000000000000000000000000000000000 
133375000: system.memobj: hamming code addr: 608880 
133375000: system.memobj: hamming code out: 0 
133375000: system.memobj: find Error Bit index : 1 
133375000: system.memobj: hamming code addr: 608888 
133375000: system.memobj: hamming code out: 0 
133375000: system.memobj: hamming code addr: 608896 
133375000: system.memobj: hamming code out: 0 
133375000: system.memobj: hamming code addr: 608904 
133375000: system.memobj: hamming code out: 0 
133375000: system.memobj: hamming code addr: 608912 
133375000: system.memobj: hamming code out: 0 
133375000: system.memobj: hamming code addr: 608920 
133375000: system.memobj: hamming code out: 0 
133375000: system.memobj: hamming code addr: 608928 
133375000: system.memobj: hamming code out: 0 
133375000: system.memobj: hamming code addr: 608936 
133375000: system.memobj: hamming code out: 0 
133375000: system.memobj: fix data : 0000000000000000000000000000000000000000000000000000000000000000 
133375000: system.memobj: -------------------------------------
133424000: system.memobj: mem->cpu Got response for addr 0xfa18 , 64024
133424000: system.memobj: size 0x8
133424000: system.memobj: id 94061725632784
133424000: system.memobj: data_hex : 2408488B6C24104C 
133424000: system.memobj: data : 0010010000001000010010001000101101101100001001000001000001001100 
133424000: system.memobj: fix data : 0010010000001000010010001000101101101100001001000001000001001100 
133424000: system.memobj: -------------------------------------
133473000: system.memobj: mem->cpu Got response for addr 0xfa20 , 64032
133473000: system.memobj: size 0x8
133473000: system.memobj: id 94061725632208
133473000: system.memobj: data_hex : 8B6424184C8B6C24 
133473000: system.memobj: data : 1000101101100100001001000001100001001100100010110110110000100100 
133473000: system.memobj: fix data : 1000101101100100001001000001100001001100100010110110110000100100 
133473000: system.memobj: -------------------------------------
133522000: system.memobj: mem->cpu Got response for addr 0x94a78 , 608888
133522000: system.memobj: size 0x8
133522000: system.memobj: id 94061725632784
133522000: system.memobj: data_hex : 0800000000000000 
133522000: system.memobj: data : 0000100000000000000000000000000000000000000000000000000000000000 
133522000: system.memobj: hamming code addr: 608888 
133522000: system.memobj: hamming code out: 0 
133522000: system.memobj: find Error Bit index : 5 
133522000: system.memobj: hamming code addr: 608896 
133522000: system.memobj: hamming code out: 0 
133522000: system.memobj: hamming code addr: 608904 
133522000: system.memobj: hamming code out: 0 
133522000: system.memobj: hamming code addr: 608912 
133522000: system.memobj: hamming code out: 0 
133522000: system.memobj: hamming code addr: 608920 
133522000: system.memobj: hamming code out: 0 
133522000: system.memobj: hamming code addr: 608928 
133522000: system.memobj: hamming code out: 0 
133522000: system.memobj: hamming code addr: 608936 
133522000: system.memobj: hamming code out: 0 
133522000: system.memobj: hamming code addr: 608944 
133522000: system.memobj: hamming code out: 0 
133522000: system.memobj: fix data : 0000000000000000000000000000000000000000000000000000000000000000 
133522000: system.memobj: -------------------------------------
133571000: system.memobj: mem->cpu Got response for addr 0xfa20 , 64032
133571000: system.memobj: size 0x8
133571000: system.memobj: id 94061725632784
133571000: system.memobj: data_hex : 8B6424184C8B6C24 
133571000: system.memobj: data : 1000101101100100001001000001100001001100100010110110110000100100 
133571000: system.memobj: fix data : 1000101101100100001001000001100001001100100010110110110000100100 
133571000: system.memobj: -------------------------------------
133620000: system.memobj: mem->cpu Got response for addr 0xfa28 , 64040
133620000: system.memobj: size 0x8
133620000: system.memobj: id 94061725632208
133620000: system.memobj: data_hex : 204883C428C3488B 
133620000: system.memobj: data : 0010000001001000100000111100010000101000110000110100100010001011 
133620000: system.memobj: fix data : 0010000001001000100000111100010000101000110000110100100010001011 
133620000: system.memobj: -------------------------------------
133669000: system.memobj: mem->cpu Got response for addr 0x94a80 , 608896
133669000: system.memobj: size 0x8
133669000: system.memobj: id 94061725632784
133669000: system.memobj: data_hex : 82C5400000000000 
133669000: system.memobj: data : 1000001011000101010000000000000000000000000000000000000000000000 
133669000: system.memobj: hamming code addr: 608896 
133669000: system.memobj: hamming code out: 3 
133669000: system.memobj: find Error Bit index : 7 
133669000: system.memobj: hamming code addr: 608904 
133669000: system.memobj: hamming code out: 0 
133669000: system.memobj: hamming code addr: 608912 
133669000: system.memobj: hamming code out: 5 
133669000: system.memobj: hamming code addr: 608920 
133669000: system.memobj: hamming code out: 0 
133669000: system.memobj: hamming code addr: 608928 
133669000: system.memobj: hamming code out: 0 
133669000: system.memobj: hamming code addr: 608936 
133669000: system.memobj: hamming code out: 0 
133669000: system.memobj: hamming code addr: 608944 
133669000: system.memobj: hamming code out: 0 
133669000: system.memobj: hamming code addr: 608952 
133669000: system.memobj: hamming code out: 0 
133669000: system.memobj: fix data : 1000000011000101010000000000000000000000000000000000000000000000 
133669000: system.memobj: -------------------------------------
133732000: system.memobj: mem->cpu Got response for addr 0xfa28 , 64040
133732000: system.memobj: size 0x8
133732000: system.memobj: id 94061725632784
133732000: system.memobj: data_hex : 204883C428C3488B 
133732000: system.memobj: data : 0010000001001000100000111100010000101000110000110100100010001011 
133732000: system.memobj: fix data : 0010000001001000100000111100010000101000110000110100100010001011 
133732000: system.memobj: -------------------------------------
133781000: system.memobj: mem->cpu Got response for addr 0xfa28 , 64040
133781000: system.memobj: size 0x8
133781000: system.memobj: id 94061725632208
133781000: system.memobj: data_hex : 204883C428C3488B 
133781000: system.memobj: data : 0010000001001000100000111100010000101000110000110100100010001011 
133781000: system.memobj: fix data : 0010000001001000100000111100010000101000110000110100100010001011 
133781000: system.memobj: -------------------------------------
133830000: system.memobj: mem->cpu Got response for addr 0x94a88 , 608904
133830000: system.memobj: size 0x8
133830000: system.memobj: id 94061725632784
133830000: system.memobj: data_hex : 1D44410000000000 
133830000: system.memobj: data : 0001110101000100010000010000000000000000000000000000000000000000 
133830000: system.memobj: hamming code addr: 608904 
133830000: system.memobj: hamming code out: 1 
133830000: system.memobj: find Error Bit index : 5 
133830000: system.memobj: hamming code addr: 608912 
133830000: system.memobj: hamming code out: 15 
133830000: system.memobj: hamming code addr: 608920 
133830000: system.memobj: hamming code out: 9 
133830000: system.memobj: hamming code addr: 608928 
133830000: system.memobj: hamming code out: 0 
133830000: system.memobj: hamming code addr: 608936 
133830000: system.memobj: hamming code out: 0 
133830000: system.memobj: hamming code addr: 608944 
133830000: system.memobj: hamming code out: 0 
133830000: system.memobj: hamming code addr: 608952 
133830000: system.memobj: hamming code out: 0 
133830000: system.memobj: hamming code addr: 608960 
133830000: system.memobj: hamming code out: 0 
133830000: system.memobj: fix data : 0001010101000100010000010000000000000000000000000000000000000000 
133830000: system.memobj: -------------------------------------
133907000: system.memobj: mem->cpu Got response for addr 0x14410 , 82960
133907000: system.memobj: size 0x8
133907000: system.memobj: id 94061725632784
133907000: system.memobj: data_hex : E84BB5FFFF4885C0 
133907000: system.memobj: data : 1110100001001011101101011111111111111111010010001000010111000000 
133907000: system.memobj: fix data : 1110100001001011101101011111111111111111010010001000010111000000 
133907000: system.memobj: -------------------------------------
133956000: system.memobj: mem->cpu Got response for addr 0x14418 , 82968
133956000: system.memobj: size 0x8
133956000: system.memobj: id 94061725632208
133956000: system.memobj: data_hex : 4889C30F84190100 
133956000: system.memobj: data : 0100100010001001110000110000111110000100000110010000000100000000 
133956000: system.memobj: fix data : 0100100010001001110000110000111110000100000110010000000100000000 
133956000: system.memobj: -------------------------------------
134005000: system.memobj: mem->cpu Got response for addr 0x14418 , 82968
134005000: system.memobj: size 0x8
134005000: system.memobj: id 94061725632784
134005000: system.memobj: data_hex : 4889C30F84190100 
134005000: system.memobj: data : 0100100010001001110000110000111110000100000110010000000100000000 
134005000: system.memobj: fix data : 0100100010001001110000110000111110000100000110010000000100000000 
134005000: system.memobj: -------------------------------------
134054000: system.memobj: mem->cpu Got response for addr 0x14420 , 82976
134054000: system.memobj: size 0x8
134054000: system.memobj: id 94061725632208
134054000: system.memobj: data_hex : 004C8968104C8970 
134054000: system.memobj: data : 0000000001001100100010010110100000010000010011001000100101110000 
134054000: system.memobj: fix data : 0000000001001100100010010110100000010000010011001000100101110000 
134054000: system.memobj: -------------------------------------
134103000: system.memobj: mem->cpu Got response for addr 0x14420 , 82976
134103000: system.memobj: size 0x8
134103000: system.memobj: id 94061725632784
134103000: system.memobj: data_hex : 004C8968104C8970 
134103000: system.memobj: data : 0000000001001100100010010110100000010000010011001000100101110000 
134103000: system.memobj: fix data : 0000000001001100100010010110100000010000010011001000100101110000 
134103000: system.memobj: -------------------------------------
134103000: system.memobj: cpu->mem Got request for addr 0x96020 , 614432
134103000: system.memobj: size 0x8
134103000: system.memobj: id 94061725633072
134103000: system.memobj: data_hex : 80C5400000000000 
134103000: system.memobj: data : 1000000011000101010000000000000000000000000000000000000000000000 
134103000: system.memobj: hamming code addr: 614432 
134103000: system.memobj: hamming code : 3 
134103000: system.memobj: hamming code addr: 614440 
134103000: system.memobj: hamming code : 0 
134103000: system.memobj: hamming code addr: 614448 
134103000: system.memobj: hamming code : 5 
134103000: system.memobj: hamming code addr: 614456 
134103000: system.memobj: hamming code : 0 
134103000: system.memobj: hamming code addr: 614464 
134103000: system.memobj: hamming code : 0 
134103000: system.memobj: hamming code addr: 614472 
134103000: system.memobj: hamming code : 0 
134103000: system.memobj: hamming code addr: 614480 
134103000: system.memobj: hamming code : 0 
134103000: system.memobj: hamming code addr: 614488 
134103000: system.memobj: hamming code : 0 
134103000: system.memobj: Enter Error Bit index: 7 
134103000: system.memobj: flip data : 1000001011000101010000000000000000000000000000000000000000000000 
134103000: system.memobj: -------------------------------------
134173000: system.memobj: mem->cpu Got response for addr 0x14420 , 82976
134173000: system.memobj: size 0x8
134173000: system.memobj: id 94061725633072
134173000: system.memobj: data_hex : 004C8968104C8970 
134173000: system.memobj: data : 0000000001001100100010010110100000010000010011001000100101110000 
134173000: system.memobj: fix data : 0000000001001100100010010110100000010000010011001000100101110000 
134173000: system.memobj: -------------------------------------
134222000: system.memobj: mem->cpu Got response for addr 0x14428 , 82984
134222000: system.memobj: size 0x8
134222000: system.memobj: id 94061725632784
134222000: system.memobj: data_hex : 184D85FF741EBF20 
134222000: system.memobj: data : 0001100001001101100001011111111101110100000111101011111100100000 
134222000: system.memobj: fix data : 0001100001001101100001011111111101110100000111101011111100100000 
134222000: system.memobj: -------------------------------------
134222000: system.memobj: cpu->mem Got request for addr 0x96028 , 614440
134222000: system.memobj: size 0x8
134222000: system.memobj: id 94061725633360
134222000: system.memobj: data_hex : 0000000000000000 
134222000: system.memobj: data : 0000000000000000000000000000000000000000000000000000000000000000 
134222000: system.memobj: hamming code addr: 614440 
134222000: system.memobj: hamming code : 0 
134222000: system.memobj: hamming code addr: 614448 
134222000: system.memobj: hamming code : 0 
134222000: system.memobj: hamming code addr: 614456 
134222000: system.memobj: hamming code : 0 
134222000: system.memobj: hamming code addr: 614464 
134222000: system.memobj: hamming code : 0 
134222000: system.memobj: hamming code addr: 614472 
134222000: system.memobj: hamming code : 0 
134222000: system.memobj: hamming code addr: 614480 
134222000: system.memobj: hamming code : 0 
134222000: system.memobj: hamming code addr: 614488 
134222000: system.memobj: hamming code : 0 
134222000: system.memobj: hamming code addr: 614496 
134222000: system.memobj: hamming code : 0 
134222000: system.memobj: Enter Error Bit index: 8 
134222000: system.memobj: flip data : 0000000100000000000000000000000000000000000000000000000000000000 
134222000: system.memobj: -------------------------------------
134292000: system.memobj: mem->cpu Got response for addr 0x14428 , 82984
134292000: system.memobj: size 0x8
134292000: system.memobj: id 94061725633360
134292000: system.memobj: data_hex : 184D85FF741EBF20 
134292000: system.memobj: data : 0001100001001101100001011111111101110100000111101011111100100000 
134292000: system.memobj: fix data : 0001100001001101100001011111111101110100000111101011111100100000 
134292000: system.memobj: -------------------------------------
134341000: system.memobj: mem->cpu Got response for addr 0x14428 , 82984
134341000: system.memobj: size 0x8
134341000: system.memobj: id 94061725632784
134341000: system.memobj: data_hex : 184D85FF741EBF20 
134341000: system.memobj: data : 0001100001001101100001011111111101110100000111101011111100100000 
134341000: system.memobj: fix data : 0001100001001101100001011111111101110100000111101011111100100000 
134341000: system.memobj: -------------------------------------
134390000: system.memobj: mem->cpu Got response for addr 0x14428 , 82984
134390000: system.memobj: size 0x8
134390000: system.memobj: id 94061725633360
134390000: system.memobj: data_hex : 184D85FF741EBF20 
134390000: system.memobj: data : 0001100001001101100001011111111101110100000111101011111100100000 
134390000: system.memobj: fix data : 0001100001001101100001011111111101110100000111101011111100100000 
134390000: system.memobj: -------------------------------------
134439000: system.memobj: mem->cpu Got response for addr 0x14430 , 82992
134439000: system.memobj: size 0x8
134439000: system.memobj: id 94061725632784
134439000: system.memobj: data_hex : 000000E828B5FFFF 
134439000: system.memobj: data : 0000000000000000000000001110100000101000101101011111111111111111 
134439000: system.memobj: fix data : 0000000000000000000000001110100000101000101101011111111111111111 
134439000: system.memobj: -------------------------------------
134488000: system.memobj: mem->cpu Got response for addr 0x14430 , 82992
134488000: system.memobj: size 0x8
134488000: system.memobj: id 94061725633360
134488000: system.memobj: data_hex : 000000E828B5FFFF 
134488000: system.memobj: data : 0000000000000000000000001110100000101000101101011111111111111111 
134488000: system.memobj: fix data : 0000000000000000000000001110100000101000101101011111111111111111 
134488000: system.memobj: -------------------------------------
134488000: system.memobj: cpu->mem Got request for addr 0x94a88 , 608904
134488000: system.memobj: size 0x8
134488000: system.memobj: id 94061725633648
134488000: system.memobj: data_hex : 3844410000000000 
134488000: system.memobj: data : 0011100001000100010000010000000000000000000000000000000000000000 
134488000: system.memobj: hamming code addr: 608904 
134488000: system.memobj: hamming code : 8 
134488000: system.memobj: hamming code addr: 608912 
134488000: system.memobj: hamming code : 15 
134488000: system.memobj: hamming code addr: 608920 
134488000: system.memobj: hamming code : 9 
134488000: system.memobj: hamming code addr: 608928 
134488000: system.memobj: hamming code : 0 
134488000: system.memobj: hamming code addr: 608936 
134488000: system.memobj: hamming code : 0 
134488000: system.memobj: hamming code addr: 608944 
134488000: system.memobj: hamming code : 0 
134488000: system.memobj: hamming code addr: 608952 
134488000: system.memobj: hamming code : 0 
134488000: system.memobj: hamming code addr: 608960 
134488000: system.memobj: hamming code : 0 
134488000: system.memobj: Enter Error Bit index: 2 
134488000: system.memobj: flip data : 0111100001000100010000010000000000000000000000000000000000000000 
134488000: system.memobj: -------------------------------------
134558000: system.memobj: mem->cpu Got response for addr 0xf960 , 63840
134558000: system.memobj: size 0x8
134558000: system.memobj: id 94061725633648
134558000: system.memobj: data_hex : 4C896424F048895C 
134558000: system.memobj: data : 0100110010001001011001000010010011110000010010001000100101011100 
134558000: system.memobj: fix data : 0100110010001001011001000010010011110000010010001000100101011100 
134558000: system.memobj: -------------------------------------
134558000: system.memobj: cpu->mem Got request for addr 0x94a78 , 608888
134558000: system.memobj: size 0x8
134558000: system.memobj: id 94061725633360
134558000: system.memobj: data_hex : 0000000000000000 
134558000: system.memobj: data : 0000000000000000000000000000000000000000000000000000000000000000 
134558000: system.memobj: hamming code addr: 608888 
134558000: system.memobj: hamming code : 0 
134558000: system.memobj: hamming code addr: 608896 
134558000: system.memobj: hamming code : 0 
134558000: system.memobj: hamming code addr: 608904 
134558000: system.memobj: hamming code : 0 
134558000: system.memobj: hamming code addr: 608912 
134558000: system.memobj: hamming code : 0 
134558000: system.memobj: hamming code addr: 608920 
134558000: system.memobj: hamming code : 0 
134558000: system.memobj: hamming code addr: 608928 
134558000: system.memobj: hamming code : 0 
134558000: system.memobj: hamming code addr: 608936 
134558000: system.memobj: hamming code : 0 
134558000: system.memobj: hamming code addr: 608944 
134558000: system.memobj: hamming code : 0 
134558000: system.memobj: Enter Error Bit index: 4 
134558000: system.memobj: flip data : 0001000000000000000000000000000000000000000000000000000000000000 
134558000: system.memobj: -------------------------------------
134628000: system.memobj: mem->cpu Got response for addr 0xf960 , 63840
134628000: system.memobj: size 0x8
134628000: system.memobj: id 94061725633360
134628000: system.memobj: data_hex : 4C896424F048895C 
134628000: system.memobj: data : 0100110010001001011001000010010011110000010010001000100101011100 
134628000: system.memobj: fix data : 0100110010001001011001000010010011110000010010001000100101011100 
134628000: system.memobj: -------------------------------------
134677000: system.memobj: mem->cpu Got response for addr 0xf968 , 63848
134677000: system.memobj: size 0x8
134677000: system.memobj: id 94061725633648
134677000: system.memobj: data_hex : 24E04989FC48896C 
134677000: system.memobj: data : 0010010011100000010010011000100111111100010010001000100101101100 
134677000: system.memobj: fix data : 0010010011100000010010011000100111111100010010001000100101101100 
134677000: system.memobj: -------------------------------------
134677000: system.memobj: cpu->mem Got request for addr 0x94a68 , 608872
134677000: system.memobj: size 0x8
134677000: system.memobj: id 94061725633360
134677000: system.memobj: data_hex : 1040590000000000 
134677000: system.memobj: data : 0001000001000000010110010000000000000000000000000000000000000000 
134677000: system.memobj: hamming code addr: 608872 
134677000: system.memobj: hamming code : 7 
134677000: system.memobj: hamming code addr: 608880 
134677000: system.memobj: hamming code : 5 
134677000: system.memobj: hamming code addr: 608888 
134677000: system.memobj: hamming code : 7 
134677000: system.memobj: hamming code addr: 608896 
134677000: system.memobj: hamming code : 0 
134677000: system.memobj: hamming code addr: 608904 
134677000: system.memobj: hamming code : 0 
134677000: system.memobj: hamming code addr: 608912 
134677000: system.memobj: hamming code : 0 
134677000: system.memobj: hamming code addr: 608920 
134677000: system.memobj: hamming code : 0 
134677000: system.memobj: hamming code addr: 608928 
134677000: system.memobj: hamming code : 0 
134677000: system.memobj: Enter Error Bit index: 2 
134677000: system.memobj: flip data : 0101000001000000010110010000000000000000000000000000000000000000 
134677000: system.memobj: -------------------------------------
134747000: system.memobj: mem->cpu Got response for addr 0xf968 , 63848
134747000: system.memobj: size 0x8
134747000: system.memobj: id 94061725633360
134747000: system.memobj: data_hex : 24E04989FC48896C 
134747000: system.memobj: data : 0010010011100000010010011000100111111100010010001000100101101100 
134747000: system.memobj: fix data : 0010010011100000010010011000100111111100010010001000100101101100 
134747000: system.memobj: -------------------------------------
134796000: system.memobj: mem->cpu Got response for addr 0xf968 , 63848
134796000: system.memobj: size 0x8
134796000: system.memobj: id 94061725633648
134796000: system.memobj: data_hex : 24E04989FC48896C 
134796000: system.memobj: data : 0010010011100000010010011000100111111100010010001000100101101100 
134796000: system.memobj: fix data : 0010010011100000010010011000100111111100010010001000100101101100 
134796000: system.memobj: -------------------------------------
134845000: system.memobj: mem->cpu Got response for addr 0xf970 , 63856
134845000: system.memobj: size 0x8
134845000: system.memobj: id 94061725633360
134845000: system.memobj: data_hex : 24E84C896C24F848 
134845000: system.memobj: data : 0010010011101000010011001000100101101100001001001111100001001000 
134845000: system.memobj: fix data : 0010010011101000010011001000100101101100001001001111100001001000 
134845000: system.memobj: -------------------------------------
134845000: system.memobj: cpu->mem Got request for addr 0x94a70 , 608880
134845000: system.memobj: size 0x8
134845000: system.memobj: id 94061725633648
134845000: system.memobj: data_hex : 0000000000000000 
134845000: system.memobj: data : 0000000000000000000000000000000000000000000000000000000000000000 
134845000: system.memobj: hamming code addr: 608880 
134845000: system.memobj: hamming code : 0 
134845000: system.memobj: hamming code addr: 608888 
134845000: system.memobj: hamming code : 0 
134845000: system.memobj: hamming code addr: 608896 
134845000: system.memobj: hamming code : 0 
134845000: system.memobj: hamming code addr: 608904 
134845000: system.memobj: hamming code : 0 
134845000: system.memobj: hamming code addr: 608912 
134845000: system.memobj: hamming code : 0 
134845000: system.memobj: hamming code addr: 608920 
134845000: system.memobj: hamming code : 0 
134845000: system.memobj: hamming code addr: 608928 
134845000: system.memobj: hamming code : 0 
134845000: system.memobj: hamming code addr: 608936 
134845000: system.memobj: hamming code : 0 
134845000: system.memobj: Enter Error Bit index: 6 
134845000: system.memobj: flip data : 0000010000000000000000000000000000000000000000000000000000000000 
134845000: system.memobj: -------------------------------------
134915000: system.memobj: mem->cpu Got response for addr 0xf970 , 63856
134915000: system.memobj: size 0x8
134915000: system.memobj: id 94061725633648
134915000: system.memobj: data_hex : 24E84C896C24F848 
134915000: system.memobj: data : 0010010011101000010011001000100101101100001001001111100001001000 
134915000: system.memobj: fix data : 0010010011101000010011001000100101101100001001001111100001001000 
134915000: system.memobj: -------------------------------------
134915000: system.memobj: cpu->mem Got request for addr 0x94a80 , 608896
134915000: system.memobj: size 0x8
134915000: system.memobj: id 94061725633360
134915000: system.memobj: data_hex : 80C5400000000000 
134915000: system.memobj: data : 1000000011000101010000000000000000000000000000000000000000000000 
134915000: system.memobj: hamming code addr: 608896 
134915000: system.memobj: hamming code : 3 
134915000: system.memobj: hamming code addr: 608904 
134915000: system.memobj: hamming code : 0 
134915000: system.memobj: hamming code addr: 608912 
134915000: system.memobj: hamming code : 5 
134915000: system.memobj: hamming code addr: 608920 
134915000: system.memobj: hamming code : 0 
134915000: system.memobj: hamming code addr: 608928 
134915000: system.memobj: hamming code : 0 
134915000: system.memobj: hamming code addr: 608936 
134915000: system.memobj: hamming code : 0 
134915000: system.memobj: hamming code addr: 608944 
134915000: system.memobj: hamming code : 0 
134915000: system.memobj: hamming code addr: 608952 
134915000: system.memobj: hamming code : 0 
134915000: system.memobj: Enter Error Bit index: 5 
134915000: system.memobj: flip data : 1000100011000101010000000000000000000000000000000000000000000000 
134915000: system.memobj: -------------------------------------
134985000: system.memobj: mem->cpu Got response for addr 0xf970 , 63856
134985000: system.memobj: size 0x8
134985000: system.memobj: id 94061725633360
134985000: system.memobj: data_hex : 24E84C896C24F848 
134985000: system.memobj: data : 0010010011101000010011001000100101101100001001001111100001001000 
134985000: system.memobj: fix data : 0010010011101000010011001000100101101100001001001111100001001000 
134985000: system.memobj: -------------------------------------
135034000: system.memobj: mem->cpu Got response for addr 0xf978 , 63864
135034000: system.memobj: size 0x8
135034000: system.memobj: id 94061725633648
135034000: system.memobj: data_hex : 83EC28488B05760D 
135034000: system.memobj: data : 1000001111101100001010000100100010001011000001010111011000001101 
135034000: system.memobj: fix data : 1000001111101100001010000100100010001011000001010111011000001101 
135034000: system.memobj: -------------------------------------
135083000: system.memobj: mem->cpu Got response for addr 0xf978 , 63864
135083000: system.memobj: size 0x8
135083000: system.memobj: id 94061725633360
135083000: system.memobj: data_hex : 83EC28488B05760D 
135083000: system.memobj: data : 1000001111101100001010000100100010001011000001010111011000001101 
135083000: system.memobj: fix data : 1000001111101100001010000100100010001011000001010111011000001101 
135083000: system.memobj: -------------------------------------
135132000: system.memobj: mem->cpu Got response for addr 0xf980 , 63872
135132000: system.memobj: size 0x8
135132000: system.memobj: id 94061725633648
135132000: system.memobj: data_hex : 17004885C0742948 
135132000: system.memobj: data : 0001011100000000010010001000010111000000011101000010100101001000 
135132000: system.memobj: fix data : 0001011100000000010010001000010111000000011101000010100101001000 
135132000: system.memobj: -------------------------------------
135195000: system.memobj: mem->cpu Got response for addr 0x806f8 , 526072
135195000: system.memobj: size 0x8
135195000: system.memobj: id 94061725633360
135195000: system.memobj: data_hex : 1000000000000000 
135195000: system.memobj: data : 0001000000000000000000000000000000000000000000000000000000000000 
135195000: system.memobj: hamming code addr: 526072 
135195000: system.memobj: hamming code out: 0 
135195000: system.memobj: find Error Bit index : 4 
135195000: system.memobj: hamming code addr: 526080 
135195000: system.memobj: hamming code out: 0 
135195000: system.memobj: hamming code addr: 526088 
135195000: system.memobj: hamming code out: 0 
135195000: system.memobj: hamming code addr: 526096 
135195000: system.memobj: hamming code out: 0 
135195000: system.memobj: hamming code addr: 526104 
135195000: system.memobj: hamming code out: 0 
135195000: system.memobj: hamming code addr: 526112 
135195000: system.memobj: hamming code out: 0 
135195000: system.memobj: hamming code addr: 526120 
135195000: system.memobj: hamming code out: 0 
135195000: system.memobj: hamming code addr: 526128 
135195000: system.memobj: hamming code out: 0 
135195000: system.memobj: fix data : 0000000000000000000000000000000000000000000000000000000000000000 
135195000: system.memobj: -------------------------------------
135244000: system.memobj: mem->cpu Got response for addr 0xf980 , 63872
135244000: system.memobj: size 0x8
135244000: system.memobj: id 94061725633360
135244000: system.memobj: data_hex : 17004885C0742948 
135244000: system.memobj: data : 0001011100000000010010001000010111000000011101000010100101001000 
135244000: system.memobj: fix data : 0001011100000000010010001000010111000000011101000010100101001000 
135244000: system.memobj: -------------------------------------
135293000: system.memobj: mem->cpu Got response for addr 0xf980 , 63872
135293000: system.memobj: size 0x8
135293000: system.memobj: id 94061725633648
135293000: system.memobj: data_hex : 17004885C0742948 
135293000: system.memobj: data : 0001011100000000010010001000010111000000011101000010100101001000 
135293000: system.memobj: fix data : 0001011100000000010010001000010111000000011101000010100101001000 
135293000: system.memobj: -------------------------------------
135342000: system.memobj: mem->cpu Got response for addr 0xf9b0 , 63920
135342000: system.memobj: size 0x8
135342000: system.memobj: id 94061725633360
135342000: system.memobj: data_hex : B8000000004885C0 
135342000: system.memobj: data : 1011100000000000000000000000000000000000010010001000010111000000 
135342000: system.memobj: fix data : 1011100000000000000000000000000000000000010010001000010111000000 
135342000: system.memobj: -------------------------------------
135405000: system.memobj: mem->cpu Got response for addr 0xf9b0 , 63920
135405000: system.memobj: size 0x8
135405000: system.memobj: id 94061725633648
135405000: system.memobj: data_hex : B8000000004885C0 
135405000: system.memobj: data : 1011100000000000000000000000000000000000010010001000010111000000 
135405000: system.memobj: fix data : 1011100000000000000000000000000000000000010010001000010111000000 
135405000: system.memobj: -------------------------------------
135454000: system.memobj: mem->cpu Got response for addr 0xf9b8 , 63928
135454000: system.memobj: size 0x8
135454000: system.memobj: id 94061725633360
135454000: system.memobj: data_hex : 747431FFE83F06BF 
135454000: system.memobj: data : 0111010001110100001100011111111111101000001111110000011010111111 
135454000: system.memobj: fix data : 0111010001110100001100011111111111101000001111110000011010111111 
135454000: system.memobj: -------------------------------------
135503000: system.memobj: mem->cpu Got response for addr 0xfa28 , 64040
135503000: system.memobj: size 0x8
135503000: system.memobj: id 94061725633648
135503000: system.memobj: data_hex : 204883C428C3488B 
135503000: system.memobj: data : 0010000001001000100000111100010000101000110000110100100010001011 
135503000: system.memobj: fix data : 0010000001001000100000111100010000101000110000110100100010001011 
135503000: system.memobj: -------------------------------------
135552000: system.memobj: mem->cpu Got response for addr 0xfa30 , 64048
135552000: system.memobj: size 0x8
135552000: system.memobj: id 94061725633360
135552000: system.memobj: data_hex : 2D432A1800EB8D44 
135552000: system.memobj: data : 0010110101000011001010100001100000000000111010111000110101000100 
135552000: system.memobj: fix data : 0010110101000011001010100001100000000000111010111000110101000100 
135552000: system.memobj: -------------------------------------
135615000: system.memobj: mem->cpu Got response for addr 0x92478 , 599160
135615000: system.memobj: size 0x8
135615000: system.memobj: id 94061725633648
135615000: system.memobj: data_hex : A024590000000000 
135615000: system.memobj: data : 1010000000100100010110010000000000000000000000000000000000000000 
135615000: system.memobj: hamming code addr: 599160 
135615000: system.memobj: hamming code out: 3 
135615000: system.memobj: find Error Bit index : 3 
135615000: system.memobj: hamming code addr: 599168 
135615000: system.memobj: hamming code out: 12 
135615000: system.memobj: hamming code addr: 599176 
135615000: system.memobj: hamming code out: 7 
135615000: system.memobj: hamming code addr: 599184 
135615000: system.memobj: hamming code out: 0 
135615000: system.memobj: hamming code addr: 599192 
135615000: system.memobj: hamming code out: 0 
135615000: system.memobj: hamming code addr: 599200 
135615000: system.memobj: hamming code out: 0 
135615000: system.memobj: hamming code addr: 599208 
135615000: system.memobj: hamming code out: 0 
135615000: system.memobj: hamming code addr: 599216 
135615000: system.memobj: hamming code out: 0 
135615000: system.memobj: fix data : 1000000000100100010110010000000000000000000000000000000000000000 
135615000: system.memobj: -------------------------------------
135664000: system.memobj: mem->cpu Got response for addr 0xfa30 , 64048
135664000: system.memobj: size 0x8
135664000: system.memobj: id 94061725633648
135664000: system.memobj: data_hex : 2D432A1800EB8D44 
135664000: system.memobj: data : 0010110101000011001010100001100000000000111010111000110101000100 
135664000: system.memobj: fix data : 0010110101000011001010100001100000000000111010111000110101000100 
135664000: system.memobj: -------------------------------------
135713000: system.memobj: mem->cpu Got response for addr 0xf9c0 , 63936
135713000: system.memobj: size 0x8
135713000: system.memobj: id 94061725633360
135713000: system.memobj: data_hex : FF4889C54885ED48 
135713000: system.memobj: data : 1111111101001000100010011100010101001000100001011110110101001000 
135713000: system.memobj: fix data : 1111111101001000100010011100010101001000100001011110110101001000 
135713000: system.memobj: -------------------------------------
135762000: system.memobj: mem->cpu Got response for addr 0xf9c0 , 63936
135762000: system.memobj: size 0x8
135762000: system.memobj: id 94061725633648
135762000: system.memobj: data_hex : FF4889C54885ED48 
135762000: system.memobj: data : 1111111101001000100010011100010101001000100001011110110101001000 
135762000: system.memobj: fix data : 1111111101001000100010011100010101001000100001011110110101001000 
135762000: system.memobj: -------------------------------------
135811000: system.memobj: mem->cpu Got response for addr 0xf9c8 , 63944
135811000: system.memobj: size 0x8
135811000: system.memobj: id 94061725633360
135811000: system.memobj: data_hex : 89EB0F8482000000 
135811000: system.memobj: data : 1000100111101011000011111000010010000010000000000000000000000000 
135811000: system.memobj: fix data : 1000100111101011000011111000010010000010000000000000000000000000 
135811000: system.memobj: -------------------------------------
135860000: system.memobj: mem->cpu Got response for addr 0xf9c8 , 63944
135860000: system.memobj: size 0x8
135860000: system.memobj: id 94061725633648
135860000: system.memobj: data_hex : 89EB0F8482000000 
135860000: system.memobj: data : 1000100111101011000011111000010010000010000000000000000000000000 
135860000: system.memobj: fix data : 1000100111101011000011111000010010000010000000000000000000000000 
135860000: system.memobj: -------------------------------------
135909000: system.memobj: mem->cpu Got response for addr 0xf9d0 , 63952
135909000: system.memobj: size 0x8
135909000: system.memobj: id 94061725633360
135909000: system.memobj: data_hex : B8000000004885C0 
135909000: system.memobj: data : 1011100000000000000000000000000000000000010010001000010111000000 
135909000: system.memobj: fix data : 1011100000000000000000000000000000000000010010001000010111000000 
135909000: system.memobj: -------------------------------------
135958000: system.memobj: mem->cpu Got response for addr 0xf9d0 , 63952
135958000: system.memobj: size 0x8
135958000: system.memobj: id 94061725633648
135958000: system.memobj: data_hex : B8000000004885C0 
135958000: system.memobj: data : 1011100000000000000000000000000000000000010010001000010111000000 
135958000: system.memobj: fix data : 1011100000000000000000000000000000000000010010001000010111000000 
135958000: system.memobj: -------------------------------------
136007000: system.memobj: mem->cpu Got response for addr 0xf9d8 , 63960
136007000: system.memobj: size 0x8
136007000: system.memobj: id 94061725633360
136007000: system.memobj: data_hex : 745D4889EFE81E06 
136007000: system.memobj: data : 0111010001011101010010001000100111101111111010000001111000000110 
136007000: system.memobj: fix data : 0111010001011101010010001000100111101111111010000001111000000110 
136007000: system.memobj: -------------------------------------
136056000: system.memobj: mem->cpu Got response for addr 0xfa30 , 64048
136056000: system.memobj: size 0x8
136056000: system.memobj: id 94061725633648
136056000: system.memobj: data_hex : 2D432A1800EB8D44 
136056000: system.memobj: data : 0010110101000011001010100001100000000000111010111000110101000100 
136056000: system.memobj: fix data : 0010110101000011001010100001100000000000111010111000110101000100 
136056000: system.memobj: -------------------------------------
136105000: system.memobj: mem->cpu Got response for addr 0xfa38 , 64056
136105000: system.memobj: size 0x8
136105000: system.memobj: id 94061725633360
136105000: system.memobj: data_hex : 8B5D004585DB7512 
136105000: system.memobj: data : 1000101101011101000000000100010110000101110110110111010100010010 
136105000: system.memobj: fix data : 1000101101011101000000000100010110000101110110110111010100010010 
136105000: system.memobj: -------------------------------------
136154000: system.memobj: mem->cpu Got response for addr 0x92480 , 599168
136154000: system.memobj: size 0x4
136154000: system.memobj: id 94061725633648
136154000: system.memobj: data_hex : 40000000 
136154000: system.memobj: data : 01000000000000000000000000000000 
136154000: system.memobj: hamming code addr: 599168 
136154000: system.memobj: hamming code out: 0 
136154000: system.memobj: find Error Bit index : 2 
136154000: system.memobj: hamming code addr: 599176 
136154000: system.memobj: hamming code out: 0 
136154000: system.memobj: hamming code addr: 599184 
136154000: system.memobj: hamming code out: 0 
136154000: system.memobj: hamming code addr: 599192 
136154000: system.memobj: hamming code out: 0 
136154000: system.memobj: fix data : 00000000000000000000000000000000 
136154000: system.memobj: -------------------------------------
136203000: system.memobj: mem->cpu Got response for addr 0xfa38 , 64056
136203000: system.memobj: size 0x8
136203000: system.memobj: id 94061725633648
136203000: system.memobj: data_hex : 8B5D004585DB7512 
136203000: system.memobj: data : 1000101101011101000000000100010110000101110110110111010100010010 
136203000: system.memobj: fix data : 1000101101011101000000000100010110000101110110110111010100010010 
136203000: system.memobj: -------------------------------------
136252000: system.memobj: mem->cpu Got response for addr 0xfa38 , 64056
136252000: system.memobj: size 0x8
136252000: system.memobj: id 94061725633360
136252000: system.memobj: data_hex : 8B5D004585DB7512 
136252000: system.memobj: data : 1000101101011101000000000100010110000101110110110111010100010010 
136252000: system.memobj: fix data : 1000101101011101000000000100010110000101110110110111010100010010 
136252000: system.memobj: -------------------------------------
136315000: system.memobj: mem->cpu Got response for addr 0xfa40 , 64064
136315000: system.memobj: size 0x8
136315000: system.memobj: id 94061725633648
136315000: system.memobj: data_hex : C7450001000000EB 
136315000: system.memobj: data : 1100011101000101000000000000000100000000000000000000000011101011 
136315000: system.memobj: fix data : 1100011101000101000000000000000100000000000000000000000011101011 
136315000: system.memobj: -------------------------------------
136315000: system.memobj: cpu->mem Got request for addr 0x92480 , 599168
136315000: system.memobj: size 0x4
136315000: system.memobj: id 94061725633360
136315000: system.memobj: data_hex : 01000000 
136315000: system.memobj: data : 00000001000000000000000000000000 
136315000: system.memobj: hamming code addr: 599168 
136315000: system.memobj: hamming code : 12 
136315000: system.memobj: hamming code addr: 599176 
136315000: system.memobj: hamming code : 0 
136315000: system.memobj: hamming code addr: 599184 
136315000: system.memobj: hamming code : 0 
136315000: system.memobj: hamming code addr: 599192 
136315000: system.memobj: hamming code : 0 
136315000: system.memobj: Enter Error Bit index: 3 
136315000: system.memobj: flip data : 00100001000000000000000000000000 
136315000: system.memobj: -------------------------------------
136385000: system.memobj: mem->cpu Got response for addr 0xfa40 , 64064
136385000: system.memobj: size 0x8
136385000: system.memobj: id 94061725633360
136385000: system.memobj: data_hex : C7450001000000EB 
136385000: system.memobj: data : 1100011101000101000000000000000100000000000000000000000011101011 
136385000: system.memobj: fix data : 1100011101000101000000000000000100000000000000000000000011101011 
136385000: system.memobj: -------------------------------------
136434000: system.memobj: mem->cpu Got response for addr 0xfa48 , 64072
136434000: system.memobj: size 0x8
136434000: system.memobj: id 94061725633648
136434000: system.memobj: data_hex : 9DC7030000000090 
136434000: system.memobj: data : 1001110111000111000000110000000000000000000000000000000010010000 
136434000: system.memobj: fix data : 1001110111000111000000110000000000000000000000000000000010010000 
136434000: system.memobj: -------------------------------------
136483000: system.memobj: mem->cpu Got response for addr 0xf9e0 , 63968
136483000: system.memobj: size 0x8
136483000: system.memobj: id 94061725633360
136483000: system.memobj: data_hex : BFFF85C0756C31C0 
136483000: system.memobj: data : 1011111111111111100001011100000001110101011011000011000111000000 
136483000: system.memobj: fix data : 1011111111111111100001011100000001110101011011000011000111000000 
136483000: system.memobj: -------------------------------------
136532000: system.memobj: mem->cpu Got response for addr 0xf9e8 , 63976
136532000: system.memobj: size 0x8
136532000: system.memobj: id 94061725633648
136532000: system.memobj: data_hex : 4885DB74284C89E6 
136532000: system.memobj: data : 0100100010000101110110110111010000101000010011001000100111100110 
136532000: system.memobj: fix data : 0100100010000101110110110111010000101000010011001000100111100110 
136532000: system.memobj: -------------------------------------
136581000: system.memobj: mem->cpu Got response for addr 0xf9e8 , 63976
136581000: system.memobj: size 0x8
136581000: system.memobj: id 94061725633360
136581000: system.memobj: data_hex : 4885DB74284C89E6 
136581000: system.memobj: data : 0100100010000101110110110111010000101000010011001000100111100110 
136581000: system.memobj: fix data : 0100100010000101110110110111010000101000010011001000100111100110 
136581000: system.memobj: -------------------------------------
136630000: system.memobj: mem->cpu Got response for addr 0xf9e8 , 63976
136630000: system.memobj: size 0x8
136630000: system.memobj: id 94061725633648
136630000: system.memobj: data_hex : 4885DB74284C89E6 
136630000: system.memobj: data : 0100100010000101110110110111010000101000010011001000100111100110 
136630000: system.memobj: fix data : 0100100010000101110110110111010000101000010011001000100111100110 
136630000: system.memobj: -------------------------------------
136679000: system.memobj: mem->cpu Got response for addr 0xf9f0 , 63984
136679000: system.memobj: size 0x8
136679000: system.memobj: id 94061725633360
136679000: system.memobj: data_hex : 4889DFE888E3FFFF 
136679000: system.memobj: data : 0100100010001001110111111110100010001000111000111111111111111111 
136679000: system.memobj: fix data : 0100100010001001110111111110100010001000111000111111111111111111 
136679000: system.memobj: -------------------------------------
136728000: system.memobj: mem->cpu Got response for addr 0xf9f0 , 63984
136728000: system.memobj: size 0x8
136728000: system.memobj: id 94061725633648
136728000: system.memobj: data_hex : 4889DFE888E3FFFF 
136728000: system.memobj: data : 0100100010001001110111111110100010001000111000111111111111111111 
136728000: system.memobj: fix data : 0100100010001001110111111110100010001000111000111111111111111111 
136728000: system.memobj: -------------------------------------
136728000: system.memobj: cpu->mem Got request for addr 0x94a58 , 608856
136728000: system.memobj: size 0x8
136728000: system.memobj: id 94061725633360
136728000: system.memobj: data_hex : F8F9400000000000 
136728000: system.memobj: data : 1111100011111001010000000000000000000000000000000000000000000000 
136728000: system.memobj: hamming code addr: 608856 
136728000: system.memobj: hamming code : 14 
136728000: system.memobj: hamming code addr: 608864 
136728000: system.memobj: hamming code : 2 
136728000: system.memobj: hamming code addr: 608872 
136728000: system.memobj: hamming code : 5 
136728000: system.memobj: hamming code addr: 608880 
136728000: system.memobj: hamming code : 0 
136728000: system.memobj: hamming code addr: 608888 
136728000: system.memobj: hamming code : 0 
136728000: system.memobj: hamming code addr: 608896 
136728000: system.memobj: hamming code : 0 
136728000: system.memobj: hamming code addr: 608904 
136728000: system.memobj: hamming code : 0 
136728000: system.memobj: hamming code addr: 608912 
136728000: system.memobj: hamming code : 0 
136728000: system.memobj: Enter Error Bit index: 6 
136728000: system.memobj: flip data : 1111110011111001010000000000000000000000000000000000000000000000 
136728000: system.memobj: -------------------------------------
136812000: system.memobj: mem->cpu Got response for addr 0xdd80 , 56704
136812000: system.memobj: size 0x8
136812000: system.memobj: id 94061725633360
136812000: system.memobj: data_hex : 4157415641554989 
136812000: system.memobj: data : 0100000101010111010000010101011001000001010101010100100110001001 
136812000: system.memobj: fix data : 0100000101010111010000010101011001000001010101010100100110001001 
136812000: system.memobj: -------------------------------------
136812000: system.memobj: cpu->mem Got request for addr 0x94a50 , 608848
136812000: system.memobj: size 0x8
136812000: system.memobj: id 94061725633648
136812000: system.memobj: data_hex : 80C6400000000000 
136812000: system.memobj: data : 1000000011000110010000000000000000000000000000000000000000000000 
136812000: system.memobj: hamming code addr: 608848 
136812000: system.memobj: hamming code : 3 
136812000: system.memobj: hamming code addr: 608856 
136812000: system.memobj: hamming code : 7 
136812000: system.memobj: hamming code addr: 608864 
136812000: system.memobj: hamming code : 5 
136812000: system.memobj: hamming code addr: 608872 
136812000: system.memobj: hamming code : 0 
136812000: system.memobj: hamming code addr: 608880 
136812000: system.memobj: hamming code : 0 
136812000: system.memobj: hamming code addr: 608888 
136812000: system.memobj: hamming code : 0 
136812000: system.memobj: hamming code addr: 608896 
136812000: system.memobj: hamming code : 0 
136812000: system.memobj: hamming code addr: 608904 
136812000: system.memobj: hamming code : 0 
136812000: system.memobj: Enter Error Bit index: 1 
136812000: system.memobj: flip data : 0000000011000110010000000000000000000000000000000000000000000000 
136812000: system.memobj: -------------------------------------
136882000: system.memobj: mem->cpu Got response for addr 0xdd80 , 56704
136882000: system.memobj: size 0x8
136882000: system.memobj: id 94061725633648
136882000: system.memobj: data_hex : 4157415641554989 
136882000: system.memobj: data : 0100000101010111010000010101011001000001010101010100100110001001 
136882000: system.memobj: fix data : 0100000101010111010000010101011001000001010101010100100110001001 
136882000: system.memobj: -------------------------------------
136882000: system.memobj: cpu->mem Got request for addr 0x94a48 , 608840
136882000: system.memobj: size 0x8
136882000: system.memobj: id 94061725633360
136882000: system.memobj: data_hex : 0000000000000000 
136882000: system.memobj: data : 0000000000000000000000000000000000000000000000000000000000000000 
136882000: system.memobj: hamming code addr: 608840 
136882000: system.memobj: hamming code : 0 
136882000: system.memobj: hamming code addr: 608848 
136882000: system.memobj: hamming code : 0 
136882000: system.memobj: hamming code addr: 608856 
136882000: system.memobj: hamming code : 0 
136882000: system.memobj: hamming code addr: 608864 
136882000: system.memobj: hamming code : 0 
136882000: system.memobj: hamming code addr: 608872 
136882000: system.memobj: hamming code : 0 
136882000: system.memobj: hamming code addr: 608880 
136882000: system.memobj: hamming code : 0 
136882000: system.memobj: hamming code addr: 608888 
136882000: system.memobj: hamming code : 0 
136882000: system.memobj: hamming code addr: 608896 
136882000: system.memobj: hamming code : 0 
136882000: system.memobj: Enter Error Bit index: 5 
136882000: system.memobj: flip data : 0000100000000000000000000000000000000000000000000000000000000000 
136882000: system.memobj: -------------------------------------
136952000: system.memobj: mem->cpu Got response for addr 0xdd80 , 56704
136952000: system.memobj: size 0x8
136952000: system.memobj: id 94061725633360
136952000: system.memobj: data_hex : 4157415641554989 
136952000: system.memobj: data : 0100000101010111010000010101011001000001010101010100100110001001 
136952000: system.memobj: fix data : 0100000101010111010000010101011001000001010101010100100110001001 
136952000: system.memobj: -------------------------------------
136952000: system.memobj: cpu->mem Got request for addr 0x94a40 , 608832
136952000: system.memobj: size 0x8
136952000: system.memobj: id 94061725633648
136952000: system.memobj: data_hex : 80C5400000000000 
136952000: system.memobj: data : 1000000011000101010000000000000000000000000000000000000000000000 
136952000: system.memobj: hamming code addr: 608832 
136952000: system.memobj: hamming code : 3 
136952000: system.memobj: hamming code addr: 608840 
136952000: system.memobj: hamming code : 0 
136952000: system.memobj: hamming code addr: 608848 
136952000: system.memobj: hamming code : 5 
136952000: system.memobj: hamming code addr: 608856 
136952000: system.memobj: hamming code : 0 
136952000: system.memobj: hamming code addr: 608864 
136952000: system.memobj: hamming code : 0 
136952000: system.memobj: hamming code addr: 608872 
136952000: system.memobj: hamming code : 0 
136952000: system.memobj: hamming code addr: 608880 
136952000: system.memobj: hamming code : 0 
136952000: system.memobj: hamming code addr: 608888 
136952000: system.memobj: hamming code : 0 
136952000: system.memobj: Enter Error Bit index: 8 
136952000: system.memobj: flip data : 1000000111000101010000000000000000000000000000000000000000000000 
136952000: system.memobj: -------------------------------------
137022000: system.memobj: mem->cpu Got response for addr 0xdd80 , 56704
137022000: system.memobj: size 0x8
137022000: system.memobj: id 94061725633648
137022000: system.memobj: data_hex : 4157415641554989 
137022000: system.memobj: data : 0100000101010111010000010101011001000001010101010100100110001001 
137022000: system.memobj: fix data : 0100000101010111010000010101011001000001010101010100100110001001 
137022000: system.memobj: -------------------------------------
137071000: system.memobj: mem->cpu Got response for addr 0xdd88 , 56712
137071000: system.memobj: size 0x8
137071000: system.memobj: id 94061725633360
137071000: system.memobj: data_hex : FD415455534883EC 
137071000: system.memobj: data : 1111110101000001010101000101010101010011010010001000001111101100 
137071000: system.memobj: fix data : 1111110101000001010101000101010101010011010010001000001111101100 
137071000: system.memobj: -------------------------------------
137120000: system.memobj: mem->cpu Got response for addr 0xdd88 , 56712
137120000: system.memobj: size 0x8
137120000: system.memobj: id 94061725633648
137120000: system.memobj: data_hex : FD415455534883EC 
137120000: system.memobj: data : 1111110101000001010101000101010101010011010010001000001111101100 
137120000: system.memobj: fix data : 1111110101000001010101000101010101010011010010001000001111101100 
137120000: system.memobj: -------------------------------------
137120000: system.memobj: cpu->mem Got request for addr 0x94a38 , 608824
137120000: system.memobj: size 0x8
137120000: system.memobj: id 94061725633360
137120000: system.memobj: data_hex : 2000000000000000 
137120000: system.memobj: data : 0010000000000000000000000000000000000000000000000000000000000000 
137120000: system.memobj: hamming code addr: 608824 
137120000: system.memobj: hamming code : 6 
137120000: system.memobj: hamming code addr: 608832 
137120000: system.memobj: hamming code : 0 
137120000: system.memobj: hamming code addr: 608840 
137120000: system.memobj: hamming code : 0 
137120000: system.memobj: hamming code addr: 608848 
137120000: system.memobj: hamming code : 0 
137120000: system.memobj: hamming code addr: 608856 
137120000: system.memobj: hamming code : 0 
137120000: system.memobj: hamming code addr: 608864 
137120000: system.memobj: hamming code : 0 
137120000: system.memobj: hamming code addr: 608872 
137120000: system.memobj: hamming code : 0 
137120000: system.memobj: hamming code addr: 608880 
137120000: system.memobj: hamming code : 0 
137120000: system.memobj: Enter Error Bit index: 5 
137120000: system.memobj: flip data : 0010100000000000000000000000000000000000000000000000000000000000 
137120000: system.memobj: -------------------------------------
137190000: system.memobj: mem->cpu Got response for addr 0xdd88 , 56712
137190000: system.memobj: size 0x8
137190000: system.memobj: id 94061725633360
137190000: system.memobj: data_hex : FD415455534883EC 
137190000: system.memobj: data : 1111110101000001010101000101010101010011010010001000001111101100 
137190000: system.memobj: fix data : 1111110101000001010101000101010101010011010010001000001111101100 
137190000: system.memobj: -------------------------------------
137190000: system.memobj: cpu->mem Got request for addr 0x94a30 , 608816
137190000: system.memobj: size 0x8
137190000: system.memobj: id 94061725633648
137190000: system.memobj: data_hex : 8024590000000000 
137190000: system.memobj: data : 1000000000100100010110010000000000000000000000000000000000000000 
137190000: system.memobj: hamming code addr: 608816 
137190000: system.memobj: hamming code : 3 
137190000: system.memobj: hamming code addr: 608824 
137190000: system.memobj: hamming code : 12 
137190000: system.memobj: hamming code addr: 608832 
137190000: system.memobj: hamming code : 7 
137190000: system.memobj: hamming code addr: 608840 
137190000: system.memobj: hamming code : 0 
137190000: system.memobj: hamming code addr: 608848 
137190000: system.memobj: hamming code : 0 
137190000: system.memobj: hamming code addr: 608856 
137190000: system.memobj: hamming code : 0 
137190000: system.memobj: hamming code addr: 608864 
137190000: system.memobj: hamming code : 0 
137190000: system.memobj: hamming code addr: 608872 
137190000: system.memobj: hamming code : 0 
137190000: system.memobj: Enter Error Bit index: 6 
137190000: system.memobj: flip data : 1000010000100100010110010000000000000000000000000000000000000000 
137190000: system.memobj: -------------------------------------
137260000: system.memobj: mem->cpu Got response for addr 0xdd88 , 56712
137260000: system.memobj: size 0x8
137260000: system.memobj: id 94061725633648
137260000: system.memobj: data_hex : FD415455534883EC 
137260000: system.memobj: data : 1111110101000001010101000101010101010011010010001000001111101100 
137260000: system.memobj: fix data : 1111110101000001010101000101010101010011010010001000001111101100 
137260000: system.memobj: -------------------------------------
137260000: system.memobj: cpu->mem Got request for addr 0x94a28 , 608808
137260000: system.memobj: size 0x8
137260000: system.memobj: id 94061725633360
137260000: system.memobj: data_hex : 8024590000000000 
137260000: system.memobj: data : 1000000000100100010110010000000000000000000000000000000000000000 
137260000: system.memobj: hamming code addr: 608808 
137260000: system.memobj: hamming code : 3 
137260000: system.memobj: hamming code addr: 608816 
137260000: system.memobj: hamming code : 12 
137260000: system.memobj: hamming code addr: 608824 
137260000: system.memobj: hamming code : 7 
137260000: system.memobj: hamming code addr: 608832 
137260000: system.memobj: hamming code : 0 
137260000: system.memobj: hamming code addr: 608840 
137260000: system.memobj: hamming code : 0 
137260000: system.memobj: hamming code addr: 608848 
137260000: system.memobj: hamming code : 0 
137260000: system.memobj: hamming code addr: 608856 
137260000: system.memobj: hamming code : 0 
137260000: system.memobj: hamming code addr: 608864 
137260000: system.memobj: hamming code : 0 
137260000: system.memobj: Enter Error Bit index: 2 
137260000: system.memobj: flip data : 1100000000100100010110010000000000000000000000000000000000000000 
137260000: system.memobj: -------------------------------------
137330000: system.memobj: mem->cpu Got response for addr 0xdd88 , 56712
137330000: system.memobj: size 0x8
137330000: system.memobj: id 94061725633360
137330000: system.memobj: data_hex : FD415455534883EC 
137330000: system.memobj: data : 1111110101000001010101000101010101010011010010001000001111101100 
137330000: system.memobj: fix data : 1111110101000001010101000101010101010011010010001000001111101100 
137330000: system.memobj: -------------------------------------
137379000: system.memobj: mem->cpu Got response for addr 0xdd90 , 56720
137379000: system.memobj: size 0x8
137379000: system.memobj: id 94061725633648
137379000: system.memobj: data_hex : 484883FEBF0F875C 
137379000: system.memobj: data : 0100100001001000100000111111111010111111000011111000011101011100 
137379000: system.memobj: fix data : 0100100001001000100000111111111010111111000011111000011101011100 
137379000: system.memobj: -------------------------------------
137428000: system.memobj: mem->cpu Got response for addr 0xdd90 , 56720
137428000: system.memobj: size 0x8
137428000: system.memobj: id 94061725633360
137428000: system.memobj: data_hex : 484883FEBF0F875C 
137428000: system.memobj: data : 0100100001001000100000111111111010111111000011111000011101011100 
137428000: system.memobj: fix data : 0100100001001000100000111111111010111111000011111000011101011100 
137428000: system.memobj: -------------------------------------
137477000: system.memobj: mem->cpu Got response for addr 0xdd90 , 56720
137477000: system.memobj: size 0x8
137477000: system.memobj: id 94061725633648
137477000: system.memobj: data_hex : 484883FEBF0F875C 
137477000: system.memobj: data : 0100100001001000100000111111111010111111000011111000011101011100 
137477000: system.memobj: fix data : 0100100001001000100000111111111010111111000011111000011101011100 
137477000: system.memobj: -------------------------------------
137526000: system.memobj: mem->cpu Got response for addr 0xdd98 , 56728
137526000: system.memobj: size 0x8
137526000: system.memobj: id 94061725633360
137526000: system.memobj: data_hex : 040000488D461748 
137526000: system.memobj: data : 0000010000000000000000000100100010001101010001100001011101001000 
137526000: system.memobj: fix data : 0000010000000000000000000100100010001101010001100001011101001000 
137526000: system.memobj: -------------------------------------
137575000: system.memobj: mem->cpu Got response for addr 0xdd98 , 56728
137575000: system.memobj: size 0x8
137575000: system.memobj: id 94061725633648
137575000: system.memobj: data_hex : 040000488D461748 
137575000: system.memobj: data : 0000010000000000000000000100100010001101010001100001011101001000 
137575000: system.memobj: fix data : 0000010000000000000000000100100010001101010001100001011101001000 
137575000: system.memobj: -------------------------------------
137624000: system.memobj: mem->cpu Got response for addr 0xdd98 , 56728
137624000: system.memobj: size 0x8
137624000: system.memobj: id 94061725633360
137624000: system.memobj: data_hex : 040000488D461748 
137624000: system.memobj: data : 0000010000000000000000000100100010001101010001100001011101001000 
137624000: system.memobj: fix data : 0000010000000000000000000100100010001101010001100001011101001000 
137624000: system.memobj: -------------------------------------
137673000: system.memobj: mem->cpu Got response for addr 0xdda0 , 56736
137673000: system.memobj: size 0x8
137673000: system.memobj: id 94061725633648
137673000: system.memobj: data_hex : C744244020000000 
137673000: system.memobj: data : 1100011101000100001001000100000000100000000000000000000000000000 
137673000: system.memobj: fix data : 1100011101000100001001000100000000100000000000000000000000000000 
137673000: system.memobj: -------------------------------------
137673000: system.memobj: cpu->mem Got request for addr 0x94a20 , 608800
137673000: system.memobj: size 0x8
137673000: system.memobj: id 94061725633360
137673000: system.memobj: data_hex : 2000000000000000 
137673000: system.memobj: data : 0010000000000000000000000000000000000000000000000000000000000000 
137673000: system.memobj: hamming code addr: 608800 
137673000: system.memobj: hamming code : 6 
137673000: system.memobj: hamming code addr: 608808 
137673000: system.memobj: hamming code : 0 
137673000: system.memobj: hamming code addr: 608816 
137673000: system.memobj: hamming code : 0 
137673000: system.memobj: hamming code addr: 608824 
137673000: system.memobj: hamming code : 0 
137673000: system.memobj: hamming code addr: 608832 
137673000: system.memobj: hamming code : 0 
137673000: system.memobj: hamming code addr: 608840 
137673000: system.memobj: hamming code : 0 
137673000: system.memobj: hamming code addr: 608848 
137673000: system.memobj: hamming code : 0 
137673000: system.memobj: hamming code addr: 608856 
137673000: system.memobj: hamming code : 0 
137673000: system.memobj: Enter Error Bit index: 5 
137673000: system.memobj: flip data : 0010100000000000000000000000000000000000000000000000000000000000 
137673000: system.memobj: -------------------------------------
137757000: system.memobj: mem->cpu Got response for addr 0xdda8 , 56744
137757000: system.memobj: size 0x8
137757000: system.memobj: id 94061725633360
137757000: system.memobj: data_hex : 488B4F284889C248 
137757000: system.memobj: data : 0100100010001011010011110010100001001000100010011100001001001000 
137757000: system.memobj: fix data : 0100100010001011010011110010100001001000100010011100001001001000 
137757000: system.memobj: -------------------------------------
137777000: system.memobj: mem->cpu Got response for addr 0x924a8 , 599208
137777000: system.memobj: size 0x8
137777000: system.memobj: id 94061725633648
137777000: system.memobj: data_hex : D100000000000000 
137777000: system.memobj: data : 1101000100000000000000000000000000000000000000000000000000000000 
137777000: system.memobj: hamming code addr: 599208 
137777000: system.memobj: hamming code out: 14 
137777000: system.memobj: find Error Bit index : 1 
137777000: system.memobj: hamming code addr: 599216 
137777000: system.memobj: hamming code out: 0 
137777000: system.memobj: hamming code addr: 599224 
137777000: system.memobj: hamming code out: 0 
137777000: system.memobj: hamming code addr: 599232 
137777000: system.memobj: hamming code out: 0 
137777000: system.memobj: hamming code addr: 599240 
137777000: system.memobj: hamming code out: 0 
137777000: system.memobj: hamming code addr: 599248 
137777000: system.memobj: hamming code out: 0 
137777000: system.memobj: hamming code addr: 599256 
137777000: system.memobj: hamming code out: 0 
137777000: system.memobj: hamming code addr: 599264 
137777000: system.memobj: hamming code out: 0 
137777000: system.memobj: fix data : 0101000100000000000000000000000000000000000000000000000000000000 
137777000: system.memobj: -------------------------------------
137826000: system.memobj: mem->cpu Got response for addr 0xdda8 , 56744
137826000: system.memobj: size 0x8
137826000: system.memobj: id 94061725633648
137826000: system.memobj: data_hex : 488B4F284889C248 
137826000: system.memobj: data : 0100100010001011010011110010100001001000100010011100001001001000 
137826000: system.memobj: fix data : 0100100010001011010011110010100001001000100010011100001001001000 
137826000: system.memobj: -------------------------------------
137875000: system.memobj: mem->cpu Got response for addr 0xdda8 , 56744
137875000: system.memobj: size 0x8
137875000: system.memobj: id 94061725633360
137875000: system.memobj: data_hex : 488B4F284889C248 
137875000: system.memobj: data : 0100100010001011010011110010100001001000100010011100001001001000 
137875000: system.memobj: fix data : 0100100010001011010011110010100001001000100010011100001001001000 
137875000: system.memobj: -------------------------------------
137924000: system.memobj: mem->cpu Got response for addr 0xddb0 , 56752
137924000: system.memobj: size 0x8
137924000: system.memobj: id 94061725633648
137924000: system.memobj: data_hex : 83E2F04883F82048 
137924000: system.memobj: data : 1000001111100010111100000100100010000011111110000010000001001000 
137924000: system.memobj: fix data : 1000001111100010111100000100100010000011111110000010000001001000 
137924000: system.memobj: -------------------------------------
137973000: system.memobj: mem->cpu Got response for addr 0xddb0 , 56752
137973000: system.memobj: size 0x8
137973000: system.memobj: id 94061725633360
137973000: system.memobj: data_hex : 83E2F04883F82048 
137973000: system.memobj: data : 1000001111100010111100000100100010000011111110000010000001001000 
137973000: system.memobj: fix data : 1000001111100010111100000100100010000011111110000010000001001000 
137973000: system.memobj: -------------------------------------
138022000: system.memobj: mem->cpu Got response for addr 0xddb0 , 56752
138022000: system.memobj: size 0x8
138022000: system.memobj: id 94061725633648
138022000: system.memobj: data_hex : 83E2F04883F82048 
138022000: system.memobj: data : 1000001111100010111100000100100010000011111110000010000001001000 
138022000: system.memobj: fix data : 1000001111100010111100000100100010000011111110000010000001001000 
138022000: system.memobj: -------------------------------------
138071000: system.memobj: mem->cpu Got response for addr 0xddb8 , 56760
138071000: system.memobj: size 0x8
138071000: system.memobj: id 94061725633360
138071000: system.memobj: data_hex : 0F425424404839D1 
138071000: system.memobj: data : 0000111101000010010101000010010001000000010010000011100111010001 
138071000: system.memobj: fix data : 0000111101000010010101000010010001000000010010000011100111010001 
138071000: system.memobj: -------------------------------------
138148000: system.memobj: mem->cpu Got response for addr 0x94a20 , 608800
138148000: system.memobj: size 0x8
138148000: system.memobj: id 94061725633648
138148000: system.memobj: data_hex : 2800000000000000 
138148000: system.memobj: data : 0010100000000000000000000000000000000000000000000000000000000000 
138148000: system.memobj: hamming code addr: 608800 
138148000: system.memobj: hamming code out: 6 
138148000: system.memobj: find Error Bit index : 5 
138148000: system.memobj: hamming code addr: 608808 
138148000: system.memobj: hamming code out: 0 
138148000: system.memobj: hamming code addr: 608816 
138148000: system.memobj: hamming code out: 0 
138148000: system.memobj: hamming code addr: 608824 
138148000: system.memobj: hamming code out: 0 
138148000: system.memobj: hamming code addr: 608832 
138148000: system.memobj: hamming code out: 0 
138148000: system.memobj: hamming code addr: 608840 
138148000: system.memobj: hamming code out: 0 
138148000: system.memobj: hamming code addr: 608848 
138148000: system.memobj: hamming code out: 0 
138148000: system.memobj: hamming code addr: 608856 
138148000: system.memobj: hamming code out: 0 
138148000: system.memobj: fix data : 0010000000000000000000000000000000000000000000000000000000000000 
138148000: system.memobj: -------------------------------------
138197000: system.memobj: mem->cpu Got response for addr 0xddb8 , 56760
138197000: system.memobj: size 0x8
138197000: system.memobj: id 94061725633648
138197000: system.memobj: data_hex : 0F425424404839D1 
138197000: system.memobj: data : 0000111101000010010101000010010001000000010010000011100111010001 
138197000: system.memobj: fix data : 0000111101000010010101000010010001000000010010000011100111010001 
138197000: system.memobj: -------------------------------------
138246000: system.memobj: mem->cpu Got response for addr 0xddc0 , 56768
138246000: system.memobj: size 0x8
138246000: system.memobj: id 94061725633360
138246000: system.memobj: data_hex : 4889542440724E8B 
138246000: system.memobj: data : 0100100010001001010101000010010001000000011100100100111010001011 
138246000: system.memobj: fix data : 0100100010001001010101000010010001000000011100100100111010001011 
138246000: system.memobj: -------------------------------------
138246000: system.memobj: cpu->mem Got request for addr 0x94a20 , 608800
138246000: system.memobj: size 0x8
138246000: system.memobj: id 94061725633648
138246000: system.memobj: data_hex : 3000000000000000 
138246000: system.memobj: data : 0011000000000000000000000000000000000000000000000000000000000000 
138246000: system.memobj: hamming code addr: 608800 
138246000: system.memobj: hamming code : 1 
138246000: system.memobj: hamming code addr: 608808 
138246000: system.memobj: hamming code : 0 
138246000: system.memobj: hamming code addr: 608816 
138246000: system.memobj: hamming code : 0 
138246000: system.memobj: hamming code addr: 608824 
138246000: system.memobj: hamming code : 0 
138246000: system.memobj: hamming code addr: 608832 
138246000: system.memobj: hamming code : 0 
138246000: system.memobj: hamming code addr: 608840 
138246000: system.memobj: hamming code : 0 
138246000: system.memobj: hamming code addr: 608848 
138246000: system.memobj: hamming code : 0 
138246000: system.memobj: hamming code addr: 608856 
138246000: system.memobj: hamming code : 0 
138246000: system.memobj: Enter Error Bit index: 5 
138246000: system.memobj: flip data : 0011100000000000000000000000000000000000000000000000000000000000 
138246000: system.memobj: -------------------------------------
138316000: system.memobj: mem->cpu Got response for addr 0xddc0 , 56768
138316000: system.memobj: size 0x8
138316000: system.memobj: id 94061725633648
138316000: system.memobj: data_hex : 4889542440724E8B 
138316000: system.memobj: data : 0100100010001001010101000010010001000000011100100100111010001011 
138316000: system.memobj: fix data : 0100100010001001010101000010010001000000011100100100111010001011 
138316000: system.memobj: -------------------------------------
138365000: system.memobj: mem->cpu Got response for addr 0xddc0 , 56768
138365000: system.memobj: size 0x8
138365000: system.memobj: id 94061725633360
138365000: system.memobj: data_hex : 4889542440724E8B 
138365000: system.memobj: data : 0100100010001001010101000010010001000000011100100100111010001011 
138365000: system.memobj: fix data : 0100100010001001010101000010010001000000011100100100111010001011 
138365000: system.memobj: -------------------------------------
138414000: system.memobj: mem->cpu Got response for addr 0xddc8 , 56776
138414000: system.memobj: size 0x8
138414000: system.memobj: id 94061725633648
138414000: system.memobj: data_hex : 442440C1E8038D50 
138414000: system.memobj: data : 0100010000100100010000001100000111101000000000111000110101010000 
138414000: system.memobj: fix data : 0100010000100100010000001100000111101000000000111000110101010000 
138414000: system.memobj: -------------------------------------
138463000: system.memobj: mem->cpu Got response for addr 0x94a20 , 608800
138463000: system.memobj: size 0x4
138463000: system.memobj: id 94061725633936
138463000: system.memobj: data_hex : 38000000 
138463000: system.memobj: data : 00111000000000000000000000000000 
138463000: system.memobj: hamming code addr: 608800 
138463000: system.memobj: hamming code out: 1 
138463000: system.memobj: find Error Bit index : 5 
138463000: system.memobj: hamming code addr: 608808 
138463000: system.memobj: hamming code out: 0 
138463000: system.memobj: hamming code addr: 608816 
138463000: system.memobj: hamming code out: 0 
138463000: system.memobj: hamming code addr: 608824 
138463000: system.memobj: hamming code out: 0 
138463000: system.memobj: fix data : 00110000000000000000000000000000 
138463000: system.memobj: -------------------------------------
138512000: system.memobj: mem->cpu Got response for addr 0xddc8 , 56776
138512000: system.memobj: size 0x8
138512000: system.memobj: id 94061725633936
138512000: system.memobj: data_hex : 442440C1E8038D50 
138512000: system.memobj: data : 0100010000100100010000001100000111101000000000111000110101010000 
138512000: system.memobj: fix data : 0100010000100100010000001100000111101000000000111000110101010000 
138512000: system.memobj: -------------------------------------
138561000: system.memobj: mem->cpu Got response for addr 0xddc8 , 56776
138561000: system.memobj: size 0x8
138561000: system.memobj: id 94061725633648
138561000: system.memobj: data_hex : 442440C1E8038D50 
138561000: system.memobj: data : 0100010000100100010000001100000111101000000000111000110101010000 
138561000: system.memobj: fix data : 0100010000100100010000001100000111101000000000111000110101010000 
138561000: system.memobj: -------------------------------------
138610000: system.memobj: mem->cpu Got response for addr 0xddd0 , 56784
138610000: system.memobj: size 0x8
138610000: system.memobj: id 94061725633936
138610000: system.memobj: data_hex : FE488D2CD74C8B65 
138610000: system.memobj: data : 1111111001001000100011010010110011010111010011001000101101100101 
138610000: system.memobj: fix data : 1111111001001000100011010010110011010111010011001000101101100101 
138610000: system.memobj: -------------------------------------
138659000: system.memobj: mem->cpu Got response for addr 0xddd0 , 56784
138659000: system.memobj: size 0x8
138659000: system.memobj: id 94061725634224
138659000: system.memobj: data_hex : FE488D2CD74C8B65 
138659000: system.memobj: data : 1111111001001000100011010010110011010111010011001000101101100101 
138659000: system.memobj: fix data : 1111111001001000100011010010110011010111010011001000101101100101 
138659000: system.memobj: -------------------------------------
138722000: system.memobj: mem->cpu Got response for addr 0xddd0 , 56784
138722000: system.memobj: size 0x8
138722000: system.memobj: id 94061725634512
138722000: system.memobj: data_hex : FE488D2CD74C8B65 
138722000: system.memobj: data : 1111111001001000100011010010110011010111010011001000101101100101 
138722000: system.memobj: fix data : 1111111001001000100011010010110011010111010011001000101101100101 
138722000: system.memobj: -------------------------------------
138771000: system.memobj: mem->cpu Got response for addr 0xddd8 , 56792
138771000: system.memobj: size 0x8
138771000: system.memobj: id 94061725634224
138771000: system.memobj: data_hex : 304D85E47437418B 
138771000: system.memobj: data : 0011000001001101100001011110010001110100001101110100000110001011 
138771000: system.memobj: fix data : 0011000001001101100001011110010001110100001101110100000110001011 
138771000: system.memobj: -------------------------------------
138820000: system.memobj: mem->cpu Got response for addr 0x924d0 , 599248
138820000: system.memobj: size 0x8
138820000: system.memobj: id 94061725634800
138820000: system.memobj: data_hex : 0000000000000000 
138820000: system.memobj: data : 0000000000000000000000000000000000000000000000000000000000000000 
138820000: system.memobj: fix data : 0000000000000000000000000000000000000000000000000000000000000000 
138820000: system.memobj: -------------------------------------
138869000: system.memobj: mem->cpu Got response for addr 0xddd8 , 56792
138869000: system.memobj: size 0x8
138869000: system.memobj: id 94061725634800
138869000: system.memobj: data_hex : 304D85E47437418B 
138869000: system.memobj: data : 0011000001001101100001011110010001110100001101110100000110001011 
138869000: system.memobj: fix data : 0011000001001101100001011110010001110100001101110100000110001011 
138869000: system.memobj: -------------------------------------
138918000: system.memobj: mem->cpu Got response for addr 0xddd8 , 56792
138918000: system.memobj: size 0x8
138918000: system.memobj: id 94061725634224
138918000: system.memobj: data_hex : 304D85E47437418B 
138918000: system.memobj: data : 0011000001001101100001011110010001110100001101110100000110001011 
138918000: system.memobj: fix data : 0011000001001101100001011110010001110100001101110100000110001011 
138918000: system.memobj: -------------------------------------
138967000: system.memobj: mem->cpu Got response for addr 0xde10 , 56848
138967000: system.memobj: size 0x8
138967000: system.memobj: id 94061725634800
138967000: system.memobj: data_hex : 415E415FC348817C 
138967000: system.memobj: data : 0100000101011110010000010101111111000011010010001000000101111100 
138967000: system.memobj: fix data : 0100000101011110010000010101111111000011010010001000000101111100 
138967000: system.memobj: -------------------------------------
139016000: system.memobj: mem->cpu Got response for addr 0xde18 , 56856
139016000: system.memobj: size 0x8
139016000: system.memobj: id 94061725634224
139016000: system.memobj: data_hex : 2440FF0100007764 
139016000: system.memobj: data : 0010010001000000111111110000000100000000000000000111011101100100 
139016000: system.memobj: fix data : 0010010001000000111111110000000100000000000000000111011101100100 
139016000: system.memobj: -------------------------------------
139065000: system.memobj: mem->cpu Got response for addr 0x94a20 , 608800
139065000: system.memobj: size 0x8
139065000: system.memobj: id 94061725634800
139065000: system.memobj: data_hex : 3800000000000000 
139065000: system.memobj: data : 0011100000000000000000000000000000000000000000000000000000000000 
139065000: system.memobj: hamming code addr: 608800 
139065000: system.memobj: hamming code out: 1 
139065000: system.memobj: find Error Bit index : 5 
139065000: system.memobj: hamming code addr: 608808 
139065000: system.memobj: hamming code out: 0 
139065000: system.memobj: hamming code addr: 608816 
139065000: system.memobj: hamming code out: 0 
139065000: system.memobj: hamming code addr: 608824 
139065000: system.memobj: hamming code out: 0 
139065000: system.memobj: hamming code addr: 608832 
139065000: system.memobj: hamming code out: 0 
139065000: system.memobj: hamming code addr: 608840 
139065000: system.memobj: hamming code out: 0 
139065000: system.memobj: hamming code addr: 608848 
139065000: system.memobj: hamming code out: 0 
139065000: system.memobj: hamming code addr: 608856 
139065000: system.memobj: hamming code out: 0 
139065000: system.memobj: fix data : 0011000000000000000000000000000000000000000000000000000000000000 
139065000: system.memobj: -------------------------------------
139114000: system.memobj: mem->cpu Got response for addr 0xde18 , 56856
139114000: system.memobj: size 0x8
139114000: system.memobj: id 94061725634800
139114000: system.memobj: data_hex : 2440FF0100007764 
139114000: system.memobj: data : 0010010001000000111111110000000100000000000000000111011101100100 
139114000: system.memobj: fix data : 0010010001000000111111110000000100000000000000000111011101100100 
139114000: system.memobj: -------------------------------------
139163000: system.memobj: mem->cpu Got response for addr 0xde20 , 56864
139163000: system.memobj: size 0x8
139163000: system.memobj: id 94061725634224
139163000: system.memobj: data_hex : 448B7C244041C1EF 
139163000: system.memobj: data : 0100010010001011011111000010010001000000010000011100000111101111 
139163000: system.memobj: fix data : 0100010010001011011111000010010001000000010000011100000111101111 
139163000: system.memobj: -------------------------------------
139212000: system.memobj: mem->cpu Got response for addr 0x94a20 , 608800
139212000: system.memobj: size 0x4
139212000: system.memobj: id 94061725634800
139212000: system.memobj: data_hex : 38000000 
139212000: system.memobj: data : 00111000000000000000000000000000 
139212000: system.memobj: hamming code addr: 608800 
139212000: system.memobj: hamming code out: 1 
139212000: system.memobj: find Error Bit index : 5 
139212000: system.memobj: hamming code addr: 608808 
139212000: system.memobj: hamming code out: 0 
139212000: system.memobj: hamming code addr: 608816 
139212000: system.memobj: hamming code out: 0 
139212000: system.memobj: hamming code addr: 608824 
139212000: system.memobj: hamming code out: 0 
139212000: system.memobj: fix data : 00110000000000000000000000000000 
139212000: system.memobj: -------------------------------------
139261000: system.memobj: mem->cpu Got response for addr 0xde20 , 56864
139261000: system.memobj: size 0x8
139261000: system.memobj: id 94061725634800
139261000: system.memobj: data_hex : 448B7C244041C1EF 
139261000: system.memobj: data : 0100010010001011011111000010010001000000010000011100000111101111 
139261000: system.memobj: fix data : 0100010010001011011111000010010001000000010000011100000111101111 
139261000: system.memobj: -------------------------------------
139310000: system.memobj: mem->cpu Got response for addr 0xde28 , 56872
139310000: system.memobj: size 0x8
139310000: system.memobj: id 94061725634224
139310000: system.memobj: data_hex : 03438D043F89C049 
139310000: system.memobj: data : 0000001101000011100011010000010000111111100010011100000001001001 
139310000: system.memobj: fix data : 0000001101000011100011010000010000111111100010011100000001001001 
139310000: system.memobj: -------------------------------------
139359000: system.memobj: mem->cpu Got response for addr 0xde28 , 56872
139359000: system.memobj: size 0x8
139359000: system.memobj: id 94061725634800
139359000: system.memobj: data_hex : 03438D043F89C049 
139359000: system.memobj: data : 0000001101000011100011010000010000111111100010011100000001001001 
139359000: system.memobj: fix data : 0000001101000011100011010000010000111111100010011100000001001001 
139359000: system.memobj: -------------------------------------
139408000: system.memobj: mem->cpu Got response for addr 0xde28 , 56872
139408000: system.memobj: size 0x8
139408000: system.memobj: id 94061725634224
139408000: system.memobj: data_hex : 03438D043F89C049 
139408000: system.memobj: data : 0000001101000011100011010000010000111111100010011100000001001001 
139408000: system.memobj: fix data : 0000001101000011100011010000010000111111100010011100000001001001 
139408000: system.memobj: -------------------------------------
139457000: system.memobj: mem->cpu Got response for addr 0xde28 , 56872
139457000: system.memobj: size 0x8
139457000: system.memobj: id 94061725634800
139457000: system.memobj: data_hex : 03438D043F89C049 
139457000: system.memobj: data : 0000001101000011100011010000010000111111100010011100000001001001 
139457000: system.memobj: fix data : 0000001101000011100011010000010000111111100010011100000001001001 
139457000: system.memobj: -------------------------------------
139506000: system.memobj: mem->cpu Got response for addr 0xde30 , 56880
139506000: system.memobj: size 0x8
139506000: system.memobj: id 94061725634224
139506000: system.memobj: data_hex : 8DBCC5880000004C 
139506000: system.memobj: data : 1000110110111100110001011000100000000000000000000000000001001100 
139506000: system.memobj: fix data : 1000110110111100110001011000100000000000000000000000000001001100 
139506000: system.memobj: -------------------------------------
139555000: system.memobj: mem->cpu Got response for addr 0xde30 , 56880
139555000: system.memobj: size 0x8
139555000: system.memobj: id 94061725634800
139555000: system.memobj: data_hex : 8DBCC5880000004C 
139555000: system.memobj: data : 1000110110111100110001011000100000000000000000000000000001001100 
139555000: system.memobj: fix data : 1000110110111100110001011000100000000000000000000000000001001100 
139555000: system.memobj: -------------------------------------
139604000: system.memobj: mem->cpu Got response for addr 0xde38 , 56888
139604000: system.memobj: size 0x8
139604000: system.memobj: id 94061725634224
139604000: system.memobj: data_hex : 8B67184939FC7464 
139604000: system.memobj: data : 1000101101100111000110000100100100111001111111000111010001100100 
139604000: system.memobj: fix data : 1000101101100111000110000100100100111001111111000111010001100100 
139604000: system.memobj: -------------------------------------
139653000: system.memobj: mem->cpu Got response for addr 0x92580 , 599424
139653000: system.memobj: size 0x8
139653000: system.memobj: id 94061725634800
139653000: system.memobj: data_hex : 6025590000000000 
139653000: system.memobj: data : 0110000000100101010110010000000000000000000000000000000000000000 
139653000: system.memobj: hamming code addr: 599424 
139653000: system.memobj: hamming code out: 10 
139653000: system.memobj: find Error Bit index : 5 
139653000: system.memobj: hamming code addr: 599432 
139653000: system.memobj: hamming code out: 0 
139653000: system.memobj: hamming code addr: 599440 
139653000: system.memobj: hamming code out: 7 
139653000: system.memobj: hamming code addr: 599448 
139653000: system.memobj: hamming code out: 0 
139653000: system.memobj: hamming code addr: 599456 
139653000: system.memobj: hamming code out: 0 
139653000: system.memobj: hamming code addr: 599464 
139653000: system.memobj: hamming code out: 0 
139653000: system.memobj: hamming code addr: 599472 
139653000: system.memobj: hamming code out: 0 
139653000: system.memobj: hamming code addr: 599480 
139653000: system.memobj: hamming code out: 0 
139653000: system.memobj: fix data : 0110100000100101010110010000000000000000000000000000000000000000 
139653000: system.memobj: -------------------------------------
139716000: system.memobj: mem->cpu Got response for addr 0xde38 , 56888
139716000: system.memobj: size 0x8
139716000: system.memobj: id 94061725634800
139716000: system.memobj: data_hex : 8B67184939FC7464 
139716000: system.memobj: data : 1000101101100111000110000100100100111001111111000111010001100100 
139716000: system.memobj: fix data : 1000101101100111000110000100100100111001111111000111010001100100 
139716000: system.memobj: -------------------------------------
139765000: system.memobj: mem->cpu Got response for addr 0xde38 , 56888
139765000: system.memobj: size 0x8
139765000: system.memobj: id 94061725634224
139765000: system.memobj: data_hex : 8B67184939FC7464 
139765000: system.memobj: data : 1000101101100111000110000100100100111001111111000111010001100100 
139765000: system.memobj: fix data : 1000101101100111000110000100100100111001111111000111010001100100 
139765000: system.memobj: -------------------------------------
139814000: system.memobj: mem->cpu Got response for addr 0xdea0 , 56992
139814000: system.memobj: size 0x8
139814000: system.memobj: id 94061725634800
139814000: system.memobj: data_hex : E8010000488B5424 
139814000: system.memobj: data : 1110100000000001000000000000000001001000100010110101010000100100 
139814000: system.memobj: fix data : 1110100000000001000000000000000001001000100010110101010000100100 
139814000: system.memobj: -------------------------------------
139863000: system.memobj: mem->cpu Got response for addr 0xdea8 , 57000
139863000: system.memobj: size 0x8
139863000: system.memobj: id 94061725634224
139863000: system.memobj: data_hex : 40488B4C24404D8D 
139863000: system.memobj: data : 0100000001001000100010110100110000100100010000000100110110001101 
139863000: system.memobj: fix data : 0100000001001000100010110100110000100100010000000100110110001101 
139863000: system.memobj: -------------------------------------
139912000: system.memobj: mem->cpu Got response for addr 0x94a20 , 608800
139912000: system.memobj: size 0x8
139912000: system.memobj: id 94061725634800
139912000: system.memobj: data_hex : 3800000000000000 
139912000: system.memobj: data : 0011100000000000000000000000000000000000000000000000000000000000 
139912000: system.memobj: hamming code addr: 608800 
139912000: system.memobj: hamming code out: 1 
139912000: system.memobj: find Error Bit index : 5 
139912000: system.memobj: hamming code addr: 608808 
139912000: system.memobj: hamming code out: 0 
139912000: system.memobj: hamming code addr: 608816 
139912000: system.memobj: hamming code out: 0 
139912000: system.memobj: hamming code addr: 608824 
139912000: system.memobj: hamming code out: 0 
139912000: system.memobj: hamming code addr: 608832 
139912000: system.memobj: hamming code out: 0 
139912000: system.memobj: hamming code addr: 608840 
139912000: system.memobj: hamming code out: 0 
139912000: system.memobj: hamming code addr: 608848 
139912000: system.memobj: hamming code out: 0 
139912000: system.memobj: hamming code addr: 608856 
139912000: system.memobj: hamming code out: 0 
139912000: system.memobj: fix data : 0011000000000000000000000000000000000000000000000000000000000000 
139912000: system.memobj: -------------------------------------
139961000: system.memobj: mem->cpu Got response for addr 0xdea8 , 57000
139961000: system.memobj: size 0x8
139961000: system.memobj: id 94061725634800
139961000: system.memobj: data_hex : 40488B4C24404D8D 
139961000: system.memobj: data : 0100000001001000100010110100110000100100010000000100110110001101 
139961000: system.memobj: fix data : 0100000001001000100010110100110000100100010000000100110110001101 
139961000: system.memobj: -------------------------------------
140010000: system.memobj: mem->cpu Got response for addr 0x94a20 , 608800
140010000: system.memobj: size 0x8
140010000: system.memobj: id 94061725634224
140010000: system.memobj: data_hex : 3800000000000000 
140010000: system.memobj: data : 0011100000000000000000000000000000000000000000000000000000000000 
140010000: system.memobj: hamming code addr: 608800 
140010000: system.memobj: hamming code out: 1 
140010000: system.memobj: find Error Bit index : 5 
140010000: system.memobj: hamming code addr: 608808 
140010000: system.memobj: hamming code out: 0 
140010000: system.memobj: hamming code addr: 608816 
140010000: system.memobj: hamming code out: 0 
140010000: system.memobj: hamming code addr: 608824 
140010000: system.memobj: hamming code out: 0 
140010000: system.memobj: hamming code addr: 608832 
140010000: system.memobj: hamming code out: 0 
140010000: system.memobj: hamming code addr: 608840 
140010000: system.memobj: hamming code out: 0 
140010000: system.memobj: hamming code addr: 608848 
140010000: system.memobj: hamming code out: 0 
140010000: system.memobj: hamming code addr: 608856 
140010000: system.memobj: hamming code out: 0 
140010000: system.memobj: fix data : 0011000000000000000000000000000000000000000000000000000000000000 
140010000: system.memobj: -------------------------------------
140059000: system.memobj: mem->cpu Got response for addr 0xdea8 , 57000
140059000: system.memobj: size 0x8
140059000: system.memobj: id 94061725634224
140059000: system.memobj: data_hex : 40488B4C24404D8D 
140059000: system.memobj: data : 0100000001001000100010110100110000100100010000000100110110001101 
140059000: system.memobj: fix data : 0100000001001000100010110100110000100100010000000100110110001101 
140059000: system.memobj: -------------------------------------
140108000: system.memobj: mem->cpu Got response for addr 0xdeb0 , 57008
140108000: system.memobj: size 0x8
140108000: system.memobj: id 94061725634800
140108000: system.memobj: data_hex : B5980000004883CA 
140108000: system.memobj: data : 1011010110011000000000000000000000000000010010001000001111001010 
140108000: system.memobj: fix data : 1011010110011000000000000000000000000000010010001000001111001010 
140108000: system.memobj: -------------------------------------
140157000: system.memobj: mem->cpu Got response for addr 0xdeb0 , 57008
140157000: system.memobj: size 0x8
140157000: system.memobj: id 94061725634224
140157000: system.memobj: data_hex : B5980000004883CA 
140157000: system.memobj: data : 1011010110011000000000000000000000000000010010001000001111001010 
140157000: system.memobj: fix data : 1011010110011000000000000000000000000000010010001000001111001010 
140157000: system.memobj: -------------------------------------
140489000: system.memobj: mem->cpu Got response for addr 0xdeb8 , 57016
140489000: system.memobj: size 0x8
140489000: system.memobj: id 94061725634800
140489000: system.memobj: data_hex : 014883C120488954 
140489000: system.memobj: data : 0000000101001000100000111100000100100000010010001000100101010100 
140489000: system.memobj: fix data : 0000000101001000100000111100000100100000010010001000100101010100 
140489000: system.memobj: -------------------------------------
140538000: system.memobj: mem->cpu Got response for addr 0xdeb8 , 57016
140538000: system.memobj: size 0x8
140538000: system.memobj: id 94061725634224
140538000: system.memobj: data_hex : 014883C120488954 
140538000: system.memobj: data : 0000000101001000100000111100000100100000010010001000100101010100 
140538000: system.memobj: fix data : 0000000101001000100000111100000100100000010010001000100101010100 
140538000: system.memobj: -------------------------------------
140587000: system.memobj: mem->cpu Got response for addr 0xdeb8 , 57016
140587000: system.memobj: size 0x8
140587000: system.memobj: id 94061725634800
140587000: system.memobj: data_hex : 014883C120488954 
140587000: system.memobj: data : 0000000101001000100000111100000100100000010010001000100101010100 
140587000: system.memobj: fix data : 0000000101001000100000111100000100100000010010001000100101010100 
140587000: system.memobj: -------------------------------------
140636000: system.memobj: mem->cpu Got response for addr 0xdec0 , 57024
140636000: system.memobj: size 0x8
140636000: system.memobj: id 94061725634224
140636000: system.memobj: data_hex : 2438488954240848 
140636000: system.memobj: data : 0010010000111000010010001000100101010100001001000000100001001000 
140636000: system.memobj: fix data : 0010010000111000010010001000100101010100001001000000100001001000 
140636000: system.memobj: -------------------------------------
140636000: system.memobj: cpu->mem Got request for addr 0x94a18 , 608792
140636000: system.memobj: size 0x8
140636000: system.memobj: id 94061725634800
140636000: system.memobj: data_hex : 3100000000000000 
140636000: system.memobj: data : 0011000100000000000000000000000000000000000000000000000000000000 
140636000: system.memobj: hamming code addr: 608792 
140636000: system.memobj: hamming code : 13 
140636000: system.memobj: hamming code addr: 608800 
140636000: system.memobj: hamming code : 0 
140636000: system.memobj: hamming code addr: 608808 
140636000: system.memobj: hamming code : 0 
140636000: system.memobj: hamming code addr: 608816 
140636000: system.memobj: hamming code : 0 
140636000: system.memobj: hamming code addr: 608824 
140636000: system.memobj: hamming code : 0 
140636000: system.memobj: hamming code addr: 608832 
140636000: system.memobj: hamming code : 0 
140636000: system.memobj: hamming code addr: 608840 
140636000: system.memobj: hamming code : 0 
140636000: system.memobj: hamming code addr: 608848 
140636000: system.memobj: hamming code : 0 
140636000: system.memobj: Enter Error Bit index: 7 
140636000: system.memobj: flip data : 0011001100000000000000000000000000000000000000000000000000000000 
140636000: system.memobj: -------------------------------------
140706000: system.memobj: mem->cpu Got response for addr 0xdec0 , 57024
140706000: system.memobj: size 0x8
140706000: system.memobj: id 94061725634800
140706000: system.memobj: data_hex : 2438488954240848 
140706000: system.memobj: data : 0010010000111000010010001000100101010100001001000000100001001000 
140706000: system.memobj: fix data : 0010010000111000010010001000100101010100001001000000100001001000 
140706000: system.memobj: -------------------------------------
140706000: system.memobj: cpu->mem Got request for addr 0x949e8 , 608744
140706000: system.memobj: size 0x8
140706000: system.memobj: id 94061725634224
140706000: system.memobj: data_hex : 3100000000000000 
140706000: system.memobj: data : 0011000100000000000000000000000000000000000000000000000000000000 
140706000: system.memobj: hamming code addr: 608744 
140706000: system.memobj: hamming code : 13 
140706000: system.memobj: hamming code addr: 608752 
140706000: system.memobj: hamming code : 0 
140706000: system.memobj: hamming code addr: 608760 
140706000: system.memobj: hamming code : 0 
140706000: system.memobj: hamming code addr: 608768 
140706000: system.memobj: hamming code : 0 
140706000: system.memobj: hamming code addr: 608776 
140706000: system.memobj: hamming code : 0 
140706000: system.memobj: hamming code addr: 608784 
140706000: system.memobj: hamming code : 0 
140706000: system.memobj: hamming code addr: 608792 
140706000: system.memobj: hamming code : 0 
140706000: system.memobj: hamming code addr: 608800 
140706000: system.memobj: hamming code : 0 
140706000: system.memobj: Enter Error Bit index: 2 
140706000: system.memobj: flip data : 0111000100000000000000000000000000000000000000000000000000000000 
140706000: system.memobj: -------------------------------------
140776000: system.memobj: mem->cpu Got response for addr 0xdec0 , 57024
140776000: system.memobj: size 0x8
140776000: system.memobj: id 94061725634224
140776000: system.memobj: data_hex : 2438488954240848 
140776000: system.memobj: data : 0010010000111000010010001000100101010100001001000000100001001000 
140776000: system.memobj: fix data : 0010010000111000010010001000100101010100001001000000100001001000 
140776000: system.memobj: -------------------------------------
140825000: system.memobj: mem->cpu Got response for addr 0xdec8 , 57032
140825000: system.memobj: size 0x8
140825000: system.memobj: id 94061725634800
140825000: system.memobj: data_hex : 890C24EB49666690 
140825000: system.memobj: data : 1000100100001100001001001110101101001001011001100110011010010000 
140825000: system.memobj: fix data : 1000100100001100001001001110101101001001011001100110011010010000 
140825000: system.memobj: -------------------------------------
140825000: system.memobj: cpu->mem Got request for addr 0x949e0 , 608736
140825000: system.memobj: size 0x8
140825000: system.memobj: id 94061725634224
140825000: system.memobj: data_hex : 5000000000000000 
140825000: system.memobj: data : 0101000000000000000000000000000000000000000000000000000000000000 
140825000: system.memobj: hamming code addr: 608736 
140825000: system.memobj: hamming code : 2 
140825000: system.memobj: hamming code addr: 608744 
140825000: system.memobj: hamming code : 0 
140825000: system.memobj: hamming code addr: 608752 
140825000: system.memobj: hamming code : 0 
140825000: system.memobj: hamming code addr: 608760 
140825000: system.memobj: hamming code : 0 
140825000: system.memobj: hamming code addr: 608768 
140825000: system.memobj: hamming code : 0 
140825000: system.memobj: hamming code addr: 608776 
140825000: system.memobj: hamming code : 0 
140825000: system.memobj: hamming code addr: 608784 
140825000: system.memobj: hamming code : 0 
140825000: system.memobj: hamming code addr: 608792 
140825000: system.memobj: hamming code : 0 
140825000: system.memobj: Enter Error Bit index: 5 
140825000: system.memobj: flip data : 0101100000000000000000000000000000000000000000000000000000000000 
140825000: system.memobj: -------------------------------------
140895000: system.memobj: mem->cpu Got response for addr 0xdec8 , 57032
140895000: system.memobj: size 0x8
140895000: system.memobj: id 94061725634224
140895000: system.memobj: data_hex : 890C24EB49666690 
140895000: system.memobj: data : 1000100100001100001001001110101101001001011001100110011010010000 
140895000: system.memobj: fix data : 1000100100001100001001001110101101001001011001100110011010010000 
140895000: system.memobj: -------------------------------------
140944000: system.memobj: mem->cpu Got response for addr 0xdf10 , 57104
140944000: system.memobj: size 0x8
140944000: system.memobj: id 94061725634800
140944000: system.memobj: data_hex : 67184C8963104D8B 
140944000: system.memobj: data : 0110011100011000010011001000100101100011000100000100110110001011 
140944000: system.memobj: fix data : 0110011100011000010011001000100101100011000100000100110110001011 
140944000: system.memobj: -------------------------------------
140993000: system.memobj: mem->cpu Got response for addr 0xdf18 , 57112
140993000: system.memobj: size 0x8
140993000: system.memobj: id 94061725634224
140993000: system.memobj: data_hex : A5B00000004D39F4 
140993000: system.memobj: data : 1010010110110000000000000000000000000000010011010011100111110100 
140993000: system.memobj: fix data : 1010010110110000000000000000000000000000010011010011100111110100 
140993000: system.memobj: -------------------------------------
141056000: system.memobj: mem->cpu Got response for addr 0x92530 , 599344
141056000: system.memobj: size 0x8
141056000: system.memobj: id 94061725634800
141056000: system.memobj: data_hex : 5825590000000000 
141056000: system.memobj: data : 0101100000100101010110010000000000000000000000000000000000000000 
141056000: system.memobj: hamming code addr: 599344 
141056000: system.memobj: hamming code out: 14 
141056000: system.memobj: find Error Bit index : 2 
141056000: system.memobj: hamming code addr: 599352 
141056000: system.memobj: hamming code out: 0 
141056000: system.memobj: hamming code addr: 599360 
141056000: system.memobj: hamming code out: 7 
141056000: system.memobj: hamming code addr: 599368 
141056000: system.memobj: hamming code out: 0 
141056000: system.memobj: hamming code addr: 599376 
141056000: system.memobj: hamming code out: 0 
141056000: system.memobj: hamming code addr: 599384 
141056000: system.memobj: hamming code out: 0 
141056000: system.memobj: hamming code addr: 599392 
141056000: system.memobj: hamming code out: 0 
141056000: system.memobj: hamming code addr: 599400 
141056000: system.memobj: hamming code out: 0 
141056000: system.memobj: fix data : 0001100000100101010110010000000000000000000000000000000000000000 
141056000: system.memobj: -------------------------------------
141105000: system.memobj: mem->cpu Got response for addr 0xdf18 , 57112
141105000: system.memobj: size 0x8
141105000: system.memobj: id 94061725634800
141105000: system.memobj: data_hex : A5B00000004D39F4 
141105000: system.memobj: data : 1010010110110000000000000000000000000000010011010011100111110100 
141105000: system.memobj: fix data : 1010010110110000000000000000000000000000010011010011100111110100 
141105000: system.memobj: -------------------------------------
141154000: system.memobj: mem->cpu Got response for addr 0xdf20 , 57120
141154000: system.memobj: size 0x8
141154000: system.memobj: id 94061725634224
141154000: system.memobj: data_hex : 0F8473010000498B 
141154000: system.memobj: data : 0000111110000100011100110000000100000000000000000100100110001011 
141154000: system.memobj: fix data : 0000111110000100011100110000000100000000000000000100100110001011 
141154000: system.memobj: -------------------------------------
141217000: system.memobj: mem->cpu Got response for addr 0xe098 , 57496
141217000: system.memobj: size 0x8
141217000: system.memobj: id 94061725634800
141217000: system.memobj: data_hex : FF48817C2440FF01 
141217000: system.memobj: data : 1111111101001000100000010111110000100100010000001111111100000001 
141217000: system.memobj: fix data : 1111111101001000100000010111110000100100010000001111111100000001 
141217000: system.memobj: -------------------------------------
141266000: system.memobj: mem->cpu Got response for addr 0xe0a0 , 57504
141266000: system.memobj: size 0x8
141266000: system.memobj: id 94061725634224
141266000: system.memobj: data_hex : 0000762A438D043F 
141266000: system.memobj: data : 0000000000000000011101100010101001000011100011010000010000111111 
141266000: system.memobj: fix data : 0000000000000000011101100010101001000011100011010000010000111111 
141266000: system.memobj: -------------------------------------
141329000: system.memobj: mem->cpu Got response for addr 0x94a20 , 608800
141329000: system.memobj: size 0x8
141329000: system.memobj: id 94061725634800
141329000: system.memobj: data_hex : 3800000000000000 
141329000: system.memobj: data : 0011100000000000000000000000000000000000000000000000000000000000 
141329000: system.memobj: hamming code addr: 608800 
141329000: system.memobj: hamming code out: 1 
141329000: system.memobj: find Error Bit index : 5 
141329000: system.memobj: hamming code addr: 608808 
141329000: system.memobj: hamming code out: 0 
141329000: system.memobj: hamming code addr: 608816 
141329000: system.memobj: hamming code out: 0 
141329000: system.memobj: hamming code addr: 608824 
141329000: system.memobj: hamming code out: 0 
141329000: system.memobj: hamming code addr: 608832 
141329000: system.memobj: hamming code out: 0 
141329000: system.memobj: hamming code addr: 608840 
141329000: system.memobj: hamming code out: 0 
141329000: system.memobj: hamming code addr: 608848 
141329000: system.memobj: hamming code out: 0 
141329000: system.memobj: hamming code addr: 608856 
141329000: system.memobj: hamming code out: 0 
141329000: system.memobj: fix data : 0011000000000000000000000000000000000000000000000000000000000000 
141329000: system.memobj: -------------------------------------
141378000: system.memobj: mem->cpu Got response for addr 0xe0a0 , 57504
141378000: system.memobj: size 0x8
141378000: system.memobj: id 94061725634800
141378000: system.memobj: data_hex : 0000762A438D043F 
141378000: system.memobj: data : 0000000000000000011101100010101001000011100011010000010000111111 
141378000: system.memobj: fix data : 0000000000000000011101100010101001000011100011010000010000111111 
141378000: system.memobj: -------------------------------------
141427000: system.memobj: mem->cpu Got response for addr 0xe0c8 , 57544
141427000: system.memobj: size 0x8
141427000: system.memobj: id 94061725634224
141427000: system.memobj: data_hex : 0F83A603000041FF 
141427000: system.memobj: data : 0000111110000011101001100000001100000000000000000100000111111111 
141427000: system.memobj: fix data : 0000111110000011101001100000001100000000000000000100000111111111 
141427000: system.memobj: -------------------------------------
141476000: system.memobj: mem->cpu Got response for addr 0xe0d0 , 57552
141476000: system.memobj: size 0x8
141476000: system.memobj: id 94061725634800
141476000: system.memobj: data_hex : C7BE010000004589 
141476000: system.memobj: data : 1100011110111110000000010000000000000000000000000100010110001001 
141476000: system.memobj: fix data : 1100011110111110000000010000000000000000000000000100010110001001 
141476000: system.memobj: -------------------------------------
141525000: system.memobj: mem->cpu Got response for addr 0xe0d0 , 57552
141525000: system.memobj: size 0x8
141525000: system.memobj: id 94061725634224
141525000: system.memobj: data_hex : C7BE010000004589 
141525000: system.memobj: data : 1100011110111110000000010000000000000000000000000100010110001001 
141525000: system.memobj: fix data : 1100011110111110000000010000000000000000000000000100010110001001 
141525000: system.memobj: -------------------------------------
141574000: system.memobj: mem->cpu Got response for addr 0xe0d0 , 57552
141574000: system.memobj: size 0x8
141574000: system.memobj: id 94061725634800
141574000: system.memobj: data_hex : C7BE010000004589 
141574000: system.memobj: data : 1100011110111110000000010000000000000000000000000100010110001001 
141574000: system.memobj: fix data : 1100011110111110000000010000000000000000000000000100010110001001 
141574000: system.memobj: -------------------------------------
141623000: system.memobj: mem->cpu Got response for addr 0xe0d8 , 57560
141623000: system.memobj: size 0x8
141623000: system.memobj: id 94061725634224
141623000: system.memobj: data_hex : F8438D043F4183E7 
141623000: system.memobj: data : 1111100001000011100011010000010000111111010000011000001111100111 
141623000: system.memobj: fix data : 1111100001000011100011010000010000111111010000011000001111100111 
141623000: system.memobj: -------------------------------------
141672000: system.memobj: mem->cpu Got response for addr 0xe0d8 , 57560
141672000: system.memobj: size 0x8
141672000: system.memobj: id 94061725634800
141672000: system.memobj: data_hex : F8438D043F4183E7 
141672000: system.memobj: data : 1111100001000011100011010000010000111111010000011000001111100111 
141672000: system.memobj: fix data : 1111100001000011100011010000010000111111010000011000001111100111 
141672000: system.memobj: -------------------------------------
141721000: system.memobj: mem->cpu Got response for addr 0xe0d8 , 57560
141721000: system.memobj: size 0x8
141721000: system.memobj: id 94061725634224
141721000: system.memobj: data_hex : F8438D043F4183E7 
141721000: system.memobj: data : 1111100001000011100011010000010000111111010000011000001111100111 
141721000: system.memobj: fix data : 1111100001000011100011010000010000111111010000011000001111100111 
141721000: system.memobj: -------------------------------------
141770000: system.memobj: mem->cpu Got response for addr 0xe0e0 , 57568
141770000: system.memobj: size 0x8
141770000: system.memobj: id 94061725634800
141770000: system.memobj: data_hex : 1F41C1E8054489F9 
141770000: system.memobj: data : 0001111101000001110000011110100000000101010001001000100111111001 
141770000: system.memobj: fix data : 0001111101000001110000011110100000000101010001001000100111111001 
141770000: system.memobj: -------------------------------------
141819000: system.memobj: mem->cpu Got response for addr 0xe0e0 , 57568
141819000: system.memobj: size 0x8
141819000: system.memobj: id 94061725634224
141819000: system.memobj: data_hex : 1F41C1E8054489F9 
141819000: system.memobj: data : 0001111101000001110000011110100000000101010001001000100111111001 
141819000: system.memobj: fix data : 0001111101000001110000011110100000000101010001001000100111111001 
141819000: system.memobj: -------------------------------------
141868000: system.memobj: mem->cpu Got response for addr 0xe0e0 , 57568
141868000: system.memobj: size 0x8
141868000: system.memobj: id 94061725634800
141868000: system.memobj: data_hex : 1F41C1E8054489F9 
141868000: system.memobj: data : 0001111101000001110000011110100000000101010001001000100111111001 
141868000: system.memobj: fix data : 0001111101000001110000011110100000000101010001001000100111111001 
141868000: system.memobj: -------------------------------------
141917000: system.memobj: mem->cpu Got response for addr 0xe0e8 , 57576
141917000: system.memobj: size 0x8
141917000: system.memobj: id 94061725634224
141917000: system.memobj: data_hex : 4589C189C0D3E647 
141917000: system.memobj: data : 0100010110001001110000011000100111000000110100111110011001000111 
141917000: system.memobj: fix data : 0100010110001001110000011000100111000000110100111110011001000111 
141917000: system.memobj: -------------------------------------
141966000: system.memobj: mem->cpu Got response for addr 0xe0e8 , 57576
141966000: system.memobj: size 0x8
141966000: system.memobj: id 94061725634800
141966000: system.memobj: data_hex : 4589C189C0D3E647 
141966000: system.memobj: data : 0100010110001001110000011000100111000000110100111110011001000111 
141966000: system.memobj: fix data : 0100010110001001110000011000100111000000110100111110011001000111 
141966000: system.memobj: -------------------------------------
142015000: system.memobj: mem->cpu Got response for addr 0xe0e8 , 57576
142015000: system.memobj: size 0x8
142015000: system.memobj: id 94061725634224
142015000: system.memobj: data_hex : 4589C189C0D3E647 
142015000: system.memobj: data : 0100010110001001110000011000100111000000110100111110011001000111 
142015000: system.memobj: fix data : 0100010110001001110000011000100111000000110100111110011001000111 
142015000: system.memobj: -------------------------------------
142078000: system.memobj: mem->cpu Got response for addr 0xe0e8 , 57576
142078000: system.memobj: size 0x8
142078000: system.memobj: id 94061725634800
142078000: system.memobj: data_hex : 4589C189C0D3E647 
142078000: system.memobj: data : 0100010110001001110000011000100111000000110100111110011001000111 
142078000: system.memobj: fix data : 0100010110001001110000011000100111000000110100111110011001000111 
142078000: system.memobj: -------------------------------------
142127000: system.memobj: mem->cpu Got response for addr 0xe0f0 , 57584
142127000: system.memobj: size 0x8
142127000: system.memobj: id 94061725634224
142127000: system.memobj: data_hex : 8B948D9808000049 
142127000: system.memobj: data : 1000101110010100100011011001100000001000000000000000000001001001 
142127000: system.memobj: fix data : 1000101110010100100011011001100000001000000000000000000001001001 
142127000: system.memobj: -------------------------------------
142176000: system.memobj: mem->cpu Got response for addr 0x92d18 , 601368
142176000: system.memobj: size 0x4
142176000: system.memobj: id 94061725634800
142176000: system.memobj: data_hex : 00000000 
142176000: system.memobj: data : 00000000000000000000000000000000 
142176000: system.memobj: fix data : 00000000000000000000000000000000 
142176000: system.memobj: -------------------------------------
142225000: system.memobj: mem->cpu Got response for addr 0xe0f0 , 57584
142225000: system.memobj: size 0x8
142225000: system.memobj: id 94061725634800
142225000: system.memobj: data_hex : 8B948D9808000049 
142225000: system.memobj: data : 1000101110010100100011011001100000001000000000000000000001001001 
142225000: system.memobj: fix data : 1000101110010100100011011001100000001000000000000000000001001001 
142225000: system.memobj: -------------------------------------
142274000: system.memobj: mem->cpu Got response for addr 0xe0f8 , 57592
142274000: system.memobj: size 0x8
142274000: system.memobj: id 94061725634224
142274000: system.memobj: data_hex : 8DBCC58800000090 
142274000: system.memobj: data : 1000110110111100110001011000100000000000000000000000000010010000 
142274000: system.memobj: fix data : 1000110110111100110001011000100000000000000000000000000010010000 
142274000: system.memobj: -------------------------------------
142323000: system.memobj: mem->cpu Got response for addr 0xe0f8 , 57592
142323000: system.memobj: size 0x8
142323000: system.memobj: id 94061725634800
142323000: system.memobj: data_hex : 8DBCC58800000090 
142323000: system.memobj: data : 1000110110111100110001011000100000000000000000000000000010010000 
142323000: system.memobj: fix data : 1000110110111100110001011000100000000000000000000000000010010000 
142323000: system.memobj: -------------------------------------
142372000: system.memobj: mem->cpu Got response for addr 0xe100 , 57600
142372000: system.memobj: size 0x8
142372000: system.memobj: id 94061725634224
142372000: system.memobj: data_hex : 4439D60F97C285F6 
142372000: system.memobj: data : 0100010000111001110101100000111110010111110000101000010111110110 
142372000: system.memobj: fix data : 0100010000111001110101100000111110010111110000101000010111110110 
142372000: system.memobj: -------------------------------------
142421000: system.memobj: mem->cpu Got response for addr 0xe100 , 57600
142421000: system.memobj: size 0x8
142421000: system.memobj: id 94061725634800
142421000: system.memobj: data_hex : 4439D60F97C285F6 
142421000: system.memobj: data : 0100010000111001110101100000111110010111110000101000010111110110 
142421000: system.memobj: fix data : 0100010000111001110101100000111110010111110000101000010111110110 
142421000: system.memobj: -------------------------------------
142470000: system.memobj: mem->cpu Got response for addr 0xe100 , 57600
142470000: system.memobj: size 0x8
142470000: system.memobj: id 94061725634224
142470000: system.memobj: data_hex : 4439D60F97C285F6 
142470000: system.memobj: data : 0100010000111001110101100000111110010111110000101000010111110110 
142470000: system.memobj: fix data : 0100010000111001110101100000111110010111110000101000010111110110 
142470000: system.memobj: -------------------------------------
142519000: system.memobj: mem->cpu Got response for addr 0xe108 , 57608
142519000: system.memobj: size 0x8
142519000: system.memobj: id 94061725634800
142519000: system.memobj: data_hex : 0F94C009D0A80174 
142519000: system.memobj: data : 0000111110010100110000000000100111010000101010000000000101110100 
142519000: system.memobj: fix data : 0000111110010100110000000000100111010000101010000000000101110100 
142519000: system.memobj: -------------------------------------
142568000: system.memobj: mem->cpu Got response for addr 0xe108 , 57608
142568000: system.memobj: size 0x8
142568000: system.memobj: id 94061725634224
142568000: system.memobj: data_hex : 0F94C009D0A80174 
142568000: system.memobj: data : 0000111110010100110000000000100111010000101010000000000101110100 
142568000: system.memobj: fix data : 0000111110010100110000000000100111010000101010000000000101110100 
142568000: system.memobj: -------------------------------------
142617000: system.memobj: mem->cpu Got response for addr 0xe108 , 57608
142617000: system.memobj: size 0x8
142617000: system.memobj: id 94061725634800
142617000: system.memobj: data_hex : 0F94C009D0A80174 
142617000: system.memobj: data : 0000111110010100110000000000100111010000101010000000000101110100 
142617000: system.memobj: fix data : 0000111110010100110000000000100111010000101010000000000101110100 
142617000: system.memobj: -------------------------------------
142666000: system.memobj: mem->cpu Got response for addr 0xe108 , 57608
142666000: system.memobj: size 0x8
142666000: system.memobj: id 94061725634224
142666000: system.memobj: data_hex : 0F94C009D0A80174 
142666000: system.memobj: data : 0000111110010100110000000000100111010000101010000000000101110100 
142666000: system.memobj: fix data : 0000111110010100110000000000100111010000101010000000000101110100 
142666000: system.memobj: -------------------------------------
142715000: system.memobj: mem->cpu Got response for addr 0xe110 , 57616
142715000: system.memobj: size 0x8
142715000: system.memobj: id 94061725634800
142715000: system.memobj: data_hex : 3D41FFC04183F803 
142715000: system.memobj: data : 0011110101000001111111111100000001000001100000111111100000000011 
142715000: system.memobj: fix data : 0011110101000001111111111100000001000001100000111111100000000011 
142715000: system.memobj: -------------------------------------
142764000: system.memobj: mem->cpu Got response for addr 0xe110 , 57616
142764000: system.memobj: size 0x8
142764000: system.memobj: id 94061725634224
142764000: system.memobj: data_hex : 3D41FFC04183F803 
142764000: system.memobj: data : 0011110101000001111111111100000001000001100000111111100000000011 
142764000: system.memobj: fix data : 0011110101000001111111111100000001000001100000111111100000000011 
142764000: system.memobj: -------------------------------------
142813000: system.memobj: mem->cpu Got response for addr 0xe110 , 57616
142813000: system.memobj: size 0x8
142813000: system.memobj: id 94061725634800
142813000: system.memobj: data_hex : 3D41FFC04183F803 
142813000: system.memobj: data : 0011110101000001111111111100000001000001100000111111100000000011 
142813000: system.memobj: fix data : 0011110101000001111111111100000001000001100000111111100000000011 
142813000: system.memobj: -------------------------------------
142862000: system.memobj: mem->cpu Got response for addr 0xe118 , 57624
142862000: system.memobj: size 0x8
142862000: system.memobj: id 94061725634224
142862000: system.memobj: data_hex : 0F87F50000004589 
142862000: system.memobj: data : 0000111110000111111101010000000000000000000000000100010110001001 
142862000: system.memobj: fix data : 0000111110000111111101010000000000000000000000000100010110001001 
142862000: system.memobj: -------------------------------------
142925000: system.memobj: mem->cpu Got response for addr 0xe118 , 57624
142925000: system.memobj: size 0x8
142925000: system.memobj: id 94061725634800
142925000: system.memobj: data_hex : 0F87F50000004589 
142925000: system.memobj: data : 0000111110000111111101010000000000000000000000000100010110001001 
142925000: system.memobj: fix data : 0000111110000111111101010000000000000000000000000100010110001001 
142925000: system.memobj: -------------------------------------
142974000: system.memobj: mem->cpu Got response for addr 0xe120 , 57632
142974000: system.memobj: size 0x8
142974000: system.memobj: id 94061725634224
142974000: system.memobj: data_hex : C1478B948D980800 
142974000: system.memobj: data : 1100000101000111100010111001010010001101100110000000100000000000 
142974000: system.memobj: fix data : 1100000101000111100010111001010010001101100110000000100000000000 
142974000: system.memobj: -------------------------------------
143023000: system.memobj: mem->cpu Got response for addr 0xe120 , 57632
143023000: system.memobj: size 0x8
143023000: system.memobj: id 94061725634800
143023000: system.memobj: data_hex : C1478B948D980800 
143023000: system.memobj: data : 1100000101000111100010111001010010001101100110000000100000000000 
143023000: system.memobj: fix data : 1100000101000111100010111001010010001101100110000000100000000000 
143023000: system.memobj: -------------------------------------
143072000: system.memobj: mem->cpu Got response for addr 0xe128 , 57640
143072000: system.memobj: size 0x8
143072000: system.memobj: id 94061725634224
143072000: system.memobj: data_hex : 004585D274E34489 
143072000: system.memobj: data : 0000000001000101100001011101001001110100111000110100010010001001 
143072000: system.memobj: fix data : 0000000001000101100001011101001001110100111000110100010010001001 
143072000: system.memobj: -------------------------------------
143121000: system.memobj: mem->cpu Got response for addr 0x92d1c , 601372
143121000: system.memobj: size 0x4
143121000: system.memobj: id 94061725634800
143121000: system.memobj: data_hex : 00000000 
143121000: system.memobj: data : 00000000000000000000000000000000 
143121000: system.memobj: fix data : 00000000000000000000000000000000 
143121000: system.memobj: -------------------------------------
143170000: system.memobj: mem->cpu Got response for addr 0xe128 , 57640
143170000: system.memobj: size 0x8
143170000: system.memobj: id 94061725634800
143170000: system.memobj: data_hex : 004585D274E34489 
143170000: system.memobj: data : 0000000001000101100001011101001001110100111000110100010010001001 
143170000: system.memobj: fix data : 0000000001000101100001011101001001110100111000110100010010001001 
143170000: system.memobj: -------------------------------------
143219000: system.memobj: mem->cpu Got response for addr 0xe128 , 57640
143219000: system.memobj: size 0x8
143219000: system.memobj: id 94061725634224
143219000: system.memobj: data_hex : 004585D274E34489 
143219000: system.memobj: data : 0000000001000101100001011101001001110100111000110100010010001001 
143219000: system.memobj: fix data : 0000000001000101100001011101001001110100111000110100010010001001 
143219000: system.memobj: -------------------------------------
143268000: system.memobj: mem->cpu Got response for addr 0xe110 , 57616
143268000: system.memobj: size 0x8
143268000: system.memobj: id 94061725634800
143268000: system.memobj: data_hex : 3D41FFC04183F803 
143268000: system.memobj: data : 0011110101000001111111111100000001000001100000111111100000000011 
143268000: system.memobj: fix data : 0011110101000001111111111100000001000001100000111111100000000011 
143268000: system.memobj: -------------------------------------
143317000: system.memobj: mem->cpu Got response for addr 0xe110 , 57616
143317000: system.memobj: size 0x8
143317000: system.memobj: id 94061725634224
143317000: system.memobj: data_hex : 3D41FFC04183F803 
143317000: system.memobj: data : 0011110101000001111111111100000001000001100000111111100000000011 
143317000: system.memobj: fix data : 0011110101000001111111111100000001000001100000111111100000000011 
143317000: system.memobj: -------------------------------------
143366000: system.memobj: mem->cpu Got response for addr 0xe118 , 57624
143366000: system.memobj: size 0x8
143366000: system.memobj: id 94061725634800
143366000: system.memobj: data_hex : 0F87F50000004589 
143366000: system.memobj: data : 0000111110000111111101010000000000000000000000000100010110001001 
143366000: system.memobj: fix data : 0000111110000111111101010000000000000000000000000100010110001001 
143366000: system.memobj: -------------------------------------
143415000: system.memobj: mem->cpu Got response for addr 0xe118 , 57624
143415000: system.memobj: size 0x8
143415000: system.memobj: id 94061725634224
143415000: system.memobj: data_hex : 0F87F50000004589 
143415000: system.memobj: data : 0000111110000111111101010000000000000000000000000100010110001001 
143415000: system.memobj: fix data : 0000111110000111111101010000000000000000000000000100010110001001 
143415000: system.memobj: -------------------------------------
143464000: system.memobj: mem->cpu Got response for addr 0xe120 , 57632
143464000: system.memobj: size 0x8
143464000: system.memobj: id 94061725634800
143464000: system.memobj: data_hex : C1478B948D980800 
143464000: system.memobj: data : 1100000101000111100010111001010010001101100110000000100000000000 
143464000: system.memobj: fix data : 1100000101000111100010111001010010001101100110000000100000000000 
143464000: system.memobj: -------------------------------------
143513000: system.memobj: mem->cpu Got response for addr 0xe120 , 57632
143513000: system.memobj: size 0x8
143513000: system.memobj: id 94061725634224
143513000: system.memobj: data_hex : C1478B948D980800 
143513000: system.memobj: data : 1100000101000111100010111001010010001101100110000000100000000000 
143513000: system.memobj: fix data : 1100000101000111100010111001010010001101100110000000100000000000 
143513000: system.memobj: -------------------------------------
143562000: system.memobj: mem->cpu Got response for addr 0xe128 , 57640
143562000: system.memobj: size 0x8
143562000: system.memobj: id 94061725634800
143562000: system.memobj: data_hex : 004585D274E34489 
143562000: system.memobj: data : 0000000001000101100001011101001001110100111000110100010010001001 
143562000: system.memobj: fix data : 0000000001000101100001011101001001110100111000110100010010001001 
143562000: system.memobj: -------------------------------------
143611000: system.memobj: mem->cpu Got response for addr 0x92d20 , 601376
143611000: system.memobj: size 0x4
143611000: system.memobj: id 94061725634224
143611000: system.memobj: data_hex : 00000000 
143611000: system.memobj: data : 00000000000000000000000000000000 
143611000: system.memobj: fix data : 00000000000000000000000000000000 
143611000: system.memobj: -------------------------------------
143660000: system.memobj: mem->cpu Got response for addr 0xe128 , 57640
143660000: system.memobj: size 0x8
143660000: system.memobj: id 94061725634224
143660000: system.memobj: data_hex : 004585D274E34489 
143660000: system.memobj: data : 0000000001000101100001011101001001110100111000110100010010001001 
143660000: system.memobj: fix data : 0000000001000101100001011101001001110100111000110100010010001001 
143660000: system.memobj: -------------------------------------
143709000: system.memobj: mem->cpu Got response for addr 0xe128 , 57640
143709000: system.memobj: size 0x8
143709000: system.memobj: id 94061725634800
143709000: system.memobj: data_hex : 004585D274E34489 
143709000: system.memobj: data : 0000000001000101100001011101001001110100111000110100010010001001 
143709000: system.memobj: fix data : 0000000001000101100001011101001001110100111000110100010010001001 
143709000: system.memobj: -------------------------------------
143758000: system.memobj: mem->cpu Got response for addr 0xe110 , 57616
143758000: system.memobj: size 0x8
143758000: system.memobj: id 94061725634224
143758000: system.memobj: data_hex : 3D41FFC04183F803 
143758000: system.memobj: data : 0011110101000001111111111100000001000001100000111111100000000011 
143758000: system.memobj: fix data : 0011110101000001111111111100000001000001100000111111100000000011 
143758000: system.memobj: -------------------------------------
143821000: system.memobj: mem->cpu Got response for addr 0xe110 , 57616
143821000: system.memobj: size 0x8
143821000: system.memobj: id 94061725634800
143821000: system.memobj: data_hex : 3D41FFC04183F803 
143821000: system.memobj: data : 0011110101000001111111111100000001000001100000111111100000000011 
143821000: system.memobj: fix data : 0011110101000001111111111100000001000001100000111111100000000011 
143821000: system.memobj: -------------------------------------
143870000: system.memobj: mem->cpu Got response for addr 0xe118 , 57624
143870000: system.memobj: size 0x8
143870000: system.memobj: id 94061725634224
143870000: system.memobj: data_hex : 0F87F50000004589 
143870000: system.memobj: data : 0000111110000111111101010000000000000000000000000100010110001001 
143870000: system.memobj: fix data : 0000111110000111111101010000000000000000000000000100010110001001 
143870000: system.memobj: -------------------------------------
143919000: system.memobj: mem->cpu Got response for addr 0xe118 , 57624
143919000: system.memobj: size 0x8
143919000: system.memobj: id 94061725634800
143919000: system.memobj: data_hex : 0F87F50000004589 
143919000: system.memobj: data : 0000111110000111111101010000000000000000000000000100010110001001 
143919000: system.memobj: fix data : 0000111110000111111101010000000000000000000000000100010110001001 
143919000: system.memobj: -------------------------------------
143968000: system.memobj: mem->cpu Got response for addr 0xe120 , 57632
143968000: system.memobj: size 0x8
143968000: system.memobj: id 94061725634224
143968000: system.memobj: data_hex : C1478B948D980800 
143968000: system.memobj: data : 1100000101000111100010111001010010001101100110000000100000000000 
143968000: system.memobj: fix data : 1100000101000111100010111001010010001101100110000000100000000000 
143968000: system.memobj: -------------------------------------
144017000: system.memobj: mem->cpu Got response for addr 0xe120 , 57632
144017000: system.memobj: size 0x8
144017000: system.memobj: id 94061725634800
144017000: system.memobj: data_hex : C1478B948D980800 
144017000: system.memobj: data : 1100000101000111100010111001010010001101100110000000100000000000 
144017000: system.memobj: fix data : 1100000101000111100010111001010010001101100110000000100000000000 
144017000: system.memobj: -------------------------------------
144066000: system.memobj: mem->cpu Got response for addr 0xe128 , 57640
144066000: system.memobj: size 0x8
144066000: system.memobj: id 94061725634224
144066000: system.memobj: data_hex : 004585D274E34489 
144066000: system.memobj: data : 0000000001000101100001011101001001110100111000110100010010001001 
144066000: system.memobj: fix data : 0000000001000101100001011101001001110100111000110100010010001001 
144066000: system.memobj: -------------------------------------
144115000: system.memobj: mem->cpu Got response for addr 0x92d24 , 601380
144115000: system.memobj: size 0x4
144115000: system.memobj: id 94061725634800
144115000: system.memobj: data_hex : 00000000 
144115000: system.memobj: data : 00000000000000000000000000000000 
144115000: system.memobj: fix data : 00000000000000000000000000000000 
144115000: system.memobj: -------------------------------------
144164000: system.memobj: mem->cpu Got response for addr 0xe128 , 57640
144164000: system.memobj: size 0x8
144164000: system.memobj: id 94061725634800
144164000: system.memobj: data_hex : 004585D274E34489 
144164000: system.memobj: data : 0000000001000101100001011101001001110100111000110100010010001001 
144164000: system.memobj: fix data : 0000000001000101100001011101001001110100111000110100010010001001 
144164000: system.memobj: -------------------------------------
144213000: system.memobj: mem->cpu Got response for addr 0xe128 , 57640
144213000: system.memobj: size 0x8
144213000: system.memobj: id 94061725634224
144213000: system.memobj: data_hex : 004585D274E34489 
144213000: system.memobj: data : 0000000001000101100001011101001001110100111000110100010010001001 
144213000: system.memobj: fix data : 0000000001000101100001011101001001110100111000110100010010001001 
144213000: system.memobj: -------------------------------------
144262000: system.memobj: mem->cpu Got response for addr 0xe110 , 57616
144262000: system.memobj: size 0x8
144262000: system.memobj: id 94061725634800
144262000: system.memobj: data_hex : 3D41FFC04183F803 
144262000: system.memobj: data : 0011110101000001111111111100000001000001100000111111100000000011 
144262000: system.memobj: fix data : 0011110101000001111111111100000001000001100000111111100000000011 
144262000: system.memobj: -------------------------------------
144311000: system.memobj: mem->cpu Got response for addr 0xe110 , 57616
144311000: system.memobj: size 0x8
144311000: system.memobj: id 94061725634224
144311000: system.memobj: data_hex : 3D41FFC04183F803 
144311000: system.memobj: data : 0011110101000001111111111100000001000001100000111111100000000011 
144311000: system.memobj: fix data : 0011110101000001111111111100000001000001100000111111100000000011 
144311000: system.memobj: -------------------------------------
144360000: system.memobj: mem->cpu Got response for addr 0xe118 , 57624
144360000: system.memobj: size 0x8
144360000: system.memobj: id 94061725634800
144360000: system.memobj: data_hex : 0F87F50000004589 
144360000: system.memobj: data : 0000111110000111111101010000000000000000000000000100010110001001 
144360000: system.memobj: fix data : 0000111110000111111101010000000000000000000000000100010110001001 
144360000: system.memobj: -------------------------------------
144409000: system.memobj: mem->cpu Got response for addr 0xe210 , 57872
144409000: system.memobj: size 0x8
144409000: system.memobj: id 94061725634224
144409000: system.memobj: data_hex : 415FC3498B9D8800 
144409000: system.memobj: data : 0100000101011111110000110100100110001011100111011000100000000000 
144409000: system.memobj: fix data : 0100000101011111110000110100100110001011100111011000100000000000 
144409000: system.memobj: -------------------------------------
144458000: system.memobj: mem->cpu Got response for addr 0xe218 , 57880
144458000: system.memobj: size 0x8
144458000: system.memobj: id 94061725634800
144458000: system.memobj: data_hex : 0000488B6B084989 
144458000: system.memobj: data : 0000000000000000010010001000101101101011000010000100100110001001 
144458000: system.memobj: fix data : 0000000000000000010010001000101101101011000010000100100110001001 
144458000: system.memobj: -------------------------------------
144478000: system.memobj: mem->cpu Got response for addr 0x92508 , 599304
144478000: system.memobj: size 0x8
144478000: system.memobj: id 94061725634224
144478000: system.memobj: data_hex : 3240590000000000 
144478000: system.memobj: data : 0011001001000000010110010000000000000000000000000000000000000000 
144478000: system.memobj: hamming code addr: 599304 
144478000: system.memobj: hamming code out: 1 
144478000: system.memobj: find Error Bit index : 7 
144478000: system.memobj: hamming code addr: 599312 
144478000: system.memobj: hamming code out: 5 
144478000: system.memobj: hamming code addr: 599320 
144478000: system.memobj: hamming code out: 7 
144478000: system.memobj: hamming code addr: 599328 
144478000: system.memobj: hamming code out: 0 
144478000: system.memobj: hamming code addr: 599336 
144478000: system.memobj: hamming code out: 0 
144478000: system.memobj: hamming code addr: 599344 
144478000: system.memobj: hamming code out: 0 
144478000: system.memobj: hamming code addr: 599352 
144478000: system.memobj: hamming code out: 0 
144478000: system.memobj: hamming code addr: 599360 
144478000: system.memobj: hamming code out: 0 
144478000: system.memobj: fix data : 0011000001000000010110010000000000000000000000000000000000000000 
144478000: system.memobj: -------------------------------------
144527000: system.memobj: mem->cpu Got response for addr 0xe218 , 57880
144527000: system.memobj: size 0x8
144527000: system.memobj: id 94061725634224
144527000: system.memobj: data_hex : 0000488B6B084989 
144527000: system.memobj: data : 0000000000000000010010001000101101101011000010000100100110001001 
144527000: system.memobj: fix data : 0000000000000000010010001000101101101011000010000100100110001001 
144527000: system.memobj: -------------------------------------
144590000: system.memobj: mem->cpu Got response for addr 0x96038 , 614456
144590000: system.memobj: size 0x8
144590000: system.memobj: id 94061725634800
144590000: system.memobj: data_hex : D50F020000000000 
144590000: system.memobj: data : 1101010100001111000000100000000000000000000000000000000000000000 
144590000: system.memobj: hamming code addr: 614456 
144590000: system.memobj: hamming code out: 13 
144590000: system.memobj: find Error Bit index : 6 
144590000: system.memobj: hamming code addr: 614464 
144590000: system.memobj: hamming code out: 4 
144590000: system.memobj: hamming code addr: 614472 
144590000: system.memobj: hamming code out: 11 
144590000: system.memobj: hamming code addr: 614480 
144590000: system.memobj: hamming code out: 0 
144590000: system.memobj: hamming code addr: 614488 
144590000: system.memobj: hamming code out: 0 
144590000: system.memobj: hamming code addr: 614496 
144590000: system.memobj: hamming code out: 0 
144590000: system.memobj: hamming code addr: 614504 
144590000: system.memobj: hamming code out: 0 
144590000: system.memobj: hamming code addr: 614512 
144590000: system.memobj: hamming code out: 0 
144590000: system.memobj: fix data : 1101000100001111000000100000000000000000000000000000000000000000 
144590000: system.memobj: -------------------------------------
144639000: system.memobj: mem->cpu Got response for addr 0xe218 , 57880
144639000: system.memobj: size 0x8
144639000: system.memobj: id 94061725634800
144639000: system.memobj: data_hex : 0000488B6B084989 
144639000: system.memobj: data : 0000000000000000010010001000101101101011000010000100100110001001 
144639000: system.memobj: fix data : 0000000000000000010010001000101101101011000010000100100110001001 
144639000: system.memobj: -------------------------------------
144688000: system.memobj: mem->cpu Got response for addr 0xe220 , 57888
144688000: system.memobj: size 0x8
144688000: system.memobj: id 94061725634224
144688000: system.memobj: data_hex : DC4883E5F848392C 
144688000: system.memobj: data : 1101110001001000100000111110010111111000010010000011100100101100 
144688000: system.memobj: fix data : 1101110001001000100000111110010111111000010010000011100100101100 
144688000: system.memobj: -------------------------------------
144751000: system.memobj: mem->cpu Got response for addr 0xe220 , 57888
144751000: system.memobj: size 0x8
144751000: system.memobj: id 94061725634800
144751000: system.memobj: data_hex : DC4883E5F848392C 
144751000: system.memobj: data : 1101110001001000100000111110010111111000010010000011100100101100 
144751000: system.memobj: fix data : 1101110001001000100000111110010111111000010010000011100100101100 
144751000: system.memobj: -------------------------------------
144800000: system.memobj: mem->cpu Got response for addr 0xe220 , 57888
144800000: system.memobj: size 0x8
144800000: system.memobj: id 94061725634224
144800000: system.memobj: data_hex : DC4883E5F848392C 
144800000: system.memobj: data : 1101110001001000100000111110010111111000010010000011100100101100 
144800000: system.memobj: fix data : 1101110001001000100000111110010111111000010010000011100100101100 
144800000: system.memobj: -------------------------------------
144849000: system.memobj: mem->cpu Got response for addr 0xe228 , 57896
144849000: system.memobj: size 0x8
144849000: system.memobj: id 94061725634800
144849000: system.memobj: data_hex : 240F86CA00000041 
144849000: system.memobj: data : 0010010000001111100001101100101000000000000000000000000001000001 
144849000: system.memobj: fix data : 0010010000001111100001101100101000000000000000000000000001000001 
144849000: system.memobj: -------------------------------------
144898000: system.memobj: mem->cpu Got response for addr 0x949e0 , 608736
144898000: system.memobj: size 0x8
144898000: system.memobj: id 94061725634224
144898000: system.memobj: data_hex : 5800000000000000 
144898000: system.memobj: data : 0101100000000000000000000000000000000000000000000000000000000000 
144898000: system.memobj: hamming code addr: 608736 
144898000: system.memobj: hamming code out: 2 
144898000: system.memobj: find Error Bit index : 5 
144898000: system.memobj: hamming code addr: 608744 
144898000: system.memobj: hamming code out: 0 
144898000: system.memobj: hamming code addr: 608752 
144898000: system.memobj: hamming code out: 0 
144898000: system.memobj: hamming code addr: 608760 
144898000: system.memobj: hamming code out: 0 
144898000: system.memobj: hamming code addr: 608768 
144898000: system.memobj: hamming code out: 0 
144898000: system.memobj: hamming code addr: 608776 
144898000: system.memobj: hamming code out: 0 
144898000: system.memobj: hamming code addr: 608784 
144898000: system.memobj: hamming code out: 0 
144898000: system.memobj: hamming code addr: 608792 
144898000: system.memobj: hamming code out: 0 
144898000: system.memobj: fix data : 0101000000000000000000000000000000000000000000000000000000000000 
144898000: system.memobj: -------------------------------------
144947000: system.memobj: mem->cpu Got response for addr 0xe228 , 57896
144947000: system.memobj: size 0x8
144947000: system.memobj: id 94061725634224
144947000: system.memobj: data_hex : 240F86CA00000041 
144947000: system.memobj: data : 0010010000001111100001101100101000000000000000000000000001000001 
144947000: system.memobj: fix data : 0010010000001111100001101100101000000000000000000000000001000001 
144947000: system.memobj: -------------------------------------
144996000: system.memobj: mem->cpu Got response for addr 0xe2f8 , 58104
144996000: system.memobj: size 0x8
144996000: system.memobj: id 94061725634800
144996000: system.memobj: data_hex : FF48035C2440482B 
144996000: system.memobj: data : 1111111101001000000000110101110000100100010000000100100000101011 
144996000: system.memobj: fix data : 1111111101001000000000110101110000100100010000000100100000101011 
144996000: system.memobj: -------------------------------------
145045000: system.memobj: mem->cpu Got response for addr 0x94a20 , 608800
145045000: system.memobj: size 0x8
145045000: system.memobj: id 94061725635088
145045000: system.memobj: data_hex : 3800000000000000 
145045000: system.memobj: data : 0011100000000000000000000000000000000000000000000000000000000000 
145045000: system.memobj: hamming code addr: 608800 
145045000: system.memobj: hamming code out: 1 
145045000: system.memobj: find Error Bit index : 5 
145045000: system.memobj: hamming code addr: 608808 
145045000: system.memobj: hamming code out: 0 
145045000: system.memobj: hamming code addr: 608816 
145045000: system.memobj: hamming code out: 0 
145045000: system.memobj: hamming code addr: 608824 
145045000: system.memobj: hamming code out: 0 
145045000: system.memobj: hamming code addr: 608832 
145045000: system.memobj: hamming code out: 0 
145045000: system.memobj: hamming code addr: 608840 
145045000: system.memobj: hamming code out: 0 
145045000: system.memobj: hamming code addr: 608848 
145045000: system.memobj: hamming code out: 0 
145045000: system.memobj: hamming code addr: 608856 
145045000: system.memobj: hamming code out: 0 
145045000: system.memobj: fix data : 0011000000000000000000000000000000000000000000000000000000000000 
145045000: system.memobj: -------------------------------------
145094000: system.memobj: mem->cpu Got response for addr 0xe2f8 , 58104
145094000: system.memobj: size 0x8
145094000: system.memobj: id 94061725635088
145094000: system.memobj: data_hex : FF48035C2440482B 
145094000: system.memobj: data : 1111111101001000000000110101110000100100010000000100100000101011 
145094000: system.memobj: fix data : 1111111101001000000000110101110000100100010000000100100000101011 
145094000: system.memobj: -------------------------------------
145143000: system.memobj: mem->cpu Got response for addr 0xe300 , 58112
145143000: system.memobj: size 0x8
145143000: system.memobj: id 94061725634800
145143000: system.memobj: data_hex : 6C244048834C2440 
145143000: system.memobj: data : 0110110000100100010000000100100010000011010011000010010001000000 
145143000: system.memobj: fix data : 0110110000100100010000000100100010000011010011000010010001000000 
145143000: system.memobj: -------------------------------------
145192000: system.memobj: mem->cpu Got response for addr 0x94a20 , 608800
145192000: system.memobj: size 0x8
145192000: system.memobj: id 94061725635088
145192000: system.memobj: data_hex : 3800000000000000 
145192000: system.memobj: data : 0011100000000000000000000000000000000000000000000000000000000000 
145192000: system.memobj: hamming code addr: 608800 
145192000: system.memobj: hamming code out: 1 
145192000: system.memobj: find Error Bit index : 5 
145192000: system.memobj: hamming code addr: 608808 
145192000: system.memobj: hamming code out: 0 
145192000: system.memobj: hamming code addr: 608816 
145192000: system.memobj: hamming code out: 0 
145192000: system.memobj: hamming code addr: 608824 
145192000: system.memobj: hamming code out: 0 
145192000: system.memobj: hamming code addr: 608832 
145192000: system.memobj: hamming code out: 0 
145192000: system.memobj: hamming code addr: 608840 
145192000: system.memobj: hamming code out: 0 
145192000: system.memobj: hamming code addr: 608848 
145192000: system.memobj: hamming code out: 0 
145192000: system.memobj: hamming code addr: 608856 
145192000: system.memobj: hamming code out: 0 
145192000: system.memobj: fix data : 0011000000000000000000000000000000000000000000000000000000000000 
145192000: system.memobj: -------------------------------------
145241000: system.memobj: mem->cpu Got response for addr 0xe300 , 58112
145241000: system.memobj: size 0x8
145241000: system.memobj: id 94061725635088
145241000: system.memobj: data_hex : 6C244048834C2440 
145241000: system.memobj: data : 0110110000100100010000000100100010000011010011000010010001000000 
145241000: system.memobj: fix data : 0110110000100100010000000100100010000011010011000010010001000000 
145241000: system.memobj: -------------------------------------
145290000: system.memobj: mem->cpu Got response for addr 0xe308 , 58120
145290000: system.memobj: size 0x8
145290000: system.memobj: id 94061725634800
145290000: system.memobj: data_hex : 05488B4424384981 
145290000: system.memobj: data : 0000010101001000100010110100010000100100001110000100100110000001 
145290000: system.memobj: fix data : 0000010101001000100010110100010000100100001110000100100110000001 
145290000: system.memobj: -------------------------------------
145339000: system.memobj: mem->cpu Got response for addr 0x94a20 , 608800
145339000: system.memobj: size 0x8
145339000: system.memobj: id 94061725635664
145339000: system.memobj: data_hex : 3800000000000000 
145339000: system.memobj: data : 0011100000000000000000000000000000000000000000000000000000000000 
145339000: system.memobj: hamming code addr: 608800 
145339000: system.memobj: hamming code out: 1 
145339000: system.memobj: find Error Bit index : 5 
145339000: system.memobj: hamming code addr: 608808 
145339000: system.memobj: hamming code out: 0 
145339000: system.memobj: hamming code addr: 608816 
145339000: system.memobj: hamming code out: 0 
145339000: system.memobj: hamming code addr: 608824 
145339000: system.memobj: hamming code out: 0 
145339000: system.memobj: hamming code addr: 608832 
145339000: system.memobj: hamming code out: 0 
145339000: system.memobj: hamming code addr: 608840 
145339000: system.memobj: hamming code out: 0 
145339000: system.memobj: hamming code addr: 608848 
145339000: system.memobj: hamming code out: 0 
145339000: system.memobj: hamming code addr: 608856 
145339000: system.memobj: hamming code out: 0 
145339000: system.memobj: fix data : 0011000000000000000000000000000000000000000000000000000000000000 
145339000: system.memobj: -------------------------------------
145339000: system.memobj: cpu->mem Got request for addr 0x94a20 , 608800
145339000: system.memobj: size 0x8
145339000: system.memobj: id 94061725635664
145339000: system.memobj: data_hex : 3500000000000000 
145339000: system.memobj: data : 0011010100000000000000000000000000000000000000000000000000000000 
145339000: system.memobj: hamming code addr: 608800 
145339000: system.memobj: hamming code : 7 
145339000: system.memobj: hamming code addr: 608808 
145339000: system.memobj: hamming code : 0 
145339000: system.memobj: hamming code addr: 608816 
145339000: system.memobj: hamming code : 0 
145339000: system.memobj: hamming code addr: 608824 
145339000: system.memobj: hamming code : 0 
145339000: system.memobj: hamming code addr: 608832 
145339000: system.memobj: hamming code : 0 
145339000: system.memobj: hamming code addr: 608840 
145339000: system.memobj: hamming code : 0 
145339000: system.memobj: hamming code addr: 608848 
145339000: system.memobj: hamming code : 0 
145339000: system.memobj: hamming code addr: 608856 
145339000: system.memobj: hamming code : 0 
145339000: system.memobj: Enter Error Bit index: 1 
145339000: system.memobj: flip data : 1011010100000000000000000000000000000000000000000000000000000000 
145339000: system.memobj: -------------------------------------
145409000: system.memobj: mem->cpu Got response for addr 0xe308 , 58120
145409000: system.memobj: size 0x8
145409000: system.memobj: id 94061725635664
145409000: system.memobj: data_hex : 05488B4424384981 
145409000: system.memobj: data : 0000010101001000100010110100010000100100001110000100100110000001 
145409000: system.memobj: fix data : 0000010101001000100010110100010000100100001110000100100110000001 
145409000: system.memobj: -------------------------------------
145458000: system.memobj: mem->cpu Got response for addr 0x94a18 , 608792
145458000: system.memobj: size 0x8
145458000: system.memobj: id 94061725635952
145458000: system.memobj: data_hex : 3300000000000000 
145458000: system.memobj: data : 0011001100000000000000000000000000000000000000000000000000000000 
145458000: system.memobj: hamming code addr: 608792 
145458000: system.memobj: hamming code out: 13 
145458000: system.memobj: find Error Bit index : 7 
145458000: system.memobj: hamming code addr: 608800 
145458000: system.memobj: hamming code out: 0 
145458000: system.memobj: hamming code addr: 608808 
145458000: system.memobj: hamming code out: 0 
145458000: system.memobj: hamming code addr: 608816 
145458000: system.memobj: hamming code out: 0 
145458000: system.memobj: hamming code addr: 608824 
145458000: system.memobj: hamming code out: 0 
145458000: system.memobj: hamming code addr: 608832 
145458000: system.memobj: hamming code out: 0 
145458000: system.memobj: hamming code addr: 608840 
145458000: system.memobj: hamming code out: 0 
145458000: system.memobj: hamming code addr: 608848 
145458000: system.memobj: hamming code out: 0 
145458000: system.memobj: fix data : 0011000100000000000000000000000000000000000000000000000000000000 
145458000: system.memobj: -------------------------------------
145507000: system.memobj: mem->cpu Got response for addr 0xe308 , 58120
145507000: system.memobj: size 0x8
145507000: system.memobj: id 94061725635952
145507000: system.memobj: data_hex : 05488B4424384981 
145507000: system.memobj: data : 0000010101001000100010110100010000100100001110000100100110000001 
145507000: system.memobj: fix data : 0000010101001000100010110100010000100100001110000100100110000001 
145507000: system.memobj: -------------------------------------
145556000: system.memobj: mem->cpu Got response for addr 0xe310 , 58128
145556000: system.memobj: size 0x8
145556000: system.memobj: id 94061725635664
145556000: system.memobj: data_hex : FD80245900480F45 
145556000: system.memobj: data : 1111110110000000001001000101100100000000010010000000111101000101 
145556000: system.memobj: fix data : 1111110110000000001001000101100100000000010010000000111101000101 
145556000: system.memobj: -------------------------------------
145605000: system.memobj: mem->cpu Got response for addr 0xe310 , 58128
145605000: system.memobj: size 0x8
145605000: system.memobj: id 94061725635952
145605000: system.memobj: data_hex : FD80245900480F45 
145605000: system.memobj: data : 1111110110000000001001000101100100000000010010000000111101000101 
145605000: system.memobj: fix data : 1111110110000000001001000101100100000000010010000000111101000101 
145605000: system.memobj: -------------------------------------
145654000: system.memobj: mem->cpu Got response for addr 0xe318 , 58136
145654000: system.memobj: size 0x8
145654000: system.memobj: id 94061725635664
145654000: system.memobj: data_hex : 4424404883CD0149 
145654000: system.memobj: data : 0100010000100100010000000100100010000011110011010000000101001001 
145654000: system.memobj: fix data : 0100010000100100010000000100100010000011110011010000000101001001 
145654000: system.memobj: -------------------------------------
145703000: system.memobj: mem->cpu Got response for addr 0x94a20 , 608800
145703000: system.memobj: size 0x8
145703000: system.memobj: id 94061725636240
145703000: system.memobj: data_hex : B500000000000000 
145703000: system.memobj: data : 1011010100000000000000000000000000000000000000000000000000000000 
145703000: system.memobj: hamming code addr: 608800 
145703000: system.memobj: hamming code out: 7 
145703000: system.memobj: find Error Bit index : 1 
145703000: system.memobj: hamming code addr: 608808 
145703000: system.memobj: hamming code out: 0 
145703000: system.memobj: hamming code addr: 608816 
145703000: system.memobj: hamming code out: 0 
145703000: system.memobj: hamming code addr: 608824 
145703000: system.memobj: hamming code out: 0 
145703000: system.memobj: hamming code addr: 608832 
145703000: system.memobj: hamming code out: 0 
145703000: system.memobj: hamming code addr: 608840 
145703000: system.memobj: hamming code out: 0 
145703000: system.memobj: hamming code addr: 608848 
145703000: system.memobj: hamming code out: 0 
145703000: system.memobj: hamming code addr: 608856 
145703000: system.memobj: hamming code out: 0 
145703000: system.memobj: fix data : 0011010100000000000000000000000000000000000000000000000000000000 
145703000: system.memobj: -------------------------------------
145752000: system.memobj: mem->cpu Got response for addr 0xe318 , 58136
145752000: system.memobj: size 0x8
145752000: system.memobj: id 94061725636240
145752000: system.memobj: data_hex : 4424404883CD0149 
145752000: system.memobj: data : 0100010000100100010000000100100010000011110011010000000101001001 
145752000: system.memobj: fix data : 0100010000100100010000000100100010000011110011010000000101001001 
145752000: system.memobj: -------------------------------------
145801000: system.memobj: mem->cpu Got response for addr 0xe318 , 58136
145801000: system.memobj: size 0x8
145801000: system.memobj: id 94061725635664
145801000: system.memobj: data_hex : 4424404883CD0149 
145801000: system.memobj: data : 0100010000100100010000000100100010000011110011010000000101001001 
145801000: system.memobj: fix data : 0100010000100100010000000100100010000011110011010000000101001001 
145801000: system.memobj: -------------------------------------
145864000: system.memobj: mem->cpu Got response for addr 0xe320 , 58144
145864000: system.memobj: size 0x8
145864000: system.memobj: id 94061725636240
145864000: system.memobj: data_hex : 899D880000004989 
145864000: system.memobj: data : 1000100110011101100010000000000000000000000000000100100110001001 
145864000: system.memobj: fix data : 1000100110011101100010000000000000000000000000000100100110001001 
145864000: system.memobj: -------------------------------------
145864000: system.memobj: cpu->mem Got request for addr 0x92508 , 599304
145864000: system.memobj: size 0x8
145864000: system.memobj: id 94061725635664
145864000: system.memobj: data_hex : 6040590000000000 
145864000: system.memobj: data : 0110000001000000010110010000000000000000000000000000000000000000 
145864000: system.memobj: hamming code addr: 599304 
145864000: system.memobj: hamming code : 3 
145864000: system.memobj: hamming code addr: 599312 
145864000: system.memobj: hamming code : 5 
145864000: system.memobj: hamming code addr: 599320 
145864000: system.memobj: hamming code : 7 
145864000: system.memobj: hamming code addr: 599328 
145864000: system.memobj: hamming code : 0 
145864000: system.memobj: hamming code addr: 599336 
145864000: system.memobj: hamming code : 0 
145864000: system.memobj: hamming code addr: 599344 
145864000: system.memobj: hamming code : 0 
145864000: system.memobj: hamming code addr: 599352 
145864000: system.memobj: hamming code : 0 
145864000: system.memobj: hamming code addr: 599360 
145864000: system.memobj: hamming code : 0 
145864000: system.memobj: Enter Error Bit index: 5 
145864000: system.memobj: flip data : 0110100001000000010110010000000000000000000000000000000000000000 
145864000: system.memobj: -------------------------------------
145934000: system.memobj: mem->cpu Got response for addr 0xe320 , 58144
145934000: system.memobj: size 0x8
145934000: system.memobj: id 94061725635664
145934000: system.memobj: data_hex : 899D880000004989 
145934000: system.memobj: data : 1000100110011101100010000000000000000000000000000100100110001001 
145934000: system.memobj: fix data : 1000100110011101100010000000000000000000000000000100100110001001 
145934000: system.memobj: -------------------------------------
145983000: system.memobj: mem->cpu Got response for addr 0xe328 , 58152
145983000: system.memobj: size 0x8
145983000: system.memobj: id 94061725636240
145983000: system.memobj: data_hex : 442408498D442410 
145983000: system.memobj: data : 0100010000100100000010000100100110001101010001000010010000010000 
145983000: system.memobj: fix data : 0100010000100100000010000100100110001101010001000010010000010000 
145983000: system.memobj: -------------------------------------
145983000: system.memobj: cpu->mem Got request for addr 0x96038 , 614456
145983000: system.memobj: size 0x8
145983000: system.memobj: id 94061725636528
145983000: system.memobj: data_hex : 3100000000000000 
145983000: system.memobj: data : 0011000100000000000000000000000000000000000000000000000000000000 
145983000: system.memobj: hamming code addr: 614456 
145983000: system.memobj: hamming code : 13 
145983000: system.memobj: hamming code addr: 614464 
145983000: system.memobj: hamming code : 0 
145983000: system.memobj: hamming code addr: 614472 
145983000: system.memobj: hamming code : 0 
145983000: system.memobj: hamming code addr: 614480 
145983000: system.memobj: hamming code : 0 
145983000: system.memobj: hamming code addr: 614488 
145983000: system.memobj: hamming code : 0 
145983000: system.memobj: hamming code addr: 614496 
145983000: system.memobj: hamming code : 0 
145983000: system.memobj: hamming code addr: 614504 
145983000: system.memobj: hamming code : 0 
145983000: system.memobj: hamming code addr: 614512 
145983000: system.memobj: hamming code : 0 
145983000: system.memobj: Enter Error Bit index: 4 
145983000: system.memobj: flip data : 0010000100000000000000000000000000000000000000000000000000000000 
145983000: system.memobj: -------------------------------------
146053000: system.memobj: mem->cpu Got response for addr 0xe328 , 58152
146053000: system.memobj: size 0x8
146053000: system.memobj: id 94061725636528
146053000: system.memobj: data_hex : 442408498D442410 
146053000: system.memobj: data : 0100010000100100000010000100100110001101010001000010010000010000 
146053000: system.memobj: fix data : 0100010000100100000010000100100110001101010001000010010000010000 
146053000: system.memobj: -------------------------------------
146102000: system.memobj: mem->cpu Got response for addr 0xe330 , 58160
146102000: system.memobj: size 0x8
146102000: system.memobj: id 94061725636816
146102000: system.memobj: data_hex : 48896B08E93CFBFF 
146102000: system.memobj: data : 0100100010001001011010110000100011101001001111001111101111111111 
146102000: system.memobj: fix data : 0100100010001001011010110000100011101001001111001111101111111111 
146102000: system.memobj: -------------------------------------
146102000: system.memobj: cpu->mem Got request for addr 0x96068 , 614504
146102000: system.memobj: size 0x8
146102000: system.memobj: id 94061725637104
146102000: system.memobj: data_hex : A10F020000000000 
146102000: system.memobj: data : 1010000100001111000000100000000000000000000000000000000000000000 
146102000: system.memobj: hamming code addr: 614504 
146102000: system.memobj: hamming code : 9 
146102000: system.memobj: hamming code addr: 614512 
146102000: system.memobj: hamming code : 4 
146102000: system.memobj: hamming code addr: 614520 
146102000: system.memobj: hamming code : 11 
146102000: system.memobj: hamming code addr: 614528 
146102000: system.memobj: hamming code : 0 
146102000: system.memobj: hamming code addr: 614536 
146102000: system.memobj: hamming code : 0 
146102000: system.memobj: hamming code addr: 614544 
146102000: system.memobj: hamming code : 0 
146102000: system.memobj: hamming code addr: 614552 
146102000: system.memobj: hamming code : 0 
146102000: system.memobj: hamming code addr: 614560 
146102000: system.memobj: hamming code : 0 
146102000: system.memobj: Enter Error Bit index: 3 
146102000: system.memobj: flip data : 1000000100001111000000100000000000000000000000000000000000000000 
146102000: system.memobj: -------------------------------------
146172000: system.memobj: mem->cpu Got response for addr 0xe330 , 58160
146172000: system.memobj: size 0x8
146172000: system.memobj: id 94061725637104
146172000: system.memobj: data_hex : 48896B08E93CFBFF 
146172000: system.memobj: data : 0100100010001001011010110000100011101001001111001111101111111111 
146172000: system.memobj: fix data : 0100100010001001011010110000100011101001001111001111101111111111 
146172000: system.memobj: -------------------------------------
146221000: system.memobj: mem->cpu Got response for addr 0xe338 , 58168
146221000: system.memobj: size 0x8
146221000: system.memobj: id 94061725636816
146221000: system.memobj: data_hex : FF8B15254A180048 
146221000: system.memobj: data : 1111111110001011000101010010010101001010000110000000000001001000 
146221000: system.memobj: fix data : 1111111110001011000101010010010101001010000110000000000001001000 
146221000: system.memobj: -------------------------------------
146270000: system.memobj: mem->cpu Got response for addr 0xde70 , 56944
146270000: system.memobj: size 0x8
146270000: system.memobj: id 94061725637104
146270000: system.memobj: data_hex : 498D4424104883C4 
146270000: system.memobj: data : 0100100110001101010001000010010000010000010010001000001111000100 
146270000: system.memobj: fix data : 0100100110001101010001000010010000010000010010001000001111000100 
146270000: system.memobj: -------------------------------------
146319000: system.memobj: mem->cpu Got response for addr 0xde78 , 56952
146319000: system.memobj: size 0x8
146319000: system.memobj: id 94061725636816
146319000: system.memobj: data_hex : 485B5D415C415D41 
146319000: system.memobj: data : 0100100001011011010111010100000101011100010000010101110101000001 
146319000: system.memobj: fix data : 0100100001011011010111010100000101011100010000010101110101000001 
146319000: system.memobj: -------------------------------------
146368000: system.memobj: mem->cpu Got response for addr 0xde78 , 56952
146368000: system.memobj: size 0x8
146368000: system.memobj: id 94061725637104
146368000: system.memobj: data_hex : 485B5D415C415D41 
146368000: system.memobj: data : 0100100001011011010111010100000101011100010000010101110101000001 
146368000: system.memobj: fix data : 0100100001011011010111010100000101011100010000010101110101000001 
146368000: system.memobj: -------------------------------------
146417000: system.memobj: mem->cpu Got response for addr 0x94a28 , 608808
146417000: system.memobj: size 0x8
146417000: system.memobj: id 94061725636816
146417000: system.memobj: data_hex : C024590000000000 
146417000: system.memobj: data : 1100000000100100010110010000000000000000000000000000000000000000 
146417000: system.memobj: hamming code addr: 608808 
146417000: system.memobj: hamming code out: 3 
146417000: system.memobj: find Error Bit index : 2 
146417000: system.memobj: hamming code addr: 608816 
146417000: system.memobj: hamming code out: 12 
146417000: system.memobj: hamming code addr: 608824 
146417000: system.memobj: hamming code out: 7 
146417000: system.memobj: hamming code addr: 608832 
146417000: system.memobj: hamming code out: 0 
146417000: system.memobj: hamming code addr: 608840 
146417000: system.memobj: hamming code out: 0 
146417000: system.memobj: hamming code addr: 608848 
146417000: system.memobj: hamming code out: 0 
146417000: system.memobj: hamming code addr: 608856 
146417000: system.memobj: hamming code out: 0 
146417000: system.memobj: hamming code addr: 608864 
146417000: system.memobj: hamming code out: 0 
146417000: system.memobj: fix data : 1000000000100100010110010000000000000000000000000000000000000000 
146417000: system.memobj: -------------------------------------
146466000: system.memobj: mem->cpu Got response for addr 0xde78 , 56952
146466000: system.memobj: size 0x8
146466000: system.memobj: id 94061725636816
146466000: system.memobj: data_hex : 485B5D415C415D41 
146466000: system.memobj: data : 0100100001011011010111010100000101011100010000010101110101000001 
146466000: system.memobj: fix data : 0100100001011011010111010100000101011100010000010101110101000001 
146466000: system.memobj: -------------------------------------
146515000: system.memobj: mem->cpu Got response for addr 0x94a30 , 608816
146515000: system.memobj: size 0x8
146515000: system.memobj: id 94061725637104
146515000: system.memobj: data_hex : 8424590000000000 
146515000: system.memobj: data : 1000010000100100010110010000000000000000000000000000000000000000 
146515000: system.memobj: hamming code addr: 608816 
146515000: system.memobj: hamming code out: 3 
146515000: system.memobj: find Error Bit index : 6 
146515000: system.memobj: hamming code addr: 608824 
146515000: system.memobj: hamming code out: 12 
146515000: system.memobj: hamming code addr: 608832 
146515000: system.memobj: hamming code out: 7 
146515000: system.memobj: hamming code addr: 608840 
146515000: system.memobj: hamming code out: 0 
146515000: system.memobj: hamming code addr: 608848 
146515000: system.memobj: hamming code out: 0 
146515000: system.memobj: hamming code addr: 608856 
146515000: system.memobj: hamming code out: 0 
146515000: system.memobj: hamming code addr: 608864 
146515000: system.memobj: hamming code out: 0 
146515000: system.memobj: hamming code addr: 608872 
146515000: system.memobj: hamming code out: 0 
146515000: system.memobj: fix data : 1000000000100100010110010000000000000000000000000000000000000000 
146515000: system.memobj: -------------------------------------
146578000: system.memobj: mem->cpu Got response for addr 0xde78 , 56952
146578000: system.memobj: size 0x8
146578000: system.memobj: id 94061725637104
146578000: system.memobj: data_hex : 485B5D415C415D41 
146578000: system.memobj: data : 0100100001011011010111010100000101011100010000010101110101000001 
146578000: system.memobj: fix data : 0100100001011011010111010100000101011100010000010101110101000001 
146578000: system.memobj: -------------------------------------
146627000: system.memobj: mem->cpu Got response for addr 0x94a38 , 608824
146627000: system.memobj: size 0x8
146627000: system.memobj: id 94061725636816
146627000: system.memobj: data_hex : 2800000000000000 
146627000: system.memobj: data : 0010100000000000000000000000000000000000000000000000000000000000 
146627000: system.memobj: hamming code addr: 608824 
146627000: system.memobj: hamming code out: 6 
146627000: system.memobj: find Error Bit index : 5 
146627000: system.memobj: hamming code addr: 608832 
146627000: system.memobj: hamming code out: 0 
146627000: system.memobj: hamming code addr: 608840 
146627000: system.memobj: hamming code out: 0 
146627000: system.memobj: hamming code addr: 608848 
146627000: system.memobj: hamming code out: 0 
146627000: system.memobj: hamming code addr: 608856 
146627000: system.memobj: hamming code out: 0 
146627000: system.memobj: hamming code addr: 608864 
146627000: system.memobj: hamming code out: 0 
146627000: system.memobj: hamming code addr: 608872 
146627000: system.memobj: hamming code out: 0 
146627000: system.memobj: hamming code addr: 608880 
146627000: system.memobj: hamming code out: 0 
146627000: system.memobj: fix data : 0010000000000000000000000000000000000000000000000000000000000000 
146627000: system.memobj: -------------------------------------
146676000: system.memobj: mem->cpu Got response for addr 0xde78 , 56952
146676000: system.memobj: size 0x8
146676000: system.memobj: id 94061725636816
146676000: system.memobj: data_hex : 485B5D415C415D41 
146676000: system.memobj: data : 0100100001011011010111010100000101011100010000010101110101000001 
146676000: system.memobj: fix data : 0100100001011011010111010100000101011100010000010101110101000001 
146676000: system.memobj: -------------------------------------
146725000: system.memobj: mem->cpu Got response for addr 0x94a40 , 608832
146725000: system.memobj: size 0x8
146725000: system.memobj: id 94061725637104
146725000: system.memobj: data_hex : 81C5400000000000 
146725000: system.memobj: data : 1000000111000101010000000000000000000000000000000000000000000000 
146725000: system.memobj: hamming code addr: 608832 
146725000: system.memobj: hamming code out: 3 
146725000: system.memobj: find Error Bit index : 8 
146725000: system.memobj: hamming code addr: 608840 
146725000: system.memobj: hamming code out: 0 
146725000: system.memobj: hamming code addr: 608848 
146725000: system.memobj: hamming code out: 5 
146725000: system.memobj: hamming code addr: 608856 
146725000: system.memobj: hamming code out: 0 
146725000: system.memobj: hamming code addr: 608864 
146725000: system.memobj: hamming code out: 0 
146725000: system.memobj: hamming code addr: 608872 
146725000: system.memobj: hamming code out: 0 
146725000: system.memobj: hamming code addr: 608880 
146725000: system.memobj: hamming code out: 0 
146725000: system.memobj: hamming code addr: 608888 
146725000: system.memobj: hamming code out: 0 
146725000: system.memobj: fix data : 1000000011000101010000000000000000000000000000000000000000000000 
146725000: system.memobj: -------------------------------------
146774000: system.memobj: mem->cpu Got response for addr 0xde78 , 56952
146774000: system.memobj: size 0x8
146774000: system.memobj: id 94061725637104
146774000: system.memobj: data_hex : 485B5D415C415D41 
146774000: system.memobj: data : 0100100001011011010111010100000101011100010000010101110101000001 
146774000: system.memobj: fix data : 0100100001011011010111010100000101011100010000010101110101000001 
146774000: system.memobj: -------------------------------------
146823000: system.memobj: mem->cpu Got response for addr 0xde80 , 56960
146823000: system.memobj: size 0x8
146823000: system.memobj: id 94061725636816
146823000: system.memobj: data_hex : 5E415FC3488B4424 
146823000: system.memobj: data : 0101111001000001010111111100001101001000100010110100010000100100 
146823000: system.memobj: fix data : 0101111001000001010111111100001101001000100010110100010000100100 
146823000: system.memobj: -------------------------------------
146872000: system.memobj: mem->cpu Got response for addr 0x94a48 , 608840
146872000: system.memobj: size 0x8
146872000: system.memobj: id 94061725637104
146872000: system.memobj: data_hex : 0800000000000000 
146872000: system.memobj: data : 0000100000000000000000000000000000000000000000000000000000000000 
146872000: system.memobj: hamming code addr: 608840 
146872000: system.memobj: hamming code out: 0 
146872000: system.memobj: find Error Bit index : 5 
146872000: system.memobj: hamming code addr: 608848 
146872000: system.memobj: hamming code out: 0 
146872000: system.memobj: hamming code addr: 608856 
146872000: system.memobj: hamming code out: 0 
146872000: system.memobj: hamming code addr: 608864 
146872000: system.memobj: hamming code out: 0 
146872000: system.memobj: hamming code addr: 608872 
146872000: system.memobj: hamming code out: 0 
146872000: system.memobj: hamming code addr: 608880 
146872000: system.memobj: hamming code out: 0 
146872000: system.memobj: hamming code addr: 608888 
146872000: system.memobj: hamming code out: 0 
146872000: system.memobj: hamming code addr: 608896 
146872000: system.memobj: hamming code out: 0 
146872000: system.memobj: fix data : 0000000000000000000000000000000000000000000000000000000000000000 
146872000: system.memobj: -------------------------------------
146921000: system.memobj: mem->cpu Got response for addr 0xde80 , 56960
146921000: system.memobj: size 0x8
146921000: system.memobj: id 94061725637104
146921000: system.memobj: data_hex : 5E415FC3488B4424 
146921000: system.memobj: data : 0101111001000001010111111100001101001000100010110100010000100100 
146921000: system.memobj: fix data : 0101111001000001010111111100001101001000100010110100010000100100 
146921000: system.memobj: -------------------------------------
146970000: system.memobj: mem->cpu Got response for addr 0x94a50 , 608848
146970000: system.memobj: size 0x8
146970000: system.memobj: id 94061725636816
146970000: system.memobj: data_hex : 00C6400000000000 
146970000: system.memobj: data : 0000000011000110010000000000000000000000000000000000000000000000 
146970000: system.memobj: hamming code addr: 608848 
146970000: system.memobj: hamming code out: 3 
146970000: system.memobj: find Error Bit index : 1 
146970000: system.memobj: hamming code addr: 608856 
146970000: system.memobj: hamming code out: 7 
146970000: system.memobj: hamming code addr: 608864 
146970000: system.memobj: hamming code out: 5 
146970000: system.memobj: hamming code addr: 608872 
146970000: system.memobj: hamming code out: 0 
146970000: system.memobj: hamming code addr: 608880 
146970000: system.memobj: hamming code out: 0 
146970000: system.memobj: hamming code addr: 608888 
146970000: system.memobj: hamming code out: 0 
146970000: system.memobj: hamming code addr: 608896 
146970000: system.memobj: hamming code out: 0 
146970000: system.memobj: hamming code addr: 608904 
146970000: system.memobj: hamming code out: 0 
146970000: system.memobj: fix data : 1000000011000110010000000000000000000000000000000000000000000000 
146970000: system.memobj: -------------------------------------
147019000: system.memobj: mem->cpu Got response for addr 0xde80 , 56960
147019000: system.memobj: size 0x8
147019000: system.memobj: id 94061725636816
147019000: system.memobj: data_hex : 5E415FC3488B4424 
147019000: system.memobj: data : 0101111001000001010111111100001101001000100010110100010000100100 
147019000: system.memobj: fix data : 0101111001000001010111111100001101001000100010110100010000100100 
147019000: system.memobj: -------------------------------------
147068000: system.memobj: mem->cpu Got response for addr 0x94a58 , 608856
147068000: system.memobj: size 0x8
147068000: system.memobj: id 94061725637104
147068000: system.memobj: data_hex : FCF9400000000000 
147068000: system.memobj: data : 1111110011111001010000000000000000000000000000000000000000000000 
147068000: system.memobj: hamming code addr: 608856 
147068000: system.memobj: hamming code out: 14 
147068000: system.memobj: find Error Bit index : 6 
147068000: system.memobj: hamming code addr: 608864 
147068000: system.memobj: hamming code out: 2 
147068000: system.memobj: hamming code addr: 608872 
147068000: system.memobj: hamming code out: 5 
147068000: system.memobj: hamming code addr: 608880 
147068000: system.memobj: hamming code out: 0 
147068000: system.memobj: hamming code addr: 608888 
147068000: system.memobj: hamming code out: 0 
147068000: system.memobj: hamming code addr: 608896 
147068000: system.memobj: hamming code out: 0 
147068000: system.memobj: hamming code addr: 608904 
147068000: system.memobj: hamming code out: 0 
147068000: system.memobj: hamming code addr: 608912 
147068000: system.memobj: hamming code out: 0 
147068000: system.memobj: fix data : 1111100011111001010000000000000000000000000000000000000000000000 
147068000: system.memobj: -------------------------------------
147117000: system.memobj: mem->cpu Got response for addr 0xf9f8 , 63992
147117000: system.memobj: size 0x8
147117000: system.memobj: id 94061725637104
147117000: system.memobj: data_hex : 4885C04889C57462 
147117000: system.memobj: data : 0100100010000101110000000100100010001001110001010111010001100010 
147117000: system.memobj: fix data : 0100100010000101110000000100100010001001110001010111010001100010 
147117000: system.memobj: -------------------------------------
147166000: system.memobj: mem->cpu Got response for addr 0xf9f8 , 63992
147166000: system.memobj: size 0x8
147166000: system.memobj: id 94061725636816
147166000: system.memobj: data_hex : 4885C04889C57462 
147166000: system.memobj: data : 0100100010000101110000000100100010001001110001010111010001100010 
147166000: system.memobj: fix data : 0100100010000101110000000100100010001001110001010111010001100010 
147166000: system.memobj: -------------------------------------
147215000: system.memobj: mem->cpu Got response for addr 0xf9f8 , 63992
147215000: system.memobj: size 0x8
147215000: system.memobj: id 94061725637104
147215000: system.memobj: data_hex : 4885C04889C57462 
147215000: system.memobj: data : 0100100010000101110000000100100010001001110001010111010001100010 
147215000: system.memobj: fix data : 0100100010000101110000000100100010001001110001010111010001100010 
147215000: system.memobj: -------------------------------------
147264000: system.memobj: mem->cpu Got response for addr 0xfa00 , 64000
147264000: system.memobj: size 0x8
147264000: system.memobj: id 94061725636816
147264000: system.memobj: data_hex : B8000000004885C0 
147264000: system.memobj: data : 1011100000000000000000000000000000000000010010001000010111000000 
147264000: system.memobj: fix data : 1011100000000000000000000000000000000000010010001000010111000000 
147264000: system.memobj: -------------------------------------
147313000: system.memobj: mem->cpu Got response for addr 0xfa00 , 64000
147313000: system.memobj: size 0x8
147313000: system.memobj: id 94061725637104
147313000: system.memobj: data_hex : B8000000004885C0 
147313000: system.memobj: data : 1011100000000000000000000000000000000000010010001000010111000000 
147313000: system.memobj: fix data : 1011100000000000000000000000000000000000010010001000010111000000 
147313000: system.memobj: -------------------------------------
147362000: system.memobj: mem->cpu Got response for addr 0xfa08 , 64008
147362000: system.memobj: size 0x8
147362000: system.memobj: id 94061725636816
147362000: system.memobj: data_hex : 743F4889DFE8EE05 
147362000: system.memobj: data : 0111010000111111010010001000100111011111111010001110111000000101 
147362000: system.memobj: fix data : 0111010000111111010010001000100111011111111010001110111000000101 
147362000: system.memobj: -------------------------------------
147411000: system.memobj: mem->cpu Got response for addr 0xfa48 , 64072
147411000: system.memobj: size 0x8
147411000: system.memobj: id 94061725637104
147411000: system.memobj: data_hex : 9DC7030000000090 
147411000: system.memobj: data : 1001110111000111000000110000000000000000000000000000000010010000 
147411000: system.memobj: fix data : 1001110111000111000000110000000000000000000000000000000010010000 
147411000: system.memobj: -------------------------------------
147411000: system.memobj: cpu->mem Got request for addr 0x92480 , 599168
147411000: system.memobj: size 0x4
147411000: system.memobj: id 94061725636816
147411000: system.memobj: data_hex : 00000000 
147411000: system.memobj: data : 00000000000000000000000000000000 
147411000: system.memobj: hamming code addr: 599168 
147411000: system.memobj: hamming code : 0 
147411000: system.memobj: hamming code addr: 599176 
147411000: system.memobj: hamming code : 0 
147411000: system.memobj: hamming code addr: 599184 
147411000: system.memobj: hamming code : 0 
147411000: system.memobj: hamming code addr: 599192 
147411000: system.memobj: hamming code : 0 
147411000: system.memobj: Enter Error Bit index: 1 
147411000: system.memobj: flip data : 10000000000000000000000000000000 
147411000: system.memobj: -------------------------------------
147481000: system.memobj: mem->cpu Got response for addr 0xfa48 , 64072
147481000: system.memobj: size 0x8
147481000: system.memobj: id 94061725636816
147481000: system.memobj: data_hex : 9DC7030000000090 
147481000: system.memobj: data : 1001110111000111000000110000000000000000000000000000000010010000 
147481000: system.memobj: fix data : 1001110111000111000000110000000000000000000000000000000010010000 
147481000: system.memobj: -------------------------------------
147530000: system.memobj: mem->cpu Got response for addr 0xfa50 , 64080
147530000: system.memobj: size 0x8
147530000: system.memobj: id 94061725637104
147530000: system.memobj: data_hex : EBC04C89E64889EF 
147530000: system.memobj: data : 1110101111000000010011001000100111100110010010001000100111101111 
147530000: system.memobj: fix data : 1110101111000000010011001000100111100110010010001000100111101111 
147530000: system.memobj: -------------------------------------
147593000: system.memobj: mem->cpu Got response for addr 0xfa10 , 64016
147593000: system.memobj: size 0x8
147593000: system.memobj: id 94061725636816
147593000: system.memobj: data_hex : BFFF4889E8488B5C 
147593000: system.memobj: data : 1011111111111111010010001000100111101000010010001000101101011100 
147593000: system.memobj: fix data : 1011111111111111010010001000100111101000010010001000101101011100 
147593000: system.memobj: -------------------------------------
147642000: system.memobj: mem->cpu Got response for addr 0xfa10 , 64016
147642000: system.memobj: size 0x8
147642000: system.memobj: id 94061725637104
147642000: system.memobj: data_hex : BFFF4889E8488B5C 
147642000: system.memobj: data : 1011111111111111010010001000100111101000010010001000101101011100 
147642000: system.memobj: fix data : 1011111111111111010010001000100111101000010010001000101101011100 
147642000: system.memobj: -------------------------------------
147691000: system.memobj: mem->cpu Got response for addr 0xfa18 , 64024
147691000: system.memobj: size 0x8
147691000: system.memobj: id 94061725636816
147691000: system.memobj: data_hex : 2408488B6C24104C 
147691000: system.memobj: data : 0010010000001000010010001000101101101100001001000001000001001100 
147691000: system.memobj: fix data : 0010010000001000010010001000101101101100001001000001000001001100 
147691000: system.memobj: -------------------------------------
147740000: system.memobj: mem->cpu Got response for addr 0x94a68 , 608872
147740000: system.memobj: size 0x8
147740000: system.memobj: id 94061725637104
147740000: system.memobj: data_hex : 5040590000000000 
147740000: system.memobj: data : 0101000001000000010110010000000000000000000000000000000000000000 
147740000: system.memobj: hamming code addr: 608872 
147740000: system.memobj: hamming code out: 7 
147740000: system.memobj: find Error Bit index : 2 
147740000: system.memobj: hamming code addr: 608880 
147740000: system.memobj: hamming code out: 5 
147740000: system.memobj: hamming code addr: 608888 
147740000: system.memobj: hamming code out: 7 
147740000: system.memobj: hamming code addr: 608896 
147740000: system.memobj: hamming code out: 0 
147740000: system.memobj: hamming code addr: 608904 
147740000: system.memobj: hamming code out: 0 
147740000: system.memobj: hamming code addr: 608912 
147740000: system.memobj: hamming code out: 0 
147740000: system.memobj: hamming code addr: 608920 
147740000: system.memobj: hamming code out: 0 
147740000: system.memobj: hamming code addr: 608928 
147740000: system.memobj: hamming code out: 0 
147740000: system.memobj: fix data : 0001000001000000010110010000000000000000000000000000000000000000 
147740000: system.memobj: -------------------------------------
147789000: system.memobj: mem->cpu Got response for addr 0xfa18 , 64024
147789000: system.memobj: size 0x8
147789000: system.memobj: id 94061725637104
147789000: system.memobj: data_hex : 2408488B6C24104C 
147789000: system.memobj: data : 0010010000001000010010001000101101101100001001000001000001001100 
147789000: system.memobj: fix data : 0010010000001000010010001000101101101100001001000001000001001100 
147789000: system.memobj: -------------------------------------
147838000: system.memobj: mem->cpu Got response for addr 0x94a70 , 608880
147838000: system.memobj: size 0x8
147838000: system.memobj: id 94061725636816
147838000: system.memobj: data_hex : 0400000000000000 
147838000: system.memobj: data : 0000010000000000000000000000000000000000000000000000000000000000 
147838000: system.memobj: hamming code addr: 608880 
147838000: system.memobj: hamming code out: 0 
147838000: system.memobj: find Error Bit index : 6 
147838000: system.memobj: hamming code addr: 608888 
147838000: system.memobj: hamming code out: 0 
147838000: system.memobj: hamming code addr: 608896 
147838000: system.memobj: hamming code out: 0 
147838000: system.memobj: hamming code addr: 608904 
147838000: system.memobj: hamming code out: 0 
147838000: system.memobj: hamming code addr: 608912 
147838000: system.memobj: hamming code out: 0 
147838000: system.memobj: hamming code addr: 608920 
147838000: system.memobj: hamming code out: 0 
147838000: system.memobj: hamming code addr: 608928 
147838000: system.memobj: hamming code out: 0 
147838000: system.memobj: hamming code addr: 608936 
147838000: system.memobj: hamming code out: 0 
147838000: system.memobj: fix data : 0000000000000000000000000000000000000000000000000000000000000000 
147838000: system.memobj: -------------------------------------
147887000: system.memobj: mem->cpu Got response for addr 0xfa18 , 64024
147887000: system.memobj: size 0x8
147887000: system.memobj: id 94061725636816
147887000: system.memobj: data_hex : 2408488B6C24104C 
147887000: system.memobj: data : 0010010000001000010010001000101101101100001001000001000001001100 
147887000: system.memobj: fix data : 0010010000001000010010001000101101101100001001000001000001001100 
147887000: system.memobj: -------------------------------------
147936000: system.memobj: mem->cpu Got response for addr 0xfa20 , 64032
147936000: system.memobj: size 0x8
147936000: system.memobj: id 94061725637104
147936000: system.memobj: data_hex : 8B6424184C8B6C24 
147936000: system.memobj: data : 1000101101100100001001000001100001001100100010110110110000100100 
147936000: system.memobj: fix data : 1000101101100100001001000001100001001100100010110110110000100100 
147936000: system.memobj: -------------------------------------
147956000: system.memobj: mem->cpu Got response for addr 0x94a78 , 608888
147956000: system.memobj: size 0x8
147956000: system.memobj: id 94061725636816
147956000: system.memobj: data_hex : 1000000000000000 
147956000: system.memobj: data : 0001000000000000000000000000000000000000000000000000000000000000 
147956000: system.memobj: hamming code addr: 608888 
147956000: system.memobj: hamming code out: 0 
147956000: system.memobj: find Error Bit index : 4 
147956000: system.memobj: hamming code addr: 608896 
147956000: system.memobj: hamming code out: 0 
147956000: system.memobj: hamming code addr: 608904 
147956000: system.memobj: hamming code out: 0 
147956000: system.memobj: hamming code addr: 608912 
147956000: system.memobj: hamming code out: 0 
147956000: system.memobj: hamming code addr: 608920 
147956000: system.memobj: hamming code out: 0 
147956000: system.memobj: hamming code addr: 608928 
147956000: system.memobj: hamming code out: 0 
147956000: system.memobj: hamming code addr: 608936 
147956000: system.memobj: hamming code out: 0 
147956000: system.memobj: hamming code addr: 608944 
147956000: system.memobj: hamming code out: 0 
147956000: system.memobj: fix data : 0000000000000000000000000000000000000000000000000000000000000000 
147956000: system.memobj: -------------------------------------
148275000: system.memobj: mem->cpu Got response for addr 0xfa20 , 64032
148275000: system.memobj: size 0x8
148275000: system.memobj: id 94061725636816
148275000: system.memobj: data_hex : 8B6424184C8B6C24 
148275000: system.memobj: data : 1000101101100100001001000001100001001100100010110110110000100100 
148275000: system.memobj: fix data : 1000101101100100001001000001100001001100100010110110110000100100 
148275000: system.memobj: -------------------------------------
148324000: system.memobj: mem->cpu Got response for addr 0xfa28 , 64040
148324000: system.memobj: size 0x8
148324000: system.memobj: id 94061725637104
148324000: system.memobj: data_hex : 204883C428C3488B 
148324000: system.memobj: data : 0010000001001000100000111100010000101000110000110100100010001011 
148324000: system.memobj: fix data : 0010000001001000100000111100010000101000110000110100100010001011 
148324000: system.memobj: -------------------------------------
148387000: system.memobj: mem->cpu Got response for addr 0x94a80 , 608896
148387000: system.memobj: size 0x8
148387000: system.memobj: id 94061725636816
148387000: system.memobj: data_hex : 88C5400000000000 
148387000: system.memobj: data : 1000100011000101010000000000000000000000000000000000000000000000 
148387000: system.memobj: hamming code addr: 608896 
148387000: system.memobj: hamming code out: 3 
148387000: system.memobj: find Error Bit index : 5 
148387000: system.memobj: hamming code addr: 608904 
148387000: system.memobj: hamming code out: 0 
148387000: system.memobj: hamming code addr: 608912 
148387000: system.memobj: hamming code out: 5 
148387000: system.memobj: hamming code addr: 608920 
148387000: system.memobj: hamming code out: 0 
148387000: system.memobj: hamming code addr: 608928 
148387000: system.memobj: hamming code out: 0 
148387000: system.memobj: hamming code addr: 608936 
148387000: system.memobj: hamming code out: 0 
148387000: system.memobj: hamming code addr: 608944 
148387000: system.memobj: hamming code out: 0 
148387000: system.memobj: hamming code addr: 608952 
148387000: system.memobj: hamming code out: 0 
148387000: system.memobj: fix data : 1000000011000101010000000000000000000000000000000000000000000000 
148387000: system.memobj: -------------------------------------
148436000: system.memobj: mem->cpu Got response for addr 0xfa28 , 64040
148436000: system.memobj: size 0x8
148436000: system.memobj: id 94061725636816
148436000: system.memobj: data_hex : 204883C428C3488B 
148436000: system.memobj: data : 0010000001001000100000111100010000101000110000110100100010001011 
148436000: system.memobj: fix data : 0010000001001000100000111100010000101000110000110100100010001011 
148436000: system.memobj: -------------------------------------
148485000: system.memobj: mem->cpu Got response for addr 0xfa28 , 64040
148485000: system.memobj: size 0x8
148485000: system.memobj: id 94061725637104
148485000: system.memobj: data_hex : 204883C428C3488B 
148485000: system.memobj: data : 0010000001001000100000111100010000101000110000110100100010001011 
148485000: system.memobj: fix data : 0010000001001000100000111100010000101000110000110100100010001011 
148485000: system.memobj: -------------------------------------
148505000: system.memobj: mem->cpu Got response for addr 0x94a88 , 608904
148505000: system.memobj: size 0x8
148505000: system.memobj: id 94061725636816
148505000: system.memobj: data_hex : 7844410000000000 
148505000: system.memobj: data : 0111100001000100010000010000000000000000000000000000000000000000 
148505000: system.memobj: hamming code addr: 608904 
148505000: system.memobj: hamming code out: 8 
148505000: system.memobj: find Error Bit index : 2 
148505000: system.memobj: hamming code addr: 608912 
148505000: system.memobj: hamming code out: 15 
148505000: system.memobj: hamming code addr: 608920 
148505000: system.memobj: hamming code out: 9 
148505000: system.memobj: hamming code addr: 608928 
148505000: system.memobj: hamming code out: 0 
148505000: system.memobj: hamming code addr: 608936 
148505000: system.memobj: hamming code out: 0 
148505000: system.memobj: hamming code addr: 608944 
148505000: system.memobj: hamming code out: 0 
148505000: system.memobj: hamming code addr: 608952 
148505000: system.memobj: hamming code out: 0 
148505000: system.memobj: hamming code addr: 608960 
148505000: system.memobj: hamming code out: 0 
148505000: system.memobj: fix data : 0011100001000100010000010000000000000000000000000000000000000000 
148505000: system.memobj: -------------------------------------
148582000: system.memobj: mem->cpu Got response for addr 0x14438 , 83000
148582000: system.memobj: size 0x8
148582000: system.memobj: id 94061725636816
148582000: system.memobj: data_hex : 4885C04889C50F84 
148582000: system.memobj: data : 0100100010000101110000000100100010001001110001010000111110000100 
148582000: system.memobj: fix data : 0100100010000101110000000100100010001001110001010000111110000100 
148582000: system.memobj: -------------------------------------
148631000: system.memobj: mem->cpu Got response for addr 0x14438 , 83000
148631000: system.memobj: size 0x8
148631000: system.memobj: id 94061725637104
148631000: system.memobj: data_hex : 4885C04889C50F84 
148631000: system.memobj: data : 0100100010000101110000000100100010001001110001010000111110000100 
148631000: system.memobj: fix data : 0100100010000101110000000100100010001001110001010000111110000100 
148631000: system.memobj: -------------------------------------
148680000: system.memobj: mem->cpu Got response for addr 0x14438 , 83000
148680000: system.memobj: size 0x8
148680000: system.memobj: id 94061725636816
148680000: system.memobj: data_hex : 4885C04889C50F84 
148680000: system.memobj: data : 0100100010000101110000000100100010001001110001010000111110000100 
148680000: system.memobj: fix data : 0100100010000101110000000100100010001001110001010000111110000100 
148680000: system.memobj: -------------------------------------
148729000: system.memobj: mem->cpu Got response for addr 0x14440 , 83008
148729000: system.memobj: size 0x8
148729000: system.memobj: id 94061725637104
148729000: system.memobj: data_hex : EE0000004C897810 
148729000: system.memobj: data : 1110111000000000000000000000000001001100100010010111100000010000 
148729000: system.memobj: fix data : 1110111000000000000000000000000001001100100010010111100000010000 
148729000: system.memobj: -------------------------------------
148778000: system.memobj: mem->cpu Got response for addr 0x14440 , 83008
148778000: system.memobj: size 0x8
148778000: system.memobj: id 94061725636816
148778000: system.memobj: data_hex : EE0000004C897810 
148778000: system.memobj: data : 1110111000000000000000000000000001001100100010010111100000010000 
148778000: system.memobj: fix data : 1110111000000000000000000000000001001100100010010111100000010000 
148778000: system.memobj: -------------------------------------
148778000: system.memobj: cpu->mem Got request for addr 0x96050 , 614480
148778000: system.memobj: size 0x8
148778000: system.memobj: id 94061725637392
148778000: system.memobj: data_hex : 80C6400000000000 
148778000: system.memobj: data : 1000000011000110010000000000000000000000000000000000000000000000 
148778000: system.memobj: hamming code addr: 614480 
148778000: system.memobj: hamming code : 3 
148778000: system.memobj: hamming code addr: 614488 
148778000: system.memobj: hamming code : 7 
148778000: system.memobj: hamming code addr: 614496 
148778000: system.memobj: hamming code : 5 
148778000: system.memobj: hamming code addr: 614504 
148778000: system.memobj: hamming code : 0 
148778000: system.memobj: hamming code addr: 614512 
148778000: system.memobj: hamming code : 0 
148778000: system.memobj: hamming code addr: 614520 
148778000: system.memobj: hamming code : 0 
148778000: system.memobj: hamming code addr: 614528 
148778000: system.memobj: hamming code : 0 
148778000: system.memobj: hamming code addr: 614536 
148778000: system.memobj: hamming code : 0 
148778000: system.memobj: Enter Error Bit index: 5 
148778000: system.memobj: flip data : 1000100011000110010000000000000000000000000000000000000000000000 
148778000: system.memobj: -------------------------------------
148848000: system.memobj: mem->cpu Got response for addr 0x14448 , 83016
148848000: system.memobj: size 0x8
148848000: system.memobj: id 94061725637392
148848000: system.memobj: data_hex : 4C89701848833C24 
148848000: system.memobj: data : 0100110010001001011100000001100001001000100000110011110000100100 
148848000: system.memobj: fix data : 0100110010001001011100000001100001001000100000110011110000100100 
148848000: system.memobj: -------------------------------------
148848000: system.memobj: cpu->mem Got request for addr 0x96058 , 614488
148848000: system.memobj: size 0x8
148848000: system.memobj: id 94061725636816
148848000: system.memobj: data_hex : 0000000000000000 
148848000: system.memobj: data : 0000000000000000000000000000000000000000000000000000000000000000 
148848000: system.memobj: hamming code addr: 614488 
148848000: system.memobj: hamming code : 0 
148848000: system.memobj: hamming code addr: 614496 
148848000: system.memobj: hamming code : 0 
148848000: system.memobj: hamming code addr: 614504 
148848000: system.memobj: hamming code : 0 
148848000: system.memobj: hamming code addr: 614512 
148848000: system.memobj: hamming code : 0 
148848000: system.memobj: hamming code addr: 614520 
148848000: system.memobj: hamming code : 0 
148848000: system.memobj: hamming code addr: 614528 
148848000: system.memobj: hamming code : 0 
148848000: system.memobj: hamming code addr: 614536 
148848000: system.memobj: hamming code : 0 
148848000: system.memobj: hamming code addr: 614544 
148848000: system.memobj: hamming code : 0 
148848000: system.memobj: Enter Error Bit index: 7 
148848000: system.memobj: flip data : 0000001000000000000000000000000000000000000000000000000000000000 
148848000: system.memobj: -------------------------------------
148918000: system.memobj: mem->cpu Got response for addr 0x14448 , 83016
148918000: system.memobj: size 0x8
148918000: system.memobj: id 94061725636816
148918000: system.memobj: data_hex : 4C89701848833C24 
148918000: system.memobj: data : 0100110010001001011100000001100001001000100000110011110000100100 
148918000: system.memobj: fix data : 0100110010001001011100000001100001001000100000110011110000100100 
148918000: system.memobj: -------------------------------------
148967000: system.memobj: mem->cpu Got response for addr 0x14450 , 83024
148967000: system.memobj: size 0x8
148967000: system.memobj: id 94061725637392
148967000: system.memobj: data_hex : 007424BF20000000 
148967000: system.memobj: data : 0000000001110100001001001011111100100000000000000000000000000000 
148967000: system.memobj: fix data : 0000000001110100001001001011111100100000000000000000000000000000 
148967000: system.memobj: -------------------------------------
149044000: system.memobj: mem->cpu Got response for addr 0x94a90 , 608912
149044000: system.memobj: size 0x8
149044000: system.memobj: id 94061725637680
149044000: system.memobj: data_hex : 58C7400000000000 
149044000: system.memobj: data : 0101100011000111010000000000000000000000000000000000000000000000 
149044000: system.memobj: hamming code addr: 608912 
149044000: system.memobj: hamming code out: 2 
149044000: system.memobj: find Error Bit index : 5 
149044000: system.memobj: hamming code addr: 608920 
149044000: system.memobj: hamming code out: 11 
149044000: system.memobj: hamming code addr: 608928 
149044000: system.memobj: hamming code out: 5 
149044000: system.memobj: hamming code addr: 608936 
149044000: system.memobj: hamming code out: 0 
149044000: system.memobj: hamming code addr: 608944 
149044000: system.memobj: hamming code out: 0 
149044000: system.memobj: hamming code addr: 608952 
149044000: system.memobj: hamming code out: 0 
149044000: system.memobj: hamming code addr: 608960 
149044000: system.memobj: hamming code out: 0 
149044000: system.memobj: hamming code addr: 608968 
149044000: system.memobj: hamming code out: 0 
149044000: system.memobj: fix data : 0101000011000111010000000000000000000000000000000000000000000000 
149044000: system.memobj: -------------------------------------
149121000: system.memobj: mem->cpu Got response for addr 0x14450 , 83024
149121000: system.memobj: size 0x8
149121000: system.memobj: id 94061725637680
149121000: system.memobj: data_hex : 007424BF20000000 
149121000: system.memobj: data : 0000000001110100001001001011111100100000000000000000000000000000 
149121000: system.memobj: fix data : 0000000001110100001001001011111100100000000000000000000000000000 
149121000: system.memobj: -------------------------------------
149170000: system.memobj: mem->cpu Got response for addr 0x14450 , 83024
149170000: system.memobj: size 0x8
149170000: system.memobj: id 94061725637392
149170000: system.memobj: data_hex : 007424BF20000000 
149170000: system.memobj: data : 0000000001110100001001001011111100100000000000000000000000000000 
149170000: system.memobj: fix data : 0000000001110100001001001011111100100000000000000000000000000000 
149170000: system.memobj: -------------------------------------
149219000: system.memobj: mem->cpu Got response for addr 0x14458 , 83032
149219000: system.memobj: size 0x8
149219000: system.memobj: id 94061725637680
149219000: system.memobj: data_hex : E803B5FFFF4885C0 
149219000: system.memobj: data : 1110100000000011101101011111111111111111010010001000010111000000 
149219000: system.memobj: fix data : 1110100000000011101101011111111111111111010010001000010111000000 
149219000: system.memobj: -------------------------------------
149219000: system.memobj: cpu->mem Got request for addr 0x94a88 , 608904
149219000: system.memobj: size 0x8
149219000: system.memobj: id 94061725637968
149219000: system.memobj: data_hex : 5D44410000000000 
149219000: system.memobj: data : 0101110101000100010000010000000000000000000000000000000000000000 
149219000: system.memobj: hamming code addr: 608904 
149219000: system.memobj: hamming code : 13 
149219000: system.memobj: hamming code addr: 608912 
149219000: system.memobj: hamming code : 15 
149219000: system.memobj: hamming code addr: 608920 
149219000: system.memobj: hamming code : 9 
149219000: system.memobj: hamming code addr: 608928 
149219000: system.memobj: hamming code : 0 
149219000: system.memobj: hamming code addr: 608936 
149219000: system.memobj: hamming code : 0 
149219000: system.memobj: hamming code addr: 608944 
149219000: system.memobj: hamming code : 0 
149219000: system.memobj: hamming code addr: 608952 
149219000: system.memobj: hamming code : 0 
149219000: system.memobj: hamming code addr: 608960 
149219000: system.memobj: hamming code : 0 
149219000: system.memobj: Enter Error Bit index: 3 
149219000: system.memobj: flip data : 0111110101000100010000010000000000000000000000000000000000000000 
149219000: system.memobj: -------------------------------------
149289000: system.memobj: mem->cpu Got response for addr 0xf960 , 63840
149289000: system.memobj: size 0x8
149289000: system.memobj: id 94061725637968
149289000: system.memobj: data_hex : 4C896424F048895C 
149289000: system.memobj: data : 0100110010001001011001000010010011110000010010001000100101011100 
149289000: system.memobj: fix data : 0100110010001001011001000010010011110000010010001000100101011100 
149289000: system.memobj: -------------------------------------
149289000: system.memobj: cpu->mem Got request for addr 0x94a78 , 608888
149289000: system.memobj: size 0x8
149289000: system.memobj: id 94061725637680
149289000: system.memobj: data_hex : 0000000000000000 
149289000: system.memobj: data : 0000000000000000000000000000000000000000000000000000000000000000 
149289000: system.memobj: hamming code addr: 608888 
149289000: system.memobj: hamming code : 0 
149289000: system.memobj: hamming code addr: 608896 
149289000: system.memobj: hamming code : 0 
149289000: system.memobj: hamming code addr: 608904 
149289000: system.memobj: hamming code : 0 
149289000: system.memobj: hamming code addr: 608912 
149289000: system.memobj: hamming code : 0 
149289000: system.memobj: hamming code addr: 608920 
149289000: system.memobj: hamming code : 0 
149289000: system.memobj: hamming code addr: 608928 
149289000: system.memobj: hamming code : 0 
149289000: system.memobj: hamming code addr: 608936 
149289000: system.memobj: hamming code : 0 
149289000: system.memobj: hamming code addr: 608944 
149289000: system.memobj: hamming code : 0 
149289000: system.memobj: Enter Error Bit index: 2 
149289000: system.memobj: flip data : 0100000000000000000000000000000000000000000000000000000000000000 
149289000: system.memobj: -------------------------------------
149359000: system.memobj: mem->cpu Got response for addr 0xf960 , 63840
149359000: system.memobj: size 0x8
149359000: system.memobj: id 94061725637680
149359000: system.memobj: data_hex : 4C896424F048895C 
149359000: system.memobj: data : 0100110010001001011001000010010011110000010010001000100101011100 
149359000: system.memobj: fix data : 0100110010001001011001000010010011110000010010001000100101011100 
149359000: system.memobj: -------------------------------------
149408000: system.memobj: mem->cpu Got response for addr 0xf968 , 63848
149408000: system.memobj: size 0x8
149408000: system.memobj: id 94061725637968
149408000: system.memobj: data_hex : 24E04989FC48896C 
149408000: system.memobj: data : 0010010011100000010010011000100111111100010010001000100101101100 
149408000: system.memobj: fix data : 0010010011100000010010011000100111111100010010001000100101101100 
149408000: system.memobj: -------------------------------------
149408000: system.memobj: cpu->mem Got request for addr 0x94a68 , 608872
149408000: system.memobj: size 0x8
149408000: system.memobj: id 94061725637680
149408000: system.memobj: data_hex : 1040590000000000 
149408000: system.memobj: data : 0001000001000000010110010000000000000000000000000000000000000000 
149408000: system.memobj: hamming code addr: 608872 
149408000: system.memobj: hamming code : 7 
149408000: system.memobj: hamming code addr: 608880 
149408000: system.memobj: hamming code : 5 
149408000: system.memobj: hamming code addr: 608888 
149408000: system.memobj: hamming code : 7 
149408000: system.memobj: hamming code addr: 608896 
149408000: system.memobj: hamming code : 0 
149408000: system.memobj: hamming code addr: 608904 
149408000: system.memobj: hamming code : 0 
149408000: system.memobj: hamming code addr: 608912 
149408000: system.memobj: hamming code : 0 
149408000: system.memobj: hamming code addr: 608920 
149408000: system.memobj: hamming code : 0 
149408000: system.memobj: hamming code addr: 608928 
149408000: system.memobj: hamming code : 0 
149408000: system.memobj: Enter Error Bit index: 4 
149408000: system.memobj: flip data : 0000000001000000010110010000000000000000000000000000000000000000 
149408000: system.memobj: -------------------------------------
149478000: system.memobj: mem->cpu Got response for addr 0xf968 , 63848
149478000: system.memobj: size 0x8
149478000: system.memobj: id 94061725637680
149478000: system.memobj: data_hex : 24E04989FC48896C 
149478000: system.memobj: data : 0010010011100000010010011000100111111100010010001000100101101100 
149478000: system.memobj: fix data : 0010010011100000010010011000100111111100010010001000100101101100 
149478000: system.memobj: -------------------------------------
149527000: system.memobj: mem->cpu Got response for addr 0xf968 , 63848
149527000: system.memobj: size 0x8
149527000: system.memobj: id 94061725637968
149527000: system.memobj: data_hex : 24E04989FC48896C 
149527000: system.memobj: data : 0010010011100000010010011000100111111100010010001000100101101100 
149527000: system.memobj: fix data : 0010010011100000010010011000100111111100010010001000100101101100 
149527000: system.memobj: -------------------------------------
149576000: system.memobj: mem->cpu Got response for addr 0xf970 , 63856
149576000: system.memobj: size 0x8
149576000: system.memobj: id 94061725637680
149576000: system.memobj: data_hex : 24E84C896C24F848 
149576000: system.memobj: data : 0010010011101000010011001000100101101100001001001111100001001000 
149576000: system.memobj: fix data : 0010010011101000010011001000100101101100001001001111100001001000 
149576000: system.memobj: -------------------------------------
149576000: system.memobj: cpu->mem Got request for addr 0x94a70 , 608880
149576000: system.memobj: size 0x8
149576000: system.memobj: id 94061725637968
149576000: system.memobj: data_hex : 4040590000000000 
149576000: system.memobj: data : 0100000001000000010110010000000000000000000000000000000000000000 
149576000: system.memobj: hamming code addr: 608880 
149576000: system.memobj: hamming code : 5 
149576000: system.memobj: hamming code addr: 608888 
149576000: system.memobj: hamming code : 5 
149576000: system.memobj: hamming code addr: 608896 
149576000: system.memobj: hamming code : 7 
149576000: system.memobj: hamming code addr: 608904 
149576000: system.memobj: hamming code : 0 
149576000: system.memobj: hamming code addr: 608912 
149576000: system.memobj: hamming code : 0 
149576000: system.memobj: hamming code addr: 608920 
149576000: system.memobj: hamming code : 0 
149576000: system.memobj: hamming code addr: 608928 
149576000: system.memobj: hamming code : 0 
149576000: system.memobj: hamming code addr: 608936 
149576000: system.memobj: hamming code : 0 
149576000: system.memobj: Enter Error Bit index: 4 
149576000: system.memobj: flip data : 0101000001000000010110010000000000000000000000000000000000000000 
149576000: system.memobj: -------------------------------------
149646000: system.memobj: mem->cpu Got response for addr 0xf970 , 63856
149646000: system.memobj: size 0x8
149646000: system.memobj: id 94061725637968
149646000: system.memobj: data_hex : 24E84C896C24F848 
149646000: system.memobj: data : 0010010011101000010011001000100101101100001001001111100001001000 
149646000: system.memobj: fix data : 0010010011101000010011001000100101101100001001001111100001001000 
149646000: system.memobj: -------------------------------------
149646000: system.memobj: cpu->mem Got request for addr 0x94a80 , 608896
149646000: system.memobj: size 0x8
149646000: system.memobj: id 94061725637680
149646000: system.memobj: data_hex : 80C5400000000000 
149646000: system.memobj: data : 1000000011000101010000000000000000000000000000000000000000000000 
149646000: system.memobj: hamming code addr: 608896 
149646000: system.memobj: hamming code : 3 
149646000: system.memobj: hamming code addr: 608904 
149646000: system.memobj: hamming code : 0 
149646000: system.memobj: hamming code addr: 608912 
149646000: system.memobj: hamming code : 5 
149646000: system.memobj: hamming code addr: 608920 
149646000: system.memobj: hamming code : 0 
149646000: system.memobj: hamming code addr: 608928 
149646000: system.memobj: hamming code : 0 
149646000: system.memobj: hamming code addr: 608936 
149646000: system.memobj: hamming code : 0 
149646000: system.memobj: hamming code addr: 608944 
149646000: system.memobj: hamming code : 0 
149646000: system.memobj: hamming code addr: 608952 
149646000: system.memobj: hamming code : 0 
149646000: system.memobj: Enter Error Bit index: 8 
149646000: system.memobj: flip data : 1000000111000101010000000000000000000000000000000000000000000000 
149646000: system.memobj: -------------------------------------
149716000: system.memobj: mem->cpu Got response for addr 0xf970 , 63856
149716000: system.memobj: size 0x8
149716000: system.memobj: id 94061725637680
149716000: system.memobj: data_hex : 24E84C896C24F848 
149716000: system.memobj: data : 0010010011101000010011001000100101101100001001001111100001001000 
149716000: system.memobj: fix data : 0010010011101000010011001000100101101100001001001111100001001000 
149716000: system.memobj: -------------------------------------
149765000: system.memobj: mem->cpu Got response for addr 0xf978 , 63864
149765000: system.memobj: size 0x8
149765000: system.memobj: id 94061725637968
149765000: system.memobj: data_hex : 83EC28488B05760D 
149765000: system.memobj: data : 1000001111101100001010000100100010001011000001010111011000001101 
149765000: system.memobj: fix data : 1000001111101100001010000100100010001011000001010111011000001101 
149765000: system.memobj: -------------------------------------
149814000: system.memobj: mem->cpu Got response for addr 0xf978 , 63864
149814000: system.memobj: size 0x8
149814000: system.memobj: id 94061725637680
149814000: system.memobj: data_hex : 83EC28488B05760D 
149814000: system.memobj: data : 1000001111101100001010000100100010001011000001010111011000001101 
149814000: system.memobj: fix data : 1000001111101100001010000100100010001011000001010111011000001101 
149814000: system.memobj: -------------------------------------
149863000: system.memobj: mem->cpu Got response for addr 0xf980 , 63872
149863000: system.memobj: size 0x8
149863000: system.memobj: id 94061725637968
149863000: system.memobj: data_hex : 17004885C0742948 
149863000: system.memobj: data : 0001011100000000010010001000010111000000011101000010100101001000 
149863000: system.memobj: fix data : 0001011100000000010010001000010111000000011101000010100101001000 
149863000: system.memobj: -------------------------------------
149926000: system.memobj: mem->cpu Got response for addr 0x806f8 , 526072
149926000: system.memobj: size 0x8
149926000: system.memobj: id 94061725637680
149926000: system.memobj: data_hex : 1000000000000000 
149926000: system.memobj: data : 0001000000000000000000000000000000000000000000000000000000000000 
149926000: system.memobj: hamming code addr: 526072 
149926000: system.memobj: hamming code out: 0 
149926000: system.memobj: find Error Bit index : 4 
149926000: system.memobj: hamming code addr: 526080 
149926000: system.memobj: hamming code out: 0 
149926000: system.memobj: hamming code addr: 526088 
149926000: system.memobj: hamming code out: 0 
149926000: system.memobj: hamming code addr: 526096 
149926000: system.memobj: hamming code out: 0 
149926000: system.memobj: hamming code addr: 526104 
149926000: system.memobj: hamming code out: 0 
149926000: system.memobj: hamming code addr: 526112 
149926000: system.memobj: hamming code out: 0 
149926000: system.memobj: hamming code addr: 526120 
149926000: system.memobj: hamming code out: 0 
149926000: system.memobj: hamming code addr: 526128 
149926000: system.memobj: hamming code out: 0 
149926000: system.memobj: fix data : 0000000000000000000000000000000000000000000000000000000000000000 
149926000: system.memobj: -------------------------------------
149975000: system.memobj: mem->cpu Got response for addr 0xf980 , 63872
149975000: system.memobj: size 0x8
149975000: system.memobj: id 94061725637680
149975000: system.memobj: data_hex : 17004885C0742948 
149975000: system.memobj: data : 0001011100000000010010001000010111000000011101000010100101001000 
149975000: system.memobj: fix data : 0001011100000000010010001000010111000000011101000010100101001000 
149975000: system.memobj: -------------------------------------
150038000: system.memobj: mem->cpu Got response for addr 0xf980 , 63872
150038000: system.memobj: size 0x8
150038000: system.memobj: id 94061725637968
150038000: system.memobj: data_hex : 17004885C0742948 
150038000: system.memobj: data : 0001011100000000010010001000010111000000011101000010100101001000 
150038000: system.memobj: fix data : 0001011100000000010010001000010111000000011101000010100101001000 
150038000: system.memobj: -------------------------------------
150087000: system.memobj: mem->cpu Got response for addr 0xf9b0 , 63920
150087000: system.memobj: size 0x8
150087000: system.memobj: id 94061725637680
150087000: system.memobj: data_hex : B8000000004885C0 
150087000: system.memobj: data : 1011100000000000000000000000000000000000010010001000010111000000 
150087000: system.memobj: fix data : 1011100000000000000000000000000000000000010010001000010111000000 
150087000: system.memobj: -------------------------------------
150136000: system.memobj: mem->cpu Got response for addr 0xf9b0 , 63920
150136000: system.memobj: size 0x8
150136000: system.memobj: id 94061725637968
150136000: system.memobj: data_hex : B8000000004885C0 
150136000: system.memobj: data : 1011100000000000000000000000000000000000010010001000010111000000 
150136000: system.memobj: fix data : 1011100000000000000000000000000000000000010010001000010111000000 
150136000: system.memobj: -------------------------------------
150185000: system.memobj: mem->cpu Got response for addr 0xf9b8 , 63928
150185000: system.memobj: size 0x8
150185000: system.memobj: id 94061725637680
150185000: system.memobj: data_hex : 747431FFE83F06BF 
150185000: system.memobj: data : 0111010001110100001100011111111111101000001111110000011010111111 
150185000: system.memobj: fix data : 0111010001110100001100011111111111101000001111110000011010111111 
150185000: system.memobj: -------------------------------------
150234000: system.memobj: mem->cpu Got response for addr 0xfa28 , 64040
150234000: system.memobj: size 0x8
150234000: system.memobj: id 94061725637968
150234000: system.memobj: data_hex : 204883C428C3488B 
150234000: system.memobj: data : 0010000001001000100000111100010000101000110000110100100010001011 
150234000: system.memobj: fix data : 0010000001001000100000111100010000101000110000110100100010001011 
150234000: system.memobj: -------------------------------------
150283000: system.memobj: mem->cpu Got response for addr 0xfa30 , 64048
150283000: system.memobj: size 0x8
150283000: system.memobj: id 94061725637680
150283000: system.memobj: data_hex : 2D432A1800EB8D44 
150283000: system.memobj: data : 0010110101000011001010100001100000000000111010111000110101000100 
150283000: system.memobj: fix data : 0010110101000011001010100001100000000000111010111000110101000100 
150283000: system.memobj: -------------------------------------
150346000: system.memobj: mem->cpu Got response for addr 0x92478 , 599160
150346000: system.memobj: size 0x8
150346000: system.memobj: id 94061725637968
150346000: system.memobj: data_hex : A024590000000000 
150346000: system.memobj: data : 1010000000100100010110010000000000000000000000000000000000000000 
150346000: system.memobj: hamming code addr: 599160 
150346000: system.memobj: hamming code out: 3 
150346000: system.memobj: find Error Bit index : 3 
150346000: system.memobj: hamming code addr: 599168 
150346000: system.memobj: hamming code out: 12 
150346000: system.memobj: hamming code addr: 599176 
150346000: system.memobj: hamming code out: 7 
150346000: system.memobj: hamming code addr: 599184 
150346000: system.memobj: hamming code out: 0 
150346000: system.memobj: hamming code addr: 599192 
150346000: system.memobj: hamming code out: 0 
150346000: system.memobj: hamming code addr: 599200 
150346000: system.memobj: hamming code out: 0 
150346000: system.memobj: hamming code addr: 599208 
150346000: system.memobj: hamming code out: 0 
150346000: system.memobj: hamming code addr: 599216 
150346000: system.memobj: hamming code out: 0 
150346000: system.memobj: fix data : 1000000000100100010110010000000000000000000000000000000000000000 
150346000: system.memobj: -------------------------------------
150395000: system.memobj: mem->cpu Got response for addr 0xfa30 , 64048
150395000: system.memobj: size 0x8
150395000: system.memobj: id 94061725637968
150395000: system.memobj: data_hex : 2D432A1800EB8D44 
150395000: system.memobj: data : 0010110101000011001010100001100000000000111010111000110101000100 
150395000: system.memobj: fix data : 0010110101000011001010100001100000000000111010111000110101000100 
150395000: system.memobj: -------------------------------------
150444000: system.memobj: mem->cpu Got response for addr 0xf9c0 , 63936
150444000: system.memobj: size 0x8
150444000: system.memobj: id 94061725637680
150444000: system.memobj: data_hex : FF4889C54885ED48 
150444000: system.memobj: data : 1111111101001000100010011100010101001000100001011110110101001000 
150444000: system.memobj: fix data : 1111111101001000100010011100010101001000100001011110110101001000 
150444000: system.memobj: -------------------------------------
150493000: system.memobj: mem->cpu Got response for addr 0xf9c0 , 63936
150493000: system.memobj: size 0x8
150493000: system.memobj: id 94061725637968
150493000: system.memobj: data_hex : FF4889C54885ED48 
150493000: system.memobj: data : 1111111101001000100010011100010101001000100001011110110101001000 
150493000: system.memobj: fix data : 1111111101001000100010011100010101001000100001011110110101001000 
150493000: system.memobj: -------------------------------------
150542000: system.memobj: mem->cpu Got response for addr 0xf9c8 , 63944
150542000: system.memobj: size 0x8
150542000: system.memobj: id 94061725637680
150542000: system.memobj: data_hex : 89EB0F8482000000 
150542000: system.memobj: data : 1000100111101011000011111000010010000010000000000000000000000000 
150542000: system.memobj: fix data : 1000100111101011000011111000010010000010000000000000000000000000 
150542000: system.memobj: -------------------------------------
150591000: system.memobj: mem->cpu Got response for addr 0xf9c8 , 63944
150591000: system.memobj: size 0x8
150591000: system.memobj: id 94061725637968
150591000: system.memobj: data_hex : 89EB0F8482000000 
150591000: system.memobj: data : 1000100111101011000011111000010010000010000000000000000000000000 
150591000: system.memobj: fix data : 1000100111101011000011111000010010000010000000000000000000000000 
150591000: system.memobj: -------------------------------------
150640000: system.memobj: mem->cpu Got response for addr 0xf9d0 , 63952
150640000: system.memobj: size 0x8
150640000: system.memobj: id 94061725637680
150640000: system.memobj: data_hex : B8000000004885C0 
150640000: system.memobj: data : 1011100000000000000000000000000000000000010010001000010111000000 
150640000: system.memobj: fix data : 1011100000000000000000000000000000000000010010001000010111000000 
150640000: system.memobj: -------------------------------------
150689000: system.memobj: mem->cpu Got response for addr 0xf9d0 , 63952
150689000: system.memobj: size 0x8
150689000: system.memobj: id 94061725637968
150689000: system.memobj: data_hex : B8000000004885C0 
150689000: system.memobj: data : 1011100000000000000000000000000000000000010010001000010111000000 
150689000: system.memobj: fix data : 1011100000000000000000000000000000000000010010001000010111000000 
150689000: system.memobj: -------------------------------------
150738000: system.memobj: mem->cpu Got response for addr 0xf9d8 , 63960
150738000: system.memobj: size 0x8
150738000: system.memobj: id 94061725637680
150738000: system.memobj: data_hex : 745D4889EFE81E06 
150738000: system.memobj: data : 0111010001011101010010001000100111101111111010000001111000000110 
150738000: system.memobj: fix data : 0111010001011101010010001000100111101111111010000001111000000110 
150738000: system.memobj: -------------------------------------
150787000: system.memobj: mem->cpu Got response for addr 0xfa30 , 64048
150787000: system.memobj: size 0x8
150787000: system.memobj: id 94061725637968
150787000: system.memobj: data_hex : 2D432A1800EB8D44 
150787000: system.memobj: data : 0010110101000011001010100001100000000000111010111000110101000100 
150787000: system.memobj: fix data : 0010110101000011001010100001100000000000111010111000110101000100 
150787000: system.memobj: -------------------------------------
150836000: system.memobj: mem->cpu Got response for addr 0xfa38 , 64056
150836000: system.memobj: size 0x8
150836000: system.memobj: id 94061725637680
150836000: system.memobj: data_hex : 8B5D004585DB7512 
150836000: system.memobj: data : 1000101101011101000000000100010110000101110110110111010100010010 
150836000: system.memobj: fix data : 1000101101011101000000000100010110000101110110110111010100010010 
150836000: system.memobj: -------------------------------------
150885000: system.memobj: mem->cpu Got response for addr 0x92480 , 599168
150885000: system.memobj: size 0x4
150885000: system.memobj: id 94061725637968
150885000: system.memobj: data_hex : 80000000 
150885000: system.memobj: data : 10000000000000000000000000000000 
150885000: system.memobj: hamming code addr: 599168 
150885000: system.memobj: hamming code out: 0 
150885000: system.memobj: find Error Bit index : 1 
150885000: system.memobj: hamming code addr: 599176 
150885000: system.memobj: hamming code out: 0 
150885000: system.memobj: hamming code addr: 599184 
150885000: system.memobj: hamming code out: 0 
150885000: system.memobj: hamming code addr: 599192 
150885000: system.memobj: hamming code out: 0 
150885000: system.memobj: fix data : 00000000000000000000000000000000 
150885000: system.memobj: -------------------------------------
150948000: system.memobj: mem->cpu Got response for addr 0xfa38 , 64056
150948000: system.memobj: size 0x8
150948000: system.memobj: id 94061725637968
150948000: system.memobj: data_hex : 8B5D004585DB7512 
150948000: system.memobj: data : 1000101101011101000000000100010110000101110110110111010100010010 
150948000: system.memobj: fix data : 1000101101011101000000000100010110000101110110110111010100010010 
150948000: system.memobj: -------------------------------------
150997000: system.memobj: mem->cpu Got response for addr 0xfa38 , 64056
150997000: system.memobj: size 0x8
150997000: system.memobj: id 94061725637680
150997000: system.memobj: data_hex : 8B5D004585DB7512 
150997000: system.memobj: data : 1000101101011101000000000100010110000101110110110111010100010010 
150997000: system.memobj: fix data : 1000101101011101000000000100010110000101110110110111010100010010 
150997000: system.memobj: -------------------------------------
151046000: system.memobj: mem->cpu Got response for addr 0xfa40 , 64064
151046000: system.memobj: size 0x8
151046000: system.memobj: id 94061725637968
151046000: system.memobj: data_hex : C7450001000000EB 
151046000: system.memobj: data : 1100011101000101000000000000000100000000000000000000000011101011 
151046000: system.memobj: fix data : 1100011101000101000000000000000100000000000000000000000011101011 
151046000: system.memobj: -------------------------------------
151046000: system.memobj: cpu->mem Got request for addr 0x92480 , 599168
151046000: system.memobj: size 0x4
151046000: system.memobj: id 94061725637680
151046000: system.memobj: data_hex : 01000000 
151046000: system.memobj: data : 00000001000000000000000000000000 
151046000: system.memobj: hamming code addr: 599168 
151046000: system.memobj: hamming code : 12 
151046000: system.memobj: hamming code addr: 599176 
151046000: system.memobj: hamming code : 0 
151046000: system.memobj: hamming code addr: 599184 
151046000: system.memobj: hamming code : 0 
151046000: system.memobj: hamming code addr: 599192 
151046000: system.memobj: hamming code : 0 
151046000: system.memobj: Enter Error Bit index: 3 
151046000: system.memobj: flip data : 00100001000000000000000000000000 
151046000: system.memobj: -------------------------------------
151116000: system.memobj: mem->cpu Got response for addr 0xfa40 , 64064
151116000: system.memobj: size 0x8
151116000: system.memobj: id 94061725637680
151116000: system.memobj: data_hex : C7450001000000EB 
151116000: system.memobj: data : 1100011101000101000000000000000100000000000000000000000011101011 
151116000: system.memobj: fix data : 1100011101000101000000000000000100000000000000000000000011101011 
151116000: system.memobj: -------------------------------------
151165000: system.memobj: mem->cpu Got response for addr 0xfa48 , 64072
151165000: system.memobj: size 0x8
151165000: system.memobj: id 94061725637968
151165000: system.memobj: data_hex : 9DC7030000000090 
151165000: system.memobj: data : 1001110111000111000000110000000000000000000000000000000010010000 
151165000: system.memobj: fix data : 1001110111000111000000110000000000000000000000000000000010010000 
151165000: system.memobj: -------------------------------------
151214000: system.memobj: mem->cpu Got response for addr 0xf9e0 , 63968
151214000: system.memobj: size 0x8
151214000: system.memobj: id 94061725637680
151214000: system.memobj: data_hex : BFFF85C0756C31C0 
151214000: system.memobj: data : 1011111111111111100001011100000001110101011011000011000111000000 
151214000: system.memobj: fix data : 1011111111111111100001011100000001110101011011000011000111000000 
151214000: system.memobj: -------------------------------------
151263000: system.memobj: mem->cpu Got response for addr 0xf9e8 , 63976
151263000: system.memobj: size 0x8
151263000: system.memobj: id 94061725637968
151263000: system.memobj: data_hex : 4885DB74284C89E6 
151263000: system.memobj: data : 0100100010000101110110110111010000101000010011001000100111100110 
151263000: system.memobj: fix data : 0100100010000101110110110111010000101000010011001000100111100110 
151263000: system.memobj: -------------------------------------
151312000: system.memobj: mem->cpu Got response for addr 0xf9e8 , 63976
151312000: system.memobj: size 0x8
151312000: system.memobj: id 94061725637680
151312000: system.memobj: data_hex : 4885DB74284C89E6 
151312000: system.memobj: data : 0100100010000101110110110111010000101000010011001000100111100110 
151312000: system.memobj: fix data : 0100100010000101110110110111010000101000010011001000100111100110 
151312000: system.memobj: -------------------------------------
151361000: system.memobj: mem->cpu Got response for addr 0xf9e8 , 63976
151361000: system.memobj: size 0x8
151361000: system.memobj: id 94061725637968
151361000: system.memobj: data_hex : 4885DB74284C89E6 
151361000: system.memobj: data : 0100100010000101110110110111010000101000010011001000100111100110 
151361000: system.memobj: fix data : 0100100010000101110110110111010000101000010011001000100111100110 
151361000: system.memobj: -------------------------------------
151410000: system.memobj: mem->cpu Got response for addr 0xf9f0 , 63984
151410000: system.memobj: size 0x8
151410000: system.memobj: id 94061725637680
151410000: system.memobj: data_hex : 4889DFE888E3FFFF 
151410000: system.memobj: data : 0100100010001001110111111110100010001000111000111111111111111111 
151410000: system.memobj: fix data : 0100100010001001110111111110100010001000111000111111111111111111 
151410000: system.memobj: -------------------------------------
151459000: system.memobj: mem->cpu Got response for addr 0xf9f0 , 63984
151459000: system.memobj: size 0x8
151459000: system.memobj: id 94061725637968
151459000: system.memobj: data_hex : 4889DFE888E3FFFF 
151459000: system.memobj: data : 0100100010001001110111111110100010001000111000111111111111111111 
151459000: system.memobj: fix data : 0100100010001001110111111110100010001000111000111111111111111111 
151459000: system.memobj: -------------------------------------
151459000: system.memobj: cpu->mem Got request for addr 0x94a58 , 608856
151459000: system.memobj: size 0x8
151459000: system.memobj: id 94061725637680
151459000: system.memobj: data_hex : F8F9400000000000 
151459000: system.memobj: data : 1111100011111001010000000000000000000000000000000000000000000000 
151459000: system.memobj: hamming code addr: 608856 
151459000: system.memobj: hamming code : 14 
151459000: system.memobj: hamming code addr: 608864 
151459000: system.memobj: hamming code : 2 
151459000: system.memobj: hamming code addr: 608872 
151459000: system.memobj: hamming code : 5 
151459000: system.memobj: hamming code addr: 608880 
151459000: system.memobj: hamming code : 0 
151459000: system.memobj: hamming code addr: 608888 
151459000: system.memobj: hamming code : 0 
151459000: system.memobj: hamming code addr: 608896 
151459000: system.memobj: hamming code : 0 
151459000: system.memobj: hamming code addr: 608904 
151459000: system.memobj: hamming code : 0 
151459000: system.memobj: hamming code addr: 608912 
151459000: system.memobj: hamming code : 0 
151459000: system.memobj: Enter Error Bit index: 5 
151459000: system.memobj: flip data : 1111000011111001010000000000000000000000000000000000000000000000 
151459000: system.memobj: -------------------------------------
151543000: system.memobj: mem->cpu Got response for addr 0xdd80 , 56704
151543000: system.memobj: size 0x8
151543000: system.memobj: id 94061725637680
151543000: system.memobj: data_hex : 4157415641554989 
151543000: system.memobj: data : 0100000101010111010000010101011001000001010101010100100110001001 
151543000: system.memobj: fix data : 0100000101010111010000010101011001000001010101010100100110001001 
151543000: system.memobj: -------------------------------------
151543000: system.memobj: cpu->mem Got request for addr 0x94a50 , 608848
151543000: system.memobj: size 0x8
151543000: system.memobj: id 94061725637968
151543000: system.memobj: data_hex : 80C6400000000000 
151543000: system.memobj: data : 1000000011000110010000000000000000000000000000000000000000000000 
151543000: system.memobj: hamming code addr: 608848 
151543000: system.memobj: hamming code : 3 
151543000: system.memobj: hamming code addr: 608856 
151543000: system.memobj: hamming code : 7 
151543000: system.memobj: hamming code addr: 608864 
151543000: system.memobj: hamming code : 5 
151543000: system.memobj: hamming code addr: 608872 
151543000: system.memobj: hamming code : 0 
151543000: system.memobj: hamming code addr: 608880 
151543000: system.memobj: hamming code : 0 
151543000: system.memobj: hamming code addr: 608888 
151543000: system.memobj: hamming code : 0 
151543000: system.memobj: hamming code addr: 608896 
151543000: system.memobj: hamming code : 0 
151543000: system.memobj: hamming code addr: 608904 
151543000: system.memobj: hamming code : 0 
151543000: system.memobj: Enter Error Bit index: 4 
151543000: system.memobj: flip data : 1001000011000110010000000000000000000000000000000000000000000000 
151543000: system.memobj: -------------------------------------
151613000: system.memobj: mem->cpu Got response for addr 0xdd80 , 56704
151613000: system.memobj: size 0x8
151613000: system.memobj: id 94061725637968
151613000: system.memobj: data_hex : 4157415641554989 
151613000: system.memobj: data : 0100000101010111010000010101011001000001010101010100100110001001 
151613000: system.memobj: fix data : 0100000101010111010000010101011001000001010101010100100110001001 
151613000: system.memobj: -------------------------------------
151613000: system.memobj: cpu->mem Got request for addr 0x94a48 , 608840
151613000: system.memobj: size 0x8
151613000: system.memobj: id 94061725637680
151613000: system.memobj: data_hex : 0000000000000000 
151613000: system.memobj: data : 0000000000000000000000000000000000000000000000000000000000000000 
151613000: system.memobj: hamming code addr: 608840 
151613000: system.memobj: hamming code : 0 
151613000: system.memobj: hamming code addr: 608848 
151613000: system.memobj: hamming code : 0 
151613000: system.memobj: hamming code addr: 608856 
151613000: system.memobj: hamming code : 0 
151613000: system.memobj: hamming code addr: 608864 
151613000: system.memobj: hamming code : 0 
151613000: system.memobj: hamming code addr: 608872 
151613000: system.memobj: hamming code : 0 
151613000: system.memobj: hamming code addr: 608880 
151613000: system.memobj: hamming code : 0 
151613000: system.memobj: hamming code addr: 608888 
151613000: system.memobj: hamming code : 0 
151613000: system.memobj: hamming code addr: 608896 
151613000: system.memobj: hamming code : 0 
151613000: system.memobj: Enter Error Bit index: 5 
151613000: system.memobj: flip data : 0000100000000000000000000000000000000000000000000000000000000000 
151613000: system.memobj: -------------------------------------
151683000: system.memobj: mem->cpu Got response for addr 0xdd80 , 56704
151683000: system.memobj: size 0x8
151683000: system.memobj: id 94061725637680
151683000: system.memobj: data_hex : 4157415641554989 
151683000: system.memobj: data : 0100000101010111010000010101011001000001010101010100100110001001 
151683000: system.memobj: fix data : 0100000101010111010000010101011001000001010101010100100110001001 
151683000: system.memobj: -------------------------------------
151683000: system.memobj: cpu->mem Got request for addr 0x94a40 , 608832
151683000: system.memobj: size 0x8
151683000: system.memobj: id 94061725637968
151683000: system.memobj: data_hex : 80C5400000000000 
151683000: system.memobj: data : 1000000011000101010000000000000000000000000000000000000000000000 
151683000: system.memobj: hamming code addr: 608832 
151683000: system.memobj: hamming code : 3 
151683000: system.memobj: hamming code addr: 608840 
151683000: system.memobj: hamming code : 0 
151683000: system.memobj: hamming code addr: 608848 
151683000: system.memobj: hamming code : 5 
151683000: system.memobj: hamming code addr: 608856 
151683000: system.memobj: hamming code : 0 
151683000: system.memobj: hamming code addr: 608864 
151683000: system.memobj: hamming code : 0 
151683000: system.memobj: hamming code addr: 608872 
151683000: system.memobj: hamming code : 0 
151683000: system.memobj: hamming code addr: 608880 
151683000: system.memobj: hamming code : 0 
151683000: system.memobj: hamming code addr: 608888 
151683000: system.memobj: hamming code : 0 
151683000: system.memobj: Enter Error Bit index: 2 
151683000: system.memobj: flip data : 1100000011000101010000000000000000000000000000000000000000000000 
151683000: system.memobj: -------------------------------------
151753000: system.memobj: mem->cpu Got response for addr 0xdd80 , 56704
151753000: system.memobj: size 0x8
151753000: system.memobj: id 94061725637968
151753000: system.memobj: data_hex : 4157415641554989 
151753000: system.memobj: data : 0100000101010111010000010101011001000001010101010100100110001001 
151753000: system.memobj: fix data : 0100000101010111010000010101011001000001010101010100100110001001 
151753000: system.memobj: -------------------------------------
151802000: system.memobj: mem->cpu Got response for addr 0xdd88 , 56712
151802000: system.memobj: size 0x8
151802000: system.memobj: id 94061725637680
151802000: system.memobj: data_hex : FD415455534883EC 
151802000: system.memobj: data : 1111110101000001010101000101010101010011010010001000001111101100 
151802000: system.memobj: fix data : 1111110101000001010101000101010101010011010010001000001111101100 
151802000: system.memobj: -------------------------------------
151851000: system.memobj: mem->cpu Got response for addr 0xdd88 , 56712
151851000: system.memobj: size 0x8
151851000: system.memobj: id 94061725637968
151851000: system.memobj: data_hex : FD415455534883EC 
151851000: system.memobj: data : 1111110101000001010101000101010101010011010010001000001111101100 
151851000: system.memobj: fix data : 1111110101000001010101000101010101010011010010001000001111101100 
151851000: system.memobj: -------------------------------------
151851000: system.memobj: cpu->mem Got request for addr 0x94a38 , 608824
151851000: system.memobj: size 0x8
151851000: system.memobj: id 94061725637680
151851000: system.memobj: data_hex : 2000000000000000 
151851000: system.memobj: data : 0010000000000000000000000000000000000000000000000000000000000000 
151851000: system.memobj: hamming code addr: 608824 
151851000: system.memobj: hamming code : 6 
151851000: system.memobj: hamming code addr: 608832 
151851000: system.memobj: hamming code : 0 
151851000: system.memobj: hamming code addr: 608840 
151851000: system.memobj: hamming code : 0 
151851000: system.memobj: hamming code addr: 608848 
151851000: system.memobj: hamming code : 0 
151851000: system.memobj: hamming code addr: 608856 
151851000: system.memobj: hamming code : 0 
151851000: system.memobj: hamming code addr: 608864 
151851000: system.memobj: hamming code : 0 
151851000: system.memobj: hamming code addr: 608872 
151851000: system.memobj: hamming code : 0 
151851000: system.memobj: hamming code addr: 608880 
151851000: system.memobj: hamming code : 0 
151851000: system.memobj: Enter Error Bit index: 8 
151851000: system.memobj: flip data : 0010000100000000000000000000000000000000000000000000000000000000 
151851000: system.memobj: -------------------------------------
151921000: system.memobj: mem->cpu Got response for addr 0xdd88 , 56712
151921000: system.memobj: size 0x8
151921000: system.memobj: id 94061725637680
151921000: system.memobj: data_hex : FD415455534883EC 
151921000: system.memobj: data : 1111110101000001010101000101010101010011010010001000001111101100 
151921000: system.memobj: fix data : 1111110101000001010101000101010101010011010010001000001111101100 
151921000: system.memobj: -------------------------------------
151921000: system.memobj: cpu->mem Got request for addr 0x94a30 , 608816
151921000: system.memobj: size 0x8
151921000: system.memobj: id 94061725637968
151921000: system.memobj: data_hex : 8024590000000000 
151921000: system.memobj: data : 1000000000100100010110010000000000000000000000000000000000000000 
151921000: system.memobj: hamming code addr: 608816 
151921000: system.memobj: hamming code : 3 
151921000: system.memobj: hamming code addr: 608824 
151921000: system.memobj: hamming code : 12 
151921000: system.memobj: hamming code addr: 608832 
151921000: system.memobj: hamming code : 7 
151921000: system.memobj: hamming code addr: 608840 
151921000: system.memobj: hamming code : 0 
151921000: system.memobj: hamming code addr: 608848 
151921000: system.memobj: hamming code : 0 
151921000: system.memobj: hamming code addr: 608856 
151921000: system.memobj: hamming code : 0 
151921000: system.memobj: hamming code addr: 608864 
151921000: system.memobj: hamming code : 0 
151921000: system.memobj: hamming code addr: 608872 
151921000: system.memobj: hamming code : 0 
151921000: system.memobj: Enter Error Bit index: 3 
151921000: system.memobj: flip data : 1010000000100100010110010000000000000000000000000000000000000000 
151921000: system.memobj: -------------------------------------
151991000: system.memobj: mem->cpu Got response for addr 0xdd88 , 56712
151991000: system.memobj: size 0x8
151991000: system.memobj: id 94061725637968
151991000: system.memobj: data_hex : FD415455534883EC 
151991000: system.memobj: data : 1111110101000001010101000101010101010011010010001000001111101100 
151991000: system.memobj: fix data : 1111110101000001010101000101010101010011010010001000001111101100 
151991000: system.memobj: -------------------------------------
151991000: system.memobj: cpu->mem Got request for addr 0x94a28 , 608808
151991000: system.memobj: size 0x8
151991000: system.memobj: id 94061725637680
151991000: system.memobj: data_hex : 8024590000000000 
151991000: system.memobj: data : 1000000000100100010110010000000000000000000000000000000000000000 
151991000: system.memobj: hamming code addr: 608808 
151991000: system.memobj: hamming code : 3 
151991000: system.memobj: hamming code addr: 608816 
151991000: system.memobj: hamming code : 12 
151991000: system.memobj: hamming code addr: 608824 
151991000: system.memobj: hamming code : 7 
151991000: system.memobj: hamming code addr: 608832 
151991000: system.memobj: hamming code : 0 
151991000: system.memobj: hamming code addr: 608840 
151991000: system.memobj: hamming code : 0 
151991000: system.memobj: hamming code addr: 608848 
151991000: system.memobj: hamming code : 0 
151991000: system.memobj: hamming code addr: 608856 
151991000: system.memobj: hamming code : 0 
151991000: system.memobj: hamming code addr: 608864 
151991000: system.memobj: hamming code : 0 
151991000: system.memobj: Enter Error Bit index: 8 
151991000: system.memobj: flip data : 1000000100100100010110010000000000000000000000000000000000000000 
151991000: system.memobj: -------------------------------------
152061000: system.memobj: mem->cpu Got response for addr 0xdd88 , 56712
152061000: system.memobj: size 0x8
152061000: system.memobj: id 94061725637680
152061000: system.memobj: data_hex : FD415455534883EC 
152061000: system.memobj: data : 1111110101000001010101000101010101010011010010001000001111101100 
152061000: system.memobj: fix data : 1111110101000001010101000101010101010011010010001000001111101100 
152061000: system.memobj: -------------------------------------
152110000: system.memobj: mem->cpu Got response for addr 0xdd90 , 56720
152110000: system.memobj: size 0x8
152110000: system.memobj: id 94061725637968
152110000: system.memobj: data_hex : 484883FEBF0F875C 
152110000: system.memobj: data : 0100100001001000100000111111111010111111000011111000011101011100 
152110000: system.memobj: fix data : 0100100001001000100000111111111010111111000011111000011101011100 
152110000: system.memobj: -------------------------------------
152159000: system.memobj: mem->cpu Got response for addr 0xdd90 , 56720
152159000: system.memobj: size 0x8
152159000: system.memobj: id 94061725637680
152159000: system.memobj: data_hex : 484883FEBF0F875C 
152159000: system.memobj: data : 0100100001001000100000111111111010111111000011111000011101011100 
152159000: system.memobj: fix data : 0100100001001000100000111111111010111111000011111000011101011100 
152159000: system.memobj: -------------------------------------
152208000: system.memobj: mem->cpu Got response for addr 0xdd90 , 56720
152208000: system.memobj: size 0x8
152208000: system.memobj: id 94061725637968
152208000: system.memobj: data_hex : 484883FEBF0F875C 
152208000: system.memobj: data : 0100100001001000100000111111111010111111000011111000011101011100 
152208000: system.memobj: fix data : 0100100001001000100000111111111010111111000011111000011101011100 
152208000: system.memobj: -------------------------------------
152257000: system.memobj: mem->cpu Got response for addr 0xdd98 , 56728
152257000: system.memobj: size 0x8
152257000: system.memobj: id 94061725637680
152257000: system.memobj: data_hex : 040000488D461748 
152257000: system.memobj: data : 0000010000000000000000000100100010001101010001100001011101001000 
152257000: system.memobj: fix data : 0000010000000000000000000100100010001101010001100001011101001000 
152257000: system.memobj: -------------------------------------
152306000: system.memobj: mem->cpu Got response for addr 0xdd98 , 56728
152306000: system.memobj: size 0x8
152306000: system.memobj: id 94061725637968
152306000: system.memobj: data_hex : 040000488D461748 
152306000: system.memobj: data : 0000010000000000000000000100100010001101010001100001011101001000 
152306000: system.memobj: fix data : 0000010000000000000000000100100010001101010001100001011101001000 
152306000: system.memobj: -------------------------------------
152355000: system.memobj: mem->cpu Got response for addr 0xdd98 , 56728
152355000: system.memobj: size 0x8
152355000: system.memobj: id 94061725637680
152355000: system.memobj: data_hex : 040000488D461748 
152355000: system.memobj: data : 0000010000000000000000000100100010001101010001100001011101001000 
152355000: system.memobj: fix data : 0000010000000000000000000100100010001101010001100001011101001000 
152355000: system.memobj: -------------------------------------
152404000: system.memobj: mem->cpu Got response for addr 0xdda0 , 56736
152404000: system.memobj: size 0x8
152404000: system.memobj: id 94061725637968
152404000: system.memobj: data_hex : C744244020000000 
152404000: system.memobj: data : 1100011101000100001001000100000000100000000000000000000000000000 
152404000: system.memobj: fix data : 1100011101000100001001000100000000100000000000000000000000000000 
152404000: system.memobj: -------------------------------------
152404000: system.memobj: cpu->mem Got request for addr 0x94a20 , 608800
152404000: system.memobj: size 0x8
152404000: system.memobj: id 94061725637680
152404000: system.memobj: data_hex : 2000000000000000 
152404000: system.memobj: data : 0010000000000000000000000000000000000000000000000000000000000000 
152404000: system.memobj: hamming code addr: 608800 
152404000: system.memobj: hamming code : 6 
152404000: system.memobj: hamming code addr: 608808 
152404000: system.memobj: hamming code : 0 
152404000: system.memobj: hamming code addr: 608816 
152404000: system.memobj: hamming code : 0 
152404000: system.memobj: hamming code addr: 608824 
152404000: system.memobj: hamming code : 0 
152404000: system.memobj: hamming code addr: 608832 
152404000: system.memobj: hamming code : 0 
152404000: system.memobj: hamming code addr: 608840 
152404000: system.memobj: hamming code : 0 
152404000: system.memobj: hamming code addr: 608848 
152404000: system.memobj: hamming code : 0 
152404000: system.memobj: hamming code addr: 608856 
152404000: system.memobj: hamming code : 0 
152404000: system.memobj: Enter Error Bit index: 8 
152404000: system.memobj: flip data : 0010000100000000000000000000000000000000000000000000000000000000 
152404000: system.memobj: -------------------------------------
152488000: system.memobj: mem->cpu Got response for addr 0xdda8 , 56744
152488000: system.memobj: size 0x8
152488000: system.memobj: id 94061725637680
152488000: system.memobj: data_hex : 488B4F284889C248 
152488000: system.memobj: data : 0100100010001011010011110010100001001000100010011100001001001000 
152488000: system.memobj: fix data : 0100100010001011010011110010100001001000100010011100001001001000 
152488000: system.memobj: -------------------------------------
152508000: system.memobj: mem->cpu Got response for addr 0x924a8 , 599208
152508000: system.memobj: size 0x8
152508000: system.memobj: id 94061725637968
152508000: system.memobj: data_hex : D100000000000000 
152508000: system.memobj: data : 1101000100000000000000000000000000000000000000000000000000000000 
152508000: system.memobj: hamming code addr: 599208 
152508000: system.memobj: hamming code out: 14 
152508000: system.memobj: find Error Bit index : 1 
152508000: system.memobj: hamming code addr: 599216 
152508000: system.memobj: hamming code out: 0 
152508000: system.memobj: hamming code addr: 599224 
152508000: system.memobj: hamming code out: 0 
152508000: system.memobj: hamming code addr: 599232 
152508000: system.memobj: hamming code out: 0 
152508000: system.memobj: hamming code addr: 599240 
152508000: system.memobj: hamming code out: 0 
152508000: system.memobj: hamming code addr: 599248 
152508000: system.memobj: hamming code out: 0 
152508000: system.memobj: hamming code addr: 599256 
152508000: system.memobj: hamming code out: 0 
152508000: system.memobj: hamming code addr: 599264 
152508000: system.memobj: hamming code out: 0 
152508000: system.memobj: fix data : 0101000100000000000000000000000000000000000000000000000000000000 
152508000: system.memobj: -------------------------------------
152557000: system.memobj: mem->cpu Got response for addr 0xdda8 , 56744
152557000: system.memobj: size 0x8
152557000: system.memobj: id 94061725637968
152557000: system.memobj: data_hex : 488B4F284889C248 
152557000: system.memobj: data : 0100100010001011010011110010100001001000100010011100001001001000 
152557000: system.memobj: fix data : 0100100010001011010011110010100001001000100010011100001001001000 
152557000: system.memobj: -------------------------------------
152606000: system.memobj: mem->cpu Got response for addr 0xdda8 , 56744
152606000: system.memobj: size 0x8
152606000: system.memobj: id 94061725637680
152606000: system.memobj: data_hex : 488B4F284889C248 
152606000: system.memobj: data : 0100100010001011010011110010100001001000100010011100001001001000 
152606000: system.memobj: fix data : 0100100010001011010011110010100001001000100010011100001001001000 
152606000: system.memobj: -------------------------------------
152655000: system.memobj: mem->cpu Got response for addr 0xddb0 , 56752
152655000: system.memobj: size 0x8
152655000: system.memobj: id 94061725637968
152655000: system.memobj: data_hex : 83E2F04883F82048 
152655000: system.memobj: data : 1000001111100010111100000100100010000011111110000010000001001000 
152655000: system.memobj: fix data : 1000001111100010111100000100100010000011111110000010000001001000 
152655000: system.memobj: -------------------------------------
152704000: system.memobj: mem->cpu Got response for addr 0xddb0 , 56752
152704000: system.memobj: size 0x8
152704000: system.memobj: id 94061725637680
152704000: system.memobj: data_hex : 83E2F04883F82048 
152704000: system.memobj: data : 1000001111100010111100000100100010000011111110000010000001001000 
152704000: system.memobj: fix data : 1000001111100010111100000100100010000011111110000010000001001000 
152704000: system.memobj: -------------------------------------
152753000: system.memobj: mem->cpu Got response for addr 0xddb0 , 56752
152753000: system.memobj: size 0x8
152753000: system.memobj: id 94061725637968
152753000: system.memobj: data_hex : 83E2F04883F82048 
152753000: system.memobj: data : 1000001111100010111100000100100010000011111110000010000001001000 
152753000: system.memobj: fix data : 1000001111100010111100000100100010000011111110000010000001001000 
152753000: system.memobj: -------------------------------------
152802000: system.memobj: mem->cpu Got response for addr 0xddb8 , 56760
152802000: system.memobj: size 0x8
152802000: system.memobj: id 94061725637680
152802000: system.memobj: data_hex : 0F425424404839D1 
152802000: system.memobj: data : 0000111101000010010101000010010001000000010010000011100111010001 
152802000: system.memobj: fix data : 0000111101000010010101000010010001000000010010000011100111010001 
152802000: system.memobj: -------------------------------------
152879000: system.memobj: mem->cpu Got response for addr 0x94a20 , 608800
152879000: system.memobj: size 0x8
152879000: system.memobj: id 94061725637968
152879000: system.memobj: data_hex : 2100000000000000 
152879000: system.memobj: data : 0010000100000000000000000000000000000000000000000000000000000000 
152879000: system.memobj: hamming code addr: 608800 
152879000: system.memobj: hamming code out: 6 
152879000: system.memobj: find Error Bit index : 8 
152879000: system.memobj: hamming code addr: 608808 
152879000: system.memobj: hamming code out: 0 
152879000: system.memobj: hamming code addr: 608816 
152879000: system.memobj: hamming code out: 0 
152879000: system.memobj: hamming code addr: 608824 
152879000: system.memobj: hamming code out: 0 
152879000: system.memobj: hamming code addr: 608832 
152879000: system.memobj: hamming code out: 0 
152879000: system.memobj: hamming code addr: 608840 
152879000: system.memobj: hamming code out: 0 
152879000: system.memobj: hamming code addr: 608848 
152879000: system.memobj: hamming code out: 0 
152879000: system.memobj: hamming code addr: 608856 
152879000: system.memobj: hamming code out: 0 
152879000: system.memobj: fix data : 0010000000000000000000000000000000000000000000000000000000000000 
152879000: system.memobj: -------------------------------------
152928000: system.memobj: mem->cpu Got response for addr 0xddb8 , 56760
152928000: system.memobj: size 0x8
152928000: system.memobj: id 94061725637968
152928000: system.memobj: data_hex : 0F425424404839D1 
152928000: system.memobj: data : 0000111101000010010101000010010001000000010010000011100111010001 
152928000: system.memobj: fix data : 0000111101000010010101000010010001000000010010000011100111010001 
152928000: system.memobj: -------------------------------------
152977000: system.memobj: mem->cpu Got response for addr 0xddc0 , 56768
152977000: system.memobj: size 0x8
152977000: system.memobj: id 94061725637680
152977000: system.memobj: data_hex : 4889542440724E8B 
152977000: system.memobj: data : 0100100010001001010101000010010001000000011100100100111010001011 
152977000: system.memobj: fix data : 0100100010001001010101000010010001000000011100100100111010001011 
152977000: system.memobj: -------------------------------------
152977000: system.memobj: cpu->mem Got request for addr 0x94a20 , 608800
152977000: system.memobj: size 0x8
152977000: system.memobj: id 94061725637968
152977000: system.memobj: data_hex : 3000000000000000 
152977000: system.memobj: data : 0011000000000000000000000000000000000000000000000000000000000000 
152977000: system.memobj: hamming code addr: 608800 
152977000: system.memobj: hamming code : 1 
152977000: system.memobj: hamming code addr: 608808 
152977000: system.memobj: hamming code : 0 
152977000: system.memobj: hamming code addr: 608816 
152977000: system.memobj: hamming code : 0 
152977000: system.memobj: hamming code addr: 608824 
152977000: system.memobj: hamming code : 0 
152977000: system.memobj: hamming code addr: 608832 
152977000: system.memobj: hamming code : 0 
152977000: system.memobj: hamming code addr: 608840 
152977000: system.memobj: hamming code : 0 
152977000: system.memobj: hamming code addr: 608848 
152977000: system.memobj: hamming code : 0 
152977000: system.memobj: hamming code addr: 608856 
152977000: system.memobj: hamming code : 0 
152977000: system.memobj: Enter Error Bit index: 8 
152977000: system.memobj: flip data : 0011000100000000000000000000000000000000000000000000000000000000 
152977000: system.memobj: -------------------------------------
153047000: system.memobj: mem->cpu Got response for addr 0xddc0 , 56768
153047000: system.memobj: size 0x8
153047000: system.memobj: id 94061725637968
153047000: system.memobj: data_hex : 4889542440724E8B 
153047000: system.memobj: data : 0100100010001001010101000010010001000000011100100100111010001011 
153047000: system.memobj: fix data : 0100100010001001010101000010010001000000011100100100111010001011 
153047000: system.memobj: -------------------------------------
153096000: system.memobj: mem->cpu Got response for addr 0xddc0 , 56768
153096000: system.memobj: size 0x8
153096000: system.memobj: id 94061725637680
153096000: system.memobj: data_hex : 4889542440724E8B 
153096000: system.memobj: data : 0100100010001001010101000010010001000000011100100100111010001011 
153096000: system.memobj: fix data : 0100100010001001010101000010010001000000011100100100111010001011 
153096000: system.memobj: -------------------------------------
153145000: system.memobj: mem->cpu Got response for addr 0xddc8 , 56776
153145000: system.memobj: size 0x8
153145000: system.memobj: id 94061725637968
153145000: system.memobj: data_hex : 442440C1E8038D50 
153145000: system.memobj: data : 0100010000100100010000001100000111101000000000111000110101010000 
153145000: system.memobj: fix data : 0100010000100100010000001100000111101000000000111000110101010000 
153145000: system.memobj: -------------------------------------
153194000: system.memobj: mem->cpu Got response for addr 0x94a20 , 608800
153194000: system.memobj: size 0x4
153194000: system.memobj: id 94061725637680
153194000: system.memobj: data_hex : 31000000 
153194000: system.memobj: data : 00110001000000000000000000000000 
153194000: system.memobj: hamming code addr: 608800 
153194000: system.memobj: hamming code out: 1 
153194000: system.memobj: find Error Bit index : 8 
153194000: system.memobj: hamming code addr: 608808 
153194000: system.memobj: hamming code out: 0 
153194000: system.memobj: hamming code addr: 608816 
153194000: system.memobj: hamming code out: 0 
153194000: system.memobj: hamming code addr: 608824 
153194000: system.memobj: hamming code out: 0 
153194000: system.memobj: fix data : 00110000000000000000000000000000 
153194000: system.memobj: -------------------------------------
153243000: system.memobj: mem->cpu Got response for addr 0xddc8 , 56776
153243000: system.memobj: size 0x8
153243000: system.memobj: id 94061725637680
153243000: system.memobj: data_hex : 442440C1E8038D50 
153243000: system.memobj: data : 0100010000100100010000001100000111101000000000111000110101010000 
153243000: system.memobj: fix data : 0100010000100100010000001100000111101000000000111000110101010000 
153243000: system.memobj: -------------------------------------
153292000: system.memobj: mem->cpu Got response for addr 0xddc8 , 56776
153292000: system.memobj: size 0x8
153292000: system.memobj: id 94061725637968
153292000: system.memobj: data_hex : 442440C1E8038D50 
153292000: system.memobj: data : 0100010000100100010000001100000111101000000000111000110101010000 
153292000: system.memobj: fix data : 0100010000100100010000001100000111101000000000111000110101010000 
153292000: system.memobj: -------------------------------------
153341000: system.memobj: mem->cpu Got response for addr 0xddd0 , 56784
153341000: system.memobj: size 0x8
153341000: system.memobj: id 94061725637680
153341000: system.memobj: data_hex : FE488D2CD74C8B65 
153341000: system.memobj: data : 1111111001001000100011010010110011010111010011001000101101100101 
153341000: system.memobj: fix data : 1111111001001000100011010010110011010111010011001000101101100101 
153341000: system.memobj: -------------------------------------
153390000: system.memobj: mem->cpu Got response for addr 0xddd0 , 56784
153390000: system.memobj: size 0x8
153390000: system.memobj: id 94061725637968
153390000: system.memobj: data_hex : FE488D2CD74C8B65 
153390000: system.memobj: data : 1111111001001000100011010010110011010111010011001000101101100101 
153390000: system.memobj: fix data : 1111111001001000100011010010110011010111010011001000101101100101 
153390000: system.memobj: -------------------------------------
153453000: system.memobj: mem->cpu Got response for addr 0xddd0 , 56784
153453000: system.memobj: size 0x8
153453000: system.memobj: id 94061725637680
153453000: system.memobj: data_hex : FE488D2CD74C8B65 
153453000: system.memobj: data : 1111111001001000100011010010110011010111010011001000101101100101 
153453000: system.memobj: fix data : 1111111001001000100011010010110011010111010011001000101101100101 
153453000: system.memobj: -------------------------------------
153502000: system.memobj: mem->cpu Got response for addr 0xddd8 , 56792
153502000: system.memobj: size 0x8
153502000: system.memobj: id 94061725637968
153502000: system.memobj: data_hex : 304D85E47437418B 
153502000: system.memobj: data : 0011000001001101100001011110010001110100001101110100000110001011 
153502000: system.memobj: fix data : 0011000001001101100001011110010001110100001101110100000110001011 
153502000: system.memobj: -------------------------------------
153551000: system.memobj: mem->cpu Got response for addr 0x924d0 , 599248
153551000: system.memobj: size 0x8
153551000: system.memobj: id 94061725637680
153551000: system.memobj: data_hex : 0000000000000000 
153551000: system.memobj: data : 0000000000000000000000000000000000000000000000000000000000000000 
153551000: system.memobj: fix data : 0000000000000000000000000000000000000000000000000000000000000000 
153551000: system.memobj: -------------------------------------
153600000: system.memobj: mem->cpu Got response for addr 0xddd8 , 56792
153600000: system.memobj: size 0x8
153600000: system.memobj: id 94061725637680
153600000: system.memobj: data_hex : 304D85E47437418B 
153600000: system.memobj: data : 0011000001001101100001011110010001110100001101110100000110001011 
153600000: system.memobj: fix data : 0011000001001101100001011110010001110100001101110100000110001011 
153600000: system.memobj: -------------------------------------
153649000: system.memobj: mem->cpu Got response for addr 0xddd8 , 56792
153649000: system.memobj: size 0x8
153649000: system.memobj: id 94061725637968
153649000: system.memobj: data_hex : 304D85E47437418B 
153649000: system.memobj: data : 0011000001001101100001011110010001110100001101110100000110001011 
153649000: system.memobj: fix data : 0011000001001101100001011110010001110100001101110100000110001011 
153649000: system.memobj: -------------------------------------
153698000: system.memobj: mem->cpu Got response for addr 0xde10 , 56848
153698000: system.memobj: size 0x8
153698000: system.memobj: id 94061725637680
153698000: system.memobj: data_hex : 415E415FC348817C 
153698000: system.memobj: data : 0100000101011110010000010101111111000011010010001000000101111100 
153698000: system.memobj: fix data : 0100000101011110010000010101111111000011010010001000000101111100 
153698000: system.memobj: -------------------------------------
153747000: system.memobj: mem->cpu Got response for addr 0xde18 , 56856
153747000: system.memobj: size 0x8
153747000: system.memobj: id 94061725637968
153747000: system.memobj: data_hex : 2440FF0100007764 
153747000: system.memobj: data : 0010010001000000111111110000000100000000000000000111011101100100 
153747000: system.memobj: fix data : 0010010001000000111111110000000100000000000000000111011101100100 
153747000: system.memobj: -------------------------------------
153796000: system.memobj: mem->cpu Got response for addr 0x94a20 , 608800
153796000: system.memobj: size 0x8
153796000: system.memobj: id 94061725637680
153796000: system.memobj: data_hex : 3100000000000000 
153796000: system.memobj: data : 0011000100000000000000000000000000000000000000000000000000000000 
153796000: system.memobj: hamming code addr: 608800 
153796000: system.memobj: hamming code out: 1 
153796000: system.memobj: find Error Bit index : 8 
153796000: system.memobj: hamming code addr: 608808 
153796000: system.memobj: hamming code out: 0 
153796000: system.memobj: hamming code addr: 608816 
153796000: system.memobj: hamming code out: 0 
153796000: system.memobj: hamming code addr: 608824 
153796000: system.memobj: hamming code out: 0 
153796000: system.memobj: hamming code addr: 608832 
153796000: system.memobj: hamming code out: 0 
153796000: system.memobj: hamming code addr: 608840 
153796000: system.memobj: hamming code out: 0 
153796000: system.memobj: hamming code addr: 608848 
153796000: system.memobj: hamming code out: 0 
153796000: system.memobj: hamming code addr: 608856 
153796000: system.memobj: hamming code out: 0 
153796000: system.memobj: fix data : 0011000000000000000000000000000000000000000000000000000000000000 
153796000: system.memobj: -------------------------------------
153845000: system.memobj: mem->cpu Got response for addr 0xde18 , 56856
153845000: system.memobj: size 0x8
153845000: system.memobj: id 94061725637680
153845000: system.memobj: data_hex : 2440FF0100007764 
153845000: system.memobj: data : 0010010001000000111111110000000100000000000000000111011101100100 
153845000: system.memobj: fix data : 0010010001000000111111110000000100000000000000000111011101100100 
153845000: system.memobj: -------------------------------------
153894000: system.memobj: mem->cpu Got response for addr 0xde20 , 56864
153894000: system.memobj: size 0x8
153894000: system.memobj: id 94061725637968
153894000: system.memobj: data_hex : 448B7C244041C1EF 
153894000: system.memobj: data : 0100010010001011011111000010010001000000010000011100000111101111 
153894000: system.memobj: fix data : 0100010010001011011111000010010001000000010000011100000111101111 
153894000: system.memobj: -------------------------------------
153943000: system.memobj: mem->cpu Got response for addr 0x94a20 , 608800
153943000: system.memobj: size 0x4
153943000: system.memobj: id 94061725637680
153943000: system.memobj: data_hex : 31000000 
153943000: system.memobj: data : 00110001000000000000000000000000 
153943000: system.memobj: hamming code addr: 608800 
153943000: system.memobj: hamming code out: 1 
153943000: system.memobj: find Error Bit index : 8 
153943000: system.memobj: hamming code addr: 608808 
153943000: system.memobj: hamming code out: 0 
153943000: system.memobj: hamming code addr: 608816 
153943000: system.memobj: hamming code out: 0 
153943000: system.memobj: hamming code addr: 608824 
153943000: system.memobj: hamming code out: 0 
153943000: system.memobj: fix data : 00110000000000000000000000000000 
153943000: system.memobj: -------------------------------------
153992000: system.memobj: mem->cpu Got response for addr 0xde20 , 56864
153992000: system.memobj: size 0x8
153992000: system.memobj: id 94061725637680
153992000: system.memobj: data_hex : 448B7C244041C1EF 
153992000: system.memobj: data : 0100010010001011011111000010010001000000010000011100000111101111 
153992000: system.memobj: fix data : 0100010010001011011111000010010001000000010000011100000111101111 
153992000: system.memobj: -------------------------------------
154041000: system.memobj: mem->cpu Got response for addr 0xde28 , 56872
154041000: system.memobj: size 0x8
154041000: system.memobj: id 94061725637968
154041000: system.memobj: data_hex : 03438D043F89C049 
154041000: system.memobj: data : 0000001101000011100011010000010000111111100010011100000001001001 
154041000: system.memobj: fix data : 0000001101000011100011010000010000111111100010011100000001001001 
154041000: system.memobj: -------------------------------------
154090000: system.memobj: mem->cpu Got response for addr 0xde28 , 56872
154090000: system.memobj: size 0x8
154090000: system.memobj: id 94061725637680
154090000: system.memobj: data_hex : 03438D043F89C049 
154090000: system.memobj: data : 0000001101000011100011010000010000111111100010011100000001001001 
154090000: system.memobj: fix data : 0000001101000011100011010000010000111111100010011100000001001001 
154090000: system.memobj: -------------------------------------
154139000: system.memobj: mem->cpu Got response for addr 0xde28 , 56872
154139000: system.memobj: size 0x8
154139000: system.memobj: id 94061725637968
154139000: system.memobj: data_hex : 03438D043F89C049 
154139000: system.memobj: data : 0000001101000011100011010000010000111111100010011100000001001001 
154139000: system.memobj: fix data : 0000001101000011100011010000010000111111100010011100000001001001 
154139000: system.memobj: -------------------------------------
154188000: system.memobj: mem->cpu Got response for addr 0xde28 , 56872
154188000: system.memobj: size 0x8
154188000: system.memobj: id 94061725637680
154188000: system.memobj: data_hex : 03438D043F89C049 
154188000: system.memobj: data : 0000001101000011100011010000010000111111100010011100000001001001 
154188000: system.memobj: fix data : 0000001101000011100011010000010000111111100010011100000001001001 
154188000: system.memobj: -------------------------------------
154237000: system.memobj: mem->cpu Got response for addr 0xde30 , 56880
154237000: system.memobj: size 0x8
154237000: system.memobj: id 94061725637968
154237000: system.memobj: data_hex : 8DBCC5880000004C 
154237000: system.memobj: data : 1000110110111100110001011000100000000000000000000000000001001100 
154237000: system.memobj: fix data : 1000110110111100110001011000100000000000000000000000000001001100 
154237000: system.memobj: -------------------------------------
154286000: system.memobj: mem->cpu Got response for addr 0xde30 , 56880
154286000: system.memobj: size 0x8
154286000: system.memobj: id 94061725637680
154286000: system.memobj: data_hex : 8DBCC5880000004C 
154286000: system.memobj: data : 1000110110111100110001011000100000000000000000000000000001001100 
154286000: system.memobj: fix data : 1000110110111100110001011000100000000000000000000000000001001100 
154286000: system.memobj: -------------------------------------
154335000: system.memobj: mem->cpu Got response for addr 0xde38 , 56888
154335000: system.memobj: size 0x8
154335000: system.memobj: id 94061725637968
154335000: system.memobj: data_hex : 8B67184939FC7464 
154335000: system.memobj: data : 1000101101100111000110000100100100111001111111000111010001100100 
154335000: system.memobj: fix data : 1000101101100111000110000100100100111001111111000111010001100100 
154335000: system.memobj: -------------------------------------
154384000: system.memobj: mem->cpu Got response for addr 0x92580 , 599424
154384000: system.memobj: size 0x8
154384000: system.memobj: id 94061725637680
154384000: system.memobj: data_hex : 6025590000000000 
154384000: system.memobj: data : 0110000000100101010110010000000000000000000000000000000000000000 
154384000: system.memobj: hamming code addr: 599424 
154384000: system.memobj: hamming code out: 10 
154384000: system.memobj: find Error Bit index : 5 
154384000: system.memobj: hamming code addr: 599432 
154384000: system.memobj: hamming code out: 0 
154384000: system.memobj: hamming code addr: 599440 
154384000: system.memobj: hamming code out: 7 
154384000: system.memobj: hamming code addr: 599448 
154384000: system.memobj: hamming code out: 0 
154384000: system.memobj: hamming code addr: 599456 
154384000: system.memobj: hamming code out: 0 
154384000: system.memobj: hamming code addr: 599464 
154384000: system.memobj: hamming code out: 0 
154384000: system.memobj: hamming code addr: 599472 
154384000: system.memobj: hamming code out: 0 
154384000: system.memobj: hamming code addr: 599480 
154384000: system.memobj: hamming code out: 0 
154384000: system.memobj: fix data : 0110100000100101010110010000000000000000000000000000000000000000 
154384000: system.memobj: -------------------------------------
154447000: system.memobj: mem->cpu Got response for addr 0xde38 , 56888
154447000: system.memobj: size 0x8
154447000: system.memobj: id 94061725637680
154447000: system.memobj: data_hex : 8B67184939FC7464 
154447000: system.memobj: data : 1000101101100111000110000100100100111001111111000111010001100100 
154447000: system.memobj: fix data : 1000101101100111000110000100100100111001111111000111010001100100 
154447000: system.memobj: -------------------------------------
154496000: system.memobj: mem->cpu Got response for addr 0xde38 , 56888
154496000: system.memobj: size 0x8
154496000: system.memobj: id 94061725637968
154496000: system.memobj: data_hex : 8B67184939FC7464 
154496000: system.memobj: data : 1000101101100111000110000100100100111001111111000111010001100100 
154496000: system.memobj: fix data : 1000101101100111000110000100100100111001111111000111010001100100 
154496000: system.memobj: -------------------------------------
154545000: system.memobj: mem->cpu Got response for addr 0xdea0 , 56992
154545000: system.memobj: size 0x8
154545000: system.memobj: id 94061725637680
154545000: system.memobj: data_hex : E8010000488B5424 
154545000: system.memobj: data : 1110100000000001000000000000000001001000100010110101010000100100 
154545000: system.memobj: fix data : 1110100000000001000000000000000001001000100010110101010000100100 
154545000: system.memobj: -------------------------------------
154594000: system.memobj: mem->cpu Got response for addr 0xdea8 , 57000
154594000: system.memobj: size 0x8
154594000: system.memobj: id 94061725637968
154594000: system.memobj: data_hex : 40488B4C24404D8D 
154594000: system.memobj: data : 0100000001001000100010110100110000100100010000000100110110001101 
154594000: system.memobj: fix data : 0100000001001000100010110100110000100100010000000100110110001101 
154594000: system.memobj: -------------------------------------
154643000: system.memobj: mem->cpu Got response for addr 0x94a20 , 608800
154643000: system.memobj: size 0x8
154643000: system.memobj: id 94061725637680
154643000: system.memobj: data_hex : 3100000000000000 
154643000: system.memobj: data : 0011000100000000000000000000000000000000000000000000000000000000 
154643000: system.memobj: hamming code addr: 608800 
154643000: system.memobj: hamming code out: 1 
154643000: system.memobj: find Error Bit index : 8 
154643000: system.memobj: hamming code addr: 608808 
154643000: system.memobj: hamming code out: 0 
154643000: system.memobj: hamming code addr: 608816 
154643000: system.memobj: hamming code out: 0 
154643000: system.memobj: hamming code addr: 608824 
154643000: system.memobj: hamming code out: 0 
154643000: system.memobj: hamming code addr: 608832 
154643000: system.memobj: hamming code out: 0 
154643000: system.memobj: hamming code addr: 608840 
154643000: system.memobj: hamming code out: 0 
154643000: system.memobj: hamming code addr: 608848 
154643000: system.memobj: hamming code out: 0 
154643000: system.memobj: hamming code addr: 608856 
154643000: system.memobj: hamming code out: 0 
154643000: system.memobj: fix data : 0011000000000000000000000000000000000000000000000000000000000000 
154643000: system.memobj: -------------------------------------
154692000: system.memobj: mem->cpu Got response for addr 0xdea8 , 57000
154692000: system.memobj: size 0x8
154692000: system.memobj: id 94061725637680
154692000: system.memobj: data_hex : 40488B4C24404D8D 
154692000: system.memobj: data : 0100000001001000100010110100110000100100010000000100110110001101 
154692000: system.memobj: fix data : 0100000001001000100010110100110000100100010000000100110110001101 
154692000: system.memobj: -------------------------------------
154741000: system.memobj: mem->cpu Got response for addr 0x94a20 , 608800
154741000: system.memobj: size 0x8
154741000: system.memobj: id 94061725637968
154741000: system.memobj: data_hex : 3100000000000000 
154741000: system.memobj: data : 0011000100000000000000000000000000000000000000000000000000000000 
154741000: system.memobj: hamming code addr: 608800 
154741000: system.memobj: hamming code out: 1 
154741000: system.memobj: find Error Bit index : 8 
154741000: system.memobj: hamming code addr: 608808 
154741000: system.memobj: hamming code out: 0 
154741000: system.memobj: hamming code addr: 608816 
154741000: system.memobj: hamming code out: 0 
154741000: system.memobj: hamming code addr: 608824 
154741000: system.memobj: hamming code out: 0 
154741000: system.memobj: hamming code addr: 608832 
154741000: system.memobj: hamming code out: 0 
154741000: system.memobj: hamming code addr: 608840 
154741000: system.memobj: hamming code out: 0 
154741000: system.memobj: hamming code addr: 608848 
154741000: system.memobj: hamming code out: 0 
154741000: system.memobj: hamming code addr: 608856 
154741000: system.memobj: hamming code out: 0 
154741000: system.memobj: fix data : 0011000000000000000000000000000000000000000000000000000000000000 
154741000: system.memobj: -------------------------------------
154790000: system.memobj: mem->cpu Got response for addr 0xdea8 , 57000
154790000: system.memobj: size 0x8
154790000: system.memobj: id 94061725637968
154790000: system.memobj: data_hex : 40488B4C24404D8D 
154790000: system.memobj: data : 0100000001001000100010110100110000100100010000000100110110001101 
154790000: system.memobj: fix data : 0100000001001000100010110100110000100100010000000100110110001101 
154790000: system.memobj: -------------------------------------
154839000: system.memobj: mem->cpu Got response for addr 0xdeb0 , 57008
154839000: system.memobj: size 0x8
154839000: system.memobj: id 94061725637680
154839000: system.memobj: data_hex : B5980000004883CA 
154839000: system.memobj: data : 1011010110011000000000000000000000000000010010001000001111001010 
154839000: system.memobj: fix data : 1011010110011000000000000000000000000000010010001000001111001010 
154839000: system.memobj: -------------------------------------
154888000: system.memobj: mem->cpu Got response for addr 0xdeb0 , 57008
154888000: system.memobj: size 0x8
154888000: system.memobj: id 94061725637968
154888000: system.memobj: data_hex : B5980000004883CA 
154888000: system.memobj: data : 1011010110011000000000000000000000000000010010001000001111001010 
154888000: system.memobj: fix data : 1011010110011000000000000000000000000000010010001000001111001010 
154888000: system.memobj: -------------------------------------
154937000: system.memobj: mem->cpu Got response for addr 0xdeb8 , 57016
154937000: system.memobj: size 0x8
154937000: system.memobj: id 94061725637680
154937000: system.memobj: data_hex : 014883C120488954 
154937000: system.memobj: data : 0000000101001000100000111100000100100000010010001000100101010100 
154937000: system.memobj: fix data : 0000000101001000100000111100000100100000010010001000100101010100 
154937000: system.memobj: -------------------------------------
154986000: system.memobj: mem->cpu Got response for addr 0xdeb8 , 57016
154986000: system.memobj: size 0x8
154986000: system.memobj: id 94061725637968
154986000: system.memobj: data_hex : 014883C120488954 
154986000: system.memobj: data : 0000000101001000100000111100000100100000010010001000100101010100 
154986000: system.memobj: fix data : 0000000101001000100000111100000100100000010010001000100101010100 
154986000: system.memobj: -------------------------------------
155035000: system.memobj: mem->cpu Got response for addr 0xdeb8 , 57016
155035000: system.memobj: size 0x8
155035000: system.memobj: id 94061725637680
155035000: system.memobj: data_hex : 014883C120488954 
155035000: system.memobj: data : 0000000101001000100000111100000100100000010010001000100101010100 
155035000: system.memobj: fix data : 0000000101001000100000111100000100100000010010001000100101010100 
155035000: system.memobj: -------------------------------------
155084000: system.memobj: mem->cpu Got response for addr 0xdec0 , 57024
155084000: system.memobj: size 0x8
155084000: system.memobj: id 94061725637968
155084000: system.memobj: data_hex : 2438488954240848 
155084000: system.memobj: data : 0010010000111000010010001000100101010100001001000000100001001000 
155084000: system.memobj: fix data : 0010010000111000010010001000100101010100001001000000100001001000 
155084000: system.memobj: -------------------------------------
155084000: system.memobj: cpu->mem Got request for addr 0x94a18 , 608792
155084000: system.memobj: size 0x8
155084000: system.memobj: id 94061725637680
155084000: system.memobj: data_hex : 3100000000000000 
155084000: system.memobj: data : 0011000100000000000000000000000000000000000000000000000000000000 
155084000: system.memobj: hamming code addr: 608792 
155084000: system.memobj: hamming code : 13 
155084000: system.memobj: hamming code addr: 608800 
155084000: system.memobj: hamming code : 0 
155084000: system.memobj: hamming code addr: 608808 
155084000: system.memobj: hamming code : 0 
155084000: system.memobj: hamming code addr: 608816 
155084000: system.memobj: hamming code : 0 
155084000: system.memobj: hamming code addr: 608824 
155084000: system.memobj: hamming code : 0 
155084000: system.memobj: hamming code addr: 608832 
155084000: system.memobj: hamming code : 0 
155084000: system.memobj: hamming code addr: 608840 
155084000: system.memobj: hamming code : 0 
155084000: system.memobj: hamming code addr: 608848 
155084000: system.memobj: hamming code : 0 
155084000: system.memobj: Enter Error Bit index: 7 
155084000: system.memobj: flip data : 0011001100000000000000000000000000000000000000000000000000000000 
155084000: system.memobj: -------------------------------------
155154000: system.memobj: mem->cpu Got response for addr 0xdec0 , 57024
155154000: system.memobj: size 0x8
155154000: system.memobj: id 94061725637680
155154000: system.memobj: data_hex : 2438488954240848 
155154000: system.memobj: data : 0010010000111000010010001000100101010100001001000000100001001000 
155154000: system.memobj: fix data : 0010010000111000010010001000100101010100001001000000100001001000 
155154000: system.memobj: -------------------------------------
155154000: system.memobj: cpu->mem Got request for addr 0x949e8 , 608744
155154000: system.memobj: size 0x8
155154000: system.memobj: id 94061725637968
155154000: system.memobj: data_hex : 3100000000000000 
155154000: system.memobj: data : 0011000100000000000000000000000000000000000000000000000000000000 
155154000: system.memobj: hamming code addr: 608744 
155154000: system.memobj: hamming code : 13 
155154000: system.memobj: hamming code addr: 608752 
155154000: system.memobj: hamming code : 0 
155154000: system.memobj: hamming code addr: 608760 
155154000: system.memobj: hamming code : 0 
155154000: system.memobj: hamming code addr: 608768 
155154000: system.memobj: hamming code : 0 
155154000: system.memobj: hamming code addr: 608776 
155154000: system.memobj: hamming code : 0 
155154000: system.memobj: hamming code addr: 608784 
155154000: system.memobj: hamming code : 0 
155154000: system.memobj: hamming code addr: 608792 
155154000: system.memobj: hamming code : 0 
155154000: system.memobj: hamming code addr: 608800 
155154000: system.memobj: hamming code : 0 
155154000: system.memobj: Enter Error Bit index: 4 
155154000: system.memobj: flip data : 0010000100000000000000000000000000000000000000000000000000000000 
155154000: system.memobj: -------------------------------------
155224000: system.memobj: mem->cpu Got response for addr 0xdec0 , 57024
155224000: system.memobj: size 0x8
155224000: system.memobj: id 94061725637968
155224000: system.memobj: data_hex : 2438488954240848 
155224000: system.memobj: data : 0010010000111000010010001000100101010100001001000000100001001000 
155224000: system.memobj: fix data : 0010010000111000010010001000100101010100001001000000100001001000 
155224000: system.memobj: -------------------------------------
155273000: system.memobj: mem->cpu Got response for addr 0xdec8 , 57032
155273000: system.memobj: size 0x8
155273000: system.memobj: id 94061725637680
155273000: system.memobj: data_hex : 890C24EB49666690 
155273000: system.memobj: data : 1000100100001100001001001110101101001001011001100110011010010000 
155273000: system.memobj: fix data : 1000100100001100001001001110101101001001011001100110011010010000 
155273000: system.memobj: -------------------------------------
155273000: system.memobj: cpu->mem Got request for addr 0x949e0 , 608736
155273000: system.memobj: size 0x8
155273000: system.memobj: id 94061725637968
155273000: system.memobj: data_hex : 5000000000000000 
155273000: system.memobj: data : 0101000000000000000000000000000000000000000000000000000000000000 
155273000: system.memobj: hamming code addr: 608736 
155273000: system.memobj: hamming code : 2 
155273000: system.memobj: hamming code addr: 608744 
155273000: system.memobj: hamming code : 0 
155273000: system.memobj: hamming code addr: 608752 
155273000: system.memobj: hamming code : 0 
155273000: system.memobj: hamming code addr: 608760 
155273000: system.memobj: hamming code : 0 
155273000: system.memobj: hamming code addr: 608768 
155273000: system.memobj: hamming code : 0 
155273000: system.memobj: hamming code addr: 608776 
155273000: system.memobj: hamming code : 0 
155273000: system.memobj: hamming code addr: 608784 
155273000: system.memobj: hamming code : 0 
155273000: system.memobj: hamming code addr: 608792 
155273000: system.memobj: hamming code : 0 
155273000: system.memobj: Enter Error Bit index: 5 
155273000: system.memobj: flip data : 0101100000000000000000000000000000000000000000000000000000000000 
155273000: system.memobj: -------------------------------------
155343000: system.memobj: mem->cpu Got response for addr 0xdec8 , 57032
155343000: system.memobj: size 0x8
155343000: system.memobj: id 94061725637968
155343000: system.memobj: data_hex : 890C24EB49666690 
155343000: system.memobj: data : 1000100100001100001001001110101101001001011001100110011010010000 
155343000: system.memobj: fix data : 1000100100001100001001001110101101001001011001100110011010010000 
155343000: system.memobj: -------------------------------------
155406000: system.memobj: mem->cpu Got response for addr 0xdf10 , 57104
155406000: system.memobj: size 0x8
155406000: system.memobj: id 94061725637680
155406000: system.memobj: data_hex : 67184C8963104D8B 
155406000: system.memobj: data : 0110011100011000010011001000100101100011000100000100110110001011 
155406000: system.memobj: fix data : 0110011100011000010011001000100101100011000100000100110110001011 
155406000: system.memobj: -------------------------------------
155455000: system.memobj: mem->cpu Got response for addr 0xdf18 , 57112
155455000: system.memobj: size 0x8
155455000: system.memobj: id 94061725637968
155455000: system.memobj: data_hex : A5B00000004D39F4 
155455000: system.memobj: data : 1010010110110000000000000000000000000000010011010011100111110100 
155455000: system.memobj: fix data : 1010010110110000000000000000000000000000010011010011100111110100 
155455000: system.memobj: -------------------------------------
155504000: system.memobj: mem->cpu Got response for addr 0x92530 , 599344
155504000: system.memobj: size 0x8
155504000: system.memobj: id 94061725637680
155504000: system.memobj: data_hex : 5825590000000000 
155504000: system.memobj: data : 0101100000100101010110010000000000000000000000000000000000000000 
155504000: system.memobj: hamming code addr: 599344 
155504000: system.memobj: hamming code out: 14 
155504000: system.memobj: find Error Bit index : 2 
155504000: system.memobj: hamming code addr: 599352 
155504000: system.memobj: hamming code out: 0 
155504000: system.memobj: hamming code addr: 599360 
155504000: system.memobj: hamming code out: 7 
155504000: system.memobj: hamming code addr: 599368 
155504000: system.memobj: hamming code out: 0 
155504000: system.memobj: hamming code addr: 599376 
155504000: system.memobj: hamming code out: 0 
155504000: system.memobj: hamming code addr: 599384 
155504000: system.memobj: hamming code out: 0 
155504000: system.memobj: hamming code addr: 599392 
155504000: system.memobj: hamming code out: 0 
155504000: system.memobj: hamming code addr: 599400 
155504000: system.memobj: hamming code out: 0 
155504000: system.memobj: fix data : 0001100000100101010110010000000000000000000000000000000000000000 
155504000: system.memobj: -------------------------------------
155553000: system.memobj: mem->cpu Got response for addr 0xdf18 , 57112
155553000: system.memobj: size 0x8
155553000: system.memobj: id 94061725637680
155553000: system.memobj: data_hex : A5B00000004D39F4 
155553000: system.memobj: data : 1010010110110000000000000000000000000000010011010011100111110100 
155553000: system.memobj: fix data : 1010010110110000000000000000000000000000010011010011100111110100 
155553000: system.memobj: -------------------------------------
155602000: system.memobj: mem->cpu Got response for addr 0xdf20 , 57120
155602000: system.memobj: size 0x8
155602000: system.memobj: id 94061725637968
155602000: system.memobj: data_hex : 0F8473010000498B 
155602000: system.memobj: data : 0000111110000100011100110000000100000000000000000100100110001011 
155602000: system.memobj: fix data : 0000111110000100011100110000000100000000000000000100100110001011 
155602000: system.memobj: -------------------------------------
155651000: system.memobj: mem->cpu Got response for addr 0xe098 , 57496
155651000: system.memobj: size 0x8
155651000: system.memobj: id 94061725637680
155651000: system.memobj: data_hex : FF48817C2440FF01 
155651000: system.memobj: data : 1111111101001000100000010111110000100100010000001111111100000001 
155651000: system.memobj: fix data : 1111111101001000100000010111110000100100010000001111111100000001 
155651000: system.memobj: -------------------------------------
155700000: system.memobj: mem->cpu Got response for addr 0xe0a0 , 57504
155700000: system.memobj: size 0x8
155700000: system.memobj: id 94061725637968
155700000: system.memobj: data_hex : 0000762A438D043F 
155700000: system.memobj: data : 0000000000000000011101100010101001000011100011010000010000111111 
155700000: system.memobj: fix data : 0000000000000000011101100010101001000011100011010000010000111111 
155700000: system.memobj: -------------------------------------
155749000: system.memobj: mem->cpu Got response for addr 0x94a20 , 608800
155749000: system.memobj: size 0x8
155749000: system.memobj: id 94061725637680
155749000: system.memobj: data_hex : 3100000000000000 
155749000: system.memobj: data : 0011000100000000000000000000000000000000000000000000000000000000 
155749000: system.memobj: hamming code addr: 608800 
155749000: system.memobj: hamming code out: 1 
155749000: system.memobj: find Error Bit index : 8 
155749000: system.memobj: hamming code addr: 608808 
155749000: system.memobj: hamming code out: 0 
155749000: system.memobj: hamming code addr: 608816 
155749000: system.memobj: hamming code out: 0 
155749000: system.memobj: hamming code addr: 608824 
155749000: system.memobj: hamming code out: 0 
155749000: system.memobj: hamming code addr: 608832 
155749000: system.memobj: hamming code out: 0 
155749000: system.memobj: hamming code addr: 608840 
155749000: system.memobj: hamming code out: 0 
155749000: system.memobj: hamming code addr: 608848 
155749000: system.memobj: hamming code out: 0 
155749000: system.memobj: hamming code addr: 608856 
155749000: system.memobj: hamming code out: 0 
155749000: system.memobj: fix data : 0011000000000000000000000000000000000000000000000000000000000000 
155749000: system.memobj: -------------------------------------
156062000: system.memobj: mem->cpu Got response for addr 0xe0a0 , 57504
156062000: system.memobj: size 0x8
156062000: system.memobj: id 94061725637680
156062000: system.memobj: data_hex : 0000762A438D043F 
156062000: system.memobj: data : 0000000000000000011101100010101001000011100011010000010000111111 
156062000: system.memobj: fix data : 0000000000000000011101100010101001000011100011010000010000111111 
156062000: system.memobj: -------------------------------------
156111000: system.memobj: mem->cpu Got response for addr 0xe0c8 , 57544
156111000: system.memobj: size 0x8
156111000: system.memobj: id 94061725637968
156111000: system.memobj: data_hex : 0F83A603000041FF 
156111000: system.memobj: data : 0000111110000011101001100000001100000000000000000100000111111111 
156111000: system.memobj: fix data : 0000111110000011101001100000001100000000000000000100000111111111 
156111000: system.memobj: -------------------------------------
156160000: system.memobj: mem->cpu Got response for addr 0xe0d0 , 57552
156160000: system.memobj: size 0x8
156160000: system.memobj: id 94061725637680
156160000: system.memobj: data_hex : C7BE010000004589 
156160000: system.memobj: data : 1100011110111110000000010000000000000000000000000100010110001001 
156160000: system.memobj: fix data : 1100011110111110000000010000000000000000000000000100010110001001 
156160000: system.memobj: -------------------------------------
156209000: system.memobj: mem->cpu Got response for addr 0xe0d0 , 57552
156209000: system.memobj: size 0x8
156209000: system.memobj: id 94061725637968
156209000: system.memobj: data_hex : C7BE010000004589 
156209000: system.memobj: data : 1100011110111110000000010000000000000000000000000100010110001001 
156209000: system.memobj: fix data : 1100011110111110000000010000000000000000000000000100010110001001 
156209000: system.memobj: -------------------------------------
156258000: system.memobj: mem->cpu Got response for addr 0xe0d0 , 57552
156258000: system.memobj: size 0x8
156258000: system.memobj: id 94061725637680
156258000: system.memobj: data_hex : C7BE010000004589 
156258000: system.memobj: data : 1100011110111110000000010000000000000000000000000100010110001001 
156258000: system.memobj: fix data : 1100011110111110000000010000000000000000000000000100010110001001 
156258000: system.memobj: -------------------------------------
156307000: system.memobj: mem->cpu Got response for addr 0xe0d8 , 57560
156307000: system.memobj: size 0x8
156307000: system.memobj: id 94061725637968
156307000: system.memobj: data_hex : F8438D043F4183E7 
156307000: system.memobj: data : 1111100001000011100011010000010000111111010000011000001111100111 
156307000: system.memobj: fix data : 1111100001000011100011010000010000111111010000011000001111100111 
156307000: system.memobj: -------------------------------------
156356000: system.memobj: mem->cpu Got response for addr 0xe0d8 , 57560
156356000: system.memobj: size 0x8
156356000: system.memobj: id 94061725637680
156356000: system.memobj: data_hex : F8438D043F4183E7 
156356000: system.memobj: data : 1111100001000011100011010000010000111111010000011000001111100111 
156356000: system.memobj: fix data : 1111100001000011100011010000010000111111010000011000001111100111 
156356000: system.memobj: -------------------------------------
156405000: system.memobj: mem->cpu Got response for addr 0xe0d8 , 57560
156405000: system.memobj: size 0x8
156405000: system.memobj: id 94061725637968
156405000: system.memobj: data_hex : F8438D043F4183E7 
156405000: system.memobj: data : 1111100001000011100011010000010000111111010000011000001111100111 
156405000: system.memobj: fix data : 1111100001000011100011010000010000111111010000011000001111100111 
156405000: system.memobj: -------------------------------------
156454000: system.memobj: mem->cpu Got response for addr 0xe0e0 , 57568
156454000: system.memobj: size 0x8
156454000: system.memobj: id 94061725637680
156454000: system.memobj: data_hex : 1F41C1E8054489F9 
156454000: system.memobj: data : 0001111101000001110000011110100000000101010001001000100111111001 
156454000: system.memobj: fix data : 0001111101000001110000011110100000000101010001001000100111111001 
156454000: system.memobj: -------------------------------------
156503000: system.memobj: mem->cpu Got response for addr 0xe0e0 , 57568
156503000: system.memobj: size 0x8
156503000: system.memobj: id 94061725637968
156503000: system.memobj: data_hex : 1F41C1E8054489F9 
156503000: system.memobj: data : 0001111101000001110000011110100000000101010001001000100111111001 
156503000: system.memobj: fix data : 0001111101000001110000011110100000000101010001001000100111111001 
156503000: system.memobj: -------------------------------------
156552000: system.memobj: mem->cpu Got response for addr 0xe0e0 , 57568
156552000: system.memobj: size 0x8
156552000: system.memobj: id 94061725637680
156552000: system.memobj: data_hex : 1F41C1E8054489F9 
156552000: system.memobj: data : 0001111101000001110000011110100000000101010001001000100111111001 
156552000: system.memobj: fix data : 0001111101000001110000011110100000000101010001001000100111111001 
156552000: system.memobj: -------------------------------------
156601000: system.memobj: mem->cpu Got response for addr 0xe0e8 , 57576
156601000: system.memobj: size 0x8
156601000: system.memobj: id 94061725637968
156601000: system.memobj: data_hex : 4589C189C0D3E647 
156601000: system.memobj: data : 0100010110001001110000011000100111000000110100111110011001000111 
156601000: system.memobj: fix data : 0100010110001001110000011000100111000000110100111110011001000111 
156601000: system.memobj: -------------------------------------
156650000: system.memobj: mem->cpu Got response for addr 0xe0e8 , 57576
156650000: system.memobj: size 0x8
156650000: system.memobj: id 94061725637680
156650000: system.memobj: data_hex : 4589C189C0D3E647 
156650000: system.memobj: data : 0100010110001001110000011000100111000000110100111110011001000111 
156650000: system.memobj: fix data : 0100010110001001110000011000100111000000110100111110011001000111 
156650000: system.memobj: -------------------------------------
156699000: system.memobj: mem->cpu Got response for addr 0xe0e8 , 57576
156699000: system.memobj: size 0x8
156699000: system.memobj: id 94061725637968
156699000: system.memobj: data_hex : 4589C189C0D3E647 
156699000: system.memobj: data : 0100010110001001110000011000100111000000110100111110011001000111 
156699000: system.memobj: fix data : 0100010110001001110000011000100111000000110100111110011001000111 
156699000: system.memobj: -------------------------------------
156748000: system.memobj: mem->cpu Got response for addr 0xe0e8 , 57576
156748000: system.memobj: size 0x8
156748000: system.memobj: id 94061725637680
156748000: system.memobj: data_hex : 4589C189C0D3E647 
156748000: system.memobj: data : 0100010110001001110000011000100111000000110100111110011001000111 
156748000: system.memobj: fix data : 0100010110001001110000011000100111000000110100111110011001000111 
156748000: system.memobj: -------------------------------------
156797000: system.memobj: mem->cpu Got response for addr 0xe0f0 , 57584
156797000: system.memobj: size 0x8
156797000: system.memobj: id 94061725637968
156797000: system.memobj: data_hex : 8B948D9808000049 
156797000: system.memobj: data : 1000101110010100100011011001100000001000000000000000000001001001 
156797000: system.memobj: fix data : 1000101110010100100011011001100000001000000000000000000001001001 
156797000: system.memobj: -------------------------------------
156860000: system.memobj: mem->cpu Got response for addr 0x92d18 , 601368
156860000: system.memobj: size 0x4
156860000: system.memobj: id 94061725637680
156860000: system.memobj: data_hex : 00000000 
156860000: system.memobj: data : 00000000000000000000000000000000 
156860000: system.memobj: fix data : 00000000000000000000000000000000 
156860000: system.memobj: -------------------------------------
156923000: system.memobj: mem->cpu Got response for addr 0xe0f0 , 57584
156923000: system.memobj: size 0x8
156923000: system.memobj: id 94061725637680
156923000: system.memobj: data_hex : 8B948D9808000049 
156923000: system.memobj: data : 1000101110010100100011011001100000001000000000000000000001001001 
156923000: system.memobj: fix data : 1000101110010100100011011001100000001000000000000000000001001001 
156923000: system.memobj: -------------------------------------
156972000: system.memobj: mem->cpu Got response for addr 0xe0f8 , 57592
156972000: system.memobj: size 0x8
156972000: system.memobj: id 94061725637968
156972000: system.memobj: data_hex : 8DBCC58800000090 
156972000: system.memobj: data : 1000110110111100110001011000100000000000000000000000000010010000 
156972000: system.memobj: fix data : 1000110110111100110001011000100000000000000000000000000010010000 
156972000: system.memobj: -------------------------------------
157021000: system.memobj: mem->cpu Got response for addr 0xe0f8 , 57592
157021000: system.memobj: size 0x8
157021000: system.memobj: id 94061725637680
157021000: system.memobj: data_hex : 8DBCC58800000090 
157021000: system.memobj: data : 1000110110111100110001011000100000000000000000000000000010010000 
157021000: system.memobj: fix data : 1000110110111100110001011000100000000000000000000000000010010000 
157021000: system.memobj: -------------------------------------
157070000: system.memobj: mem->cpu Got response for addr 0xe100 , 57600
157070000: system.memobj: size 0x8
157070000: system.memobj: id 94061725637968
157070000: system.memobj: data_hex : 4439D60F97C285F6 
157070000: system.memobj: data : 0100010000111001110101100000111110010111110000101000010111110110 
157070000: system.memobj: fix data : 0100010000111001110101100000111110010111110000101000010111110110 
157070000: system.memobj: -------------------------------------
157119000: system.memobj: mem->cpu Got response for addr 0xe100 , 57600
157119000: system.memobj: size 0x8
157119000: system.memobj: id 94061725637680
157119000: system.memobj: data_hex : 4439D60F97C285F6 
157119000: system.memobj: data : 0100010000111001110101100000111110010111110000101000010111110110 
157119000: system.memobj: fix data : 0100010000111001110101100000111110010111110000101000010111110110 
157119000: system.memobj: -------------------------------------
157168000: system.memobj: mem->cpu Got response for addr 0xe100 , 57600
157168000: system.memobj: size 0x8
157168000: system.memobj: id 94061725637968
157168000: system.memobj: data_hex : 4439D60F97C285F6 
157168000: system.memobj: data : 0100010000111001110101100000111110010111110000101000010111110110 
157168000: system.memobj: fix data : 0100010000111001110101100000111110010111110000101000010111110110 
157168000: system.memobj: -------------------------------------
157217000: system.memobj: mem->cpu Got response for addr 0xe108 , 57608
157217000: system.memobj: size 0x8
157217000: system.memobj: id 94061725637680
157217000: system.memobj: data_hex : 0F94C009D0A80174 
157217000: system.memobj: data : 0000111110010100110000000000100111010000101010000000000101110100 
157217000: system.memobj: fix data : 0000111110010100110000000000100111010000101010000000000101110100 
157217000: system.memobj: -------------------------------------
157266000: system.memobj: mem->cpu Got response for addr 0xe108 , 57608
157266000: system.memobj: size 0x8
157266000: system.memobj: id 94061725637968
157266000: system.memobj: data_hex : 0F94C009D0A80174 
157266000: system.memobj: data : 0000111110010100110000000000100111010000101010000000000101110100 
157266000: system.memobj: fix data : 0000111110010100110000000000100111010000101010000000000101110100 
157266000: system.memobj: -------------------------------------
157315000: system.memobj: mem->cpu Got response for addr 0xe108 , 57608
157315000: system.memobj: size 0x8
157315000: system.memobj: id 94061725637680
157315000: system.memobj: data_hex : 0F94C009D0A80174 
157315000: system.memobj: data : 0000111110010100110000000000100111010000101010000000000101110100 
157315000: system.memobj: fix data : 0000111110010100110000000000100111010000101010000000000101110100 
157315000: system.memobj: -------------------------------------
157364000: system.memobj: mem->cpu Got response for addr 0xe108 , 57608
157364000: system.memobj: size 0x8
157364000: system.memobj: id 94061725637968
157364000: system.memobj: data_hex : 0F94C009D0A80174 
157364000: system.memobj: data : 0000111110010100110000000000100111010000101010000000000101110100 
157364000: system.memobj: fix data : 0000111110010100110000000000100111010000101010000000000101110100 
157364000: system.memobj: -------------------------------------
157413000: system.memobj: mem->cpu Got response for addr 0xe110 , 57616
157413000: system.memobj: size 0x8
157413000: system.memobj: id 94061725637680
157413000: system.memobj: data_hex : 3D41FFC04183F803 
157413000: system.memobj: data : 0011110101000001111111111100000001000001100000111111100000000011 
157413000: system.memobj: fix data : 0011110101000001111111111100000001000001100000111111100000000011 
157413000: system.memobj: -------------------------------------
157462000: system.memobj: mem->cpu Got response for addr 0xe110 , 57616
157462000: system.memobj: size 0x8
157462000: system.memobj: id 94061725637968
157462000: system.memobj: data_hex : 3D41FFC04183F803 
157462000: system.memobj: data : 0011110101000001111111111100000001000001100000111111100000000011 
157462000: system.memobj: fix data : 0011110101000001111111111100000001000001100000111111100000000011 
157462000: system.memobj: -------------------------------------
157511000: system.memobj: mem->cpu Got response for addr 0xe110 , 57616
157511000: system.memobj: size 0x8
157511000: system.memobj: id 94061725637680
157511000: system.memobj: data_hex : 3D41FFC04183F803 
157511000: system.memobj: data : 0011110101000001111111111100000001000001100000111111100000000011 
157511000: system.memobj: fix data : 0011110101000001111111111100000001000001100000111111100000000011 
157511000: system.memobj: -------------------------------------
157560000: system.memobj: mem->cpu Got response for addr 0xe118 , 57624
157560000: system.memobj: size 0x8
157560000: system.memobj: id 94061725637968
157560000: system.memobj: data_hex : 0F87F50000004589 
157560000: system.memobj: data : 0000111110000111111101010000000000000000000000000100010110001001 
157560000: system.memobj: fix data : 0000111110000111111101010000000000000000000000000100010110001001 
157560000: system.memobj: -------------------------------------
157609000: system.memobj: mem->cpu Got response for addr 0xe118 , 57624
157609000: system.memobj: size 0x8
157609000: system.memobj: id 94061725637680
157609000: system.memobj: data_hex : 0F87F50000004589 
157609000: system.memobj: data : 0000111110000111111101010000000000000000000000000100010110001001 
157609000: system.memobj: fix data : 0000111110000111111101010000000000000000000000000100010110001001 
157609000: system.memobj: -------------------------------------
157658000: system.memobj: mem->cpu Got response for addr 0xe120 , 57632
157658000: system.memobj: size 0x8
157658000: system.memobj: id 94061725637968
157658000: system.memobj: data_hex : C1478B948D980800 
157658000: system.memobj: data : 1100000101000111100010111001010010001101100110000000100000000000 
157658000: system.memobj: fix data : 1100000101000111100010111001010010001101100110000000100000000000 
157658000: system.memobj: -------------------------------------
157721000: system.memobj: mem->cpu Got response for addr 0xe120 , 57632
157721000: system.memobj: size 0x8
157721000: system.memobj: id 94061725637680
157721000: system.memobj: data_hex : C1478B948D980800 
157721000: system.memobj: data : 1100000101000111100010111001010010001101100110000000100000000000 
157721000: system.memobj: fix data : 1100000101000111100010111001010010001101100110000000100000000000 
157721000: system.memobj: -------------------------------------
157770000: system.memobj: mem->cpu Got response for addr 0xe128 , 57640
157770000: system.memobj: size 0x8
157770000: system.memobj: id 94061725637968
157770000: system.memobj: data_hex : 004585D274E34489 
157770000: system.memobj: data : 0000000001000101100001011101001001110100111000110100010010001001 
157770000: system.memobj: fix data : 0000000001000101100001011101001001110100111000110100010010001001 
157770000: system.memobj: -------------------------------------
157819000: system.memobj: mem->cpu Got response for addr 0x92d1c , 601372
157819000: system.memobj: size 0x4
157819000: system.memobj: id 94061725637680
157819000: system.memobj: data_hex : 00000000 
157819000: system.memobj: data : 00000000000000000000000000000000 
157819000: system.memobj: fix data : 00000000000000000000000000000000 
157819000: system.memobj: -------------------------------------
157868000: system.memobj: mem->cpu Got response for addr 0xe128 , 57640
157868000: system.memobj: size 0x8
157868000: system.memobj: id 94061725637680
157868000: system.memobj: data_hex : 004585D274E34489 
157868000: system.memobj: data : 0000000001000101100001011101001001110100111000110100010010001001 
157868000: system.memobj: fix data : 0000000001000101100001011101001001110100111000110100010010001001 
157868000: system.memobj: -------------------------------------
157917000: system.memobj: mem->cpu Got response for addr 0xe128 , 57640
157917000: system.memobj: size 0x8
157917000: system.memobj: id 94061725637968
157917000: system.memobj: data_hex : 004585D274E34489 
157917000: system.memobj: data : 0000000001000101100001011101001001110100111000110100010010001001 
157917000: system.memobj: fix data : 0000000001000101100001011101001001110100111000110100010010001001 
157917000: system.memobj: -------------------------------------
157966000: system.memobj: mem->cpu Got response for addr 0xe110 , 57616
157966000: system.memobj: size 0x8
157966000: system.memobj: id 94061725637680
157966000: system.memobj: data_hex : 3D41FFC04183F803 
157966000: system.memobj: data : 0011110101000001111111111100000001000001100000111111100000000011 
157966000: system.memobj: fix data : 0011110101000001111111111100000001000001100000111111100000000011 
157966000: system.memobj: -------------------------------------
158015000: system.memobj: mem->cpu Got response for addr 0xe110 , 57616
158015000: system.memobj: size 0x8
158015000: system.memobj: id 94061725637968
158015000: system.memobj: data_hex : 3D41FFC04183F803 
158015000: system.memobj: data : 0011110101000001111111111100000001000001100000111111100000000011 
158015000: system.memobj: fix data : 0011110101000001111111111100000001000001100000111111100000000011 
158015000: system.memobj: -------------------------------------
158064000: system.memobj: mem->cpu Got response for addr 0xe118 , 57624
158064000: system.memobj: size 0x8
158064000: system.memobj: id 94061725637680
158064000: system.memobj: data_hex : 0F87F50000004589 
158064000: system.memobj: data : 0000111110000111111101010000000000000000000000000100010110001001 
158064000: system.memobj: fix data : 0000111110000111111101010000000000000000000000000100010110001001 
158064000: system.memobj: -------------------------------------
158113000: system.memobj: mem->cpu Got response for addr 0xe118 , 57624
158113000: system.memobj: size 0x8
158113000: system.memobj: id 94061725637968
158113000: system.memobj: data_hex : 0F87F50000004589 
158113000: system.memobj: data : 0000111110000111111101010000000000000000000000000100010110001001 
158113000: system.memobj: fix data : 0000111110000111111101010000000000000000000000000100010110001001 
158113000: system.memobj: -------------------------------------
158162000: system.memobj: mem->cpu Got response for addr 0xe120 , 57632
158162000: system.memobj: size 0x8
158162000: system.memobj: id 94061725637680
158162000: system.memobj: data_hex : C1478B948D980800 
158162000: system.memobj: data : 1100000101000111100010111001010010001101100110000000100000000000 
158162000: system.memobj: fix data : 1100000101000111100010111001010010001101100110000000100000000000 
158162000: system.memobj: -------------------------------------
158211000: system.memobj: mem->cpu Got response for addr 0xe120 , 57632
158211000: system.memobj: size 0x8
158211000: system.memobj: id 94061725637968
158211000: system.memobj: data_hex : C1478B948D980800 
158211000: system.memobj: data : 1100000101000111100010111001010010001101100110000000100000000000 
158211000: system.memobj: fix data : 1100000101000111100010111001010010001101100110000000100000000000 
158211000: system.memobj: -------------------------------------
158260000: system.memobj: mem->cpu Got response for addr 0xe128 , 57640
158260000: system.memobj: size 0x8
158260000: system.memobj: id 94061725637680
158260000: system.memobj: data_hex : 004585D274E34489 
158260000: system.memobj: data : 0000000001000101100001011101001001110100111000110100010010001001 
158260000: system.memobj: fix data : 0000000001000101100001011101001001110100111000110100010010001001 
158260000: system.memobj: -------------------------------------
158309000: system.memobj: mem->cpu Got response for addr 0x92d20 , 601376
158309000: system.memobj: size 0x4
158309000: system.memobj: id 94061725637968
158309000: system.memobj: data_hex : 00000000 
158309000: system.memobj: data : 00000000000000000000000000000000 
158309000: system.memobj: fix data : 00000000000000000000000000000000 
158309000: system.memobj: -------------------------------------
158358000: system.memobj: mem->cpu Got response for addr 0xe128 , 57640
158358000: system.memobj: size 0x8
158358000: system.memobj: id 94061725637968
158358000: system.memobj: data_hex : 004585D274E34489 
158358000: system.memobj: data : 0000000001000101100001011101001001110100111000110100010010001001 
158358000: system.memobj: fix data : 0000000001000101100001011101001001110100111000110100010010001001 
158358000: system.memobj: -------------------------------------
158407000: system.memobj: mem->cpu Got response for addr 0xe128 , 57640
158407000: system.memobj: size 0x8
158407000: system.memobj: id 94061725637680
158407000: system.memobj: data_hex : 004585D274E34489 
158407000: system.memobj: data : 0000000001000101100001011101001001110100111000110100010010001001 
158407000: system.memobj: fix data : 0000000001000101100001011101001001110100111000110100010010001001 
158407000: system.memobj: -------------------------------------
158456000: system.memobj: mem->cpu Got response for addr 0xe110 , 57616
158456000: system.memobj: size 0x8
158456000: system.memobj: id 94061725637968
158456000: system.memobj: data_hex : 3D41FFC04183F803 
158456000: system.memobj: data : 0011110101000001111111111100000001000001100000111111100000000011 
158456000: system.memobj: fix data : 0011110101000001111111111100000001000001100000111111100000000011 
158456000: system.memobj: -------------------------------------
158505000: system.memobj: mem->cpu Got response for addr 0xe110 , 57616
158505000: system.memobj: size 0x8
158505000: system.memobj: id 94061725637680
158505000: system.memobj: data_hex : 3D41FFC04183F803 
158505000: system.memobj: data : 0011110101000001111111111100000001000001100000111111100000000011 
158505000: system.memobj: fix data : 0011110101000001111111111100000001000001100000111111100000000011 
158505000: system.memobj: -------------------------------------
158554000: system.memobj: mem->cpu Got response for addr 0xe118 , 57624
158554000: system.memobj: size 0x8
158554000: system.memobj: id 94061725637968
158554000: system.memobj: data_hex : 0F87F50000004589 
158554000: system.memobj: data : 0000111110000111111101010000000000000000000000000100010110001001 
158554000: system.memobj: fix data : 0000111110000111111101010000000000000000000000000100010110001001 
158554000: system.memobj: -------------------------------------
158617000: system.memobj: mem->cpu Got response for addr 0xe118 , 57624
158617000: system.memobj: size 0x8
158617000: system.memobj: id 94061725637680
158617000: system.memobj: data_hex : 0F87F50000004589 
158617000: system.memobj: data : 0000111110000111111101010000000000000000000000000100010110001001 
158617000: system.memobj: fix data : 0000111110000111111101010000000000000000000000000100010110001001 
158617000: system.memobj: -------------------------------------
158666000: system.memobj: mem->cpu Got response for addr 0xe120 , 57632
158666000: system.memobj: size 0x8
158666000: system.memobj: id 94061725637968
158666000: system.memobj: data_hex : C1478B948D980800 
158666000: system.memobj: data : 1100000101000111100010111001010010001101100110000000100000000000 
158666000: system.memobj: fix data : 1100000101000111100010111001010010001101100110000000100000000000 
158666000: system.memobj: -------------------------------------
158715000: system.memobj: mem->cpu Got response for addr 0xe120 , 57632
158715000: system.memobj: size 0x8
158715000: system.memobj: id 94061725637680
158715000: system.memobj: data_hex : C1478B948D980800 
158715000: system.memobj: data : 1100000101000111100010111001010010001101100110000000100000000000 
158715000: system.memobj: fix data : 1100000101000111100010111001010010001101100110000000100000000000 
158715000: system.memobj: -------------------------------------
158764000: system.memobj: mem->cpu Got response for addr 0xe128 , 57640
158764000: system.memobj: size 0x8
158764000: system.memobj: id 94061725637968
158764000: system.memobj: data_hex : 004585D274E34489 
158764000: system.memobj: data : 0000000001000101100001011101001001110100111000110100010010001001 
158764000: system.memobj: fix data : 0000000001000101100001011101001001110100111000110100010010001001 
158764000: system.memobj: -------------------------------------
158813000: system.memobj: mem->cpu Got response for addr 0x92d24 , 601380
158813000: system.memobj: size 0x4
158813000: system.memobj: id 94061725637680
158813000: system.memobj: data_hex : 00000000 
158813000: system.memobj: data : 00000000000000000000000000000000 
158813000: system.memobj: fix data : 00000000000000000000000000000000 
158813000: system.memobj: -------------------------------------
158862000: system.memobj: mem->cpu Got response for addr 0xe128 , 57640
158862000: system.memobj: size 0x8
158862000: system.memobj: id 94061725637680
158862000: system.memobj: data_hex : 004585D274E34489 
158862000: system.memobj: data : 0000000001000101100001011101001001110100111000110100010010001001 
158862000: system.memobj: fix data : 0000000001000101100001011101001001110100111000110100010010001001 
158862000: system.memobj: -------------------------------------
158911000: system.memobj: mem->cpu Got response for addr 0xe128 , 57640
158911000: system.memobj: size 0x8
158911000: system.memobj: id 94061725637968
158911000: system.memobj: data_hex : 004585D274E34489 
158911000: system.memobj: data : 0000000001000101100001011101001001110100111000110100010010001001 
158911000: system.memobj: fix data : 0000000001000101100001011101001001110100111000110100010010001001 
158911000: system.memobj: -------------------------------------
158960000: system.memobj: mem->cpu Got response for addr 0xe110 , 57616
158960000: system.memobj: size 0x8
158960000: system.memobj: id 94061725637680
158960000: system.memobj: data_hex : 3D41FFC04183F803 
158960000: system.memobj: data : 0011110101000001111111111100000001000001100000111111100000000011 
158960000: system.memobj: fix data : 0011110101000001111111111100000001000001100000111111100000000011 
158960000: system.memobj: -------------------------------------
159009000: system.memobj: mem->cpu Got response for addr 0xe110 , 57616
159009000: system.memobj: size 0x8
159009000: system.memobj: id 94061725637968
159009000: system.memobj: data_hex : 3D41FFC04183F803 
159009000: system.memobj: data : 0011110101000001111111111100000001000001100000111111100000000011 
159009000: system.memobj: fix data : 0011110101000001111111111100000001000001100000111111100000000011 
159009000: system.memobj: -------------------------------------
159058000: system.memobj: mem->cpu Got response for addr 0xe118 , 57624
159058000: system.memobj: size 0x8
159058000: system.memobj: id 94061725637680
159058000: system.memobj: data_hex : 0F87F50000004589 
159058000: system.memobj: data : 0000111110000111111101010000000000000000000000000100010110001001 
159058000: system.memobj: fix data : 0000111110000111111101010000000000000000000000000100010110001001 
159058000: system.memobj: -------------------------------------
159107000: system.memobj: mem->cpu Got response for addr 0xe210 , 57872
159107000: system.memobj: size 0x8
159107000: system.memobj: id 94061725637968
159107000: system.memobj: data_hex : 415FC3498B9D8800 
159107000: system.memobj: data : 0100000101011111110000110100100110001011100111011000100000000000 
159107000: system.memobj: fix data : 0100000101011111110000110100100110001011100111011000100000000000 
159107000: system.memobj: -------------------------------------
159156000: system.memobj: mem->cpu Got response for addr 0xe218 , 57880
159156000: system.memobj: size 0x8
159156000: system.memobj: id 94061725637680
159156000: system.memobj: data_hex : 0000488B6B084989 
159156000: system.memobj: data : 0000000000000000010010001000101101101011000010000100100110001001 
159156000: system.memobj: fix data : 0000000000000000010010001000101101101011000010000100100110001001 
159156000: system.memobj: -------------------------------------
159176000: system.memobj: mem->cpu Got response for addr 0x92508 , 599304
159176000: system.memobj: size 0x8
159176000: system.memobj: id 94061725637968
159176000: system.memobj: data_hex : 6840590000000000 
159176000: system.memobj: data : 0110100001000000010110010000000000000000000000000000000000000000 
159176000: system.memobj: hamming code addr: 599304 
159176000: system.memobj: hamming code out: 3 
159176000: system.memobj: find Error Bit index : 5 
159176000: system.memobj: hamming code addr: 599312 
159176000: system.memobj: hamming code out: 5 
159176000: system.memobj: hamming code addr: 599320 
159176000: system.memobj: hamming code out: 7 
159176000: system.memobj: hamming code addr: 599328 
159176000: system.memobj: hamming code out: 0 
159176000: system.memobj: hamming code addr: 599336 
159176000: system.memobj: hamming code out: 0 
159176000: system.memobj: hamming code addr: 599344 
159176000: system.memobj: hamming code out: 0 
159176000: system.memobj: hamming code addr: 599352 
159176000: system.memobj: hamming code out: 0 
159176000: system.memobj: hamming code addr: 599360 
159176000: system.memobj: hamming code out: 0 
159176000: system.memobj: fix data : 0110000001000000010110010000000000000000000000000000000000000000 
159176000: system.memobj: -------------------------------------
159225000: system.memobj: mem->cpu Got response for addr 0xe218 , 57880
159225000: system.memobj: size 0x8
159225000: system.memobj: id 94061725637968
159225000: system.memobj: data_hex : 0000488B6B084989 
159225000: system.memobj: data : 0000000000000000010010001000101101101011000010000100100110001001 
159225000: system.memobj: fix data : 0000000000000000010010001000101101101011000010000100100110001001 
159225000: system.memobj: -------------------------------------
159245000: system.memobj: mem->cpu Got response for addr 0x96068 , 614504
159245000: system.memobj: size 0x8
159245000: system.memobj: id 94061725637680
159245000: system.memobj: data_hex : 810F020000000000 
159245000: system.memobj: data : 1000000100001111000000100000000000000000000000000000000000000000 
159245000: system.memobj: hamming code addr: 614504 
159245000: system.memobj: hamming code out: 9 
159245000: system.memobj: find Error Bit index : 3 
159245000: system.memobj: hamming code addr: 614512 
159245000: system.memobj: hamming code out: 4 
159245000: system.memobj: hamming code addr: 614520 
159245000: system.memobj: hamming code out: 11 
159245000: system.memobj: hamming code addr: 614528 
159245000: system.memobj: hamming code out: 0 
159245000: system.memobj: hamming code addr: 614536 
159245000: system.memobj: hamming code out: 0 
159245000: system.memobj: hamming code addr: 614544 
159245000: system.memobj: hamming code out: 0 
159245000: system.memobj: hamming code addr: 614552 
159245000: system.memobj: hamming code out: 0 
159245000: system.memobj: hamming code addr: 614560 
159245000: system.memobj: hamming code out: 0 
159245000: system.memobj: fix data : 1010000100001111000000100000000000000000000000000000000000000000 
159245000: system.memobj: -------------------------------------
159294000: system.memobj: mem->cpu Got response for addr 0xe218 , 57880
159294000: system.memobj: size 0x8
159294000: system.memobj: id 94061725637680
159294000: system.memobj: data_hex : 0000488B6B084989 
159294000: system.memobj: data : 0000000000000000010010001000101101101011000010000100100110001001 
159294000: system.memobj: fix data : 0000000000000000010010001000101101101011000010000100100110001001 
159294000: system.memobj: -------------------------------------
159343000: system.memobj: mem->cpu Got response for addr 0xe220 , 57888
159343000: system.memobj: size 0x8
159343000: system.memobj: id 94061725637968
159343000: system.memobj: data_hex : DC4883E5F848392C 
159343000: system.memobj: data : 1101110001001000100000111110010111111000010010000011100100101100 
159343000: system.memobj: fix data : 1101110001001000100000111110010111111000010010000011100100101100 
159343000: system.memobj: -------------------------------------
159392000: system.memobj: mem->cpu Got response for addr 0xe220 , 57888
159392000: system.memobj: size 0x8
159392000: system.memobj: id 94061725637680
159392000: system.memobj: data_hex : DC4883E5F848392C 
159392000: system.memobj: data : 1101110001001000100000111110010111111000010010000011100100101100 
159392000: system.memobj: fix data : 1101110001001000100000111110010111111000010010000011100100101100 
159392000: system.memobj: -------------------------------------
159441000: system.memobj: mem->cpu Got response for addr 0xe220 , 57888
159441000: system.memobj: size 0x8
159441000: system.memobj: id 94061725637968
159441000: system.memobj: data_hex : DC4883E5F848392C 
159441000: system.memobj: data : 1101110001001000100000111110010111111000010010000011100100101100 
159441000: system.memobj: fix data : 1101110001001000100000111110010111111000010010000011100100101100 
159441000: system.memobj: -------------------------------------
159504000: system.memobj: mem->cpu Got response for addr 0xe228 , 57896
159504000: system.memobj: size 0x8
159504000: system.memobj: id 94061725637680
159504000: system.memobj: data_hex : 240F86CA00000041 
159504000: system.memobj: data : 0010010000001111100001101100101000000000000000000000000001000001 
159504000: system.memobj: fix data : 0010010000001111100001101100101000000000000000000000000001000001 
159504000: system.memobj: -------------------------------------
159567000: system.memobj: mem->cpu Got response for addr 0x949e0 , 608736
159567000: system.memobj: size 0x8
159567000: system.memobj: id 94061725637968
159567000: system.memobj: data_hex : 5800000000000000 
159567000: system.memobj: data : 0101100000000000000000000000000000000000000000000000000000000000 
159567000: system.memobj: hamming code addr: 608736 
159567000: system.memobj: hamming code out: 2 
159567000: system.memobj: find Error Bit index : 5 
159567000: system.memobj: hamming code addr: 608744 
159567000: system.memobj: hamming code out: 0 
159567000: system.memobj: hamming code addr: 608752 
159567000: system.memobj: hamming code out: 0 
159567000: system.memobj: hamming code addr: 608760 
159567000: system.memobj: hamming code out: 0 
159567000: system.memobj: hamming code addr: 608768 
159567000: system.memobj: hamming code out: 0 
159567000: system.memobj: hamming code addr: 608776 
159567000: system.memobj: hamming code out: 0 
159567000: system.memobj: hamming code addr: 608784 
159567000: system.memobj: hamming code out: 0 
159567000: system.memobj: hamming code addr: 608792 
159567000: system.memobj: hamming code out: 0 
159567000: system.memobj: fix data : 0101000000000000000000000000000000000000000000000000000000000000 
159567000: system.memobj: -------------------------------------
159616000: system.memobj: mem->cpu Got response for addr 0xe228 , 57896
159616000: system.memobj: size 0x8
159616000: system.memobj: id 94061725637968
159616000: system.memobj: data_hex : 240F86CA00000041 
159616000: system.memobj: data : 0010010000001111100001101100101000000000000000000000000001000001 
159616000: system.memobj: fix data : 0010010000001111100001101100101000000000000000000000000001000001 
159616000: system.memobj: -------------------------------------
159665000: system.memobj: mem->cpu Got response for addr 0xe2f8 , 58104
159665000: system.memobj: size 0x8
159665000: system.memobj: id 94061725637680
159665000: system.memobj: data_hex : FF48035C2440482B 
159665000: system.memobj: data : 1111111101001000000000110101110000100100010000000100100000101011 
159665000: system.memobj: fix data : 1111111101001000000000110101110000100100010000000100100000101011 
159665000: system.memobj: -------------------------------------
159714000: system.memobj: mem->cpu Got response for addr 0x94a20 , 608800
159714000: system.memobj: size 0x8
159714000: system.memobj: id 94061725637968
159714000: system.memobj: data_hex : 3100000000000000 
159714000: system.memobj: data : 0011000100000000000000000000000000000000000000000000000000000000 
159714000: system.memobj: hamming code addr: 608800 
159714000: system.memobj: hamming code out: 1 
159714000: system.memobj: find Error Bit index : 8 
159714000: system.memobj: hamming code addr: 608808 
159714000: system.memobj: hamming code out: 0 
159714000: system.memobj: hamming code addr: 608816 
159714000: system.memobj: hamming code out: 0 
159714000: system.memobj: hamming code addr: 608824 
159714000: system.memobj: hamming code out: 0 
159714000: system.memobj: hamming code addr: 608832 
159714000: system.memobj: hamming code out: 0 
159714000: system.memobj: hamming code addr: 608840 
159714000: system.memobj: hamming code out: 0 
159714000: system.memobj: hamming code addr: 608848 
159714000: system.memobj: hamming code out: 0 
159714000: system.memobj: hamming code addr: 608856 
159714000: system.memobj: hamming code out: 0 
159714000: system.memobj: fix data : 0011000000000000000000000000000000000000000000000000000000000000 
159714000: system.memobj: -------------------------------------
159763000: system.memobj: mem->cpu Got response for addr 0xe2f8 , 58104
159763000: system.memobj: size 0x8
159763000: system.memobj: id 94061725637968
159763000: system.memobj: data_hex : FF48035C2440482B 
159763000: system.memobj: data : 1111111101001000000000110101110000100100010000000100100000101011 
159763000: system.memobj: fix data : 1111111101001000000000110101110000100100010000000100100000101011 
159763000: system.memobj: -------------------------------------
159812000: system.memobj: mem->cpu Got response for addr 0xe300 , 58112
159812000: system.memobj: size 0x8
159812000: system.memobj: id 94061725637680
159812000: system.memobj: data_hex : 6C244048834C2440 
159812000: system.memobj: data : 0110110000100100010000000100100010000011010011000010010001000000 
159812000: system.memobj: fix data : 0110110000100100010000000100100010000011010011000010010001000000 
159812000: system.memobj: -------------------------------------
159861000: system.memobj: mem->cpu Got response for addr 0x94a20 , 608800
159861000: system.memobj: size 0x8
159861000: system.memobj: id 94061725637968
159861000: system.memobj: data_hex : 3100000000000000 
159861000: system.memobj: data : 0011000100000000000000000000000000000000000000000000000000000000 
159861000: system.memobj: hamming code addr: 608800 
159861000: system.memobj: hamming code out: 1 
159861000: system.memobj: find Error Bit index : 8 
159861000: system.memobj: hamming code addr: 608808 
159861000: system.memobj: hamming code out: 0 
159861000: system.memobj: hamming code addr: 608816 
159861000: system.memobj: hamming code out: 0 
159861000: system.memobj: hamming code addr: 608824 
159861000: system.memobj: hamming code out: 0 
159861000: system.memobj: hamming code addr: 608832 
159861000: system.memobj: hamming code out: 0 
159861000: system.memobj: hamming code addr: 608840 
159861000: system.memobj: hamming code out: 0 
159861000: system.memobj: hamming code addr: 608848 
159861000: system.memobj: hamming code out: 0 
159861000: system.memobj: hamming code addr: 608856 
159861000: system.memobj: hamming code out: 0 
159861000: system.memobj: fix data : 0011000000000000000000000000000000000000000000000000000000000000 
159861000: system.memobj: -------------------------------------
159910000: system.memobj: mem->cpu Got response for addr 0xe300 , 58112
159910000: system.memobj: size 0x8
159910000: system.memobj: id 94061725637968
159910000: system.memobj: data_hex : 6C244048834C2440 
159910000: system.memobj: data : 0110110000100100010000000100100010000011010011000010010001000000 
159910000: system.memobj: fix data : 0110110000100100010000000100100010000011010011000010010001000000 
159910000: system.memobj: -------------------------------------
159959000: system.memobj: mem->cpu Got response for addr 0xe308 , 58120
159959000: system.memobj: size 0x8
159959000: system.memobj: id 94061725637680
159959000: system.memobj: data_hex : 05488B4424384981 
159959000: system.memobj: data : 0000010101001000100010110100010000100100001110000100100110000001 
159959000: system.memobj: fix data : 0000010101001000100010110100010000100100001110000100100110000001 
159959000: system.memobj: -------------------------------------
160008000: system.memobj: mem->cpu Got response for addr 0x94a20 , 608800
160008000: system.memobj: size 0x8
160008000: system.memobj: id 94061725637968
160008000: system.memobj: data_hex : 3100000000000000 
160008000: system.memobj: data : 0011000100000000000000000000000000000000000000000000000000000000 
160008000: system.memobj: hamming code addr: 608800 
160008000: system.memobj: hamming code out: 1 
160008000: system.memobj: find Error Bit index : 8 
160008000: system.memobj: hamming code addr: 608808 
160008000: system.memobj: hamming code out: 0 
160008000: system.memobj: hamming code addr: 608816 
160008000: system.memobj: hamming code out: 0 
160008000: system.memobj: hamming code addr: 608824 
160008000: system.memobj: hamming code out: 0 
160008000: system.memobj: hamming code addr: 608832 
160008000: system.memobj: hamming code out: 0 
160008000: system.memobj: hamming code addr: 608840 
160008000: system.memobj: hamming code out: 0 
160008000: system.memobj: hamming code addr: 608848 
160008000: system.memobj: hamming code out: 0 
160008000: system.memobj: hamming code addr: 608856 
160008000: system.memobj: hamming code out: 0 
160008000: system.memobj: fix data : 0011000000000000000000000000000000000000000000000000000000000000 
160008000: system.memobj: -------------------------------------
160008000: system.memobj: cpu->mem Got request for addr 0x94a20 , 608800
160008000: system.memobj: size 0x8
160008000: system.memobj: id 94061725637968
160008000: system.memobj: data_hex : 3500000000000000 
160008000: system.memobj: data : 0011010100000000000000000000000000000000000000000000000000000000 
160008000: system.memobj: hamming code addr: 608800 
160008000: system.memobj: hamming code : 7 
160008000: system.memobj: hamming code addr: 608808 
160008000: system.memobj: hamming code : 0 
160008000: system.memobj: hamming code addr: 608816 
160008000: system.memobj: hamming code : 0 
160008000: system.memobj: hamming code addr: 608824 
160008000: system.memobj: hamming code : 0 
160008000: system.memobj: hamming code addr: 608832 
160008000: system.memobj: hamming code : 0 
160008000: system.memobj: hamming code addr: 608840 
160008000: system.memobj: hamming code : 0 
160008000: system.memobj: hamming code addr: 608848 
160008000: system.memobj: hamming code : 0 
160008000: system.memobj: hamming code addr: 608856 
160008000: system.memobj: hamming code : 0 
160008000: system.memobj: Enter Error Bit index: 8 
160008000: system.memobj: flip data : 0011010000000000000000000000000000000000000000000000000000000000 
160008000: system.memobj: -------------------------------------
160078000: system.memobj: mem->cpu Got response for addr 0xe308 , 58120
160078000: system.memobj: size 0x8
160078000: system.memobj: id 94061725637968
160078000: system.memobj: data_hex : 05488B4424384981 
160078000: system.memobj: data : 0000010101001000100010110100010000100100001110000100100110000001 
160078000: system.memobj: fix data : 0000010101001000100010110100010000100100001110000100100110000001 
160078000: system.memobj: -------------------------------------
160127000: system.memobj: mem->cpu Got response for addr 0x94a18 , 608792
160127000: system.memobj: size 0x8
160127000: system.memobj: id 94061725637680
160127000: system.memobj: data_hex : 3300000000000000 
160127000: system.memobj: data : 0011001100000000000000000000000000000000000000000000000000000000 
160127000: system.memobj: hamming code addr: 608792 
160127000: system.memobj: hamming code out: 13 
160127000: system.memobj: find Error Bit index : 7 
160127000: system.memobj: hamming code addr: 608800 
160127000: system.memobj: hamming code out: 0 
160127000: system.memobj: hamming code addr: 608808 
160127000: system.memobj: hamming code out: 0 
160127000: system.memobj: hamming code addr: 608816 
160127000: system.memobj: hamming code out: 0 
160127000: system.memobj: hamming code addr: 608824 
160127000: system.memobj: hamming code out: 0 
160127000: system.memobj: hamming code addr: 608832 
160127000: system.memobj: hamming code out: 0 
160127000: system.memobj: hamming code addr: 608840 
160127000: system.memobj: hamming code out: 0 
160127000: system.memobj: hamming code addr: 608848 
160127000: system.memobj: hamming code out: 0 
160127000: system.memobj: fix data : 0011000100000000000000000000000000000000000000000000000000000000 
160127000: system.memobj: -------------------------------------
160176000: system.memobj: mem->cpu Got response for addr 0xe308 , 58120
160176000: system.memobj: size 0x8
160176000: system.memobj: id 94061725637680
160176000: system.memobj: data_hex : 05488B4424384981 
160176000: system.memobj: data : 0000010101001000100010110100010000100100001110000100100110000001 
160176000: system.memobj: fix data : 0000010101001000100010110100010000100100001110000100100110000001 
160176000: system.memobj: -------------------------------------
160225000: system.memobj: mem->cpu Got response for addr 0xe310 , 58128
160225000: system.memobj: size 0x8
160225000: system.memobj: id 94061725637968
160225000: system.memobj: data_hex : FD80245900480F45 
160225000: system.memobj: data : 1111110110000000001001000101100100000000010010000000111101000101 
160225000: system.memobj: fix data : 1111110110000000001001000101100100000000010010000000111101000101 
160225000: system.memobj: -------------------------------------
160274000: system.memobj: mem->cpu Got response for addr 0xe310 , 58128
160274000: system.memobj: size 0x8
160274000: system.memobj: id 94061725637680
160274000: system.memobj: data_hex : FD80245900480F45 
160274000: system.memobj: data : 1111110110000000001001000101100100000000010010000000111101000101 
160274000: system.memobj: fix data : 1111110110000000001001000101100100000000010010000000111101000101 
160274000: system.memobj: -------------------------------------
160323000: system.memobj: mem->cpu Got response for addr 0xe318 , 58136
160323000: system.memobj: size 0x8
160323000: system.memobj: id 94061725637968
160323000: system.memobj: data_hex : 4424404883CD0149 
160323000: system.memobj: data : 0100010000100100010000000100100010000011110011010000000101001001 
160323000: system.memobj: fix data : 0100010000100100010000000100100010000011110011010000000101001001 
160323000: system.memobj: -------------------------------------
160372000: system.memobj: mem->cpu Got response for addr 0x94a20 , 608800
160372000: system.memobj: size 0x8
160372000: system.memobj: id 94061725637680
160372000: system.memobj: data_hex : 3400000000000000 
160372000: system.memobj: data : 0011010000000000000000000000000000000000000000000000000000000000 
160372000: system.memobj: hamming code addr: 608800 
160372000: system.memobj: hamming code out: 7 
160372000: system.memobj: find Error Bit index : 8 
160372000: system.memobj: hamming code addr: 608808 
160372000: system.memobj: hamming code out: 0 
160372000: system.memobj: hamming code addr: 608816 
160372000: system.memobj: hamming code out: 0 
160372000: system.memobj: hamming code addr: 608824 
160372000: system.memobj: hamming code out: 0 
160372000: system.memobj: hamming code addr: 608832 
160372000: system.memobj: hamming code out: 0 
160372000: system.memobj: hamming code addr: 608840 
160372000: system.memobj: hamming code out: 0 
160372000: system.memobj: hamming code addr: 608848 
160372000: system.memobj: hamming code out: 0 
160372000: system.memobj: hamming code addr: 608856 
160372000: system.memobj: hamming code out: 0 
160372000: system.memobj: fix data : 0011010100000000000000000000000000000000000000000000000000000000 
160372000: system.memobj: -------------------------------------
160421000: system.memobj: mem->cpu Got response for addr 0xe318 , 58136
160421000: system.memobj: size 0x8
160421000: system.memobj: id 94061725637680
160421000: system.memobj: data_hex : 4424404883CD0149 
160421000: system.memobj: data : 0100010000100100010000000100100010000011110011010000000101001001 
160421000: system.memobj: fix data : 0100010000100100010000000100100010000011110011010000000101001001 
160421000: system.memobj: -------------------------------------
160470000: system.memobj: mem->cpu Got response for addr 0xe318 , 58136
160470000: system.memobj: size 0x8
160470000: system.memobj: id 94061725637968
160470000: system.memobj: data_hex : 4424404883CD0149 
160470000: system.memobj: data : 0100010000100100010000000100100010000011110011010000000101001001 
160470000: system.memobj: fix data : 0100010000100100010000000100100010000011110011010000000101001001 
160470000: system.memobj: -------------------------------------
160519000: system.memobj: mem->cpu Got response for addr 0xe320 , 58144
160519000: system.memobj: size 0x8
160519000: system.memobj: id 94061725637680
160519000: system.memobj: data_hex : 899D880000004989 
160519000: system.memobj: data : 1000100110011101100010000000000000000000000000000100100110001001 
160519000: system.memobj: fix data : 1000100110011101100010000000000000000000000000000100100110001001 
160519000: system.memobj: -------------------------------------
160519000: system.memobj: cpu->mem Got request for addr 0x92508 , 599304
160519000: system.memobj: size 0x8
160519000: system.memobj: id 94061725637968
160519000: system.memobj: data_hex : 9040590000000000 
160519000: system.memobj: data : 1001000001000000010110010000000000000000000000000000000000000000 
160519000: system.memobj: hamming code addr: 599304 
160519000: system.memobj: hamming code : 4 
160519000: system.memobj: hamming code addr: 599312 
160519000: system.memobj: hamming code : 5 
160519000: system.memobj: hamming code addr: 599320 
160519000: system.memobj: hamming code : 7 
160519000: system.memobj: hamming code addr: 599328 
160519000: system.memobj: hamming code : 0 
160519000: system.memobj: hamming code addr: 599336 
160519000: system.memobj: hamming code : 0 
160519000: system.memobj: hamming code addr: 599344 
160519000: system.memobj: hamming code : 0 
160519000: system.memobj: hamming code addr: 599352 
160519000: system.memobj: hamming code : 0 
160519000: system.memobj: hamming code addr: 599360 
160519000: system.memobj: hamming code : 0 
160519000: system.memobj: Enter Error Bit index: 8 
160519000: system.memobj: flip data : 1001000101000000010110010000000000000000000000000000000000000000 
160519000: system.memobj: -------------------------------------
160589000: system.memobj: mem->cpu Got response for addr 0xe320 , 58144
160589000: system.memobj: size 0x8
160589000: system.memobj: id 94061725637968
160589000: system.memobj: data_hex : 899D880000004989 
160589000: system.memobj: data : 1000100110011101100010000000000000000000000000000100100110001001 
160589000: system.memobj: fix data : 1000100110011101100010000000000000000000000000000100100110001001 
160589000: system.memobj: -------------------------------------
160652000: system.memobj: mem->cpu Got response for addr 0xe328 , 58152
160652000: system.memobj: size 0x8
160652000: system.memobj: id 94061725637680
160652000: system.memobj: data_hex : 442408498D442410 
160652000: system.memobj: data : 0100010000100100000010000100100110001101010001000010010000010000 
160652000: system.memobj: fix data : 0100010000100100000010000100100110001101010001000010010000010000 
160652000: system.memobj: -------------------------------------
160652000: system.memobj: cpu->mem Got request for addr 0x96068 , 614504
160652000: system.memobj: size 0x8
160652000: system.memobj: id 94061725637968
160652000: system.memobj: data_hex : 3100000000000000 
160652000: system.memobj: data : 0011000100000000000000000000000000000000000000000000000000000000 
160652000: system.memobj: hamming code addr: 614504 
160652000: system.memobj: hamming code : 13 
160652000: system.memobj: hamming code addr: 614512 
160652000: system.memobj: hamming code : 0 
160652000: system.memobj: hamming code addr: 614520 
160652000: system.memobj: hamming code : 0 
160652000: system.memobj: hamming code addr: 614528 
160652000: system.memobj: hamming code : 0 
160652000: system.memobj: hamming code addr: 614536 
160652000: system.memobj: hamming code : 0 
160652000: system.memobj: hamming code addr: 614544 
160652000: system.memobj: hamming code : 0 
160652000: system.memobj: hamming code addr: 614552 
160652000: system.memobj: hamming code : 0 
160652000: system.memobj: hamming code addr: 614560 
160652000: system.memobj: hamming code : 0 
160652000: system.memobj: Enter Error Bit index: 1 
160652000: system.memobj: flip data : 1011000100000000000000000000000000000000000000000000000000000000 
160652000: system.memobj: -------------------------------------
160722000: system.memobj: mem->cpu Got response for addr 0xe328 , 58152
160722000: system.memobj: size 0x8
160722000: system.memobj: id 94061725637968
160722000: system.memobj: data_hex : 442408498D442410 
160722000: system.memobj: data : 0100010000100100000010000100100110001101010001000010010000010000 
160722000: system.memobj: fix data : 0100010000100100000010000100100110001101010001000010010000010000 
160722000: system.memobj: -------------------------------------
160771000: system.memobj: mem->cpu Got response for addr 0xe330 , 58160
160771000: system.memobj: size 0x8
160771000: system.memobj: id 94061725637680
160771000: system.memobj: data_hex : 48896B08E93CFBFF 
160771000: system.memobj: data : 0100100010001001011010110000100011101001001111001111101111111111 
160771000: system.memobj: fix data : 0100100010001001011010110000100011101001001111001111101111111111 
160771000: system.memobj: -------------------------------------
160771000: system.memobj: cpu->mem Got request for addr 0x96098 , 614552
160771000: system.memobj: size 0x8
160771000: system.memobj: id 94061725637968
160771000: system.memobj: data_hex : 710F020000000000 
160771000: system.memobj: data : 0111000100001111000000100000000000000000000000000000000000000000 
160771000: system.memobj: hamming code addr: 614552 
160771000: system.memobj: hamming code : 8 
160771000: system.memobj: hamming code addr: 614560 
160771000: system.memobj: hamming code : 4 
160771000: system.memobj: hamming code addr: 614568 
160771000: system.memobj: hamming code : 11 
160771000: system.memobj: hamming code addr: 614576 
160771000: system.memobj: hamming code : 0 
160771000: system.memobj: hamming code addr: 614584 
160771000: system.memobj: hamming code : 0 
160771000: system.memobj: hamming code addr: 614592 
160771000: system.memobj: hamming code : 0 
160771000: system.memobj: hamming code addr: 614600 
160771000: system.memobj: hamming code : 0 
160771000: system.memobj: hamming code addr: 614608 
160771000: system.memobj: hamming code : 0 
160771000: system.memobj: Enter Error Bit index: 6 
160771000: system.memobj: flip data : 0111010100001111000000100000000000000000000000000000000000000000 
160771000: system.memobj: -------------------------------------
160841000: system.memobj: mem->cpu Got response for addr 0xe330 , 58160
160841000: system.memobj: size 0x8
160841000: system.memobj: id 94061725637968
160841000: system.memobj: data_hex : 48896B08E93CFBFF 
160841000: system.memobj: data : 0100100010001001011010110000100011101001001111001111101111111111 
160841000: system.memobj: fix data : 0100100010001001011010110000100011101001001111001111101111111111 
160841000: system.memobj: -------------------------------------
160890000: system.memobj: mem->cpu Got response for addr 0xe338 , 58168
160890000: system.memobj: size 0x8
160890000: system.memobj: id 94061725637680
160890000: system.memobj: data_hex : FF8B15254A180048 
160890000: system.memobj: data : 1111111110001011000101010010010101001010000110000000000001001000 
160890000: system.memobj: fix data : 1111111110001011000101010010010101001010000110000000000001001000 
160890000: system.memobj: -------------------------------------
160953000: system.memobj: mem->cpu Got response for addr 0xde70 , 56944
160953000: system.memobj: size 0x8
160953000: system.memobj: id 94061725637968
160953000: system.memobj: data_hex : 498D4424104883C4 
160953000: system.memobj: data : 0100100110001101010001000010010000010000010010001000001111000100 
160953000: system.memobj: fix data : 0100100110001101010001000010010000010000010010001000001111000100 
160953000: system.memobj: -------------------------------------
161002000: system.memobj: mem->cpu Got response for addr 0xde78 , 56952
161002000: system.memobj: size 0x8
161002000: system.memobj: id 94061725637680
161002000: system.memobj: data_hex : 485B5D415C415D41 
161002000: system.memobj: data : 0100100001011011010111010100000101011100010000010101110101000001 
161002000: system.memobj: fix data : 0100100001011011010111010100000101011100010000010101110101000001 
161002000: system.memobj: -------------------------------------
161051000: system.memobj: mem->cpu Got response for addr 0xde78 , 56952
161051000: system.memobj: size 0x8
161051000: system.memobj: id 94061725637968
161051000: system.memobj: data_hex : 485B5D415C415D41 
161051000: system.memobj: data : 0100100001011011010111010100000101011100010000010101110101000001 
161051000: system.memobj: fix data : 0100100001011011010111010100000101011100010000010101110101000001 
161051000: system.memobj: -------------------------------------
161100000: system.memobj: mem->cpu Got response for addr 0x94a28 , 608808
161100000: system.memobj: size 0x8
161100000: system.memobj: id 94061725637680
161100000: system.memobj: data_hex : 8124590000000000 
161100000: system.memobj: data : 1000000100100100010110010000000000000000000000000000000000000000 
161100000: system.memobj: hamming code addr: 608808 
161100000: system.memobj: hamming code out: 3 
161100000: system.memobj: find Error Bit index : 8 
161100000: system.memobj: hamming code addr: 608816 
161100000: system.memobj: hamming code out: 12 
161100000: system.memobj: hamming code addr: 608824 
161100000: system.memobj: hamming code out: 7 
161100000: system.memobj: hamming code addr: 608832 
161100000: system.memobj: hamming code out: 0 
161100000: system.memobj: hamming code addr: 608840 
161100000: system.memobj: hamming code out: 0 
161100000: system.memobj: hamming code addr: 608848 
161100000: system.memobj: hamming code out: 0 
161100000: system.memobj: hamming code addr: 608856 
161100000: system.memobj: hamming code out: 0 
161100000: system.memobj: hamming code addr: 608864 
161100000: system.memobj: hamming code out: 0 
161100000: system.memobj: fix data : 1000000000100100010110010000000000000000000000000000000000000000 
161100000: system.memobj: -------------------------------------
161149000: system.memobj: mem->cpu Got response for addr 0xde78 , 56952
161149000: system.memobj: size 0x8
161149000: system.memobj: id 94061725637680
161149000: system.memobj: data_hex : 485B5D415C415D41 
161149000: system.memobj: data : 0100100001011011010111010100000101011100010000010101110101000001 
161149000: system.memobj: fix data : 0100100001011011010111010100000101011100010000010101110101000001 
161149000: system.memobj: -------------------------------------
161198000: system.memobj: mem->cpu Got response for addr 0x94a30 , 608816
161198000: system.memobj: size 0x8
161198000: system.memobj: id 94061725637968
161198000: system.memobj: data_hex : A024590000000000 
161198000: system.memobj: data : 1010000000100100010110010000000000000000000000000000000000000000 
161198000: system.memobj: hamming code addr: 608816 
161198000: system.memobj: hamming code out: 3 
161198000: system.memobj: find Error Bit index : 3 
161198000: system.memobj: hamming code addr: 608824 
161198000: system.memobj: hamming code out: 12 
161198000: system.memobj: hamming code addr: 608832 
161198000: system.memobj: hamming code out: 7 
161198000: system.memobj: hamming code addr: 608840 
161198000: system.memobj: hamming code out: 0 
161198000: system.memobj: hamming code addr: 608848 
161198000: system.memobj: hamming code out: 0 
161198000: system.memobj: hamming code addr: 608856 
161198000: system.memobj: hamming code out: 0 
161198000: system.memobj: hamming code addr: 608864 
161198000: system.memobj: hamming code out: 0 
161198000: system.memobj: hamming code addr: 608872 
161198000: system.memobj: hamming code out: 0 
161198000: system.memobj: fix data : 1000000000100100010110010000000000000000000000000000000000000000 
161198000: system.memobj: -------------------------------------
161247000: system.memobj: mem->cpu Got response for addr 0xde78 , 56952
161247000: system.memobj: size 0x8
161247000: system.memobj: id 94061725637968
161247000: system.memobj: data_hex : 485B5D415C415D41 
161247000: system.memobj: data : 0100100001011011010111010100000101011100010000010101110101000001 
161247000: system.memobj: fix data : 0100100001011011010111010100000101011100010000010101110101000001 
161247000: system.memobj: -------------------------------------
161296000: system.memobj: mem->cpu Got response for addr 0x94a38 , 608824
161296000: system.memobj: size 0x8
161296000: system.memobj: id 94061725637680
161296000: system.memobj: data_hex : 2100000000000000 
161296000: system.memobj: data : 0010000100000000000000000000000000000000000000000000000000000000 
161296000: system.memobj: hamming code addr: 608824 
161296000: system.memobj: hamming code out: 6 
161296000: system.memobj: find Error Bit index : 8 
161296000: system.memobj: hamming code addr: 608832 
161296000: system.memobj: hamming code out: 0 
161296000: system.memobj: hamming code addr: 608840 
161296000: system.memobj: hamming code out: 0 
161296000: system.memobj: hamming code addr: 608848 
161296000: system.memobj: hamming code out: 0 
161296000: system.memobj: hamming code addr: 608856 
161296000: system.memobj: hamming code out: 0 
161296000: system.memobj: hamming code addr: 608864 
161296000: system.memobj: hamming code out: 0 
161296000: system.memobj: hamming code addr: 608872 
161296000: system.memobj: hamming code out: 0 
161296000: system.memobj: hamming code addr: 608880 
161296000: system.memobj: hamming code out: 0 
161296000: system.memobj: fix data : 0010000000000000000000000000000000000000000000000000000000000000 
161296000: system.memobj: -------------------------------------
161345000: system.memobj: mem->cpu Got response for addr 0xde78 , 56952
161345000: system.memobj: size 0x8
161345000: system.memobj: id 94061725637680
161345000: system.memobj: data_hex : 485B5D415C415D41 
161345000: system.memobj: data : 0100100001011011010111010100000101011100010000010101110101000001 
161345000: system.memobj: fix data : 0100100001011011010111010100000101011100010000010101110101000001 
161345000: system.memobj: -------------------------------------
161394000: system.memobj: mem->cpu Got response for addr 0x94a40 , 608832
161394000: system.memobj: size 0x8
161394000: system.memobj: id 94061725637968
161394000: system.memobj: data_hex : C0C5400000000000 
161394000: system.memobj: data : 1100000011000101010000000000000000000000000000000000000000000000 
161394000: system.memobj: hamming code addr: 608832 
161394000: system.memobj: hamming code out: 3 
161394000: system.memobj: find Error Bit index : 2 
161394000: system.memobj: hamming code addr: 608840 
161394000: system.memobj: hamming code out: 0 
161394000: system.memobj: hamming code addr: 608848 
161394000: system.memobj: hamming code out: 5 
161394000: system.memobj: hamming code addr: 608856 
161394000: system.memobj: hamming code out: 0 
161394000: system.memobj: hamming code addr: 608864 
161394000: system.memobj: hamming code out: 0 
161394000: system.memobj: hamming code addr: 608872 
161394000: system.memobj: hamming code out: 0 
161394000: system.memobj: hamming code addr: 608880 
161394000: system.memobj: hamming code out: 0 
161394000: system.memobj: hamming code addr: 608888 
161394000: system.memobj: hamming code out: 0 
161394000: system.memobj: fix data : 1000000011000101010000000000000000000000000000000000000000000000 
161394000: system.memobj: -------------------------------------
161443000: system.memobj: mem->cpu Got response for addr 0xde78 , 56952
161443000: system.memobj: size 0x8
161443000: system.memobj: id 94061725637968
161443000: system.memobj: data_hex : 485B5D415C415D41 
161443000: system.memobj: data : 0100100001011011010111010100000101011100010000010101110101000001 
161443000: system.memobj: fix data : 0100100001011011010111010100000101011100010000010101110101000001 
161443000: system.memobj: -------------------------------------
161492000: system.memobj: mem->cpu Got response for addr 0xde80 , 56960
161492000: system.memobj: size 0x8
161492000: system.memobj: id 94061725637680
161492000: system.memobj: data_hex : 5E415FC3488B4424 
161492000: system.memobj: data : 0101111001000001010111111100001101001000100010110100010000100100 
161492000: system.memobj: fix data : 0101111001000001010111111100001101001000100010110100010000100100 
161492000: system.memobj: -------------------------------------
161541000: system.memobj: mem->cpu Got response for addr 0x94a48 , 608840
161541000: system.memobj: size 0x8
161541000: system.memobj: id 94061725637968
161541000: system.memobj: data_hex : 0800000000000000 
161541000: system.memobj: data : 0000100000000000000000000000000000000000000000000000000000000000 
161541000: system.memobj: hamming code addr: 608840 
161541000: system.memobj: hamming code out: 0 
161541000: system.memobj: find Error Bit index : 5 
161541000: system.memobj: hamming code addr: 608848 
161541000: system.memobj: hamming code out: 0 
161541000: system.memobj: hamming code addr: 608856 
161541000: system.memobj: hamming code out: 0 
161541000: system.memobj: hamming code addr: 608864 
161541000: system.memobj: hamming code out: 0 
161541000: system.memobj: hamming code addr: 608872 
161541000: system.memobj: hamming code out: 0 
161541000: system.memobj: hamming code addr: 608880 
161541000: system.memobj: hamming code out: 0 
161541000: system.memobj: hamming code addr: 608888 
161541000: system.memobj: hamming code out: 0 
161541000: system.memobj: hamming code addr: 608896 
161541000: system.memobj: hamming code out: 0 
161541000: system.memobj: fix data : 0000000000000000000000000000000000000000000000000000000000000000 
161541000: system.memobj: -------------------------------------
161590000: system.memobj: mem->cpu Got response for addr 0xde80 , 56960
161590000: system.memobj: size 0x8
161590000: system.memobj: id 94061725637968
161590000: system.memobj: data_hex : 5E415FC3488B4424 
161590000: system.memobj: data : 0101111001000001010111111100001101001000100010110100010000100100 
161590000: system.memobj: fix data : 0101111001000001010111111100001101001000100010110100010000100100 
161590000: system.memobj: -------------------------------------
161639000: system.memobj: mem->cpu Got response for addr 0x94a50 , 608848
161639000: system.memobj: size 0x8
161639000: system.memobj: id 94061725637680
161639000: system.memobj: data_hex : 90C6400000000000 
161639000: system.memobj: data : 1001000011000110010000000000000000000000000000000000000000000000 
161639000: system.memobj: hamming code addr: 608848 
161639000: system.memobj: hamming code out: 3 
161639000: system.memobj: find Error Bit index : 4 
161639000: system.memobj: hamming code addr: 608856 
161639000: system.memobj: hamming code out: 7 
161639000: system.memobj: hamming code addr: 608864 
161639000: system.memobj: hamming code out: 5 
161639000: system.memobj: hamming code addr: 608872 
161639000: system.memobj: hamming code out: 0 
161639000: system.memobj: hamming code addr: 608880 
161639000: system.memobj: hamming code out: 0 
161639000: system.memobj: hamming code addr: 608888 
161639000: system.memobj: hamming code out: 0 
161639000: system.memobj: hamming code addr: 608896 
161639000: system.memobj: hamming code out: 0 
161639000: system.memobj: hamming code addr: 608904 
161639000: system.memobj: hamming code out: 0 
161639000: system.memobj: fix data : 1000000011000110010000000000000000000000000000000000000000000000 
161639000: system.memobj: -------------------------------------
161688000: system.memobj: mem->cpu Got response for addr 0xde80 , 56960
161688000: system.memobj: size 0x8
161688000: system.memobj: id 94061725637680
161688000: system.memobj: data_hex : 5E415FC3488B4424 
161688000: system.memobj: data : 0101111001000001010111111100001101001000100010110100010000100100 
161688000: system.memobj: fix data : 0101111001000001010111111100001101001000100010110100010000100100 
161688000: system.memobj: -------------------------------------
161737000: system.memobj: mem->cpu Got response for addr 0x94a58 , 608856
161737000: system.memobj: size 0x8
161737000: system.memobj: id 94061725637968
161737000: system.memobj: data_hex : F0F9400000000000 
161737000: system.memobj: data : 1111000011111001010000000000000000000000000000000000000000000000 
161737000: system.memobj: hamming code addr: 608856 
161737000: system.memobj: hamming code out: 14 
161737000: system.memobj: find Error Bit index : 5 
161737000: system.memobj: hamming code addr: 608864 
161737000: system.memobj: hamming code out: 2 
161737000: system.memobj: hamming code addr: 608872 
161737000: system.memobj: hamming code out: 5 
161737000: system.memobj: hamming code addr: 608880 
161737000: system.memobj: hamming code out: 0 
161737000: system.memobj: hamming code addr: 608888 
161737000: system.memobj: hamming code out: 0 
161737000: system.memobj: hamming code addr: 608896 
161737000: system.memobj: hamming code out: 0 
161737000: system.memobj: hamming code addr: 608904 
161737000: system.memobj: hamming code out: 0 
161737000: system.memobj: hamming code addr: 608912 
161737000: system.memobj: hamming code out: 0 
161737000: system.memobj: fix data : 1111100011111001010000000000000000000000000000000000000000000000 
161737000: system.memobj: -------------------------------------
161786000: system.memobj: mem->cpu Got response for addr 0xf9f8 , 63992
161786000: system.memobj: size 0x8
161786000: system.memobj: id 94061725637968
161786000: system.memobj: data_hex : 4885C04889C57462 
161786000: system.memobj: data : 0100100010000101110000000100100010001001110001010111010001100010 
161786000: system.memobj: fix data : 0100100010000101110000000100100010001001110001010111010001100010 
161786000: system.memobj: -------------------------------------
161835000: system.memobj: mem->cpu Got response for addr 0xf9f8 , 63992
161835000: system.memobj: size 0x8
161835000: system.memobj: id 94061725637680
161835000: system.memobj: data_hex : 4885C04889C57462 
161835000: system.memobj: data : 0100100010000101110000000100100010001001110001010111010001100010 
161835000: system.memobj: fix data : 0100100010000101110000000100100010001001110001010111010001100010 
161835000: system.memobj: -------------------------------------
161884000: system.memobj: mem->cpu Got response for addr 0xf9f8 , 63992
161884000: system.memobj: size 0x8
161884000: system.memobj: id 94061725637968
161884000: system.memobj: data_hex : 4885C04889C57462 
161884000: system.memobj: data : 0100100010000101110000000100100010001001110001010111010001100010 
161884000: system.memobj: fix data : 0100100010000101110000000100100010001001110001010111010001100010 
161884000: system.memobj: -------------------------------------
161933000: system.memobj: mem->cpu Got response for addr 0xfa00 , 64000
161933000: system.memobj: size 0x8
161933000: system.memobj: id 94061725637680
161933000: system.memobj: data_hex : B8000000004885C0 
161933000: system.memobj: data : 1011100000000000000000000000000000000000010010001000010111000000 
161933000: system.memobj: fix data : 1011100000000000000000000000000000000000010010001000010111000000 
161933000: system.memobj: -------------------------------------
161982000: system.memobj: mem->cpu Got response for addr 0xfa00 , 64000
161982000: system.memobj: size 0x8
161982000: system.memobj: id 94061725637968
161982000: system.memobj: data_hex : B8000000004885C0 
161982000: system.memobj: data : 1011100000000000000000000000000000000000010010001000010111000000 
161982000: system.memobj: fix data : 1011100000000000000000000000000000000000010010001000010111000000 
161982000: system.memobj: -------------------------------------
162031000: system.memobj: mem->cpu Got response for addr 0xfa08 , 64008
162031000: system.memobj: size 0x8
162031000: system.memobj: id 94061725637680
162031000: system.memobj: data_hex : 743F4889DFE8EE05 
162031000: system.memobj: data : 0111010000111111010010001000100111011111111010001110111000000101 
162031000: system.memobj: fix data : 0111010000111111010010001000100111011111111010001110111000000101 
162031000: system.memobj: -------------------------------------
162080000: system.memobj: mem->cpu Got response for addr 0xfa48 , 64072
162080000: system.memobj: size 0x8
162080000: system.memobj: id 94061725637968
162080000: system.memobj: data_hex : 9DC7030000000090 
162080000: system.memobj: data : 1001110111000111000000110000000000000000000000000000000010010000 
162080000: system.memobj: fix data : 1001110111000111000000110000000000000000000000000000000010010000 
162080000: system.memobj: -------------------------------------
162080000: system.memobj: cpu->mem Got request for addr 0x92480 , 599168
162080000: system.memobj: size 0x4
162080000: system.memobj: id 94061725637680
162080000: system.memobj: data_hex : 00000000 
162080000: system.memobj: data : 00000000000000000000000000000000 
162080000: system.memobj: hamming code addr: 599168 
162080000: system.memobj: hamming code : 0 
162080000: system.memobj: hamming code addr: 599176 
162080000: system.memobj: hamming code : 0 
162080000: system.memobj: hamming code addr: 599184 
162080000: system.memobj: hamming code : 0 
162080000: system.memobj: hamming code addr: 599192 
162080000: system.memobj: hamming code : 0 
162080000: system.memobj: Enter Error Bit index: 2 
162080000: system.memobj: flip data : 01000000000000000000000000000000 
162080000: system.memobj: -------------------------------------
162150000: system.memobj: mem->cpu Got response for addr 0xfa48 , 64072
162150000: system.memobj: size 0x8
162150000: system.memobj: id 94061725637680
162150000: system.memobj: data_hex : 9DC7030000000090 
162150000: system.memobj: data : 1001110111000111000000110000000000000000000000000000000010010000 
162150000: system.memobj: fix data : 1001110111000111000000110000000000000000000000000000000010010000 
162150000: system.memobj: -------------------------------------
162199000: system.memobj: mem->cpu Got response for addr 0xfa50 , 64080
162199000: system.memobj: size 0x8
162199000: system.memobj: id 94061725637968
162199000: system.memobj: data_hex : EBC04C89E64889EF 
162199000: system.memobj: data : 1110101111000000010011001000100111100110010010001000100111101111 
162199000: system.memobj: fix data : 1110101111000000010011001000100111100110010010001000100111101111 
162199000: system.memobj: -------------------------------------
162248000: system.memobj: mem->cpu Got response for addr 0xfa10 , 64016
162248000: system.memobj: size 0x8
162248000: system.memobj: id 94061725637680
162248000: system.memobj: data_hex : BFFF4889E8488B5C 
162248000: system.memobj: data : 1011111111111111010010001000100111101000010010001000101101011100 
162248000: system.memobj: fix data : 1011111111111111010010001000100111101000010010001000101101011100 
162248000: system.memobj: -------------------------------------
162297000: system.memobj: mem->cpu Got response for addr 0xfa10 , 64016
162297000: system.memobj: size 0x8
162297000: system.memobj: id 94061725637968
162297000: system.memobj: data_hex : BFFF4889E8488B5C 
162297000: system.memobj: data : 1011111111111111010010001000100111101000010010001000101101011100 
162297000: system.memobj: fix data : 1011111111111111010010001000100111101000010010001000101101011100 
162297000: system.memobj: -------------------------------------
162360000: system.memobj: mem->cpu Got response for addr 0xfa18 , 64024
162360000: system.memobj: size 0x8
162360000: system.memobj: id 94061725637680
162360000: system.memobj: data_hex : 2408488B6C24104C 
162360000: system.memobj: data : 0010010000001000010010001000101101101100001001000001000001001100 
162360000: system.memobj: fix data : 0010010000001000010010001000101101101100001001000001000001001100 
162360000: system.memobj: -------------------------------------
162409000: system.memobj: mem->cpu Got response for addr 0x94a68 , 608872
162409000: system.memobj: size 0x8
162409000: system.memobj: id 94061725637968
162409000: system.memobj: data_hex : 0040590000000000 
162409000: system.memobj: data : 0000000001000000010110010000000000000000000000000000000000000000 
162409000: system.memobj: hamming code addr: 608872 
162409000: system.memobj: hamming code out: 7 
162409000: system.memobj: find Error Bit index : 4 
162409000: system.memobj: hamming code addr: 608880 
162409000: system.memobj: hamming code out: 5 
162409000: system.memobj: hamming code addr: 608888 
162409000: system.memobj: hamming code out: 7 
162409000: system.memobj: hamming code addr: 608896 
162409000: system.memobj: hamming code out: 0 
162409000: system.memobj: hamming code addr: 608904 
162409000: system.memobj: hamming code out: 0 
162409000: system.memobj: hamming code addr: 608912 
162409000: system.memobj: hamming code out: 0 
162409000: system.memobj: hamming code addr: 608920 
162409000: system.memobj: hamming code out: 0 
162409000: system.memobj: hamming code addr: 608928 
162409000: system.memobj: hamming code out: 0 
162409000: system.memobj: fix data : 0001000001000000010110010000000000000000000000000000000000000000 
162409000: system.memobj: -------------------------------------
162458000: system.memobj: mem->cpu Got response for addr 0xfa18 , 64024
162458000: system.memobj: size 0x8
162458000: system.memobj: id 94061725637968
162458000: system.memobj: data_hex : 2408488B6C24104C 
162458000: system.memobj: data : 0010010000001000010010001000101101101100001001000001000001001100 
162458000: system.memobj: fix data : 0010010000001000010010001000101101101100001001000001000001001100 
162458000: system.memobj: -------------------------------------
162507000: system.memobj: mem->cpu Got response for addr 0x94a70 , 608880
162507000: system.memobj: size 0x8
162507000: system.memobj: id 94061725637680
162507000: system.memobj: data_hex : 5040590000000000 
162507000: system.memobj: data : 0101000001000000010110010000000000000000000000000000000000000000 
162507000: system.memobj: hamming code addr: 608880 
162507000: system.memobj: hamming code out: 5 
162507000: system.memobj: find Error Bit index : 4 
162507000: system.memobj: hamming code addr: 608888 
162507000: system.memobj: hamming code out: 5 
162507000: system.memobj: hamming code addr: 608896 
162507000: system.memobj: hamming code out: 7 
162507000: system.memobj: hamming code addr: 608904 
162507000: system.memobj: hamming code out: 0 
162507000: system.memobj: hamming code addr: 608912 
162507000: system.memobj: hamming code out: 0 
162507000: system.memobj: hamming code addr: 608920 
162507000: system.memobj: hamming code out: 0 
162507000: system.memobj: hamming code addr: 608928 
162507000: system.memobj: hamming code out: 0 
162507000: system.memobj: hamming code addr: 608936 
162507000: system.memobj: hamming code out: 0 
162507000: system.memobj: fix data : 0100000001000000010110010000000000000000000000000000000000000000 
162507000: system.memobj: -------------------------------------
162556000: system.memobj: mem->cpu Got response for addr 0xfa18 , 64024
162556000: system.memobj: size 0x8
162556000: system.memobj: id 94061725637680
162556000: system.memobj: data_hex : 2408488B6C24104C 
162556000: system.memobj: data : 0010010000001000010010001000101101101100001001000001000001001100 
162556000: system.memobj: fix data : 0010010000001000010010001000101101101100001001000001000001001100 
162556000: system.memobj: -------------------------------------
162605000: system.memobj: mem->cpu Got response for addr 0xfa20 , 64032
162605000: system.memobj: size 0x8
162605000: system.memobj: id 94061725637968
162605000: system.memobj: data_hex : 8B6424184C8B6C24 
162605000: system.memobj: data : 1000101101100100001001000001100001001100100010110110110000100100 
162605000: system.memobj: fix data : 1000101101100100001001000001100001001100100010110110110000100100 
162605000: system.memobj: -------------------------------------
162625000: system.memobj: mem->cpu Got response for addr 0x94a78 , 608888
162625000: system.memobj: size 0x8
162625000: system.memobj: id 94061725637680
162625000: system.memobj: data_hex : 4000000000000000 
162625000: system.memobj: data : 0100000000000000000000000000000000000000000000000000000000000000 
162625000: system.memobj: hamming code addr: 608888 
162625000: system.memobj: hamming code out: 0 
162625000: system.memobj: find Error Bit index : 2 
162625000: system.memobj: hamming code addr: 608896 
162625000: system.memobj: hamming code out: 0 
162625000: system.memobj: hamming code addr: 608904 
162625000: system.memobj: hamming code out: 0 
162625000: system.memobj: hamming code addr: 608912 
162625000: system.memobj: hamming code out: 0 
162625000: system.memobj: hamming code addr: 608920 
162625000: system.memobj: hamming code out: 0 
162625000: system.memobj: hamming code addr: 608928 
162625000: system.memobj: hamming code out: 0 
162625000: system.memobj: hamming code addr: 608936 
162625000: system.memobj: hamming code out: 0 
162625000: system.memobj: hamming code addr: 608944 
162625000: system.memobj: hamming code out: 0 
162625000: system.memobj: fix data : 0000000000000000000000000000000000000000000000000000000000000000 
162625000: system.memobj: -------------------------------------
162674000: system.memobj: mem->cpu Got response for addr 0xfa20 , 64032
162674000: system.memobj: size 0x8
162674000: system.memobj: id 94061725637680
162674000: system.memobj: data_hex : 8B6424184C8B6C24 
162674000: system.memobj: data : 1000101101100100001001000001100001001100100010110110110000100100 
162674000: system.memobj: fix data : 1000101101100100001001000001100001001100100010110110110000100100 
162674000: system.memobj: -------------------------------------
162723000: system.memobj: mem->cpu Got response for addr 0xfa28 , 64040
162723000: system.memobj: size 0x8
162723000: system.memobj: id 94061725637968
162723000: system.memobj: data_hex : 204883C428C3488B 
162723000: system.memobj: data : 0010000001001000100000111100010000101000110000110100100010001011 
162723000: system.memobj: fix data : 0010000001001000100000111100010000101000110000110100100010001011 
162723000: system.memobj: -------------------------------------
162772000: system.memobj: mem->cpu Got response for addr 0x94a80 , 608896
162772000: system.memobj: size 0x8
162772000: system.memobj: id 94061725637680
162772000: system.memobj: data_hex : 81C5400000000000 
162772000: system.memobj: data : 1000000111000101010000000000000000000000000000000000000000000000 
162772000: system.memobj: hamming code addr: 608896 
162772000: system.memobj: hamming code out: 3 
162772000: system.memobj: find Error Bit index : 8 
162772000: system.memobj: hamming code addr: 608904 
162772000: system.memobj: hamming code out: 0 
162772000: system.memobj: hamming code addr: 608912 
162772000: system.memobj: hamming code out: 5 
162772000: system.memobj: hamming code addr: 608920 
162772000: system.memobj: hamming code out: 0 
162772000: system.memobj: hamming code addr: 608928 
162772000: system.memobj: hamming code out: 0 
162772000: system.memobj: hamming code addr: 608936 
162772000: system.memobj: hamming code out: 0 
162772000: system.memobj: hamming code addr: 608944 
162772000: system.memobj: hamming code out: 0 
162772000: system.memobj: hamming code addr: 608952 
162772000: system.memobj: hamming code out: 0 
162772000: system.memobj: fix data : 1000000011000101010000000000000000000000000000000000000000000000 
162772000: system.memobj: -------------------------------------
162821000: system.memobj: mem->cpu Got response for addr 0xfa28 , 64040
162821000: system.memobj: size 0x8
162821000: system.memobj: id 94061725637680
162821000: system.memobj: data_hex : 204883C428C3488B 
162821000: system.memobj: data : 0010000001001000100000111100010000101000110000110100100010001011 
162821000: system.memobj: fix data : 0010000001001000100000111100010000101000110000110100100010001011 
162821000: system.memobj: -------------------------------------
162870000: system.memobj: mem->cpu Got response for addr 0xfa28 , 64040
162870000: system.memobj: size 0x8
162870000: system.memobj: id 94061725637968
162870000: system.memobj: data_hex : 204883C428C3488B 
162870000: system.memobj: data : 0010000001001000100000111100010000101000110000110100100010001011 
162870000: system.memobj: fix data : 0010000001001000100000111100010000101000110000110100100010001011 
162870000: system.memobj: -------------------------------------
162890000: system.memobj: mem->cpu Got response for addr 0x94a88 , 608904
162890000: system.memobj: size 0x8
162890000: system.memobj: id 94061725637680
162890000: system.memobj: data_hex : 7D44410000000000 
162890000: system.memobj: data : 0111110101000100010000010000000000000000000000000000000000000000 
162890000: system.memobj: hamming code addr: 608904 
162890000: system.memobj: hamming code out: 13 
162890000: system.memobj: find Error Bit index : 3 
162890000: system.memobj: hamming code addr: 608912 
162890000: system.memobj: hamming code out: 15 
162890000: system.memobj: hamming code addr: 608920 
162890000: system.memobj: hamming code out: 9 
162890000: system.memobj: hamming code addr: 608928 
162890000: system.memobj: hamming code out: 0 
162890000: system.memobj: hamming code addr: 608936 
162890000: system.memobj: hamming code out: 0 
162890000: system.memobj: hamming code addr: 608944 
162890000: system.memobj: hamming code out: 0 
162890000: system.memobj: hamming code addr: 608952 
162890000: system.memobj: hamming code out: 0 
162890000: system.memobj: hamming code addr: 608960 
162890000: system.memobj: hamming code out: 0 
162890000: system.memobj: fix data : 0101110101000100010000010000000000000000000000000000000000000000 
162890000: system.memobj: -------------------------------------
162953000: system.memobj: mem->cpu Got response for addr 0x14458 , 83032
162953000: system.memobj: size 0x8
162953000: system.memobj: id 94061725637680
162953000: system.memobj: data_hex : E803B5FFFF4885C0 
162953000: system.memobj: data : 1110100000000011101101011111111111111111010010001000010111000000 
162953000: system.memobj: fix data : 1110100000000011101101011111111111111111010010001000010111000000 
162953000: system.memobj: -------------------------------------
163002000: system.memobj: mem->cpu Got response for addr 0x14460 , 83040
163002000: system.memobj: size 0x8
163002000: system.memobj: id 94061725637968
163002000: system.memobj: data_hex : 4989C40F84C10000 
163002000: system.memobj: data : 0100100110001001110001000000111110000100110000010000000000000000 
163002000: system.memobj: fix data : 0100100110001001110001000000111110000100110000010000000000000000 
163002000: system.memobj: -------------------------------------
163051000: system.memobj: mem->cpu Got response for addr 0x14460 , 83040
163051000: system.memobj: size 0x8
163051000: system.memobj: id 94061725637680
163051000: system.memobj: data_hex : 4989C40F84C10000 
163051000: system.memobj: data : 0100100110001001110001000000111110000100110000010000000000000000 
163051000: system.memobj: fix data : 0100100110001001110001000000111110000100110000010000000000000000 
163051000: system.memobj: -------------------------------------
163100000: system.memobj: mem->cpu Got response for addr 0x14468 , 83048
163100000: system.memobj: size 0x8
163100000: system.memobj: id 94061725637968
163100000: system.memobj: data_hex : 00488B04244D8974 
163100000: system.memobj: data : 0000000001001000100010110000010000100100010011011000100101110100 
163100000: system.memobj: fix data : 0000000001001000100010110000010000100100010011011000100101110100 
163100000: system.memobj: -------------------------------------
163149000: system.memobj: mem->cpu Got response for addr 0x14468 , 83048
163149000: system.memobj: size 0x8
163149000: system.memobj: id 94061725637680
163149000: system.memobj: data_hex : 00488B04244D8974 
163149000: system.memobj: data : 0000000001001000100010110000010000100100010011011000100101110100 
163149000: system.memobj: fix data : 0000000001001000100010110000010000100100010011011000100101110100 
163149000: system.memobj: -------------------------------------
163226000: system.memobj: mem->cpu Got response for addr 0x94a90 , 608912
163226000: system.memobj: size 0x8
163226000: system.memobj: id 94061725638256
163226000: system.memobj: data_hex : 58C7400000000000 
163226000: system.memobj: data : 0101100011000111010000000000000000000000000000000000000000000000 
163226000: system.memobj: hamming code addr: 608912 
163226000: system.memobj: hamming code out: 2 
163226000: system.memobj: find Error Bit index : 5 
163226000: system.memobj: hamming code addr: 608920 
163226000: system.memobj: hamming code out: 11 
163226000: system.memobj: hamming code addr: 608928 
163226000: system.memobj: hamming code out: 5 
163226000: system.memobj: hamming code addr: 608936 
163226000: system.memobj: hamming code out: 0 
163226000: system.memobj: hamming code addr: 608944 
163226000: system.memobj: hamming code out: 0 
163226000: system.memobj: hamming code addr: 608952 
163226000: system.memobj: hamming code out: 0 
163226000: system.memobj: hamming code addr: 608960 
163226000: system.memobj: hamming code out: 0 
163226000: system.memobj: hamming code addr: 608968 
163226000: system.memobj: hamming code out: 0 
163226000: system.memobj: fix data : 0101000011000111010000000000000000000000000000000000000000000000 
163226000: system.memobj: -------------------------------------
163303000: system.memobj: mem->cpu Got response for addr 0x14468 , 83048
163303000: system.memobj: size 0x8
163303000: system.memobj: id 94061725638256
163303000: system.memobj: data_hex : 00488B04244D8974 
163303000: system.memobj: data : 0000000001001000100010110000010000100100010011011000100101110100 
163303000: system.memobj: fix data : 0000000001001000100010110000010000100100010011011000100101110100 
163303000: system.memobj: -------------------------------------
163352000: system.memobj: mem->cpu Got response for addr 0x14470 , 83056
163352000: system.memobj: size 0x8
163352000: system.memobj: id 94061725637680
163352000: system.memobj: data_hex : 24184989442410B8 
163352000: system.memobj: data : 0010010000011000010010011000100101000100001001000001000010111000 
163352000: system.memobj: fix data : 0010010000011000010010011000100101000100001001000001000010111000 
163352000: system.memobj: -------------------------------------
163352000: system.memobj: cpu->mem Got request for addr 0x96088 , 614536
163352000: system.memobj: size 0x8
163352000: system.memobj: id 94061725655056
163352000: system.memobj: data_hex : 0000000000000000 
163352000: system.memobj: data : 0000000000000000000000000000000000000000000000000000000000000000 
163352000: system.memobj: hamming code addr: 614536 
163352000: system.memobj: hamming code : 0 
163352000: system.memobj: hamming code addr: 614544 
163352000: system.memobj: hamming code : 0 
163352000: system.memobj: hamming code addr: 614552 
163352000: system.memobj: hamming code : 0 
163352000: system.memobj: hamming code addr: 614560 
163352000: system.memobj: hamming code : 0 
163352000: system.memobj: hamming code addr: 614568 
163352000: system.memobj: hamming code : 0 
163352000: system.memobj: hamming code addr: 614576 
163352000: system.memobj: hamming code : 0 
163352000: system.memobj: hamming code addr: 614584 
163352000: system.memobj: hamming code : 0 
163352000: system.memobj: hamming code addr: 614592 
163352000: system.memobj: hamming code : 0 
163352000: system.memobj: Enter Error Bit index: 5 
163352000: system.memobj: flip data : 0000100000000000000000000000000000000000000000000000000000000000 
163352000: system.memobj: -------------------------------------
163422000: system.memobj: mem->cpu Got response for addr 0x14470 , 83056
163422000: system.memobj: size 0x8
163422000: system.memobj: id 94061725655056
163422000: system.memobj: data_hex : 24184989442410B8 
163422000: system.memobj: data : 0010010000011000010010011000100101000100001001000001000010111000 
163422000: system.memobj: fix data : 0010010000011000010010011000100101000100001001000001000010111000 
163422000: system.memobj: -------------------------------------
163422000: system.memobj: cpu->mem Got request for addr 0x96080 , 614528
163422000: system.memobj: size 0x8
163422000: system.memobj: id 94061725655344
163422000: system.memobj: data_hex : 50C7400000000000 
163422000: system.memobj: data : 0101000011000111010000000000000000000000000000000000000000000000 
163422000: system.memobj: hamming code addr: 614528 
163422000: system.memobj: hamming code : 2 
163422000: system.memobj: hamming code addr: 614536 
163422000: system.memobj: hamming code : 11 
163422000: system.memobj: hamming code addr: 614544 
163422000: system.memobj: hamming code : 5 
163422000: system.memobj: hamming code addr: 614552 
163422000: system.memobj: hamming code : 0 
163422000: system.memobj: hamming code addr: 614560 
163422000: system.memobj: hamming code : 0 
163422000: system.memobj: hamming code addr: 614568 
163422000: system.memobj: hamming code : 0 
163422000: system.memobj: hamming code addr: 614576 
163422000: system.memobj: hamming code : 0 
163422000: system.memobj: hamming code addr: 614584 
163422000: system.memobj: hamming code : 0 
163422000: system.memobj: Enter Error Bit index: 6 
163422000: system.memobj: flip data : 0101010011000111010000000000000000000000000000000000000000000000 
163422000: system.memobj: -------------------------------------
163492000: system.memobj: mem->cpu Got response for addr 0x14470 , 83056
163492000: system.memobj: size 0x8
163492000: system.memobj: id 94061725655344
163492000: system.memobj: data_hex : 24184989442410B8 
163492000: system.memobj: data : 0010010000011000010010011000100101000100001001000001000010111000 
163492000: system.memobj: fix data : 0010010000011000010010011000100101000100001001000001000010111000 
163492000: system.memobj: -------------------------------------
163541000: system.memobj: mem->cpu Got response for addr 0x14478 , 83064
163541000: system.memobj: size 0x8
163541000: system.memobj: id 94061725655056
163541000: system.memobj: data_hex : 000000004885C074 
163541000: system.memobj: data : 0000000000000000000000000000000001001000100001011100000001110100 
163541000: system.memobj: fix data : 0000000000000000000000000000000001001000100001011100000001110100 
163541000: system.memobj: -------------------------------------
163848000: system.memobj: mem->cpu Got response for addr 0x14478 , 83064
163848000: system.memobj: size 0x8
163848000: system.memobj: id 94061725655344
163848000: system.memobj: data_hex : 000000004885C074 
163848000: system.memobj: data : 0000000000000000000000000000000001001000100001011100000001110100 
163848000: system.memobj: fix data : 0000000000000000000000000000000001001000100001011100000001110100 
163848000: system.memobj: -------------------------------------
163897000: system.memobj: mem->cpu Got response for addr 0x14478 , 83064
163897000: system.memobj: size 0x8
163897000: system.memobj: id 94061725655056
163897000: system.memobj: data_hex : 000000004885C074 
163897000: system.memobj: data : 0000000000000000000000000000000001001000100001011100000001110100 
163897000: system.memobj: fix data : 0000000000000000000000000000000001001000100001011100000001110100 
163897000: system.memobj: -------------------------------------
163946000: system.memobj: mem->cpu Got response for addr 0x14480 , 83072
163946000: system.memobj: size 0x8
163946000: system.memobj: id 94061725655344
163946000: system.memobj: data_hex : 0ABF200C5800E875 
163946000: system.memobj: data : 0000101010111111001000000000110001011000000000001110100001110101 
163946000: system.memobj: fix data : 0000101010111111001000000000110001011000000000001110100001110101 
163946000: system.memobj: -------------------------------------
163995000: system.memobj: mem->cpu Got response for addr 0x14488 , 83080
163995000: system.memobj: size 0x8
163995000: system.memobj: id 94061725655056
163995000: system.memobj: data_hex : BBBEFF4885DB741C 
163995000: system.memobj: data : 1011101110111110111111110100100010000101110110110111010000011100 
163995000: system.memobj: fix data : 1011101110111110111111110100100010000101110110110111010000011100 
163995000: system.memobj: -------------------------------------
164044000: system.memobj: mem->cpu Got response for addr 0x14488 , 83080
164044000: system.memobj: size 0x8
164044000: system.memobj: id 94061725655344
164044000: system.memobj: data_hex : BBBEFF4885DB741C 
164044000: system.memobj: data : 1011101110111110111111110100100010000101110110110111010000011100 
164044000: system.memobj: fix data : 1011101110111110111111110100100010000101110110110111010000011100 
164044000: system.memobj: -------------------------------------
164093000: system.memobj: mem->cpu Got response for addr 0x14490 , 83088
164093000: system.memobj: size 0x8
164093000: system.memobj: id 94061725655056
164093000: system.memobj: data_hex : 488B05B9C7160048 
164093000: system.memobj: data : 0100100010001011000001011011100111000111000101100000000001001000 
164093000: system.memobj: fix data : 0100100010001011000001011011100111000111000101100000000001001000 
164093000: system.memobj: -------------------------------------
164156000: system.memobj: mem->cpu Got response for addr 0x80c50 , 527440
164156000: system.memobj: size 0x8
164156000: system.memobj: id 94061725655632
164156000: system.memobj: data_hex : 480C580000000000 
164156000: system.memobj: data : 0100100000001100010110000000000000000000000000000000000000000000 
164156000: system.memobj: fix data : 0100100000001100010110000000000000000000000000000000000000000000 
164156000: system.memobj: -------------------------------------
164205000: system.memobj: mem->cpu Got response for addr 0x14490 , 83088
164205000: system.memobj: size 0x8
164205000: system.memobj: id 94061725655632
164205000: system.memobj: data_hex : 488B05B9C7160048 
164205000: system.memobj: data : 0100100010001011000001011011100111000111000101100000000001001000 
164205000: system.memobj: fix data : 0100100010001011000001011011100111000111000101100000000001001000 
164205000: system.memobj: -------------------------------------
164254000: system.memobj: mem->cpu Got response for addr 0x14498 , 83096
164254000: system.memobj: size 0x8
164254000: system.memobj: id 94061725655056
164254000: system.memobj: data_hex : 89184889430848C7 
164254000: system.memobj: data : 1000100100011000010010001000100101000011000010000100100011000111 
164254000: system.memobj: fix data : 1000100100011000010010001000100101000011000010000100100011000111 
164254000: system.memobj: -------------------------------------
164254000: system.memobj: cpu->mem Got request for addr 0x80c48 , 527432
164254000: system.memobj: size 0x8
164254000: system.memobj: id 94061725655920
164254000: system.memobj: data_hex : 1040590000000000 
164254000: system.memobj: data : 0001000001000000010110010000000000000000000000000000000000000000 
164254000: system.memobj: hamming code addr: 527432 
164254000: system.memobj: hamming code : 7 
164254000: system.memobj: hamming code addr: 527440 
164254000: system.memobj: hamming code : 5 
164254000: system.memobj: hamming code addr: 527448 
164254000: system.memobj: hamming code : 7 
164254000: system.memobj: hamming code addr: 527456 
164254000: system.memobj: hamming code : 0 
164254000: system.memobj: hamming code addr: 527464 
164254000: system.memobj: hamming code : 0 
164254000: system.memobj: hamming code addr: 527472 
164254000: system.memobj: hamming code : 0 
164254000: system.memobj: hamming code addr: 527480 
164254000: system.memobj: hamming code : 0 
164254000: system.memobj: hamming code addr: 527488 
164254000: system.memobj: hamming code : 0 
164254000: system.memobj: Enter Error Bit index: 6 
164254000: system.memobj: flip data : 0001010001000000010110010000000000000000000000000000000000000000 
164254000: system.memobj: -------------------------------------
164324000: system.memobj: mem->cpu Got response for addr 0x14498 , 83096
164324000: system.memobj: size 0x8
164324000: system.memobj: id 94061725655920
164324000: system.memobj: data_hex : 89184889430848C7 
164324000: system.memobj: data : 1000100100011000010010001000100101000011000010000100100011000111 
164324000: system.memobj: fix data : 1000100100011000010010001000100101000011000010000100100011000111 
164324000: system.memobj: -------------------------------------
164324000: system.memobj: cpu->mem Got request for addr 0x96018 , 614424
164324000: system.memobj: size 0x8
164324000: system.memobj: id 94061725655056
164324000: system.memobj: data_hex : 480C580000000000 
164324000: system.memobj: data : 0100100000001100010110000000000000000000000000000000000000000000 
164324000: system.memobj: hamming code addr: 614424 
164324000: system.memobj: hamming code : 12 
164324000: system.memobj: hamming code addr: 614432 
164324000: system.memobj: hamming code : 3 
164324000: system.memobj: hamming code addr: 614440 
164324000: system.memobj: hamming code : 11 
164324000: system.memobj: hamming code addr: 614448 
164324000: system.memobj: hamming code : 0 
164324000: system.memobj: hamming code addr: 614456 
164324000: system.memobj: hamming code : 0 
164324000: system.memobj: hamming code addr: 614464 
164324000: system.memobj: hamming code : 0 
164324000: system.memobj: hamming code addr: 614472 
164324000: system.memobj: hamming code : 0 
164324000: system.memobj: hamming code addr: 614480 
164324000: system.memobj: hamming code : 0 
164324000: system.memobj: Enter Error Bit index: 8 
164324000: system.memobj: flip data : 0100100100001100010110000000000000000000000000000000000000000000 
164324000: system.memobj: -------------------------------------
164394000: system.memobj: mem->cpu Got response for addr 0x14498 , 83096
164394000: system.memobj: size 0x8
164394000: system.memobj: id 94061725655056
164394000: system.memobj: data_hex : 89184889430848C7 
164394000: system.memobj: data : 1000100100011000010010001000100101000011000010000100100011000111 
164394000: system.memobj: fix data : 1000100100011000010010001000100101000011000010000100100011000111 
164394000: system.memobj: -------------------------------------
164443000: system.memobj: mem->cpu Got response for addr 0x144a0 , 83104
164443000: system.memobj: size 0x8
164443000: system.memobj: id 94061725655920
164443000: system.memobj: data_hex : 03480C580048891D 
164443000: system.memobj: data : 0000001101001000000011000101100000000000010010001000100100011101 
164443000: system.memobj: fix data : 0000001101001000000011000101100000000000010010001000100100011101 
164443000: system.memobj: -------------------------------------
164443000: system.memobj: cpu->mem Got request for addr 0x96010 , 614416
164443000: system.memobj: size 0x8
164443000: system.memobj: id 94061725656208
164443000: system.memobj: data_hex : 480C580000000000 
164443000: system.memobj: data : 0100100000001100010110000000000000000000000000000000000000000000 
164443000: system.memobj: hamming code addr: 614416 
164443000: system.memobj: hamming code : 12 
164443000: system.memobj: hamming code addr: 614424 
164443000: system.memobj: hamming code : 3 
164443000: system.memobj: hamming code addr: 614432 
164443000: system.memobj: hamming code : 11 
164443000: system.memobj: hamming code addr: 614440 
164443000: system.memobj: hamming code : 0 
164443000: system.memobj: hamming code addr: 614448 
164443000: system.memobj: hamming code : 0 
164443000: system.memobj: hamming code addr: 614456 
164443000: system.memobj: hamming code : 0 
164443000: system.memobj: hamming code addr: 614464 
164443000: system.memobj: hamming code : 0 
164443000: system.memobj: hamming code addr: 614472 
164443000: system.memobj: hamming code : 0 
164443000: system.memobj: Enter Error Bit index: 8 
164443000: system.memobj: flip data : 0100100100001100010110000000000000000000000000000000000000000000 
164443000: system.memobj: -------------------------------------
164513000: system.memobj: mem->cpu Got response for addr 0x144a0 , 83104
164513000: system.memobj: size 0x8
164513000: system.memobj: id 94061725656208
164513000: system.memobj: data_hex : 03480C580048891D 
164513000: system.memobj: data : 0000001101001000000011000101100000000000010010001000100100011101 
164513000: system.memobj: fix data : 0000001101001000000011000101100000000000010010001000100100011101 
164513000: system.memobj: -------------------------------------
164562000: system.memobj: mem->cpu Got response for addr 0x144a8 , 83112
164562000: system.memobj: size 0x8
164562000: system.memobj: id 94061725655920
164562000: system.memobj: data_hex : A4C716004885ED74 
164562000: system.memobj: data : 1010010011000111000101100000000001001000100001011110110101110100 
164562000: system.memobj: fix data : 1010010011000111000101100000000001001000100001011110110101110100 
164562000: system.memobj: -------------------------------------
164562000: system.memobj: cpu->mem Got request for addr 0x80c50 , 527440
164562000: system.memobj: size 0x8
164562000: system.memobj: id 94061725656496
164562000: system.memobj: data_hex : 1040590000000000 
164562000: system.memobj: data : 0001000001000000010110010000000000000000000000000000000000000000 
164562000: system.memobj: hamming code addr: 527440 
164562000: system.memobj: hamming code : 7 
164562000: system.memobj: hamming code addr: 527448 
164562000: system.memobj: hamming code : 5 
164562000: system.memobj: hamming code addr: 527456 
164562000: system.memobj: hamming code : 7 
164562000: system.memobj: hamming code addr: 527464 
164562000: system.memobj: hamming code : 0 
164562000: system.memobj: hamming code addr: 527472 
164562000: system.memobj: hamming code : 0 
164562000: system.memobj: hamming code addr: 527480 
164562000: system.memobj: hamming code : 0 
164562000: system.memobj: hamming code addr: 527488 
164562000: system.memobj: hamming code : 0 
164562000: system.memobj: hamming code addr: 527496 
164562000: system.memobj: hamming code : 0 
164562000: system.memobj: Enter Error Bit index: 2 
164562000: system.memobj: flip data : 0101000001000000010110010000000000000000000000000000000000000000 
164562000: system.memobj: -------------------------------------
164632000: system.memobj: mem->cpu Got response for addr 0x144a8 , 83112
164632000: system.memobj: size 0x8
164632000: system.memobj: id 94061725656496
164632000: system.memobj: data_hex : A4C716004885ED74 
164632000: system.memobj: data : 1010010011000111000101100000000001001000100001011110110101110100 
164632000: system.memobj: fix data : 1010010011000111000101100000000001001000100001011110110101110100 
164632000: system.memobj: -------------------------------------
164681000: system.memobj: mem->cpu Got response for addr 0x144a8 , 83112
164681000: system.memobj: size 0x8
164681000: system.memobj: id 94061725655920
164681000: system.memobj: data_hex : A4C716004885ED74 
164681000: system.memobj: data : 1010010011000111000101100000000001001000100001011110110101110100 
164681000: system.memobj: fix data : 1010010011000111000101100000000001001000100001011110110101110100 
164681000: system.memobj: -------------------------------------
164730000: system.memobj: mem->cpu Got response for addr 0x144b0 , 83120
164730000: system.memobj: size 0x8
164730000: system.memobj: id 94061725656496
164730000: system.memobj: data_hex : 1D488B05A8C71600 
164730000: system.memobj: data : 0001110101001000100010110000010110101000110001110001011000000000 
164730000: system.memobj: fix data : 0001110101001000100010110000010110101000110001110001011000000000 
164730000: system.memobj: -------------------------------------
164793000: system.memobj: mem->cpu Got response for addr 0x144b0 , 83120
164793000: system.memobj: size 0x8
164793000: system.memobj: id 94061725655920
164793000: system.memobj: data_hex : 1D488B05A8C71600 
164793000: system.memobj: data : 0001110101001000100010110000010110101000110001110001011000000000 
164793000: system.memobj: fix data : 0001110101001000100010110000010110101000110001110001011000000000 
164793000: system.memobj: -------------------------------------
164842000: system.memobj: mem->cpu Got response for addr 0x80c60 , 527456
164842000: system.memobj: size 0x8
164842000: system.memobj: id 94061725656784
164842000: system.memobj: data_hex : 580C580000000000 
164842000: system.memobj: data : 0101100000001100010110000000000000000000000000000000000000000000 
164842000: system.memobj: fix data : 0101100000001100010110000000000000000000000000000000000000000000 
164842000: system.memobj: -------------------------------------
164891000: system.memobj: mem->cpu Got response for addr 0x144b8 , 83128
164891000: system.memobj: size 0x8
164891000: system.memobj: id 94061725656784
164891000: system.memobj: data_hex : 4889284889450848 
164891000: system.memobj: data : 0100100010001001001010000100100010001001010001010000100001001000 
164891000: system.memobj: fix data : 0100100010001001001010000100100010001001010001010000100001001000 
164891000: system.memobj: -------------------------------------
164891000: system.memobj: cpu->mem Got request for addr 0x80c58 , 527448
164891000: system.memobj: size 0x8
164891000: system.memobj: id 94061725657072
164891000: system.memobj: data_hex : 4040590000000000 
164891000: system.memobj: data : 0100000001000000010110010000000000000000000000000000000000000000 
164891000: system.memobj: hamming code addr: 527448 
164891000: system.memobj: hamming code : 5 
164891000: system.memobj: hamming code addr: 527456 
164891000: system.memobj: hamming code : 5 
164891000: system.memobj: hamming code addr: 527464 
164891000: system.memobj: hamming code : 7 
164891000: system.memobj: hamming code addr: 527472 
164891000: system.memobj: hamming code : 0 
164891000: system.memobj: hamming code addr: 527480 
164891000: system.memobj: hamming code : 0 
164891000: system.memobj: hamming code addr: 527488 
164891000: system.memobj: hamming code : 0 
164891000: system.memobj: hamming code addr: 527496 
164891000: system.memobj: hamming code : 0 
164891000: system.memobj: hamming code addr: 527504 
164891000: system.memobj: hamming code : 0 
164891000: system.memobj: Enter Error Bit index: 5 
164891000: system.memobj: flip data : 0100100001000000010110010000000000000000000000000000000000000000 
164891000: system.memobj: -------------------------------------
164961000: system.memobj: mem->cpu Got response for addr 0x144b8 , 83128
164961000: system.memobj: size 0x8
164961000: system.memobj: id 94061725657072
164961000: system.memobj: data_hex : 4889284889450848 
164961000: system.memobj: data : 0100100010001001001010000100100010001001010001010000100001001000 
164961000: system.memobj: fix data : 0100100010001001001010000100100010001001010001010000100001001000 
164961000: system.memobj: -------------------------------------
164961000: system.memobj: cpu->mem Got request for addr 0x96048 , 614472
164961000: system.memobj: size 0x8
164961000: system.memobj: id 94061725657360
164961000: system.memobj: data_hex : 580C580000000000 
164961000: system.memobj: data : 0101100000001100010110000000000000000000000000000000000000000000 
164961000: system.memobj: hamming code addr: 614472 
164961000: system.memobj: hamming code : 11 
164961000: system.memobj: hamming code addr: 614480 
164961000: system.memobj: hamming code : 3 
164961000: system.memobj: hamming code addr: 614488 
164961000: system.memobj: hamming code : 11 
164961000: system.memobj: hamming code addr: 614496 
164961000: system.memobj: hamming code : 0 
164961000: system.memobj: hamming code addr: 614504 
164961000: system.memobj: hamming code : 0 
164961000: system.memobj: hamming code addr: 614512 
164961000: system.memobj: hamming code : 0 
164961000: system.memobj: hamming code addr: 614520 
164961000: system.memobj: hamming code : 0 
164961000: system.memobj: hamming code addr: 614528 
164961000: system.memobj: hamming code : 0 
164961000: system.memobj: Enter Error Bit index: 7 
164961000: system.memobj: flip data : 0101101000001100010110000000000000000000000000000000000000000000 
164961000: system.memobj: -------------------------------------
165031000: system.memobj: mem->cpu Got response for addr 0x144b8 , 83128
165031000: system.memobj: size 0x8
165031000: system.memobj: id 94061725657360
165031000: system.memobj: data_hex : 4889284889450848 
165031000: system.memobj: data : 0100100010001001001010000100100010001001010001010000100001001000 
165031000: system.memobj: fix data : 0100100010001001001010000100100010001001010001010000100001001000 
165031000: system.memobj: -------------------------------------
165080000: system.memobj: mem->cpu Got response for addr 0x144c0 , 83136
165080000: system.memobj: size 0x8
165080000: system.memobj: id 94061725657072
165080000: system.memobj: data_hex : C74500580C580048 
165080000: system.memobj: data : 1100011101000101000000000101100000001100010110000000000001001000 
165080000: system.memobj: fix data : 1100011101000101000000000101100000001100010110000000000001001000 
165080000: system.memobj: -------------------------------------
165080000: system.memobj: cpu->mem Got request for addr 0x96040 , 614464
165080000: system.memobj: size 0x8
165080000: system.memobj: id 94061725657648
165080000: system.memobj: data_hex : 580C580000000000 
165080000: system.memobj: data : 0101100000001100010110000000000000000000000000000000000000000000 
165080000: system.memobj: hamming code addr: 614464 
165080000: system.memobj: hamming code : 11 
165080000: system.memobj: hamming code addr: 614472 
165080000: system.memobj: hamming code : 3 
165080000: system.memobj: hamming code addr: 614480 
165080000: system.memobj: hamming code : 11 
165080000: system.memobj: hamming code addr: 614488 
165080000: system.memobj: hamming code : 0 
165080000: system.memobj: hamming code addr: 614496 
165080000: system.memobj: hamming code : 0 
165080000: system.memobj: hamming code addr: 614504 
165080000: system.memobj: hamming code : 0 
165080000: system.memobj: hamming code addr: 614512 
165080000: system.memobj: hamming code : 0 
165080000: system.memobj: hamming code addr: 614520 
165080000: system.memobj: hamming code : 0 
165080000: system.memobj: Enter Error Bit index: 4 
165080000: system.memobj: flip data : 0100100000001100010110000000000000000000000000000000000000000000 
165080000: system.memobj: -------------------------------------
165150000: system.memobj: mem->cpu Got response for addr 0x144c0 , 83136
165150000: system.memobj: size 0x8
165150000: system.memobj: id 94061725657648
165150000: system.memobj: data_hex : C74500580C580048 
165150000: system.memobj: data : 1100011101000101000000000101100000001100010110000000000001001000 
165150000: system.memobj: fix data : 1100011101000101000000000101100000001100010110000000000001001000 
165150000: system.memobj: -------------------------------------
165199000: system.memobj: mem->cpu Got response for addr 0x144c8 , 83144
165199000: system.memobj: size 0x8
165199000: system.memobj: id 94061725657072
165199000: system.memobj: data_hex : 892D92C716004D85 
165199000: system.memobj: data : 1000100100101101100100101100011100010110000000000100110110000101 
165199000: system.memobj: fix data : 1000100100101101100100101100011100010110000000000100110110000101 
165199000: system.memobj: -------------------------------------
165199000: system.memobj: cpu->mem Got request for addr 0x80c60 , 527456
165199000: system.memobj: size 0x8
165199000: system.memobj: id 94061725657936
165199000: system.memobj: data_hex : 4040590000000000 
165199000: system.memobj: data : 0100000001000000010110010000000000000000000000000000000000000000 
165199000: system.memobj: hamming code addr: 527456 
165199000: system.memobj: hamming code : 5 
165199000: system.memobj: hamming code addr: 527464 
165199000: system.memobj: hamming code : 5 
165199000: system.memobj: hamming code addr: 527472 
165199000: system.memobj: hamming code : 7 
165199000: system.memobj: hamming code addr: 527480 
165199000: system.memobj: hamming code : 0 
165199000: system.memobj: hamming code addr: 527488 
165199000: system.memobj: hamming code : 0 
165199000: system.memobj: hamming code addr: 527496 
165199000: system.memobj: hamming code : 0 
165199000: system.memobj: hamming code addr: 527504 
165199000: system.memobj: hamming code : 0 
165199000: system.memobj: hamming code addr: 527512 
165199000: system.memobj: hamming code : 0 
165199000: system.memobj: Enter Error Bit index: 6 
165199000: system.memobj: flip data : 0100010001000000010110010000000000000000000000000000000000000000 
165199000: system.memobj: -------------------------------------
165269000: system.memobj: mem->cpu Got response for addr 0x144c8 , 83144
165269000: system.memobj: size 0x8
165269000: system.memobj: id 94061725657936
165269000: system.memobj: data_hex : 892D92C716004D85 
165269000: system.memobj: data : 1000100100101101100100101100011100010110000000000100110110000101 
165269000: system.memobj: fix data : 1000100100101101100100101100011100010110000000000100110110000101 
165269000: system.memobj: -------------------------------------
165318000: system.memobj: mem->cpu Got response for addr 0x144d0 , 83152
165318000: system.memobj: size 0x8
165318000: system.memobj: id 94061725657072
165318000: system.memobj: data_hex : E4741E488B0596C7 
165318000: system.memobj: data : 1110010001110100000111100100100010001011000001011001011011000111 
165318000: system.memobj: fix data : 1110010001110100000111100100100010001011000001011001011011000111 
165318000: system.memobj: -------------------------------------
165367000: system.memobj: mem->cpu Got response for addr 0x144d0 , 83152
165367000: system.memobj: size 0x8
165367000: system.memobj: id 94061725657936
165367000: system.memobj: data_hex : E4741E488B0596C7 
165367000: system.memobj: data : 1110010001110100000111100100100010001011000001011001011011000111 
165367000: system.memobj: fix data : 1110010001110100000111100100100010001011000001011001011011000111 
165367000: system.memobj: -------------------------------------
165416000: system.memobj: mem->cpu Got response for addr 0x144d0 , 83152
165416000: system.memobj: size 0x8
165416000: system.memobj: id 94061725657072
165416000: system.memobj: data_hex : E4741E488B0596C7 
165416000: system.memobj: data : 1110010001110100000111100100100010001011000001011001011011000111 
165416000: system.memobj: fix data : 1110010001110100000111100100100010001011000001011001011011000111 
165416000: system.memobj: -------------------------------------
165465000: system.memobj: mem->cpu Got response for addr 0x144d8 , 83160
165465000: system.memobj: size 0x8
165465000: system.memobj: id 94061725657936
165465000: system.memobj: data_hex : 16004C8920498944 
165465000: system.memobj: data : 0001011000000000010011001000100100100000010010011000100101000100 
165465000: system.memobj: fix data : 0001011000000000010011001000100100100000010010011000100101000100 
165465000: system.memobj: -------------------------------------
165514000: system.memobj: mem->cpu Got response for addr 0x80c70 , 527472
165514000: system.memobj: size 0x8
165514000: system.memobj: id 94061725658224
165514000: system.memobj: data_hex : 680C580000000000 
165514000: system.memobj: data : 0110100000001100010110000000000000000000000000000000000000000000 
165514000: system.memobj: fix data : 0110100000001100010110000000000000000000000000000000000000000000 
165514000: system.memobj: -------------------------------------
165563000: system.memobj: mem->cpu Got response for addr 0x144d8 , 83160
165563000: system.memobj: size 0x8
165563000: system.memobj: id 94061725658224
165563000: system.memobj: data_hex : 16004C8920498944 
165563000: system.memobj: data : 0001011000000000010011001000100100100000010010011000100101000100 
165563000: system.memobj: fix data : 0001011000000000010011001000100100100000010010011000100101000100 
165563000: system.memobj: -------------------------------------
165563000: system.memobj: cpu->mem Got request for addr 0x80c68 , 527464
165563000: system.memobj: size 0x8
165563000: system.memobj: id 94061725658512
165563000: system.memobj: data_hex : 7040590000000000 
165563000: system.memobj: data : 0111000001000000010110010000000000000000000000000000000000000000 
165563000: system.memobj: hamming code addr: 527464 
165563000: system.memobj: hamming code : 4 
165563000: system.memobj: hamming code addr: 527472 
165563000: system.memobj: hamming code : 5 
165563000: system.memobj: hamming code addr: 527480 
165563000: system.memobj: hamming code : 7 
165563000: system.memobj: hamming code addr: 527488 
165563000: system.memobj: hamming code : 0 
165563000: system.memobj: hamming code addr: 527496 
165563000: system.memobj: hamming code : 0 
165563000: system.memobj: hamming code addr: 527504 
165563000: system.memobj: hamming code : 0 
165563000: system.memobj: hamming code addr: 527512 
165563000: system.memobj: hamming code : 0 
165563000: system.memobj: hamming code addr: 527520 
165563000: system.memobj: hamming code : 0 
165563000: system.memobj: Enter Error Bit index: 2 
165563000: system.memobj: flip data : 0011000001000000010110010000000000000000000000000000000000000000 
165563000: system.memobj: -------------------------------------
165633000: system.memobj: mem->cpu Got response for addr 0x144d8 , 83160
165633000: system.memobj: size 0x8
165633000: system.memobj: id 94061725658512
165633000: system.memobj: data_hex : 16004C8920498944 
165633000: system.memobj: data : 0001011000000000010011001000100100100000010010011000100101000100 
165633000: system.memobj: fix data : 0001011000000000010011001000100100100000010010011000100101000100 
165633000: system.memobj: -------------------------------------
165682000: system.memobj: mem->cpu Got response for addr 0x144e0 , 83168
165682000: system.memobj: size 0x8
165682000: system.memobj: id 94061725658224
165682000: system.memobj: data_hex : 240849C70424680C 
165682000: system.memobj: data : 0010010000001000010010011100011100000100001001000110100000001100 
165682000: system.memobj: fix data : 0010010000001000010010011100011100000100001001000110100000001100 
165682000: system.memobj: -------------------------------------
165682000: system.memobj: cpu->mem Got request for addr 0x96078 , 614520
165682000: system.memobj: size 0x8
165682000: system.memobj: id 94061725658512
165682000: system.memobj: data_hex : 680C580000000000 
165682000: system.memobj: data : 0110100000001100010110000000000000000000000000000000000000000000 
165682000: system.memobj: hamming code addr: 614520 
165682000: system.memobj: hamming code : 10 
165682000: system.memobj: hamming code addr: 614528 
165682000: system.memobj: hamming code : 3 
165682000: system.memobj: hamming code addr: 614536 
165682000: system.memobj: hamming code : 11 
165682000: system.memobj: hamming code addr: 614544 
165682000: system.memobj: hamming code : 0 
165682000: system.memobj: hamming code addr: 614552 
165682000: system.memobj: hamming code : 0 
165682000: system.memobj: hamming code addr: 614560 
165682000: system.memobj: hamming code : 0 
165682000: system.memobj: hamming code addr: 614568 
165682000: system.memobj: hamming code : 0 
165682000: system.memobj: hamming code addr: 614576 
165682000: system.memobj: hamming code : 0 
165682000: system.memobj: Enter Error Bit index: 8 
165682000: system.memobj: flip data : 0110100100001100010110000000000000000000000000000000000000000000 
165682000: system.memobj: -------------------------------------
165752000: system.memobj: mem->cpu Got response for addr 0x144e0 , 83168
165752000: system.memobj: size 0x8
165752000: system.memobj: id 94061725658512
165752000: system.memobj: data_hex : 240849C70424680C 
165752000: system.memobj: data : 0010010000001000010010011100011100000100001001000110100000001100 
165752000: system.memobj: fix data : 0010010000001000010010011100011100000100001001000110100000001100 
165752000: system.memobj: -------------------------------------
165815000: system.memobj: mem->cpu Got response for addr 0x144e8 , 83176
165815000: system.memobj: size 0x8
165815000: system.memobj: id 94061725658224
165815000: system.memobj: data_hex : 58004C89257FC716 
165815000: system.memobj: data : 0101100000000000010011001000100100100101011111111100011100010110 
165815000: system.memobj: fix data : 0101100000000000010011001000100100100101011111111100011100010110 
165815000: system.memobj: -------------------------------------
165815000: system.memobj: cpu->mem Got request for addr 0x96070 , 614512
165815000: system.memobj: size 0x8
165815000: system.memobj: id 94061725658800
165815000: system.memobj: data_hex : 680C580000000000 
165815000: system.memobj: data : 0110100000001100010110000000000000000000000000000000000000000000 
165815000: system.memobj: hamming code addr: 614512 
165815000: system.memobj: hamming code : 10 
165815000: system.memobj: hamming code addr: 614520 
165815000: system.memobj: hamming code : 3 
165815000: system.memobj: hamming code addr: 614528 
165815000: system.memobj: hamming code : 11 
165815000: system.memobj: hamming code addr: 614536 
165815000: system.memobj: hamming code : 0 
165815000: system.memobj: hamming code addr: 614544 
165815000: system.memobj: hamming code : 0 
165815000: system.memobj: hamming code addr: 614552 
165815000: system.memobj: hamming code : 0 
165815000: system.memobj: hamming code addr: 614560 
165815000: system.memobj: hamming code : 0 
165815000: system.memobj: hamming code addr: 614568 
165815000: system.memobj: hamming code : 0 
165815000: system.memobj: Enter Error Bit index: 5 
165815000: system.memobj: flip data : 0110000000001100010110000000000000000000000000000000000000000000 
165815000: system.memobj: -------------------------------------
165885000: system.memobj: mem->cpu Got response for addr 0x144e8 , 83176
165885000: system.memobj: size 0x8
165885000: system.memobj: id 94061725658800
165885000: system.memobj: data_hex : 58004C89257FC716 
165885000: system.memobj: data : 0101100000000000010011001000100100100101011111111100011100010110 
165885000: system.memobj: fix data : 0101100000000000010011001000100100100101011111111100011100010110 
165885000: system.memobj: -------------------------------------
165934000: system.memobj: mem->cpu Got response for addr 0x144f0 , 83184
165934000: system.memobj: size 0x8
165934000: system.memobj: id 94061725658224
165934000: system.memobj: data_hex : 00B8000000004885 
165934000: system.memobj: data : 0000000010111000000000000000000000000000000000000100100010000101 
165934000: system.memobj: fix data : 0000000010111000000000000000000000000000000000000100100010000101 
165934000: system.memobj: -------------------------------------
165934000: system.memobj: cpu->mem Got request for addr 0x80c70 , 527472
165934000: system.memobj: size 0x8
165934000: system.memobj: id 94061725659088
165934000: system.memobj: data_hex : 7040590000000000 
165934000: system.memobj: data : 0111000001000000010110010000000000000000000000000000000000000000 
165934000: system.memobj: hamming code addr: 527472 
165934000: system.memobj: hamming code : 4 
165934000: system.memobj: hamming code addr: 527480 
165934000: system.memobj: hamming code : 5 
165934000: system.memobj: hamming code addr: 527488 
165934000: system.memobj: hamming code : 7 
165934000: system.memobj: hamming code addr: 527496 
165934000: system.memobj: hamming code : 0 
165934000: system.memobj: hamming code addr: 527504 
165934000: system.memobj: hamming code : 0 
165934000: system.memobj: hamming code addr: 527512 
165934000: system.memobj: hamming code : 0 
165934000: system.memobj: hamming code addr: 527520 
165934000: system.memobj: hamming code : 0 
165934000: system.memobj: hamming code addr: 527528 
165934000: system.memobj: hamming code : 0 
165934000: system.memobj: Enter Error Bit index: 5 
165934000: system.memobj: flip data : 0111100001000000010110010000000000000000000000000000000000000000 
165934000: system.memobj: -------------------------------------
166004000: system.memobj: mem->cpu Got response for addr 0x144f0 , 83184
166004000: system.memobj: size 0x8
166004000: system.memobj: id 94061725659088
166004000: system.memobj: data_hex : 00B8000000004885 
166004000: system.memobj: data : 0000000010111000000000000000000000000000000000000100100010000101 
166004000: system.memobj: fix data : 0000000010111000000000000000000000000000000000000100100010000101 
166004000: system.memobj: -------------------------------------
166053000: system.memobj: mem->cpu Got response for addr 0x144f0 , 83184
166053000: system.memobj: size 0x8
166053000: system.memobj: id 94061725658224
166053000: system.memobj: data_hex : 00B8000000004885 
166053000: system.memobj: data : 0000000010111000000000000000000000000000000000000100100010000101 
166053000: system.memobj: fix data : 0000000010111000000000000000000000000000000000000100100010000101 
166053000: system.memobj: -------------------------------------
166102000: system.memobj: mem->cpu Got response for addr 0x144f8 , 83192
166102000: system.memobj: size 0x8
166102000: system.memobj: id 94061725659088
166102000: system.memobj: data_hex : C0740ABF200C5800 
166102000: system.memobj: data : 1100000001110100000010101011111100100000000011000101100000000000 
166102000: system.memobj: fix data : 1100000001110100000010101011111100100000000011000101100000000000 
166102000: system.memobj: -------------------------------------
166151000: system.memobj: mem->cpu Got response for addr 0x144f8 , 83192
166151000: system.memobj: size 0x8
166151000: system.memobj: id 94061725658224
166151000: system.memobj: data_hex : C0740ABF200C5800 
166151000: system.memobj: data : 1100000001110100000010101011111100100000000011000101100000000000 
166151000: system.memobj: fix data : 1100000001110100000010101011111100100000000011000101100000000000 
166151000: system.memobj: -------------------------------------
166200000: system.memobj: mem->cpu Got response for addr 0x14500 , 83200
166200000: system.memobj: size 0x8
166200000: system.memobj: id 94061725659088
166200000: system.memobj: data_hex : E8FBBABEFF31C048 
166200000: system.memobj: data : 1110100011111011101110101011111011111111001100011100000001001000 
166200000: system.memobj: fix data : 1110100011111011101110101011111011111111001100011100000001001000 
166200000: system.memobj: -------------------------------------
166249000: system.memobj: mem->cpu Got response for addr 0x14500 , 83200
166249000: system.memobj: size 0x8
166249000: system.memobj: id 94061725658224
166249000: system.memobj: data_hex : E8FBBABEFF31C048 
166249000: system.memobj: data : 1110100011111011101110101011111011111111001100011100000001001000 
166249000: system.memobj: fix data : 1110100011111011101110101011111011111111001100011100000001001000 
166249000: system.memobj: -------------------------------------
166298000: system.memobj: mem->cpu Got response for addr 0x14508 , 83208
166298000: system.memobj: size 0x8
166298000: system.memobj: id 94061725659088
166298000: system.memobj: data_hex : 8B5C2408488B6C24 
166298000: system.memobj: data : 1000101101011100001001000000100001001000100010110110110000100100 
166298000: system.memobj: fix data : 1000101101011100001001000000100001001000100010110110110000100100 
166298000: system.memobj: -------------------------------------
166375000: system.memobj: mem->cpu Got response for addr 0x94a98 , 608920
166375000: system.memobj: size 0x8
166375000: system.memobj: id 94061725658224
166375000: system.memobj: data_hex : 2000000000000000 
166375000: system.memobj: data : 0010000000000000000000000000000000000000000000000000000000000000 
166375000: system.memobj: hamming code addr: 608920 
166375000: system.memobj: hamming code out: 0 
166375000: system.memobj: find Error Bit index : 3 
166375000: system.memobj: hamming code addr: 608928 
166375000: system.memobj: hamming code out: 0 
166375000: system.memobj: hamming code addr: 608936 
166375000: system.memobj: hamming code out: 0 
166375000: system.memobj: hamming code addr: 608944 
166375000: system.memobj: hamming code out: 0 
166375000: system.memobj: hamming code addr: 608952 
166375000: system.memobj: hamming code out: 0 
166375000: system.memobj: hamming code addr: 608960 
166375000: system.memobj: hamming code out: 0 
166375000: system.memobj: hamming code addr: 608968 
166375000: system.memobj: hamming code out: 0 
166375000: system.memobj: hamming code addr: 608976 
166375000: system.memobj: hamming code out: 0 
166375000: system.memobj: fix data : 0000000000000000000000000000000000000000000000000000000000000000 
166375000: system.memobj: -------------------------------------
166452000: system.memobj: mem->cpu Got response for addr 0x14508 , 83208
166452000: system.memobj: size 0x8
166452000: system.memobj: id 94061725658224
166452000: system.memobj: data_hex : 8B5C2408488B6C24 
166452000: system.memobj: data : 1000101101011100001001000000100001001000100010110110110000100100 
166452000: system.memobj: fix data : 1000101101011100001001000000100001001000100010110110110000100100 
166452000: system.memobj: -------------------------------------
166501000: system.memobj: mem->cpu Got response for addr 0x14510 , 83216
166501000: system.memobj: size 0x8
166501000: system.memobj: id 94061725659088
166501000: system.memobj: data_hex : 104C8B6424184C8B 
166501000: system.memobj: data : 0001000001001100100010110110010000100100000110000100110010001011 
166501000: system.memobj: fix data : 0001000001001100100010110110010000100100000110000100110010001011 
166501000: system.memobj: -------------------------------------
166578000: system.memobj: mem->cpu Got response for addr 0x94aa0 , 608928
166578000: system.memobj: size 0x8
166578000: system.memobj: id 94061725658224
166578000: system.memobj: data_hex : 20EBFFFFFF7F0000 
166578000: system.memobj: data : 0010000011101011111111111111111111111111011111110000000000000000 
166578000: system.memobj: hamming code addr: 608928 
166578000: system.memobj: hamming code out: 1 
166578000: system.memobj: find Error Bit index : 4 
166578000: system.memobj: hamming code addr: 608936 
166578000: system.memobj: hamming code out: 14 
166578000: system.memobj: hamming code addr: 608944 
166578000: system.memobj: hamming code out: 3 
166578000: system.memobj: hamming code addr: 608952 
166578000: system.memobj: hamming code out: 3 
166578000: system.memobj: hamming code addr: 608960 
166578000: system.memobj: hamming code out: 3 
166578000: system.memobj: hamming code addr: 608968 
166578000: system.memobj: hamming code out: 0 
166578000: system.memobj: hamming code addr: 608976 
166578000: system.memobj: hamming code out: 0 
166578000: system.memobj: hamming code addr: 608984 
166578000: system.memobj: hamming code out: 0 
166578000: system.memobj: fix data : 0011000011101011111111111111111111111111011111110000000000000000 
166578000: system.memobj: -------------------------------------
166655000: system.memobj: mem->cpu Got response for addr 0x14510 , 83216
166655000: system.memobj: size 0x8
166655000: system.memobj: id 94061725658224
166655000: system.memobj: data_hex : 104C8B6424184C8B 
166655000: system.memobj: data : 0001000001001100100010110110010000100100000110000100110010001011 
166655000: system.memobj: fix data : 0001000001001100100010110110010000100100000110000100110010001011 
166655000: system.memobj: -------------------------------------
166732000: system.memobj: mem->cpu Got response for addr 0x94aa8 , 608936
166732000: system.memobj: size 0x8
166732000: system.memobj: id 94061725659088
166732000: system.memobj: data_hex : 4100000000000000 
166732000: system.memobj: data : 0100000100000000000000000000000000000000000000000000000000000000 
166732000: system.memobj: hamming code addr: 608936 
166732000: system.memobj: hamming code out: 12 
166732000: system.memobj: find Error Bit index : 2 
166732000: system.memobj: hamming code addr: 608944 
166732000: system.memobj: hamming code out: 0 
166732000: system.memobj: hamming code addr: 608952 
166732000: system.memobj: hamming code out: 0 
166732000: system.memobj: hamming code addr: 608960 
166732000: system.memobj: hamming code out: 0 
166732000: system.memobj: hamming code addr: 608968 
166732000: system.memobj: hamming code out: 0 
166732000: system.memobj: hamming code addr: 608976 
166732000: system.memobj: hamming code out: 0 
166732000: system.memobj: hamming code addr: 608984 
166732000: system.memobj: hamming code out: 0 
166732000: system.memobj: hamming code addr: 608992 
166732000: system.memobj: hamming code out: 0 
166732000: system.memobj: fix data : 0000000100000000000000000000000000000000000000000000000000000000 
166732000: system.memobj: -------------------------------------
166809000: system.memobj: mem->cpu Got response for addr 0x14510 , 83216
166809000: system.memobj: size 0x8
166809000: system.memobj: id 94061725659088
166809000: system.memobj: data_hex : 104C8B6424184C8B 
166809000: system.memobj: data : 0001000001001100100010110110010000100100000110000100110010001011 
166809000: system.memobj: fix data : 0001000001001100100010110110010000100100000110000100110010001011 
166809000: system.memobj: -------------------------------------
166858000: system.memobj: mem->cpu Got response for addr 0x14518 , 83224
166858000: system.memobj: size 0x8
166858000: system.memobj: id 94061725658224
166858000: system.memobj: data_hex : 6C24204C8B742428 
166858000: system.memobj: data : 0110110000100100001000000100110010001011011101000010010000101000 
166858000: system.memobj: fix data : 0110110000100100001000000100110010001011011101000010010000101000 
166858000: system.memobj: -------------------------------------
166935000: system.memobj: mem->cpu Got response for addr 0x94ab0 , 608944
166935000: system.memobj: size 0x8
166935000: system.memobj: id 94061725659088
166935000: system.memobj: data_hex : 4000000000000000 
166935000: system.memobj: data : 0100000000000000000000000000000000000000000000000000000000000000 
166935000: system.memobj: hamming code addr: 608944 
166935000: system.memobj: hamming code out: 0 
166935000: system.memobj: find Error Bit index : 2 
166935000: system.memobj: hamming code addr: 608952 
166935000: system.memobj: hamming code out: 0 
166935000: system.memobj: hamming code addr: 608960 
166935000: system.memobj: hamming code out: 0 
166935000: system.memobj: hamming code addr: 608968 
166935000: system.memobj: hamming code out: 0 
166935000: system.memobj: hamming code addr: 608976 
166935000: system.memobj: hamming code out: 0 
166935000: system.memobj: hamming code addr: 608984 
166935000: system.memobj: hamming code out: 0 
166935000: system.memobj: hamming code addr: 608992 
166935000: system.memobj: hamming code out: 0 
166935000: system.memobj: hamming code addr: 609000 
166935000: system.memobj: hamming code out: 0 
166935000: system.memobj: fix data : 0000000000000000000000000000000000000000000000000000000000000000 
166935000: system.memobj: -------------------------------------
167012000: system.memobj: mem->cpu Got response for addr 0x14518 , 83224
167012000: system.memobj: size 0x8
167012000: system.memobj: id 94061725659088
167012000: system.memobj: data_hex : 6C24204C8B742428 
167012000: system.memobj: data : 0110110000100100001000000100110010001011011101000010010000101000 
167012000: system.memobj: fix data : 0110110000100100001000000100110010001011011101000010010000101000 
167012000: system.memobj: -------------------------------------
167089000: system.memobj: mem->cpu Got response for addr 0x94ab8 , 608952
167089000: system.memobj: size 0x8
167089000: system.memobj: id 94061725659376
167089000: system.memobj: data_hex : DAEDFFFFFF7F0000 
167089000: system.memobj: data : 1101101011101101111111111111111111111111011111110000000000000000 
167089000: system.memobj: hamming code addr: 608952 
167089000: system.memobj: hamming code out: 8 
167089000: system.memobj: find Error Bit index : 7 
167089000: system.memobj: hamming code addr: 608960 
167089000: system.memobj: hamming code out: 15 
167089000: system.memobj: hamming code addr: 608968 
167089000: system.memobj: hamming code out: 3 
167089000: system.memobj: hamming code addr: 608976 
167089000: system.memobj: hamming code out: 3 
167089000: system.memobj: hamming code addr: 608984 
167089000: system.memobj: hamming code out: 3 
167089000: system.memobj: hamming code addr: 608992 
167089000: system.memobj: hamming code out: 0 
167089000: system.memobj: hamming code addr: 609000 
167089000: system.memobj: hamming code out: 0 
167089000: system.memobj: hamming code addr: 609008 
167089000: system.memobj: hamming code out: 0 
167089000: system.memobj: fix data : 1101100011101101111111111111111111111111011111110000000000000000 
167089000: system.memobj: -------------------------------------
167166000: system.memobj: mem->cpu Got response for addr 0x14520 , 83232
167166000: system.memobj: size 0x8
167166000: system.memobj: id 94061725659376
167166000: system.memobj: data_hex : 4C8B7C24304883C4 
167166000: system.memobj: data : 0100110010001011011111000010010000110000010010001000001111000100 
167166000: system.memobj: fix data : 0100110010001011011111000010010000110000010010001000001111000100 
167166000: system.memobj: -------------------------------------
167243000: system.memobj: mem->cpu Got response for addr 0x94ac0 , 608960
167243000: system.memobj: size 0x8
167243000: system.memobj: id 94061725659664
167243000: system.memobj: data_hex : 0400000000000000 
167243000: system.memobj: data : 0000010000000000000000000000000000000000000000000000000000000000 
167243000: system.memobj: hamming code addr: 608960 
167243000: system.memobj: hamming code out: 0 
167243000: system.memobj: find Error Bit index : 6 
167243000: system.memobj: hamming code addr: 608968 
167243000: system.memobj: hamming code out: 0 
167243000: system.memobj: hamming code addr: 608976 
167243000: system.memobj: hamming code out: 0 
167243000: system.memobj: hamming code addr: 608984 
167243000: system.memobj: hamming code out: 0 
167243000: system.memobj: hamming code addr: 608992 
167243000: system.memobj: hamming code out: 0 
167243000: system.memobj: hamming code addr: 609000 
167243000: system.memobj: hamming code out: 0 
167243000: system.memobj: hamming code addr: 609008 
167243000: system.memobj: hamming code out: 0 
167243000: system.memobj: hamming code addr: 609016 
167243000: system.memobj: hamming code out: 0 
167243000: system.memobj: fix data : 0000000000000000000000000000000000000000000000000000000000000000 
167243000: system.memobj: -------------------------------------
167320000: system.memobj: mem->cpu Got response for addr 0x14520 , 83232
167320000: system.memobj: size 0x8
167320000: system.memobj: id 94061725659664
167320000: system.memobj: data_hex : 4C8B7C24304883C4 
167320000: system.memobj: data : 0100110010001011011111000010010000110000010010001000001111000100 
167320000: system.memobj: fix data : 0100110010001011011111000010010000110000010010001000001111000100 
167320000: system.memobj: -------------------------------------
167369000: system.memobj: mem->cpu Got response for addr 0x14528 , 83240
167369000: system.memobj: size 0x8
167369000: system.memobj: id 94061725659376
167369000: system.memobj: data_hex : 38C34889EFE87E97 
167369000: system.memobj: data : 0011100011000011010010001000100111101111111010000111111010010111 
167369000: system.memobj: fix data : 0011100011000011010010001000100111101111111010000111111010010111 
167369000: system.memobj: -------------------------------------
167418000: system.memobj: mem->cpu Got response for addr 0x14528 , 83240
167418000: system.memobj: size 0x8
167418000: system.memobj: id 94061725659664
167418000: system.memobj: data_hex : 38C34889EFE87E97 
167418000: system.memobj: data : 0011100011000011010010001000100111101111111010000111111010010111 
167418000: system.memobj: fix data : 0011100011000011010010001000100111101111111010000111111010010111 
167418000: system.memobj: -------------------------------------
167495000: system.memobj: mem->cpu Got response for addr 0x94ac8 , 608968
167495000: system.memobj: size 0x8
167495000: system.memobj: id 94061725659376
167495000: system.memobj: data_hex : AB03410000000000 
167495000: system.memobj: data : 1010101100000011010000010000000000000000000000000000000000000000 
167495000: system.memobj: hamming code addr: 608968 
167495000: system.memobj: hamming code out: 13 
167495000: system.memobj: find Error Bit index : 3 
167495000: system.memobj: hamming code addr: 608976 
167495000: system.memobj: hamming code out: 7 
167495000: system.memobj: hamming code addr: 608984 
167495000: system.memobj: hamming code out: 9 
167495000: system.memobj: hamming code addr: 608992 
167495000: system.memobj: hamming code out: 0 
167495000: system.memobj: hamming code addr: 609000 
167495000: system.memobj: hamming code out: 0 
167495000: system.memobj: hamming code addr: 609008 
167495000: system.memobj: hamming code out: 0 
167495000: system.memobj: hamming code addr: 609016 
167495000: system.memobj: hamming code out: 0 
167495000: system.memobj: hamming code addr: 609024 
167495000: system.memobj: hamming code out: 0 
167495000: system.memobj: fix data : 1000101100000011010000010000000000000000000000000000000000000000 
167495000: system.memobj: -------------------------------------
167558000: system.memobj: mem->cpu Got response for addr 0x10388 , 66440
167558000: system.memobj: size 0x8
167558000: system.memobj: id 94061725659376
167558000: system.memobj: data_hex : 400000488B05662A 
167558000: system.memobj: data : 0100000000000000000000000100100010001011000001010110011000101010 
167558000: system.memobj: fix data : 0100000000000000000000000100100010001011000001010110011000101010 
167558000: system.memobj: -------------------------------------
167607000: system.memobj: mem->cpu Got response for addr 0x10390 , 66448
167607000: system.memobj: size 0x8
167607000: system.memobj: id 94061725659664
167607000: system.memobj: data_hex : 180031DB8B2D66F6 
167607000: system.memobj: data : 0001100000000000001100011101101110001011001011010110011011110110 
167607000: system.memobj: fix data : 0001100000000000001100011101101110001011001011010110011011110110 
167607000: system.memobj: -------------------------------------
167670000: system.memobj: mem->cpu Got response for addr 0x92df8 , 601592
167670000: system.memobj: size 0x8
167670000: system.memobj: id 94061725659952
167670000: system.memobj: data_hex : A8EDFFFFFF7F0000 
167670000: system.memobj: data : 1010100011101101111111111111111111111111011111110000000000000000 
167670000: system.memobj: hamming code addr: 601592 
167670000: system.memobj: hamming code out: 9 
167670000: system.memobj: find Error Bit index : 2 
167670000: system.memobj: hamming code addr: 601600 
167670000: system.memobj: hamming code out: 15 
167670000: system.memobj: hamming code addr: 601608 
167670000: system.memobj: hamming code out: 3 
167670000: system.memobj: hamming code addr: 601616 
167670000: system.memobj: hamming code out: 3 
167670000: system.memobj: hamming code addr: 601624 
167670000: system.memobj: hamming code out: 3 
167670000: system.memobj: hamming code addr: 601632 
167670000: system.memobj: hamming code out: 0 
167670000: system.memobj: hamming code addr: 601640 
167670000: system.memobj: hamming code out: 0 
167670000: system.memobj: hamming code addr: 601648 
167670000: system.memobj: hamming code out: 0 
167670000: system.memobj: fix data : 1110100011101101111111111111111111111111011111110000000000000000 
167670000: system.memobj: -------------------------------------
167719000: system.memobj: mem->cpu Got response for addr 0x10390 , 66448
167719000: system.memobj: size 0x8
167719000: system.memobj: id 94061725659952
167719000: system.memobj: data_hex : 180031DB8B2D66F6 
167719000: system.memobj: data : 0001100000000000001100011101101110001011001011010110011011110110 
167719000: system.memobj: fix data : 0001100000000000001100011101101110001011001011010110011011110110 
167719000: system.memobj: -------------------------------------
167768000: system.memobj: mem->cpu Got response for addr 0x10390 , 66448
167768000: system.memobj: size 0x8
167768000: system.memobj: id 94061725659664
167768000: system.memobj: data_hex : 180031DB8B2D66F6 
167768000: system.memobj: data : 0001100000000000001100011101101110001011001011010110011011110110 
167768000: system.memobj: fix data : 0001100000000000001100011101101110001011001011010110011011110110 
167768000: system.memobj: -------------------------------------
167817000: system.memobj: mem->cpu Got response for addr 0x10398 , 66456
167817000: system.memobj: size 0x8
167817000: system.memobj: id 94061725659952
167817000: system.memobj: data_hex : 16004885C00F849C 
167817000: system.memobj: data : 0001011000000000010010001000010111000000000011111000010010011100 
167817000: system.memobj: fix data : 0001011000000000010010001000010111000000000011111000010010011100 
167817000: system.memobj: -------------------------------------
167880000: system.memobj: mem->cpu Got response for addr 0x7fa00 , 522752
167880000: system.memobj: size 0x4
167880000: system.memobj: id 94061725660240
167880000: system.memobj: data_hex : 10000000 
167880000: system.memobj: data : 00010000000000000000000000000000 
167880000: system.memobj: hamming code addr: 522752 
167880000: system.memobj: hamming code out: 0 
167880000: system.memobj: find Error Bit index : 4 
167880000: system.memobj: hamming code addr: 522760 
167880000: system.memobj: hamming code out: 0 
167880000: system.memobj: hamming code addr: 522768 
167880000: system.memobj: hamming code out: 0 
167880000: system.memobj: hamming code addr: 522776 
167880000: system.memobj: hamming code out: 0 
167880000: system.memobj: fix data : 00000000000000000000000000000000 
167880000: system.memobj: -------------------------------------
167929000: system.memobj: mem->cpu Got response for addr 0x10398 , 66456
167929000: system.memobj: size 0x8
167929000: system.memobj: id 94061725660240
167929000: system.memobj: data_hex : 16004885C00F849C 
167929000: system.memobj: data : 0001011000000000010010001000010111000000000011111000010010011100 
167929000: system.memobj: fix data : 0001011000000000010010001000010111000000000011111000010010011100 
167929000: system.memobj: -------------------------------------
167978000: system.memobj: mem->cpu Got response for addr 0x10398 , 66456
167978000: system.memobj: size 0x8
167978000: system.memobj: id 94061725659952
167978000: system.memobj: data_hex : 16004885C00F849C 
167978000: system.memobj: data : 0001011000000000010010001000010111000000000011111000010010011100 
167978000: system.memobj: fix data : 0001011000000000010010001000010111000000000011111000010010011100 
167978000: system.memobj: -------------------------------------
168027000: system.memobj: mem->cpu Got response for addr 0x103a0 , 66464
168027000: system.memobj: size 0x8
168027000: system.memobj: id 94061725660240
168027000: system.memobj: data_hex : 0000004C8D642408 
168027000: system.memobj: data : 0000000000000000000000000100110010001101011001000010010000001000 
168027000: system.memobj: fix data : 0000000000000000000000000100110010001101011001000010010000001000 
168027000: system.memobj: -------------------------------------
168076000: system.memobj: mem->cpu Got response for addr 0x103a0 , 66464
168076000: system.memobj: size 0x8
168076000: system.memobj: id 94061725659952
168076000: system.memobj: data_hex : 0000004C8D642408 
168076000: system.memobj: data : 0000000000000000000000000100110010001101011001000010010000001000 
168076000: system.memobj: fix data : 0000000000000000000000000100110010001101011001000010010000001000 
168076000: system.memobj: -------------------------------------
168125000: system.memobj: mem->cpu Got response for addr 0x103a8 , 66472
168125000: system.memobj: size 0x8
168125000: system.memobj: id 94061725660528
168125000: system.memobj: data_hex : 48894424084889C2 
168125000: system.memobj: data : 0100100010001001010001000010010000001000010010001000100111000010 
168125000: system.memobj: fix data : 0100100010001001010001000010010000001000010010001000100111000010 
168125000: system.memobj: -------------------------------------
168125000: system.memobj: cpu->mem Got request for addr 0x94ad8 , 608984
168125000: system.memobj: size 0x8
168125000: system.memobj: id 94061725660816
168125000: system.memobj: data_hex : E8EDFFFFFF7F0000 
168125000: system.memobj: data : 1110100011101101111111111111111111111111011111110000000000000000 
168125000: system.memobj: hamming code addr: 608984 
168125000: system.memobj: hamming code : 9 
168125000: system.memobj: hamming code addr: 608992 
168125000: system.memobj: hamming code : 15 
168125000: system.memobj: hamming code addr: 609000 
168125000: system.memobj: hamming code : 3 
168125000: system.memobj: hamming code addr: 609008 
168125000: system.memobj: hamming code : 3 
168125000: system.memobj: hamming code addr: 609016 
168125000: system.memobj: hamming code : 3 
168125000: system.memobj: hamming code addr: 609024 
168125000: system.memobj: hamming code : 0 
168125000: system.memobj: hamming code addr: 609032 
168125000: system.memobj: hamming code : 0 
168125000: system.memobj: hamming code addr: 609040 
168125000: system.memobj: hamming code : 0 
168125000: system.memobj: Enter Error Bit index: 4 
168125000: system.memobj: flip data : 1111100011101101111111111111111111111111011111110000000000000000 
168125000: system.memobj: -------------------------------------
168195000: system.memobj: mem->cpu Got response for addr 0x103a8 , 66472
168195000: system.memobj: size 0x8
168195000: system.memobj: id 94061725660816
168195000: system.memobj: data_hex : 48894424084889C2 
168195000: system.memobj: data : 0100100010001001010001000010010000001000010010001000100111000010 
168195000: system.memobj: fix data : 0100100010001001010001000010010000001000010010001000100111000010 
168195000: system.memobj: -------------------------------------
168244000: system.memobj: mem->cpu Got response for addr 0x103b0 , 66480
168244000: system.memobj: size 0x8
168244000: system.memobj: id 94061725660528
168244000: system.memobj: data_hex : 488B024885C07471 
168244000: system.memobj: data : 0100100010001011000000100100100010000101110000000111010001110001 
168244000: system.memobj: fix data : 0100100010001011000000100100100010000101110000000111010001110001 
168244000: system.memobj: -------------------------------------
168293000: system.memobj: mem->cpu Got response for addr 0x94de8 , 609768
168293000: system.memobj: size 0x8
168293000: system.memobj: id 94061725660816
168293000: system.memobj: data_hex : 0000000000000000 
168293000: system.memobj: data : 0000000000000000000000000000000000000000000000000000000000000000 
168293000: system.memobj: fix data : 0000000000000000000000000000000000000000000000000000000000000000 
168293000: system.memobj: -------------------------------------
168342000: system.memobj: mem->cpu Got response for addr 0x103b0 , 66480
168342000: system.memobj: size 0x8
168342000: system.memobj: id 94061725660816
168342000: system.memobj: data_hex : 488B024885C07471 
168342000: system.memobj: data : 0100100010001011000000100100100010000101110000000111010001110001 
168342000: system.memobj: fix data : 0100100010001011000000100100100010000101110000000111010001110001 
168342000: system.memobj: -------------------------------------
168391000: system.memobj: mem->cpu Got response for addr 0x103b0 , 66480
168391000: system.memobj: size 0x8
168391000: system.memobj: id 94061725660528
168391000: system.memobj: data_hex : 488B024885C07471 
168391000: system.memobj: data : 0100100010001011000000100100100010000101110000000111010001110001 
168391000: system.memobj: fix data : 0100100010001011000000100100100010000101110000000111010001110001 
168391000: system.memobj: -------------------------------------
168440000: system.memobj: mem->cpu Got response for addr 0x10428 , 66600
168440000: system.memobj: size 0x8
168440000: system.memobj: id 94061725660816
168440000: system.memobj: data_hex : 604885DB74110FB6 
168440000: system.memobj: data : 0110000001001000100001011101101101110100000100010000111110110110 
168440000: system.memobj: fix data : 0110000001001000100001011101101101110100000100010000111110110110 
168440000: system.memobj: -------------------------------------
168489000: system.memobj: mem->cpu Got response for addr 0x10428 , 66600
168489000: system.memobj: size 0x8
168489000: system.memobj: id 94061725660528
168489000: system.memobj: data_hex : 604885DB74110FB6 
168489000: system.memobj: data : 0110000001001000100001011101101101110100000100010000111110110110 
168489000: system.memobj: fix data : 0110000001001000100001011101101101110100000100010000111110110110 
168489000: system.memobj: -------------------------------------
168552000: system.memobj: mem->cpu Got response for addr 0x10438 , 66616
168552000: system.memobj: size 0x8
168552000: system.memobj: id 94061725660816
168552000: system.memobj: data_hex : 02170085C0752E48 
168552000: system.memobj: data : 0000001000010111000000001000010111000000011101010010111001001000 
168552000: system.memobj: fix data : 0000001000010111000000001000010111000000011101010010111001001000 
168552000: system.memobj: -------------------------------------
168601000: system.memobj: mem->cpu Got response for addr 0x10440 , 66624
168601000: system.memobj: size 0x8
168601000: system.memobj: id 94061725660528
168601000: system.memobj: data_hex : 8B052A2018004885 
168601000: system.memobj: data : 1000101100000101001010100010000000011000000000000100100010000101 
168601000: system.memobj: fix data : 1000101100000101001010100010000000011000000000000100100010000101 
168601000: system.memobj: -------------------------------------
168650000: system.memobj: mem->cpu Got response for addr 0x92470 , 599152
168650000: system.memobj: size 0x8
168650000: system.memobj: id 94061725661104
168650000: system.memobj: data_hex : 0000000000000000 
168650000: system.memobj: data : 0000000000000000000000000000000000000000000000000000000000000000 
168650000: system.memobj: fix data : 0000000000000000000000000000000000000000000000000000000000000000 
168650000: system.memobj: -------------------------------------
168699000: system.memobj: mem->cpu Got response for addr 0x10440 , 66624
168699000: system.memobj: size 0x8
168699000: system.memobj: id 94061725661104
168699000: system.memobj: data_hex : 8B052A2018004885 
168699000: system.memobj: data : 1000101100000101001010100010000000011000000000000100100010000101 
168699000: system.memobj: fix data : 1000101100000101001010100010000000011000000000000100100010000101 
168699000: system.memobj: -------------------------------------
168748000: system.memobj: mem->cpu Got response for addr 0x10448 , 66632
168748000: system.memobj: size 0x8
168748000: system.memobj: id 94061725660528
168748000: system.memobj: data_hex : C0751E488B5C2410 
168748000: system.memobj: data : 1100000001110101000111100100100010001011010111000010010000010000 
168748000: system.memobj: fix data : 1100000001110101000111100100100010001011010111000010010000010000 
168748000: system.memobj: -------------------------------------
168797000: system.memobj: mem->cpu Got response for addr 0x10448 , 66632
168797000: system.memobj: size 0x8
168797000: system.memobj: id 94061725661104
168797000: system.memobj: data_hex : C0751E488B5C2410 
168797000: system.memobj: data : 1100000001110101000111100100100010001011010111000010010000010000 
168797000: system.memobj: fix data : 1100000001110101000111100100100010001011010111000010010000010000 
168797000: system.memobj: -------------------------------------
168846000: system.memobj: mem->cpu Got response for addr 0x10448 , 66632
168846000: system.memobj: size 0x8
168846000: system.memobj: id 94061725660528
168846000: system.memobj: data_hex : C0751E488B5C2410 
168846000: system.memobj: data : 1100000001110101000111100100100010001011010111000010010000010000 
168846000: system.memobj: fix data : 1100000001110101000111100100100010001011010111000010010000010000 
168846000: system.memobj: -------------------------------------
168895000: system.memobj: mem->cpu Got response for addr 0x94ae0 , 608992
168895000: system.memobj: size 0x8
168895000: system.memobj: id 94061725661392
168895000: system.memobj: data_hex : 3800000000000000 
168895000: system.memobj: data : 0011100000000000000000000000000000000000000000000000000000000000 
168895000: system.memobj: hamming code addr: 608992 
168895000: system.memobj: hamming code out: 14 
168895000: system.memobj: find Error Bit index : 3 
168895000: system.memobj: hamming code addr: 609000 
168895000: system.memobj: hamming code out: 0 
168895000: system.memobj: hamming code addr: 609008 
168895000: system.memobj: hamming code out: 0 
168895000: system.memobj: hamming code addr: 609016 
168895000: system.memobj: hamming code out: 0 
168895000: system.memobj: hamming code addr: 609024 
168895000: system.memobj: hamming code out: 0 
168895000: system.memobj: hamming code addr: 609032 
168895000: system.memobj: hamming code out: 0 
168895000: system.memobj: hamming code addr: 609040 
168895000: system.memobj: hamming code out: 0 
168895000: system.memobj: hamming code addr: 609048 
168895000: system.memobj: hamming code out: 0 
168895000: system.memobj: fix data : 0001100000000000000000000000000000000000000000000000000000000000 
168895000: system.memobj: -------------------------------------
168944000: system.memobj: mem->cpu Got response for addr 0x10450 , 66640
168944000: system.memobj: size 0x8
168944000: system.memobj: id 94061725661392
168944000: system.memobj: data_hex : 488B6C24184C8B64 
168944000: system.memobj: data : 0100100010001011011011000010010000011000010011001000101101100100 
168944000: system.memobj: fix data : 0100100010001011011011000010010000011000010011001000101101100100 
168944000: system.memobj: -------------------------------------
168993000: system.memobj: mem->cpu Got response for addr 0x94ae8 , 609000
168993000: system.memobj: size 0x8
168993000: system.memobj: id 94061725661680
168993000: system.memobj: data_hex : 31EBFFFFFF7F0000 
168993000: system.memobj: data : 0011000111101011111111111111111111111111011111110000000000000000 
168993000: system.memobj: hamming code addr: 609000 
168993000: system.memobj: hamming code out: 1 
168993000: system.memobj: find Error Bit index : 8 
168993000: system.memobj: hamming code addr: 609008 
168993000: system.memobj: hamming code out: 14 
168993000: system.memobj: hamming code addr: 609016 
168993000: system.memobj: hamming code out: 3 
168993000: system.memobj: hamming code addr: 609024 
168993000: system.memobj: hamming code out: 3 
168993000: system.memobj: hamming code addr: 609032 
168993000: system.memobj: hamming code out: 3 
168993000: system.memobj: hamming code addr: 609040 
168993000: system.memobj: hamming code out: 0 
168993000: system.memobj: hamming code addr: 609048 
168993000: system.memobj: hamming code out: 0 
168993000: system.memobj: hamming code addr: 609056 
168993000: system.memobj: hamming code out: 0 
168993000: system.memobj: fix data : 0011000011101011111111111111111111111111011111110000000000000000 
168993000: system.memobj: -------------------------------------
169042000: system.memobj: mem->cpu Got response for addr 0x10450 , 66640
169042000: system.memobj: size 0x8
169042000: system.memobj: id 94061725661680
169042000: system.memobj: data_hex : 488B6C24184C8B64 
169042000: system.memobj: data : 0100100010001011011011000010010000011000010011001000101101100100 
169042000: system.memobj: fix data : 0100100010001011011011000010010000011000010011001000101101100100 
169042000: system.memobj: -------------------------------------
169091000: system.memobj: mem->cpu Got response for addr 0x10458 , 66648
169091000: system.memobj: size 0x8
169091000: system.memobj: id 94061725661392
169091000: system.memobj: data_hex : 2420C7057C021700 
169091000: system.memobj: data : 0010010000100000110001110000010101111100000000100001011100000000 
169091000: system.memobj: fix data : 0010010000100000110001110000010101111100000000100001011100000000 
169091000: system.memobj: -------------------------------------
169140000: system.memobj: mem->cpu Got response for addr 0x94af0 , 609008
169140000: system.memobj: size 0x8
169140000: system.memobj: id 94061725661968
169140000: system.memobj: data_hex : 0900000000000000 
169140000: system.memobj: data : 0000100100000000000000000000000000000000000000000000000000000000 
169140000: system.memobj: hamming code addr: 609008 
169140000: system.memobj: hamming code out: 12 
169140000: system.memobj: find Error Bit index : 5 
169140000: system.memobj: hamming code addr: 609016 
169140000: system.memobj: hamming code out: 0 
169140000: system.memobj: hamming code addr: 609024 
169140000: system.memobj: hamming code out: 0 
169140000: system.memobj: hamming code addr: 609032 
169140000: system.memobj: hamming code out: 0 
169140000: system.memobj: hamming code addr: 609040 
169140000: system.memobj: hamming code out: 0 
169140000: system.memobj: hamming code addr: 609048 
169140000: system.memobj: hamming code out: 0 
169140000: system.memobj: hamming code addr: 609056 
169140000: system.memobj: hamming code out: 0 
169140000: system.memobj: hamming code addr: 609064 
169140000: system.memobj: hamming code out: 0 
169140000: system.memobj: fix data : 0000000100000000000000000000000000000000000000000000000000000000 
169140000: system.memobj: -------------------------------------
169189000: system.memobj: mem->cpu Got response for addr 0x10458 , 66648
169189000: system.memobj: size 0x8
169189000: system.memobj: id 94061725661968
169189000: system.memobj: data_hex : 2420C7057C021700 
169189000: system.memobj: data : 0010010000100000110001110000010101111100000000100001011100000000 
169189000: system.memobj: fix data : 0010010000100000110001110000010101111100000000100001011100000000 
169189000: system.memobj: -------------------------------------
169238000: system.memobj: mem->cpu Got response for addr 0x10460 , 66656
169238000: system.memobj: size 0x8
169238000: system.memobj: id 94061725661392
169238000: system.memobj: data_hex : 010000004883C428 
169238000: system.memobj: data : 0000000100000000000000000000000001001000100000111100010000101000 
169238000: system.memobj: fix data : 0000000100000000000000000000000001001000100000111100010000101000 
169238000: system.memobj: -------------------------------------
169238000: system.memobj: cpu->mem Got request for addr 0x806e0 , 526048
169238000: system.memobj: size 0x4
169238000: system.memobj: id 94061725662256
169238000: system.memobj: data_hex : 01000000 
169238000: system.memobj: data : 00000001000000000000000000000000 
169238000: system.memobj: hamming code addr: 526048 
169238000: system.memobj: hamming code : 12 
169238000: system.memobj: hamming code addr: 526056 
169238000: system.memobj: hamming code : 0 
169238000: system.memobj: hamming code addr: 526064 
169238000: system.memobj: hamming code : 0 
169238000: system.memobj: hamming code addr: 526072 
169238000: system.memobj: hamming code : 0 
169238000: system.memobj: Enter Error Bit index: 4 
169238000: system.memobj: flip data : 00010001000000000000000000000000 
169238000: system.memobj: -------------------------------------
169308000: system.memobj: mem->cpu Got response for addr 0x10460 , 66656
169308000: system.memobj: size 0x8
169308000: system.memobj: id 94061725662256
169308000: system.memobj: data_hex : 010000004883C428 
169308000: system.memobj: data : 0000000100000000000000000000000001001000100000111100010000101000 
169308000: system.memobj: fix data : 0000000100000000000000000000000001001000100000111100010000101000 
169308000: system.memobj: -------------------------------------
169357000: system.memobj: mem->cpu Got response for addr 0x10468 , 66664
169357000: system.memobj: size 0x8
169357000: system.memobj: id 94061725661392
169357000: system.memobj: data_hex : C3FFD0EBDE666690 
169357000: system.memobj: data : 1100001111111111110100001110101111011110011001100110011010010000 
169357000: system.memobj: fix data : 1100001111111111110100001110101111011110011001100110011010010000 
169357000: system.memobj: -------------------------------------
169406000: system.memobj: mem->cpu Got response for addr 0x94af8 , 609016
169406000: system.memobj: size 0x8
169406000: system.memobj: id 94061725662256
169406000: system.memobj: data_hex : E405410000000000 
169406000: system.memobj: data : 1110010000000101010000010000000000000000000000000000000000000000 
169406000: system.memobj: hamming code addr: 609016 
169406000: system.memobj: hamming code out: 13 
169406000: system.memobj: find Error Bit index : 4 
169406000: system.memobj: hamming code addr: 609024 
169406000: system.memobj: hamming code out: 6 
169406000: system.memobj: hamming code addr: 609032 
169406000: system.memobj: hamming code out: 9 
169406000: system.memobj: hamming code addr: 609040 
169406000: system.memobj: hamming code out: 0 
169406000: system.memobj: hamming code addr: 609048 
169406000: system.memobj: hamming code out: 0 
169406000: system.memobj: hamming code addr: 609056 
169406000: system.memobj: hamming code out: 0 
169406000: system.memobj: hamming code addr: 609064 
169406000: system.memobj: hamming code out: 0 
169406000: system.memobj: hamming code addr: 609072 
169406000: system.memobj: hamming code out: 0 
169406000: system.memobj: fix data : 1111010000000101010000010000000000000000000000000000000000000000 
169406000: system.memobj: -------------------------------------
169455000: system.memobj: mem->cpu Got response for addr 0x105f0 , 67056
169455000: system.memobj: size 0x8
169455000: system.memobj: id 94061725662256
169455000: system.memobj: data_hex : ACFCFFFF4889DF5B 
169455000: system.memobj: data : 1010110011111100111111111111111101001000100010011101111101011011 
169455000: system.memobj: fix data : 1010110011111100111111111111111101001000100010011101111101011011 
169455000: system.memobj: -------------------------------------
169504000: system.memobj: mem->cpu Got response for addr 0x105f0 , 67056
169504000: system.memobj: size 0x8
169504000: system.memobj: id 94061725661392
169504000: system.memobj: data_hex : ACFCFFFF4889DF5B 
169504000: system.memobj: data : 1010110011111100111111111111111101001000100010011101111101011011 
169504000: system.memobj: fix data : 1010110011111100111111111111111101001000100010011101111101011011 
169504000: system.memobj: -------------------------------------
169553000: system.memobj: mem->cpu Got response for addr 0x94b00 , 609024
169553000: system.memobj: size 0x8
169553000: system.memobj: id 94061725662256
169553000: system.memobj: data_hex : 8717470000000000 
169553000: system.memobj: data : 1000011100010111010001110000000000000000000000000000000000000000 
169553000: system.memobj: hamming code addr: 609024 
169553000: system.memobj: hamming code out: 13 
169553000: system.memobj: find Error Bit index : 1 
169553000: system.memobj: hamming code addr: 609032 
169553000: system.memobj: hamming code out: 10 
169553000: system.memobj: hamming code addr: 609040 
169553000: system.memobj: hamming code out: 8 
169553000: system.memobj: hamming code addr: 609048 
169553000: system.memobj: hamming code out: 0 
169553000: system.memobj: hamming code addr: 609056 
169553000: system.memobj: hamming code out: 0 
169553000: system.memobj: hamming code addr: 609064 
169553000: system.memobj: hamming code out: 0 
169553000: system.memobj: hamming code addr: 609072 
169553000: system.memobj: hamming code out: 0 
169553000: system.memobj: hamming code addr: 609080 
169553000: system.memobj: hamming code out: 0 
169553000: system.memobj: fix data : 0000011100010111010001110000000000000000000000000000000000000000 
169553000: system.memobj: -------------------------------------
169602000: system.memobj: mem->cpu Got response for addr 0x105f8 , 67064
169602000: system.memobj: size 0x8
169602000: system.memobj: id 94061725662256
169602000: system.memobj: data_hex : E963F3FFFF666690 
169602000: system.memobj: data : 1110100101100011111100111111111111111111011001100110011010010000 
169602000: system.memobj: fix data : 1110100101100011111100111111111111111111011001100110011010010000 
169602000: system.memobj: -------------------------------------
169665000: system.memobj: mem->cpu Got response for addr 0xf960 , 63840
169665000: system.memobj: size 0x8
169665000: system.memobj: id 94061725661392
169665000: system.memobj: data_hex : 4C896424F048895C 
169665000: system.memobj: data : 0100110010001001011001000010010011110000010010001000100101011100 
169665000: system.memobj: fix data : 0100110010001001011001000010010011110000010010001000100101011100 
169665000: system.memobj: -------------------------------------
169665000: system.memobj: cpu->mem Got request for addr 0x94af8 , 609016
169665000: system.memobj: size 0x8
169665000: system.memobj: id 94061725662256
169665000: system.memobj: data_hex : 0100000000000000 
169665000: system.memobj: data : 0000000100000000000000000000000000000000000000000000000000000000 
169665000: system.memobj: hamming code addr: 609016 
169665000: system.memobj: hamming code : 12 
169665000: system.memobj: hamming code addr: 609024 
169665000: system.memobj: hamming code : 0 
169665000: system.memobj: hamming code addr: 609032 
169665000: system.memobj: hamming code : 0 
169665000: system.memobj: hamming code addr: 609040 
169665000: system.memobj: hamming code : 0 
169665000: system.memobj: hamming code addr: 609048 
169665000: system.memobj: hamming code : 0 
169665000: system.memobj: hamming code addr: 609056 
169665000: system.memobj: hamming code : 0 
169665000: system.memobj: hamming code addr: 609064 
169665000: system.memobj: hamming code : 0 
169665000: system.memobj: hamming code addr: 609072 
169665000: system.memobj: hamming code : 0 
169665000: system.memobj: Enter Error Bit index: 1 
169665000: system.memobj: flip data : 1000000100000000000000000000000000000000000000000000000000000000 
169665000: system.memobj: -------------------------------------
169735000: system.memobj: mem->cpu Got response for addr 0xf960 , 63840
169735000: system.memobj: size 0x8
169735000: system.memobj: id 94061725662256
169735000: system.memobj: data_hex : 4C896424F048895C 
169735000: system.memobj: data : 0100110010001001011001000010010011110000010010001000100101011100 
169735000: system.memobj: fix data : 0100110010001001011001000010010011110000010010001000100101011100 
169735000: system.memobj: -------------------------------------
169784000: system.memobj: mem->cpu Got response for addr 0xf968 , 63848
169784000: system.memobj: size 0x8
169784000: system.memobj: id 94061725661392
169784000: system.memobj: data_hex : 24E04989FC48896C 
169784000: system.memobj: data : 0010010011100000010010011000100111111100010010001000100101101100 
169784000: system.memobj: fix data : 0010010011100000010010011000100111111100010010001000100101101100 
169784000: system.memobj: -------------------------------------
169784000: system.memobj: cpu->mem Got request for addr 0x94ae8 , 609000
169784000: system.memobj: size 0x8
169784000: system.memobj: id 94061725662256
169784000: system.memobj: data_hex : 0717470000000000 
169784000: system.memobj: data : 0000011100010111010001110000000000000000000000000000000000000000 
169784000: system.memobj: hamming code addr: 609000 
169784000: system.memobj: hamming code : 13 
169784000: system.memobj: hamming code addr: 609008 
169784000: system.memobj: hamming code : 10 
169784000: system.memobj: hamming code addr: 609016 
169784000: system.memobj: hamming code : 8 
169784000: system.memobj: hamming code addr: 609024 
169784000: system.memobj: hamming code : 0 
169784000: system.memobj: hamming code addr: 609032 
169784000: system.memobj: hamming code : 0 
169784000: system.memobj: hamming code addr: 609040 
169784000: system.memobj: hamming code : 0 
169784000: system.memobj: hamming code addr: 609048 
169784000: system.memobj: hamming code : 0 
169784000: system.memobj: hamming code addr: 609056 
169784000: system.memobj: hamming code : 0 
169784000: system.memobj: Enter Error Bit index: 6 
169784000: system.memobj: flip data : 0000001100010111010001110000000000000000000000000000000000000000 
169784000: system.memobj: -------------------------------------
169854000: system.memobj: mem->cpu Got response for addr 0xf968 , 63848
169854000: system.memobj: size 0x8
169854000: system.memobj: id 94061725662256
169854000: system.memobj: data_hex : 24E04989FC48896C 
169854000: system.memobj: data : 0010010011100000010010011000100111111100010010001000100101101100 
169854000: system.memobj: fix data : 0010010011100000010010011000100111111100010010001000100101101100 
169854000: system.memobj: -------------------------------------
169903000: system.memobj: mem->cpu Got response for addr 0xf968 , 63848
169903000: system.memobj: size 0x8
169903000: system.memobj: id 94061725661392
169903000: system.memobj: data_hex : 24E04989FC48896C 
169903000: system.memobj: data : 0010010011100000010010011000100111111100010010001000100101101100 
169903000: system.memobj: fix data : 0010010011100000010010011000100111111100010010001000100101101100 
169903000: system.memobj: -------------------------------------
169952000: system.memobj: mem->cpu Got response for addr 0xf970 , 63856
169952000: system.memobj: size 0x8
169952000: system.memobj: id 94061725662256
169952000: system.memobj: data_hex : 24E84C896C24F848 
169952000: system.memobj: data : 0010010011101000010011001000100101101100001001001111100001001000 
169952000: system.memobj: fix data : 0010010011101000010011001000100101101100001001001111100001001000 
169952000: system.memobj: -------------------------------------
169952000: system.memobj: cpu->mem Got request for addr 0x94af0 , 609008
169952000: system.memobj: size 0x8
169952000: system.memobj: id 94061725661392
169952000: system.memobj: data_hex : 30EBFFFFFF7F0000 
169952000: system.memobj: data : 0011000011101011111111111111111111111111011111110000000000000000 
169952000: system.memobj: hamming code addr: 609008 
169952000: system.memobj: hamming code : 1 
169952000: system.memobj: hamming code addr: 609016 
169952000: system.memobj: hamming code : 14 
169952000: system.memobj: hamming code addr: 609024 
169952000: system.memobj: hamming code : 3 
169952000: system.memobj: hamming code addr: 609032 
169952000: system.memobj: hamming code : 3 
169952000: system.memobj: hamming code addr: 609040 
169952000: system.memobj: hamming code : 3 
169952000: system.memobj: hamming code addr: 609048 
169952000: system.memobj: hamming code : 0 
169952000: system.memobj: hamming code addr: 609056 
169952000: system.memobj: hamming code : 0 
169952000: system.memobj: hamming code addr: 609064 
169952000: system.memobj: hamming code : 0 
169952000: system.memobj: Enter Error Bit index: 7 
169952000: system.memobj: flip data : 0011001011101011111111111111111111111111011111110000000000000000 
169952000: system.memobj: -------------------------------------
170022000: system.memobj: mem->cpu Got response for addr 0xf970 , 63856
170022000: system.memobj: size 0x8
170022000: system.memobj: id 94061725661392
170022000: system.memobj: data_hex : 24E84C896C24F848 
170022000: system.memobj: data : 0010010011101000010011001000100101101100001001001111100001001000 
170022000: system.memobj: fix data : 0010010011101000010011001000100101101100001001001111100001001000 
170022000: system.memobj: -------------------------------------
170022000: system.memobj: cpu->mem Got request for addr 0x94b00 , 609024
170022000: system.memobj: size 0x8
170022000: system.memobj: id 94061725662256
170022000: system.memobj: data_hex : 0000000000000000 
170022000: system.memobj: data : 0000000000000000000000000000000000000000000000000000000000000000 
170022000: system.memobj: hamming code addr: 609024 
170022000: system.memobj: hamming code : 0 
170022000: system.memobj: hamming code addr: 609032 
170022000: system.memobj: hamming code : 0 
170022000: system.memobj: hamming code addr: 609040 
170022000: system.memobj: hamming code : 0 
170022000: system.memobj: hamming code addr: 609048 
170022000: system.memobj: hamming code : 0 
170022000: system.memobj: hamming code addr: 609056 
170022000: system.memobj: hamming code : 0 
170022000: system.memobj: hamming code addr: 609064 
170022000: system.memobj: hamming code : 0 
170022000: system.memobj: hamming code addr: 609072 
170022000: system.memobj: hamming code : 0 
170022000: system.memobj: hamming code addr: 609080 
170022000: system.memobj: hamming code : 0 
170022000: system.memobj: Enter Error Bit index: 3 
170022000: system.memobj: flip data : 0010000000000000000000000000000000000000000000000000000000000000 
170022000: system.memobj: -------------------------------------
170092000: system.memobj: mem->cpu Got response for addr 0xf970 , 63856
170092000: system.memobj: size 0x8
170092000: system.memobj: id 94061725662256
170092000: system.memobj: data_hex : 24E84C896C24F848 
170092000: system.memobj: data : 0010010011101000010011001000100101101100001001001111100001001000 
170092000: system.memobj: fix data : 0010010011101000010011001000100101101100001001001111100001001000 
170092000: system.memobj: -------------------------------------
170141000: system.memobj: mem->cpu Got response for addr 0xf978 , 63864
170141000: system.memobj: size 0x8
170141000: system.memobj: id 94061725661392
170141000: system.memobj: data_hex : 83EC28488B05760D 
170141000: system.memobj: data : 1000001111101100001010000100100010001011000001010111011000001101 
170141000: system.memobj: fix data : 1000001111101100001010000100100010001011000001010111011000001101 
170141000: system.memobj: -------------------------------------
170190000: system.memobj: mem->cpu Got response for addr 0xf978 , 63864
170190000: system.memobj: size 0x8
170190000: system.memobj: id 94061725662256
170190000: system.memobj: data_hex : 83EC28488B05760D 
170190000: system.memobj: data : 1000001111101100001010000100100010001011000001010111011000001101 
170190000: system.memobj: fix data : 1000001111101100001010000100100010001011000001010111011000001101 
170190000: system.memobj: -------------------------------------
170239000: system.memobj: mem->cpu Got response for addr 0xf980 , 63872
170239000: system.memobj: size 0x8
170239000: system.memobj: id 94061725661392
170239000: system.memobj: data_hex : 17004885C0742948 
170239000: system.memobj: data : 0001011100000000010010001000010111000000011101000010100101001000 
170239000: system.memobj: fix data : 0001011100000000010010001000010111000000011101000010100101001000 
170239000: system.memobj: -------------------------------------
170288000: system.memobj: mem->cpu Got response for addr 0x806f8 , 526072
170288000: system.memobj: size 0x8
170288000: system.memobj: id 94061725662256
170288000: system.memobj: data_hex : 1000000000000000 
170288000: system.memobj: data : 0001000000000000000000000000000000000000000000000000000000000000 
170288000: system.memobj: hamming code addr: 526072 
170288000: system.memobj: hamming code out: 0 
170288000: system.memobj: find Error Bit index : 4 
170288000: system.memobj: hamming code addr: 526080 
170288000: system.memobj: hamming code out: 0 
170288000: system.memobj: hamming code addr: 526088 
170288000: system.memobj: hamming code out: 0 
170288000: system.memobj: hamming code addr: 526096 
170288000: system.memobj: hamming code out: 0 
170288000: system.memobj: hamming code addr: 526104 
170288000: system.memobj: hamming code out: 0 
170288000: system.memobj: hamming code addr: 526112 
170288000: system.memobj: hamming code out: 0 
170288000: system.memobj: hamming code addr: 526120 
170288000: system.memobj: hamming code out: 0 
170288000: system.memobj: hamming code addr: 526128 
170288000: system.memobj: hamming code out: 0 
170288000: system.memobj: fix data : 0000000000000000000000000000000000000000000000000000000000000000 
170288000: system.memobj: -------------------------------------
170337000: system.memobj: mem->cpu Got response for addr 0xf980 , 63872
170337000: system.memobj: size 0x8
170337000: system.memobj: id 94061725662256
170337000: system.memobj: data_hex : 17004885C0742948 
170337000: system.memobj: data : 0001011100000000010010001000010111000000011101000010100101001000 
170337000: system.memobj: fix data : 0001011100000000010010001000010111000000011101000010100101001000 
170337000: system.memobj: -------------------------------------
170386000: system.memobj: mem->cpu Got response for addr 0xf980 , 63872
170386000: system.memobj: size 0x8
170386000: system.memobj: id 94061725661392
170386000: system.memobj: data_hex : 17004885C0742948 
170386000: system.memobj: data : 0001011100000000010010001000010111000000011101000010100101001000 
170386000: system.memobj: fix data : 0001011100000000010010001000010111000000011101000010100101001000 
170386000: system.memobj: -------------------------------------
170435000: system.memobj: mem->cpu Got response for addr 0xf9b0 , 63920
170435000: system.memobj: size 0x8
170435000: system.memobj: id 94061725662256
170435000: system.memobj: data_hex : B8000000004885C0 
170435000: system.memobj: data : 1011100000000000000000000000000000000000010010001000010111000000 
170435000: system.memobj: fix data : 1011100000000000000000000000000000000000010010001000010111000000 
170435000: system.memobj: -------------------------------------
170484000: system.memobj: mem->cpu Got response for addr 0xf9b0 , 63920
170484000: system.memobj: size 0x8
170484000: system.memobj: id 94061725661392
170484000: system.memobj: data_hex : B8000000004885C0 
170484000: system.memobj: data : 1011100000000000000000000000000000000000010010001000010111000000 
170484000: system.memobj: fix data : 1011100000000000000000000000000000000000010010001000010111000000 
170484000: system.memobj: -------------------------------------
170533000: system.memobj: mem->cpu Got response for addr 0xf9b8 , 63928
170533000: system.memobj: size 0x8
170533000: system.memobj: id 94061725662256
170533000: system.memobj: data_hex : 747431FFE83F06BF 
170533000: system.memobj: data : 0111010001110100001100011111111111101000001111110000011010111111 
170533000: system.memobj: fix data : 0111010001110100001100011111111111101000001111110000011010111111 
170533000: system.memobj: -------------------------------------
170596000: system.memobj: mem->cpu Got response for addr 0xfa28 , 64040
170596000: system.memobj: size 0x8
170596000: system.memobj: id 94061725661392
170596000: system.memobj: data_hex : 204883C428C3488B 
170596000: system.memobj: data : 0010000001001000100000111100010000101000110000110100100010001011 
170596000: system.memobj: fix data : 0010000001001000100000111100010000101000110000110100100010001011 
170596000: system.memobj: -------------------------------------
170645000: system.memobj: mem->cpu Got response for addr 0xfa30 , 64048
170645000: system.memobj: size 0x8
170645000: system.memobj: id 94061725662256
170645000: system.memobj: data_hex : 2D432A1800EB8D44 
170645000: system.memobj: data : 0010110101000011001010100001100000000000111010111000110101000100 
170645000: system.memobj: fix data : 0010110101000011001010100001100000000000111010111000110101000100 
170645000: system.memobj: -------------------------------------
170694000: system.memobj: mem->cpu Got response for addr 0x92478 , 599160
170694000: system.memobj: size 0x8
170694000: system.memobj: id 94061725661392
170694000: system.memobj: data_hex : A024590000000000 
170694000: system.memobj: data : 1010000000100100010110010000000000000000000000000000000000000000 
170694000: system.memobj: hamming code addr: 599160 
170694000: system.memobj: hamming code out: 3 
170694000: system.memobj: find Error Bit index : 3 
170694000: system.memobj: hamming code addr: 599168 
170694000: system.memobj: hamming code out: 12 
170694000: system.memobj: hamming code addr: 599176 
170694000: system.memobj: hamming code out: 7 
170694000: system.memobj: hamming code addr: 599184 
170694000: system.memobj: hamming code out: 0 
170694000: system.memobj: hamming code addr: 599192 
170694000: system.memobj: hamming code out: 0 
170694000: system.memobj: hamming code addr: 599200 
170694000: system.memobj: hamming code out: 0 
170694000: system.memobj: hamming code addr: 599208 
170694000: system.memobj: hamming code out: 0 
170694000: system.memobj: hamming code addr: 599216 
170694000: system.memobj: hamming code out: 0 
170694000: system.memobj: fix data : 1000000000100100010110010000000000000000000000000000000000000000 
170694000: system.memobj: -------------------------------------
170743000: system.memobj: mem->cpu Got response for addr 0xfa30 , 64048
170743000: system.memobj: size 0x8
170743000: system.memobj: id 94061725661392
170743000: system.memobj: data_hex : 2D432A1800EB8D44 
170743000: system.memobj: data : 0010110101000011001010100001100000000000111010111000110101000100 
170743000: system.memobj: fix data : 0010110101000011001010100001100000000000111010111000110101000100 
170743000: system.memobj: -------------------------------------
170792000: system.memobj: mem->cpu Got response for addr 0xf9c0 , 63936
170792000: system.memobj: size 0x8
170792000: system.memobj: id 94061725662256
170792000: system.memobj: data_hex : FF4889C54885ED48 
170792000: system.memobj: data : 1111111101001000100010011100010101001000100001011110110101001000 
170792000: system.memobj: fix data : 1111111101001000100010011100010101001000100001011110110101001000 
170792000: system.memobj: -------------------------------------
170841000: system.memobj: mem->cpu Got response for addr 0xf9c0 , 63936
170841000: system.memobj: size 0x8
170841000: system.memobj: id 94061725661392
170841000: system.memobj: data_hex : FF4889C54885ED48 
170841000: system.memobj: data : 1111111101001000100010011100010101001000100001011110110101001000 
170841000: system.memobj: fix data : 1111111101001000100010011100010101001000100001011110110101001000 
170841000: system.memobj: -------------------------------------
170890000: system.memobj: mem->cpu Got response for addr 0xf9c8 , 63944
170890000: system.memobj: size 0x8
170890000: system.memobj: id 94061725662256
170890000: system.memobj: data_hex : 89EB0F8482000000 
170890000: system.memobj: data : 1000100111101011000011111000010010000010000000000000000000000000 
170890000: system.memobj: fix data : 1000100111101011000011111000010010000010000000000000000000000000 
170890000: system.memobj: -------------------------------------
170939000: system.memobj: mem->cpu Got response for addr 0xf9c8 , 63944
170939000: system.memobj: size 0x8
170939000: system.memobj: id 94061725661392
170939000: system.memobj: data_hex : 89EB0F8482000000 
170939000: system.memobj: data : 1000100111101011000011111000010010000010000000000000000000000000 
170939000: system.memobj: fix data : 1000100111101011000011111000010010000010000000000000000000000000 
170939000: system.memobj: -------------------------------------
170988000: system.memobj: mem->cpu Got response for addr 0xf9d0 , 63952
170988000: system.memobj: size 0x8
170988000: system.memobj: id 94061725662256
170988000: system.memobj: data_hex : B8000000004885C0 
170988000: system.memobj: data : 1011100000000000000000000000000000000000010010001000010111000000 
170988000: system.memobj: fix data : 1011100000000000000000000000000000000000010010001000010111000000 
170988000: system.memobj: -------------------------------------
171037000: system.memobj: mem->cpu Got response for addr 0xf9d0 , 63952
171037000: system.memobj: size 0x8
171037000: system.memobj: id 94061725661392
171037000: system.memobj: data_hex : B8000000004885C0 
171037000: system.memobj: data : 1011100000000000000000000000000000000000010010001000010111000000 
171037000: system.memobj: fix data : 1011100000000000000000000000000000000000010010001000010111000000 
171037000: system.memobj: -------------------------------------
171086000: system.memobj: mem->cpu Got response for addr 0xf9d8 , 63960
171086000: system.memobj: size 0x8
171086000: system.memobj: id 94061725662256
171086000: system.memobj: data_hex : 745D4889EFE81E06 
171086000: system.memobj: data : 0111010001011101010010001000100111101111111010000001111000000110 
171086000: system.memobj: fix data : 0111010001011101010010001000100111101111111010000001111000000110 
171086000: system.memobj: -------------------------------------
171135000: system.memobj: mem->cpu Got response for addr 0xfa30 , 64048
171135000: system.memobj: size 0x8
171135000: system.memobj: id 94061725661392
171135000: system.memobj: data_hex : 2D432A1800EB8D44 
171135000: system.memobj: data : 0010110101000011001010100001100000000000111010111000110101000100 
171135000: system.memobj: fix data : 0010110101000011001010100001100000000000111010111000110101000100 
171135000: system.memobj: -------------------------------------
171184000: system.memobj: mem->cpu Got response for addr 0xfa38 , 64056
171184000: system.memobj: size 0x8
171184000: system.memobj: id 94061725662256
171184000: system.memobj: data_hex : 8B5D004585DB7512 
171184000: system.memobj: data : 1000101101011101000000000100010110000101110110110111010100010010 
171184000: system.memobj: fix data : 1000101101011101000000000100010110000101110110110111010100010010 
171184000: system.memobj: -------------------------------------
171233000: system.memobj: mem->cpu Got response for addr 0x92480 , 599168
171233000: system.memobj: size 0x4
171233000: system.memobj: id 94061725661392
171233000: system.memobj: data_hex : 40000000 
171233000: system.memobj: data : 01000000000000000000000000000000 
171233000: system.memobj: hamming code addr: 599168 
171233000: system.memobj: hamming code out: 0 
171233000: system.memobj: find Error Bit index : 2 
171233000: system.memobj: hamming code addr: 599176 
171233000: system.memobj: hamming code out: 0 
171233000: system.memobj: hamming code addr: 599184 
171233000: system.memobj: hamming code out: 0 
171233000: system.memobj: hamming code addr: 599192 
171233000: system.memobj: hamming code out: 0 
171233000: system.memobj: fix data : 00000000000000000000000000000000 
171233000: system.memobj: -------------------------------------
171282000: system.memobj: mem->cpu Got response for addr 0xfa38 , 64056
171282000: system.memobj: size 0x8
171282000: system.memobj: id 94061725661392
171282000: system.memobj: data_hex : 8B5D004585DB7512 
171282000: system.memobj: data : 1000101101011101000000000100010110000101110110110111010100010010 
171282000: system.memobj: fix data : 1000101101011101000000000100010110000101110110110111010100010010 
171282000: system.memobj: -------------------------------------
171331000: system.memobj: mem->cpu Got response for addr 0xfa38 , 64056
171331000: system.memobj: size 0x8
171331000: system.memobj: id 94061725662256
171331000: system.memobj: data_hex : 8B5D004585DB7512 
171331000: system.memobj: data : 1000101101011101000000000100010110000101110110110111010100010010 
171331000: system.memobj: fix data : 1000101101011101000000000100010110000101110110110111010100010010 
171331000: system.memobj: -------------------------------------
171634000: system.memobj: mem->cpu Got response for addr 0xfa40 , 64064
171634000: system.memobj: size 0x8
171634000: system.memobj: id 94061725661392
171634000: system.memobj: data_hex : C7450001000000EB 
171634000: system.memobj: data : 1100011101000101000000000000000100000000000000000000000011101011 
171634000: system.memobj: fix data : 1100011101000101000000000000000100000000000000000000000011101011 
171634000: system.memobj: -------------------------------------
171634000: system.memobj: cpu->mem Got request for addr 0x92480 , 599168
171634000: system.memobj: size 0x4
171634000: system.memobj: id 94061725662256
171634000: system.memobj: data_hex : 01000000 
171634000: system.memobj: data : 00000001000000000000000000000000 
171634000: system.memobj: hamming code addr: 599168 
171634000: system.memobj: hamming code : 12 
171634000: system.memobj: hamming code addr: 599176 
171634000: system.memobj: hamming code : 0 
171634000: system.memobj: hamming code addr: 599184 
171634000: system.memobj: hamming code : 0 
171634000: system.memobj: hamming code addr: 599192 
171634000: system.memobj: hamming code : 0 
171634000: system.memobj: Enter Error Bit index: 1 
171634000: system.memobj: flip data : 10000001000000000000000000000000 
171634000: system.memobj: -------------------------------------
171704000: system.memobj: mem->cpu Got response for addr 0xfa40 , 64064
171704000: system.memobj: size 0x8
171704000: system.memobj: id 94061725662256
171704000: system.memobj: data_hex : C7450001000000EB 
171704000: system.memobj: data : 1100011101000101000000000000000100000000000000000000000011101011 
171704000: system.memobj: fix data : 1100011101000101000000000000000100000000000000000000000011101011 
171704000: system.memobj: -------------------------------------
171753000: system.memobj: mem->cpu Got response for addr 0xfa48 , 64072
171753000: system.memobj: size 0x8
171753000: system.memobj: id 94061725661392
171753000: system.memobj: data_hex : 9DC7030000000090 
171753000: system.memobj: data : 1001110111000111000000110000000000000000000000000000000010010000 
171753000: system.memobj: fix data : 1001110111000111000000110000000000000000000000000000000010010000 
171753000: system.memobj: -------------------------------------
171802000: system.memobj: mem->cpu Got response for addr 0xf9e0 , 63968
171802000: system.memobj: size 0x8
171802000: system.memobj: id 94061725662256
171802000: system.memobj: data_hex : BFFF85C0756C31C0 
171802000: system.memobj: data : 1011111111111111100001011100000001110101011011000011000111000000 
171802000: system.memobj: fix data : 1011111111111111100001011100000001110101011011000011000111000000 
171802000: system.memobj: -------------------------------------
171851000: system.memobj: mem->cpu Got response for addr 0xf9e8 , 63976
171851000: system.memobj: size 0x8
171851000: system.memobj: id 94061725661392
171851000: system.memobj: data_hex : 4885DB74284C89E6 
171851000: system.memobj: data : 0100100010000101110110110111010000101000010011001000100111100110 
171851000: system.memobj: fix data : 0100100010000101110110110111010000101000010011001000100111100110 
171851000: system.memobj: -------------------------------------
171900000: system.memobj: mem->cpu Got response for addr 0xf9e8 , 63976
171900000: system.memobj: size 0x8
171900000: system.memobj: id 94061725662256
171900000: system.memobj: data_hex : 4885DB74284C89E6 
171900000: system.memobj: data : 0100100010000101110110110111010000101000010011001000100111100110 
171900000: system.memobj: fix data : 0100100010000101110110110111010000101000010011001000100111100110 
171900000: system.memobj: -------------------------------------
171949000: system.memobj: mem->cpu Got response for addr 0xf9e8 , 63976
171949000: system.memobj: size 0x8
171949000: system.memobj: id 94061725661392
171949000: system.memobj: data_hex : 4885DB74284C89E6 
171949000: system.memobj: data : 0100100010000101110110110111010000101000010011001000100111100110 
171949000: system.memobj: fix data : 0100100010000101110110110111010000101000010011001000100111100110 
171949000: system.memobj: -------------------------------------
171998000: system.memobj: mem->cpu Got response for addr 0xf9f0 , 63984
171998000: system.memobj: size 0x8
171998000: system.memobj: id 94061725662256
171998000: system.memobj: data_hex : 4889DFE888E3FFFF 
171998000: system.memobj: data : 0100100010001001110111111110100010001000111000111111111111111111 
171998000: system.memobj: fix data : 0100100010001001110111111110100010001000111000111111111111111111 
171998000: system.memobj: -------------------------------------
172047000: system.memobj: mem->cpu Got response for addr 0xf9f0 , 63984
172047000: system.memobj: size 0x8
172047000: system.memobj: id 94061725661392
172047000: system.memobj: data_hex : 4889DFE888E3FFFF 
172047000: system.memobj: data : 0100100010001001110111111110100010001000111000111111111111111111 
172047000: system.memobj: fix data : 0100100010001001110111111110100010001000111000111111111111111111 
172047000: system.memobj: -------------------------------------
172047000: system.memobj: cpu->mem Got request for addr 0x94ad8 , 608984
172047000: system.memobj: size 0x8
172047000: system.memobj: id 94061725662256
172047000: system.memobj: data_hex : F8F9400000000000 
172047000: system.memobj: data : 1111100011111001010000000000000000000000000000000000000000000000 
172047000: system.memobj: hamming code addr: 608984 
172047000: system.memobj: hamming code : 14 
172047000: system.memobj: hamming code addr: 608992 
172047000: system.memobj: hamming code : 2 
172047000: system.memobj: hamming code addr: 609000 
172047000: system.memobj: hamming code : 5 
172047000: system.memobj: hamming code addr: 609008 
172047000: system.memobj: hamming code : 0 
172047000: system.memobj: hamming code addr: 609016 
172047000: system.memobj: hamming code : 0 
172047000: system.memobj: hamming code addr: 609024 
172047000: system.memobj: hamming code : 0 
172047000: system.memobj: hamming code addr: 609032 
172047000: system.memobj: hamming code : 0 
172047000: system.memobj: hamming code addr: 609040 
172047000: system.memobj: hamming code : 0 
172047000: system.memobj: Enter Error Bit index: 6 
172047000: system.memobj: flip data : 1111110011111001010000000000000000000000000000000000000000000000 
172047000: system.memobj: -------------------------------------
172131000: system.memobj: mem->cpu Got response for addr 0xdd80 , 56704
172131000: system.memobj: size 0x8
172131000: system.memobj: id 94061725662256
172131000: system.memobj: data_hex : 4157415641554989 
172131000: system.memobj: data : 0100000101010111010000010101011001000001010101010100100110001001 
172131000: system.memobj: fix data : 0100000101010111010000010101011001000001010101010100100110001001 
172131000: system.memobj: -------------------------------------
172131000: system.memobj: cpu->mem Got request for addr 0x94ad0 , 608976
172131000: system.memobj: size 0x8
172131000: system.memobj: id 94061725661392
172131000: system.memobj: data_hex : 0000000000000000 
172131000: system.memobj: data : 0000000000000000000000000000000000000000000000000000000000000000 
172131000: system.memobj: hamming code addr: 608976 
172131000: system.memobj: hamming code : 0 
172131000: system.memobj: hamming code addr: 608984 
172131000: system.memobj: hamming code : 0 
172131000: system.memobj: hamming code addr: 608992 
172131000: system.memobj: hamming code : 0 
172131000: system.memobj: hamming code addr: 609000 
172131000: system.memobj: hamming code : 0 
172131000: system.memobj: hamming code addr: 609008 
172131000: system.memobj: hamming code : 0 
172131000: system.memobj: hamming code addr: 609016 
172131000: system.memobj: hamming code : 0 
172131000: system.memobj: hamming code addr: 609024 
172131000: system.memobj: hamming code : 0 
172131000: system.memobj: hamming code addr: 609032 
172131000: system.memobj: hamming code : 0 
172131000: system.memobj: Enter Error Bit index: 2 
172131000: system.memobj: flip data : 0100000000000000000000000000000000000000000000000000000000000000 
172131000: system.memobj: -------------------------------------
172201000: system.memobj: mem->cpu Got response for addr 0xdd80 , 56704
172201000: system.memobj: size 0x8
172201000: system.memobj: id 94061725661392
172201000: system.memobj: data_hex : 4157415641554989 
172201000: system.memobj: data : 0100000101010111010000010101011001000001010101010100100110001001 
172201000: system.memobj: fix data : 0100000101010111010000010101011001000001010101010100100110001001 
172201000: system.memobj: -------------------------------------
172201000: system.memobj: cpu->mem Got request for addr 0x94ac8 , 608968
172201000: system.memobj: size 0x8
172201000: system.memobj: id 94061725662256
172201000: system.memobj: data_hex : D8EDFFFFFF7F0000 
172201000: system.memobj: data : 1101100011101101111111111111111111111111011111110000000000000000 
172201000: system.memobj: hamming code addr: 608968 
172201000: system.memobj: hamming code : 8 
172201000: system.memobj: hamming code addr: 608976 
172201000: system.memobj: hamming code : 15 
172201000: system.memobj: hamming code addr: 608984 
172201000: system.memobj: hamming code : 3 
172201000: system.memobj: hamming code addr: 608992 
172201000: system.memobj: hamming code : 3 
172201000: system.memobj: hamming code addr: 609000 
172201000: system.memobj: hamming code : 3 
172201000: system.memobj: hamming code addr: 609008 
172201000: system.memobj: hamming code : 0 
172201000: system.memobj: hamming code addr: 609016 
172201000: system.memobj: hamming code : 0 
172201000: system.memobj: hamming code addr: 609024 
172201000: system.memobj: hamming code : 0 
172201000: system.memobj: Enter Error Bit index: 3 
172201000: system.memobj: flip data : 1111100011101101111111111111111111111111011111110000000000000000 
172201000: system.memobj: -------------------------------------
172271000: system.memobj: mem->cpu Got response for addr 0xdd80 , 56704
172271000: system.memobj: size 0x8
172271000: system.memobj: id 94061725662256
172271000: system.memobj: data_hex : 4157415641554989 
172271000: system.memobj: data : 0100000101010111010000010101011001000001010101010100100110001001 
172271000: system.memobj: fix data : 0100000101010111010000010101011001000001010101010100100110001001 
172271000: system.memobj: -------------------------------------
172271000: system.memobj: cpu->mem Got request for addr 0x94ac0 , 608960
172271000: system.memobj: size 0x8
172271000: system.memobj: id 94061725661392
172271000: system.memobj: data_hex : 0000000000000000 
172271000: system.memobj: data : 0000000000000000000000000000000000000000000000000000000000000000 
172271000: system.memobj: hamming code addr: 608960 
172271000: system.memobj: hamming code : 0 
172271000: system.memobj: hamming code addr: 608968 
172271000: system.memobj: hamming code : 0 
172271000: system.memobj: hamming code addr: 608976 
172271000: system.memobj: hamming code : 0 
172271000: system.memobj: hamming code addr: 608984 
172271000: system.memobj: hamming code : 0 
172271000: system.memobj: hamming code addr: 608992 
172271000: system.memobj: hamming code : 0 
172271000: system.memobj: hamming code addr: 609000 
172271000: system.memobj: hamming code : 0 
172271000: system.memobj: hamming code addr: 609008 
172271000: system.memobj: hamming code : 0 
172271000: system.memobj: hamming code addr: 609016 
172271000: system.memobj: hamming code : 0 
172271000: system.memobj: Enter Error Bit index: 1 
172271000: system.memobj: flip data : 1000000000000000000000000000000000000000000000000000000000000000 
172271000: system.memobj: -------------------------------------
172341000: system.memobj: mem->cpu Got response for addr 0xdd80 , 56704
172341000: system.memobj: size 0x8
172341000: system.memobj: id 94061725661392
172341000: system.memobj: data_hex : 4157415641554989 
172341000: system.memobj: data : 0100000101010111010000010101011001000001010101010100100110001001 
172341000: system.memobj: fix data : 0100000101010111010000010101011001000001010101010100100110001001 
172341000: system.memobj: -------------------------------------
172390000: system.memobj: mem->cpu Got response for addr 0xdd88 , 56712
172390000: system.memobj: size 0x8
172390000: system.memobj: id 94061725662256
172390000: system.memobj: data_hex : FD415455534883EC 
172390000: system.memobj: data : 1111110101000001010101000101010101010011010010001000001111101100 
172390000: system.memobj: fix data : 1111110101000001010101000101010101010011010010001000001111101100 
172390000: system.memobj: -------------------------------------
172439000: system.memobj: mem->cpu Got response for addr 0xdd88 , 56712
172439000: system.memobj: size 0x8
172439000: system.memobj: id 94061725661392
172439000: system.memobj: data_hex : FD415455534883EC 
172439000: system.memobj: data : 1111110101000001010101000101010101010011010010001000001111101100 
172439000: system.memobj: fix data : 1111110101000001010101000101010101010011010010001000001111101100 
172439000: system.memobj: -------------------------------------
172439000: system.memobj: cpu->mem Got request for addr 0x94ab8 , 608952
172439000: system.memobj: size 0x8
172439000: system.memobj: id 94061725662256
172439000: system.memobj: data_hex : 1800000000000000 
172439000: system.memobj: data : 0001100000000000000000000000000000000000000000000000000000000000 
172439000: system.memobj: hamming code addr: 608952 
172439000: system.memobj: hamming code : 14 
172439000: system.memobj: hamming code addr: 608960 
172439000: system.memobj: hamming code : 0 
172439000: system.memobj: hamming code addr: 608968 
172439000: system.memobj: hamming code : 0 
172439000: system.memobj: hamming code addr: 608976 
172439000: system.memobj: hamming code : 0 
172439000: system.memobj: hamming code addr: 608984 
172439000: system.memobj: hamming code : 0 
172439000: system.memobj: hamming code addr: 608992 
172439000: system.memobj: hamming code : 0 
172439000: system.memobj: hamming code addr: 609000 
172439000: system.memobj: hamming code : 0 
172439000: system.memobj: hamming code addr: 609008 
172439000: system.memobj: hamming code : 0 
172439000: system.memobj: Enter Error Bit index: 6 
172439000: system.memobj: flip data : 0001110000000000000000000000000000000000000000000000000000000000 
172439000: system.memobj: -------------------------------------
172509000: system.memobj: mem->cpu Got response for addr 0xdd88 , 56712
172509000: system.memobj: size 0x8
172509000: system.memobj: id 94061725662256
172509000: system.memobj: data_hex : FD415455534883EC 
172509000: system.memobj: data : 1111110101000001010101000101010101010011010010001000001111101100 
172509000: system.memobj: fix data : 1111110101000001010101000101010101010011010010001000001111101100 
172509000: system.memobj: -------------------------------------
172509000: system.memobj: cpu->mem Got request for addr 0x94ab0 , 608944
172509000: system.memobj: size 0x8
172509000: system.memobj: id 94061725661392
172509000: system.memobj: data_hex : 8024590000000000 
172509000: system.memobj: data : 1000000000100100010110010000000000000000000000000000000000000000 
172509000: system.memobj: hamming code addr: 608944 
172509000: system.memobj: hamming code : 3 
172509000: system.memobj: hamming code addr: 608952 
172509000: system.memobj: hamming code : 12 
172509000: system.memobj: hamming code addr: 608960 
172509000: system.memobj: hamming code : 7 
172509000: system.memobj: hamming code addr: 608968 
172509000: system.memobj: hamming code : 0 
172509000: system.memobj: hamming code addr: 608976 
172509000: system.memobj: hamming code : 0 
172509000: system.memobj: hamming code addr: 608984 
172509000: system.memobj: hamming code : 0 
172509000: system.memobj: hamming code addr: 608992 
172509000: system.memobj: hamming code : 0 
172509000: system.memobj: hamming code addr: 609000 
172509000: system.memobj: hamming code : 0 
172509000: system.memobj: Enter Error Bit index: 3 
172509000: system.memobj: flip data : 1010000000100100010110010000000000000000000000000000000000000000 
172509000: system.memobj: -------------------------------------
172579000: system.memobj: mem->cpu Got response for addr 0xdd88 , 56712
172579000: system.memobj: size 0x8
172579000: system.memobj: id 94061725661392
172579000: system.memobj: data_hex : FD415455534883EC 
172579000: system.memobj: data : 1111110101000001010101000101010101010011010010001000001111101100 
172579000: system.memobj: fix data : 1111110101000001010101000101010101010011010010001000001111101100 
172579000: system.memobj: -------------------------------------
172579000: system.memobj: cpu->mem Got request for addr 0x94aa8 , 608936
172579000: system.memobj: size 0x8
172579000: system.memobj: id 94061725662256
172579000: system.memobj: data_hex : 8024590000000000 
172579000: system.memobj: data : 1000000000100100010110010000000000000000000000000000000000000000 
172579000: system.memobj: hamming code addr: 608936 
172579000: system.memobj: hamming code : 3 
172579000: system.memobj: hamming code addr: 608944 
172579000: system.memobj: hamming code : 12 
172579000: system.memobj: hamming code addr: 608952 
172579000: system.memobj: hamming code : 7 
172579000: system.memobj: hamming code addr: 608960 
172579000: system.memobj: hamming code : 0 
172579000: system.memobj: hamming code addr: 608968 
172579000: system.memobj: hamming code : 0 
172579000: system.memobj: hamming code addr: 608976 
172579000: system.memobj: hamming code : 0 
172579000: system.memobj: hamming code addr: 608984 
172579000: system.memobj: hamming code : 0 
172579000: system.memobj: hamming code addr: 608992 
172579000: system.memobj: hamming code : 0 
172579000: system.memobj: Enter Error Bit index: 1 
172579000: system.memobj: flip data : 0000000000100100010110010000000000000000000000000000000000000000 
172579000: system.memobj: -------------------------------------
172649000: system.memobj: mem->cpu Got response for addr 0xdd88 , 56712
172649000: system.memobj: size 0x8
172649000: system.memobj: id 94061725662256
172649000: system.memobj: data_hex : FD415455534883EC 
172649000: system.memobj: data : 1111110101000001010101000101010101010011010010001000001111101100 
172649000: system.memobj: fix data : 1111110101000001010101000101010101010011010010001000001111101100 
172649000: system.memobj: -------------------------------------
172698000: system.memobj: mem->cpu Got response for addr 0xdd90 , 56720
172698000: system.memobj: size 0x8
172698000: system.memobj: id 94061725661392
172698000: system.memobj: data_hex : 484883FEBF0F875C 
172698000: system.memobj: data : 0100100001001000100000111111111010111111000011111000011101011100 
172698000: system.memobj: fix data : 0100100001001000100000111111111010111111000011111000011101011100 
172698000: system.memobj: -------------------------------------
172747000: system.memobj: mem->cpu Got response for addr 0xdd90 , 56720
172747000: system.memobj: size 0x8
172747000: system.memobj: id 94061725662256
172747000: system.memobj: data_hex : 484883FEBF0F875C 
172747000: system.memobj: data : 0100100001001000100000111111111010111111000011111000011101011100 
172747000: system.memobj: fix data : 0100100001001000100000111111111010111111000011111000011101011100 
172747000: system.memobj: -------------------------------------
172796000: system.memobj: mem->cpu Got response for addr 0xdd90 , 56720
172796000: system.memobj: size 0x8
172796000: system.memobj: id 94061725661392
172796000: system.memobj: data_hex : 484883FEBF0F875C 
172796000: system.memobj: data : 0100100001001000100000111111111010111111000011111000011101011100 
172796000: system.memobj: fix data : 0100100001001000100000111111111010111111000011111000011101011100 
172796000: system.memobj: -------------------------------------
172845000: system.memobj: mem->cpu Got response for addr 0xdd98 , 56728
172845000: system.memobj: size 0x8
172845000: system.memobj: id 94061725662256
172845000: system.memobj: data_hex : 040000488D461748 
172845000: system.memobj: data : 0000010000000000000000000100100010001101010001100001011101001000 
172845000: system.memobj: fix data : 0000010000000000000000000100100010001101010001100001011101001000 
172845000: system.memobj: -------------------------------------
172894000: system.memobj: mem->cpu Got response for addr 0xdd98 , 56728
172894000: system.memobj: size 0x8
172894000: system.memobj: id 94061725661392
172894000: system.memobj: data_hex : 040000488D461748 
172894000: system.memobj: data : 0000010000000000000000000100100010001101010001100001011101001000 
172894000: system.memobj: fix data : 0000010000000000000000000100100010001101010001100001011101001000 
172894000: system.memobj: -------------------------------------
172943000: system.memobj: mem->cpu Got response for addr 0xdd98 , 56728
172943000: system.memobj: size 0x8
172943000: system.memobj: id 94061725662256
172943000: system.memobj: data_hex : 040000488D461748 
172943000: system.memobj: data : 0000010000000000000000000100100010001101010001100001011101001000 
172943000: system.memobj: fix data : 0000010000000000000000000100100010001101010001100001011101001000 
172943000: system.memobj: -------------------------------------
172992000: system.memobj: mem->cpu Got response for addr 0xdda0 , 56736
172992000: system.memobj: size 0x8
172992000: system.memobj: id 94061725661392
172992000: system.memobj: data_hex : C744244020000000 
172992000: system.memobj: data : 1100011101000100001001000100000000100000000000000000000000000000 
172992000: system.memobj: fix data : 1100011101000100001001000100000000100000000000000000000000000000 
172992000: system.memobj: -------------------------------------
172992000: system.memobj: cpu->mem Got request for addr 0x94aa0 , 608928
172992000: system.memobj: size 0x8
172992000: system.memobj: id 94061725662256
172992000: system.memobj: data_hex : 2000000000000000 
172992000: system.memobj: data : 0010000000000000000000000000000000000000000000000000000000000000 
172992000: system.memobj: hamming code addr: 608928 
172992000: system.memobj: hamming code : 6 
172992000: system.memobj: hamming code addr: 608936 
172992000: system.memobj: hamming code : 0 
172992000: system.memobj: hamming code addr: 608944 
172992000: system.memobj: hamming code : 0 
172992000: system.memobj: hamming code addr: 608952 
172992000: system.memobj: hamming code : 0 
172992000: system.memobj: hamming code addr: 608960 
172992000: system.memobj: hamming code : 0 
172992000: system.memobj: hamming code addr: 608968 
172992000: system.memobj: hamming code : 0 
172992000: system.memobj: hamming code addr: 608976 
172992000: system.memobj: hamming code : 0 
172992000: system.memobj: hamming code addr: 608984 
172992000: system.memobj: hamming code : 0 
172992000: system.memobj: Enter Error Bit index: 6 
172992000: system.memobj: flip data : 0010010000000000000000000000000000000000000000000000000000000000 
172992000: system.memobj: -------------------------------------
173076000: system.memobj: mem->cpu Got response for addr 0xdda8 , 56744
173076000: system.memobj: size 0x8
173076000: system.memobj: id 94061725662256
173076000: system.memobj: data_hex : 488B4F284889C248 
173076000: system.memobj: data : 0100100010001011010011110010100001001000100010011100001001001000 
173076000: system.memobj: fix data : 0100100010001011010011110010100001001000100010011100001001001000 
173076000: system.memobj: -------------------------------------
173096000: system.memobj: mem->cpu Got response for addr 0x924a8 , 599208
173096000: system.memobj: size 0x8
173096000: system.memobj: id 94061725661392
173096000: system.memobj: data_hex : D100000000000000 
173096000: system.memobj: data : 1101000100000000000000000000000000000000000000000000000000000000 
173096000: system.memobj: hamming code addr: 599208 
173096000: system.memobj: hamming code out: 14 
173096000: system.memobj: find Error Bit index : 1 
173096000: system.memobj: hamming code addr: 599216 
173096000: system.memobj: hamming code out: 0 
173096000: system.memobj: hamming code addr: 599224 
173096000: system.memobj: hamming code out: 0 
173096000: system.memobj: hamming code addr: 599232 
173096000: system.memobj: hamming code out: 0 
173096000: system.memobj: hamming code addr: 599240 
173096000: system.memobj: hamming code out: 0 
173096000: system.memobj: hamming code addr: 599248 
173096000: system.memobj: hamming code out: 0 
173096000: system.memobj: hamming code addr: 599256 
173096000: system.memobj: hamming code out: 0 
173096000: system.memobj: hamming code addr: 599264 
173096000: system.memobj: hamming code out: 0 
173096000: system.memobj: fix data : 0101000100000000000000000000000000000000000000000000000000000000 
173096000: system.memobj: -------------------------------------
173145000: system.memobj: mem->cpu Got response for addr 0xdda8 , 56744
173145000: system.memobj: size 0x8
173145000: system.memobj: id 94061725661392
173145000: system.memobj: data_hex : 488B4F284889C248 
173145000: system.memobj: data : 0100100010001011010011110010100001001000100010011100001001001000 
173145000: system.memobj: fix data : 0100100010001011010011110010100001001000100010011100001001001000 
173145000: system.memobj: -------------------------------------
173194000: system.memobj: mem->cpu Got response for addr 0xdda8 , 56744
173194000: system.memobj: size 0x8
173194000: system.memobj: id 94061725662256
173194000: system.memobj: data_hex : 488B4F284889C248 
173194000: system.memobj: data : 0100100010001011010011110010100001001000100010011100001001001000 
173194000: system.memobj: fix data : 0100100010001011010011110010100001001000100010011100001001001000 
173194000: system.memobj: -------------------------------------
173243000: system.memobj: mem->cpu Got response for addr 0xddb0 , 56752
173243000: system.memobj: size 0x8
173243000: system.memobj: id 94061725661392
173243000: system.memobj: data_hex : 83E2F04883F82048 
173243000: system.memobj: data : 1000001111100010111100000100100010000011111110000010000001001000 
173243000: system.memobj: fix data : 1000001111100010111100000100100010000011111110000010000001001000 
173243000: system.memobj: -------------------------------------
173292000: system.memobj: mem->cpu Got response for addr 0xddb0 , 56752
173292000: system.memobj: size 0x8
173292000: system.memobj: id 94061725662256
173292000: system.memobj: data_hex : 83E2F04883F82048 
173292000: system.memobj: data : 1000001111100010111100000100100010000011111110000010000001001000 
173292000: system.memobj: fix data : 1000001111100010111100000100100010000011111110000010000001001000 
173292000: system.memobj: -------------------------------------
173341000: system.memobj: mem->cpu Got response for addr 0xddb0 , 56752
173341000: system.memobj: size 0x8
173341000: system.memobj: id 94061725661392
173341000: system.memobj: data_hex : 83E2F04883F82048 
173341000: system.memobj: data : 1000001111100010111100000100100010000011111110000010000001001000 
173341000: system.memobj: fix data : 1000001111100010111100000100100010000011111110000010000001001000 
173341000: system.memobj: -------------------------------------
173390000: system.memobj: mem->cpu Got response for addr 0xddb8 , 56760
173390000: system.memobj: size 0x8
173390000: system.memobj: id 94061725662256
173390000: system.memobj: data_hex : 0F425424404839D1 
173390000: system.memobj: data : 0000111101000010010101000010010001000000010010000011100111010001 
173390000: system.memobj: fix data : 0000111101000010010101000010010001000000010010000011100111010001 
173390000: system.memobj: -------------------------------------
173453000: system.memobj: mem->cpu Got response for addr 0x94aa0 , 608928
173453000: system.memobj: size 0x8
173453000: system.memobj: id 94061725661392
173453000: system.memobj: data_hex : 2400000000000000 
173453000: system.memobj: data : 0010010000000000000000000000000000000000000000000000000000000000 
173453000: system.memobj: hamming code addr: 608928 
173453000: system.memobj: hamming code out: 6 
173453000: system.memobj: find Error Bit index : 6 
173453000: system.memobj: hamming code addr: 608936 
173453000: system.memobj: hamming code out: 0 
173453000: system.memobj: hamming code addr: 608944 
173453000: system.memobj: hamming code out: 0 
173453000: system.memobj: hamming code addr: 608952 
173453000: system.memobj: hamming code out: 0 
173453000: system.memobj: hamming code addr: 608960 
173453000: system.memobj: hamming code out: 0 
173453000: system.memobj: hamming code addr: 608968 
173453000: system.memobj: hamming code out: 0 
173453000: system.memobj: hamming code addr: 608976 
173453000: system.memobj: hamming code out: 0 
173453000: system.memobj: hamming code addr: 608984 
173453000: system.memobj: hamming code out: 0 
173453000: system.memobj: fix data : 0010000000000000000000000000000000000000000000000000000000000000 
173453000: system.memobj: -------------------------------------
173502000: system.memobj: mem->cpu Got response for addr 0xddb8 , 56760
173502000: system.memobj: size 0x8
173502000: system.memobj: id 94061725661392
173502000: system.memobj: data_hex : 0F425424404839D1 
173502000: system.memobj: data : 0000111101000010010101000010010001000000010010000011100111010001 
173502000: system.memobj: fix data : 0000111101000010010101000010010001000000010010000011100111010001 
173502000: system.memobj: -------------------------------------
173551000: system.memobj: mem->cpu Got response for addr 0xddc0 , 56768
173551000: system.memobj: size 0x8
173551000: system.memobj: id 94061725662256
173551000: system.memobj: data_hex : 4889542440724E8B 
173551000: system.memobj: data : 0100100010001001010101000010010001000000011100100100111010001011 
173551000: system.memobj: fix data : 0100100010001001010101000010010001000000011100100100111010001011 
173551000: system.memobj: -------------------------------------
173551000: system.memobj: cpu->mem Got request for addr 0x94aa0 , 608928
173551000: system.memobj: size 0x8
173551000: system.memobj: id 94061725661392
173551000: system.memobj: data_hex : 2000000000000000 
173551000: system.memobj: data : 0010000000000000000000000000000000000000000000000000000000000000 
173551000: system.memobj: hamming code addr: 608928 
173551000: system.memobj: hamming code : 6 
173551000: system.memobj: hamming code addr: 608936 
173551000: system.memobj: hamming code : 0 
173551000: system.memobj: hamming code addr: 608944 
173551000: system.memobj: hamming code : 0 
173551000: system.memobj: hamming code addr: 608952 
173551000: system.memobj: hamming code : 0 
173551000: system.memobj: hamming code addr: 608960 
173551000: system.memobj: hamming code : 0 
173551000: system.memobj: hamming code addr: 608968 
173551000: system.memobj: hamming code : 0 
173551000: system.memobj: hamming code addr: 608976 
173551000: system.memobj: hamming code : 0 
173551000: system.memobj: hamming code addr: 608984 
173551000: system.memobj: hamming code : 0 
173551000: system.memobj: Enter Error Bit index: 8 
173551000: system.memobj: flip data : 0010000100000000000000000000000000000000000000000000000000000000 
173551000: system.memobj: -------------------------------------
173621000: system.memobj: mem->cpu Got response for addr 0xddc0 , 56768
173621000: system.memobj: size 0x8
173621000: system.memobj: id 94061725661392
173621000: system.memobj: data_hex : 4889542440724E8B 
173621000: system.memobj: data : 0100100010001001010101000010010001000000011100100100111010001011 
173621000: system.memobj: fix data : 0100100010001001010101000010010001000000011100100100111010001011 
173621000: system.memobj: -------------------------------------
173670000: system.memobj: mem->cpu Got response for addr 0xddc0 , 56768
173670000: system.memobj: size 0x8
173670000: system.memobj: id 94061725662256
173670000: system.memobj: data_hex : 4889542440724E8B 
173670000: system.memobj: data : 0100100010001001010101000010010001000000011100100100111010001011 
173670000: system.memobj: fix data : 0100100010001001010101000010010001000000011100100100111010001011 
173670000: system.memobj: -------------------------------------
173719000: system.memobj: mem->cpu Got response for addr 0xddc8 , 56776
173719000: system.memobj: size 0x8
173719000: system.memobj: id 94061725661392
173719000: system.memobj: data_hex : 442440C1E8038D50 
173719000: system.memobj: data : 0100010000100100010000001100000111101000000000111000110101010000 
173719000: system.memobj: fix data : 0100010000100100010000001100000111101000000000111000110101010000 
173719000: system.memobj: -------------------------------------
173768000: system.memobj: mem->cpu Got response for addr 0x94aa0 , 608928
173768000: system.memobj: size 0x4
173768000: system.memobj: id 94061725662256
173768000: system.memobj: data_hex : 21000000 
173768000: system.memobj: data : 00100001000000000000000000000000 
173768000: system.memobj: hamming code addr: 608928 
173768000: system.memobj: hamming code out: 6 
173768000: system.memobj: find Error Bit index : 8 
173768000: system.memobj: hamming code addr: 608936 
173768000: system.memobj: hamming code out: 0 
173768000: system.memobj: hamming code addr: 608944 
173768000: system.memobj: hamming code out: 0 
173768000: system.memobj: hamming code addr: 608952 
173768000: system.memobj: hamming code out: 0 
173768000: system.memobj: fix data : 00100000000000000000000000000000 
173768000: system.memobj: -------------------------------------
173817000: system.memobj: mem->cpu Got response for addr 0xddc8 , 56776
173817000: system.memobj: size 0x8
173817000: system.memobj: id 94061725662256
173817000: system.memobj: data_hex : 442440C1E8038D50 
173817000: system.memobj: data : 0100010000100100010000001100000111101000000000111000110101010000 
173817000: system.memobj: fix data : 0100010000100100010000001100000111101000000000111000110101010000 
173817000: system.memobj: -------------------------------------
173866000: system.memobj: mem->cpu Got response for addr 0xddc8 , 56776
173866000: system.memobj: size 0x8
173866000: system.memobj: id 94061725661392
173866000: system.memobj: data_hex : 442440C1E8038D50 
173866000: system.memobj: data : 0100010000100100010000001100000111101000000000111000110101010000 
173866000: system.memobj: fix data : 0100010000100100010000001100000111101000000000111000110101010000 
173866000: system.memobj: -------------------------------------
173915000: system.memobj: mem->cpu Got response for addr 0xddd0 , 56784
173915000: system.memobj: size 0x8
173915000: system.memobj: id 94061725662256
173915000: system.memobj: data_hex : FE488D2CD74C8B65 
173915000: system.memobj: data : 1111111001001000100011010010110011010111010011001000101101100101 
173915000: system.memobj: fix data : 1111111001001000100011010010110011010111010011001000101101100101 
173915000: system.memobj: -------------------------------------
173964000: system.memobj: mem->cpu Got response for addr 0xddd0 , 56784
173964000: system.memobj: size 0x8
173964000: system.memobj: id 94061725661392
173964000: system.memobj: data_hex : FE488D2CD74C8B65 
173964000: system.memobj: data : 1111111001001000100011010010110011010111010011001000101101100101 
173964000: system.memobj: fix data : 1111111001001000100011010010110011010111010011001000101101100101 
173964000: system.memobj: -------------------------------------
174027000: system.memobj: mem->cpu Got response for addr 0xddd0 , 56784
174027000: system.memobj: size 0x8
174027000: system.memobj: id 94061725662256
174027000: system.memobj: data_hex : FE488D2CD74C8B65 
174027000: system.memobj: data : 1111111001001000100011010010110011010111010011001000101101100101 
174027000: system.memobj: fix data : 1111111001001000100011010010110011010111010011001000101101100101 
174027000: system.memobj: -------------------------------------
174076000: system.memobj: mem->cpu Got response for addr 0xddd8 , 56792
174076000: system.memobj: size 0x8
174076000: system.memobj: id 94061725661392
174076000: system.memobj: data_hex : 304D85E47437418B 
174076000: system.memobj: data : 0011000001001101100001011110010001110100001101110100000110001011 
174076000: system.memobj: fix data : 0011000001001101100001011110010001110100001101110100000110001011 
174076000: system.memobj: -------------------------------------
174139000: system.memobj: mem->cpu Got response for addr 0x924c0 , 599232
174139000: system.memobj: size 0x8
174139000: system.memobj: id 94061725662256
174139000: system.memobj: data_hex : 0000000000000000 
174139000: system.memobj: data : 0000000000000000000000000000000000000000000000000000000000000000 
174139000: system.memobj: fix data : 0000000000000000000000000000000000000000000000000000000000000000 
174139000: system.memobj: -------------------------------------
174188000: system.memobj: mem->cpu Got response for addr 0xddd8 , 56792
174188000: system.memobj: size 0x8
174188000: system.memobj: id 94061725662256
174188000: system.memobj: data_hex : 304D85E47437418B 
174188000: system.memobj: data : 0011000001001101100001011110010001110100001101110100000110001011 
174188000: system.memobj: fix data : 0011000001001101100001011110010001110100001101110100000110001011 
174188000: system.memobj: -------------------------------------
174237000: system.memobj: mem->cpu Got response for addr 0xddd8 , 56792
174237000: system.memobj: size 0x8
174237000: system.memobj: id 94061725661392
174237000: system.memobj: data_hex : 304D85E47437418B 
174237000: system.memobj: data : 0011000001001101100001011110010001110100001101110100000110001011 
174237000: system.memobj: fix data : 0011000001001101100001011110010001110100001101110100000110001011 
174237000: system.memobj: -------------------------------------
174286000: system.memobj: mem->cpu Got response for addr 0xde10 , 56848
174286000: system.memobj: size 0x8
174286000: system.memobj: id 94061725662256
174286000: system.memobj: data_hex : 415E415FC348817C 
174286000: system.memobj: data : 0100000101011110010000010101111111000011010010001000000101111100 
174286000: system.memobj: fix data : 0100000101011110010000010101111111000011010010001000000101111100 
174286000: system.memobj: -------------------------------------
174335000: system.memobj: mem->cpu Got response for addr 0xde18 , 56856
174335000: system.memobj: size 0x8
174335000: system.memobj: id 94061725661392
174335000: system.memobj: data_hex : 2440FF0100007764 
174335000: system.memobj: data : 0010010001000000111111110000000100000000000000000111011101100100 
174335000: system.memobj: fix data : 0010010001000000111111110000000100000000000000000111011101100100 
174335000: system.memobj: -------------------------------------
174384000: system.memobj: mem->cpu Got response for addr 0x94aa0 , 608928
174384000: system.memobj: size 0x8
174384000: system.memobj: id 94061725662256
174384000: system.memobj: data_hex : 2100000000000000 
174384000: system.memobj: data : 0010000100000000000000000000000000000000000000000000000000000000 
174384000: system.memobj: hamming code addr: 608928 
174384000: system.memobj: hamming code out: 6 
174384000: system.memobj: find Error Bit index : 8 
174384000: system.memobj: hamming code addr: 608936 
174384000: system.memobj: hamming code out: 0 
174384000: system.memobj: hamming code addr: 608944 
174384000: system.memobj: hamming code out: 0 
174384000: system.memobj: hamming code addr: 608952 
174384000: system.memobj: hamming code out: 0 
174384000: system.memobj: hamming code addr: 608960 
174384000: system.memobj: hamming code out: 0 
174384000: system.memobj: hamming code addr: 608968 
174384000: system.memobj: hamming code out: 0 
174384000: system.memobj: hamming code addr: 608976 
174384000: system.memobj: hamming code out: 0 
174384000: system.memobj: hamming code addr: 608984 
174384000: system.memobj: hamming code out: 0 
174384000: system.memobj: fix data : 0010000000000000000000000000000000000000000000000000000000000000 
174384000: system.memobj: -------------------------------------
174433000: system.memobj: mem->cpu Got response for addr 0xde18 , 56856
174433000: system.memobj: size 0x8
174433000: system.memobj: id 94061725662256
174433000: system.memobj: data_hex : 2440FF0100007764 
174433000: system.memobj: data : 0010010001000000111111110000000100000000000000000111011101100100 
174433000: system.memobj: fix data : 0010010001000000111111110000000100000000000000000111011101100100 
174433000: system.memobj: -------------------------------------
174482000: system.memobj: mem->cpu Got response for addr 0xde20 , 56864
174482000: system.memobj: size 0x8
174482000: system.memobj: id 94061725661392
174482000: system.memobj: data_hex : 448B7C244041C1EF 
174482000: system.memobj: data : 0100010010001011011111000010010001000000010000011100000111101111 
174482000: system.memobj: fix data : 0100010010001011011111000010010001000000010000011100000111101111 
174482000: system.memobj: -------------------------------------
174531000: system.memobj: mem->cpu Got response for addr 0x94aa0 , 608928
174531000: system.memobj: size 0x4
174531000: system.memobj: id 94061725662256
174531000: system.memobj: data_hex : 21000000 
174531000: system.memobj: data : 00100001000000000000000000000000 
174531000: system.memobj: hamming code addr: 608928 
174531000: system.memobj: hamming code out: 6 
174531000: system.memobj: find Error Bit index : 8 
174531000: system.memobj: hamming code addr: 608936 
174531000: system.memobj: hamming code out: 0 
174531000: system.memobj: hamming code addr: 608944 
174531000: system.memobj: hamming code out: 0 
174531000: system.memobj: hamming code addr: 608952 
174531000: system.memobj: hamming code out: 0 
174531000: system.memobj: fix data : 00100000000000000000000000000000 
174531000: system.memobj: -------------------------------------
174580000: system.memobj: mem->cpu Got response for addr 0xde20 , 56864
174580000: system.memobj: size 0x8
174580000: system.memobj: id 94061725662256
174580000: system.memobj: data_hex : 448B7C244041C1EF 
174580000: system.memobj: data : 0100010010001011011111000010010001000000010000011100000111101111 
174580000: system.memobj: fix data : 0100010010001011011111000010010001000000010000011100000111101111 
174580000: system.memobj: -------------------------------------
174629000: system.memobj: mem->cpu Got response for addr 0xde28 , 56872
174629000: system.memobj: size 0x8
174629000: system.memobj: id 94061725661392
174629000: system.memobj: data_hex : 03438D043F89C049 
174629000: system.memobj: data : 0000001101000011100011010000010000111111100010011100000001001001 
174629000: system.memobj: fix data : 0000001101000011100011010000010000111111100010011100000001001001 
174629000: system.memobj: -------------------------------------
174678000: system.memobj: mem->cpu Got response for addr 0xde28 , 56872
174678000: system.memobj: size 0x8
174678000: system.memobj: id 94061725662256
174678000: system.memobj: data_hex : 03438D043F89C049 
174678000: system.memobj: data : 0000001101000011100011010000010000111111100010011100000001001001 
174678000: system.memobj: fix data : 0000001101000011100011010000010000111111100010011100000001001001 
174678000: system.memobj: -------------------------------------
174727000: system.memobj: mem->cpu Got response for addr 0xde28 , 56872
174727000: system.memobj: size 0x8
174727000: system.memobj: id 94061725661392
174727000: system.memobj: data_hex : 03438D043F89C049 
174727000: system.memobj: data : 0000001101000011100011010000010000111111100010011100000001001001 
174727000: system.memobj: fix data : 0000001101000011100011010000010000111111100010011100000001001001 
174727000: system.memobj: -------------------------------------
174776000: system.memobj: mem->cpu Got response for addr 0xde28 , 56872
174776000: system.memobj: size 0x8
174776000: system.memobj: id 94061725662256
174776000: system.memobj: data_hex : 03438D043F89C049 
174776000: system.memobj: data : 0000001101000011100011010000010000111111100010011100000001001001 
174776000: system.memobj: fix data : 0000001101000011100011010000010000111111100010011100000001001001 
174776000: system.memobj: -------------------------------------
174825000: system.memobj: mem->cpu Got response for addr 0xde30 , 56880
174825000: system.memobj: size 0x8
174825000: system.memobj: id 94061725661392
174825000: system.memobj: data_hex : 8DBCC5880000004C 
174825000: system.memobj: data : 1000110110111100110001011000100000000000000000000000000001001100 
174825000: system.memobj: fix data : 1000110110111100110001011000100000000000000000000000000001001100 
174825000: system.memobj: -------------------------------------
174874000: system.memobj: mem->cpu Got response for addr 0xde30 , 56880
174874000: system.memobj: size 0x8
174874000: system.memobj: id 94061725662256
174874000: system.memobj: data_hex : 8DBCC5880000004C 
174874000: system.memobj: data : 1000110110111100110001011000100000000000000000000000000001001100 
174874000: system.memobj: fix data : 1000110110111100110001011000100000000000000000000000000001001100 
174874000: system.memobj: -------------------------------------
174923000: system.memobj: mem->cpu Got response for addr 0xde38 , 56888
174923000: system.memobj: size 0x8
174923000: system.memobj: id 94061725661392
174923000: system.memobj: data_hex : 8B67184939FC7464 
174923000: system.memobj: data : 1000101101100111000110000100100100111001111111000111010001100100 
174923000: system.memobj: fix data : 1000101101100111000110000100100100111001111111000111010001100100 
174923000: system.memobj: -------------------------------------
174972000: system.memobj: mem->cpu Got response for addr 0x92560 , 599392
174972000: system.memobj: size 0x8
174972000: system.memobj: id 94061725662256
174972000: system.memobj: data_hex : 5825590000000000 
174972000: system.memobj: data : 0101100000100101010110010000000000000000000000000000000000000000 
174972000: system.memobj: hamming code addr: 599392 
174972000: system.memobj: hamming code out: 12 
174972000: system.memobj: find Error Bit index : 4 
174972000: system.memobj: hamming code addr: 599400 
174972000: system.memobj: hamming code out: 0 
174972000: system.memobj: hamming code addr: 599408 
174972000: system.memobj: hamming code out: 7 
174972000: system.memobj: hamming code addr: 599416 
174972000: system.memobj: hamming code out: 0 
174972000: system.memobj: hamming code addr: 599424 
174972000: system.memobj: hamming code out: 0 
174972000: system.memobj: hamming code addr: 599432 
174972000: system.memobj: hamming code out: 0 
174972000: system.memobj: hamming code addr: 599440 
174972000: system.memobj: hamming code out: 0 
174972000: system.memobj: hamming code addr: 599448 
174972000: system.memobj: hamming code out: 0 
174972000: system.memobj: fix data : 0100100000100101010110010000000000000000000000000000000000000000 
174972000: system.memobj: -------------------------------------
175035000: system.memobj: mem->cpu Got response for addr 0xde38 , 56888
175035000: system.memobj: size 0x8
175035000: system.memobj: id 94061725662256
175035000: system.memobj: data_hex : 8B67184939FC7464 
175035000: system.memobj: data : 1000101101100111000110000100100100111001111111000111010001100100 
175035000: system.memobj: fix data : 1000101101100111000110000100100100111001111111000111010001100100 
175035000: system.memobj: -------------------------------------
175084000: system.memobj: mem->cpu Got response for addr 0xde38 , 56888
175084000: system.memobj: size 0x8
175084000: system.memobj: id 94061725661392
175084000: system.memobj: data_hex : 8B67184939FC7464 
175084000: system.memobj: data : 1000101101100111000110000100100100111001111111000111010001100100 
175084000: system.memobj: fix data : 1000101101100111000110000100100100111001111111000111010001100100 
175084000: system.memobj: -------------------------------------
175133000: system.memobj: mem->cpu Got response for addr 0xdea0 , 56992
175133000: system.memobj: size 0x8
175133000: system.memobj: id 94061725662256
175133000: system.memobj: data_hex : E8010000488B5424 
175133000: system.memobj: data : 1110100000000001000000000000000001001000100010110101010000100100 
175133000: system.memobj: fix data : 1110100000000001000000000000000001001000100010110101010000100100 
175133000: system.memobj: -------------------------------------
175182000: system.memobj: mem->cpu Got response for addr 0xdea8 , 57000
175182000: system.memobj: size 0x8
175182000: system.memobj: id 94061725661392
175182000: system.memobj: data_hex : 40488B4C24404D8D 
175182000: system.memobj: data : 0100000001001000100010110100110000100100010000000100110110001101 
175182000: system.memobj: fix data : 0100000001001000100010110100110000100100010000000100110110001101 
175182000: system.memobj: -------------------------------------
175231000: system.memobj: mem->cpu Got response for addr 0x94aa0 , 608928
175231000: system.memobj: size 0x8
175231000: system.memobj: id 94061725662256
175231000: system.memobj: data_hex : 2100000000000000 
175231000: system.memobj: data : 0010000100000000000000000000000000000000000000000000000000000000 
175231000: system.memobj: hamming code addr: 608928 
175231000: system.memobj: hamming code out: 6 
175231000: system.memobj: find Error Bit index : 8 
175231000: system.memobj: hamming code addr: 608936 
175231000: system.memobj: hamming code out: 0 
175231000: system.memobj: hamming code addr: 608944 
175231000: system.memobj: hamming code out: 0 
175231000: system.memobj: hamming code addr: 608952 
175231000: system.memobj: hamming code out: 0 
175231000: system.memobj: hamming code addr: 608960 
175231000: system.memobj: hamming code out: 0 
175231000: system.memobj: hamming code addr: 608968 
175231000: system.memobj: hamming code out: 0 
175231000: system.memobj: hamming code addr: 608976 
175231000: system.memobj: hamming code out: 0 
175231000: system.memobj: hamming code addr: 608984 
175231000: system.memobj: hamming code out: 0 
175231000: system.memobj: fix data : 0010000000000000000000000000000000000000000000000000000000000000 
175231000: system.memobj: -------------------------------------
175280000: system.memobj: mem->cpu Got response for addr 0xdea8 , 57000
175280000: system.memobj: size 0x8
175280000: system.memobj: id 94061725662256
175280000: system.memobj: data_hex : 40488B4C24404D8D 
175280000: system.memobj: data : 0100000001001000100010110100110000100100010000000100110110001101 
175280000: system.memobj: fix data : 0100000001001000100010110100110000100100010000000100110110001101 
175280000: system.memobj: -------------------------------------
175329000: system.memobj: mem->cpu Got response for addr 0x94aa0 , 608928
175329000: system.memobj: size 0x8
175329000: system.memobj: id 94061725661392
175329000: system.memobj: data_hex : 2100000000000000 
175329000: system.memobj: data : 0010000100000000000000000000000000000000000000000000000000000000 
175329000: system.memobj: hamming code addr: 608928 
175329000: system.memobj: hamming code out: 6 
175329000: system.memobj: find Error Bit index : 8 
175329000: system.memobj: hamming code addr: 608936 
175329000: system.memobj: hamming code out: 0 
175329000: system.memobj: hamming code addr: 608944 
175329000: system.memobj: hamming code out: 0 
175329000: system.memobj: hamming code addr: 608952 
175329000: system.memobj: hamming code out: 0 
175329000: system.memobj: hamming code addr: 608960 
175329000: system.memobj: hamming code out: 0 
175329000: system.memobj: hamming code addr: 608968 
175329000: system.memobj: hamming code out: 0 
175329000: system.memobj: hamming code addr: 608976 
175329000: system.memobj: hamming code out: 0 
175329000: system.memobj: hamming code addr: 608984 
175329000: system.memobj: hamming code out: 0 
175329000: system.memobj: fix data : 0010000000000000000000000000000000000000000000000000000000000000 
175329000: system.memobj: -------------------------------------
175378000: system.memobj: mem->cpu Got response for addr 0xdea8 , 57000
175378000: system.memobj: size 0x8
175378000: system.memobj: id 94061725661392
175378000: system.memobj: data_hex : 40488B4C24404D8D 
175378000: system.memobj: data : 0100000001001000100010110100110000100100010000000100110110001101 
175378000: system.memobj: fix data : 0100000001001000100010110100110000100100010000000100110110001101 
175378000: system.memobj: -------------------------------------
175427000: system.memobj: mem->cpu Got response for addr 0xdeb0 , 57008
175427000: system.memobj: size 0x8
175427000: system.memobj: id 94061725662256
175427000: system.memobj: data_hex : B5980000004883CA 
175427000: system.memobj: data : 1011010110011000000000000000000000000000010010001000001111001010 
175427000: system.memobj: fix data : 1011010110011000000000000000000000000000010010001000001111001010 
175427000: system.memobj: -------------------------------------
175476000: system.memobj: mem->cpu Got response for addr 0xdeb0 , 57008
175476000: system.memobj: size 0x8
175476000: system.memobj: id 94061725661392
175476000: system.memobj: data_hex : B5980000004883CA 
175476000: system.memobj: data : 1011010110011000000000000000000000000000010010001000001111001010 
175476000: system.memobj: fix data : 1011010110011000000000000000000000000000010010001000001111001010 
175476000: system.memobj: -------------------------------------
175525000: system.memobj: mem->cpu Got response for addr 0xdeb8 , 57016
175525000: system.memobj: size 0x8
175525000: system.memobj: id 94061725662256
175525000: system.memobj: data_hex : 014883C120488954 
175525000: system.memobj: data : 0000000101001000100000111100000100100000010010001000100101010100 
175525000: system.memobj: fix data : 0000000101001000100000111100000100100000010010001000100101010100 
175525000: system.memobj: -------------------------------------
175574000: system.memobj: mem->cpu Got response for addr 0xdeb8 , 57016
175574000: system.memobj: size 0x8
175574000: system.memobj: id 94061725661392
175574000: system.memobj: data_hex : 014883C120488954 
175574000: system.memobj: data : 0000000101001000100000111100000100100000010010001000100101010100 
175574000: system.memobj: fix data : 0000000101001000100000111100000100100000010010001000100101010100 
175574000: system.memobj: -------------------------------------
175623000: system.memobj: mem->cpu Got response for addr 0xdeb8 , 57016
175623000: system.memobj: size 0x8
175623000: system.memobj: id 94061725662256
175623000: system.memobj: data_hex : 014883C120488954 
175623000: system.memobj: data : 0000000101001000100000111100000100100000010010001000100101010100 
175623000: system.memobj: fix data : 0000000101001000100000111100000100100000010010001000100101010100 
175623000: system.memobj: -------------------------------------
175672000: system.memobj: mem->cpu Got response for addr 0xdec0 , 57024
175672000: system.memobj: size 0x8
175672000: system.memobj: id 94061725661392
175672000: system.memobj: data_hex : 2438488954240848 
175672000: system.memobj: data : 0010010000111000010010001000100101010100001001000000100001001000 
175672000: system.memobj: fix data : 0010010000111000010010001000100101010100001001000000100001001000 
175672000: system.memobj: -------------------------------------
175672000: system.memobj: cpu->mem Got request for addr 0x94a98 , 608920
175672000: system.memobj: size 0x8
175672000: system.memobj: id 94061725662256
175672000: system.memobj: data_hex : 2100000000000000 
175672000: system.memobj: data : 0010000100000000000000000000000000000000000000000000000000000000 
175672000: system.memobj: hamming code addr: 608920 
175672000: system.memobj: hamming code : 10 
175672000: system.memobj: hamming code addr: 608928 
175672000: system.memobj: hamming code : 0 
175672000: system.memobj: hamming code addr: 608936 
175672000: system.memobj: hamming code : 0 
175672000: system.memobj: hamming code addr: 608944 
175672000: system.memobj: hamming code : 0 
175672000: system.memobj: hamming code addr: 608952 
175672000: system.memobj: hamming code : 0 
175672000: system.memobj: hamming code addr: 608960 
175672000: system.memobj: hamming code : 0 
175672000: system.memobj: hamming code addr: 608968 
175672000: system.memobj: hamming code : 0 
175672000: system.memobj: hamming code addr: 608976 
175672000: system.memobj: hamming code : 0 
175672000: system.memobj: Enter Error Bit index: 2 
175672000: system.memobj: flip data : 0110000100000000000000000000000000000000000000000000000000000000 
175672000: system.memobj: -------------------------------------
175742000: system.memobj: mem->cpu Got response for addr 0xdec0 , 57024
175742000: system.memobj: size 0x8
175742000: system.memobj: id 94061725662256
175742000: system.memobj: data_hex : 2438488954240848 
175742000: system.memobj: data : 0010010000111000010010001000100101010100001001000000100001001000 
175742000: system.memobj: fix data : 0010010000111000010010001000100101010100001001000000100001001000 
175742000: system.memobj: -------------------------------------
175742000: system.memobj: cpu->mem Got request for addr 0x94a68 , 608872
175742000: system.memobj: size 0x8
175742000: system.memobj: id 94061725661392
175742000: system.memobj: data_hex : 2100000000000000 
175742000: system.memobj: data : 0010000100000000000000000000000000000000000000000000000000000000 
175742000: system.memobj: hamming code addr: 608872 
175742000: system.memobj: hamming code : 10 
175742000: system.memobj: hamming code addr: 608880 
175742000: system.memobj: hamming code : 0 
175742000: system.memobj: hamming code addr: 608888 
175742000: system.memobj: hamming code : 0 
175742000: system.memobj: hamming code addr: 608896 
175742000: system.memobj: hamming code : 0 
175742000: system.memobj: hamming code addr: 608904 
175742000: system.memobj: hamming code : 0 
175742000: system.memobj: hamming code addr: 608912 
175742000: system.memobj: hamming code : 0 
175742000: system.memobj: hamming code addr: 608920 
175742000: system.memobj: hamming code : 0 
175742000: system.memobj: hamming code addr: 608928 
175742000: system.memobj: hamming code : 0 
175742000: system.memobj: Enter Error Bit index: 2 
175742000: system.memobj: flip data : 0110000100000000000000000000000000000000000000000000000000000000 
175742000: system.memobj: -------------------------------------
175812000: system.memobj: mem->cpu Got response for addr 0xdec0 , 57024
175812000: system.memobj: size 0x8
175812000: system.memobj: id 94061725661392
175812000: system.memobj: data_hex : 2438488954240848 
175812000: system.memobj: data : 0010010000111000010010001000100101010100001001000000100001001000 
175812000: system.memobj: fix data : 0010010000111000010010001000100101010100001001000000100001001000 
175812000: system.memobj: -------------------------------------
175861000: system.memobj: mem->cpu Got response for addr 0xdec8 , 57032
175861000: system.memobj: size 0x8
175861000: system.memobj: id 94061725662256
175861000: system.memobj: data_hex : 890C24EB49666690 
175861000: system.memobj: data : 1000100100001100001001001110101101001001011001100110011010010000 
175861000: system.memobj: fix data : 1000100100001100001001001110101101001001011001100110011010010000 
175861000: system.memobj: -------------------------------------
175861000: system.memobj: cpu->mem Got request for addr 0x94a60 , 608864
175861000: system.memobj: size 0x8
175861000: system.memobj: id 94061725661392
175861000: system.memobj: data_hex : 4000000000000000 
175861000: system.memobj: data : 0100000000000000000000000000000000000000000000000000000000000000 
175861000: system.memobj: hamming code addr: 608864 
175861000: system.memobj: hamming code : 5 
175861000: system.memobj: hamming code addr: 608872 
175861000: system.memobj: hamming code : 0 
175861000: system.memobj: hamming code addr: 608880 
175861000: system.memobj: hamming code : 0 
175861000: system.memobj: hamming code addr: 608888 
175861000: system.memobj: hamming code : 0 
175861000: system.memobj: hamming code addr: 608896 
175861000: system.memobj: hamming code : 0 
175861000: system.memobj: hamming code addr: 608904 
175861000: system.memobj: hamming code : 0 
175861000: system.memobj: hamming code addr: 608912 
175861000: system.memobj: hamming code : 0 
175861000: system.memobj: hamming code addr: 608920 
175861000: system.memobj: hamming code : 0 
175861000: system.memobj: Enter Error Bit index: 6 
175861000: system.memobj: flip data : 0100010000000000000000000000000000000000000000000000000000000000 
175861000: system.memobj: -------------------------------------
175931000: system.memobj: mem->cpu Got response for addr 0xdec8 , 57032
175931000: system.memobj: size 0x8
175931000: system.memobj: id 94061725661392
175931000: system.memobj: data_hex : 890C24EB49666690 
175931000: system.memobj: data : 1000100100001100001001001110101101001001011001100110011010010000 
175931000: system.memobj: fix data : 1000100100001100001001001110101101001001011001100110011010010000 
175931000: system.memobj: -------------------------------------
175994000: system.memobj: mem->cpu Got response for addr 0xdf10 , 57104
175994000: system.memobj: size 0x8
175994000: system.memobj: id 94061725662256
175994000: system.memobj: data_hex : 67184C8963104D8B 
175994000: system.memobj: data : 0110011100011000010011001000100101100011000100000100110110001011 
175994000: system.memobj: fix data : 0110011100011000010011001000100101100011000100000100110110001011 
175994000: system.memobj: -------------------------------------
176043000: system.memobj: mem->cpu Got response for addr 0xdf18 , 57112
176043000: system.memobj: size 0x8
176043000: system.memobj: id 94061725661392
176043000: system.memobj: data_hex : A5B00000004D39F4 
176043000: system.memobj: data : 1010010110110000000000000000000000000000010011010011100111110100 
176043000: system.memobj: fix data : 1010010110110000000000000000000000000000010011010011100111110100 
176043000: system.memobj: -------------------------------------
176092000: system.memobj: mem->cpu Got response for addr 0x92530 , 599344
176092000: system.memobj: size 0x8
176092000: system.memobj: id 94061725662256
176092000: system.memobj: data_hex : 5825590000000000 
176092000: system.memobj: data : 0101100000100101010110010000000000000000000000000000000000000000 
176092000: system.memobj: hamming code addr: 599344 
176092000: system.memobj: hamming code out: 14 
176092000: system.memobj: find Error Bit index : 2 
176092000: system.memobj: hamming code addr: 599352 
176092000: system.memobj: hamming code out: 0 
176092000: system.memobj: hamming code addr: 599360 
176092000: system.memobj: hamming code out: 7 
176092000: system.memobj: hamming code addr: 599368 
176092000: system.memobj: hamming code out: 0 
176092000: system.memobj: hamming code addr: 599376 
176092000: system.memobj: hamming code out: 0 
176092000: system.memobj: hamming code addr: 599384 
176092000: system.memobj: hamming code out: 0 
176092000: system.memobj: hamming code addr: 599392 
176092000: system.memobj: hamming code out: 0 
176092000: system.memobj: hamming code addr: 599400 
176092000: system.memobj: hamming code out: 0 
176092000: system.memobj: fix data : 0001100000100101010110010000000000000000000000000000000000000000 
176092000: system.memobj: -------------------------------------
176141000: system.memobj: mem->cpu Got response for addr 0xdf18 , 57112
176141000: system.memobj: size 0x8
176141000: system.memobj: id 94061725662256
176141000: system.memobj: data_hex : A5B00000004D39F4 
176141000: system.memobj: data : 1010010110110000000000000000000000000000010011010011100111110100 
176141000: system.memobj: fix data : 1010010110110000000000000000000000000000010011010011100111110100 
176141000: system.memobj: -------------------------------------
176190000: system.memobj: mem->cpu Got response for addr 0xdf20 , 57120
176190000: system.memobj: size 0x8
176190000: system.memobj: id 94061725661392
176190000: system.memobj: data_hex : 0F8473010000498B 
176190000: system.memobj: data : 0000111110000100011100110000000100000000000000000100100110001011 
176190000: system.memobj: fix data : 0000111110000100011100110000000100000000000000000100100110001011 
176190000: system.memobj: -------------------------------------
176239000: system.memobj: mem->cpu Got response for addr 0xe098 , 57496
176239000: system.memobj: size 0x8
176239000: system.memobj: id 94061725662256
176239000: system.memobj: data_hex : FF48817C2440FF01 
176239000: system.memobj: data : 1111111101001000100000010111110000100100010000001111111100000001 
176239000: system.memobj: fix data : 1111111101001000100000010111110000100100010000001111111100000001 
176239000: system.memobj: -------------------------------------
176288000: system.memobj: mem->cpu Got response for addr 0xe0a0 , 57504
176288000: system.memobj: size 0x8
176288000: system.memobj: id 94061725661392
176288000: system.memobj: data_hex : 0000762A438D043F 
176288000: system.memobj: data : 0000000000000000011101100010101001000011100011010000010000111111 
176288000: system.memobj: fix data : 0000000000000000011101100010101001000011100011010000010000111111 
176288000: system.memobj: -------------------------------------
176337000: system.memobj: mem->cpu Got response for addr 0x94aa0 , 608928
176337000: system.memobj: size 0x8
176337000: system.memobj: id 94061725662256
176337000: system.memobj: data_hex : 2100000000000000 
176337000: system.memobj: data : 0010000100000000000000000000000000000000000000000000000000000000 
176337000: system.memobj: hamming code addr: 608928 
176337000: system.memobj: hamming code out: 6 
176337000: system.memobj: find Error Bit index : 8 
176337000: system.memobj: hamming code addr: 608936 
176337000: system.memobj: hamming code out: 0 
176337000: system.memobj: hamming code addr: 608944 
176337000: system.memobj: hamming code out: 0 
176337000: system.memobj: hamming code addr: 608952 
176337000: system.memobj: hamming code out: 0 
176337000: system.memobj: hamming code addr: 608960 
176337000: system.memobj: hamming code out: 0 
176337000: system.memobj: hamming code addr: 608968 
176337000: system.memobj: hamming code out: 0 
176337000: system.memobj: hamming code addr: 608976 
176337000: system.memobj: hamming code out: 0 
176337000: system.memobj: hamming code addr: 608984 
176337000: system.memobj: hamming code out: 0 
176337000: system.memobj: fix data : 0010000000000000000000000000000000000000000000000000000000000000 
176337000: system.memobj: -------------------------------------
176386000: system.memobj: mem->cpu Got response for addr 0xe0a0 , 57504
176386000: system.memobj: size 0x8
176386000: system.memobj: id 94061725662256
176386000: system.memobj: data_hex : 0000762A438D043F 
176386000: system.memobj: data : 0000000000000000011101100010101001000011100011010000010000111111 
176386000: system.memobj: fix data : 0000000000000000011101100010101001000011100011010000010000111111 
176386000: system.memobj: -------------------------------------
176435000: system.memobj: mem->cpu Got response for addr 0xe0c8 , 57544
176435000: system.memobj: size 0x8
176435000: system.memobj: id 94061725661392
176435000: system.memobj: data_hex : 0F83A603000041FF 
176435000: system.memobj: data : 0000111110000011101001100000001100000000000000000100000111111111 
176435000: system.memobj: fix data : 0000111110000011101001100000001100000000000000000100000111111111 
176435000: system.memobj: -------------------------------------
176484000: system.memobj: mem->cpu Got response for addr 0xe0d0 , 57552
176484000: system.memobj: size 0x8
176484000: system.memobj: id 94061725662256
176484000: system.memobj: data_hex : C7BE010000004589 
176484000: system.memobj: data : 1100011110111110000000010000000000000000000000000100010110001001 
176484000: system.memobj: fix data : 1100011110111110000000010000000000000000000000000100010110001001 
176484000: system.memobj: -------------------------------------
176533000: system.memobj: mem->cpu Got response for addr 0xe0d0 , 57552
176533000: system.memobj: size 0x8
176533000: system.memobj: id 94061725661392
176533000: system.memobj: data_hex : C7BE010000004589 
176533000: system.memobj: data : 1100011110111110000000010000000000000000000000000100010110001001 
176533000: system.memobj: fix data : 1100011110111110000000010000000000000000000000000100010110001001 
176533000: system.memobj: -------------------------------------
176582000: system.memobj: mem->cpu Got response for addr 0xe0d0 , 57552
176582000: system.memobj: size 0x8
176582000: system.memobj: id 94061725662256
176582000: system.memobj: data_hex : C7BE010000004589 
176582000: system.memobj: data : 1100011110111110000000010000000000000000000000000100010110001001 
176582000: system.memobj: fix data : 1100011110111110000000010000000000000000000000000100010110001001 
176582000: system.memobj: -------------------------------------
176645000: system.memobj: mem->cpu Got response for addr 0xe0d8 , 57560
176645000: system.memobj: size 0x8
176645000: system.memobj: id 94061725661392
176645000: system.memobj: data_hex : F8438D043F4183E7 
176645000: system.memobj: data : 1111100001000011100011010000010000111111010000011000001111100111 
176645000: system.memobj: fix data : 1111100001000011100011010000010000111111010000011000001111100111 
176645000: system.memobj: -------------------------------------
176694000: system.memobj: mem->cpu Got response for addr 0xe0d8 , 57560
176694000: system.memobj: size 0x8
176694000: system.memobj: id 94061725662256
176694000: system.memobj: data_hex : F8438D043F4183E7 
176694000: system.memobj: data : 1111100001000011100011010000010000111111010000011000001111100111 
176694000: system.memobj: fix data : 1111100001000011100011010000010000111111010000011000001111100111 
176694000: system.memobj: -------------------------------------
176743000: system.memobj: mem->cpu Got response for addr 0xe0d8 , 57560
176743000: system.memobj: size 0x8
176743000: system.memobj: id 94061725661392
176743000: system.memobj: data_hex : F8438D043F4183E7 
176743000: system.memobj: data : 1111100001000011100011010000010000111111010000011000001111100111 
176743000: system.memobj: fix data : 1111100001000011100011010000010000111111010000011000001111100111 
176743000: system.memobj: -------------------------------------
176792000: system.memobj: mem->cpu Got response for addr 0xe0e0 , 57568
176792000: system.memobj: size 0x8
176792000: system.memobj: id 94061725662256
176792000: system.memobj: data_hex : 1F41C1E8054489F9 
176792000: system.memobj: data : 0001111101000001110000011110100000000101010001001000100111111001 
176792000: system.memobj: fix data : 0001111101000001110000011110100000000101010001001000100111111001 
176792000: system.memobj: -------------------------------------
176841000: system.memobj: mem->cpu Got response for addr 0xe0e0 , 57568
176841000: system.memobj: size 0x8
176841000: system.memobj: id 94061725661392
176841000: system.memobj: data_hex : 1F41C1E8054489F9 
176841000: system.memobj: data : 0001111101000001110000011110100000000101010001001000100111111001 
176841000: system.memobj: fix data : 0001111101000001110000011110100000000101010001001000100111111001 
176841000: system.memobj: -------------------------------------
176890000: system.memobj: mem->cpu Got response for addr 0xe0e0 , 57568
176890000: system.memobj: size 0x8
176890000: system.memobj: id 94061725662256
176890000: system.memobj: data_hex : 1F41C1E8054489F9 
176890000: system.memobj: data : 0001111101000001110000011110100000000101010001001000100111111001 
176890000: system.memobj: fix data : 0001111101000001110000011110100000000101010001001000100111111001 
176890000: system.memobj: -------------------------------------
176939000: system.memobj: mem->cpu Got response for addr 0xe0e8 , 57576
176939000: system.memobj: size 0x8
176939000: system.memobj: id 94061725661392
176939000: system.memobj: data_hex : 4589C189C0D3E647 
176939000: system.memobj: data : 0100010110001001110000011000100111000000110100111110011001000111 
176939000: system.memobj: fix data : 0100010110001001110000011000100111000000110100111110011001000111 
176939000: system.memobj: -------------------------------------
176988000: system.memobj: mem->cpu Got response for addr 0xe0e8 , 57576
176988000: system.memobj: size 0x8
176988000: system.memobj: id 94061725662256
176988000: system.memobj: data_hex : 4589C189C0D3E647 
176988000: system.memobj: data : 0100010110001001110000011000100111000000110100111110011001000111 
176988000: system.memobj: fix data : 0100010110001001110000011000100111000000110100111110011001000111 
176988000: system.memobj: -------------------------------------
177037000: system.memobj: mem->cpu Got response for addr 0xe0e8 , 57576
177037000: system.memobj: size 0x8
177037000: system.memobj: id 94061725661392
177037000: system.memobj: data_hex : 4589C189C0D3E647 
177037000: system.memobj: data : 0100010110001001110000011000100111000000110100111110011001000111 
177037000: system.memobj: fix data : 0100010110001001110000011000100111000000110100111110011001000111 
177037000: system.memobj: -------------------------------------
177086000: system.memobj: mem->cpu Got response for addr 0xe0e8 , 57576
177086000: system.memobj: size 0x8
177086000: system.memobj: id 94061725662256
177086000: system.memobj: data_hex : 4589C189C0D3E647 
177086000: system.memobj: data : 0100010110001001110000011000100111000000110100111110011001000111 
177086000: system.memobj: fix data : 0100010110001001110000011000100111000000110100111110011001000111 
177086000: system.memobj: -------------------------------------
177135000: system.memobj: mem->cpu Got response for addr 0xe0f0 , 57584
177135000: system.memobj: size 0x8
177135000: system.memobj: id 94061725661392
177135000: system.memobj: data_hex : 8B948D9808000049 
177135000: system.memobj: data : 1000101110010100100011011001100000001000000000000000000001001001 
177135000: system.memobj: fix data : 1000101110010100100011011001100000001000000000000000000001001001 
177135000: system.memobj: -------------------------------------
177184000: system.memobj: mem->cpu Got response for addr 0x92d18 , 601368
177184000: system.memobj: size 0x4
177184000: system.memobj: id 94061725662256
177184000: system.memobj: data_hex : 00000000 
177184000: system.memobj: data : 00000000000000000000000000000000 
177184000: system.memobj: fix data : 00000000000000000000000000000000 
177184000: system.memobj: -------------------------------------
177233000: system.memobj: mem->cpu Got response for addr 0xe0f0 , 57584
177233000: system.memobj: size 0x8
177233000: system.memobj: id 94061725662256
177233000: system.memobj: data_hex : 8B948D9808000049 
177233000: system.memobj: data : 1000101110010100100011011001100000001000000000000000000001001001 
177233000: system.memobj: fix data : 1000101110010100100011011001100000001000000000000000000001001001 
177233000: system.memobj: -------------------------------------
177282000: system.memobj: mem->cpu Got response for addr 0xe0f8 , 57592
177282000: system.memobj: size 0x8
177282000: system.memobj: id 94061725661392
177282000: system.memobj: data_hex : 8DBCC58800000090 
177282000: system.memobj: data : 1000110110111100110001011000100000000000000000000000000010010000 
177282000: system.memobj: fix data : 1000110110111100110001011000100000000000000000000000000010010000 
177282000: system.memobj: -------------------------------------
177331000: system.memobj: mem->cpu Got response for addr 0xe0f8 , 57592
177331000: system.memobj: size 0x8
177331000: system.memobj: id 94061725662256
177331000: system.memobj: data_hex : 8DBCC58800000090 
177331000: system.memobj: data : 1000110110111100110001011000100000000000000000000000000010010000 
177331000: system.memobj: fix data : 1000110110111100110001011000100000000000000000000000000010010000 
177331000: system.memobj: -------------------------------------
177380000: system.memobj: mem->cpu Got response for addr 0xe100 , 57600
177380000: system.memobj: size 0x8
177380000: system.memobj: id 94061725661392
177380000: system.memobj: data_hex : 4439D60F97C285F6 
177380000: system.memobj: data : 0100010000111001110101100000111110010111110000101000010111110110 
177380000: system.memobj: fix data : 0100010000111001110101100000111110010111110000101000010111110110 
177380000: system.memobj: -------------------------------------
177429000: system.memobj: mem->cpu Got response for addr 0xe100 , 57600
177429000: system.memobj: size 0x8
177429000: system.memobj: id 94061725662256
177429000: system.memobj: data_hex : 4439D60F97C285F6 
177429000: system.memobj: data : 0100010000111001110101100000111110010111110000101000010111110110 
177429000: system.memobj: fix data : 0100010000111001110101100000111110010111110000101000010111110110 
177429000: system.memobj: -------------------------------------
177492000: system.memobj: mem->cpu Got response for addr 0xe100 , 57600
177492000: system.memobj: size 0x8
177492000: system.memobj: id 94061725661392
177492000: system.memobj: data_hex : 4439D60F97C285F6 
177492000: system.memobj: data : 0100010000111001110101100000111110010111110000101000010111110110 
177492000: system.memobj: fix data : 0100010000111001110101100000111110010111110000101000010111110110 
177492000: system.memobj: -------------------------------------
177541000: system.memobj: mem->cpu Got response for addr 0xe108 , 57608
177541000: system.memobj: size 0x8
177541000: system.memobj: id 94061725662256
177541000: system.memobj: data_hex : 0F94C009D0A80174 
177541000: system.memobj: data : 0000111110010100110000000000100111010000101010000000000101110100 
177541000: system.memobj: fix data : 0000111110010100110000000000100111010000101010000000000101110100 
177541000: system.memobj: -------------------------------------
177590000: system.memobj: mem->cpu Got response for addr 0xe108 , 57608
177590000: system.memobj: size 0x8
177590000: system.memobj: id 94061725661392
177590000: system.memobj: data_hex : 0F94C009D0A80174 
177590000: system.memobj: data : 0000111110010100110000000000100111010000101010000000000101110100 
177590000: system.memobj: fix data : 0000111110010100110000000000100111010000101010000000000101110100 
177590000: system.memobj: -------------------------------------
177639000: system.memobj: mem->cpu Got response for addr 0xe108 , 57608
177639000: system.memobj: size 0x8
177639000: system.memobj: id 94061725662256
177639000: system.memobj: data_hex : 0F94C009D0A80174 
177639000: system.memobj: data : 0000111110010100110000000000100111010000101010000000000101110100 
177639000: system.memobj: fix data : 0000111110010100110000000000100111010000101010000000000101110100 
177639000: system.memobj: -------------------------------------
177688000: system.memobj: mem->cpu Got response for addr 0xe108 , 57608
177688000: system.memobj: size 0x8
177688000: system.memobj: id 94061725661392
177688000: system.memobj: data_hex : 0F94C009D0A80174 
177688000: system.memobj: data : 0000111110010100110000000000100111010000101010000000000101110100 
177688000: system.memobj: fix data : 0000111110010100110000000000100111010000101010000000000101110100 
177688000: system.memobj: -------------------------------------
177737000: system.memobj: mem->cpu Got response for addr 0xe110 , 57616
177737000: system.memobj: size 0x8
177737000: system.memobj: id 94061725662256
177737000: system.memobj: data_hex : 3D41FFC04183F803 
177737000: system.memobj: data : 0011110101000001111111111100000001000001100000111111100000000011 
177737000: system.memobj: fix data : 0011110101000001111111111100000001000001100000111111100000000011 
177737000: system.memobj: -------------------------------------
177786000: system.memobj: mem->cpu Got response for addr 0xe110 , 57616
177786000: system.memobj: size 0x8
177786000: system.memobj: id 94061725661392
177786000: system.memobj: data_hex : 3D41FFC04183F803 
177786000: system.memobj: data : 0011110101000001111111111100000001000001100000111111100000000011 
177786000: system.memobj: fix data : 0011110101000001111111111100000001000001100000111111100000000011 
177786000: system.memobj: -------------------------------------
177835000: system.memobj: mem->cpu Got response for addr 0xe110 , 57616
177835000: system.memobj: size 0x8
177835000: system.memobj: id 94061725662256
177835000: system.memobj: data_hex : 3D41FFC04183F803 
177835000: system.memobj: data : 0011110101000001111111111100000001000001100000111111100000000011 
177835000: system.memobj: fix data : 0011110101000001111111111100000001000001100000111111100000000011 
177835000: system.memobj: -------------------------------------
177884000: system.memobj: mem->cpu Got response for addr 0xe118 , 57624
177884000: system.memobj: size 0x8
177884000: system.memobj: id 94061725661392
177884000: system.memobj: data_hex : 0F87F50000004589 
177884000: system.memobj: data : 0000111110000111111101010000000000000000000000000100010110001001 
177884000: system.memobj: fix data : 0000111110000111111101010000000000000000000000000100010110001001 
177884000: system.memobj: -------------------------------------
177933000: system.memobj: mem->cpu Got response for addr 0xe118 , 57624
177933000: system.memobj: size 0x8
177933000: system.memobj: id 94061725662256
177933000: system.memobj: data_hex : 0F87F50000004589 
177933000: system.memobj: data : 0000111110000111111101010000000000000000000000000100010110001001 
177933000: system.memobj: fix data : 0000111110000111111101010000000000000000000000000100010110001001 
177933000: system.memobj: -------------------------------------
177982000: system.memobj: mem->cpu Got response for addr 0xe120 , 57632
177982000: system.memobj: size 0x8
177982000: system.memobj: id 94061725661392
177982000: system.memobj: data_hex : C1478B948D980800 
177982000: system.memobj: data : 1100000101000111100010111001010010001101100110000000100000000000 
177982000: system.memobj: fix data : 1100000101000111100010111001010010001101100110000000100000000000 
177982000: system.memobj: -------------------------------------
178031000: system.memobj: mem->cpu Got response for addr 0xe120 , 57632
178031000: system.memobj: size 0x8
178031000: system.memobj: id 94061725662256
178031000: system.memobj: data_hex : C1478B948D980800 
178031000: system.memobj: data : 1100000101000111100010111001010010001101100110000000100000000000 
178031000: system.memobj: fix data : 1100000101000111100010111001010010001101100110000000100000000000 
178031000: system.memobj: -------------------------------------
178080000: system.memobj: mem->cpu Got response for addr 0xe128 , 57640
178080000: system.memobj: size 0x8
178080000: system.memobj: id 94061725661392
178080000: system.memobj: data_hex : 004585D274E34489 
178080000: system.memobj: data : 0000000001000101100001011101001001110100111000110100010010001001 
178080000: system.memobj: fix data : 0000000001000101100001011101001001110100111000110100010010001001 
178080000: system.memobj: -------------------------------------
178129000: system.memobj: mem->cpu Got response for addr 0x92d1c , 601372
178129000: system.memobj: size 0x4
178129000: system.memobj: id 94061725662256
178129000: system.memobj: data_hex : 00000000 
178129000: system.memobj: data : 00000000000000000000000000000000 
178129000: system.memobj: fix data : 00000000000000000000000000000000 
178129000: system.memobj: -------------------------------------
178178000: system.memobj: mem->cpu Got response for addr 0xe128 , 57640
178178000: system.memobj: size 0x8
178178000: system.memobj: id 94061725662256
178178000: system.memobj: data_hex : 004585D274E34489 
178178000: system.memobj: data : 0000000001000101100001011101001001110100111000110100010010001001 
178178000: system.memobj: fix data : 0000000001000101100001011101001001110100111000110100010010001001 
178178000: system.memobj: -------------------------------------
178227000: system.memobj: mem->cpu Got response for addr 0xe128 , 57640
178227000: system.memobj: size 0x8
178227000: system.memobj: id 94061725661392
178227000: system.memobj: data_hex : 004585D274E34489 
178227000: system.memobj: data : 0000000001000101100001011101001001110100111000110100010010001001 
178227000: system.memobj: fix data : 0000000001000101100001011101001001110100111000110100010010001001 
178227000: system.memobj: -------------------------------------
178276000: system.memobj: mem->cpu Got response for addr 0xe110 , 57616
178276000: system.memobj: size 0x8
178276000: system.memobj: id 94061725662256
178276000: system.memobj: data_hex : 3D41FFC04183F803 
178276000: system.memobj: data : 0011110101000001111111111100000001000001100000111111100000000011 
178276000: system.memobj: fix data : 0011110101000001111111111100000001000001100000111111100000000011 
178276000: system.memobj: -------------------------------------
178339000: system.memobj: mem->cpu Got response for addr 0xe110 , 57616
178339000: system.memobj: size 0x8
178339000: system.memobj: id 94061725661392
178339000: system.memobj: data_hex : 3D41FFC04183F803 
178339000: system.memobj: data : 0011110101000001111111111100000001000001100000111111100000000011 
178339000: system.memobj: fix data : 0011110101000001111111111100000001000001100000111111100000000011 
178339000: system.memobj: -------------------------------------
178388000: system.memobj: mem->cpu Got response for addr 0xe118 , 57624
178388000: system.memobj: size 0x8
178388000: system.memobj: id 94061725662256
178388000: system.memobj: data_hex : 0F87F50000004589 
178388000: system.memobj: data : 0000111110000111111101010000000000000000000000000100010110001001 
178388000: system.memobj: fix data : 0000111110000111111101010000000000000000000000000100010110001001 
178388000: system.memobj: -------------------------------------
178437000: system.memobj: mem->cpu Got response for addr 0xe118 , 57624
178437000: system.memobj: size 0x8
178437000: system.memobj: id 94061725661392
178437000: system.memobj: data_hex : 0F87F50000004589 
178437000: system.memobj: data : 0000111110000111111101010000000000000000000000000100010110001001 
178437000: system.memobj: fix data : 0000111110000111111101010000000000000000000000000100010110001001 
178437000: system.memobj: -------------------------------------
178486000: system.memobj: mem->cpu Got response for addr 0xe120 , 57632
178486000: system.memobj: size 0x8
178486000: system.memobj: id 94061725662256
178486000: system.memobj: data_hex : C1478B948D980800 
178486000: system.memobj: data : 1100000101000111100010111001010010001101100110000000100000000000 
178486000: system.memobj: fix data : 1100000101000111100010111001010010001101100110000000100000000000 
178486000: system.memobj: -------------------------------------
178535000: system.memobj: mem->cpu Got response for addr 0xe120 , 57632
178535000: system.memobj: size 0x8
178535000: system.memobj: id 94061725661392
178535000: system.memobj: data_hex : C1478B948D980800 
178535000: system.memobj: data : 1100000101000111100010111001010010001101100110000000100000000000 
178535000: system.memobj: fix data : 1100000101000111100010111001010010001101100110000000100000000000 
178535000: system.memobj: -------------------------------------
178584000: system.memobj: mem->cpu Got response for addr 0xe128 , 57640
178584000: system.memobj: size 0x8
178584000: system.memobj: id 94061725662256
178584000: system.memobj: data_hex : 004585D274E34489 
178584000: system.memobj: data : 0000000001000101100001011101001001110100111000110100010010001001 
178584000: system.memobj: fix data : 0000000001000101100001011101001001110100111000110100010010001001 
178584000: system.memobj: -------------------------------------
178633000: system.memobj: mem->cpu Got response for addr 0x92d20 , 601376
178633000: system.memobj: size 0x4
178633000: system.memobj: id 94061725661392
178633000: system.memobj: data_hex : 00000000 
178633000: system.memobj: data : 00000000000000000000000000000000 
178633000: system.memobj: fix data : 00000000000000000000000000000000 
178633000: system.memobj: -------------------------------------
178682000: system.memobj: mem->cpu Got response for addr 0xe128 , 57640
178682000: system.memobj: size 0x8
178682000: system.memobj: id 94061725661392
178682000: system.memobj: data_hex : 004585D274E34489 
178682000: system.memobj: data : 0000000001000101100001011101001001110100111000110100010010001001 
178682000: system.memobj: fix data : 0000000001000101100001011101001001110100111000110100010010001001 
178682000: system.memobj: -------------------------------------
178731000: system.memobj: mem->cpu Got response for addr 0xe128 , 57640
178731000: system.memobj: size 0x8
178731000: system.memobj: id 94061725662256
178731000: system.memobj: data_hex : 004585D274E34489 
178731000: system.memobj: data : 0000000001000101100001011101001001110100111000110100010010001001 
178731000: system.memobj: fix data : 0000000001000101100001011101001001110100111000110100010010001001 
178731000: system.memobj: -------------------------------------
178780000: system.memobj: mem->cpu Got response for addr 0xe110 , 57616
178780000: system.memobj: size 0x8
178780000: system.memobj: id 94061725661392
178780000: system.memobj: data_hex : 3D41FFC04183F803 
178780000: system.memobj: data : 0011110101000001111111111100000001000001100000111111100000000011 
178780000: system.memobj: fix data : 0011110101000001111111111100000001000001100000111111100000000011 
178780000: system.memobj: -------------------------------------
178829000: system.memobj: mem->cpu Got response for addr 0xe110 , 57616
178829000: system.memobj: size 0x8
178829000: system.memobj: id 94061725662256
178829000: system.memobj: data_hex : 3D41FFC04183F803 
178829000: system.memobj: data : 0011110101000001111111111100000001000001100000111111100000000011 
178829000: system.memobj: fix data : 0011110101000001111111111100000001000001100000111111100000000011 
178829000: system.memobj: -------------------------------------
178878000: system.memobj: mem->cpu Got response for addr 0xe118 , 57624
178878000: system.memobj: size 0x8
178878000: system.memobj: id 94061725661392
178878000: system.memobj: data_hex : 0F87F50000004589 
178878000: system.memobj: data : 0000111110000111111101010000000000000000000000000100010110001001 
178878000: system.memobj: fix data : 0000111110000111111101010000000000000000000000000100010110001001 
178878000: system.memobj: -------------------------------------
178927000: system.memobj: mem->cpu Got response for addr 0xe118 , 57624
178927000: system.memobj: size 0x8
178927000: system.memobj: id 94061725662256
178927000: system.memobj: data_hex : 0F87F50000004589 
178927000: system.memobj: data : 0000111110000111111101010000000000000000000000000100010110001001 
178927000: system.memobj: fix data : 0000111110000111111101010000000000000000000000000100010110001001 
178927000: system.memobj: -------------------------------------
178976000: system.memobj: mem->cpu Got response for addr 0xe120 , 57632
178976000: system.memobj: size 0x8
178976000: system.memobj: id 94061725661392
178976000: system.memobj: data_hex : C1478B948D980800 
178976000: system.memobj: data : 1100000101000111100010111001010010001101100110000000100000000000 
178976000: system.memobj: fix data : 1100000101000111100010111001010010001101100110000000100000000000 
178976000: system.memobj: -------------------------------------
179025000: system.memobj: mem->cpu Got response for addr 0xe120 , 57632
179025000: system.memobj: size 0x8
179025000: system.memobj: id 94061725662256
179025000: system.memobj: data_hex : C1478B948D980800 
179025000: system.memobj: data : 1100000101000111100010111001010010001101100110000000100000000000 
179025000: system.memobj: fix data : 1100000101000111100010111001010010001101100110000000100000000000 
179025000: system.memobj: -------------------------------------
179074000: system.memobj: mem->cpu Got response for addr 0xe128 , 57640
179074000: system.memobj: size 0x8
179074000: system.memobj: id 94061725661392
179074000: system.memobj: data_hex : 004585D274E34489 
179074000: system.memobj: data : 0000000001000101100001011101001001110100111000110100010010001001 
179074000: system.memobj: fix data : 0000000001000101100001011101001001110100111000110100010010001001 
179074000: system.memobj: -------------------------------------
179123000: system.memobj: mem->cpu Got response for addr 0x92d24 , 601380
179123000: system.memobj: size 0x4
179123000: system.memobj: id 94061725662256
179123000: system.memobj: data_hex : 00000000 
179123000: system.memobj: data : 00000000000000000000000000000000 
179123000: system.memobj: fix data : 00000000000000000000000000000000 
179123000: system.memobj: -------------------------------------
179420000: system.memobj: mem->cpu Got response for addr 0xe128 , 57640
179420000: system.memobj: size 0x8
179420000: system.memobj: id 94061725662256
179420000: system.memobj: data_hex : 004585D274E34489 
179420000: system.memobj: data : 0000000001000101100001011101001001110100111000110100010010001001 
179420000: system.memobj: fix data : 0000000001000101100001011101001001110100111000110100010010001001 
179420000: system.memobj: -------------------------------------
179469000: system.memobj: mem->cpu Got response for addr 0xe128 , 57640
179469000: system.memobj: size 0x8
179469000: system.memobj: id 94061725661392
179469000: system.memobj: data_hex : 004585D274E34489 
179469000: system.memobj: data : 0000000001000101100001011101001001110100111000110100010010001001 
179469000: system.memobj: fix data : 0000000001000101100001011101001001110100111000110100010010001001 
179469000: system.memobj: -------------------------------------
179518000: system.memobj: mem->cpu Got response for addr 0xe110 , 57616
179518000: system.memobj: size 0x8
179518000: system.memobj: id 94061725662256
179518000: system.memobj: data_hex : 3D41FFC04183F803 
179518000: system.memobj: data : 0011110101000001111111111100000001000001100000111111100000000011 
179518000: system.memobj: fix data : 0011110101000001111111111100000001000001100000111111100000000011 
179518000: system.memobj: -------------------------------------
179567000: system.memobj: mem->cpu Got response for addr 0xe110 , 57616
179567000: system.memobj: size 0x8
179567000: system.memobj: id 94061725661392
179567000: system.memobj: data_hex : 3D41FFC04183F803 
179567000: system.memobj: data : 0011110101000001111111111100000001000001100000111111100000000011 
179567000: system.memobj: fix data : 0011110101000001111111111100000001000001100000111111100000000011 
179567000: system.memobj: -------------------------------------
179616000: system.memobj: mem->cpu Got response for addr 0xe118 , 57624
179616000: system.memobj: size 0x8
179616000: system.memobj: id 94061725662256
179616000: system.memobj: data_hex : 0F87F50000004589 
179616000: system.memobj: data : 0000111110000111111101010000000000000000000000000100010110001001 
179616000: system.memobj: fix data : 0000111110000111111101010000000000000000000000000100010110001001 
179616000: system.memobj: -------------------------------------
179665000: system.memobj: mem->cpu Got response for addr 0xe210 , 57872
179665000: system.memobj: size 0x8
179665000: system.memobj: id 94061725661392
179665000: system.memobj: data_hex : 415FC3498B9D8800 
179665000: system.memobj: data : 0100000101011111110000110100100110001011100111011000100000000000 
179665000: system.memobj: fix data : 0100000101011111110000110100100110001011100111011000100000000000 
179665000: system.memobj: -------------------------------------
179714000: system.memobj: mem->cpu Got response for addr 0xe218 , 57880
179714000: system.memobj: size 0x8
179714000: system.memobj: id 94061725662256
179714000: system.memobj: data_hex : 0000488B6B084989 
179714000: system.memobj: data : 0000000000000000010010001000101101101011000010000100100110001001 
179714000: system.memobj: fix data : 0000000000000000010010001000101101101011000010000100100110001001 
179714000: system.memobj: -------------------------------------
179734000: system.memobj: mem->cpu Got response for addr 0x92508 , 599304
179734000: system.memobj: size 0x8
179734000: system.memobj: id 94061725661392
179734000: system.memobj: data_hex : 9140590000000000 
179734000: system.memobj: data : 1001000101000000010110010000000000000000000000000000000000000000 
179734000: system.memobj: hamming code addr: 599304 
179734000: system.memobj: hamming code out: 4 
179734000: system.memobj: find Error Bit index : 8 
179734000: system.memobj: hamming code addr: 599312 
179734000: system.memobj: hamming code out: 5 
179734000: system.memobj: hamming code addr: 599320 
179734000: system.memobj: hamming code out: 7 
179734000: system.memobj: hamming code addr: 599328 
179734000: system.memobj: hamming code out: 0 
179734000: system.memobj: hamming code addr: 599336 
179734000: system.memobj: hamming code out: 0 
179734000: system.memobj: hamming code addr: 599344 
179734000: system.memobj: hamming code out: 0 
179734000: system.memobj: hamming code addr: 599352 
179734000: system.memobj: hamming code out: 0 
179734000: system.memobj: hamming code addr: 599360 
179734000: system.memobj: hamming code out: 0 
179734000: system.memobj: fix data : 1001000001000000010110010000000000000000000000000000000000000000 
179734000: system.memobj: -------------------------------------
179783000: system.memobj: mem->cpu Got response for addr 0xe218 , 57880
179783000: system.memobj: size 0x8
179783000: system.memobj: id 94061725661392
179783000: system.memobj: data_hex : 0000488B6B084989 
179783000: system.memobj: data : 0000000000000000010010001000101101101011000010000100100110001001 
179783000: system.memobj: fix data : 0000000000000000010010001000101101101011000010000100100110001001 
179783000: system.memobj: -------------------------------------
179803000: system.memobj: mem->cpu Got response for addr 0x96098 , 614552
179803000: system.memobj: size 0x8
179803000: system.memobj: id 94061725662256
179803000: system.memobj: data_hex : 750F020000000000 
179803000: system.memobj: data : 0111010100001111000000100000000000000000000000000000000000000000 
179803000: system.memobj: hamming code addr: 614552 
179803000: system.memobj: hamming code out: 8 
179803000: system.memobj: find Error Bit index : 6 
179803000: system.memobj: hamming code addr: 614560 
179803000: system.memobj: hamming code out: 4 
179803000: system.memobj: hamming code addr: 614568 
179803000: system.memobj: hamming code out: 11 
179803000: system.memobj: hamming code addr: 614576 
179803000: system.memobj: hamming code out: 0 
179803000: system.memobj: hamming code addr: 614584 
179803000: system.memobj: hamming code out: 0 
179803000: system.memobj: hamming code addr: 614592 
179803000: system.memobj: hamming code out: 0 
179803000: system.memobj: hamming code addr: 614600 
179803000: system.memobj: hamming code out: 0 
179803000: system.memobj: hamming code addr: 614608 
179803000: system.memobj: hamming code out: 0 
179803000: system.memobj: fix data : 0111000100001111000000100000000000000000000000000000000000000000 
179803000: system.memobj: -------------------------------------
179852000: system.memobj: mem->cpu Got response for addr 0xe218 , 57880
179852000: system.memobj: size 0x8
179852000: system.memobj: id 94061725662256
179852000: system.memobj: data_hex : 0000488B6B084989 
179852000: system.memobj: data : 0000000000000000010010001000101101101011000010000100100110001001 
179852000: system.memobj: fix data : 0000000000000000010010001000101101101011000010000100100110001001 
179852000: system.memobj: -------------------------------------
179901000: system.memobj: mem->cpu Got response for addr 0xe220 , 57888
179901000: system.memobj: size 0x8
179901000: system.memobj: id 94061725661392
179901000: system.memobj: data_hex : DC4883E5F848392C 
179901000: system.memobj: data : 1101110001001000100000111110010111111000010010000011100100101100 
179901000: system.memobj: fix data : 1101110001001000100000111110010111111000010010000011100100101100 
179901000: system.memobj: -------------------------------------
179950000: system.memobj: mem->cpu Got response for addr 0xe220 , 57888
179950000: system.memobj: size 0x8
179950000: system.memobj: id 94061725662256
179950000: system.memobj: data_hex : DC4883E5F848392C 
179950000: system.memobj: data : 1101110001001000100000111110010111111000010010000011100100101100 
179950000: system.memobj: fix data : 1101110001001000100000111110010111111000010010000011100100101100 
179950000: system.memobj: -------------------------------------
179999000: system.memobj: mem->cpu Got response for addr 0xe220 , 57888
179999000: system.memobj: size 0x8
179999000: system.memobj: id 94061725661392
179999000: system.memobj: data_hex : DC4883E5F848392C 
179999000: system.memobj: data : 1101110001001000100000111110010111111000010010000011100100101100 
179999000: system.memobj: fix data : 1101110001001000100000111110010111111000010010000011100100101100 
179999000: system.memobj: -------------------------------------
180048000: system.memobj: mem->cpu Got response for addr 0xe228 , 57896
180048000: system.memobj: size 0x8
180048000: system.memobj: id 94061725662256
180048000: system.memobj: data_hex : 240F86CA00000041 
180048000: system.memobj: data : 0010010000001111100001101100101000000000000000000000000001000001 
180048000: system.memobj: fix data : 0010010000001111100001101100101000000000000000000000000001000001 
180048000: system.memobj: -------------------------------------
180111000: system.memobj: mem->cpu Got response for addr 0x94a60 , 608864
180111000: system.memobj: size 0x8
180111000: system.memobj: id 94061725661392
180111000: system.memobj: data_hex : 4400000000000000 
180111000: system.memobj: data : 0100010000000000000000000000000000000000000000000000000000000000 
180111000: system.memobj: hamming code addr: 608864 
180111000: system.memobj: hamming code out: 5 
180111000: system.memobj: find Error Bit index : 6 
180111000: system.memobj: hamming code addr: 608872 
180111000: system.memobj: hamming code out: 0 
180111000: system.memobj: hamming code addr: 608880 
180111000: system.memobj: hamming code out: 0 
180111000: system.memobj: hamming code addr: 608888 
180111000: system.memobj: hamming code out: 0 
180111000: system.memobj: hamming code addr: 608896 
180111000: system.memobj: hamming code out: 0 
180111000: system.memobj: hamming code addr: 608904 
180111000: system.memobj: hamming code out: 0 
180111000: system.memobj: hamming code addr: 608912 
180111000: system.memobj: hamming code out: 0 
180111000: system.memobj: hamming code addr: 608920 
180111000: system.memobj: hamming code out: 0 
180111000: system.memobj: fix data : 0100000000000000000000000000000000000000000000000000000000000000 
180111000: system.memobj: -------------------------------------
180160000: system.memobj: mem->cpu Got response for addr 0xe228 , 57896
180160000: system.memobj: size 0x8
180160000: system.memobj: id 94061725661392
180160000: system.memobj: data_hex : 240F86CA00000041 
180160000: system.memobj: data : 0010010000001111100001101100101000000000000000000000000001000001 
180160000: system.memobj: fix data : 0010010000001111100001101100101000000000000000000000000001000001 
180160000: system.memobj: -------------------------------------
180209000: system.memobj: mem->cpu Got response for addr 0xe2f8 , 58104
180209000: system.memobj: size 0x8
180209000: system.memobj: id 94061725662256
180209000: system.memobj: data_hex : FF48035C2440482B 
180209000: system.memobj: data : 1111111101001000000000110101110000100100010000000100100000101011 
180209000: system.memobj: fix data : 1111111101001000000000110101110000100100010000000100100000101011 
180209000: system.memobj: -------------------------------------
180258000: system.memobj: mem->cpu Got response for addr 0x94aa0 , 608928
180258000: system.memobj: size 0x8
180258000: system.memobj: id 94061725661392
180258000: system.memobj: data_hex : 2100000000000000 
180258000: system.memobj: data : 0010000100000000000000000000000000000000000000000000000000000000 
180258000: system.memobj: hamming code addr: 608928 
180258000: system.memobj: hamming code out: 6 
180258000: system.memobj: find Error Bit index : 8 
180258000: system.memobj: hamming code addr: 608936 
180258000: system.memobj: hamming code out: 0 
180258000: system.memobj: hamming code addr: 608944 
180258000: system.memobj: hamming code out: 0 
180258000: system.memobj: hamming code addr: 608952 
180258000: system.memobj: hamming code out: 0 
180258000: system.memobj: hamming code addr: 608960 
180258000: system.memobj: hamming code out: 0 
180258000: system.memobj: hamming code addr: 608968 
180258000: system.memobj: hamming code out: 0 
180258000: system.memobj: hamming code addr: 608976 
180258000: system.memobj: hamming code out: 0 
180258000: system.memobj: hamming code addr: 608984 
180258000: system.memobj: hamming code out: 0 
180258000: system.memobj: fix data : 0010000000000000000000000000000000000000000000000000000000000000 
180258000: system.memobj: -------------------------------------
180307000: system.memobj: mem->cpu Got response for addr 0xe2f8 , 58104
180307000: system.memobj: size 0x8
180307000: system.memobj: id 94061725661392
180307000: system.memobj: data_hex : FF48035C2440482B 
180307000: system.memobj: data : 1111111101001000000000110101110000100100010000000100100000101011 
180307000: system.memobj: fix data : 1111111101001000000000110101110000100100010000000100100000101011 
180307000: system.memobj: -------------------------------------
180370000: system.memobj: mem->cpu Got response for addr 0xe300 , 58112
180370000: system.memobj: size 0x8
180370000: system.memobj: id 94061725662256
180370000: system.memobj: data_hex : 6C244048834C2440 
180370000: system.memobj: data : 0110110000100100010000000100100010000011010011000010010001000000 
180370000: system.memobj: fix data : 0110110000100100010000000100100010000011010011000010010001000000 
180370000: system.memobj: -------------------------------------
180419000: system.memobj: mem->cpu Got response for addr 0x94aa0 , 608928
180419000: system.memobj: size 0x8
180419000: system.memobj: id 94061725661392
180419000: system.memobj: data_hex : 2100000000000000 
180419000: system.memobj: data : 0010000100000000000000000000000000000000000000000000000000000000 
180419000: system.memobj: hamming code addr: 608928 
180419000: system.memobj: hamming code out: 6 
180419000: system.memobj: find Error Bit index : 8 
180419000: system.memobj: hamming code addr: 608936 
180419000: system.memobj: hamming code out: 0 
180419000: system.memobj: hamming code addr: 608944 
180419000: system.memobj: hamming code out: 0 
180419000: system.memobj: hamming code addr: 608952 
180419000: system.memobj: hamming code out: 0 
180419000: system.memobj: hamming code addr: 608960 
180419000: system.memobj: hamming code out: 0 
180419000: system.memobj: hamming code addr: 608968 
180419000: system.memobj: hamming code out: 0 
180419000: system.memobj: hamming code addr: 608976 
180419000: system.memobj: hamming code out: 0 
180419000: system.memobj: hamming code addr: 608984 
180419000: system.memobj: hamming code out: 0 
180419000: system.memobj: fix data : 0010000000000000000000000000000000000000000000000000000000000000 
180419000: system.memobj: -------------------------------------
180468000: system.memobj: mem->cpu Got response for addr 0xe300 , 58112
180468000: system.memobj: size 0x8
180468000: system.memobj: id 94061725661392
180468000: system.memobj: data_hex : 6C244048834C2440 
180468000: system.memobj: data : 0110110000100100010000000100100010000011010011000010010001000000 
180468000: system.memobj: fix data : 0110110000100100010000000100100010000011010011000010010001000000 
180468000: system.memobj: -------------------------------------
180517000: system.memobj: mem->cpu Got response for addr 0xe308 , 58120
180517000: system.memobj: size 0x8
180517000: system.memobj: id 94061725662256
180517000: system.memobj: data_hex : 05488B4424384981 
180517000: system.memobj: data : 0000010101001000100010110100010000100100001110000100100110000001 
180517000: system.memobj: fix data : 0000010101001000100010110100010000100100001110000100100110000001 
180517000: system.memobj: -------------------------------------
180566000: system.memobj: mem->cpu Got response for addr 0x94aa0 , 608928
180566000: system.memobj: size 0x8
180566000: system.memobj: id 94061725661392
180566000: system.memobj: data_hex : 2100000000000000 
180566000: system.memobj: data : 0010000100000000000000000000000000000000000000000000000000000000 
180566000: system.memobj: hamming code addr: 608928 
180566000: system.memobj: hamming code out: 6 
180566000: system.memobj: find Error Bit index : 8 
180566000: system.memobj: hamming code addr: 608936 
180566000: system.memobj: hamming code out: 0 
180566000: system.memobj: hamming code addr: 608944 
180566000: system.memobj: hamming code out: 0 
180566000: system.memobj: hamming code addr: 608952 
180566000: system.memobj: hamming code out: 0 
180566000: system.memobj: hamming code addr: 608960 
180566000: system.memobj: hamming code out: 0 
180566000: system.memobj: hamming code addr: 608968 
180566000: system.memobj: hamming code out: 0 
180566000: system.memobj: hamming code addr: 608976 
180566000: system.memobj: hamming code out: 0 
180566000: system.memobj: hamming code addr: 608984 
180566000: system.memobj: hamming code out: 0 
180566000: system.memobj: fix data : 0010000000000000000000000000000000000000000000000000000000000000 
180566000: system.memobj: -------------------------------------
180566000: system.memobj: cpu->mem Got request for addr 0x94aa0 , 608928
180566000: system.memobj: size 0x8
180566000: system.memobj: id 94061725661392
180566000: system.memobj: data_hex : 2500000000000000 
180566000: system.memobj: data : 0010010100000000000000000000000000000000000000000000000000000000 
180566000: system.memobj: hamming code addr: 608928 
180566000: system.memobj: hamming code : 0 
180566000: system.memobj: hamming code addr: 608936 
180566000: system.memobj: hamming code : 0 
180566000: system.memobj: hamming code addr: 608944 
180566000: system.memobj: hamming code : 0 
180566000: system.memobj: hamming code addr: 608952 
180566000: system.memobj: hamming code : 0 
180566000: system.memobj: hamming code addr: 608960 
180566000: system.memobj: hamming code : 0 
180566000: system.memobj: hamming code addr: 608968 
180566000: system.memobj: hamming code : 0 
180566000: system.memobj: hamming code addr: 608976 
180566000: system.memobj: hamming code : 0 
180566000: system.memobj: hamming code addr: 608984 
180566000: system.memobj: hamming code : 0 
180566000: system.memobj: Enter Error Bit index: 7 
180566000: system.memobj: flip data : 0010011100000000000000000000000000000000000000000000000000000000 
180566000: system.memobj: -------------------------------------
180636000: system.memobj: mem->cpu Got response for addr 0xe308 , 58120
180636000: system.memobj: size 0x8
180636000: system.memobj: id 94061725661392
180636000: system.memobj: data_hex : 05488B4424384981 
180636000: system.memobj: data : 0000010101001000100010110100010000100100001110000100100110000001 
180636000: system.memobj: fix data : 0000010101001000100010110100010000100100001110000100100110000001 
180636000: system.memobj: -------------------------------------
180685000: system.memobj: mem->cpu Got response for addr 0x94a98 , 608920
180685000: system.memobj: size 0x8
180685000: system.memobj: id 94061725662256
180685000: system.memobj: data_hex : 6100000000000000 
180685000: system.memobj: data : 0110000100000000000000000000000000000000000000000000000000000000 
180685000: system.memobj: hamming code addr: 608920 
180685000: system.memobj: hamming code out: 10 
180685000: system.memobj: find Error Bit index : 2 
180685000: system.memobj: hamming code addr: 608928 
180685000: system.memobj: hamming code out: 0 
180685000: system.memobj: hamming code addr: 608936 
180685000: system.memobj: hamming code out: 0 
180685000: system.memobj: hamming code addr: 608944 
180685000: system.memobj: hamming code out: 0 
180685000: system.memobj: hamming code addr: 608952 
180685000: system.memobj: hamming code out: 0 
180685000: system.memobj: hamming code addr: 608960 
180685000: system.memobj: hamming code out: 0 
180685000: system.memobj: hamming code addr: 608968 
180685000: system.memobj: hamming code out: 0 
180685000: system.memobj: hamming code addr: 608976 
180685000: system.memobj: hamming code out: 0 
180685000: system.memobj: fix data : 0010000100000000000000000000000000000000000000000000000000000000 
180685000: system.memobj: -------------------------------------
180734000: system.memobj: mem->cpu Got response for addr 0xe308 , 58120
180734000: system.memobj: size 0x8
180734000: system.memobj: id 94061725662256
180734000: system.memobj: data_hex : 05488B4424384981 
180734000: system.memobj: data : 0000010101001000100010110100010000100100001110000100100110000001 
180734000: system.memobj: fix data : 0000010101001000100010110100010000100100001110000100100110000001 
180734000: system.memobj: -------------------------------------
180783000: system.memobj: mem->cpu Got response for addr 0xe310 , 58128
180783000: system.memobj: size 0x8
180783000: system.memobj: id 94061725661392
180783000: system.memobj: data_hex : FD80245900480F45 
180783000: system.memobj: data : 1111110110000000001001000101100100000000010010000000111101000101 
180783000: system.memobj: fix data : 1111110110000000001001000101100100000000010010000000111101000101 
180783000: system.memobj: -------------------------------------
180832000: system.memobj: mem->cpu Got response for addr 0xe310 , 58128
180832000: system.memobj: size 0x8
180832000: system.memobj: id 94061725662256
180832000: system.memobj: data_hex : FD80245900480F45 
180832000: system.memobj: data : 1111110110000000001001000101100100000000010010000000111101000101 
180832000: system.memobj: fix data : 1111110110000000001001000101100100000000010010000000111101000101 
180832000: system.memobj: -------------------------------------
180881000: system.memobj: mem->cpu Got response for addr 0xe318 , 58136
180881000: system.memobj: size 0x8
180881000: system.memobj: id 94061725661392
180881000: system.memobj: data_hex : 4424404883CD0149 
180881000: system.memobj: data : 0100010000100100010000000100100010000011110011010000000101001001 
180881000: system.memobj: fix data : 0100010000100100010000000100100010000011110011010000000101001001 
180881000: system.memobj: -------------------------------------
180930000: system.memobj: mem->cpu Got response for addr 0x94aa0 , 608928
180930000: system.memobj: size 0x8
180930000: system.memobj: id 94061725662256
180930000: system.memobj: data_hex : 2700000000000000 
180930000: system.memobj: data : 0010011100000000000000000000000000000000000000000000000000000000 
180930000: system.memobj: hamming code addr: 608928 
180930000: system.memobj: hamming code out: 0 
180930000: system.memobj: find Error Bit index : 7 
180930000: system.memobj: hamming code addr: 608936 
180930000: system.memobj: hamming code out: 0 
180930000: system.memobj: hamming code addr: 608944 
180930000: system.memobj: hamming code out: 0 
180930000: system.memobj: hamming code addr: 608952 
180930000: system.memobj: hamming code out: 0 
180930000: system.memobj: hamming code addr: 608960 
180930000: system.memobj: hamming code out: 0 
180930000: system.memobj: hamming code addr: 608968 
180930000: system.memobj: hamming code out: 0 
180930000: system.memobj: hamming code addr: 608976 
180930000: system.memobj: hamming code out: 0 
180930000: system.memobj: hamming code addr: 608984 
180930000: system.memobj: hamming code out: 0 
180930000: system.memobj: fix data : 0010010100000000000000000000000000000000000000000000000000000000 
180930000: system.memobj: -------------------------------------
180979000: system.memobj: mem->cpu Got response for addr 0xe318 , 58136
180979000: system.memobj: size 0x8
180979000: system.memobj: id 94061725662256
180979000: system.memobj: data_hex : 4424404883CD0149 
180979000: system.memobj: data : 0100010000100100010000000100100010000011110011010000000101001001 
180979000: system.memobj: fix data : 0100010000100100010000000100100010000011110011010000000101001001 
180979000: system.memobj: -------------------------------------
181028000: system.memobj: mem->cpu Got response for addr 0xe318 , 58136
181028000: system.memobj: size 0x8
181028000: system.memobj: id 94061725661392
181028000: system.memobj: data_hex : 4424404883CD0149 
181028000: system.memobj: data : 0100010000100100010000000100100010000011110011010000000101001001 
181028000: system.memobj: fix data : 0100010000100100010000000100100010000011110011010000000101001001 
181028000: system.memobj: -------------------------------------
181077000: system.memobj: mem->cpu Got response for addr 0xe320 , 58144
181077000: system.memobj: size 0x8
181077000: system.memobj: id 94061725662256
181077000: system.memobj: data_hex : 899D880000004989 
181077000: system.memobj: data : 1000100110011101100010000000000000000000000000000100100110001001 
181077000: system.memobj: fix data : 1000100110011101100010000000000000000000000000000100100110001001 
181077000: system.memobj: -------------------------------------
181077000: system.memobj: cpu->mem Got request for addr 0x92508 , 599304
181077000: system.memobj: size 0x8
181077000: system.memobj: id 94061725661392
181077000: system.memobj: data_hex : B040590000000000 
181077000: system.memobj: data : 1011000001000000010110010000000000000000000000000000000000000000 
181077000: system.memobj: hamming code addr: 599304 
181077000: system.memobj: hamming code : 2 
181077000: system.memobj: hamming code addr: 599312 
181077000: system.memobj: hamming code : 5 
181077000: system.memobj: hamming code addr: 599320 
181077000: system.memobj: hamming code : 7 
181077000: system.memobj: hamming code addr: 599328 
181077000: system.memobj: hamming code : 0 
181077000: system.memobj: hamming code addr: 599336 
181077000: system.memobj: hamming code : 0 
181077000: system.memobj: hamming code addr: 599344 
181077000: system.memobj: hamming code : 0 
181077000: system.memobj: hamming code addr: 599352 
181077000: system.memobj: hamming code : 0 
181077000: system.memobj: hamming code addr: 599360 
181077000: system.memobj: hamming code : 0 
181077000: system.memobj: Enter Error Bit index: 2 
181077000: system.memobj: flip data : 1111000001000000010110010000000000000000000000000000000000000000 
181077000: system.memobj: -------------------------------------
181147000: system.memobj: mem->cpu Got response for addr 0xe320 , 58144
181147000: system.memobj: size 0x8
181147000: system.memobj: id 94061725661392
181147000: system.memobj: data_hex : 899D880000004989 
181147000: system.memobj: data : 1000100110011101100010000000000000000000000000000100100110001001 
181147000: system.memobj: fix data : 1000100110011101100010000000000000000000000000000100100110001001 
181147000: system.memobj: -------------------------------------
181196000: system.memobj: mem->cpu Got response for addr 0xe328 , 58152
181196000: system.memobj: size 0x8
181196000: system.memobj: id 94061725662256
181196000: system.memobj: data_hex : 442408498D442410 
181196000: system.memobj: data : 0100010000100100000010000100100110001101010001000010010000010000 
181196000: system.memobj: fix data : 0100010000100100000010000100100110001101010001000010010000010000 
181196000: system.memobj: -------------------------------------
181196000: system.memobj: cpu->mem Got request for addr 0x96098 , 614552
181196000: system.memobj: size 0x8
181196000: system.memobj: id 94061725661392
181196000: system.memobj: data_hex : 2100000000000000 
181196000: system.memobj: data : 0010000100000000000000000000000000000000000000000000000000000000 
181196000: system.memobj: hamming code addr: 614552 
181196000: system.memobj: hamming code : 10 
181196000: system.memobj: hamming code addr: 614560 
181196000: system.memobj: hamming code : 0 
181196000: system.memobj: hamming code addr: 614568 
181196000: system.memobj: hamming code : 0 
181196000: system.memobj: hamming code addr: 614576 
181196000: system.memobj: hamming code : 0 
181196000: system.memobj: hamming code addr: 614584 
181196000: system.memobj: hamming code : 0 
181196000: system.memobj: hamming code addr: 614592 
181196000: system.memobj: hamming code : 0 
181196000: system.memobj: hamming code addr: 614600 
181196000: system.memobj: hamming code : 0 
181196000: system.memobj: hamming code addr: 614608 
181196000: system.memobj: hamming code : 0 
181196000: system.memobj: Enter Error Bit index: 5 
181196000: system.memobj: flip data : 0010100100000000000000000000000000000000000000000000000000000000 
181196000: system.memobj: -------------------------------------
181266000: system.memobj: mem->cpu Got response for addr 0xe328 , 58152
181266000: system.memobj: size 0x8
181266000: system.memobj: id 94061725661392
181266000: system.memobj: data_hex : 442408498D442410 
181266000: system.memobj: data : 0100010000100100000010000100100110001101010001000010010000010000 
181266000: system.memobj: fix data : 0100010000100100000010000100100110001101010001000010010000010000 
181266000: system.memobj: -------------------------------------
181315000: system.memobj: mem->cpu Got response for addr 0xe330 , 58160
181315000: system.memobj: size 0x8
181315000: system.memobj: id 94061725662256
181315000: system.memobj: data_hex : 48896B08E93CFBFF 
181315000: system.memobj: data : 0100100010001001011010110000100011101001001111001111101111111111 
181315000: system.memobj: fix data : 0100100010001001011010110000100011101001001111001111101111111111 
181315000: system.memobj: -------------------------------------
181315000: system.memobj: cpu->mem Got request for addr 0x960b8 , 614584
181315000: system.memobj: size 0x8
181315000: system.memobj: id 94061725661392
181315000: system.memobj: data_hex : 510F020000000000 
181315000: system.memobj: data : 0101000100001111000000100000000000000000000000000000000000000000 
181315000: system.memobj: hamming code addr: 614584 
181315000: system.memobj: hamming code : 14 
181315000: system.memobj: hamming code addr: 614592 
181315000: system.memobj: hamming code : 4 
181315000: system.memobj: hamming code addr: 614600 
181315000: system.memobj: hamming code : 11 
181315000: system.memobj: hamming code addr: 614608 
181315000: system.memobj: hamming code : 0 
181315000: system.memobj: hamming code addr: 614616 
181315000: system.memobj: hamming code : 0 
181315000: system.memobj: hamming code addr: 614624 
181315000: system.memobj: hamming code : 0 
181315000: system.memobj: hamming code addr: 614632 
181315000: system.memobj: hamming code : 0 
181315000: system.memobj: hamming code addr: 614640 
181315000: system.memobj: hamming code : 0 
181315000: system.memobj: Enter Error Bit index: 8 
181315000: system.memobj: flip data : 0101000000001111000000100000000000000000000000000000000000000000 
181315000: system.memobj: -------------------------------------
181385000: system.memobj: mem->cpu Got response for addr 0xe330 , 58160
181385000: system.memobj: size 0x8
181385000: system.memobj: id 94061725661392
181385000: system.memobj: data_hex : 48896B08E93CFBFF 
181385000: system.memobj: data : 0100100010001001011010110000100011101001001111001111101111111111 
181385000: system.memobj: fix data : 0100100010001001011010110000100011101001001111001111101111111111 
181385000: system.memobj: -------------------------------------
181448000: system.memobj: mem->cpu Got response for addr 0xe338 , 58168
181448000: system.memobj: size 0x8
181448000: system.memobj: id 94061725662256
181448000: system.memobj: data_hex : FF8B15254A180048 
181448000: system.memobj: data : 1111111110001011000101010010010101001010000110000000000001001000 
181448000: system.memobj: fix data : 1111111110001011000101010010010101001010000110000000000001001000 
181448000: system.memobj: -------------------------------------
181511000: system.memobj: mem->cpu Got response for addr 0xde70 , 56944
181511000: system.memobj: size 0x8
181511000: system.memobj: id 94061725661392
181511000: system.memobj: data_hex : 498D4424104883C4 
181511000: system.memobj: data : 0100100110001101010001000010010000010000010010001000001111000100 
181511000: system.memobj: fix data : 0100100110001101010001000010010000010000010010001000001111000100 
181511000: system.memobj: -------------------------------------
181560000: system.memobj: mem->cpu Got response for addr 0xde78 , 56952
181560000: system.memobj: size 0x8
181560000: system.memobj: id 94061725662256
181560000: system.memobj: data_hex : 485B5D415C415D41 
181560000: system.memobj: data : 0100100001011011010111010100000101011100010000010101110101000001 
181560000: system.memobj: fix data : 0100100001011011010111010100000101011100010000010101110101000001 
181560000: system.memobj: -------------------------------------
181609000: system.memobj: mem->cpu Got response for addr 0xde78 , 56952
181609000: system.memobj: size 0x8
181609000: system.memobj: id 94061725661392
181609000: system.memobj: data_hex : 485B5D415C415D41 
181609000: system.memobj: data : 0100100001011011010111010100000101011100010000010101110101000001 
181609000: system.memobj: fix data : 0100100001011011010111010100000101011100010000010101110101000001 
181609000: system.memobj: -------------------------------------
181658000: system.memobj: mem->cpu Got response for addr 0x94aa8 , 608936
181658000: system.memobj: size 0x8
181658000: system.memobj: id 94061725662256
181658000: system.memobj: data_hex : 0024590000000000 
181658000: system.memobj: data : 0000000000100100010110010000000000000000000000000000000000000000 
181658000: system.memobj: hamming code addr: 608936 
181658000: system.memobj: hamming code out: 3 
181658000: system.memobj: find Error Bit index : 1 
181658000: system.memobj: hamming code addr: 608944 
181658000: system.memobj: hamming code out: 12 
181658000: system.memobj: hamming code addr: 608952 
181658000: system.memobj: hamming code out: 7 
181658000: system.memobj: hamming code addr: 608960 
181658000: system.memobj: hamming code out: 0 
181658000: system.memobj: hamming code addr: 608968 
181658000: system.memobj: hamming code out: 0 
181658000: system.memobj: hamming code addr: 608976 
181658000: system.memobj: hamming code out: 0 
181658000: system.memobj: hamming code addr: 608984 
181658000: system.memobj: hamming code out: 0 
181658000: system.memobj: hamming code addr: 608992 
181658000: system.memobj: hamming code out: 0 
181658000: system.memobj: fix data : 1000000000100100010110010000000000000000000000000000000000000000 
181658000: system.memobj: -------------------------------------
181707000: system.memobj: mem->cpu Got response for addr 0xde78 , 56952
181707000: system.memobj: size 0x8
181707000: system.memobj: id 94061725662256
181707000: system.memobj: data_hex : 485B5D415C415D41 
181707000: system.memobj: data : 0100100001011011010111010100000101011100010000010101110101000001 
181707000: system.memobj: fix data : 0100100001011011010111010100000101011100010000010101110101000001 
181707000: system.memobj: -------------------------------------
181756000: system.memobj: mem->cpu Got response for addr 0x94ab0 , 608944
181756000: system.memobj: size 0x8
181756000: system.memobj: id 94061725661392
181756000: system.memobj: data_hex : A024590000000000 
181756000: system.memobj: data : 1010000000100100010110010000000000000000000000000000000000000000 
181756000: system.memobj: hamming code addr: 608944 
181756000: system.memobj: hamming code out: 3 
181756000: system.memobj: find Error Bit index : 3 
181756000: system.memobj: hamming code addr: 608952 
181756000: system.memobj: hamming code out: 12 
181756000: system.memobj: hamming code addr: 608960 
181756000: system.memobj: hamming code out: 7 
181756000: system.memobj: hamming code addr: 608968 
181756000: system.memobj: hamming code out: 0 
181756000: system.memobj: hamming code addr: 608976 
181756000: system.memobj: hamming code out: 0 
181756000: system.memobj: hamming code addr: 608984 
181756000: system.memobj: hamming code out: 0 
181756000: system.memobj: hamming code addr: 608992 
181756000: system.memobj: hamming code out: 0 
181756000: system.memobj: hamming code addr: 609000 
181756000: system.memobj: hamming code out: 0 
181756000: system.memobj: fix data : 1000000000100100010110010000000000000000000000000000000000000000 
181756000: system.memobj: -------------------------------------
181805000: system.memobj: mem->cpu Got response for addr 0xde78 , 56952
181805000: system.memobj: size 0x8
181805000: system.memobj: id 94061725661392
181805000: system.memobj: data_hex : 485B5D415C415D41 
181805000: system.memobj: data : 0100100001011011010111010100000101011100010000010101110101000001 
181805000: system.memobj: fix data : 0100100001011011010111010100000101011100010000010101110101000001 
181805000: system.memobj: -------------------------------------
181854000: system.memobj: mem->cpu Got response for addr 0x94ab8 , 608952
181854000: system.memobj: size 0x8
181854000: system.memobj: id 94061725662256
181854000: system.memobj: data_hex : 1C00000000000000 
181854000: system.memobj: data : 0001110000000000000000000000000000000000000000000000000000000000 
181854000: system.memobj: hamming code addr: 608952 
181854000: system.memobj: hamming code out: 14 
181854000: system.memobj: find Error Bit index : 6 
181854000: system.memobj: hamming code addr: 608960 
181854000: system.memobj: hamming code out: 0 
181854000: system.memobj: hamming code addr: 608968 
181854000: system.memobj: hamming code out: 0 
181854000: system.memobj: hamming code addr: 608976 
181854000: system.memobj: hamming code out: 0 
181854000: system.memobj: hamming code addr: 608984 
181854000: system.memobj: hamming code out: 0 
181854000: system.memobj: hamming code addr: 608992 
181854000: system.memobj: hamming code out: 0 
181854000: system.memobj: hamming code addr: 609000 
181854000: system.memobj: hamming code out: 0 
181854000: system.memobj: hamming code addr: 609008 
181854000: system.memobj: hamming code out: 0 
181854000: system.memobj: fix data : 0001100000000000000000000000000000000000000000000000000000000000 
181854000: system.memobj: -------------------------------------
181903000: system.memobj: mem->cpu Got response for addr 0xde78 , 56952
181903000: system.memobj: size 0x8
181903000: system.memobj: id 94061725662256
181903000: system.memobj: data_hex : 485B5D415C415D41 
181903000: system.memobj: data : 0100100001011011010111010100000101011100010000010101110101000001 
181903000: system.memobj: fix data : 0100100001011011010111010100000101011100010000010101110101000001 
181903000: system.memobj: -------------------------------------
181952000: system.memobj: mem->cpu Got response for addr 0x94ac0 , 608960
181952000: system.memobj: size 0x8
181952000: system.memobj: id 94061725661392
181952000: system.memobj: data_hex : 8000000000000000 
181952000: system.memobj: data : 1000000000000000000000000000000000000000000000000000000000000000 
181952000: system.memobj: hamming code addr: 608960 
181952000: system.memobj: hamming code out: 0 
181952000: system.memobj: find Error Bit index : 1 
181952000: system.memobj: hamming code addr: 608968 
181952000: system.memobj: hamming code out: 0 
181952000: system.memobj: hamming code addr: 608976 
181952000: system.memobj: hamming code out: 0 
181952000: system.memobj: hamming code addr: 608984 
181952000: system.memobj: hamming code out: 0 
181952000: system.memobj: hamming code addr: 608992 
181952000: system.memobj: hamming code out: 0 
181952000: system.memobj: hamming code addr: 609000 
181952000: system.memobj: hamming code out: 0 
181952000: system.memobj: hamming code addr: 609008 
181952000: system.memobj: hamming code out: 0 
181952000: system.memobj: hamming code addr: 609016 
181952000: system.memobj: hamming code out: 0 
181952000: system.memobj: fix data : 0000000000000000000000000000000000000000000000000000000000000000 
181952000: system.memobj: -------------------------------------
182001000: system.memobj: mem->cpu Got response for addr 0xde78 , 56952
182001000: system.memobj: size 0x8
182001000: system.memobj: id 94061725661392
182001000: system.memobj: data_hex : 485B5D415C415D41 
182001000: system.memobj: data : 0100100001011011010111010100000101011100010000010101110101000001 
182001000: system.memobj: fix data : 0100100001011011010111010100000101011100010000010101110101000001 
182001000: system.memobj: -------------------------------------
182050000: system.memobj: mem->cpu Got response for addr 0xde80 , 56960
182050000: system.memobj: size 0x8
182050000: system.memobj: id 94061725662256
182050000: system.memobj: data_hex : 5E415FC3488B4424 
182050000: system.memobj: data : 0101111001000001010111111100001101001000100010110100010000100100 
182050000: system.memobj: fix data : 0101111001000001010111111100001101001000100010110100010000100100 
182050000: system.memobj: -------------------------------------
182099000: system.memobj: mem->cpu Got response for addr 0x94ac8 , 608968
182099000: system.memobj: size 0x8
182099000: system.memobj: id 94061725661392
182099000: system.memobj: data_hex : F8EDFFFFFF7F0000 
182099000: system.memobj: data : 1111100011101101111111111111111111111111011111110000000000000000 
182099000: system.memobj: hamming code addr: 608968 
182099000: system.memobj: hamming code out: 8 
182099000: system.memobj: find Error Bit index : 3 
182099000: system.memobj: hamming code addr: 608976 
182099000: system.memobj: hamming code out: 15 
182099000: system.memobj: hamming code addr: 608984 
182099000: system.memobj: hamming code out: 3 
182099000: system.memobj: hamming code addr: 608992 
182099000: system.memobj: hamming code out: 3 
182099000: system.memobj: hamming code addr: 609000 
182099000: system.memobj: hamming code out: 3 
182099000: system.memobj: hamming code addr: 609008 
182099000: system.memobj: hamming code out: 0 
182099000: system.memobj: hamming code addr: 609016 
182099000: system.memobj: hamming code out: 0 
182099000: system.memobj: hamming code addr: 609024 
182099000: system.memobj: hamming code out: 0 
182099000: system.memobj: fix data : 1101100011101101111111111111111111111111011111110000000000000000 
182099000: system.memobj: -------------------------------------
182148000: system.memobj: mem->cpu Got response for addr 0xde80 , 56960
182148000: system.memobj: size 0x8
182148000: system.memobj: id 94061725661392
182148000: system.memobj: data_hex : 5E415FC3488B4424 
182148000: system.memobj: data : 0101111001000001010111111100001101001000100010110100010000100100 
182148000: system.memobj: fix data : 0101111001000001010111111100001101001000100010110100010000100100 
182148000: system.memobj: -------------------------------------
182197000: system.memobj: mem->cpu Got response for addr 0x94ad0 , 608976
182197000: system.memobj: size 0x8
182197000: system.memobj: id 94061725662256
182197000: system.memobj: data_hex : 4000000000000000 
182197000: system.memobj: data : 0100000000000000000000000000000000000000000000000000000000000000 
182197000: system.memobj: hamming code addr: 608976 
182197000: system.memobj: hamming code out: 0 
182197000: system.memobj: find Error Bit index : 2 
182197000: system.memobj: hamming code addr: 608984 
182197000: system.memobj: hamming code out: 0 
182197000: system.memobj: hamming code addr: 608992 
182197000: system.memobj: hamming code out: 0 
182197000: system.memobj: hamming code addr: 609000 
182197000: system.memobj: hamming code out: 0 
182197000: system.memobj: hamming code addr: 609008 
182197000: system.memobj: hamming code out: 0 
182197000: system.memobj: hamming code addr: 609016 
182197000: system.memobj: hamming code out: 0 
182197000: system.memobj: hamming code addr: 609024 
182197000: system.memobj: hamming code out: 0 
182197000: system.memobj: hamming code addr: 609032 
182197000: system.memobj: hamming code out: 0 
182197000: system.memobj: fix data : 0000000000000000000000000000000000000000000000000000000000000000 
182197000: system.memobj: -------------------------------------
182246000: system.memobj: mem->cpu Got response for addr 0xde80 , 56960
182246000: system.memobj: size 0x8
182246000: system.memobj: id 94061725662256
182246000: system.memobj: data_hex : 5E415FC3488B4424 
182246000: system.memobj: data : 0101111001000001010111111100001101001000100010110100010000100100 
182246000: system.memobj: fix data : 0101111001000001010111111100001101001000100010110100010000100100 
182246000: system.memobj: -------------------------------------
182266000: system.memobj: mem->cpu Got response for addr 0x94ad8 , 608984
182266000: system.memobj: size 0x8
182266000: system.memobj: id 94061725661392
182266000: system.memobj: data_hex : FCF9400000000000 
182266000: system.memobj: data : 1111110011111001010000000000000000000000000000000000000000000000 
182266000: system.memobj: hamming code addr: 608984 
182266000: system.memobj: hamming code out: 14 
182266000: system.memobj: find Error Bit index : 6 
182266000: system.memobj: hamming code addr: 608992 
182266000: system.memobj: hamming code out: 2 
182266000: system.memobj: hamming code addr: 609000 
182266000: system.memobj: hamming code out: 5 
182266000: system.memobj: hamming code addr: 609008 
182266000: system.memobj: hamming code out: 0 
182266000: system.memobj: hamming code addr: 609016 
182266000: system.memobj: hamming code out: 0 
182266000: system.memobj: hamming code addr: 609024 
182266000: system.memobj: hamming code out: 0 
182266000: system.memobj: hamming code addr: 609032 
182266000: system.memobj: hamming code out: 0 
182266000: system.memobj: hamming code addr: 609040 
182266000: system.memobj: hamming code out: 0 
182266000: system.memobj: fix data : 1111100011111001010000000000000000000000000000000000000000000000 
182266000: system.memobj: -------------------------------------
182315000: system.memobj: mem->cpu Got response for addr 0xf9f8 , 63992
182315000: system.memobj: size 0x8
182315000: system.memobj: id 94061725661392
182315000: system.memobj: data_hex : 4885C04889C57462 
182315000: system.memobj: data : 0100100010000101110000000100100010001001110001010111010001100010 
182315000: system.memobj: fix data : 0100100010000101110000000100100010001001110001010111010001100010 
182315000: system.memobj: -------------------------------------
182364000: system.memobj: mem->cpu Got response for addr 0xf9f8 , 63992
182364000: system.memobj: size 0x8
182364000: system.memobj: id 94061725662256
182364000: system.memobj: data_hex : 4885C04889C57462 
182364000: system.memobj: data : 0100100010000101110000000100100010001001110001010111010001100010 
182364000: system.memobj: fix data : 0100100010000101110000000100100010001001110001010111010001100010 
182364000: system.memobj: -------------------------------------
182413000: system.memobj: mem->cpu Got response for addr 0xf9f8 , 63992
182413000: system.memobj: size 0x8
182413000: system.memobj: id 94061725661392
182413000: system.memobj: data_hex : 4885C04889C57462 
182413000: system.memobj: data : 0100100010000101110000000100100010001001110001010111010001100010 
182413000: system.memobj: fix data : 0100100010000101110000000100100010001001110001010111010001100010 
182413000: system.memobj: -------------------------------------
182462000: system.memobj: mem->cpu Got response for addr 0xfa00 , 64000
182462000: system.memobj: size 0x8
182462000: system.memobj: id 94061725662256
182462000: system.memobj: data_hex : B8000000004885C0 
182462000: system.memobj: data : 1011100000000000000000000000000000000000010010001000010111000000 
182462000: system.memobj: fix data : 1011100000000000000000000000000000000000010010001000010111000000 
182462000: system.memobj: -------------------------------------
182511000: system.memobj: mem->cpu Got response for addr 0xfa00 , 64000
182511000: system.memobj: size 0x8
182511000: system.memobj: id 94061725661392
182511000: system.memobj: data_hex : B8000000004885C0 
182511000: system.memobj: data : 1011100000000000000000000000000000000000010010001000010111000000 
182511000: system.memobj: fix data : 1011100000000000000000000000000000000000010010001000010111000000 
182511000: system.memobj: -------------------------------------
182560000: system.memobj: mem->cpu Got response for addr 0xfa08 , 64008
182560000: system.memobj: size 0x8
182560000: system.memobj: id 94061725662256
182560000: system.memobj: data_hex : 743F4889DFE8EE05 
182560000: system.memobj: data : 0111010000111111010010001000100111011111111010001110111000000101 
182560000: system.memobj: fix data : 0111010000111111010010001000100111011111111010001110111000000101 
182560000: system.memobj: -------------------------------------
182609000: system.memobj: mem->cpu Got response for addr 0xfa48 , 64072
182609000: system.memobj: size 0x8
182609000: system.memobj: id 94061725661392
182609000: system.memobj: data_hex : 9DC7030000000090 
182609000: system.memobj: data : 1001110111000111000000110000000000000000000000000000000010010000 
182609000: system.memobj: fix data : 1001110111000111000000110000000000000000000000000000000010010000 
182609000: system.memobj: -------------------------------------
182609000: system.memobj: cpu->mem Got request for addr 0x92480 , 599168
182609000: system.memobj: size 0x4
182609000: system.memobj: id 94061725662256
182609000: system.memobj: data_hex : 00000000 
182609000: system.memobj: data : 00000000000000000000000000000000 
182609000: system.memobj: hamming code addr: 599168 
182609000: system.memobj: hamming code : 0 
182609000: system.memobj: hamming code addr: 599176 
182609000: system.memobj: hamming code : 0 
182609000: system.memobj: hamming code addr: 599184 
182609000: system.memobj: hamming code : 0 
182609000: system.memobj: hamming code addr: 599192 
182609000: system.memobj: hamming code : 0 
182609000: system.memobj: Enter Error Bit index: 2 
182609000: system.memobj: flip data : 01000000000000000000000000000000 
182609000: system.memobj: -------------------------------------
182679000: system.memobj: mem->cpu Got response for addr 0xfa48 , 64072
182679000: system.memobj: size 0x8
182679000: system.memobj: id 94061725662256
182679000: system.memobj: data_hex : 9DC7030000000090 
182679000: system.memobj: data : 1001110111000111000000110000000000000000000000000000000010010000 
182679000: system.memobj: fix data : 1001110111000111000000110000000000000000000000000000000010010000 
182679000: system.memobj: -------------------------------------
182728000: system.memobj: mem->cpu Got response for addr 0xfa50 , 64080
182728000: system.memobj: size 0x8
182728000: system.memobj: id 94061725661392
182728000: system.memobj: data_hex : EBC04C89E64889EF 
182728000: system.memobj: data : 1110101111000000010011001000100111100110010010001000100111101111 
182728000: system.memobj: fix data : 1110101111000000010011001000100111100110010010001000100111101111 
182728000: system.memobj: -------------------------------------
182777000: system.memobj: mem->cpu Got response for addr 0xfa10 , 64016
182777000: system.memobj: size 0x8
182777000: system.memobj: id 94061725662256
182777000: system.memobj: data_hex : BFFF4889E8488B5C 
182777000: system.memobj: data : 1011111111111111010010001000100111101000010010001000101101011100 
182777000: system.memobj: fix data : 1011111111111111010010001000100111101000010010001000101101011100 
182777000: system.memobj: -------------------------------------
182826000: system.memobj: mem->cpu Got response for addr 0xfa10 , 64016
182826000: system.memobj: size 0x8
182826000: system.memobj: id 94061725661392
182826000: system.memobj: data_hex : BFFF4889E8488B5C 
182826000: system.memobj: data : 1011111111111111010010001000100111101000010010001000101101011100 
182826000: system.memobj: fix data : 1011111111111111010010001000100111101000010010001000101101011100 
182826000: system.memobj: -------------------------------------
182875000: system.memobj: mem->cpu Got response for addr 0xfa18 , 64024
182875000: system.memobj: size 0x8
182875000: system.memobj: id 94061725662256
182875000: system.memobj: data_hex : 2408488B6C24104C 
182875000: system.memobj: data : 0010010000001000010010001000101101101100001001000001000001001100 
182875000: system.memobj: fix data : 0010010000001000010010001000101101101100001001000001000001001100 
182875000: system.memobj: -------------------------------------
182924000: system.memobj: mem->cpu Got response for addr 0x94ae8 , 609000
182924000: system.memobj: size 0x8
182924000: system.memobj: id 94061725661392
182924000: system.memobj: data_hex : 0317470000000000 
182924000: system.memobj: data : 0000001100010111010001110000000000000000000000000000000000000000 
182924000: system.memobj: hamming code addr: 609000 
182924000: system.memobj: hamming code out: 13 
182924000: system.memobj: find Error Bit index : 6 
182924000: system.memobj: hamming code addr: 609008 
182924000: system.memobj: hamming code out: 10 
182924000: system.memobj: hamming code addr: 609016 
182924000: system.memobj: hamming code out: 8 
182924000: system.memobj: hamming code addr: 609024 
182924000: system.memobj: hamming code out: 0 
182924000: system.memobj: hamming code addr: 609032 
182924000: system.memobj: hamming code out: 0 
182924000: system.memobj: hamming code addr: 609040 
182924000: system.memobj: hamming code out: 0 
182924000: system.memobj: hamming code addr: 609048 
182924000: system.memobj: hamming code out: 0 
182924000: system.memobj: hamming code addr: 609056 
182924000: system.memobj: hamming code out: 0 
182924000: system.memobj: fix data : 0000011100010111010001110000000000000000000000000000000000000000 
182924000: system.memobj: -------------------------------------
182973000: system.memobj: mem->cpu Got response for addr 0xfa18 , 64024
182973000: system.memobj: size 0x8
182973000: system.memobj: id 94061725661392
182973000: system.memobj: data_hex : 2408488B6C24104C 
182973000: system.memobj: data : 0010010000001000010010001000101101101100001001000001000001001100 
182973000: system.memobj: fix data : 0010010000001000010010001000101101101100001001000001000001001100 
182973000: system.memobj: -------------------------------------
183022000: system.memobj: mem->cpu Got response for addr 0x94af0 , 609008
183022000: system.memobj: size 0x8
183022000: system.memobj: id 94061725662256
183022000: system.memobj: data_hex : 32EBFFFFFF7F0000 
183022000: system.memobj: data : 0011001011101011111111111111111111111111011111110000000000000000 
183022000: system.memobj: hamming code addr: 609008 
183022000: system.memobj: hamming code out: 1 
183022000: system.memobj: find Error Bit index : 7 
183022000: system.memobj: hamming code addr: 609016 
183022000: system.memobj: hamming code out: 14 
183022000: system.memobj: hamming code addr: 609024 
183022000: system.memobj: hamming code out: 3 
183022000: system.memobj: hamming code addr: 609032 
183022000: system.memobj: hamming code out: 3 
183022000: system.memobj: hamming code addr: 609040 
183022000: system.memobj: hamming code out: 3 
183022000: system.memobj: hamming code addr: 609048 
183022000: system.memobj: hamming code out: 0 
183022000: system.memobj: hamming code addr: 609056 
183022000: system.memobj: hamming code out: 0 
183022000: system.memobj: hamming code addr: 609064 
183022000: system.memobj: hamming code out: 0 
183022000: system.memobj: fix data : 0011000011101011111111111111111111111111011111110000000000000000 
183022000: system.memobj: -------------------------------------
183071000: system.memobj: mem->cpu Got response for addr 0xfa18 , 64024
183071000: system.memobj: size 0x8
183071000: system.memobj: id 94061725662256
183071000: system.memobj: data_hex : 2408488B6C24104C 
183071000: system.memobj: data : 0010010000001000010010001000101101101100001001000001000001001100 
183071000: system.memobj: fix data : 0010010000001000010010001000101101101100001001000001000001001100 
183071000: system.memobj: -------------------------------------
183120000: system.memobj: mem->cpu Got response for addr 0xfa20 , 64032
183120000: system.memobj: size 0x8
183120000: system.memobj: id 94061725661392
183120000: system.memobj: data_hex : 8B6424184C8B6C24 
183120000: system.memobj: data : 1000101101100100001001000001100001001100100010110110110000100100 
183120000: system.memobj: fix data : 1000101101100100001001000001100001001100100010110110110000100100 
183120000: system.memobj: -------------------------------------
183169000: system.memobj: mem->cpu Got response for addr 0x94af8 , 609016
183169000: system.memobj: size 0x8
183169000: system.memobj: id 94061725662256
183169000: system.memobj: data_hex : 8100000000000000 
183169000: system.memobj: data : 1000000100000000000000000000000000000000000000000000000000000000 
183169000: system.memobj: hamming code addr: 609016 
183169000: system.memobj: hamming code out: 12 
183169000: system.memobj: find Error Bit index : 1 
183169000: system.memobj: hamming code addr: 609024 
183169000: system.memobj: hamming code out: 0 
183169000: system.memobj: hamming code addr: 609032 
183169000: system.memobj: hamming code out: 0 
183169000: system.memobj: hamming code addr: 609040 
183169000: system.memobj: hamming code out: 0 
183169000: system.memobj: hamming code addr: 609048 
183169000: system.memobj: hamming code out: 0 
183169000: system.memobj: hamming code addr: 609056 
183169000: system.memobj: hamming code out: 0 
183169000: system.memobj: hamming code addr: 609064 
183169000: system.memobj: hamming code out: 0 
183169000: system.memobj: hamming code addr: 609072 
183169000: system.memobj: hamming code out: 0 
183169000: system.memobj: fix data : 0000000100000000000000000000000000000000000000000000000000000000 
183169000: system.memobj: -------------------------------------
183232000: system.memobj: mem->cpu Got response for addr 0xfa20 , 64032
183232000: system.memobj: size 0x8
183232000: system.memobj: id 94061725662256
183232000: system.memobj: data_hex : 8B6424184C8B6C24 
183232000: system.memobj: data : 1000101101100100001001000001100001001100100010110110110000100100 
183232000: system.memobj: fix data : 1000101101100100001001000001100001001100100010110110110000100100 
183232000: system.memobj: -------------------------------------
183281000: system.memobj: mem->cpu Got response for addr 0xfa28 , 64040
183281000: system.memobj: size 0x8
183281000: system.memobj: id 94061725661392
183281000: system.memobj: data_hex : 204883C428C3488B 
183281000: system.memobj: data : 0010000001001000100000111100010000101000110000110100100010001011 
183281000: system.memobj: fix data : 0010000001001000100000111100010000101000110000110100100010001011 
183281000: system.memobj: -------------------------------------
183301000: system.memobj: mem->cpu Got response for addr 0x94b00 , 609024
183301000: system.memobj: size 0x8
183301000: system.memobj: id 94061725662256
183301000: system.memobj: data_hex : 2000000000000000 
183301000: system.memobj: data : 0010000000000000000000000000000000000000000000000000000000000000 
183301000: system.memobj: hamming code addr: 609024 
183301000: system.memobj: hamming code out: 0 
183301000: system.memobj: find Error Bit index : 3 
183301000: system.memobj: hamming code addr: 609032 
183301000: system.memobj: hamming code out: 0 
183301000: system.memobj: hamming code addr: 609040 
183301000: system.memobj: hamming code out: 0 
183301000: system.memobj: hamming code addr: 609048 
183301000: system.memobj: hamming code out: 0 
183301000: system.memobj: hamming code addr: 609056 
183301000: system.memobj: hamming code out: 0 
183301000: system.memobj: hamming code addr: 609064 
183301000: system.memobj: hamming code out: 0 
183301000: system.memobj: hamming code addr: 609072 
183301000: system.memobj: hamming code out: 0 
183301000: system.memobj: hamming code addr: 609080 
183301000: system.memobj: hamming code out: 0 
183301000: system.memobj: fix data : 0000000000000000000000000000000000000000000000000000000000000000 
183301000: system.memobj: -------------------------------------
183350000: system.memobj: mem->cpu Got response for addr 0xfa28 , 64040
183350000: system.memobj: size 0x8
183350000: system.memobj: id 94061725662256
183350000: system.memobj: data_hex : 204883C428C3488B 
183350000: system.memobj: data : 0010000001001000100000111100010000101000110000110100100010001011 
183350000: system.memobj: fix data : 0010000001001000100000111100010000101000110000110100100010001011 
183350000: system.memobj: -------------------------------------
183399000: system.memobj: mem->cpu Got response for addr 0xfa28 , 64040
183399000: system.memobj: size 0x8
183399000: system.memobj: id 94061725661392
183399000: system.memobj: data_hex : 204883C428C3488B 
183399000: system.memobj: data : 0010000001001000100000111100010000101000110000110100100010001011 
183399000: system.memobj: fix data : 0010000001001000100000111100010000101000110000110100100010001011 
183399000: system.memobj: -------------------------------------
183448000: system.memobj: mem->cpu Got response for addr 0x94b08 , 609032
183448000: system.memobj: size 0x8
183448000: system.memobj: id 94061725662256
183448000: system.memobj: data_hex : 2F2D430000000000 
183448000: system.memobj: data : 0010111100101101010000110000000000000000000000000000000000000000 
183448000: system.memobj: hamming code addr: 609032 
183448000: system.memobj: hamming code out: 14 
183448000: system.memobj: find Error Bit index : 8 
183448000: system.memobj: hamming code addr: 609040 
183448000: system.memobj: hamming code out: 9 
183448000: system.memobj: hamming code addr: 609048 
183448000: system.memobj: hamming code out: 2 
183448000: system.memobj: hamming code addr: 609056 
183448000: system.memobj: hamming code out: 0 
183448000: system.memobj: hamming code addr: 609064 
183448000: system.memobj: hamming code out: 0 
183448000: system.memobj: hamming code addr: 609072 
183448000: system.memobj: hamming code out: 0 
183448000: system.memobj: hamming code addr: 609080 
183448000: system.memobj: hamming code out: 0 
183448000: system.memobj: hamming code addr: 609088 
183448000: system.memobj: hamming code out: 0 
183448000: system.memobj: fix data : 0010111000101101010000110000000000000000000000000000000000000000 
183448000: system.memobj: -------------------------------------
183511000: system.memobj: mem->cpu Got response for addr 0x32d28 , 208168
183511000: system.memobj: size 0x8
183511000: system.memobj: id 94061725662256
183511000: system.memobj: data_hex : 00E832CCFDFF4885 
183511000: system.memobj: data : 0000000011101000001100101100110011111101111111110100100010000101 
183511000: system.memobj: fix data : 0000000011101000001100101100110011111101111111110100100010000101 
183511000: system.memobj: -------------------------------------
183560000: system.memobj: mem->cpu Got response for addr 0x32d30 , 208176
183560000: system.memobj: size 0x8
183560000: system.memobj: id 94061725661392
183560000: system.memobj: data_hex : C048890518CD1400 
183560000: system.memobj: data : 1100000001001000100010010000010100011000110011010001010000000000 
183560000: system.memobj: fix data : 1100000001001000100010010000010100011000110011010001010000000000 
183560000: system.memobj: -------------------------------------
183609000: system.memobj: mem->cpu Got response for addr 0x32d30 , 208176
183609000: system.memobj: size 0x8
183609000: system.memobj: id 94061725662256
183609000: system.memobj: data_hex : C048890518CD1400 
183609000: system.memobj: data : 1100000001001000100010010000010100011000110011010001010000000000 
183609000: system.memobj: fix data : 1100000001001000100010010000010100011000110011010001010000000000 
183609000: system.memobj: -------------------------------------
183609000: system.memobj: cpu->mem Got request for addr 0x7fa50 , 522832
183609000: system.memobj: size 0x8
183609000: system.memobj: id 94061725662544
183609000: system.memobj: data_hex : A040590000000000 
183609000: system.memobj: data : 1010000001000000010110010000000000000000000000000000000000000000 
183609000: system.memobj: hamming code addr: 522832 
183609000: system.memobj: hamming code : 5 
183609000: system.memobj: hamming code addr: 522840 
183609000: system.memobj: hamming code : 5 
183609000: system.memobj: hamming code addr: 522848 
183609000: system.memobj: hamming code : 7 
183609000: system.memobj: hamming code addr: 522856 
183609000: system.memobj: hamming code : 0 
183609000: system.memobj: hamming code addr: 522864 
183609000: system.memobj: hamming code : 0 
183609000: system.memobj: hamming code addr: 522872 
183609000: system.memobj: hamming code : 0 
183609000: system.memobj: hamming code addr: 522880 
183609000: system.memobj: hamming code : 0 
183609000: system.memobj: hamming code addr: 522888 
183609000: system.memobj: hamming code : 0 
183609000: system.memobj: Enter Error Bit index: 3 
183609000: system.memobj: flip data : 1000000001000000010110010000000000000000000000000000000000000000 
183609000: system.memobj: -------------------------------------
183679000: system.memobj: mem->cpu Got response for addr 0x32d38 , 208184
183679000: system.memobj: size 0x8
183679000: system.memobj: id 94061725662544
183679000: system.memobj: data_hex : 4989C40F842F0100 
183679000: system.memobj: data : 0100100110001001110001000000111110000100001011110000000100000000 
183679000: system.memobj: fix data : 0100100110001001110001000000111110000100001011110000000100000000 
183679000: system.memobj: -------------------------------------
183728000: system.memobj: mem->cpu Got response for addr 0x32d38 , 208184
183728000: system.memobj: size 0x8
183728000: system.memobj: id 94061725662256
183728000: system.memobj: data_hex : 4989C40F842F0100 
183728000: system.memobj: data : 0100100110001001110001000000111110000100001011110000000100000000 
183728000: system.memobj: fix data : 0100100110001001110001000000111110000100001011110000000100000000 
183728000: system.memobj: -------------------------------------
183777000: system.memobj: mem->cpu Got response for addr 0x32d40 , 208192
183777000: system.memobj: size 0x8
183777000: system.memobj: id 94061725662544
183777000: system.memobj: data_hex : 00488B05F0CC1400 
183777000: system.memobj: data : 0000000001001000100010110000010111110000110011000001010000000000 
183777000: system.memobj: fix data : 0000000001001000100010110000010111110000110011000001010000000000 
183777000: system.memobj: -------------------------------------
183826000: system.memobj: mem->cpu Got response for addr 0x32d40 , 208192
183826000: system.memobj: size 0x8
183826000: system.memobj: id 94061725662256
183826000: system.memobj: data_hex : 00488B05F0CC1400 
183826000: system.memobj: data : 0000000001001000100010110000010111110000110011000001010000000000 
183826000: system.memobj: fix data : 0000000001001000100010110000010111110000110011000001010000000000 
183826000: system.memobj: -------------------------------------
183889000: system.memobj: mem->cpu Got response for addr 0x7fa38 , 522808
183889000: system.memobj: size 0x8
183889000: system.memobj: id 94061725662832
183889000: system.memobj: data_hex : 1100000000000000 
183889000: system.memobj: data : 0001000100000000000000000000000000000000000000000000000000000000 
183889000: system.memobj: hamming code addr: 522808 
183889000: system.memobj: hamming code out: 12 
183889000: system.memobj: find Error Bit index : 4 
183889000: system.memobj: hamming code addr: 522816 
183889000: system.memobj: hamming code out: 0 
183889000: system.memobj: hamming code addr: 522824 
183889000: system.memobj: hamming code out: 0 
183889000: system.memobj: hamming code addr: 522832 
183889000: system.memobj: hamming code out: 0 
183889000: system.memobj: hamming code addr: 522840 
183889000: system.memobj: hamming code out: 0 
183889000: system.memobj: hamming code addr: 522848 
183889000: system.memobj: hamming code out: 0 
183889000: system.memobj: hamming code addr: 522856 
183889000: system.memobj: hamming code out: 0 
183889000: system.memobj: hamming code addr: 522864 
183889000: system.memobj: hamming code out: 0 
183889000: system.memobj: fix data : 0000000100000000000000000000000000000000000000000000000000000000 
183889000: system.memobj: -------------------------------------
183938000: system.memobj: mem->cpu Got response for addr 0x32d48 , 208200
183938000: system.memobj: size 0x8
183938000: system.memobj: id 94061725662832
183938000: system.memobj: data_hex : 48B9CDCCCCCCCCCC 
183938000: system.memobj: data : 0100100010111001110011011100110011001100110011001100110011001100 
183938000: system.memobj: fix data : 0100100010111001110011011100110011001100110011001100110011001100 
183938000: system.memobj: -------------------------------------
183987000: system.memobj: mem->cpu Got response for addr 0x32d50 , 208208
183987000: system.memobj: size 0x8
183987000: system.memobj: id 94061725662256
183987000: system.memobj: data_hex : CCCC488D04854F00 
183987000: system.memobj: data : 1100110011001100010010001000110100000100100001010100111100000000 
183987000: system.memobj: fix data : 1100110011001100010010001000110100000100100001010100111100000000 
183987000: system.memobj: -------------------------------------
184036000: system.memobj: mem->cpu Got response for addr 0x32d50 , 208208
184036000: system.memobj: size 0x8
184036000: system.memobj: id 94061725662832
184036000: system.memobj: data_hex : CCCC488D04854F00 
184036000: system.memobj: data : 1100110011001100010010001000110100000100100001010100111100000000 
184036000: system.memobj: fix data : 1100110011001100010010001000110100000100100001010100111100000000 
184036000: system.memobj: -------------------------------------
184085000: system.memobj: mem->cpu Got response for addr 0x32d58 , 208216
184085000: system.memobj: size 0x8
184085000: system.memobj: id 94061725662256
184085000: system.memobj: data_hex : 000048F7E14889D3 
184085000: system.memobj: data : 0000000000000000010010001111011111100001010010001000100111010011 
184085000: system.memobj: fix data : 0000000000000000010010001111011111100001010010001000100111010011 
184085000: system.memobj: -------------------------------------
184134000: system.memobj: mem->cpu Got response for addr 0x32d58 , 208216
184134000: system.memobj: size 0x8
184134000: system.memobj: id 94061725696016
184134000: system.memobj: data_hex : 000048F7E14889D3 
184134000: system.memobj: data : 0000000000000000010010001111011111100001010010001000100111010011 
184134000: system.memobj: fix data : 0000000000000000010010001111011111100001010010001000100111010011 
184134000: system.memobj: -------------------------------------
184183000: system.memobj: mem->cpu Got response for addr 0x32d58 , 208216
184183000: system.memobj: size 0x8
184183000: system.memobj: id 94061725662256
184183000: system.memobj: data_hex : 000048F7E14889D3 
184183000: system.memobj: data : 0000000000000000010010001111011111100001010010001000100111010011 
184183000: system.memobj: fix data : 0000000000000000010010001111011111100001010010001000100111010011 
184183000: system.memobj: -------------------------------------
184232000: system.memobj: mem->cpu Got response for addr 0x32d60 , 208224
184232000: system.memobj: size 0x8
184232000: system.memobj: id 94061725696016
184232000: system.memobj: data_hex : 48C1EB054869FB20 
184232000: system.memobj: data : 0100100011000001111010110000010101001000011010011111101100100000 
184232000: system.memobj: fix data : 0100100011000001111010110000010101001000011010011111101100100000 
184232000: system.memobj: -------------------------------------
184281000: system.memobj: mem->cpu Got response for addr 0x32d60 , 208224
184281000: system.memobj: size 0x8
184281000: system.memobj: id 94061725662256
184281000: system.memobj: data_hex : 48C1EB054869FB20 
184281000: system.memobj: data : 0100100011000001111010110000010101001000011010011111101100100000 
184281000: system.memobj: fix data : 0100100011000001111010110000010101001000011010011111101100100000 
184281000: system.memobj: -------------------------------------
184330000: system.memobj: mem->cpu Got response for addr 0x32d68 , 208232
184330000: system.memobj: size 0x8
184330000: system.memobj: id 94061725696016
184330000: system.memobj: data_hex : 030000E8F0CBFDFF 
184330000: system.memobj: data : 0000001100000000000000001110100011110000110010111111110111111111 
184330000: system.memobj: fix data : 0000001100000000000000001110100011110000110010111111110111111111 
184330000: system.memobj: -------------------------------------
184393000: system.memobj: mem->cpu Got response for addr 0x32d68 , 208232
184393000: system.memobj: size 0x8
184393000: system.memobj: id 94061725662256
184393000: system.memobj: data_hex : 030000E8F0CBFDFF 
184393000: system.memobj: data : 0000001100000000000000001110100011110000110010111111110111111111 
184393000: system.memobj: fix data : 0000001100000000000000001110100011110000110010111111110111111111 
184393000: system.memobj: -------------------------------------
184393000: system.memobj: cpu->mem Got request for addr 0x94b08 , 609032
184393000: system.memobj: size 0x8
184393000: system.memobj: id 94061725696304
184393000: system.memobj: data_hex : 702D430000000000 
184393000: system.memobj: data : 0111000000101101010000110000000000000000000000000000000000000000 
184393000: system.memobj: hamming code addr: 609032 
184393000: system.memobj: hamming code : 4 
184393000: system.memobj: hamming code addr: 609040 
184393000: system.memobj: hamming code : 9 
184393000: system.memobj: hamming code addr: 609048 
184393000: system.memobj: hamming code : 2 
184393000: system.memobj: hamming code addr: 609056 
184393000: system.memobj: hamming code : 0 
184393000: system.memobj: hamming code addr: 609064 
184393000: system.memobj: hamming code : 0 
184393000: system.memobj: hamming code addr: 609072 
184393000: system.memobj: hamming code : 0 
184393000: system.memobj: hamming code addr: 609080 
184393000: system.memobj: hamming code : 0 
184393000: system.memobj: hamming code addr: 609088 
184393000: system.memobj: hamming code : 0 
184393000: system.memobj: Enter Error Bit index: 3 
184393000: system.memobj: flip data : 0101000000101101010000110000000000000000000000000000000000000000 
184393000: system.memobj: -------------------------------------
184463000: system.memobj: mem->cpu Got response for addr 0xf960 , 63840
184463000: system.memobj: size 0x8
184463000: system.memobj: id 94061725696304
184463000: system.memobj: data_hex : 4C896424F048895C 
184463000: system.memobj: data : 0100110010001001011001000010010011110000010010001000100101011100 
184463000: system.memobj: fix data : 0100110010001001011001000010010011110000010010001000100101011100 
184463000: system.memobj: -------------------------------------
184463000: system.memobj: cpu->mem Got request for addr 0x94af8 , 609016
184463000: system.memobj: size 0x8
184463000: system.memobj: id 94061725662256
184463000: system.memobj: data_hex : A040590000000000 
184463000: system.memobj: data : 1010000001000000010110010000000000000000000000000000000000000000 
184463000: system.memobj: hamming code addr: 609016 
184463000: system.memobj: hamming code : 5 
184463000: system.memobj: hamming code addr: 609024 
184463000: system.memobj: hamming code : 5 
184463000: system.memobj: hamming code addr: 609032 
184463000: system.memobj: hamming code : 7 
184463000: system.memobj: hamming code addr: 609040 
184463000: system.memobj: hamming code : 0 
184463000: system.memobj: hamming code addr: 609048 
184463000: system.memobj: hamming code : 0 
184463000: system.memobj: hamming code addr: 609056 
184463000: system.memobj: hamming code : 0 
184463000: system.memobj: hamming code addr: 609064 
184463000: system.memobj: hamming code : 0 
184463000: system.memobj: hamming code addr: 609072 
184463000: system.memobj: hamming code : 0 
184463000: system.memobj: Enter Error Bit index: 3 
184463000: system.memobj: flip data : 1000000001000000010110010000000000000000000000000000000000000000 
184463000: system.memobj: -------------------------------------
184533000: system.memobj: mem->cpu Got response for addr 0xf960 , 63840
184533000: system.memobj: size 0x8
184533000: system.memobj: id 94061725662256
184533000: system.memobj: data_hex : 4C896424F048895C 
184533000: system.memobj: data : 0100110010001001011001000010010011110000010010001000100101011100 
184533000: system.memobj: fix data : 0100110010001001011001000010010011110000010010001000100101011100 
184533000: system.memobj: -------------------------------------
184582000: system.memobj: mem->cpu Got response for addr 0xf968 , 63848
184582000: system.memobj: size 0x8
184582000: system.memobj: id 94061725696304
184582000: system.memobj: data_hex : 24E04989FC48896C 
184582000: system.memobj: data : 0010010011100000010010011000100111111100010010001000100101101100 
184582000: system.memobj: fix data : 0010010011100000010010011000100111111100010010001000100101101100 
184582000: system.memobj: -------------------------------------
184582000: system.memobj: cpu->mem Got request for addr 0x94ae8 , 609000
184582000: system.memobj: size 0x8
184582000: system.memobj: id 94061725662256
184582000: system.memobj: data_hex : 0200000000000000 
184582000: system.memobj: data : 0000001000000000000000000000000000000000000000000000000000000000 
184582000: system.memobj: hamming code addr: 609000 
184582000: system.memobj: hamming code : 11 
184582000: system.memobj: hamming code addr: 609008 
184582000: system.memobj: hamming code : 0 
184582000: system.memobj: hamming code addr: 609016 
184582000: system.memobj: hamming code : 0 
184582000: system.memobj: hamming code addr: 609024 
184582000: system.memobj: hamming code : 0 
184582000: system.memobj: hamming code addr: 609032 
184582000: system.memobj: hamming code : 0 
184582000: system.memobj: hamming code addr: 609040 
184582000: system.memobj: hamming code : 0 
184582000: system.memobj: hamming code addr: 609048 
184582000: system.memobj: hamming code : 0 
184582000: system.memobj: hamming code addr: 609056 
184582000: system.memobj: hamming code : 0 
184582000: system.memobj: Enter Error Bit index: 5 
184582000: system.memobj: flip data : 0000101000000000000000000000000000000000000000000000000000000000 
184582000: system.memobj: -------------------------------------
184652000: system.memobj: mem->cpu Got response for addr 0xf968 , 63848
184652000: system.memobj: size 0x8
184652000: system.memobj: id 94061725662256
184652000: system.memobj: data_hex : 24E04989FC48896C 
184652000: system.memobj: data : 0010010011100000010010011000100111111100010010001000100101101100 
184652000: system.memobj: fix data : 0010010011100000010010011000100111111100010010001000100101101100 
184652000: system.memobj: -------------------------------------
184701000: system.memobj: mem->cpu Got response for addr 0xf968 , 63848
184701000: system.memobj: size 0x8
184701000: system.memobj: id 94061725696304
184701000: system.memobj: data_hex : 24E04989FC48896C 
184701000: system.memobj: data : 0010010011100000010010011000100111111100010010001000100101101100 
184701000: system.memobj: fix data : 0010010011100000010010011000100111111100010010001000100101101100 
184701000: system.memobj: -------------------------------------
184750000: system.memobj: mem->cpu Got response for addr 0xf970 , 63856
184750000: system.memobj: size 0x8
184750000: system.memobj: id 94061725662256
184750000: system.memobj: data_hex : 24E84C896C24F848 
184750000: system.memobj: data : 0010010011101000010011001000100101101100001001001111100001001000 
184750000: system.memobj: fix data : 0010010011101000010011001000100101101100001001001111100001001000 
184750000: system.memobj: -------------------------------------
184750000: system.memobj: cpu->mem Got request for addr 0x94af0 , 609008
184750000: system.memobj: size 0x8
184750000: system.memobj: id 94061725696304
184750000: system.memobj: data_hex : 30EBFFFFFF7F0000 
184750000: system.memobj: data : 0011000011101011111111111111111111111111011111110000000000000000 
184750000: system.memobj: hamming code addr: 609008 
184750000: system.memobj: hamming code : 1 
184750000: system.memobj: hamming code addr: 609016 
184750000: system.memobj: hamming code : 14 
184750000: system.memobj: hamming code addr: 609024 
184750000: system.memobj: hamming code : 3 
184750000: system.memobj: hamming code addr: 609032 
184750000: system.memobj: hamming code : 3 
184750000: system.memobj: hamming code addr: 609040 
184750000: system.memobj: hamming code : 3 
184750000: system.memobj: hamming code addr: 609048 
184750000: system.memobj: hamming code : 0 
184750000: system.memobj: hamming code addr: 609056 
184750000: system.memobj: hamming code : 0 
184750000: system.memobj: hamming code addr: 609064 
184750000: system.memobj: hamming code : 0 
184750000: system.memobj: Enter Error Bit index: 2 
184750000: system.memobj: flip data : 0111000011101011111111111111111111111111011111110000000000000000 
184750000: system.memobj: -------------------------------------
184820000: system.memobj: mem->cpu Got response for addr 0xf970 , 63856
184820000: system.memobj: size 0x8
184820000: system.memobj: id 94061725696304
184820000: system.memobj: data_hex : 24E84C896C24F848 
184820000: system.memobj: data : 0010010011101000010011001000100101101100001001001111100001001000 
184820000: system.memobj: fix data : 0010010011101000010011001000100101101100001001001111100001001000 
184820000: system.memobj: -------------------------------------
184820000: system.memobj: cpu->mem Got request for addr 0x94b00 , 609024
184820000: system.memobj: size 0x8
184820000: system.memobj: id 94061725662256
184820000: system.memobj: data_hex : 0000000000000000 
184820000: system.memobj: data : 0000000000000000000000000000000000000000000000000000000000000000 
184820000: system.memobj: hamming code addr: 609024 
184820000: system.memobj: hamming code : 0 
184820000: system.memobj: hamming code addr: 609032 
184820000: system.memobj: hamming code : 0 
184820000: system.memobj: hamming code addr: 609040 
184820000: system.memobj: hamming code : 0 
184820000: system.memobj: hamming code addr: 609048 
184820000: system.memobj: hamming code : 0 
184820000: system.memobj: hamming code addr: 609056 
184820000: system.memobj: hamming code : 0 
184820000: system.memobj: hamming code addr: 609064 
184820000: system.memobj: hamming code : 0 
184820000: system.memobj: hamming code addr: 609072 
184820000: system.memobj: hamming code : 0 
184820000: system.memobj: hamming code addr: 609080 
184820000: system.memobj: hamming code : 0 
184820000: system.memobj: Enter Error Bit index: 7 
184820000: system.memobj: flip data : 0000001000000000000000000000000000000000000000000000000000000000 
184820000: system.memobj: -------------------------------------
184890000: system.memobj: mem->cpu Got response for addr 0xf970 , 63856
184890000: system.memobj: size 0x8
184890000: system.memobj: id 94061725662256
184890000: system.memobj: data_hex : 24E84C896C24F848 
184890000: system.memobj: data : 0010010011101000010011001000100101101100001001001111100001001000 
184890000: system.memobj: fix data : 0010010011101000010011001000100101101100001001001111100001001000 
184890000: system.memobj: -------------------------------------
184939000: system.memobj: mem->cpu Got response for addr 0xf978 , 63864
184939000: system.memobj: size 0x8
184939000: system.memobj: id 94061725696304
184939000: system.memobj: data_hex : 83EC28488B05760D 
184939000: system.memobj: data : 1000001111101100001010000100100010001011000001010111011000001101 
184939000: system.memobj: fix data : 1000001111101100001010000100100010001011000001010111011000001101 
184939000: system.memobj: -------------------------------------
184988000: system.memobj: mem->cpu Got response for addr 0xf978 , 63864
184988000: system.memobj: size 0x8
184988000: system.memobj: id 94061725662256
184988000: system.memobj: data_hex : 83EC28488B05760D 
184988000: system.memobj: data : 1000001111101100001010000100100010001011000001010111011000001101 
184988000: system.memobj: fix data : 1000001111101100001010000100100010001011000001010111011000001101 
184988000: system.memobj: -------------------------------------
185037000: system.memobj: mem->cpu Got response for addr 0xf980 , 63872
185037000: system.memobj: size 0x8
185037000: system.memobj: id 94061725696304
185037000: system.memobj: data_hex : 17004885C0742948 
185037000: system.memobj: data : 0001011100000000010010001000010111000000011101000010100101001000 
185037000: system.memobj: fix data : 0001011100000000010010001000010111000000011101000010100101001000 
185037000: system.memobj: -------------------------------------
185100000: system.memobj: mem->cpu Got response for addr 0x806f8 , 526072
185100000: system.memobj: size 0x8
185100000: system.memobj: id 94061725662256
185100000: system.memobj: data_hex : 1000000000000000 
185100000: system.memobj: data : 0001000000000000000000000000000000000000000000000000000000000000 
185100000: system.memobj: hamming code addr: 526072 
185100000: system.memobj: hamming code out: 0 
185100000: system.memobj: find Error Bit index : 4 
185100000: system.memobj: hamming code addr: 526080 
185100000: system.memobj: hamming code out: 0 
185100000: system.memobj: hamming code addr: 526088 
185100000: system.memobj: hamming code out: 0 
185100000: system.memobj: hamming code addr: 526096 
185100000: system.memobj: hamming code out: 0 
185100000: system.memobj: hamming code addr: 526104 
185100000: system.memobj: hamming code out: 0 
185100000: system.memobj: hamming code addr: 526112 
185100000: system.memobj: hamming code out: 0 
185100000: system.memobj: hamming code addr: 526120 
185100000: system.memobj: hamming code out: 0 
185100000: system.memobj: hamming code addr: 526128 
185100000: system.memobj: hamming code out: 0 
185100000: system.memobj: fix data : 0000000000000000000000000000000000000000000000000000000000000000 
185100000: system.memobj: -------------------------------------
185149000: system.memobj: mem->cpu Got response for addr 0xf980 , 63872
185149000: system.memobj: size 0x8
185149000: system.memobj: id 94061725662256
185149000: system.memobj: data_hex : 17004885C0742948 
185149000: system.memobj: data : 0001011100000000010010001000010111000000011101000010100101001000 
185149000: system.memobj: fix data : 0001011100000000010010001000010111000000011101000010100101001000 
185149000: system.memobj: -------------------------------------
185212000: system.memobj: mem->cpu Got response for addr 0xf980 , 63872
185212000: system.memobj: size 0x8
185212000: system.memobj: id 94061725696304
185212000: system.memobj: data_hex : 17004885C0742948 
185212000: system.memobj: data : 0001011100000000010010001000010111000000011101000010100101001000 
185212000: system.memobj: fix data : 0001011100000000010010001000010111000000011101000010100101001000 
185212000: system.memobj: -------------------------------------
185261000: system.memobj: mem->cpu Got response for addr 0xf9b0 , 63920
185261000: system.memobj: size 0x8
185261000: system.memobj: id 94061725662256
185261000: system.memobj: data_hex : B8000000004885C0 
185261000: system.memobj: data : 1011100000000000000000000000000000000000010010001000010111000000 
185261000: system.memobj: fix data : 1011100000000000000000000000000000000000010010001000010111000000 
185261000: system.memobj: -------------------------------------
185310000: system.memobj: mem->cpu Got response for addr 0xf9b0 , 63920
185310000: system.memobj: size 0x8
185310000: system.memobj: id 94061725696304
185310000: system.memobj: data_hex : B8000000004885C0 
185310000: system.memobj: data : 1011100000000000000000000000000000000000010010001000010111000000 
185310000: system.memobj: fix data : 1011100000000000000000000000000000000000010010001000010111000000 
185310000: system.memobj: -------------------------------------
185359000: system.memobj: mem->cpu Got response for addr 0xf9b8 , 63928
185359000: system.memobj: size 0x8
185359000: system.memobj: id 94061725662256
185359000: system.memobj: data_hex : 747431FFE83F06BF 
185359000: system.memobj: data : 0111010001110100001100011111111111101000001111110000011010111111 
185359000: system.memobj: fix data : 0111010001110100001100011111111111101000001111110000011010111111 
185359000: system.memobj: -------------------------------------
185408000: system.memobj: mem->cpu Got response for addr 0xfa28 , 64040
185408000: system.memobj: size 0x8
185408000: system.memobj: id 94061725696304
185408000: system.memobj: data_hex : 204883C428C3488B 
185408000: system.memobj: data : 0010000001001000100000111100010000101000110000110100100010001011 
185408000: system.memobj: fix data : 0010000001001000100000111100010000101000110000110100100010001011 
185408000: system.memobj: -------------------------------------
185457000: system.memobj: mem->cpu Got response for addr 0xfa30 , 64048
185457000: system.memobj: size 0x8
185457000: system.memobj: id 94061725662256
185457000: system.memobj: data_hex : 2D432A1800EB8D44 
185457000: system.memobj: data : 0010110101000011001010100001100000000000111010111000110101000100 
185457000: system.memobj: fix data : 0010110101000011001010100001100000000000111010111000110101000100 
185457000: system.memobj: -------------------------------------
185534000: system.memobj: mem->cpu Got response for addr 0x92478 , 599160
185534000: system.memobj: size 0x8
185534000: system.memobj: id 94061725696304
185534000: system.memobj: data_hex : A024590000000000 
185534000: system.memobj: data : 1010000000100100010110010000000000000000000000000000000000000000 
185534000: system.memobj: hamming code addr: 599160 
185534000: system.memobj: hamming code out: 3 
185534000: system.memobj: find Error Bit index : 3 
185534000: system.memobj: hamming code addr: 599168 
185534000: system.memobj: hamming code out: 12 
185534000: system.memobj: hamming code addr: 599176 
185534000: system.memobj: hamming code out: 7 
185534000: system.memobj: hamming code addr: 599184 
185534000: system.memobj: hamming code out: 0 
185534000: system.memobj: hamming code addr: 599192 
185534000: system.memobj: hamming code out: 0 
185534000: system.memobj: hamming code addr: 599200 
185534000: system.memobj: hamming code out: 0 
185534000: system.memobj: hamming code addr: 599208 
185534000: system.memobj: hamming code out: 0 
185534000: system.memobj: hamming code addr: 599216 
185534000: system.memobj: hamming code out: 0 
185534000: system.memobj: fix data : 1000000000100100010110010000000000000000000000000000000000000000 
185534000: system.memobj: -------------------------------------
185583000: system.memobj: mem->cpu Got response for addr 0xfa30 , 64048
185583000: system.memobj: size 0x8
185583000: system.memobj: id 94061725696304
185583000: system.memobj: data_hex : 2D432A1800EB8D44 
185583000: system.memobj: data : 0010110101000011001010100001100000000000111010111000110101000100 
185583000: system.memobj: fix data : 0010110101000011001010100001100000000000111010111000110101000100 
185583000: system.memobj: -------------------------------------
185632000: system.memobj: mem->cpu Got response for addr 0xf9c0 , 63936
185632000: system.memobj: size 0x8
185632000: system.memobj: id 94061725662256
185632000: system.memobj: data_hex : FF4889C54885ED48 
185632000: system.memobj: data : 1111111101001000100010011100010101001000100001011110110101001000 
185632000: system.memobj: fix data : 1111111101001000100010011100010101001000100001011110110101001000 
185632000: system.memobj: -------------------------------------
185681000: system.memobj: mem->cpu Got response for addr 0xf9c0 , 63936
185681000: system.memobj: size 0x8
185681000: system.memobj: id 94061725696304
185681000: system.memobj: data_hex : FF4889C54885ED48 
185681000: system.memobj: data : 1111111101001000100010011100010101001000100001011110110101001000 
185681000: system.memobj: fix data : 1111111101001000100010011100010101001000100001011110110101001000 
185681000: system.memobj: -------------------------------------
185730000: system.memobj: mem->cpu Got response for addr 0xf9c8 , 63944
185730000: system.memobj: size 0x8
185730000: system.memobj: id 94061725662256
185730000: system.memobj: data_hex : 89EB0F8482000000 
185730000: system.memobj: data : 1000100111101011000011111000010010000010000000000000000000000000 
185730000: system.memobj: fix data : 1000100111101011000011111000010010000010000000000000000000000000 
185730000: system.memobj: -------------------------------------
185779000: system.memobj: mem->cpu Got response for addr 0xf9c8 , 63944
185779000: system.memobj: size 0x8
185779000: system.memobj: id 94061725696304
185779000: system.memobj: data_hex : 89EB0F8482000000 
185779000: system.memobj: data : 1000100111101011000011111000010010000010000000000000000000000000 
185779000: system.memobj: fix data : 1000100111101011000011111000010010000010000000000000000000000000 
185779000: system.memobj: -------------------------------------
185828000: system.memobj: mem->cpu Got response for addr 0xf9d0 , 63952
185828000: system.memobj: size 0x8
185828000: system.memobj: id 94061725662256
185828000: system.memobj: data_hex : B8000000004885C0 
185828000: system.memobj: data : 1011100000000000000000000000000000000000010010001000010111000000 
185828000: system.memobj: fix data : 1011100000000000000000000000000000000000010010001000010111000000 
185828000: system.memobj: -------------------------------------
185877000: system.memobj: mem->cpu Got response for addr 0xf9d0 , 63952
185877000: system.memobj: size 0x8
185877000: system.memobj: id 94061725696304
185877000: system.memobj: data_hex : B8000000004885C0 
185877000: system.memobj: data : 1011100000000000000000000000000000000000010010001000010111000000 
185877000: system.memobj: fix data : 1011100000000000000000000000000000000000010010001000010111000000 
185877000: system.memobj: -------------------------------------
185926000: system.memobj: mem->cpu Got response for addr 0xf9d8 , 63960
185926000: system.memobj: size 0x8
185926000: system.memobj: id 94061725662256
185926000: system.memobj: data_hex : 745D4889EFE81E06 
185926000: system.memobj: data : 0111010001011101010010001000100111101111111010000001111000000110 
185926000: system.memobj: fix data : 0111010001011101010010001000100111101111111010000001111000000110 
185926000: system.memobj: -------------------------------------
185975000: system.memobj: mem->cpu Got response for addr 0xfa30 , 64048
185975000: system.memobj: size 0x8
185975000: system.memobj: id 94061725696304
185975000: system.memobj: data_hex : 2D432A1800EB8D44 
185975000: system.memobj: data : 0010110101000011001010100001100000000000111010111000110101000100 
185975000: system.memobj: fix data : 0010110101000011001010100001100000000000111010111000110101000100 
185975000: system.memobj: -------------------------------------
186024000: system.memobj: mem->cpu Got response for addr 0xfa38 , 64056
186024000: system.memobj: size 0x8
186024000: system.memobj: id 94061725662256
186024000: system.memobj: data_hex : 8B5D004585DB7512 
186024000: system.memobj: data : 1000101101011101000000000100010110000101110110110111010100010010 
186024000: system.memobj: fix data : 1000101101011101000000000100010110000101110110110111010100010010 
186024000: system.memobj: -------------------------------------
186073000: system.memobj: mem->cpu Got response for addr 0x92480 , 599168
186073000: system.memobj: size 0x4
186073000: system.memobj: id 94061725696304
186073000: system.memobj: data_hex : 40000000 
186073000: system.memobj: data : 01000000000000000000000000000000 
186073000: system.memobj: hamming code addr: 599168 
186073000: system.memobj: hamming code out: 0 
186073000: system.memobj: find Error Bit index : 2 
186073000: system.memobj: hamming code addr: 599176 
186073000: system.memobj: hamming code out: 0 
186073000: system.memobj: hamming code addr: 599184 
186073000: system.memobj: hamming code out: 0 
186073000: system.memobj: hamming code addr: 599192 
186073000: system.memobj: hamming code out: 0 
186073000: system.memobj: fix data : 00000000000000000000000000000000 
186073000: system.memobj: -------------------------------------
186136000: system.memobj: mem->cpu Got response for addr 0xfa38 , 64056
186136000: system.memobj: size 0x8
186136000: system.memobj: id 94061725696304
186136000: system.memobj: data_hex : 8B5D004585DB7512 
186136000: system.memobj: data : 1000101101011101000000000100010110000101110110110111010100010010 
186136000: system.memobj: fix data : 1000101101011101000000000100010110000101110110110111010100010010 
186136000: system.memobj: -------------------------------------
186185000: system.memobj: mem->cpu Got response for addr 0xfa38 , 64056
186185000: system.memobj: size 0x8
186185000: system.memobj: id 94061725662256
186185000: system.memobj: data_hex : 8B5D004585DB7512 
186185000: system.memobj: data : 1000101101011101000000000100010110000101110110110111010100010010 
186185000: system.memobj: fix data : 1000101101011101000000000100010110000101110110110111010100010010 
186185000: system.memobj: -------------------------------------
186234000: system.memobj: mem->cpu Got response for addr 0xfa40 , 64064
186234000: system.memobj: size 0x8
186234000: system.memobj: id 94061725696304
186234000: system.memobj: data_hex : C7450001000000EB 
186234000: system.memobj: data : 1100011101000101000000000000000100000000000000000000000011101011 
186234000: system.memobj: fix data : 1100011101000101000000000000000100000000000000000000000011101011 
186234000: system.memobj: -------------------------------------
186234000: system.memobj: cpu->mem Got request for addr 0x92480 , 599168
186234000: system.memobj: size 0x4
186234000: system.memobj: id 94061725662256
186234000: system.memobj: data_hex : 01000000 
186234000: system.memobj: data : 00000001000000000000000000000000 
186234000: system.memobj: hamming code addr: 599168 
186234000: system.memobj: hamming code : 12 
186234000: system.memobj: hamming code addr: 599176 
186234000: system.memobj: hamming code : 0 
186234000: system.memobj: hamming code addr: 599184 
186234000: system.memobj: hamming code : 0 
186234000: system.memobj: hamming code addr: 599192 
186234000: system.memobj: hamming code : 0 
186234000: system.memobj: Enter Error Bit index: 1 
186234000: system.memobj: flip data : 10000001000000000000000000000000 
186234000: system.memobj: -------------------------------------
186304000: system.memobj: mem->cpu Got response for addr 0xfa40 , 64064
186304000: system.memobj: size 0x8
186304000: system.memobj: id 94061725662256
186304000: system.memobj: data_hex : C7450001000000EB 
186304000: system.memobj: data : 1100011101000101000000000000000100000000000000000000000011101011 
186304000: system.memobj: fix data : 1100011101000101000000000000000100000000000000000000000011101011 
186304000: system.memobj: -------------------------------------
186353000: system.memobj: mem->cpu Got response for addr 0xfa48 , 64072
186353000: system.memobj: size 0x8
186353000: system.memobj: id 94061725696304
186353000: system.memobj: data_hex : 9DC7030000000090 
186353000: system.memobj: data : 1001110111000111000000110000000000000000000000000000000010010000 
186353000: system.memobj: fix data : 1001110111000111000000110000000000000000000000000000000010010000 
186353000: system.memobj: -------------------------------------
186402000: system.memobj: mem->cpu Got response for addr 0xf9e0 , 63968
186402000: system.memobj: size 0x8
186402000: system.memobj: id 94061725662256
186402000: system.memobj: data_hex : BFFF85C0756C31C0 
186402000: system.memobj: data : 1011111111111111100001011100000001110101011011000011000111000000 
186402000: system.memobj: fix data : 1011111111111111100001011100000001110101011011000011000111000000 
186402000: system.memobj: -------------------------------------
186451000: system.memobj: mem->cpu Got response for addr 0xf9e8 , 63976
186451000: system.memobj: size 0x8
186451000: system.memobj: id 94061725696304
186451000: system.memobj: data_hex : 4885DB74284C89E6 
186451000: system.memobj: data : 0100100010000101110110110111010000101000010011001000100111100110 
186451000: system.memobj: fix data : 0100100010000101110110110111010000101000010011001000100111100110 
186451000: system.memobj: -------------------------------------
186500000: system.memobj: mem->cpu Got response for addr 0xf9e8 , 63976
186500000: system.memobj: size 0x8
186500000: system.memobj: id 94061725662256
186500000: system.memobj: data_hex : 4885DB74284C89E6 
186500000: system.memobj: data : 0100100010000101110110110111010000101000010011001000100111100110 
186500000: system.memobj: fix data : 0100100010000101110110110111010000101000010011001000100111100110 
186500000: system.memobj: -------------------------------------
186549000: system.memobj: mem->cpu Got response for addr 0xf9e8 , 63976
186549000: system.memobj: size 0x8
186549000: system.memobj: id 94061725696304
186549000: system.memobj: data_hex : 4885DB74284C89E6 
186549000: system.memobj: data : 0100100010000101110110110111010000101000010011001000100111100110 
186549000: system.memobj: fix data : 0100100010000101110110110111010000101000010011001000100111100110 
186549000: system.memobj: -------------------------------------
186598000: system.memobj: mem->cpu Got response for addr 0xf9f0 , 63984
186598000: system.memobj: size 0x8
186598000: system.memobj: id 94061725662256
186598000: system.memobj: data_hex : 4889DFE888E3FFFF 
186598000: system.memobj: data : 0100100010001001110111111110100010001000111000111111111111111111 
186598000: system.memobj: fix data : 0100100010001001110111111110100010001000111000111111111111111111 
186598000: system.memobj: -------------------------------------
186647000: system.memobj: mem->cpu Got response for addr 0xf9f0 , 63984
186647000: system.memobj: size 0x8
186647000: system.memobj: id 94061725696304
186647000: system.memobj: data_hex : 4889DFE888E3FFFF 
186647000: system.memobj: data : 0100100010001001110111111110100010001000111000111111111111111111 
186647000: system.memobj: fix data : 0100100010001001110111111110100010001000111000111111111111111111 
186647000: system.memobj: -------------------------------------
186647000: system.memobj: cpu->mem Got request for addr 0x94ad8 , 608984
186647000: system.memobj: size 0x8
186647000: system.memobj: id 94061725662256
186647000: system.memobj: data_hex : F8F9400000000000 
186647000: system.memobj: data : 1111100011111001010000000000000000000000000000000000000000000000 
186647000: system.memobj: hamming code addr: 608984 
186647000: system.memobj: hamming code : 14 
186647000: system.memobj: hamming code addr: 608992 
186647000: system.memobj: hamming code : 2 
186647000: system.memobj: hamming code addr: 609000 
186647000: system.memobj: hamming code : 5 
186647000: system.memobj: hamming code addr: 609008 
186647000: system.memobj: hamming code : 0 
186647000: system.memobj: hamming code addr: 609016 
186647000: system.memobj: hamming code : 0 
186647000: system.memobj: hamming code addr: 609024 
186647000: system.memobj: hamming code : 0 
186647000: system.memobj: hamming code addr: 609032 
186647000: system.memobj: hamming code : 0 
186647000: system.memobj: hamming code addr: 609040 
186647000: system.memobj: hamming code : 0 
186647000: system.memobj: Enter Error Bit index: 6 
186647000: system.memobj: flip data : 1111110011111001010000000000000000000000000000000000000000000000 
186647000: system.memobj: -------------------------------------
186717000: system.memobj: mem->cpu Got response for addr 0xdd80 , 56704
186717000: system.memobj: size 0x8
186717000: system.memobj: id 94061725662256
186717000: system.memobj: data_hex : 4157415641554989 
186717000: system.memobj: data : 0100000101010111010000010101011001000001010101010100100110001001 
186717000: system.memobj: fix data : 0100000101010111010000010101011001000001010101010100100110001001 
186717000: system.memobj: -------------------------------------
186717000: system.memobj: cpu->mem Got request for addr 0x94ad0 , 608976
186717000: system.memobj: size 0x8
186717000: system.memobj: id 94061725696304
186717000: system.memobj: data_hex : 0000000000000000 
186717000: system.memobj: data : 0000000000000000000000000000000000000000000000000000000000000000 
186717000: system.memobj: hamming code addr: 608976 
186717000: system.memobj: hamming code : 0 
186717000: system.memobj: hamming code addr: 608984 
186717000: system.memobj: hamming code : 0 
186717000: system.memobj: hamming code addr: 608992 
186717000: system.memobj: hamming code : 0 
186717000: system.memobj: hamming code addr: 609000 
186717000: system.memobj: hamming code : 0 
186717000: system.memobj: hamming code addr: 609008 
186717000: system.memobj: hamming code : 0 
186717000: system.memobj: hamming code addr: 609016 
186717000: system.memobj: hamming code : 0 
186717000: system.memobj: hamming code addr: 609024 
186717000: system.memobj: hamming code : 0 
186717000: system.memobj: hamming code addr: 609032 
186717000: system.memobj: hamming code : 0 
186717000: system.memobj: Enter Error Bit index: 7 
186717000: system.memobj: flip data : 0000001000000000000000000000000000000000000000000000000000000000 
186717000: system.memobj: -------------------------------------
186787000: system.memobj: mem->cpu Got response for addr 0xdd80 , 56704
186787000: system.memobj: size 0x8
186787000: system.memobj: id 94061725696304
186787000: system.memobj: data_hex : 4157415641554989 
186787000: system.memobj: data : 0100000101010111010000010101011001000001010101010100100110001001 
186787000: system.memobj: fix data : 0100000101010111010000010101011001000001010101010100100110001001 
186787000: system.memobj: -------------------------------------
186787000: system.memobj: cpu->mem Got request for addr 0x94ac8 , 608968
186787000: system.memobj: size 0x8
186787000: system.memobj: id 94061725662256
186787000: system.memobj: data_hex : D8EDFFFFFF7F0000 
186787000: system.memobj: data : 1101100011101101111111111111111111111111011111110000000000000000 
186787000: system.memobj: hamming code addr: 608968 
186787000: system.memobj: hamming code : 8 
186787000: system.memobj: hamming code addr: 608976 
186787000: system.memobj: hamming code : 15 
186787000: system.memobj: hamming code addr: 608984 
186787000: system.memobj: hamming code : 3 
186787000: system.memobj: hamming code addr: 608992 
186787000: system.memobj: hamming code : 3 
186787000: system.memobj: hamming code addr: 609000 
186787000: system.memobj: hamming code : 3 
186787000: system.memobj: hamming code addr: 609008 
186787000: system.memobj: hamming code : 0 
186787000: system.memobj: hamming code addr: 609016 
186787000: system.memobj: hamming code : 0 
186787000: system.memobj: hamming code addr: 609024 
186787000: system.memobj: hamming code : 0 
186787000: system.memobj: Enter Error Bit index: 1 
186787000: system.memobj: flip data : 0101100011101101111111111111111111111111011111110000000000000000 
186787000: system.memobj: -------------------------------------
186857000: system.memobj: mem->cpu Got response for addr 0xdd80 , 56704
186857000: system.memobj: size 0x8
186857000: system.memobj: id 94061725662256
186857000: system.memobj: data_hex : 4157415641554989 
186857000: system.memobj: data : 0100000101010111010000010101011001000001010101010100100110001001 
186857000: system.memobj: fix data : 0100000101010111010000010101011001000001010101010100100110001001 
186857000: system.memobj: -------------------------------------
186857000: system.memobj: cpu->mem Got request for addr 0x94ac0 , 608960
186857000: system.memobj: size 0x8
186857000: system.memobj: id 94061725696304
186857000: system.memobj: data_hex : 0000000000000000 
186857000: system.memobj: data : 0000000000000000000000000000000000000000000000000000000000000000 
186857000: system.memobj: hamming code addr: 608960 
186857000: system.memobj: hamming code : 0 
186857000: system.memobj: hamming code addr: 608968 
186857000: system.memobj: hamming code : 0 
186857000: system.memobj: hamming code addr: 608976 
186857000: system.memobj: hamming code : 0 
186857000: system.memobj: hamming code addr: 608984 
186857000: system.memobj: hamming code : 0 
186857000: system.memobj: hamming code addr: 608992 
186857000: system.memobj: hamming code : 0 
186857000: system.memobj: hamming code addr: 609000 
186857000: system.memobj: hamming code : 0 
186857000: system.memobj: hamming code addr: 609008 
186857000: system.memobj: hamming code : 0 
186857000: system.memobj: hamming code addr: 609016 
186857000: system.memobj: hamming code : 0 
186857000: system.memobj: Enter Error Bit index: 3 
186857000: system.memobj: flip data : 0010000000000000000000000000000000000000000000000000000000000000 
186857000: system.memobj: -------------------------------------
187207000: system.memobj: mem->cpu Got response for addr 0xdd80 , 56704
187207000: system.memobj: size 0x8
187207000: system.memobj: id 94061725696304
187207000: system.memobj: data_hex : 4157415641554989 
187207000: system.memobj: data : 0100000101010111010000010101011001000001010101010100100110001001 
187207000: system.memobj: fix data : 0100000101010111010000010101011001000001010101010100100110001001 
187207000: system.memobj: -------------------------------------
187256000: system.memobj: mem->cpu Got response for addr 0xdd88 , 56712
187256000: system.memobj: size 0x8
187256000: system.memobj: id 94061725662256
187256000: system.memobj: data_hex : FD415455534883EC 
187256000: system.memobj: data : 1111110101000001010101000101010101010011010010001000001111101100 
187256000: system.memobj: fix data : 1111110101000001010101000101010101010011010010001000001111101100 
187256000: system.memobj: -------------------------------------
187305000: system.memobj: mem->cpu Got response for addr 0xdd88 , 56712
187305000: system.memobj: size 0x8
187305000: system.memobj: id 94061725696304
187305000: system.memobj: data_hex : FD415455534883EC 
187305000: system.memobj: data : 1111110101000001010101000101010101010011010010001000001111101100 
187305000: system.memobj: fix data : 1111110101000001010101000101010101010011010010001000001111101100 
187305000: system.memobj: -------------------------------------
187305000: system.memobj: cpu->mem Got request for addr 0x94ab8 , 608952
187305000: system.memobj: size 0x8
187305000: system.memobj: id 94061725662256
187305000: system.memobj: data_hex : 4006000000000000 
187305000: system.memobj: data : 0100000000000110000000000000000000000000000000000000000000000000 
187305000: system.memobj: hamming code addr: 608952 
187305000: system.memobj: hamming code : 5 
187305000: system.memobj: hamming code addr: 608960 
187305000: system.memobj: hamming code : 1 
187305000: system.memobj: hamming code addr: 608968 
187305000: system.memobj: hamming code : 0 
187305000: system.memobj: hamming code addr: 608976 
187305000: system.memobj: hamming code : 0 
187305000: system.memobj: hamming code addr: 608984 
187305000: system.memobj: hamming code : 0 
187305000: system.memobj: hamming code addr: 608992 
187305000: system.memobj: hamming code : 0 
187305000: system.memobj: hamming code addr: 609000 
187305000: system.memobj: hamming code : 0 
187305000: system.memobj: hamming code addr: 609008 
187305000: system.memobj: hamming code : 0 
187305000: system.memobj: Enter Error Bit index: 5 
187305000: system.memobj: flip data : 0100100000000110000000000000000000000000000000000000000000000000 
187305000: system.memobj: -------------------------------------
187375000: system.memobj: mem->cpu Got response for addr 0xdd88 , 56712
187375000: system.memobj: size 0x8
187375000: system.memobj: id 94061725662256
187375000: system.memobj: data_hex : FD415455534883EC 
187375000: system.memobj: data : 1111110101000001010101000101010101010011010010001000001111101100 
187375000: system.memobj: fix data : 1111110101000001010101000101010101010011010010001000001111101100 
187375000: system.memobj: -------------------------------------
187375000: system.memobj: cpu->mem Got request for addr 0x94ab0 , 608944
187375000: system.memobj: size 0x8
187375000: system.memobj: id 94061725696304
187375000: system.memobj: data_hex : 8024590000000000 
187375000: system.memobj: data : 1000000000100100010110010000000000000000000000000000000000000000 
187375000: system.memobj: hamming code addr: 608944 
187375000: system.memobj: hamming code : 3 
187375000: system.memobj: hamming code addr: 608952 
187375000: system.memobj: hamming code : 12 
187375000: system.memobj: hamming code addr: 608960 
187375000: system.memobj: hamming code : 7 
187375000: system.memobj: hamming code addr: 608968 
187375000: system.memobj: hamming code : 0 
187375000: system.memobj: hamming code addr: 608976 
187375000: system.memobj: hamming code : 0 
187375000: system.memobj: hamming code addr: 608984 
187375000: system.memobj: hamming code : 0 
187375000: system.memobj: hamming code addr: 608992 
187375000: system.memobj: hamming code : 0 
187375000: system.memobj: hamming code addr: 609000 
187375000: system.memobj: hamming code : 0 
187375000: system.memobj: Enter Error Bit index: 3 
187375000: system.memobj: flip data : 1010000000100100010110010000000000000000000000000000000000000000 
187375000: system.memobj: -------------------------------------
187445000: system.memobj: mem->cpu Got response for addr 0xdd88 , 56712
187445000: system.memobj: size 0x8
187445000: system.memobj: id 94061725696304
187445000: system.memobj: data_hex : FD415455534883EC 
187445000: system.memobj: data : 1111110101000001010101000101010101010011010010001000001111101100 
187445000: system.memobj: fix data : 1111110101000001010101000101010101010011010010001000001111101100 
187445000: system.memobj: -------------------------------------
187445000: system.memobj: cpu->mem Got request for addr 0x94aa8 , 608936
187445000: system.memobj: size 0x8
187445000: system.memobj: id 94061725662256
187445000: system.memobj: data_hex : 8024590000000000 
187445000: system.memobj: data : 1000000000100100010110010000000000000000000000000000000000000000 
187445000: system.memobj: hamming code addr: 608936 
187445000: system.memobj: hamming code : 3 
187445000: system.memobj: hamming code addr: 608944 
187445000: system.memobj: hamming code : 12 
187445000: system.memobj: hamming code addr: 608952 
187445000: system.memobj: hamming code : 7 
187445000: system.memobj: hamming code addr: 608960 
187445000: system.memobj: hamming code : 0 
187445000: system.memobj: hamming code addr: 608968 
187445000: system.memobj: hamming code : 0 
187445000: system.memobj: hamming code addr: 608976 
187445000: system.memobj: hamming code : 0 
187445000: system.memobj: hamming code addr: 608984 
187445000: system.memobj: hamming code : 0 
187445000: system.memobj: hamming code addr: 608992 
187445000: system.memobj: hamming code : 0 
187445000: system.memobj: Enter Error Bit index: 7 
187445000: system.memobj: flip data : 1000001000100100010110010000000000000000000000000000000000000000 
187445000: system.memobj: -------------------------------------
187515000: system.memobj: mem->cpu Got response for addr 0xdd88 , 56712
187515000: system.memobj: size 0x8
187515000: system.memobj: id 94061725662256
187515000: system.memobj: data_hex : FD415455534883EC 
187515000: system.memobj: data : 1111110101000001010101000101010101010011010010001000001111101100 
187515000: system.memobj: fix data : 1111110101000001010101000101010101010011010010001000001111101100 
187515000: system.memobj: -------------------------------------
187564000: system.memobj: mem->cpu Got response for addr 0xdd90 , 56720
187564000: system.memobj: size 0x8
187564000: system.memobj: id 94061725696304
187564000: system.memobj: data_hex : 484883FEBF0F875C 
187564000: system.memobj: data : 0100100001001000100000111111111010111111000011111000011101011100 
187564000: system.memobj: fix data : 0100100001001000100000111111111010111111000011111000011101011100 
187564000: system.memobj: -------------------------------------
187613000: system.memobj: mem->cpu Got response for addr 0xdd90 , 56720
187613000: system.memobj: size 0x8
187613000: system.memobj: id 94061725662256
187613000: system.memobj: data_hex : 484883FEBF0F875C 
187613000: system.memobj: data : 0100100001001000100000111111111010111111000011111000011101011100 
187613000: system.memobj: fix data : 0100100001001000100000111111111010111111000011111000011101011100 
187613000: system.memobj: -------------------------------------
187662000: system.memobj: mem->cpu Got response for addr 0xdd90 , 56720
187662000: system.memobj: size 0x8
187662000: system.memobj: id 94061725696304
187662000: system.memobj: data_hex : 484883FEBF0F875C 
187662000: system.memobj: data : 0100100001001000100000111111111010111111000011111000011101011100 
187662000: system.memobj: fix data : 0100100001001000100000111111111010111111000011111000011101011100 
187662000: system.memobj: -------------------------------------
187711000: system.memobj: mem->cpu Got response for addr 0xdd98 , 56728
187711000: system.memobj: size 0x8
187711000: system.memobj: id 94061725662256
187711000: system.memobj: data_hex : 040000488D461748 
187711000: system.memobj: data : 0000010000000000000000000100100010001101010001100001011101001000 
187711000: system.memobj: fix data : 0000010000000000000000000100100010001101010001100001011101001000 
187711000: system.memobj: -------------------------------------
187760000: system.memobj: mem->cpu Got response for addr 0xdd98 , 56728
187760000: system.memobj: size 0x8
187760000: system.memobj: id 94061725696304
187760000: system.memobj: data_hex : 040000488D461748 
187760000: system.memobj: data : 0000010000000000000000000100100010001101010001100001011101001000 
187760000: system.memobj: fix data : 0000010000000000000000000100100010001101010001100001011101001000 
187760000: system.memobj: -------------------------------------
187809000: system.memobj: mem->cpu Got response for addr 0xdd98 , 56728
187809000: system.memobj: size 0x8
187809000: system.memobj: id 94061725662256
187809000: system.memobj: data_hex : 040000488D461748 
187809000: system.memobj: data : 0000010000000000000000000100100010001101010001100001011101001000 
187809000: system.memobj: fix data : 0000010000000000000000000100100010001101010001100001011101001000 
187809000: system.memobj: -------------------------------------
187858000: system.memobj: mem->cpu Got response for addr 0xdda0 , 56736
187858000: system.memobj: size 0x8
187858000: system.memobj: id 94061725696304
187858000: system.memobj: data_hex : C744244020000000 
187858000: system.memobj: data : 1100011101000100001001000100000000100000000000000000000000000000 
187858000: system.memobj: fix data : 1100011101000100001001000100000000100000000000000000000000000000 
187858000: system.memobj: -------------------------------------
187858000: system.memobj: cpu->mem Got request for addr 0x94aa0 , 608928
187858000: system.memobj: size 0x8
187858000: system.memobj: id 94061725662256
187858000: system.memobj: data_hex : 2000000000000000 
187858000: system.memobj: data : 0010000000000000000000000000000000000000000000000000000000000000 
187858000: system.memobj: hamming code addr: 608928 
187858000: system.memobj: hamming code : 6 
187858000: system.memobj: hamming code addr: 608936 
187858000: system.memobj: hamming code : 0 
187858000: system.memobj: hamming code addr: 608944 
187858000: system.memobj: hamming code : 0 
187858000: system.memobj: hamming code addr: 608952 
187858000: system.memobj: hamming code : 0 
187858000: system.memobj: hamming code addr: 608960 
187858000: system.memobj: hamming code : 0 
187858000: system.memobj: hamming code addr: 608968 
187858000: system.memobj: hamming code : 0 
187858000: system.memobj: hamming code addr: 608976 
187858000: system.memobj: hamming code : 0 
187858000: system.memobj: hamming code addr: 608984 
187858000: system.memobj: hamming code : 0 
187858000: system.memobj: Enter Error Bit index: 3 
187858000: system.memobj: flip data : 0000000000000000000000000000000000000000000000000000000000000000 
187858000: system.memobj: -------------------------------------
187928000: system.memobj: mem->cpu Got response for addr 0xdda8 , 56744
187928000: system.memobj: size 0x8
187928000: system.memobj: id 94061725662256
187928000: system.memobj: data_hex : 488B4F284889C248 
187928000: system.memobj: data : 0100100010001011010011110010100001001000100010011100001001001000 
187928000: system.memobj: fix data : 0100100010001011010011110010100001001000100010011100001001001000 
187928000: system.memobj: -------------------------------------
187948000: system.memobj: mem->cpu Got response for addr 0x924a8 , 599208
187948000: system.memobj: size 0x8
187948000: system.memobj: id 94061725696304
187948000: system.memobj: data_hex : D100000000000000 
187948000: system.memobj: data : 1101000100000000000000000000000000000000000000000000000000000000 
187948000: system.memobj: hamming code addr: 599208 
187948000: system.memobj: hamming code out: 14 
187948000: system.memobj: find Error Bit index : 1 
187948000: system.memobj: hamming code addr: 599216 
187948000: system.memobj: hamming code out: 0 
187948000: system.memobj: hamming code addr: 599224 
187948000: system.memobj: hamming code out: 0 
187948000: system.memobj: hamming code addr: 599232 
187948000: system.memobj: hamming code out: 0 
187948000: system.memobj: hamming code addr: 599240 
187948000: system.memobj: hamming code out: 0 
187948000: system.memobj: hamming code addr: 599248 
187948000: system.memobj: hamming code out: 0 
187948000: system.memobj: hamming code addr: 599256 
187948000: system.memobj: hamming code out: 0 
187948000: system.memobj: hamming code addr: 599264 
187948000: system.memobj: hamming code out: 0 
187948000: system.memobj: fix data : 0101000100000000000000000000000000000000000000000000000000000000 
187948000: system.memobj: -------------------------------------
187997000: system.memobj: mem->cpu Got response for addr 0xdda8 , 56744
187997000: system.memobj: size 0x8
187997000: system.memobj: id 94061725696304
187997000: system.memobj: data_hex : 488B4F284889C248 
187997000: system.memobj: data : 0100100010001011010011110010100001001000100010011100001001001000 
187997000: system.memobj: fix data : 0100100010001011010011110010100001001000100010011100001001001000 
187997000: system.memobj: -------------------------------------
188046000: system.memobj: mem->cpu Got response for addr 0xdda8 , 56744
188046000: system.memobj: size 0x8
188046000: system.memobj: id 94061725662256
188046000: system.memobj: data_hex : 488B4F284889C248 
188046000: system.memobj: data : 0100100010001011010011110010100001001000100010011100001001001000 
188046000: system.memobj: fix data : 0100100010001011010011110010100001001000100010011100001001001000 
188046000: system.memobj: -------------------------------------
188109000: system.memobj: mem->cpu Got response for addr 0xddb0 , 56752
188109000: system.memobj: size 0x8
188109000: system.memobj: id 94061725696304
188109000: system.memobj: data_hex : 83E2F04883F82048 
188109000: system.memobj: data : 1000001111100010111100000100100010000011111110000010000001001000 
188109000: system.memobj: fix data : 1000001111100010111100000100100010000011111110000010000001001000 
188109000: system.memobj: -------------------------------------
188158000: system.memobj: mem->cpu Got response for addr 0xddb0 , 56752
188158000: system.memobj: size 0x8
188158000: system.memobj: id 94061725662256
188158000: system.memobj: data_hex : 83E2F04883F82048 
188158000: system.memobj: data : 1000001111100010111100000100100010000011111110000010000001001000 
188158000: system.memobj: fix data : 1000001111100010111100000100100010000011111110000010000001001000 
188158000: system.memobj: -------------------------------------
188207000: system.memobj: mem->cpu Got response for addr 0xddb0 , 56752
188207000: system.memobj: size 0x8
188207000: system.memobj: id 94061725696304
188207000: system.memobj: data_hex : 83E2F04883F82048 
188207000: system.memobj: data : 1000001111100010111100000100100010000011111110000010000001001000 
188207000: system.memobj: fix data : 1000001111100010111100000100100010000011111110000010000001001000 
188207000: system.memobj: -------------------------------------
188256000: system.memobj: mem->cpu Got response for addr 0xddb8 , 56760
188256000: system.memobj: size 0x8
188256000: system.memobj: id 94061725662256
188256000: system.memobj: data_hex : 0F425424404839D1 
188256000: system.memobj: data : 0000111101000010010101000010010001000000010010000011100111010001 
188256000: system.memobj: fix data : 0000111101000010010101000010010001000000010010000011100111010001 
188256000: system.memobj: -------------------------------------
188319000: system.memobj: mem->cpu Got response for addr 0x94aa0 , 608928
188319000: system.memobj: size 0x8
188319000: system.memobj: id 94061725696304
188319000: system.memobj: data_hex : 0000000000000000 
188319000: system.memobj: data : 0000000000000000000000000000000000000000000000000000000000000000 
188319000: system.memobj: hamming code addr: 608928 
188319000: system.memobj: hamming code out: 6 
188319000: system.memobj: find Error Bit index : 3 
188319000: system.memobj: hamming code addr: 608936 
188319000: system.memobj: hamming code out: 0 
188319000: system.memobj: hamming code addr: 608944 
188319000: system.memobj: hamming code out: 0 
188319000: system.memobj: hamming code addr: 608952 
188319000: system.memobj: hamming code out: 0 
188319000: system.memobj: hamming code addr: 608960 
188319000: system.memobj: hamming code out: 0 
188319000: system.memobj: hamming code addr: 608968 
188319000: system.memobj: hamming code out: 0 
188319000: system.memobj: hamming code addr: 608976 
188319000: system.memobj: hamming code out: 0 
188319000: system.memobj: hamming code addr: 608984 
188319000: system.memobj: hamming code out: 0 
188319000: system.memobj: fix data : 0010000000000000000000000000000000000000000000000000000000000000 
188319000: system.memobj: -------------------------------------
188368000: system.memobj: mem->cpu Got response for addr 0xddb8 , 56760
188368000: system.memobj: size 0x8
188368000: system.memobj: id 94061725696304
188368000: system.memobj: data_hex : 0F425424404839D1 
188368000: system.memobj: data : 0000111101000010010101000010010001000000010010000011100111010001 
188368000: system.memobj: fix data : 0000111101000010010101000010010001000000010010000011100111010001 
188368000: system.memobj: -------------------------------------
188417000: system.memobj: mem->cpu Got response for addr 0xddc0 , 56768
188417000: system.memobj: size 0x8
188417000: system.memobj: id 94061725662256
188417000: system.memobj: data_hex : 4889542440724E8B 
188417000: system.memobj: data : 0100100010001001010101000010010001000000011100100100111010001011 
188417000: system.memobj: fix data : 0100100010001001010101000010010001000000011100100100111010001011 
188417000: system.memobj: -------------------------------------
188417000: system.memobj: cpu->mem Got request for addr 0x94aa0 , 608928
188417000: system.memobj: size 0x8
188417000: system.memobj: id 94061725696304
188417000: system.memobj: data_hex : 5006000000000000 
188417000: system.memobj: data : 0101000000000110000000000000000000000000000000000000000000000000 
188417000: system.memobj: hamming code addr: 608928 
188417000: system.memobj: hamming code : 2 
188417000: system.memobj: hamming code addr: 608936 
188417000: system.memobj: hamming code : 1 
188417000: system.memobj: hamming code addr: 608944 
188417000: system.memobj: hamming code : 0 
188417000: system.memobj: hamming code addr: 608952 
188417000: system.memobj: hamming code : 0 
188417000: system.memobj: hamming code addr: 608960 
188417000: system.memobj: hamming code : 0 
188417000: system.memobj: hamming code addr: 608968 
188417000: system.memobj: hamming code : 0 
188417000: system.memobj: hamming code addr: 608976 
188417000: system.memobj: hamming code : 0 
188417000: system.memobj: hamming code addr: 608984 
188417000: system.memobj: hamming code : 0 
188417000: system.memobj: Enter Error Bit index: 5 
188417000: system.memobj: flip data : 0101100000000110000000000000000000000000000000000000000000000000 
188417000: system.memobj: -------------------------------------
188487000: system.memobj: mem->cpu Got response for addr 0xddc0 , 56768
188487000: system.memobj: size 0x8
188487000: system.memobj: id 94061725696304
188487000: system.memobj: data_hex : 4889542440724E8B 
188487000: system.memobj: data : 0100100010001001010101000010010001000000011100100100111010001011 
188487000: system.memobj: fix data : 0100100010001001010101000010010001000000011100100100111010001011 
188487000: system.memobj: -------------------------------------
188536000: system.memobj: mem->cpu Got response for addr 0xde10 , 56848
188536000: system.memobj: size 0x8
188536000: system.memobj: id 94061725662256
188536000: system.memobj: data_hex : 415E415FC348817C 
188536000: system.memobj: data : 0100000101011110010000010101111111000011010010001000000101111100 
188536000: system.memobj: fix data : 0100000101011110010000010101111111000011010010001000000101111100 
188536000: system.memobj: -------------------------------------
188585000: system.memobj: mem->cpu Got response for addr 0xde18 , 56856
188585000: system.memobj: size 0x8
188585000: system.memobj: id 94061725696304
188585000: system.memobj: data_hex : 2440FF0100007764 
188585000: system.memobj: data : 0010010001000000111111110000000100000000000000000111011101100100 
188585000: system.memobj: fix data : 0010010001000000111111110000000100000000000000000111011101100100 
188585000: system.memobj: -------------------------------------
188634000: system.memobj: mem->cpu Got response for addr 0x94aa0 , 608928
188634000: system.memobj: size 0x8
188634000: system.memobj: id 94061725662256
188634000: system.memobj: data_hex : 5806000000000000 
188634000: system.memobj: data : 0101100000000110000000000000000000000000000000000000000000000000 
188634000: system.memobj: hamming code addr: 608928 
188634000: system.memobj: hamming code out: 2 
188634000: system.memobj: find Error Bit index : 5 
188634000: system.memobj: hamming code addr: 608936 
188634000: system.memobj: hamming code out: 1 
188634000: system.memobj: hamming code addr: 608944 
188634000: system.memobj: hamming code out: 0 
188634000: system.memobj: hamming code addr: 608952 
188634000: system.memobj: hamming code out: 0 
188634000: system.memobj: hamming code addr: 608960 
188634000: system.memobj: hamming code out: 0 
188634000: system.memobj: hamming code addr: 608968 
188634000: system.memobj: hamming code out: 0 
188634000: system.memobj: hamming code addr: 608976 
188634000: system.memobj: hamming code out: 0 
188634000: system.memobj: hamming code addr: 608984 
188634000: system.memobj: hamming code out: 0 
188634000: system.memobj: fix data : 0101000000000110000000000000000000000000000000000000000000000000 
188634000: system.memobj: -------------------------------------
188683000: system.memobj: mem->cpu Got response for addr 0xde18 , 56856
188683000: system.memobj: size 0x8
188683000: system.memobj: id 94061725662256
188683000: system.memobj: data_hex : 2440FF0100007764 
188683000: system.memobj: data : 0010010001000000111111110000000100000000000000000111011101100100 
188683000: system.memobj: fix data : 0010010001000000111111110000000100000000000000000111011101100100 
188683000: system.memobj: -------------------------------------
188732000: system.memobj: mem->cpu Got response for addr 0xde80 , 56960
188732000: system.memobj: size 0x8
188732000: system.memobj: id 94061725696304
188732000: system.memobj: data_hex : 5E415FC3488B4424 
188732000: system.memobj: data : 0101111001000001010111111100001101001000100010110100010000100100 
188732000: system.memobj: fix data : 0101111001000001010111111100001101001000100010110100010000100100 
188732000: system.memobj: -------------------------------------
188781000: system.memobj: mem->cpu Got response for addr 0xde88 , 56968
188781000: system.memobj: size 0x8
188781000: system.memobj: id 94061725662256
188781000: system.memobj: data_hex : 4048C1E8064883F8 
188781000: system.memobj: data : 0100000001001000110000011110100000000110010010001000001111111000 
188781000: system.memobj: fix data : 0100000001001000110000011110100000000110010010001000001111111000 
188781000: system.memobj: -------------------------------------
188830000: system.memobj: mem->cpu Got response for addr 0x94aa0 , 608928
188830000: system.memobj: size 0x8
188830000: system.memobj: id 94061725696304
188830000: system.memobj: data_hex : 5806000000000000 
188830000: system.memobj: data : 0101100000000110000000000000000000000000000000000000000000000000 
188830000: system.memobj: hamming code addr: 608928 
188830000: system.memobj: hamming code out: 2 
188830000: system.memobj: find Error Bit index : 5 
188830000: system.memobj: hamming code addr: 608936 
188830000: system.memobj: hamming code out: 1 
188830000: system.memobj: hamming code addr: 608944 
188830000: system.memobj: hamming code out: 0 
188830000: system.memobj: hamming code addr: 608952 
188830000: system.memobj: hamming code out: 0 
188830000: system.memobj: hamming code addr: 608960 
188830000: system.memobj: hamming code out: 0 
188830000: system.memobj: hamming code addr: 608968 
188830000: system.memobj: hamming code out: 0 
188830000: system.memobj: hamming code addr: 608976 
188830000: system.memobj: hamming code out: 0 
188830000: system.memobj: hamming code addr: 608984 
188830000: system.memobj: hamming code out: 0 
188830000: system.memobj: fix data : 0101000000000110000000000000000000000000000000000000000000000000 
188830000: system.memobj: -------------------------------------
188879000: system.memobj: mem->cpu Got response for addr 0xde88 , 56968
188879000: system.memobj: size 0x8
188879000: system.memobj: id 94061725696304
188879000: system.memobj: data_hex : 4048C1E8064883F8 
188879000: system.memobj: data : 0100000001001000110000011110100000000110010010001000001111111000 
188879000: system.memobj: fix data : 0100000001001000110000011110100000000110010010001000001111111000 
188879000: system.memobj: -------------------------------------
188928000: system.memobj: mem->cpu Got response for addr 0xde88 , 56968
188928000: system.memobj: size 0x8
188928000: system.memobj: id 94061725662256
188928000: system.memobj: data_hex : 4048C1E8064883F8 
188928000: system.memobj: data : 0100000001001000110000011110100000000110010010001000001111111000 
188928000: system.memobj: fix data : 0100000001001000110000011110100000000110010010001000001111111000 
188928000: system.memobj: -------------------------------------
188977000: system.memobj: mem->cpu Got response for addr 0xde90 , 56976
188977000: system.memobj: size 0x8
188977000: system.memobj: id 94061725696304
188977000: system.memobj: data_hex : 20448D78380F878D 
188977000: system.memobj: data : 0010000001000100100011010111100000111000000011111000011110001101 
188977000: system.memobj: fix data : 0010000001000100100011010111100000111000000011111000011110001101 
188977000: system.memobj: -------------------------------------
189026000: system.memobj: mem->cpu Got response for addr 0xde90 , 56976
189026000: system.memobj: size 0x8
189026000: system.memobj: id 94061725662256
189026000: system.memobj: data_hex : 20448D78380F878D 
189026000: system.memobj: data : 0010000001000100100011010111100000111000000011111000011110001101 
189026000: system.memobj: fix data : 0010000001000100100011010111100000111000000011111000011110001101 
189026000: system.memobj: -------------------------------------
189089000: system.memobj: mem->cpu Got response for addr 0xde90 , 56976
189089000: system.memobj: size 0x8
189089000: system.memobj: id 94061725696592
189089000: system.memobj: data_hex : 20448D78380F878D 
189089000: system.memobj: data : 0010000001000100100011010111100000111000000011111000011110001101 
189089000: system.memobj: fix data : 0010000001000100100011010111100000111000000011111000011110001101 
189089000: system.memobj: -------------------------------------
189138000: system.memobj: mem->cpu Got response for addr 0xde98 , 56984
189138000: system.memobj: size 0x8
189138000: system.memobj: id 94061725662256
189138000: system.memobj: data_hex : 01000083E1010F84 
189138000: system.memobj: data : 0000000100000000000000001000001111100001000000010000111110000100 
189138000: system.memobj: fix data : 0000000100000000000000001000001111100001000000010000111110000100 
189138000: system.memobj: -------------------------------------
189187000: system.memobj: mem->cpu Got response for addr 0xde98 , 56984
189187000: system.memobj: size 0x8
189187000: system.memobj: id 94061725696592
189187000: system.memobj: data_hex : 01000083E1010F84 
189187000: system.memobj: data : 0000000100000000000000001000001111100001000000010000111110000100 
189187000: system.memobj: fix data : 0000000100000000000000001000001111100001000000010000111110000100 
189187000: system.memobj: -------------------------------------
189236000: system.memobj: mem->cpu Got response for addr 0xde98 , 56984
189236000: system.memobj: size 0x8
189236000: system.memobj: id 94061725662256
189236000: system.memobj: data_hex : 01000083E1010F84 
189236000: system.memobj: data : 0000000100000000000000001000001111100001000000010000111110000100 
189236000: system.memobj: fix data : 0000000100000000000000001000001111100001000000010000111110000100 
189236000: system.memobj: -------------------------------------
189285000: system.memobj: mem->cpu Got response for addr 0xdea0 , 56992
189285000: system.memobj: size 0x8
189285000: system.memobj: id 94061725696592
189285000: system.memobj: data_hex : E8010000488B5424 
189285000: system.memobj: data : 1110100000000001000000000000000001001000100010110101010000100100 
189285000: system.memobj: fix data : 1110100000000001000000000000000001001000100010110101010000100100 
189285000: system.memobj: -------------------------------------
189334000: system.memobj: mem->cpu Got response for addr 0xdea0 , 56992
189334000: system.memobj: size 0x8
189334000: system.memobj: id 94061725662256
189334000: system.memobj: data_hex : E8010000488B5424 
189334000: system.memobj: data : 1110100000000001000000000000000001001000100010110101010000100100 
189334000: system.memobj: fix data : 1110100000000001000000000000000001001000100010110101010000100100 
189334000: system.memobj: -------------------------------------
189383000: system.memobj: mem->cpu Got response for addr 0xdea8 , 57000
189383000: system.memobj: size 0x8
189383000: system.memobj: id 94061725696592
189383000: system.memobj: data_hex : 40488B4C24404D8D 
189383000: system.memobj: data : 0100000001001000100010110100110000100100010000000100110110001101 
189383000: system.memobj: fix data : 0100000001001000100010110100110000100100010000000100110110001101 
189383000: system.memobj: -------------------------------------
189432000: system.memobj: mem->cpu Got response for addr 0x94aa0 , 608928
189432000: system.memobj: size 0x8
189432000: system.memobj: id 94061725662256
189432000: system.memobj: data_hex : 5806000000000000 
189432000: system.memobj: data : 0101100000000110000000000000000000000000000000000000000000000000 
189432000: system.memobj: hamming code addr: 608928 
189432000: system.memobj: hamming code out: 2 
189432000: system.memobj: find Error Bit index : 5 
189432000: system.memobj: hamming code addr: 608936 
189432000: system.memobj: hamming code out: 1 
189432000: system.memobj: hamming code addr: 608944 
189432000: system.memobj: hamming code out: 0 
189432000: system.memobj: hamming code addr: 608952 
189432000: system.memobj: hamming code out: 0 
189432000: system.memobj: hamming code addr: 608960 
189432000: system.memobj: hamming code out: 0 
189432000: system.memobj: hamming code addr: 608968 
189432000: system.memobj: hamming code out: 0 
189432000: system.memobj: hamming code addr: 608976 
189432000: system.memobj: hamming code out: 0 
189432000: system.memobj: hamming code addr: 608984 
189432000: system.memobj: hamming code out: 0 
189432000: system.memobj: fix data : 0101000000000110000000000000000000000000000000000000000000000000 
189432000: system.memobj: -------------------------------------
189481000: system.memobj: mem->cpu Got response for addr 0xdea8 , 57000
189481000: system.memobj: size 0x8
189481000: system.memobj: id 94061725662256
189481000: system.memobj: data_hex : 40488B4C24404D8D 
189481000: system.memobj: data : 0100000001001000100010110100110000100100010000000100110110001101 
189481000: system.memobj: fix data : 0100000001001000100010110100110000100100010000000100110110001101 
189481000: system.memobj: -------------------------------------
189530000: system.memobj: mem->cpu Got response for addr 0x94aa0 , 608928
189530000: system.memobj: size 0x8
189530000: system.memobj: id 94061725696592
189530000: system.memobj: data_hex : 5806000000000000 
189530000: system.memobj: data : 0101100000000110000000000000000000000000000000000000000000000000 
189530000: system.memobj: hamming code addr: 608928 
189530000: system.memobj: hamming code out: 2 
189530000: system.memobj: find Error Bit index : 5 
189530000: system.memobj: hamming code addr: 608936 
189530000: system.memobj: hamming code out: 1 
189530000: system.memobj: hamming code addr: 608944 
189530000: system.memobj: hamming code out: 0 
189530000: system.memobj: hamming code addr: 608952 
189530000: system.memobj: hamming code out: 0 
189530000: system.memobj: hamming code addr: 608960 
189530000: system.memobj: hamming code out: 0 
189530000: system.memobj: hamming code addr: 608968 
189530000: system.memobj: hamming code out: 0 
189530000: system.memobj: hamming code addr: 608976 
189530000: system.memobj: hamming code out: 0 
189530000: system.memobj: hamming code addr: 608984 
189530000: system.memobj: hamming code out: 0 
189530000: system.memobj: fix data : 0101000000000110000000000000000000000000000000000000000000000000 
189530000: system.memobj: -------------------------------------
189579000: system.memobj: mem->cpu Got response for addr 0xdea8 , 57000
189579000: system.memobj: size 0x8
189579000: system.memobj: id 94061725696592
189579000: system.memobj: data_hex : 40488B4C24404D8D 
189579000: system.memobj: data : 0100000001001000100010110100110000100100010000000100110110001101 
189579000: system.memobj: fix data : 0100000001001000100010110100110000100100010000000100110110001101 
189579000: system.memobj: -------------------------------------
189628000: system.memobj: mem->cpu Got response for addr 0xdeb0 , 57008
189628000: system.memobj: size 0x8
189628000: system.memobj: id 94061725662256
189628000: system.memobj: data_hex : B5980000004883CA 
189628000: system.memobj: data : 1011010110011000000000000000000000000000010010001000001111001010 
189628000: system.memobj: fix data : 1011010110011000000000000000000000000000010010001000001111001010 
189628000: system.memobj: -------------------------------------
189677000: system.memobj: mem->cpu Got response for addr 0xdeb0 , 57008
189677000: system.memobj: size 0x8
189677000: system.memobj: id 94061725696592
189677000: system.memobj: data_hex : B5980000004883CA 
189677000: system.memobj: data : 1011010110011000000000000000000000000000010010001000001111001010 
189677000: system.memobj: fix data : 1011010110011000000000000000000000000000010010001000001111001010 
189677000: system.memobj: -------------------------------------
189726000: system.memobj: mem->cpu Got response for addr 0xdeb8 , 57016
189726000: system.memobj: size 0x8
189726000: system.memobj: id 94061725662256
189726000: system.memobj: data_hex : 014883C120488954 
189726000: system.memobj: data : 0000000101001000100000111100000100100000010010001000100101010100 
189726000: system.memobj: fix data : 0000000101001000100000111100000100100000010010001000100101010100 
189726000: system.memobj: -------------------------------------
189775000: system.memobj: mem->cpu Got response for addr 0xdeb8 , 57016
189775000: system.memobj: size 0x8
189775000: system.memobj: id 94061725696592
189775000: system.memobj: data_hex : 014883C120488954 
189775000: system.memobj: data : 0000000101001000100000111100000100100000010010001000100101010100 
189775000: system.memobj: fix data : 0000000101001000100000111100000100100000010010001000100101010100 
189775000: system.memobj: -------------------------------------
189824000: system.memobj: mem->cpu Got response for addr 0xdeb8 , 57016
189824000: system.memobj: size 0x8
189824000: system.memobj: id 94061725662256
189824000: system.memobj: data_hex : 014883C120488954 
189824000: system.memobj: data : 0000000101001000100000111100000100100000010010001000100101010100 
189824000: system.memobj: fix data : 0000000101001000100000111100000100100000010010001000100101010100 
189824000: system.memobj: -------------------------------------
189873000: system.memobj: mem->cpu Got response for addr 0xdec0 , 57024
189873000: system.memobj: size 0x8
189873000: system.memobj: id 94061725696592
189873000: system.memobj: data_hex : 2438488954240848 
189873000: system.memobj: data : 0010010000111000010010001000100101010100001001000000100001001000 
189873000: system.memobj: fix data : 0010010000111000010010001000100101010100001001000000100001001000 
189873000: system.memobj: -------------------------------------
189873000: system.memobj: cpu->mem Got request for addr 0x94a98 , 608920
189873000: system.memobj: size 0x8
189873000: system.memobj: id 94061725662256
189873000: system.memobj: data_hex : 5106000000000000 
189873000: system.memobj: data : 0101000100000110000000000000000000000000000000000000000000000000 
189873000: system.memobj: hamming code addr: 608920 
189873000: system.memobj: hamming code : 14 
189873000: system.memobj: hamming code addr: 608928 
189873000: system.memobj: hamming code : 1 
189873000: system.memobj: hamming code addr: 608936 
189873000: system.memobj: hamming code : 0 
189873000: system.memobj: hamming code addr: 608944 
189873000: system.memobj: hamming code : 0 
189873000: system.memobj: hamming code addr: 608952 
189873000: system.memobj: hamming code : 0 
189873000: system.memobj: hamming code addr: 608960 
189873000: system.memobj: hamming code : 0 
189873000: system.memobj: hamming code addr: 608968 
189873000: system.memobj: hamming code : 0 
189873000: system.memobj: hamming code addr: 608976 
189873000: system.memobj: hamming code : 0 
189873000: system.memobj: Enter Error Bit index: 1 
189873000: system.memobj: flip data : 1101000100000110000000000000000000000000000000000000000000000000 
189873000: system.memobj: -------------------------------------
189943000: system.memobj: mem->cpu Got response for addr 0xdec0 , 57024
189943000: system.memobj: size 0x8
189943000: system.memobj: id 94061725662256
189943000: system.memobj: data_hex : 2438488954240848 
189943000: system.memobj: data : 0010010000111000010010001000100101010100001001000000100001001000 
189943000: system.memobj: fix data : 0010010000111000010010001000100101010100001001000000100001001000 
189943000: system.memobj: -------------------------------------
189943000: system.memobj: cpu->mem Got request for addr 0x94a68 , 608872
189943000: system.memobj: size 0x8
189943000: system.memobj: id 94061725696592
189943000: system.memobj: data_hex : 5106000000000000 
189943000: system.memobj: data : 0101000100000110000000000000000000000000000000000000000000000000 
189943000: system.memobj: hamming code addr: 608872 
189943000: system.memobj: hamming code : 14 
189943000: system.memobj: hamming code addr: 608880 
189943000: system.memobj: hamming code : 1 
189943000: system.memobj: hamming code addr: 608888 
189943000: system.memobj: hamming code : 0 
189943000: system.memobj: hamming code addr: 608896 
189943000: system.memobj: hamming code : 0 
189943000: system.memobj: hamming code addr: 608904 
189943000: system.memobj: hamming code : 0 
189943000: system.memobj: hamming code addr: 608912 
189943000: system.memobj: hamming code : 0 
189943000: system.memobj: hamming code addr: 608920 
189943000: system.memobj: hamming code : 0 
189943000: system.memobj: hamming code addr: 608928 
189943000: system.memobj: hamming code : 0 
189943000: system.memobj: Enter Error Bit index: 3 
189943000: system.memobj: flip data : 0111000100000110000000000000000000000000000000000000000000000000 
189943000: system.memobj: -------------------------------------
190027000: system.memobj: mem->cpu Got response for addr 0xdec0 , 57024
190027000: system.memobj: size 0x8
190027000: system.memobj: id 94061725696592
190027000: system.memobj: data_hex : 2438488954240848 
190027000: system.memobj: data : 0010010000111000010010001000100101010100001001000000100001001000 
190027000: system.memobj: fix data : 0010010000111000010010001000100101010100001001000000100001001000 
190027000: system.memobj: -------------------------------------
190076000: system.memobj: mem->cpu Got response for addr 0xdec8 , 57032
190076000: system.memobj: size 0x8
190076000: system.memobj: id 94061725662256
190076000: system.memobj: data_hex : 890C24EB49666690 
190076000: system.memobj: data : 1000100100001100001001001110101101001001011001100110011010010000 
190076000: system.memobj: fix data : 1000100100001100001001001110101101001001011001100110011010010000 
190076000: system.memobj: -------------------------------------
190076000: system.memobj: cpu->mem Got request for addr 0x94a60 , 608864
190076000: system.memobj: size 0x8
190076000: system.memobj: id 94061725696592
190076000: system.memobj: data_hex : 7006000000000000 
190076000: system.memobj: data : 0111000000000110000000000000000000000000000000000000000000000000 
190076000: system.memobj: hamming code addr: 608864 
190076000: system.memobj: hamming code : 4 
190076000: system.memobj: hamming code addr: 608872 
190076000: system.memobj: hamming code : 1 
190076000: system.memobj: hamming code addr: 608880 
190076000: system.memobj: hamming code : 0 
190076000: system.memobj: hamming code addr: 608888 
190076000: system.memobj: hamming code : 0 
190076000: system.memobj: hamming code addr: 608896 
190076000: system.memobj: hamming code : 0 
190076000: system.memobj: hamming code addr: 608904 
190076000: system.memobj: hamming code : 0 
190076000: system.memobj: hamming code addr: 608912 
190076000: system.memobj: hamming code : 0 
190076000: system.memobj: hamming code addr: 608920 
190076000: system.memobj: hamming code : 0 
190076000: system.memobj: Enter Error Bit index: 2 
190076000: system.memobj: flip data : 0011000000000110000000000000000000000000000000000000000000000000 
190076000: system.memobj: -------------------------------------
190146000: system.memobj: mem->cpu Got response for addr 0xdec8 , 57032
190146000: system.memobj: size 0x8
190146000: system.memobj: id 94061725696592
190146000: system.memobj: data_hex : 890C24EB49666690 
190146000: system.memobj: data : 1000100100001100001001001110101101001001011001100110011010010000 
190146000: system.memobj: fix data : 1000100100001100001001001110101101001001011001100110011010010000 
190146000: system.memobj: -------------------------------------
190195000: system.memobj: mem->cpu Got response for addr 0xdf10 , 57104
190195000: system.memobj: size 0x8
190195000: system.memobj: id 94061725662256
190195000: system.memobj: data_hex : 67184C8963104D8B 
190195000: system.memobj: data : 0110011100011000010011001000100101100011000100000100110110001011 
190195000: system.memobj: fix data : 0110011100011000010011001000100101100011000100000100110110001011 
190195000: system.memobj: -------------------------------------
190244000: system.memobj: mem->cpu Got response for addr 0xdf18 , 57112
190244000: system.memobj: size 0x8
190244000: system.memobj: id 94061725696592
190244000: system.memobj: data_hex : A5B00000004D39F4 
190244000: system.memobj: data : 1010010110110000000000000000000000000000010011010011100111110100 
190244000: system.memobj: fix data : 1010010110110000000000000000000000000000010011010011100111110100 
190244000: system.memobj: -------------------------------------
190307000: system.memobj: mem->cpu Got response for addr 0x92530 , 599344
190307000: system.memobj: size 0x8
190307000: system.memobj: id 94061725662256
190307000: system.memobj: data_hex : 5825590000000000 
190307000: system.memobj: data : 0101100000100101010110010000000000000000000000000000000000000000 
190307000: system.memobj: hamming code addr: 599344 
190307000: system.memobj: hamming code out: 14 
190307000: system.memobj: find Error Bit index : 2 
190307000: system.memobj: hamming code addr: 599352 
190307000: system.memobj: hamming code out: 0 
190307000: system.memobj: hamming code addr: 599360 
190307000: system.memobj: hamming code out: 7 
190307000: system.memobj: hamming code addr: 599368 
190307000: system.memobj: hamming code out: 0 
190307000: system.memobj: hamming code addr: 599376 
190307000: system.memobj: hamming code out: 0 
190307000: system.memobj: hamming code addr: 599384 
190307000: system.memobj: hamming code out: 0 
190307000: system.memobj: hamming code addr: 599392 
190307000: system.memobj: hamming code out: 0 
190307000: system.memobj: hamming code addr: 599400 
190307000: system.memobj: hamming code out: 0 
190307000: system.memobj: fix data : 0001100000100101010110010000000000000000000000000000000000000000 
190307000: system.memobj: -------------------------------------
190356000: system.memobj: mem->cpu Got response for addr 0xdf18 , 57112
190356000: system.memobj: size 0x8
190356000: system.memobj: id 94061725662256
190356000: system.memobj: data_hex : A5B00000004D39F4 
190356000: system.memobj: data : 1010010110110000000000000000000000000000010011010011100111110100 
190356000: system.memobj: fix data : 1010010110110000000000000000000000000000010011010011100111110100 
190356000: system.memobj: -------------------------------------
190405000: system.memobj: mem->cpu Got response for addr 0xdf20 , 57120
190405000: system.memobj: size 0x8
190405000: system.memobj: id 94061725696592
190405000: system.memobj: data_hex : 0F8473010000498B 
190405000: system.memobj: data : 0000111110000100011100110000000100000000000000000100100110001011 
190405000: system.memobj: fix data : 0000111110000100011100110000000100000000000000000100100110001011 
190405000: system.memobj: -------------------------------------
190468000: system.memobj: mem->cpu Got response for addr 0xe098 , 57496
190468000: system.memobj: size 0x8
190468000: system.memobj: id 94061725662256
190468000: system.memobj: data_hex : FF48817C2440FF01 
190468000: system.memobj: data : 1111111101001000100000010111110000100100010000001111111100000001 
190468000: system.memobj: fix data : 1111111101001000100000010111110000100100010000001111111100000001 
190468000: system.memobj: -------------------------------------
190517000: system.memobj: mem->cpu Got response for addr 0xe0a0 , 57504
190517000: system.memobj: size 0x8
190517000: system.memobj: id 94061725696592
190517000: system.memobj: data_hex : 0000762A438D043F 
190517000: system.memobj: data : 0000000000000000011101100010101001000011100011010000010000111111 
190517000: system.memobj: fix data : 0000000000000000011101100010101001000011100011010000010000111111 
190517000: system.memobj: -------------------------------------
190566000: system.memobj: mem->cpu Got response for addr 0x94aa0 , 608928
190566000: system.memobj: size 0x8
190566000: system.memobj: id 94061725662256
190566000: system.memobj: data_hex : 5806000000000000 
190566000: system.memobj: data : 0101100000000110000000000000000000000000000000000000000000000000 
190566000: system.memobj: hamming code addr: 608928 
190566000: system.memobj: hamming code out: 2 
190566000: system.memobj: find Error Bit index : 5 
190566000: system.memobj: hamming code addr: 608936 
190566000: system.memobj: hamming code out: 1 
190566000: system.memobj: hamming code addr: 608944 
190566000: system.memobj: hamming code out: 0 
190566000: system.memobj: hamming code addr: 608952 
190566000: system.memobj: hamming code out: 0 
190566000: system.memobj: hamming code addr: 608960 
190566000: system.memobj: hamming code out: 0 
190566000: system.memobj: hamming code addr: 608968 
190566000: system.memobj: hamming code out: 0 
190566000: system.memobj: hamming code addr: 608976 
190566000: system.memobj: hamming code out: 0 
190566000: system.memobj: hamming code addr: 608984 
190566000: system.memobj: hamming code out: 0 
190566000: system.memobj: fix data : 0101000000000110000000000000000000000000000000000000000000000000 
190566000: system.memobj: -------------------------------------
190615000: system.memobj: mem->cpu Got response for addr 0xe0a0 , 57504
190615000: system.memobj: size 0x8
190615000: system.memobj: id 94061725662256
190615000: system.memobj: data_hex : 0000762A438D043F 
190615000: system.memobj: data : 0000000000000000011101100010101001000011100011010000010000111111 
190615000: system.memobj: fix data : 0000000000000000011101100010101001000011100011010000010000111111 
190615000: system.memobj: -------------------------------------
190664000: system.memobj: mem->cpu Got response for addr 0xe0a0 , 57504
190664000: system.memobj: size 0x8
190664000: system.memobj: id 94061725696592
190664000: system.memobj: data_hex : 0000762A438D043F 
190664000: system.memobj: data : 0000000000000000011101100010101001000011100011010000010000111111 
190664000: system.memobj: fix data : 0000000000000000011101100010101001000011100011010000010000111111 
190664000: system.memobj: -------------------------------------
190713000: system.memobj: mem->cpu Got response for addr 0xe0a8 , 57512
190713000: system.memobj: size 0x8
190713000: system.memobj: id 94061725662256
190713000: system.memobj: data_hex : 89C0498DBCC58800 
190713000: system.memobj: data : 1000100111000000010010011000110110111100110001011000100000000000 
190713000: system.memobj: fix data : 1000100111000000010010011000110110111100110001011000100000000000 
190713000: system.memobj: -------------------------------------
190762000: system.memobj: mem->cpu Got response for addr 0xe0a8 , 57512
190762000: system.memobj: size 0x8
190762000: system.memobj: id 94061725696592
190762000: system.memobj: data_hex : 89C0498DBCC58800 
190762000: system.memobj: data : 1000100111000000010010011000110110111100110001011000100000000000 
190762000: system.memobj: fix data : 1000100111000000010010011000110110111100110001011000100000000000 
190762000: system.memobj: -------------------------------------
190811000: system.memobj: mem->cpu Got response for addr 0xe0b0 , 57520
190811000: system.memobj: size 0x8
190811000: system.memobj: id 94061725662256
190811000: system.memobj: data_hex : 00004C8B67184939 
190811000: system.memobj: data : 0000000000000000010011001000101101100111000110000100100100111001 
190811000: system.memobj: fix data : 0000000000000000010011001000101101100111000110000100100100111001 
190811000: system.memobj: -------------------------------------
190860000: system.memobj: mem->cpu Got response for addr 0xe0b0 , 57520
190860000: system.memobj: size 0x8
190860000: system.memobj: id 94061725696592
190860000: system.memobj: data_hex : 00004C8B67184939 
190860000: system.memobj: data : 0000000000000000010011001000101101100111000110000100100100111001 
190860000: system.memobj: fix data : 0000000000000000010011001000101101100111000110000100100100111001 
190860000: system.memobj: -------------------------------------
190909000: system.memobj: mem->cpu Got response for addr 0x92a30 , 600624
190909000: system.memobj: size 0x8
190909000: system.memobj: id 94061725662256
190909000: system.memobj: data_hex : 1C2A590000000000 
190909000: system.memobj: data : 0001110000101010010110010000000000000000000000000000000000000000 
190909000: system.memobj: hamming code addr: 600624 
190909000: system.memobj: hamming code out: 14 
190909000: system.memobj: find Error Bit index : 6 
190909000: system.memobj: hamming code addr: 600632 
190909000: system.memobj: hamming code out: 4 
190909000: system.memobj: hamming code addr: 600640 
190909000: system.memobj: hamming code out: 7 
190909000: system.memobj: hamming code addr: 600648 
190909000: system.memobj: hamming code out: 0 
190909000: system.memobj: hamming code addr: 600656 
190909000: system.memobj: hamming code out: 0 
190909000: system.memobj: hamming code addr: 600664 
190909000: system.memobj: hamming code out: 0 
190909000: system.memobj: hamming code addr: 600672 
190909000: system.memobj: hamming code out: 0 
190909000: system.memobj: hamming code addr: 600680 
190909000: system.memobj: hamming code out: 0 
190909000: system.memobj: fix data : 0001100000101010010110010000000000000000000000000000000000000000 
190909000: system.memobj: -------------------------------------
190958000: system.memobj: mem->cpu Got response for addr 0xe0b0 , 57520
190958000: system.memobj: size 0x8
190958000: system.memobj: id 94061725662256
190958000: system.memobj: data_hex : 00004C8B67184939 
190958000: system.memobj: data : 0000000000000000010011001000101101100111000110000100100100111001 
190958000: system.memobj: fix data : 0000000000000000010011001000101101100111000110000100100100111001 
190958000: system.memobj: -------------------------------------
191007000: system.memobj: mem->cpu Got response for addr 0xe0b8 , 57528
191007000: system.memobj: size 0x8
191007000: system.memobj: id 94061725696592
191007000: system.memobj: data_hex : FC7413488B471048 
191007000: system.memobj: data : 1111110001110100000100110100100010001011010001110001000001001000 
191007000: system.memobj: fix data : 1111110001110100000100110100100010001011010001110001000001001000 
191007000: system.memobj: -------------------------------------
191056000: system.memobj: mem->cpu Got response for addr 0xe0b8 , 57528
191056000: system.memobj: size 0x8
191056000: system.memobj: id 94061725662256
191056000: system.memobj: data_hex : FC7413488B471048 
191056000: system.memobj: data : 1111110001110100000100110100100010001011010001110001000001001000 
191056000: system.memobj: fix data : 1111110001110100000100110100100010001011010001110001000001001000 
191056000: system.memobj: -------------------------------------
191105000: system.memobj: mem->cpu Got response for addr 0xe0c8 , 57544
191105000: system.memobj: size 0x8
191105000: system.memobj: id 94061725696592
191105000: system.memobj: data_hex : 0F83A603000041FF 
191105000: system.memobj: data : 0000111110000011101001100000001100000000000000000100000111111111 
191105000: system.memobj: fix data : 0000111110000011101001100000001100000000000000000100000111111111 
191105000: system.memobj: -------------------------------------
191154000: system.memobj: mem->cpu Got response for addr 0xe0d0 , 57552
191154000: system.memobj: size 0x8
191154000: system.memobj: id 94061725662256
191154000: system.memobj: data_hex : C7BE010000004589 
191154000: system.memobj: data : 1100011110111110000000010000000000000000000000000100010110001001 
191154000: system.memobj: fix data : 1100011110111110000000010000000000000000000000000100010110001001 
191154000: system.memobj: -------------------------------------
191203000: system.memobj: mem->cpu Got response for addr 0xe0d0 , 57552
191203000: system.memobj: size 0x8
191203000: system.memobj: id 94061725696592
191203000: system.memobj: data_hex : C7BE010000004589 
191203000: system.memobj: data : 1100011110111110000000010000000000000000000000000100010110001001 
191203000: system.memobj: fix data : 1100011110111110000000010000000000000000000000000100010110001001 
191203000: system.memobj: -------------------------------------
191252000: system.memobj: mem->cpu Got response for addr 0xe0d0 , 57552
191252000: system.memobj: size 0x8
191252000: system.memobj: id 94061725662256
191252000: system.memobj: data_hex : C7BE010000004589 
191252000: system.memobj: data : 1100011110111110000000010000000000000000000000000100010110001001 
191252000: system.memobj: fix data : 1100011110111110000000010000000000000000000000000100010110001001 
191252000: system.memobj: -------------------------------------
191301000: system.memobj: mem->cpu Got response for addr 0xe0d8 , 57560
191301000: system.memobj: size 0x8
191301000: system.memobj: id 94061725696592
191301000: system.memobj: data_hex : F8438D043F4183E7 
191301000: system.memobj: data : 1111100001000011100011010000010000111111010000011000001111100111 
191301000: system.memobj: fix data : 1111100001000011100011010000010000111111010000011000001111100111 
191301000: system.memobj: -------------------------------------
191364000: system.memobj: mem->cpu Got response for addr 0xe0d8 , 57560
191364000: system.memobj: size 0x8
191364000: system.memobj: id 94061725662256
191364000: system.memobj: data_hex : F8438D043F4183E7 
191364000: system.memobj: data : 1111100001000011100011010000010000111111010000011000001111100111 
191364000: system.memobj: fix data : 1111100001000011100011010000010000111111010000011000001111100111 
191364000: system.memobj: -------------------------------------
191413000: system.memobj: mem->cpu Got response for addr 0xe0d8 , 57560
191413000: system.memobj: size 0x8
191413000: system.memobj: id 94061725696592
191413000: system.memobj: data_hex : F8438D043F4183E7 
191413000: system.memobj: data : 1111100001000011100011010000010000111111010000011000001111100111 
191413000: system.memobj: fix data : 1111100001000011100011010000010000111111010000011000001111100111 
191413000: system.memobj: -------------------------------------
191462000: system.memobj: mem->cpu Got response for addr 0xe0e0 , 57568
191462000: system.memobj: size 0x8
191462000: system.memobj: id 94061725662256
191462000: system.memobj: data_hex : 1F41C1E8054489F9 
191462000: system.memobj: data : 0001111101000001110000011110100000000101010001001000100111111001 
191462000: system.memobj: fix data : 0001111101000001110000011110100000000101010001001000100111111001 
191462000: system.memobj: -------------------------------------
191511000: system.memobj: mem->cpu Got response for addr 0xe0e0 , 57568
191511000: system.memobj: size 0x8
191511000: system.memobj: id 94061725696592
191511000: system.memobj: data_hex : 1F41C1E8054489F9 
191511000: system.memobj: data : 0001111101000001110000011110100000000101010001001000100111111001 
191511000: system.memobj: fix data : 0001111101000001110000011110100000000101010001001000100111111001 
191511000: system.memobj: -------------------------------------
191560000: system.memobj: mem->cpu Got response for addr 0xe0e0 , 57568
191560000: system.memobj: size 0x8
191560000: system.memobj: id 94061725662256
191560000: system.memobj: data_hex : 1F41C1E8054489F9 
191560000: system.memobj: data : 0001111101000001110000011110100000000101010001001000100111111001 
191560000: system.memobj: fix data : 0001111101000001110000011110100000000101010001001000100111111001 
191560000: system.memobj: -------------------------------------
191609000: system.memobj: mem->cpu Got response for addr 0xe0e8 , 57576
191609000: system.memobj: size 0x8
191609000: system.memobj: id 94061725696592
191609000: system.memobj: data_hex : 4589C189C0D3E647 
191609000: system.memobj: data : 0100010110001001110000011000100111000000110100111110011001000111 
191609000: system.memobj: fix data : 0100010110001001110000011000100111000000110100111110011001000111 
191609000: system.memobj: -------------------------------------
191658000: system.memobj: mem->cpu Got response for addr 0xe0e8 , 57576
191658000: system.memobj: size 0x8
191658000: system.memobj: id 94061725662256
191658000: system.memobj: data_hex : 4589C189C0D3E647 
191658000: system.memobj: data : 0100010110001001110000011000100111000000110100111110011001000111 
191658000: system.memobj: fix data : 0100010110001001110000011000100111000000110100111110011001000111 
191658000: system.memobj: -------------------------------------
191707000: system.memobj: mem->cpu Got response for addr 0xe0e8 , 57576
191707000: system.memobj: size 0x8
191707000: system.memobj: id 94061725696592
191707000: system.memobj: data_hex : 4589C189C0D3E647 
191707000: system.memobj: data : 0100010110001001110000011000100111000000110100111110011001000111 
191707000: system.memobj: fix data : 0100010110001001110000011000100111000000110100111110011001000111 
191707000: system.memobj: -------------------------------------
191756000: system.memobj: mem->cpu Got response for addr 0xe0e8 , 57576
191756000: system.memobj: size 0x8
191756000: system.memobj: id 94061725662256
191756000: system.memobj: data_hex : 4589C189C0D3E647 
191756000: system.memobj: data : 0100010110001001110000011000100111000000110100111110011001000111 
191756000: system.memobj: fix data : 0100010110001001110000011000100111000000110100111110011001000111 
191756000: system.memobj: -------------------------------------
191805000: system.memobj: mem->cpu Got response for addr 0xe0f0 , 57584
191805000: system.memobj: size 0x8
191805000: system.memobj: id 94061725696592
191805000: system.memobj: data_hex : 8B948D9808000049 
191805000: system.memobj: data : 1000101110010100100011011001100000001000000000000000000001001001 
191805000: system.memobj: fix data : 1000101110010100100011011001100000001000000000000000000001001001 
191805000: system.memobj: -------------------------------------
191854000: system.memobj: mem->cpu Got response for addr 0x92d20 , 601376
191854000: system.memobj: size 0x4
191854000: system.memobj: id 94061725662256
191854000: system.memobj: data_hex : 00000000 
191854000: system.memobj: data : 00000000000000000000000000000000 
191854000: system.memobj: fix data : 00000000000000000000000000000000 
191854000: system.memobj: -------------------------------------
191903000: system.memobj: mem->cpu Got response for addr 0xe0f0 , 57584
191903000: system.memobj: size 0x8
191903000: system.memobj: id 94061725662256
191903000: system.memobj: data_hex : 8B948D9808000049 
191903000: system.memobj: data : 1000101110010100100011011001100000001000000000000000000001001001 
191903000: system.memobj: fix data : 1000101110010100100011011001100000001000000000000000000001001001 
191903000: system.memobj: -------------------------------------
191952000: system.memobj: mem->cpu Got response for addr 0xe0f8 , 57592
191952000: system.memobj: size 0x8
191952000: system.memobj: id 94061725696592
191952000: system.memobj: data_hex : 8DBCC58800000090 
191952000: system.memobj: data : 1000110110111100110001011000100000000000000000000000000010010000 
191952000: system.memobj: fix data : 1000110110111100110001011000100000000000000000000000000010010000 
191952000: system.memobj: -------------------------------------
192001000: system.memobj: mem->cpu Got response for addr 0xe0f8 , 57592
192001000: system.memobj: size 0x8
192001000: system.memobj: id 94061725662256
192001000: system.memobj: data_hex : 8DBCC58800000090 
192001000: system.memobj: data : 1000110110111100110001011000100000000000000000000000000010010000 
192001000: system.memobj: fix data : 1000110110111100110001011000100000000000000000000000000010010000 
192001000: system.memobj: -------------------------------------
192050000: system.memobj: mem->cpu Got response for addr 0xe100 , 57600
192050000: system.memobj: size 0x8
192050000: system.memobj: id 94061725696592
192050000: system.memobj: data_hex : 4439D60F97C285F6 
192050000: system.memobj: data : 0100010000111001110101100000111110010111110000101000010111110110 
192050000: system.memobj: fix data : 0100010000111001110101100000111110010111110000101000010111110110 
192050000: system.memobj: -------------------------------------
192099000: system.memobj: mem->cpu Got response for addr 0xe100 , 57600
192099000: system.memobj: size 0x8
192099000: system.memobj: id 94061725662256
192099000: system.memobj: data_hex : 4439D60F97C285F6 
192099000: system.memobj: data : 0100010000111001110101100000111110010111110000101000010111110110 
192099000: system.memobj: fix data : 0100010000111001110101100000111110010111110000101000010111110110 
192099000: system.memobj: -------------------------------------
192148000: system.memobj: mem->cpu Got response for addr 0xe100 , 57600
192148000: system.memobj: size 0x8
192148000: system.memobj: id 94061725696592
192148000: system.memobj: data_hex : 4439D60F97C285F6 
192148000: system.memobj: data : 0100010000111001110101100000111110010111110000101000010111110110 
192148000: system.memobj: fix data : 0100010000111001110101100000111110010111110000101000010111110110 
192148000: system.memobj: -------------------------------------
192211000: system.memobj: mem->cpu Got response for addr 0xe108 , 57608
192211000: system.memobj: size 0x8
192211000: system.memobj: id 94061725662256
192211000: system.memobj: data_hex : 0F94C009D0A80174 
192211000: system.memobj: data : 0000111110010100110000000000100111010000101010000000000101110100 
192211000: system.memobj: fix data : 0000111110010100110000000000100111010000101010000000000101110100 
192211000: system.memobj: -------------------------------------
192260000: system.memobj: mem->cpu Got response for addr 0xe108 , 57608
192260000: system.memobj: size 0x8
192260000: system.memobj: id 94061725696592
192260000: system.memobj: data_hex : 0F94C009D0A80174 
192260000: system.memobj: data : 0000111110010100110000000000100111010000101010000000000101110100 
192260000: system.memobj: fix data : 0000111110010100110000000000100111010000101010000000000101110100 
192260000: system.memobj: -------------------------------------
192309000: system.memobj: mem->cpu Got response for addr 0xe108 , 57608
192309000: system.memobj: size 0x8
192309000: system.memobj: id 94061725662256
192309000: system.memobj: data_hex : 0F94C009D0A80174 
192309000: system.memobj: data : 0000111110010100110000000000100111010000101010000000000101110100 
192309000: system.memobj: fix data : 0000111110010100110000000000100111010000101010000000000101110100 
192309000: system.memobj: -------------------------------------
192358000: system.memobj: mem->cpu Got response for addr 0xe108 , 57608
192358000: system.memobj: size 0x8
192358000: system.memobj: id 94061725696592
192358000: system.memobj: data_hex : 0F94C009D0A80174 
192358000: system.memobj: data : 0000111110010100110000000000100111010000101010000000000101110100 
192358000: system.memobj: fix data : 0000111110010100110000000000100111010000101010000000000101110100 
192358000: system.memobj: -------------------------------------
192407000: system.memobj: mem->cpu Got response for addr 0xe110 , 57616
192407000: system.memobj: size 0x8
192407000: system.memobj: id 94061725662256
192407000: system.memobj: data_hex : 3D41FFC04183F803 
192407000: system.memobj: data : 0011110101000001111111111100000001000001100000111111100000000011 
192407000: system.memobj: fix data : 0011110101000001111111111100000001000001100000111111100000000011 
192407000: system.memobj: -------------------------------------
192456000: system.memobj: mem->cpu Got response for addr 0xe110 , 57616
192456000: system.memobj: size 0x8
192456000: system.memobj: id 94061725696592
192456000: system.memobj: data_hex : 3D41FFC04183F803 
192456000: system.memobj: data : 0011110101000001111111111100000001000001100000111111100000000011 
192456000: system.memobj: fix data : 0011110101000001111111111100000001000001100000111111100000000011 
192456000: system.memobj: -------------------------------------
192505000: system.memobj: mem->cpu Got response for addr 0xe110 , 57616
192505000: system.memobj: size 0x8
192505000: system.memobj: id 94061725662256
192505000: system.memobj: data_hex : 3D41FFC04183F803 
192505000: system.memobj: data : 0011110101000001111111111100000001000001100000111111100000000011 
192505000: system.memobj: fix data : 0011110101000001111111111100000001000001100000111111100000000011 
192505000: system.memobj: -------------------------------------
192554000: system.memobj: mem->cpu Got response for addr 0xe118 , 57624
192554000: system.memobj: size 0x8
192554000: system.memobj: id 94061725696592
192554000: system.memobj: data_hex : 0F87F50000004589 
192554000: system.memobj: data : 0000111110000111111101010000000000000000000000000100010110001001 
192554000: system.memobj: fix data : 0000111110000111111101010000000000000000000000000100010110001001 
192554000: system.memobj: -------------------------------------
192603000: system.memobj: mem->cpu Got response for addr 0xe118 , 57624
192603000: system.memobj: size 0x8
192603000: system.memobj: id 94061725662256
192603000: system.memobj: data_hex : 0F87F50000004589 
192603000: system.memobj: data : 0000111110000111111101010000000000000000000000000100010110001001 
192603000: system.memobj: fix data : 0000111110000111111101010000000000000000000000000100010110001001 
192603000: system.memobj: -------------------------------------
192652000: system.memobj: mem->cpu Got response for addr 0xe120 , 57632
192652000: system.memobj: size 0x8
192652000: system.memobj: id 94061725696592
192652000: system.memobj: data_hex : C1478B948D980800 
192652000: system.memobj: data : 1100000101000111100010111001010010001101100110000000100000000000 
192652000: system.memobj: fix data : 1100000101000111100010111001010010001101100110000000100000000000 
192652000: system.memobj: -------------------------------------
192701000: system.memobj: mem->cpu Got response for addr 0xe120 , 57632
192701000: system.memobj: size 0x8
192701000: system.memobj: id 94061725662256
192701000: system.memobj: data_hex : C1478B948D980800 
192701000: system.memobj: data : 1100000101000111100010111001010010001101100110000000100000000000 
192701000: system.memobj: fix data : 1100000101000111100010111001010010001101100110000000100000000000 
192701000: system.memobj: -------------------------------------
192750000: system.memobj: mem->cpu Got response for addr 0xe128 , 57640
192750000: system.memobj: size 0x8
192750000: system.memobj: id 94061725696592
192750000: system.memobj: data_hex : 004585D274E34489 
192750000: system.memobj: data : 0000000001000101100001011101001001110100111000110100010010001001 
192750000: system.memobj: fix data : 0000000001000101100001011101001001110100111000110100010010001001 
192750000: system.memobj: -------------------------------------
192799000: system.memobj: mem->cpu Got response for addr 0x92d24 , 601380
192799000: system.memobj: size 0x4
192799000: system.memobj: id 94061725662256
192799000: system.memobj: data_hex : 00000000 
192799000: system.memobj: data : 00000000000000000000000000000000 
192799000: system.memobj: fix data : 00000000000000000000000000000000 
192799000: system.memobj: -------------------------------------
192848000: system.memobj: mem->cpu Got response for addr 0xe128 , 57640
192848000: system.memobj: size 0x8
192848000: system.memobj: id 94061725662256
192848000: system.memobj: data_hex : 004585D274E34489 
192848000: system.memobj: data : 0000000001000101100001011101001001110100111000110100010010001001 
192848000: system.memobj: fix data : 0000000001000101100001011101001001110100111000110100010010001001 
192848000: system.memobj: -------------------------------------
192897000: system.memobj: mem->cpu Got response for addr 0xe128 , 57640
192897000: system.memobj: size 0x8
192897000: system.memobj: id 94061725696592
192897000: system.memobj: data_hex : 004585D274E34489 
192897000: system.memobj: data : 0000000001000101100001011101001001110100111000110100010010001001 
192897000: system.memobj: fix data : 0000000001000101100001011101001001110100111000110100010010001001 
192897000: system.memobj: -------------------------------------
192946000: system.memobj: mem->cpu Got response for addr 0xe110 , 57616
192946000: system.memobj: size 0x8
192946000: system.memobj: id 94061725662256
192946000: system.memobj: data_hex : 3D41FFC04183F803 
192946000: system.memobj: data : 0011110101000001111111111100000001000001100000111111100000000011 
192946000: system.memobj: fix data : 0011110101000001111111111100000001000001100000111111100000000011 
192946000: system.memobj: -------------------------------------
192995000: system.memobj: mem->cpu Got response for addr 0xe110 , 57616
192995000: system.memobj: size 0x8
192995000: system.memobj: id 94061725696592
192995000: system.memobj: data_hex : 3D41FFC04183F803 
192995000: system.memobj: data : 0011110101000001111111111100000001000001100000111111100000000011 
192995000: system.memobj: fix data : 0011110101000001111111111100000001000001100000111111100000000011 
192995000: system.memobj: -------------------------------------
193058000: system.memobj: mem->cpu Got response for addr 0xe118 , 57624
193058000: system.memobj: size 0x8
193058000: system.memobj: id 94061725662256
193058000: system.memobj: data_hex : 0F87F50000004589 
193058000: system.memobj: data : 0000111110000111111101010000000000000000000000000100010110001001 
193058000: system.memobj: fix data : 0000111110000111111101010000000000000000000000000100010110001001 
193058000: system.memobj: -------------------------------------
193107000: system.memobj: mem->cpu Got response for addr 0xe210 , 57872
193107000: system.memobj: size 0x8
193107000: system.memobj: id 94061725696592
193107000: system.memobj: data_hex : 415FC3498B9D8800 
193107000: system.memobj: data : 0100000101011111110000110100100110001011100111011000100000000000 
193107000: system.memobj: fix data : 0100000101011111110000110100100110001011100111011000100000000000 
193107000: system.memobj: -------------------------------------
193156000: system.memobj: mem->cpu Got response for addr 0xe218 , 57880
193156000: system.memobj: size 0x8
193156000: system.memobj: id 94061725662256
193156000: system.memobj: data_hex : 0000488B6B084989 
193156000: system.memobj: data : 0000000000000000010010001000101101101011000010000100100110001001 
193156000: system.memobj: fix data : 0000000000000000010010001000101101101011000010000100100110001001 
193156000: system.memobj: -------------------------------------
193176000: system.memobj: mem->cpu Got response for addr 0x92508 , 599304
193176000: system.memobj: size 0x8
193176000: system.memobj: id 94061725696592
193176000: system.memobj: data_hex : F040590000000000 
193176000: system.memobj: data : 1111000001000000010110010000000000000000000000000000000000000000 
193176000: system.memobj: hamming code addr: 599304 
193176000: system.memobj: hamming code out: 2 
193176000: system.memobj: find Error Bit index : 2 
193176000: system.memobj: hamming code addr: 599312 
193176000: system.memobj: hamming code out: 5 
193176000: system.memobj: hamming code addr: 599320 
193176000: system.memobj: hamming code out: 7 
193176000: system.memobj: hamming code addr: 599328 
193176000: system.memobj: hamming code out: 0 
193176000: system.memobj: hamming code addr: 599336 
193176000: system.memobj: hamming code out: 0 
193176000: system.memobj: hamming code addr: 599344 
193176000: system.memobj: hamming code out: 0 
193176000: system.memobj: hamming code addr: 599352 
193176000: system.memobj: hamming code out: 0 
193176000: system.memobj: hamming code addr: 599360 
193176000: system.memobj: hamming code out: 0 
193176000: system.memobj: fix data : 1011000001000000010110010000000000000000000000000000000000000000 
193176000: system.memobj: -------------------------------------
193225000: system.memobj: mem->cpu Got response for addr 0xe218 , 57880
193225000: system.memobj: size 0x8
193225000: system.memobj: id 94061725696592
193225000: system.memobj: data_hex : 0000488B6B084989 
193225000: system.memobj: data : 0000000000000000010010001000101101101011000010000100100110001001 
193225000: system.memobj: fix data : 0000000000000000010010001000101101101011000010000100100110001001 
193225000: system.memobj: -------------------------------------
193288000: system.memobj: mem->cpu Got response for addr 0x960b8 , 614584
193288000: system.memobj: size 0x8
193288000: system.memobj: id 94061725662256
193288000: system.memobj: data_hex : 500F020000000000 
193288000: system.memobj: data : 0101000000001111000000100000000000000000000000000000000000000000 
193288000: system.memobj: hamming code addr: 614584 
193288000: system.memobj: hamming code out: 14 
193288000: system.memobj: find Error Bit index : 8 
193288000: system.memobj: hamming code addr: 614592 
193288000: system.memobj: hamming code out: 4 
193288000: system.memobj: hamming code addr: 614600 
193288000: system.memobj: hamming code out: 11 
193288000: system.memobj: hamming code addr: 614608 
193288000: system.memobj: hamming code out: 0 
193288000: system.memobj: hamming code addr: 614616 
193288000: system.memobj: hamming code out: 0 
193288000: system.memobj: hamming code addr: 614624 
193288000: system.memobj: hamming code out: 0 
193288000: system.memobj: hamming code addr: 614632 
193288000: system.memobj: hamming code out: 0 
193288000: system.memobj: hamming code addr: 614640 
193288000: system.memobj: hamming code out: 0 
193288000: system.memobj: fix data : 0101000100001111000000100000000000000000000000000000000000000000 
193288000: system.memobj: -------------------------------------
193337000: system.memobj: mem->cpu Got response for addr 0xe218 , 57880
193337000: system.memobj: size 0x8
193337000: system.memobj: id 94061725662256
193337000: system.memobj: data_hex : 0000488B6B084989 
193337000: system.memobj: data : 0000000000000000010010001000101101101011000010000100100110001001 
193337000: system.memobj: fix data : 0000000000000000010010001000101101101011000010000100100110001001 
193337000: system.memobj: -------------------------------------
193386000: system.memobj: mem->cpu Got response for addr 0xe220 , 57888
193386000: system.memobj: size 0x8
193386000: system.memobj: id 94061725696592
193386000: system.memobj: data_hex : DC4883E5F848392C 
193386000: system.memobj: data : 1101110001001000100000111110010111111000010010000011100100101100 
193386000: system.memobj: fix data : 1101110001001000100000111110010111111000010010000011100100101100 
193386000: system.memobj: -------------------------------------
193435000: system.memobj: mem->cpu Got response for addr 0xe220 , 57888
193435000: system.memobj: size 0x8
193435000: system.memobj: id 94061725662256
193435000: system.memobj: data_hex : DC4883E5F848392C 
193435000: system.memobj: data : 1101110001001000100000111110010111111000010010000011100100101100 
193435000: system.memobj: fix data : 1101110001001000100000111110010111111000010010000011100100101100 
193435000: system.memobj: -------------------------------------
193484000: system.memobj: mem->cpu Got response for addr 0xe220 , 57888
193484000: system.memobj: size 0x8
193484000: system.memobj: id 94061725696592
193484000: system.memobj: data_hex : DC4883E5F848392C 
193484000: system.memobj: data : 1101110001001000100000111110010111111000010010000011100100101100 
193484000: system.memobj: fix data : 1101110001001000100000111110010111111000010010000011100100101100 
193484000: system.memobj: -------------------------------------
193533000: system.memobj: mem->cpu Got response for addr 0xe228 , 57896
193533000: system.memobj: size 0x8
193533000: system.memobj: id 94061725662256
193533000: system.memobj: data_hex : 240F86CA00000041 
193533000: system.memobj: data : 0010010000001111100001101100101000000000000000000000000001000001 
193533000: system.memobj: fix data : 0010010000001111100001101100101000000000000000000000000001000001 
193533000: system.memobj: -------------------------------------
193582000: system.memobj: mem->cpu Got response for addr 0x94a60 , 608864
193582000: system.memobj: size 0x8
193582000: system.memobj: id 94061725696592
193582000: system.memobj: data_hex : 3006000000000000 
193582000: system.memobj: data : 0011000000000110000000000000000000000000000000000000000000000000 
193582000: system.memobj: hamming code addr: 608864 
193582000: system.memobj: hamming code out: 4 
193582000: system.memobj: find Error Bit index : 2 
193582000: system.memobj: hamming code addr: 608872 
193582000: system.memobj: hamming code out: 1 
193582000: system.memobj: hamming code addr: 608880 
193582000: system.memobj: hamming code out: 0 
193582000: system.memobj: hamming code addr: 608888 
193582000: system.memobj: hamming code out: 0 
193582000: system.memobj: hamming code addr: 608896 
193582000: system.memobj: hamming code out: 0 
193582000: system.memobj: hamming code addr: 608904 
193582000: system.memobj: hamming code out: 0 
193582000: system.memobj: hamming code addr: 608912 
193582000: system.memobj: hamming code out: 0 
193582000: system.memobj: hamming code addr: 608920 
193582000: system.memobj: hamming code out: 0 
193582000: system.memobj: fix data : 0111000000000110000000000000000000000000000000000000000000000000 
193582000: system.memobj: -------------------------------------
193631000: system.memobj: mem->cpu Got response for addr 0xe228 , 57896
193631000: system.memobj: size 0x8
193631000: system.memobj: id 94061725696592
193631000: system.memobj: data_hex : 240F86CA00000041 
193631000: system.memobj: data : 0010010000001111100001101100101000000000000000000000000001000001 
193631000: system.memobj: fix data : 0010010000001111100001101100101000000000000000000000000001000001 
193631000: system.memobj: -------------------------------------
193680000: system.memobj: mem->cpu Got response for addr 0xe2f8 , 58104
193680000: system.memobj: size 0x8
193680000: system.memobj: id 94061725662256
193680000: system.memobj: data_hex : FF48035C2440482B 
193680000: system.memobj: data : 1111111101001000000000110101110000100100010000000100100000101011 
193680000: system.memobj: fix data : 1111111101001000000000110101110000100100010000000100100000101011 
193680000: system.memobj: -------------------------------------
193729000: system.memobj: mem->cpu Got response for addr 0x94aa0 , 608928
193729000: system.memobj: size 0x8
193729000: system.memobj: id 94061725696592
193729000: system.memobj: data_hex : 5806000000000000 
193729000: system.memobj: data : 0101100000000110000000000000000000000000000000000000000000000000 
193729000: system.memobj: hamming code addr: 608928 
193729000: system.memobj: hamming code out: 2 
193729000: system.memobj: find Error Bit index : 5 
193729000: system.memobj: hamming code addr: 608936 
193729000: system.memobj: hamming code out: 1 
193729000: system.memobj: hamming code addr: 608944 
193729000: system.memobj: hamming code out: 0 
193729000: system.memobj: hamming code addr: 608952 
193729000: system.memobj: hamming code out: 0 
193729000: system.memobj: hamming code addr: 608960 
193729000: system.memobj: hamming code out: 0 
193729000: system.memobj: hamming code addr: 608968 
193729000: system.memobj: hamming code out: 0 
193729000: system.memobj: hamming code addr: 608976 
193729000: system.memobj: hamming code out: 0 
193729000: system.memobj: hamming code addr: 608984 
193729000: system.memobj: hamming code out: 0 
193729000: system.memobj: fix data : 0101000000000110000000000000000000000000000000000000000000000000 
193729000: system.memobj: -------------------------------------
193778000: system.memobj: mem->cpu Got response for addr 0xe2f8 , 58104
193778000: system.memobj: size 0x8
193778000: system.memobj: id 94061725696592
193778000: system.memobj: data_hex : FF48035C2440482B 
193778000: system.memobj: data : 1111111101001000000000110101110000100100010000000100100000101011 
193778000: system.memobj: fix data : 1111111101001000000000110101110000100100010000000100100000101011 
193778000: system.memobj: -------------------------------------
193827000: system.memobj: mem->cpu Got response for addr 0xe300 , 58112
193827000: system.memobj: size 0x8
193827000: system.memobj: id 94061725662256
193827000: system.memobj: data_hex : 6C244048834C2440 
193827000: system.memobj: data : 0110110000100100010000000100100010000011010011000010010001000000 
193827000: system.memobj: fix data : 0110110000100100010000000100100010000011010011000010010001000000 
193827000: system.memobj: -------------------------------------
193876000: system.memobj: mem->cpu Got response for addr 0x94aa0 , 608928
193876000: system.memobj: size 0x8
193876000: system.memobj: id 94061725696592
193876000: system.memobj: data_hex : 5806000000000000 
193876000: system.memobj: data : 0101100000000110000000000000000000000000000000000000000000000000 
193876000: system.memobj: hamming code addr: 608928 
193876000: system.memobj: hamming code out: 2 
193876000: system.memobj: find Error Bit index : 5 
193876000: system.memobj: hamming code addr: 608936 
193876000: system.memobj: hamming code out: 1 
193876000: system.memobj: hamming code addr: 608944 
193876000: system.memobj: hamming code out: 0 
193876000: system.memobj: hamming code addr: 608952 
193876000: system.memobj: hamming code out: 0 
193876000: system.memobj: hamming code addr: 608960 
193876000: system.memobj: hamming code out: 0 
193876000: system.memobj: hamming code addr: 608968 
193876000: system.memobj: hamming code out: 0 
193876000: system.memobj: hamming code addr: 608976 
193876000: system.memobj: hamming code out: 0 
193876000: system.memobj: hamming code addr: 608984 
193876000: system.memobj: hamming code out: 0 
193876000: system.memobj: fix data : 0101000000000110000000000000000000000000000000000000000000000000 
193876000: system.memobj: -------------------------------------
193925000: system.memobj: mem->cpu Got response for addr 0xe300 , 58112
193925000: system.memobj: size 0x8
193925000: system.memobj: id 94061725696592
193925000: system.memobj: data_hex : 6C244048834C2440 
193925000: system.memobj: data : 0110110000100100010000000100100010000011010011000010010001000000 
193925000: system.memobj: fix data : 0110110000100100010000000100100010000011010011000010010001000000 
193925000: system.memobj: -------------------------------------
193974000: system.memobj: mem->cpu Got response for addr 0xe308 , 58120
193974000: system.memobj: size 0x8
193974000: system.memobj: id 94061725662256
193974000: system.memobj: data_hex : 05488B4424384981 
193974000: system.memobj: data : 0000010101001000100010110100010000100100001110000100100110000001 
193974000: system.memobj: fix data : 0000010101001000100010110100010000100100001110000100100110000001 
193974000: system.memobj: -------------------------------------
194023000: system.memobj: mem->cpu Got response for addr 0x94aa0 , 608928
194023000: system.memobj: size 0x8
194023000: system.memobj: id 94061725696592
194023000: system.memobj: data_hex : 5806000000000000 
194023000: system.memobj: data : 0101100000000110000000000000000000000000000000000000000000000000 
194023000: system.memobj: hamming code addr: 608928 
194023000: system.memobj: hamming code out: 2 
194023000: system.memobj: find Error Bit index : 5 
194023000: system.memobj: hamming code addr: 608936 
194023000: system.memobj: hamming code out: 1 
194023000: system.memobj: hamming code addr: 608944 
194023000: system.memobj: hamming code out: 0 
194023000: system.memobj: hamming code addr: 608952 
194023000: system.memobj: hamming code out: 0 
194023000: system.memobj: hamming code addr: 608960 
194023000: system.memobj: hamming code out: 0 
194023000: system.memobj: hamming code addr: 608968 
194023000: system.memobj: hamming code out: 0 
194023000: system.memobj: hamming code addr: 608976 
194023000: system.memobj: hamming code out: 0 
194023000: system.memobj: hamming code addr: 608984 
194023000: system.memobj: hamming code out: 0 
194023000: system.memobj: fix data : 0101000000000110000000000000000000000000000000000000000000000000 
194023000: system.memobj: -------------------------------------
194023000: system.memobj: cpu->mem Got request for addr 0x94aa0 , 608928
194023000: system.memobj: size 0x8
194023000: system.memobj: id 94061725696592
194023000: system.memobj: data_hex : 5506000000000000 
194023000: system.memobj: data : 0101010100000110000000000000000000000000000000000000000000000000 
194023000: system.memobj: hamming code addr: 608928 
194023000: system.memobj: hamming code : 4 
194023000: system.memobj: hamming code addr: 608936 
194023000: system.memobj: hamming code : 1 
194023000: system.memobj: hamming code addr: 608944 
194023000: system.memobj: hamming code : 0 
194023000: system.memobj: hamming code addr: 608952 
194023000: system.memobj: hamming code : 0 
194023000: system.memobj: hamming code addr: 608960 
194023000: system.memobj: hamming code : 0 
194023000: system.memobj: hamming code addr: 608968 
194023000: system.memobj: hamming code : 0 
194023000: system.memobj: hamming code addr: 608976 
194023000: system.memobj: hamming code : 0 
194023000: system.memobj: hamming code addr: 608984 
194023000: system.memobj: hamming code : 0 
194023000: system.memobj: Enter Error Bit index: 3 
194023000: system.memobj: flip data : 0111010100000110000000000000000000000000000000000000000000000000 
194023000: system.memobj: -------------------------------------
194093000: system.memobj: mem->cpu Got response for addr 0xe308 , 58120
194093000: system.memobj: size 0x8
194093000: system.memobj: id 94061725696592
194093000: system.memobj: data_hex : 05488B4424384981 
194093000: system.memobj: data : 0000010101001000100010110100010000100100001110000100100110000001 
194093000: system.memobj: fix data : 0000010101001000100010110100010000100100001110000100100110000001 
194093000: system.memobj: -------------------------------------
194142000: system.memobj: mem->cpu Got response for addr 0x94a98 , 608920
194142000: system.memobj: size 0x8
194142000: system.memobj: id 94061725662256
194142000: system.memobj: data_hex : D106000000000000 
194142000: system.memobj: data : 1101000100000110000000000000000000000000000000000000000000000000 
194142000: system.memobj: hamming code addr: 608920 
194142000: system.memobj: hamming code out: 14 
194142000: system.memobj: find Error Bit index : 1 
194142000: system.memobj: hamming code addr: 608928 
194142000: system.memobj: hamming code out: 1 
194142000: system.memobj: hamming code addr: 608936 
194142000: system.memobj: hamming code out: 0 
194142000: system.memobj: hamming code addr: 608944 
194142000: system.memobj: hamming code out: 0 
194142000: system.memobj: hamming code addr: 608952 
194142000: system.memobj: hamming code out: 0 
194142000: system.memobj: hamming code addr: 608960 
194142000: system.memobj: hamming code out: 0 
194142000: system.memobj: hamming code addr: 608968 
194142000: system.memobj: hamming code out: 0 
194142000: system.memobj: hamming code addr: 608976 
194142000: system.memobj: hamming code out: 0 
194142000: system.memobj: fix data : 0101000100000110000000000000000000000000000000000000000000000000 
194142000: system.memobj: -------------------------------------
194205000: system.memobj: mem->cpu Got response for addr 0xe308 , 58120
194205000: system.memobj: size 0x8
194205000: system.memobj: id 94061725662256
194205000: system.memobj: data_hex : 05488B4424384981 
194205000: system.memobj: data : 0000010101001000100010110100010000100100001110000100100110000001 
194205000: system.memobj: fix data : 0000010101001000100010110100010000100100001110000100100110000001 
194205000: system.memobj: -------------------------------------
194254000: system.memobj: mem->cpu Got response for addr 0xe310 , 58128
194254000: system.memobj: size 0x8
194254000: system.memobj: id 94061725696592
194254000: system.memobj: data_hex : FD80245900480F45 
194254000: system.memobj: data : 1111110110000000001001000101100100000000010010000000111101000101 
194254000: system.memobj: fix data : 1111110110000000001001000101100100000000010010000000111101000101 
194254000: system.memobj: -------------------------------------
194303000: system.memobj: mem->cpu Got response for addr 0xe310 , 58128
194303000: system.memobj: size 0x8
194303000: system.memobj: id 94061725662256
194303000: system.memobj: data_hex : FD80245900480F45 
194303000: system.memobj: data : 1111110110000000001001000101100100000000010010000000111101000101 
194303000: system.memobj: fix data : 1111110110000000001001000101100100000000010010000000111101000101 
194303000: system.memobj: -------------------------------------
194352000: system.memobj: mem->cpu Got response for addr 0xe318 , 58136
194352000: system.memobj: size 0x8
194352000: system.memobj: id 94061725696592
194352000: system.memobj: data_hex : 4424404883CD0149 
194352000: system.memobj: data : 0100010000100100010000000100100010000011110011010000000101001001 
194352000: system.memobj: fix data : 0100010000100100010000000100100010000011110011010000000101001001 
194352000: system.memobj: -------------------------------------
194401000: system.memobj: mem->cpu Got response for addr 0x94aa0 , 608928
194401000: system.memobj: size 0x8
194401000: system.memobj: id 94061725662256
194401000: system.memobj: data_hex : 7506000000000000 
194401000: system.memobj: data : 0111010100000110000000000000000000000000000000000000000000000000 
194401000: system.memobj: hamming code addr: 608928 
194401000: system.memobj: hamming code out: 4 
194401000: system.memobj: find Error Bit index : 3 
194401000: system.memobj: hamming code addr: 608936 
194401000: system.memobj: hamming code out: 1 
194401000: system.memobj: hamming code addr: 608944 
194401000: system.memobj: hamming code out: 0 
194401000: system.memobj: hamming code addr: 608952 
194401000: system.memobj: hamming code out: 0 
194401000: system.memobj: hamming code addr: 608960 
194401000: system.memobj: hamming code out: 0 
194401000: system.memobj: hamming code addr: 608968 
194401000: system.memobj: hamming code out: 0 
194401000: system.memobj: hamming code addr: 608976 
194401000: system.memobj: hamming code out: 0 
194401000: system.memobj: hamming code addr: 608984 
194401000: system.memobj: hamming code out: 0 
194401000: system.memobj: fix data : 0101010100000110000000000000000000000000000000000000000000000000 
194401000: system.memobj: -------------------------------------
194450000: system.memobj: mem->cpu Got response for addr 0xe318 , 58136
194450000: system.memobj: size 0x8
194450000: system.memobj: id 94061725662256
194450000: system.memobj: data_hex : 4424404883CD0149 
194450000: system.memobj: data : 0100010000100100010000000100100010000011110011010000000101001001 
194450000: system.memobj: fix data : 0100010000100100010000000100100010000011110011010000000101001001 
194450000: system.memobj: -------------------------------------
194499000: system.memobj: mem->cpu Got response for addr 0xe318 , 58136
194499000: system.memobj: size 0x8
194499000: system.memobj: id 94061725696592
194499000: system.memobj: data_hex : 4424404883CD0149 
194499000: system.memobj: data : 0100010000100100010000000100100010000011110011010000000101001001 
194499000: system.memobj: fix data : 0100010000100100010000000100100010000011110011010000000101001001 
194499000: system.memobj: -------------------------------------
194548000: system.memobj: mem->cpu Got response for addr 0xe320 , 58144
194548000: system.memobj: size 0x8
194548000: system.memobj: id 94061725662256
194548000: system.memobj: data_hex : 899D880000004989 
194548000: system.memobj: data : 1000100110011101100010000000000000000000000000000100100110001001 
194548000: system.memobj: fix data : 1000100110011101100010000000000000000000000000000100100110001001 
194548000: system.memobj: -------------------------------------
194548000: system.memobj: cpu->mem Got request for addr 0x92508 , 599304
194548000: system.memobj: size 0x8
194548000: system.memobj: id 94061725696592
194548000: system.memobj: data_hex : 0047590000000000 
194548000: system.memobj: data : 0000000001000111010110010000000000000000000000000000000000000000 
194548000: system.memobj: hamming code addr: 599304 
194548000: system.memobj: hamming code : 0 
194548000: system.memobj: hamming code addr: 599312 
194548000: system.memobj: hamming code : 8 
194548000: system.memobj: hamming code addr: 599320 
194548000: system.memobj: hamming code : 7 
194548000: system.memobj: hamming code addr: 599328 
194548000: system.memobj: hamming code : 0 
194548000: system.memobj: hamming code addr: 599336 
194548000: system.memobj: hamming code : 0 
194548000: system.memobj: hamming code addr: 599344 
194548000: system.memobj: hamming code : 0 
194548000: system.memobj: hamming code addr: 599352 
194548000: system.memobj: hamming code : 0 
194548000: system.memobj: hamming code addr: 599360 
194548000: system.memobj: hamming code : 0 
194548000: system.memobj: Enter Error Bit index: 3 
194548000: system.memobj: flip data : 0010000001000111010110010000000000000000000000000000000000000000 
194548000: system.memobj: -------------------------------------
194618000: system.memobj: mem->cpu Got response for addr 0xe320 , 58144
194618000: system.memobj: size 0x8
194618000: system.memobj: id 94061725696592
194618000: system.memobj: data_hex : 899D880000004989 
194618000: system.memobj: data : 1000100110011101100010000000000000000000000000000100100110001001 
194618000: system.memobj: fix data : 1000100110011101100010000000000000000000000000000100100110001001 
194618000: system.memobj: -------------------------------------
194667000: system.memobj: mem->cpu Got response for addr 0xe328 , 58152
194667000: system.memobj: size 0x8
194667000: system.memobj: id 94061725662256
194667000: system.memobj: data_hex : 442408498D442410 
194667000: system.memobj: data : 0100010000100100000010000100100110001101010001000010010000010000 
194667000: system.memobj: fix data : 0100010000100100000010000100100110001101010001000010010000010000 
194667000: system.memobj: -------------------------------------
194667000: system.memobj: cpu->mem Got request for addr 0x960b8 , 614584
194667000: system.memobj: size 0x8
194667000: system.memobj: id 94061725696592
194667000: system.memobj: data_hex : 5106000000000000 
194667000: system.memobj: data : 0101000100000110000000000000000000000000000000000000000000000000 
194667000: system.memobj: hamming code addr: 614584 
194667000: system.memobj: hamming code : 14 
194667000: system.memobj: hamming code addr: 614592 
194667000: system.memobj: hamming code : 1 
194667000: system.memobj: hamming code addr: 614600 
194667000: system.memobj: hamming code : 0 
194667000: system.memobj: hamming code addr: 614608 
194667000: system.memobj: hamming code : 0 
194667000: system.memobj: hamming code addr: 614616 
194667000: system.memobj: hamming code : 0 
194667000: system.memobj: hamming code addr: 614624 
194667000: system.memobj: hamming code : 0 
194667000: system.memobj: hamming code addr: 614632 
194667000: system.memobj: hamming code : 0 
194667000: system.memobj: hamming code addr: 614640 
194667000: system.memobj: hamming code : 0 
194667000: system.memobj: Enter Error Bit index: 8 
194667000: system.memobj: flip data : 0101000000000110000000000000000000000000000000000000000000000000 
194667000: system.memobj: -------------------------------------
194993000: system.memobj: mem->cpu Got response for addr 0xe328 , 58152
194993000: system.memobj: size 0x8
194993000: system.memobj: id 94061725696592
194993000: system.memobj: data_hex : 442408498D442410 
194993000: system.memobj: data : 0100010000100100000010000100100110001101010001000010010000010000 
194993000: system.memobj: fix data : 0100010000100100000010000100100110001101010001000010010000010000 
194993000: system.memobj: -------------------------------------
195042000: system.memobj: mem->cpu Got response for addr 0xe330 , 58160
195042000: system.memobj: size 0x8
195042000: system.memobj: id 94061725662256
195042000: system.memobj: data_hex : 48896B08E93CFBFF 
195042000: system.memobj: data : 0100100010001001011010110000100011101001001111001111101111111111 
195042000: system.memobj: fix data : 0100100010001001011010110000100011101001001111001111101111111111 
195042000: system.memobj: -------------------------------------
195042000: system.memobj: cpu->mem Got request for addr 0x96708 , 616200
195042000: system.memobj: size 0x8
195042000: system.memobj: id 94061725696592
195042000: system.memobj: data_hex : 0109020000000000 
195042000: system.memobj: data : 0000000100001001000000100000000000000000000000000000000000000000 
195042000: system.memobj: hamming code addr: 616200 
195042000: system.memobj: hamming code : 12 
195042000: system.memobj: hamming code addr: 616208 
195042000: system.memobj: hamming code : 5 
195042000: system.memobj: hamming code addr: 616216 
195042000: system.memobj: hamming code : 11 
195042000: system.memobj: hamming code addr: 616224 
195042000: system.memobj: hamming code : 0 
195042000: system.memobj: hamming code addr: 616232 
195042000: system.memobj: hamming code : 0 
195042000: system.memobj: hamming code addr: 616240 
195042000: system.memobj: hamming code : 0 
195042000: system.memobj: hamming code addr: 616248 
195042000: system.memobj: hamming code : 0 
195042000: system.memobj: hamming code addr: 616256 
195042000: system.memobj: hamming code : 0 
195042000: system.memobj: Enter Error Bit index: 3 
195042000: system.memobj: flip data : 0010000100001001000000100000000000000000000000000000000000000000 
195042000: system.memobj: -------------------------------------
195187000: system.memobj: mem->cpu Got response for addr 0xe330 , 58160
195187000: system.memobj: size 0x8
195187000: system.memobj: id 94061725696592
195187000: system.memobj: data_hex : 48896B08E93CFBFF 
195187000: system.memobj: data : 0100100010001001011010110000100011101001001111001111101111111111 
195187000: system.memobj: fix data : 0100100010001001011010110000100011101001001111001111101111111111 
195187000: system.memobj: -------------------------------------
195236000: system.memobj: mem->cpu Got response for addr 0xe338 , 58168
195236000: system.memobj: size 0x8
195236000: system.memobj: id 94061725662256
195236000: system.memobj: data_hex : FF8B15254A180048 
195236000: system.memobj: data : 1111111110001011000101010010010101001010000110000000000001001000 
195236000: system.memobj: fix data : 1111111110001011000101010010010101001010000110000000000001001000 
195236000: system.memobj: -------------------------------------
195299000: system.memobj: mem->cpu Got response for addr 0xde70 , 56944
195299000: system.memobj: size 0x8
195299000: system.memobj: id 94061725696592
195299000: system.memobj: data_hex : 498D4424104883C4 
195299000: system.memobj: data : 0100100110001101010001000010010000010000010010001000001111000100 
195299000: system.memobj: fix data : 0100100110001101010001000010010000010000010010001000001111000100 
195299000: system.memobj: -------------------------------------
195348000: system.memobj: mem->cpu Got response for addr 0xde78 , 56952
195348000: system.memobj: size 0x8
195348000: system.memobj: id 94061725662256
195348000: system.memobj: data_hex : 485B5D415C415D41 
195348000: system.memobj: data : 0100100001011011010111010100000101011100010000010101110101000001 
195348000: system.memobj: fix data : 0100100001011011010111010100000101011100010000010101110101000001 
195348000: system.memobj: -------------------------------------
195397000: system.memobj: mem->cpu Got response for addr 0xde78 , 56952
195397000: system.memobj: size 0x8
195397000: system.memobj: id 94061725696592
195397000: system.memobj: data_hex : 485B5D415C415D41 
195397000: system.memobj: data : 0100100001011011010111010100000101011100010000010101110101000001 
195397000: system.memobj: fix data : 0100100001011011010111010100000101011100010000010101110101000001 
195397000: system.memobj: -------------------------------------
195460000: system.memobj: mem->cpu Got response for addr 0x94aa8 , 608936
195460000: system.memobj: size 0x8
195460000: system.memobj: id 94061725662256
195460000: system.memobj: data_hex : 8224590000000000 
195460000: system.memobj: data : 1000001000100100010110010000000000000000000000000000000000000000 
195460000: system.memobj: hamming code addr: 608936 
195460000: system.memobj: hamming code out: 3 
195460000: system.memobj: find Error Bit index : 7 
195460000: system.memobj: hamming code addr: 608944 
195460000: system.memobj: hamming code out: 12 
195460000: system.memobj: hamming code addr: 608952 
195460000: system.memobj: hamming code out: 7 
195460000: system.memobj: hamming code addr: 608960 
195460000: system.memobj: hamming code out: 0 
195460000: system.memobj: hamming code addr: 608968 
195460000: system.memobj: hamming code out: 0 
195460000: system.memobj: hamming code addr: 608976 
195460000: system.memobj: hamming code out: 0 
195460000: system.memobj: hamming code addr: 608984 
195460000: system.memobj: hamming code out: 0 
195460000: system.memobj: hamming code addr: 608992 
195460000: system.memobj: hamming code out: 0 
195460000: system.memobj: fix data : 1000000000100100010110010000000000000000000000000000000000000000 
195460000: system.memobj: -------------------------------------
195509000: system.memobj: mem->cpu Got response for addr 0xde78 , 56952
195509000: system.memobj: size 0x8
195509000: system.memobj: id 94061725662256
195509000: system.memobj: data_hex : 485B5D415C415D41 
195509000: system.memobj: data : 0100100001011011010111010100000101011100010000010101110101000001 
195509000: system.memobj: fix data : 0100100001011011010111010100000101011100010000010101110101000001 
195509000: system.memobj: -------------------------------------
195558000: system.memobj: mem->cpu Got response for addr 0x94ab0 , 608944
195558000: system.memobj: size 0x8
195558000: system.memobj: id 94061725696592
195558000: system.memobj: data_hex : A024590000000000 
195558000: system.memobj: data : 1010000000100100010110010000000000000000000000000000000000000000 
195558000: system.memobj: hamming code addr: 608944 
195558000: system.memobj: hamming code out: 3 
195558000: system.memobj: find Error Bit index : 3 
195558000: system.memobj: hamming code addr: 608952 
195558000: system.memobj: hamming code out: 12 
195558000: system.memobj: hamming code addr: 608960 
195558000: system.memobj: hamming code out: 7 
195558000: system.memobj: hamming code addr: 608968 
195558000: system.memobj: hamming code out: 0 
195558000: system.memobj: hamming code addr: 608976 
195558000: system.memobj: hamming code out: 0 
195558000: system.memobj: hamming code addr: 608984 
195558000: system.memobj: hamming code out: 0 
195558000: system.memobj: hamming code addr: 608992 
195558000: system.memobj: hamming code out: 0 
195558000: system.memobj: hamming code addr: 609000 
195558000: system.memobj: hamming code out: 0 
195558000: system.memobj: fix data : 1000000000100100010110010000000000000000000000000000000000000000 
195558000: system.memobj: -------------------------------------
195607000: system.memobj: mem->cpu Got response for addr 0xde78 , 56952
195607000: system.memobj: size 0x8
195607000: system.memobj: id 94061725696592
195607000: system.memobj: data_hex : 485B5D415C415D41 
195607000: system.memobj: data : 0100100001011011010111010100000101011100010000010101110101000001 
195607000: system.memobj: fix data : 0100100001011011010111010100000101011100010000010101110101000001 
195607000: system.memobj: -------------------------------------
195656000: system.memobj: mem->cpu Got response for addr 0x94ab8 , 608952
195656000: system.memobj: size 0x8
195656000: system.memobj: id 94061725662256
195656000: system.memobj: data_hex : 4806000000000000 
195656000: system.memobj: data : 0100100000000110000000000000000000000000000000000000000000000000 
195656000: system.memobj: hamming code addr: 608952 
195656000: system.memobj: hamming code out: 5 
195656000: system.memobj: find Error Bit index : 5 
195656000: system.memobj: hamming code addr: 608960 
195656000: system.memobj: hamming code out: 1 
195656000: system.memobj: hamming code addr: 608968 
195656000: system.memobj: hamming code out: 0 
195656000: system.memobj: hamming code addr: 608976 
195656000: system.memobj: hamming code out: 0 
195656000: system.memobj: hamming code addr: 608984 
195656000: system.memobj: hamming code out: 0 
195656000: system.memobj: hamming code addr: 608992 
195656000: system.memobj: hamming code out: 0 
195656000: system.memobj: hamming code addr: 609000 
195656000: system.memobj: hamming code out: 0 
195656000: system.memobj: hamming code addr: 609008 
195656000: system.memobj: hamming code out: 0 
195656000: system.memobj: fix data : 0100000000000110000000000000000000000000000000000000000000000000 
195656000: system.memobj: -------------------------------------
195705000: system.memobj: mem->cpu Got response for addr 0xde78 , 56952
195705000: system.memobj: size 0x8
195705000: system.memobj: id 94061725662256
195705000: system.memobj: data_hex : 485B5D415C415D41 
195705000: system.memobj: data : 0100100001011011010111010100000101011100010000010101110101000001 
195705000: system.memobj: fix data : 0100100001011011010111010100000101011100010000010101110101000001 
195705000: system.memobj: -------------------------------------
195754000: system.memobj: mem->cpu Got response for addr 0x94ac0 , 608960
195754000: system.memobj: size 0x8
195754000: system.memobj: id 94061725696592
195754000: system.memobj: data_hex : 2000000000000000 
195754000: system.memobj: data : 0010000000000000000000000000000000000000000000000000000000000000 
195754000: system.memobj: hamming code addr: 608960 
195754000: system.memobj: hamming code out: 0 
195754000: system.memobj: find Error Bit index : 3 
195754000: system.memobj: hamming code addr: 608968 
195754000: system.memobj: hamming code out: 0 
195754000: system.memobj: hamming code addr: 608976 
195754000: system.memobj: hamming code out: 0 
195754000: system.memobj: hamming code addr: 608984 
195754000: system.memobj: hamming code out: 0 
195754000: system.memobj: hamming code addr: 608992 
195754000: system.memobj: hamming code out: 0 
195754000: system.memobj: hamming code addr: 609000 
195754000: system.memobj: hamming code out: 0 
195754000: system.memobj: hamming code addr: 609008 
195754000: system.memobj: hamming code out: 0 
195754000: system.memobj: hamming code addr: 609016 
195754000: system.memobj: hamming code out: 0 
195754000: system.memobj: fix data : 0000000000000000000000000000000000000000000000000000000000000000 
195754000: system.memobj: -------------------------------------
195803000: system.memobj: mem->cpu Got response for addr 0xde78 , 56952
195803000: system.memobj: size 0x8
195803000: system.memobj: id 94061725696592
195803000: system.memobj: data_hex : 485B5D415C415D41 
195803000: system.memobj: data : 0100100001011011010111010100000101011100010000010101110101000001 
195803000: system.memobj: fix data : 0100100001011011010111010100000101011100010000010101110101000001 
195803000: system.memobj: -------------------------------------
195852000: system.memobj: mem->cpu Got response for addr 0xde80 , 56960
195852000: system.memobj: size 0x8
195852000: system.memobj: id 94061725662256
195852000: system.memobj: data_hex : 5E415FC3488B4424 
195852000: system.memobj: data : 0101111001000001010111111100001101001000100010110100010000100100 
195852000: system.memobj: fix data : 0101111001000001010111111100001101001000100010110100010000100100 
195852000: system.memobj: -------------------------------------
195901000: system.memobj: mem->cpu Got response for addr 0x94ac8 , 608968
195901000: system.memobj: size 0x8
195901000: system.memobj: id 94061725696592
195901000: system.memobj: data_hex : 58EDFFFFFF7F0000 
195901000: system.memobj: data : 0101100011101101111111111111111111111111011111110000000000000000 
195901000: system.memobj: hamming code addr: 608968 
195901000: system.memobj: hamming code out: 8 
195901000: system.memobj: find Error Bit index : 1 
195901000: system.memobj: hamming code addr: 608976 
195901000: system.memobj: hamming code out: 15 
195901000: system.memobj: hamming code addr: 608984 
195901000: system.memobj: hamming code out: 3 
195901000: system.memobj: hamming code addr: 608992 
195901000: system.memobj: hamming code out: 3 
195901000: system.memobj: hamming code addr: 609000 
195901000: system.memobj: hamming code out: 3 
195901000: system.memobj: hamming code addr: 609008 
195901000: system.memobj: hamming code out: 0 
195901000: system.memobj: hamming code addr: 609016 
195901000: system.memobj: hamming code out: 0 
195901000: system.memobj: hamming code addr: 609024 
195901000: system.memobj: hamming code out: 0 
195901000: system.memobj: fix data : 1101100011101101111111111111111111111111011111110000000000000000 
195901000: system.memobj: -------------------------------------
195950000: system.memobj: mem->cpu Got response for addr 0xde80 , 56960
195950000: system.memobj: size 0x8
195950000: system.memobj: id 94061725696592
195950000: system.memobj: data_hex : 5E415FC3488B4424 
195950000: system.memobj: data : 0101111001000001010111111100001101001000100010110100010000100100 
195950000: system.memobj: fix data : 0101111001000001010111111100001101001000100010110100010000100100 
195950000: system.memobj: -------------------------------------
195999000: system.memobj: mem->cpu Got response for addr 0x94ad0 , 608976
195999000: system.memobj: size 0x8
195999000: system.memobj: id 94061725662256
195999000: system.memobj: data_hex : 0200000000000000 
195999000: system.memobj: data : 0000001000000000000000000000000000000000000000000000000000000000 
195999000: system.memobj: hamming code addr: 608976 
195999000: system.memobj: hamming code out: 0 
195999000: system.memobj: find Error Bit index : 7 
195999000: system.memobj: hamming code addr: 608984 
195999000: system.memobj: hamming code out: 0 
195999000: system.memobj: hamming code addr: 608992 
195999000: system.memobj: hamming code out: 0 
195999000: system.memobj: hamming code addr: 609000 
195999000: system.memobj: hamming code out: 0 
195999000: system.memobj: hamming code addr: 609008 
195999000: system.memobj: hamming code out: 0 
195999000: system.memobj: hamming code addr: 609016 
195999000: system.memobj: hamming code out: 0 
195999000: system.memobj: hamming code addr: 609024 
195999000: system.memobj: hamming code out: 0 
195999000: system.memobj: hamming code addr: 609032 
195999000: system.memobj: hamming code out: 0 
195999000: system.memobj: fix data : 0000000000000000000000000000000000000000000000000000000000000000 
195999000: system.memobj: -------------------------------------
196048000: system.memobj: mem->cpu Got response for addr 0xde80 , 56960
196048000: system.memobj: size 0x8
196048000: system.memobj: id 94061725662256
196048000: system.memobj: data_hex : 5E415FC3488B4424 
196048000: system.memobj: data : 0101111001000001010111111100001101001000100010110100010000100100 
196048000: system.memobj: fix data : 0101111001000001010111111100001101001000100010110100010000100100 
196048000: system.memobj: -------------------------------------
196068000: system.memobj: mem->cpu Got response for addr 0x94ad8 , 608984
196068000: system.memobj: size 0x8
196068000: system.memobj: id 94061725696592
196068000: system.memobj: data_hex : FCF9400000000000 
196068000: system.memobj: data : 1111110011111001010000000000000000000000000000000000000000000000 
196068000: system.memobj: hamming code addr: 608984 
196068000: system.memobj: hamming code out: 14 
196068000: system.memobj: find Error Bit index : 6 
196068000: system.memobj: hamming code addr: 608992 
196068000: system.memobj: hamming code out: 2 
196068000: system.memobj: hamming code addr: 609000 
196068000: system.memobj: hamming code out: 5 
196068000: system.memobj: hamming code addr: 609008 
196068000: system.memobj: hamming code out: 0 
196068000: system.memobj: hamming code addr: 609016 
196068000: system.memobj: hamming code out: 0 
196068000: system.memobj: hamming code addr: 609024 
196068000: system.memobj: hamming code out: 0 
196068000: system.memobj: hamming code addr: 609032 
196068000: system.memobj: hamming code out: 0 
196068000: system.memobj: hamming code addr: 609040 
196068000: system.memobj: hamming code out: 0 
196068000: system.memobj: fix data : 1111100011111001010000000000000000000000000000000000000000000000 
196068000: system.memobj: -------------------------------------
196117000: system.memobj: mem->cpu Got response for addr 0xf9f8 , 63992
196117000: system.memobj: size 0x8
196117000: system.memobj: id 94061725696592
196117000: system.memobj: data_hex : 4885C04889C57462 
196117000: system.memobj: data : 0100100010000101110000000100100010001001110001010111010001100010 
196117000: system.memobj: fix data : 0100100010000101110000000100100010001001110001010111010001100010 
196117000: system.memobj: -------------------------------------
196166000: system.memobj: mem->cpu Got response for addr 0xf9f8 , 63992
196166000: system.memobj: size 0x8
196166000: system.memobj: id 94061725662256
196166000: system.memobj: data_hex : 4885C04889C57462 
196166000: system.memobj: data : 0100100010000101110000000100100010001001110001010111010001100010 
196166000: system.memobj: fix data : 0100100010000101110000000100100010001001110001010111010001100010 
196166000: system.memobj: -------------------------------------
196215000: system.memobj: mem->cpu Got response for addr 0xf9f8 , 63992
196215000: system.memobj: size 0x8
196215000: system.memobj: id 94061725696592
196215000: system.memobj: data_hex : 4885C04889C57462 
196215000: system.memobj: data : 0100100010000101110000000100100010001001110001010111010001100010 
196215000: system.memobj: fix data : 0100100010000101110000000100100010001001110001010111010001100010 
196215000: system.memobj: -------------------------------------
196264000: system.memobj: mem->cpu Got response for addr 0xfa00 , 64000
196264000: system.memobj: size 0x8
196264000: system.memobj: id 94061725662256
196264000: system.memobj: data_hex : B8000000004885C0 
196264000: system.memobj: data : 1011100000000000000000000000000000000000010010001000010111000000 
196264000: system.memobj: fix data : 1011100000000000000000000000000000000000010010001000010111000000 
196264000: system.memobj: -------------------------------------
196313000: system.memobj: mem->cpu Got response for addr 0xfa00 , 64000
196313000: system.memobj: size 0x8
196313000: system.memobj: id 94061725696592
196313000: system.memobj: data_hex : B8000000004885C0 
196313000: system.memobj: data : 1011100000000000000000000000000000000000010010001000010111000000 
196313000: system.memobj: fix data : 1011100000000000000000000000000000000000010010001000010111000000 
196313000: system.memobj: -------------------------------------
196362000: system.memobj: mem->cpu Got response for addr 0xfa08 , 64008
196362000: system.memobj: size 0x8
196362000: system.memobj: id 94061725662256
196362000: system.memobj: data_hex : 743F4889DFE8EE05 
196362000: system.memobj: data : 0111010000111111010010001000100111011111111010001110111000000101 
196362000: system.memobj: fix data : 0111010000111111010010001000100111011111111010001110111000000101 
196362000: system.memobj: -------------------------------------
196411000: system.memobj: mem->cpu Got response for addr 0xfa48 , 64072
196411000: system.memobj: size 0x8
196411000: system.memobj: id 94061725696592
196411000: system.memobj: data_hex : 9DC7030000000090 
196411000: system.memobj: data : 1001110111000111000000110000000000000000000000000000000010010000 
196411000: system.memobj: fix data : 1001110111000111000000110000000000000000000000000000000010010000 
196411000: system.memobj: -------------------------------------
196411000: system.memobj: cpu->mem Got request for addr 0x92480 , 599168
196411000: system.memobj: size 0x4
196411000: system.memobj: id 94061725662256
196411000: system.memobj: data_hex : 00000000 
196411000: system.memobj: data : 00000000000000000000000000000000 
196411000: system.memobj: hamming code addr: 599168 
196411000: system.memobj: hamming code : 0 
196411000: system.memobj: hamming code addr: 599176 
196411000: system.memobj: hamming code : 0 
196411000: system.memobj: hamming code addr: 599184 
196411000: system.memobj: hamming code : 0 
196411000: system.memobj: hamming code addr: 599192 
196411000: system.memobj: hamming code : 0 
196411000: system.memobj: Enter Error Bit index: 4 
196411000: system.memobj: flip data : 00010000000000000000000000000000 
196411000: system.memobj: -------------------------------------
196481000: system.memobj: mem->cpu Got response for addr 0xfa48 , 64072
196481000: system.memobj: size 0x8
196481000: system.memobj: id 94061725662256
196481000: system.memobj: data_hex : 9DC7030000000090 
196481000: system.memobj: data : 1001110111000111000000110000000000000000000000000000000010010000 
196481000: system.memobj: fix data : 1001110111000111000000110000000000000000000000000000000010010000 
196481000: system.memobj: -------------------------------------
196530000: system.memobj: mem->cpu Got response for addr 0xfa50 , 64080
196530000: system.memobj: size 0x8
196530000: system.memobj: id 94061725696592
196530000: system.memobj: data_hex : EBC04C89E64889EF 
196530000: system.memobj: data : 1110101111000000010011001000100111100110010010001000100111101111 
196530000: system.memobj: fix data : 1110101111000000010011001000100111100110010010001000100111101111 
196530000: system.memobj: -------------------------------------
196579000: system.memobj: mem->cpu Got response for addr 0xfa10 , 64016
196579000: system.memobj: size 0x8
196579000: system.memobj: id 94061725662256
196579000: system.memobj: data_hex : BFFF4889E8488B5C 
196579000: system.memobj: data : 1011111111111111010010001000100111101000010010001000101101011100 
196579000: system.memobj: fix data : 1011111111111111010010001000100111101000010010001000101101011100 
196579000: system.memobj: -------------------------------------
196628000: system.memobj: mem->cpu Got response for addr 0xfa10 , 64016
196628000: system.memobj: size 0x8
196628000: system.memobj: id 94061725696592
196628000: system.memobj: data_hex : BFFF4889E8488B5C 
196628000: system.memobj: data : 1011111111111111010010001000100111101000010010001000101101011100 
196628000: system.memobj: fix data : 1011111111111111010010001000100111101000010010001000101101011100 
196628000: system.memobj: -------------------------------------
196677000: system.memobj: mem->cpu Got response for addr 0xfa18 , 64024
196677000: system.memobj: size 0x8
196677000: system.memobj: id 94061725662256
196677000: system.memobj: data_hex : 2408488B6C24104C 
196677000: system.memobj: data : 0010010000001000010010001000101101101100001001000001000001001100 
196677000: system.memobj: fix data : 0010010000001000010010001000101101101100001001000001000001001100 
196677000: system.memobj: -------------------------------------
196726000: system.memobj: mem->cpu Got response for addr 0x94ae8 , 609000
196726000: system.memobj: size 0x8
196726000: system.memobj: id 94061725696592
196726000: system.memobj: data_hex : 0A00000000000000 
196726000: system.memobj: data : 0000101000000000000000000000000000000000000000000000000000000000 
196726000: system.memobj: hamming code addr: 609000 
196726000: system.memobj: hamming code out: 11 
196726000: system.memobj: find Error Bit index : 5 
196726000: system.memobj: hamming code addr: 609008 
196726000: system.memobj: hamming code out: 0 
196726000: system.memobj: hamming code addr: 609016 
196726000: system.memobj: hamming code out: 0 
196726000: system.memobj: hamming code addr: 609024 
196726000: system.memobj: hamming code out: 0 
196726000: system.memobj: hamming code addr: 609032 
196726000: system.memobj: hamming code out: 0 
196726000: system.memobj: hamming code addr: 609040 
196726000: system.memobj: hamming code out: 0 
196726000: system.memobj: hamming code addr: 609048 
196726000: system.memobj: hamming code out: 0 
196726000: system.memobj: hamming code addr: 609056 
196726000: system.memobj: hamming code out: 0 
196726000: system.memobj: fix data : 0000001000000000000000000000000000000000000000000000000000000000 
196726000: system.memobj: -------------------------------------
196789000: system.memobj: mem->cpu Got response for addr 0xfa18 , 64024
196789000: system.memobj: size 0x8
196789000: system.memobj: id 94061725696592
196789000: system.memobj: data_hex : 2408488B6C24104C 
196789000: system.memobj: data : 0010010000001000010010001000101101101100001001000001000001001100 
196789000: system.memobj: fix data : 0010010000001000010010001000101101101100001001000001000001001100 
196789000: system.memobj: -------------------------------------
196838000: system.memobj: mem->cpu Got response for addr 0x94af0 , 609008
196838000: system.memobj: size 0x8
196838000: system.memobj: id 94061725662256
196838000: system.memobj: data_hex : 70EBFFFFFF7F0000 
196838000: system.memobj: data : 0111000011101011111111111111111111111111011111110000000000000000 
196838000: system.memobj: hamming code addr: 609008 
196838000: system.memobj: hamming code out: 1 
196838000: system.memobj: find Error Bit index : 2 
196838000: system.memobj: hamming code addr: 609016 
196838000: system.memobj: hamming code out: 14 
196838000: system.memobj: hamming code addr: 609024 
196838000: system.memobj: hamming code out: 3 
196838000: system.memobj: hamming code addr: 609032 
196838000: system.memobj: hamming code out: 3 
196838000: system.memobj: hamming code addr: 609040 
196838000: system.memobj: hamming code out: 3 
196838000: system.memobj: hamming code addr: 609048 
196838000: system.memobj: hamming code out: 0 
196838000: system.memobj: hamming code addr: 609056 
196838000: system.memobj: hamming code out: 0 
196838000: system.memobj: hamming code addr: 609064 
196838000: system.memobj: hamming code out: 0 
196838000: system.memobj: fix data : 0011000011101011111111111111111111111111011111110000000000000000 
196838000: system.memobj: -------------------------------------
196887000: system.memobj: mem->cpu Got response for addr 0xfa18 , 64024
196887000: system.memobj: size 0x8
196887000: system.memobj: id 94061725662256
196887000: system.memobj: data_hex : 2408488B6C24104C 
196887000: system.memobj: data : 0010010000001000010010001000101101101100001001000001000001001100 
196887000: system.memobj: fix data : 0010010000001000010010001000101101101100001001000001000001001100 
196887000: system.memobj: -------------------------------------
196936000: system.memobj: mem->cpu Got response for addr 0xfa20 , 64032
196936000: system.memobj: size 0x8
196936000: system.memobj: id 94061725696592
196936000: system.memobj: data_hex : 8B6424184C8B6C24 
196936000: system.memobj: data : 1000101101100100001001000001100001001100100010110110110000100100 
196936000: system.memobj: fix data : 1000101101100100001001000001100001001100100010110110110000100100 
196936000: system.memobj: -------------------------------------
196985000: system.memobj: mem->cpu Got response for addr 0x94af8 , 609016
196985000: system.memobj: size 0x8
196985000: system.memobj: id 94061725662256
196985000: system.memobj: data_hex : 8040590000000000 
196985000: system.memobj: data : 1000000001000000010110010000000000000000000000000000000000000000 
196985000: system.memobj: hamming code addr: 609016 
196985000: system.memobj: hamming code out: 5 
196985000: system.memobj: find Error Bit index : 3 
196985000: system.memobj: hamming code addr: 609024 
196985000: system.memobj: hamming code out: 5 
196985000: system.memobj: hamming code addr: 609032 
196985000: system.memobj: hamming code out: 7 
196985000: system.memobj: hamming code addr: 609040 
196985000: system.memobj: hamming code out: 0 
196985000: system.memobj: hamming code addr: 609048 
196985000: system.memobj: hamming code out: 0 
196985000: system.memobj: hamming code addr: 609056 
196985000: system.memobj: hamming code out: 0 
196985000: system.memobj: hamming code addr: 609064 
196985000: system.memobj: hamming code out: 0 
196985000: system.memobj: hamming code addr: 609072 
196985000: system.memobj: hamming code out: 0 
196985000: system.memobj: fix data : 1010000001000000010110010000000000000000000000000000000000000000 
196985000: system.memobj: -------------------------------------
197034000: system.memobj: mem->cpu Got response for addr 0xfa20 , 64032
197034000: system.memobj: size 0x8
197034000: system.memobj: id 94061725662256
197034000: system.memobj: data_hex : 8B6424184C8B6C24 
197034000: system.memobj: data : 1000101101100100001001000001100001001100100010110110110000100100 
197034000: system.memobj: fix data : 1000101101100100001001000001100001001100100010110110110000100100 
197034000: system.memobj: -------------------------------------
197083000: system.memobj: mem->cpu Got response for addr 0xfa28 , 64040
197083000: system.memobj: size 0x8
197083000: system.memobj: id 94061725696592
197083000: system.memobj: data_hex : 204883C428C3488B 
197083000: system.memobj: data : 0010000001001000100000111100010000101000110000110100100010001011 
197083000: system.memobj: fix data : 0010000001001000100000111100010000101000110000110100100010001011 
197083000: system.memobj: -------------------------------------
197103000: system.memobj: mem->cpu Got response for addr 0x94b00 , 609024
197103000: system.memobj: size 0x8
197103000: system.memobj: id 94061725662256
197103000: system.memobj: data_hex : 0200000000000000 
197103000: system.memobj: data : 0000001000000000000000000000000000000000000000000000000000000000 
197103000: system.memobj: hamming code addr: 609024 
197103000: system.memobj: hamming code out: 0 
197103000: system.memobj: find Error Bit index : 7 
197103000: system.memobj: hamming code addr: 609032 
197103000: system.memobj: hamming code out: 0 
197103000: system.memobj: hamming code addr: 609040 
197103000: system.memobj: hamming code out: 0 
197103000: system.memobj: hamming code addr: 609048 
197103000: system.memobj: hamming code out: 0 
197103000: system.memobj: hamming code addr: 609056 
197103000: system.memobj: hamming code out: 0 
197103000: system.memobj: hamming code addr: 609064 
197103000: system.memobj: hamming code out: 0 
197103000: system.memobj: hamming code addr: 609072 
197103000: system.memobj: hamming code out: 0 
197103000: system.memobj: hamming code addr: 609080 
197103000: system.memobj: hamming code out: 0 
197103000: system.memobj: fix data : 0000000000000000000000000000000000000000000000000000000000000000 
197103000: system.memobj: -------------------------------------
197152000: system.memobj: mem->cpu Got response for addr 0xfa28 , 64040
197152000: system.memobj: size 0x8
197152000: system.memobj: id 94061725662256
197152000: system.memobj: data_hex : 204883C428C3488B 
197152000: system.memobj: data : 0010000001001000100000111100010000101000110000110100100010001011 
197152000: system.memobj: fix data : 0010000001001000100000111100010000101000110000110100100010001011 
197152000: system.memobj: -------------------------------------
197201000: system.memobj: mem->cpu Got response for addr 0xfa28 , 64040
197201000: system.memobj: size 0x8
197201000: system.memobj: id 94061725696592
197201000: system.memobj: data_hex : 204883C428C3488B 
197201000: system.memobj: data : 0010000001001000100000111100010000101000110000110100100010001011 
197201000: system.memobj: fix data : 0010000001001000100000111100010000101000110000110100100010001011 
197201000: system.memobj: -------------------------------------
197250000: system.memobj: mem->cpu Got response for addr 0x94b08 , 609032
197250000: system.memobj: size 0x8
197250000: system.memobj: id 94061725662256
197250000: system.memobj: data_hex : 502D430000000000 
197250000: system.memobj: data : 0101000000101101010000110000000000000000000000000000000000000000 
197250000: system.memobj: hamming code addr: 609032 
197250000: system.memobj: hamming code out: 4 
197250000: system.memobj: find Error Bit index : 3 
197250000: system.memobj: hamming code addr: 609040 
197250000: system.memobj: hamming code out: 9 
197250000: system.memobj: hamming code addr: 609048 
197250000: system.memobj: hamming code out: 2 
197250000: system.memobj: hamming code addr: 609056 
197250000: system.memobj: hamming code out: 0 
197250000: system.memobj: hamming code addr: 609064 
197250000: system.memobj: hamming code out: 0 
197250000: system.memobj: hamming code addr: 609072 
197250000: system.memobj: hamming code out: 0 
197250000: system.memobj: hamming code addr: 609080 
197250000: system.memobj: hamming code out: 0 
197250000: system.memobj: hamming code addr: 609088 
197250000: system.memobj: hamming code out: 0 
197250000: system.memobj: fix data : 0111000000101101010000110000000000000000000000000000000000000000 
197250000: system.memobj: -------------------------------------
197313000: system.memobj: mem->cpu Got response for addr 0x32d70 , 208240
197313000: system.memobj: size 0x8
197313000: system.memobj: id 94061725662256
197313000: system.memobj: data_hex : 49890424488B05D5 
197313000: system.memobj: data : 0100100110001001000001000010010001001000100010110000010111010101 
197313000: system.memobj: fix data : 0100100110001001000001000010010001001000100010110000010111010101 
197313000: system.memobj: -------------------------------------
197313000: system.memobj: cpu->mem Got request for addr 0x960a0 , 614560
197313000: system.memobj: size 0x8
197313000: system.memobj: id 94061725696880
197313000: system.memobj: data_hex : C040590000000000 
197313000: system.memobj: data : 1100000001000000010110010000000000000000000000000000000000000000 
197313000: system.memobj: hamming code addr: 614560 
197313000: system.memobj: hamming code : 6 
197313000: system.memobj: hamming code addr: 614568 
197313000: system.memobj: hamming code : 5 
197313000: system.memobj: hamming code addr: 614576 
197313000: system.memobj: hamming code : 7 
197313000: system.memobj: hamming code addr: 614584 
197313000: system.memobj: hamming code : 0 
197313000: system.memobj: hamming code addr: 614592 
197313000: system.memobj: hamming code : 0 
197313000: system.memobj: hamming code addr: 614600 
197313000: system.memobj: hamming code : 0 
197313000: system.memobj: hamming code addr: 614608 
197313000: system.memobj: hamming code : 0 
197313000: system.memobj: hamming code addr: 614616 
197313000: system.memobj: hamming code : 0 
197313000: system.memobj: Enter Error Bit index: 1 
197313000: system.memobj: flip data : 0100000001000000010110010000000000000000000000000000000000000000 
197313000: system.memobj: -------------------------------------
197383000: system.memobj: mem->cpu Got response for addr 0x32d70 , 208240
197383000: system.memobj: size 0x8
197383000: system.memobj: id 94061725696880
197383000: system.memobj: data_hex : 49890424488B05D5 
197383000: system.memobj: data : 0100100110001001000001000010010001001000100010110000010111010101 
197383000: system.memobj: fix data : 0100100110001001000001000010010001001000100010110000010111010101 
197383000: system.memobj: -------------------------------------
197432000: system.memobj: mem->cpu Got response for addr 0x32d78 , 208248
197432000: system.memobj: size 0x8
197432000: system.memobj: id 94061725662256
197432000: system.memobj: data_hex : CC1400B960294600 
197432000: system.memobj: data : 1100110000010100000000001011100101100000001010010100011000000000 
197432000: system.memobj: fix data : 1100110000010100000000001011100101100000001010010100011000000000 
197432000: system.memobj: -------------------------------------
197452000: system.memobj: mem->cpu Got response for addr 0x7fa50 , 522832
197452000: system.memobj: size 0x8
197452000: system.memobj: id 94061725697168
197452000: system.memobj: data_hex : 8040590000000000 
197452000: system.memobj: data : 1000000001000000010110010000000000000000000000000000000000000000 
197452000: system.memobj: hamming code addr: 522832 
197452000: system.memobj: hamming code out: 5 
197452000: system.memobj: find Error Bit index : 3 
197452000: system.memobj: hamming code addr: 522840 
197452000: system.memobj: hamming code out: 5 
197452000: system.memobj: hamming code addr: 522848 
197452000: system.memobj: hamming code out: 7 
197452000: system.memobj: hamming code addr: 522856 
197452000: system.memobj: hamming code out: 0 
197452000: system.memobj: hamming code addr: 522864 
197452000: system.memobj: hamming code out: 0 
197452000: system.memobj: hamming code addr: 522872 
197452000: system.memobj: hamming code out: 0 
197452000: system.memobj: hamming code addr: 522880 
197452000: system.memobj: hamming code out: 0 
197452000: system.memobj: hamming code addr: 522888 
197452000: system.memobj: hamming code out: 0 
197452000: system.memobj: fix data : 1010000001000000010110010000000000000000000000000000000000000000 
197452000: system.memobj: -------------------------------------
197501000: system.memobj: mem->cpu Got response for addr 0x32d78 , 208248
197501000: system.memobj: size 0x8
197501000: system.memobj: id 94061725697168
197501000: system.memobj: data_hex : CC1400B960294600 
197501000: system.memobj: data : 1100110000010100000000001011100101100000001010010100011000000000 
197501000: system.memobj: fix data : 1100110000010100000000001011100101100000001010010100011000000000 
197501000: system.memobj: -------------------------------------
197550000: system.memobj: mem->cpu Got response for addr 0x32d80 , 208256
197550000: system.memobj: size 0x8
197550000: system.memobj: id 94061725662256
197550000: system.memobj: data_hex : 488B004885C00F84 
197550000: system.memobj: data : 0100100010001011000000000100100010000101110000000000111110000100 
197550000: system.memobj: fix data : 0100100010001011000000000100100010000101110000000000111110000100 
197550000: system.memobj: -------------------------------------
197613000: system.memobj: mem->cpu Got response for addr 0x960a0 , 614560
197613000: system.memobj: size 0x8
197613000: system.memobj: id 94061725697456
197613000: system.memobj: data_hex : 4040590000000000 
197613000: system.memobj: data : 0100000001000000010110010000000000000000000000000000000000000000 
197613000: system.memobj: hamming code addr: 614560 
197613000: system.memobj: hamming code out: 6 
197613000: system.memobj: find Error Bit index : 1 
197613000: system.memobj: hamming code addr: 614568 
197613000: system.memobj: hamming code out: 5 
197613000: system.memobj: hamming code addr: 614576 
197613000: system.memobj: hamming code out: 7 
197613000: system.memobj: hamming code addr: 614584 
197613000: system.memobj: hamming code out: 0 
197613000: system.memobj: hamming code addr: 614592 
197613000: system.memobj: hamming code out: 0 
197613000: system.memobj: hamming code addr: 614600 
197613000: system.memobj: hamming code out: 0 
197613000: system.memobj: hamming code addr: 614608 
197613000: system.memobj: hamming code out: 0 
197613000: system.memobj: hamming code addr: 614616 
197613000: system.memobj: hamming code out: 0 
197613000: system.memobj: fix data : 1100000001000000010110010000000000000000000000000000000000000000 
197613000: system.memobj: -------------------------------------
197662000: system.memobj: mem->cpu Got response for addr 0x32d80 , 208256
197662000: system.memobj: size 0x8
197662000: system.memobj: id 94061725697456
197662000: system.memobj: data_hex : 488B004885C00F84 
197662000: system.memobj: data : 0100100010001011000000000100100010000101110000000000111110000100 
197662000: system.memobj: fix data : 0100100010001011000000000100100010000101110000000000111110000100 
197662000: system.memobj: -------------------------------------
197711000: system.memobj: mem->cpu Got response for addr 0x32d80 , 208256
197711000: system.memobj: size 0x8
197711000: system.memobj: id 94061725662256
197711000: system.memobj: data_hex : 488B004885C00F84 
197711000: system.memobj: data : 0100100010001011000000000100100010000101110000000000111110000100 
197711000: system.memobj: fix data : 0100100010001011000000000100100010000101110000000000111110000100 
197711000: system.memobj: -------------------------------------
197760000: system.memobj: mem->cpu Got response for addr 0x32d88 , 208264
197760000: system.memobj: size 0x8
197760000: system.memobj: id 94061725697456
197760000: system.memobj: data_hex : E900000048890595 
197760000: system.memobj: data : 1110100100000000000000000000000001001000100010010000010110010101 
197760000: system.memobj: fix data : 1110100100000000000000000000000001001000100010010000010110010101 
197760000: system.memobj: -------------------------------------
197809000: system.memobj: mem->cpu Got response for addr 0x32d88 , 208264
197809000: system.memobj: size 0x8
197809000: system.memobj: id 94061725662256
197809000: system.memobj: data_hex : E900000048890595 
197809000: system.memobj: data : 1110100100000000000000000000000001001000100010010000010110010101 
197809000: system.memobj: fix data : 1110100100000000000000000000000001001000100010010000010110010101 
197809000: system.memobj: -------------------------------------
197858000: system.memobj: mem->cpu Got response for addr 0x32d90 , 208272
197858000: system.memobj: size 0x8
197858000: system.memobj: id 94061725697456
197858000: system.memobj: data_hex : 0716004889C1488D 
197858000: system.memobj: data : 0000011100010110000000000100100010001001110000010100100010001101 
197858000: system.memobj: fix data : 0000011100010110000000000100100010001001110000010100100010001101 
197858000: system.memobj: -------------------------------------
197858000: system.memobj: cpu->mem Got request for addr 0x93528 , 603432
197858000: system.memobj: size 0x8
197858000: system.memobj: id 94061725697744
197858000: system.memobj: data_hex : C040590000000000 
197858000: system.memobj: data : 1100000001000000010110010000000000000000000000000000000000000000 
197858000: system.memobj: hamming code addr: 603432 
197858000: system.memobj: hamming code : 6 
197858000: system.memobj: hamming code addr: 603440 
197858000: system.memobj: hamming code : 5 
197858000: system.memobj: hamming code addr: 603448 
197858000: system.memobj: hamming code : 7 
197858000: system.memobj: hamming code addr: 603456 
197858000: system.memobj: hamming code : 0 
197858000: system.memobj: hamming code addr: 603464 
197858000: system.memobj: hamming code : 0 
197858000: system.memobj: hamming code addr: 603472 
197858000: system.memobj: hamming code : 0 
197858000: system.memobj: hamming code addr: 603480 
197858000: system.memobj: hamming code : 0 
197858000: system.memobj: hamming code addr: 603488 
197858000: system.memobj: hamming code : 0 
197858000: system.memobj: Enter Error Bit index: 8 
197858000: system.memobj: flip data : 1100000101000000010110010000000000000000000000000000000000000000 
197858000: system.memobj: -------------------------------------
197928000: system.memobj: mem->cpu Got response for addr 0x32d90 , 208272
197928000: system.memobj: size 0x8
197928000: system.memobj: id 94061725697744
197928000: system.memobj: data_hex : 0716004889C1488D 
197928000: system.memobj: data : 0000011100010110000000000100100010001001110000010100100010001101 
197928000: system.memobj: fix data : 0000011100010110000000000100100010001001110000010100100010001101 
197928000: system.memobj: -------------------------------------
197977000: system.memobj: mem->cpu Got response for addr 0x32d90 , 208272
197977000: system.memobj: size 0x8
197977000: system.memobj: id 94061725697456
197977000: system.memobj: data_hex : 0716004889C1488D 
197977000: system.memobj: data : 0000011100010110000000000100100010001001110000010100100010001101 
197977000: system.memobj: fix data : 0000011100010110000000000100100010001001110000010100100010001101 
197977000: system.memobj: -------------------------------------
198026000: system.memobj: mem->cpu Got response for addr 0x32d98 , 208280
198026000: system.memobj: size 0x8
198026000: system.memobj: id 94061725697744
198026000: system.memobj: data_hex : 049BC705B4CC1400 
198026000: system.memobj: data : 0000010010011011110001110000010110110100110011000001010000000000 
198026000: system.memobj: fix data : 0000010010011011110001110000010110110100110011000001010000000000 
198026000: system.memobj: -------------------------------------
198075000: system.memobj: mem->cpu Got response for addr 0x32d98 , 208280
198075000: system.memobj: size 0x8
198075000: system.memobj: id 94061725698032
198075000: system.memobj: data_hex : 049BC705B4CC1400 
198075000: system.memobj: data : 0000010010011011110001110000010110110100110011000001010000000000 
198075000: system.memobj: fix data : 0000010010011011110001110000010110110100110011000001010000000000 
198075000: system.memobj: -------------------------------------
198124000: system.memobj: mem->cpu Got response for addr 0x32da0 , 208288
198124000: system.memobj: size 0x8
198124000: system.memobj: id 94061725697744
198124000: system.memobj: data_hex : 0000000041B87026 
198124000: system.memobj: data : 0000000000000000000000000000000001000001101110000111000000100110 
198124000: system.memobj: fix data : 0000000000000000000000000000000001000001101110000111000000100110 
198124000: system.memobj: -------------------------------------
198124000: system.memobj: cpu->mem Got request for addr 0x7fa58 , 522840
198124000: system.memobj: size 0x4
198124000: system.memobj: id 94061725698320
198124000: system.memobj: data_hex : 00000000 
198124000: system.memobj: data : 00000000000000000000000000000000 
198124000: system.memobj: hamming code addr: 522840 
198124000: system.memobj: hamming code : 0 
198124000: system.memobj: hamming code addr: 522848 
198124000: system.memobj: hamming code : 0 
198124000: system.memobj: hamming code addr: 522856 
198124000: system.memobj: hamming code : 0 
198124000: system.memobj: hamming code addr: 522864 
198124000: system.memobj: hamming code : 0 
198124000: system.memobj: Enter Error Bit index: 2 
198124000: system.memobj: flip data : 01000000000000000000000000000000 
198124000: system.memobj: -------------------------------------
198194000: system.memobj: mem->cpu Got response for addr 0x32da0 , 208288
198194000: system.memobj: size 0x8
198194000: system.memobj: id 94061725698320
198194000: system.memobj: data_hex : 0000000041B87026 
198194000: system.memobj: data : 0000000000000000000000000000000001000001101110000111000000100110 
198194000: system.memobj: fix data : 0000000000000000000000000000000001000001101110000111000000100110 
198194000: system.memobj: -------------------------------------
198257000: system.memobj: mem->cpu Got response for addr 0x32da8 , 208296
198257000: system.memobj: size 0x8
198257000: system.memobj: id 94061725697744
198257000: system.memobj: data_hex : 460031F6488D3CC5 
198257000: system.memobj: data : 0100011000000000001100011111011001001000100011010011110011000101 
198257000: system.memobj: fix data : 0100011000000000001100011111011001001000100011010011110011000101 
198257000: system.memobj: -------------------------------------
198306000: system.memobj: mem->cpu Got response for addr 0x32da8 , 208296
198306000: system.memobj: size 0x8
198306000: system.memobj: id 94061725698320
198306000: system.memobj: data_hex : 460031F6488D3CC5 
198306000: system.memobj: data : 0100011000000000001100011111011001001000100011010011110011000101 
198306000: system.memobj: fix data : 0100011000000000001100011111011001001000100011010011110011000101 
198306000: system.memobj: -------------------------------------
198355000: system.memobj: mem->cpu Got response for addr 0x32da8 , 208296
198355000: system.memobj: size 0x8
198355000: system.memobj: id 94061725697744
198355000: system.memobj: data_hex : 460031F6488D3CC5 
198355000: system.memobj: data : 0100011000000000001100011111011001001000100011010011110011000101 
198355000: system.memobj: fix data : 0100011000000000001100011111011001001000100011010011110011000101 
198355000: system.memobj: -------------------------------------
198404000: system.memobj: mem->cpu Got response for addr 0x32db0 , 208304
198404000: system.memobj: size 0x8
198404000: system.memobj: id 94061725698320
198404000: system.memobj: data_hex : 00000000488B04F5 
198404000: system.memobj: data : 0000000000000000000000000000000001001000100010110000010011110101 
198404000: system.memobj: fix data : 0000000000000000000000000000000001001000100010110000010011110101 
198404000: system.memobj: -------------------------------------
198453000: system.memobj: mem->cpu Got response for addr 0x32db0 , 208304
198453000: system.memobj: size 0x8
198453000: system.memobj: id 94061725698608
198453000: system.memobj: data_hex : 00000000488B04F5 
198453000: system.memobj: data : 0000000000000000000000000000000001001000100010110000010011110101 
198453000: system.memobj: fix data : 0000000000000000000000000000000001001000100010110000010011110101 
198453000: system.memobj: -------------------------------------
198502000: system.memobj: mem->cpu Got response for addr 0x32db8 , 208312
198502000: system.memobj: size 0x8
198502000: system.memobj: id 94061725698320
198502000: system.memobj: data_hex : 602646004C894118 
198502000: system.memobj: data : 0110000000100110010001100000000001001100100010010100000100011000 
198502000: system.memobj: fix data : 0110000000100110010001100000000001001100100010010100000100011000 
198502000: system.memobj: -------------------------------------
198565000: system.memobj: mem->cpu Got response for addr 0x62660 , 403040
198565000: system.memobj: size 0x8
198565000: system.memobj: id 94061725698896
198565000: system.memobj: data_hex : 0700000000000000 
198565000: system.memobj: data : 0000011100000000000000000000000000000000000000000000000000000000 
198565000: system.memobj: fix data : 0000011100000000000000000000000000000000000000000000000000000000 
198565000: system.memobj: -------------------------------------
198614000: system.memobj: mem->cpu Got response for addr 0x32db8 , 208312
198614000: system.memobj: size 0x8
198614000: system.memobj: id 94061725698896
198614000: system.memobj: data_hex : 602646004C894118 
198614000: system.memobj: data : 0110000000100110010001100000000001001100100010010100000100011000 
198614000: system.memobj: fix data : 0110000000100110010001100000000001001100100010010100000100011000 
198614000: system.memobj: -------------------------------------
198614000: system.memobj: cpu->mem Got request for addr 0x960d8 , 614616
198614000: system.memobj: size 0x8
198614000: system.memobj: id 94061725699184
198614000: system.memobj: data_hex : 7026460000000000 
198614000: system.memobj: data : 0111000000100110010001100000000000000000000000000000000000000000 
198614000: system.memobj: hamming code addr: 614616 
198614000: system.memobj: hamming code : 4 
198614000: system.memobj: hamming code addr: 614624 
198614000: system.memobj: hamming code : 7 
198614000: system.memobj: hamming code addr: 614632 
198614000: system.memobj: hamming code : 4 
198614000: system.memobj: hamming code addr: 614640 
198614000: system.memobj: hamming code : 0 
198614000: system.memobj: hamming code addr: 614648 
198614000: system.memobj: hamming code : 0 
198614000: system.memobj: hamming code addr: 614656 
198614000: system.memobj: hamming code : 0 
198614000: system.memobj: hamming code addr: 614664 
198614000: system.memobj: hamming code : 0 
198614000: system.memobj: hamming code addr: 614672 
198614000: system.memobj: hamming code : 0 
198614000: system.memobj: Enter Error Bit index: 2 
198614000: system.memobj: flip data : 0011000000100110010001100000000000000000000000000000000000000000 
198614000: system.memobj: -------------------------------------
198684000: system.memobj: mem->cpu Got response for addr 0x32dc0 , 208320
198684000: system.memobj: size 0x8
198684000: system.memobj: id 94061725699184
198684000: system.memobj: data_hex : 49890C2448C74108 
198684000: system.memobj: data : 0100100110001001000011000010010001001000110001110100000100001000 
198684000: system.memobj: fix data : 0100100110001001000011000010010001001000110001110100000100001000 
198684000: system.memobj: -------------------------------------
198684000: system.memobj: cpu->mem Got request for addr 0x960a0 , 614560
198684000: system.memobj: size 0x8
198684000: system.memobj: id 94061725699472
198684000: system.memobj: data_hex : C040590000000000 
198684000: system.memobj: data : 1100000001000000010110010000000000000000000000000000000000000000 
198684000: system.memobj: hamming code addr: 614560 
198684000: system.memobj: hamming code : 6 
198684000: system.memobj: hamming code addr: 614568 
198684000: system.memobj: hamming code : 5 
198684000: system.memobj: hamming code addr: 614576 
198684000: system.memobj: hamming code : 7 
198684000: system.memobj: hamming code addr: 614584 
198684000: system.memobj: hamming code : 0 
198684000: system.memobj: hamming code addr: 614592 
198684000: system.memobj: hamming code : 0 
198684000: system.memobj: hamming code addr: 614600 
198684000: system.memobj: hamming code : 0 
198684000: system.memobj: hamming code addr: 614608 
198684000: system.memobj: hamming code : 0 
198684000: system.memobj: hamming code addr: 614616 
198684000: system.memobj: hamming code : 0 
198684000: system.memobj: Enter Error Bit index: 4 
198684000: system.memobj: flip data : 1101000001000000010110010000000000000000000000000000000000000000 
198684000: system.memobj: -------------------------------------
198754000: system.memobj: mem->cpu Got response for addr 0x32dc0 , 208320
198754000: system.memobj: size 0x8
198754000: system.memobj: id 94061725699472
198754000: system.memobj: data_hex : 49890C2448C74108 
198754000: system.memobj: data : 0100100110001001000011000010010001001000110001110100000100001000 
198754000: system.memobj: fix data : 0100100110001001000011000010010001001000110001110100000100001000 
198754000: system.memobj: -------------------------------------
198803000: system.memobj: mem->cpu Got response for addr 0x32dc8 , 208328
198803000: system.memobj: size 0x8
198803000: system.memobj: id 94061725699184
198803000: system.memobj: data_hex : A02746004983C408 
198803000: system.memobj: data : 1010000000100111010001100000000001001001100000111100010000001000 
198803000: system.memobj: fix data : 1010000000100111010001100000000001001001100000111100010000001000 
198803000: system.memobj: -------------------------------------
198803000: system.memobj: cpu->mem Got request for addr 0x960c8 , 614600
198803000: system.memobj: size 0x8
198803000: system.memobj: id 94061725699760
198803000: system.memobj: data_hex : A027460000000000 
198803000: system.memobj: data : 1010000000100111010001100000000000000000000000000000000000000000 
198803000: system.memobj: hamming code addr: 614600 
198803000: system.memobj: hamming code : 5 
198803000: system.memobj: hamming code addr: 614608 
198803000: system.memobj: hamming code : 11 
198803000: system.memobj: hamming code addr: 614616 
198803000: system.memobj: hamming code : 4 
198803000: system.memobj: hamming code addr: 614624 
198803000: system.memobj: hamming code : 0 
198803000: system.memobj: hamming code addr: 614632 
198803000: system.memobj: hamming code : 0 
198803000: system.memobj: hamming code addr: 614640 
198803000: system.memobj: hamming code : 0 
198803000: system.memobj: hamming code addr: 614648 
198803000: system.memobj: hamming code : 0 
198803000: system.memobj: hamming code addr: 614656 
198803000: system.memobj: hamming code : 0 
198803000: system.memobj: Enter Error Bit index: 1 
198803000: system.memobj: flip data : 0010000000100111010001100000000000000000000000000000000000000000 
198803000: system.memobj: -------------------------------------
198873000: system.memobj: mem->cpu Got response for addr 0x32dc8 , 208328
198873000: system.memobj: size 0x8
198873000: system.memobj: id 94061725699760
198873000: system.memobj: data_hex : A02746004983C408 
198873000: system.memobj: data : 1010000000100111010001100000000001001001100000111100010000001000 
198873000: system.memobj: fix data : 1010000000100111010001100000000001001001100000111100010000001000 
198873000: system.memobj: -------------------------------------
198922000: system.memobj: mem->cpu Got response for addr 0x32dd0 , 208336
198922000: system.memobj: size 0x8
198922000: system.memobj: id 94061725699184
198922000: system.memobj: data_hex : 48C7411000000000 
198922000: system.memobj: data : 0100100011000111010000010001000000000000000000000000000000000000 
198922000: system.memobj: fix data : 0100100011000111010000010001000000000000000000000000000000000000 
198922000: system.memobj: -------------------------------------
198922000: system.memobj: cpu->mem Got request for addr 0x960d0 , 614608
198922000: system.memobj: size 0x8
198922000: system.memobj: id 94061725700048
198922000: system.memobj: data_hex : 0000000000000000 
198922000: system.memobj: data : 0000000000000000000000000000000000000000000000000000000000000000 
198922000: system.memobj: hamming code addr: 614608 
198922000: system.memobj: hamming code : 0 
198922000: system.memobj: hamming code addr: 614616 
198922000: system.memobj: hamming code : 0 
198922000: system.memobj: hamming code addr: 614624 
198922000: system.memobj: hamming code : 0 
198922000: system.memobj: hamming code addr: 614632 
198922000: system.memobj: hamming code : 0 
198922000: system.memobj: hamming code addr: 614640 
198922000: system.memobj: hamming code : 0 
198922000: system.memobj: hamming code addr: 614648 
198922000: system.memobj: hamming code : 0 
198922000: system.memobj: hamming code addr: 614656 
198922000: system.memobj: hamming code : 0 
198922000: system.memobj: hamming code addr: 614664 
198922000: system.memobj: hamming code : 0 
198922000: system.memobj: Enter Error Bit index: 7 
198922000: system.memobj: flip data : 0000001000000000000000000000000000000000000000000000000000000000 
198922000: system.memobj: -------------------------------------
198992000: system.memobj: mem->cpu Got response for addr 0x32dd8 , 208344
198992000: system.memobj: size 0x8
198992000: system.memobj: id 94061725700048
198992000: system.memobj: data_hex : 488941204E8D4400 
198992000: system.memobj: data : 0100100010001001010000010010000001001110100011010100010000000000 
198992000: system.memobj: fix data : 0100100010001001010000010010000001001110100011010100010000000000 
198992000: system.memobj: -------------------------------------
198992000: system.memobj: cpu->mem Got request for addr 0x960e0 , 614624
198992000: system.memobj: size 0x8
198992000: system.memobj: id 94061725700336
198992000: system.memobj: data_hex : 0700000000000000 
198992000: system.memobj: data : 0000011100000000000000000000000000000000000000000000000000000000 
198992000: system.memobj: hamming code addr: 614624 
198992000: system.memobj: hamming code : 13 
198992000: system.memobj: hamming code addr: 614632 
198992000: system.memobj: hamming code : 0 
198992000: system.memobj: hamming code addr: 614640 
198992000: system.memobj: hamming code : 0 
198992000: system.memobj: hamming code addr: 614648 
198992000: system.memobj: hamming code : 0 
198992000: system.memobj: hamming code addr: 614656 
198992000: system.memobj: hamming code : 0 
198992000: system.memobj: hamming code addr: 614664 
198992000: system.memobj: hamming code : 0 
198992000: system.memobj: hamming code addr: 614672 
198992000: system.memobj: hamming code : 0 
198992000: system.memobj: hamming code addr: 614680 
198992000: system.memobj: hamming code : 0 
198992000: system.memobj: Enter Error Bit index: 7 
198992000: system.memobj: flip data : 0000010100000000000000000000000000000000000000000000000000000000 
198992000: system.memobj: -------------------------------------
199062000: system.memobj: mem->cpu Got response for addr 0x32dd8 , 208344
199062000: system.memobj: size 0x8
199062000: system.memobj: id 94061725700336
199062000: system.memobj: data_hex : 488941204E8D4400 
199062000: system.memobj: data : 0100100010001001010000010010000001001110100011010100010000000000 
199062000: system.memobj: fix data : 0100100010001001010000010010000001001110100011010100010000000000 
199062000: system.memobj: -------------------------------------
199111000: system.memobj: mem->cpu Got response for addr 0x32de0 , 208352
199111000: system.memobj: size 0x8
199111000: system.memobj: id 94061725700048
199111000: system.memobj: data_hex : 01488B411880382F 
199111000: system.memobj: data : 0000000101001000100010110100000100011000100000000011100000101111 
199111000: system.memobj: fix data : 0000000101001000100010110100000100011000100000000011100000101111 
199111000: system.memobj: -------------------------------------
199160000: system.memobj: mem->cpu Got response for addr 0x32de0 , 208352
199160000: system.memobj: size 0x8
199160000: system.memobj: id 94061725700624
199160000: system.memobj: data_hex : 01488B411880382F 
199160000: system.memobj: data : 0000000101001000100010110100000100011000100000000011100000101111 
199160000: system.memobj: fix data : 0000000101001000100010110100000100011000100000000011100000101111 
199160000: system.memobj: -------------------------------------
199180000: system.memobj: mem->cpu Got response for addr 0x960d8 , 614616
199180000: system.memobj: size 0x8
199180000: system.memobj: id 94061725700912
199180000: system.memobj: data_hex : 3026460000000000 
199180000: system.memobj: data : 0011000000100110010001100000000000000000000000000000000000000000 
199180000: system.memobj: hamming code addr: 614616 
199180000: system.memobj: hamming code out: 4 
199180000: system.memobj: find Error Bit index : 2 
199180000: system.memobj: hamming code addr: 614624 
199180000: system.memobj: hamming code out: 7 
199180000: system.memobj: hamming code addr: 614632 
199180000: system.memobj: hamming code out: 4 
199180000: system.memobj: hamming code addr: 614640 
199180000: system.memobj: hamming code out: 0 
199180000: system.memobj: hamming code addr: 614648 
199180000: system.memobj: hamming code out: 0 
199180000: system.memobj: hamming code addr: 614656 
199180000: system.memobj: hamming code out: 0 
199180000: system.memobj: hamming code addr: 614664 
199180000: system.memobj: hamming code out: 0 
199180000: system.memobj: hamming code addr: 614672 
199180000: system.memobj: hamming code out: 0 
199180000: system.memobj: fix data : 0111000000100110010001100000000000000000000000000000000000000000 
199180000: system.memobj: -------------------------------------
199243000: system.memobj: mem->cpu Got response for addr 0x32de0 , 208352
199243000: system.memobj: size 0x8
199243000: system.memobj: id 94061725700912
199243000: system.memobj: data_hex : 01488B411880382F 
199243000: system.memobj: data : 0000000101001000100010110100000100011000100000000011100000101111 
199243000: system.memobj: fix data : 0000000101001000100010110100000100011000100000000011100000101111 
199243000: system.memobj: -------------------------------------
199292000: system.memobj: mem->cpu Got response for addr 0x62670 , 403056
199292000: system.memobj: size 0x1
199292000: system.memobj: id 94061725701200
199292000: system.memobj: data_hex : 2F 
199292000: system.memobj: data : 00101111 
199292000: system.memobj: fix data : 00101111 
199292000: system.memobj: -------------------------------------
199341000: system.memobj: mem->cpu Got response for addr 0x32de8 , 208360
199341000: system.memobj: size 0x8
199341000: system.memobj: id 94061725701200
199341000: system.memobj: data_hex : 0F855C010000488B 
199341000: system.memobj: data : 0000111110000101010111000000000100000000000000000100100010001011 
199341000: system.memobj: fix data : 0000111110000101010111000000000100000000000000000100100010001011 
199341000: system.memobj: -------------------------------------
199390000: system.memobj: mem->cpu Got response for addr 0x32de8 , 208360
199390000: system.memobj: size 0x8
199390000: system.memobj: id 94061725700912
199390000: system.memobj: data_hex : 0F855C010000488B 
199390000: system.memobj: data : 0000111110000101010111000000000100000000000000000100100010001011 
199390000: system.memobj: fix data : 0000111110000101010111000000000100000000000000000100100010001011 
199390000: system.memobj: -------------------------------------
199439000: system.memobj: mem->cpu Got response for addr 0x32df0 , 208368
199439000: system.memobj: size 0x8
199439000: system.memobj: id 94061725701200
199439000: system.memobj: data_hex : 1543CC140031C0EB 
199439000: system.memobj: data : 0001010101000011110011000001010000000000001100011100000011101011 
199439000: system.memobj: fix data : 0001010101000011110011000001010000000000001100011100000011101011 
199439000: system.memobj: -------------------------------------
199502000: system.memobj: mem->cpu Got response for addr 0x7fa38 , 522808
199502000: system.memobj: size 0x8
199502000: system.memobj: id 94061725701488
199502000: system.memobj: data_hex : 1100000000000000 
199502000: system.memobj: data : 0001000100000000000000000000000000000000000000000000000000000000 
199502000: system.memobj: hamming code addr: 522808 
199502000: system.memobj: hamming code out: 12 
199502000: system.memobj: find Error Bit index : 4 
199502000: system.memobj: hamming code addr: 522816 
199502000: system.memobj: hamming code out: 0 
199502000: system.memobj: hamming code addr: 522824 
199502000: system.memobj: hamming code out: 0 
199502000: system.memobj: hamming code addr: 522832 
199502000: system.memobj: hamming code out: 0 
199502000: system.memobj: hamming code addr: 522840 
199502000: system.memobj: hamming code out: 0 
199502000: system.memobj: hamming code addr: 522848 
199502000: system.memobj: hamming code out: 0 
199502000: system.memobj: hamming code addr: 522856 
199502000: system.memobj: hamming code out: 0 
199502000: system.memobj: hamming code addr: 522864 
199502000: system.memobj: hamming code out: 0 
199502000: system.memobj: fix data : 0000000100000000000000000000000000000000000000000000000000000000 
199502000: system.memobj: -------------------------------------
199551000: system.memobj: mem->cpu Got response for addr 0x32df0 , 208368
199551000: system.memobj: size 0x8
199551000: system.memobj: id 94061725701488
199551000: system.memobj: data_hex : 1543CC140031C0EB 
199551000: system.memobj: data : 0001010101000011110011000001010000000000001100011100000011101011 
199551000: system.memobj: fix data : 0001010101000011110011000001010000000000001100011100000011101011 
199551000: system.memobj: -------------------------------------
199600000: system.memobj: mem->cpu Got response for addr 0x32df0 , 208368
199600000: system.memobj: size 0x8
199600000: system.memobj: id 94061725701200
199600000: system.memobj: data_hex : 1543CC140031C0EB 
199600000: system.memobj: data : 0001010101000011110011000001010000000000001100011100000011101011 
199600000: system.memobj: fix data : 0001010101000011110011000001010000000000001100011100000011101011 
199600000: system.memobj: -------------------------------------
199649000: system.memobj: mem->cpu Got response for addr 0x32df8 , 208376
199649000: system.memobj: size 0x8
199649000: system.memobj: id 94061725701488
199649000: system.memobj: data_hex : 1266666690666690 
199649000: system.memobj: data : 0001001001100110011001100110011010010000011001100110011010010000 
199649000: system.memobj: fix data : 0001001001100110011001100110011010010000011001100110011010010000 
199649000: system.memobj: -------------------------------------
199698000: system.memobj: mem->cpu Got response for addr 0x32e08 , 208392
199698000: system.memobj: size 0x8
199698000: system.memobj: id 94061725701200
199698000: system.memobj: data_hex : 48FFC04839D072F0 
199698000: system.memobj: data : 0100100011111111110000000100100000111001110100000111001011110000 
199698000: system.memobj: fix data : 0100100011111111110000000100100000111001110100000111001011110000 
199698000: system.memobj: -------------------------------------
199747000: system.memobj: mem->cpu Got response for addr 0x32e08 , 208392
199747000: system.memobj: size 0x8
199747000: system.memobj: id 94061725701488
199747000: system.memobj: data_hex : 48FFC04839D072F0 
199747000: system.memobj: data : 0100100011111111110000000100100000111001110100000111001011110000 
199747000: system.memobj: fix data : 0100100011111111110000000100100000111001110100000111001011110000 
199747000: system.memobj: -------------------------------------
199796000: system.memobj: mem->cpu Got response for addr 0x32e00 , 208384
199796000: system.memobj: size 0x8
199796000: system.memobj: id 94061725701200
199796000: system.memobj: data_hex : C744812800000000 
199796000: system.memobj: data : 1100011101000100100000010010100000000000000000000000000000000000 
199796000: system.memobj: fix data : 1100011101000100100000010010100000000000000000000000000000000000 
199796000: system.memobj: -------------------------------------
199796000: system.memobj: cpu->mem Got request for addr 0x960e8 , 614632
199796000: system.memobj: size 0x4
199796000: system.memobj: id 94061725701776
199796000: system.memobj: data_hex : 00000000 
199796000: system.memobj: data : 00000000000000000000000000000000 
199796000: system.memobj: hamming code addr: 614632 
199796000: system.memobj: hamming code : 0 
199796000: system.memobj: hamming code addr: 614640 
199796000: system.memobj: hamming code : 0 
199796000: system.memobj: hamming code addr: 614648 
199796000: system.memobj: hamming code : 0 
199796000: system.memobj: hamming code addr: 614656 
199796000: system.memobj: hamming code : 0 
199796000: system.memobj: Enter Error Bit index: 4 
199796000: system.memobj: flip data : 00010000000000000000000000000000 
199796000: system.memobj: -------------------------------------
199866000: system.memobj: mem->cpu Got response for addr 0x32e08 , 208392
199866000: system.memobj: size 0x8
199866000: system.memobj: id 94061725701776
199866000: system.memobj: data_hex : 48FFC04839D072F0 
199866000: system.memobj: data : 0100100011111111110000000100100000111001110100000111001011110000 
199866000: system.memobj: fix data : 0100100011111111110000000100100000111001110100000111001011110000 
199866000: system.memobj: -------------------------------------
199915000: system.memobj: mem->cpu Got response for addr 0x32e08 , 208392
199915000: system.memobj: size 0x8
199915000: system.memobj: id 94061725701200
199915000: system.memobj: data_hex : 48FFC04839D072F0 
199915000: system.memobj: data : 0100100011111111110000000100100000111001110100000111001011110000 
199915000: system.memobj: fix data : 0100100011111111110000000100100000111001110100000111001011110000 
199915000: system.memobj: -------------------------------------
199964000: system.memobj: mem->cpu Got response for addr 0x32e08 , 208392
199964000: system.memobj: size 0x8
199964000: system.memobj: id 94061725701776
199964000: system.memobj: data_hex : 48FFC04839D072F0 
199964000: system.memobj: data : 0100100011111111110000000100100000111001110100000111001011110000 
199964000: system.memobj: fix data : 0100100011111111110000000100100000111001110100000111001011110000 
199964000: system.memobj: -------------------------------------
200013000: system.memobj: mem->cpu Got response for addr 0x32e10 , 208400
200013000: system.memobj: size 0x8
200013000: system.memobj: id 94061725701200
200013000: system.memobj: data_hex : 48FFC6488D140F31 
200013000: system.memobj: data : 0100100011111111110001100100100010001101000101000000111100110001 
200013000: system.memobj: fix data : 0100100011111111110001100100100010001101000101000000111100110001 
200013000: system.memobj: -------------------------------------
200062000: system.memobj: mem->cpu Got response for addr 0x32e10 , 208400
200062000: system.memobj: size 0x8
200062000: system.memobj: id 94061725701776
200062000: system.memobj: data_hex : 48FFC6488D140F31 
200062000: system.memobj: data : 0100100011111111110001100100100010001101000101000000111100110001 
200062000: system.memobj: fix data : 0100100011111111110001100100100010001101000101000000111100110001 
200062000: system.memobj: -------------------------------------
200111000: system.memobj: mem->cpu Got response for addr 0x32e10 , 208400
200111000: system.memobj: size 0x8
200111000: system.memobj: id 94061725702064
200111000: system.memobj: data_hex : 48FFC6488D140F31 
200111000: system.memobj: data : 0100100011111111110001100100100010001101000101000000111100110001 
200111000: system.memobj: fix data : 0100100011111111110001100100100010001101000101000000111100110001 
200111000: system.memobj: -------------------------------------
200174000: system.memobj: mem->cpu Got response for addr 0x32e18 , 208408
200174000: system.memobj: size 0x8
200174000: system.memobj: id 94061725701776
200174000: system.memobj: data_hex : C04883FE02480F45 
200174000: system.memobj: data : 1100000001001000100000111111111000000010010010000000111101000101 
200174000: system.memobj: fix data : 1100000001001000100000111111111000000010010010000000111101000101 
200174000: system.memobj: -------------------------------------
200223000: system.memobj: mem->cpu Got response for addr 0x32e18 , 208408
200223000: system.memobj: size 0x8
200223000: system.memobj: id 94061725702064
200223000: system.memobj: data_hex : C04883FE02480F45 
200223000: system.memobj: data : 1100000001001000100000111111111000000010010010000000111101000101 
200223000: system.memobj: fix data : 1100000001001000100000111111111000000010010010000000111101000101 
200223000: system.memobj: -------------------------------------
200272000: system.memobj: mem->cpu Got response for addr 0x32e18 , 208408
200272000: system.memobj: size 0x8
200272000: system.memobj: id 94061725701776
200272000: system.memobj: data_hex : C04883FE02480F45 
200272000: system.memobj: data : 1100000001001000100000111111111000000010010010000000111101000101 
200272000: system.memobj: fix data : 1100000001001000100000111111111000000010010010000000111101000101 
200272000: system.memobj: -------------------------------------
200321000: system.memobj: mem->cpu Got response for addr 0x32e20 , 208416
200321000: system.memobj: size 0x8
200321000: system.memobj: id 94061725702064
200321000: system.memobj: data_hex : C24883FE01488901 
200321000: system.memobj: data : 1100001001001000100000111111111000000001010010001000100100000001 
200321000: system.memobj: fix data : 1100001001001000100000111111111000000001010010001000100100000001 
200321000: system.memobj: -------------------------------------
200370000: system.memobj: mem->cpu Got response for addr 0x32e20 , 208416
200370000: system.memobj: size 0x8
200370000: system.memobj: id 94061725701776
200370000: system.memobj: data_hex : C24883FE01488901 
200370000: system.memobj: data : 1100001001001000100000111111111000000001010010001000100100000001 
200370000: system.memobj: fix data : 1100001001001000100000111111111000000001010010001000100100000001 
200370000: system.memobj: -------------------------------------
200419000: system.memobj: mem->cpu Got response for addr 0x32e20 , 208416
200419000: system.memobj: size 0x8
200419000: system.memobj: id 94061725702064
200419000: system.memobj: data_hex : C24883FE01488901 
200419000: system.memobj: data : 1100001001001000100000111111111000000001010010001000100100000001 
200419000: system.memobj: fix data : 1100001001001000100000111111111000000001010010001000100100000001 
200419000: system.memobj: -------------------------------------
200419000: system.memobj: cpu->mem Got request for addr 0x960c0 , 614592
200419000: system.memobj: size 0x8
200419000: system.memobj: id 94061725702352
200419000: system.memobj: data_hex : 1041590000000000 
200419000: system.memobj: data : 0001000001000001010110010000000000000000000000000000000000000000 
200419000: system.memobj: hamming code addr: 614592 
200419000: system.memobj: hamming code : 7 
200419000: system.memobj: hamming code addr: 614600 
200419000: system.memobj: hamming code : 9 
200419000: system.memobj: hamming code addr: 614608 
200419000: system.memobj: hamming code : 7 
200419000: system.memobj: hamming code addr: 614616 
200419000: system.memobj: hamming code : 0 
200419000: system.memobj: hamming code addr: 614624 
200419000: system.memobj: hamming code : 0 
200419000: system.memobj: hamming code addr: 614632 
200419000: system.memobj: hamming code : 0 
200419000: system.memobj: hamming code addr: 614640 
200419000: system.memobj: hamming code : 0 
200419000: system.memobj: hamming code addr: 614648 
200419000: system.memobj: hamming code : 0 
200419000: system.memobj: Enter Error Bit index: 1 
200419000: system.memobj: flip data : 1001000001000001010110010000000000000000000000000000000000000000 
200419000: system.memobj: -------------------------------------
200489000: system.memobj: mem->cpu Got response for addr 0x32e28 , 208424
200489000: system.memobj: size 0x8
200489000: system.memobj: id 94061725702352
200489000: system.memobj: data_hex : 4889D176874D85ED 
200489000: system.memobj: data : 0100100010001001110100010111011010000111010011011000010111101101 
200489000: system.memobj: fix data : 0100100010001001110100010111011010000111010011011000010111101101 
200489000: system.memobj: -------------------------------------
200538000: system.memobj: mem->cpu Got response for addr 0x32e28 , 208424
200538000: system.memobj: size 0x8
200538000: system.memobj: id 94061725702064
200538000: system.memobj: data_hex : 4889D176874D85ED 
200538000: system.memobj: data : 0100100010001001110100010111011010000111010011011000010111101101 
200538000: system.memobj: fix data : 0100100010001001110100010111011010000111010011011000010111101101 
200538000: system.memobj: -------------------------------------
200587000: system.memobj: mem->cpu Got response for addr 0x32db0 , 208304
200587000: system.memobj: size 0x8
200587000: system.memobj: id 94061725702352
200587000: system.memobj: data_hex : 00000000488B04F5 
200587000: system.memobj: data : 0000000000000000000000000000000001001000100010110000010011110101 
200587000: system.memobj: fix data : 0000000000000000000000000000000001001000100010110000010011110101 
200587000: system.memobj: -------------------------------------
200636000: system.memobj: mem->cpu Got response for addr 0x32db8 , 208312
200636000: system.memobj: size 0x8
200636000: system.memobj: id 94061725702064
200636000: system.memobj: data_hex : 602646004C894118 
200636000: system.memobj: data : 0110000000100110010001100000000001001100100010010100000100011000 
200636000: system.memobj: fix data : 0110000000100110010001100000000001001100100010010100000100011000 
200636000: system.memobj: -------------------------------------
200685000: system.memobj: mem->cpu Got response for addr 0x62668 , 403048
200685000: system.memobj: size 0x8
200685000: system.memobj: id 94061725702352
200685000: system.memobj: data_hex : 0B00000000000000 
200685000: system.memobj: data : 0000101100000000000000000000000000000000000000000000000000000000 
200685000: system.memobj: fix data : 0000101100000000000000000000000000000000000000000000000000000000 
200685000: system.memobj: -------------------------------------
200734000: system.memobj: mem->cpu Got response for addr 0x32db8 , 208312
200734000: system.memobj: size 0x8
200734000: system.memobj: id 94061725702352
200734000: system.memobj: data_hex : 602646004C894118 
200734000: system.memobj: data : 0110000000100110010001100000000001001100100010010100000100011000 
200734000: system.memobj: fix data : 0110000000100110010001100000000001001100100010010100000100011000 
200734000: system.memobj: -------------------------------------
200734000: system.memobj: cpu->mem Got request for addr 0x96128 , 614696
200734000: system.memobj: size 0x8
200734000: system.memobj: id 94061725702064
200734000: system.memobj: data_hex : 7826460000000000 
200734000: system.memobj: data : 0111100000100110010001100000000000000000000000000000000000000000 
200734000: system.memobj: hamming code addr: 614696 
200734000: system.memobj: hamming code : 13 
200734000: system.memobj: hamming code addr: 614704 
200734000: system.memobj: hamming code : 7 
200734000: system.memobj: hamming code addr: 614712 
200734000: system.memobj: hamming code : 4 
200734000: system.memobj: hamming code addr: 614720 
200734000: system.memobj: hamming code : 0 
200734000: system.memobj: hamming code addr: 614728 
200734000: system.memobj: hamming code : 0 
200734000: system.memobj: hamming code addr: 614736 
200734000: system.memobj: hamming code : 0 
200734000: system.memobj: hamming code addr: 614744 
200734000: system.memobj: hamming code : 0 
200734000: system.memobj: hamming code addr: 614752 
200734000: system.memobj: hamming code : 0 
200734000: system.memobj: Enter Error Bit index: 3 
200734000: system.memobj: flip data : 0101100000100110010001100000000000000000000000000000000000000000 
200734000: system.memobj: -------------------------------------
200804000: system.memobj: mem->cpu Got response for addr 0x32dc0 , 208320
200804000: system.memobj: size 0x8
200804000: system.memobj: id 94061725702064
200804000: system.memobj: data_hex : 49890C2448C74108 
200804000: system.memobj: data : 0100100110001001000011000010010001001000110001110100000100001000 
200804000: system.memobj: fix data : 0100100110001001000011000010010001001000110001110100000100001000 
200804000: system.memobj: -------------------------------------
200804000: system.memobj: cpu->mem Got request for addr 0x960a8 , 614568
200804000: system.memobj: size 0x8
200804000: system.memobj: id 94061725702352
200804000: system.memobj: data_hex : 1041590000000000 
200804000: system.memobj: data : 0001000001000001010110010000000000000000000000000000000000000000 
200804000: system.memobj: hamming code addr: 614568 
200804000: system.memobj: hamming code : 7 
200804000: system.memobj: hamming code addr: 614576 
200804000: system.memobj: hamming code : 9 
200804000: system.memobj: hamming code addr: 614584 
200804000: system.memobj: hamming code : 7 
200804000: system.memobj: hamming code addr: 614592 
200804000: system.memobj: hamming code : 0 
200804000: system.memobj: hamming code addr: 614600 
200804000: system.memobj: hamming code : 0 
200804000: system.memobj: hamming code addr: 614608 
200804000: system.memobj: hamming code : 0 
200804000: system.memobj: hamming code addr: 614616 
200804000: system.memobj: hamming code : 0 
200804000: system.memobj: hamming code addr: 614624 
200804000: system.memobj: hamming code : 0 
200804000: system.memobj: Enter Error Bit index: 5 
200804000: system.memobj: flip data : 0001100001000001010110010000000000000000000000000000000000000000 
200804000: system.memobj: -------------------------------------
200874000: system.memobj: mem->cpu Got response for addr 0x32dc0 , 208320
200874000: system.memobj: size 0x8
200874000: system.memobj: id 94061725702352
200874000: system.memobj: data_hex : 49890C2448C74108 
200874000: system.memobj: data : 0100100110001001000011000010010001001000110001110100000100001000 
200874000: system.memobj: fix data : 0100100110001001000011000010010001001000110001110100000100001000 
200874000: system.memobj: -------------------------------------
200923000: system.memobj: mem->cpu Got response for addr 0x32dc8 , 208328
200923000: system.memobj: size 0x8
200923000: system.memobj: id 94061725702064
200923000: system.memobj: data_hex : A02746004983C408 
200923000: system.memobj: data : 1010000000100111010001100000000001001001100000111100010000001000 
200923000: system.memobj: fix data : 1010000000100111010001100000000001001001100000111100010000001000 
200923000: system.memobj: -------------------------------------
200923000: system.memobj: cpu->mem Got request for addr 0x96118 , 614680
200923000: system.memobj: size 0x8
200923000: system.memobj: id 94061725702352
200923000: system.memobj: data_hex : A027460000000000 
200923000: system.memobj: data : 1010000000100111010001100000000000000000000000000000000000000000 
200923000: system.memobj: hamming code addr: 614680 
200923000: system.memobj: hamming code : 5 
200923000: system.memobj: hamming code addr: 614688 
200923000: system.memobj: hamming code : 11 
200923000: system.memobj: hamming code addr: 614696 
200923000: system.memobj: hamming code : 4 
200923000: system.memobj: hamming code addr: 614704 
200923000: system.memobj: hamming code : 0 
200923000: system.memobj: hamming code addr: 614712 
200923000: system.memobj: hamming code : 0 
200923000: system.memobj: hamming code addr: 614720 
200923000: system.memobj: hamming code : 0 
200923000: system.memobj: hamming code addr: 614728 
200923000: system.memobj: hamming code : 0 
200923000: system.memobj: hamming code addr: 614736 
200923000: system.memobj: hamming code : 0 
200923000: system.memobj: Enter Error Bit index: 8 
200923000: system.memobj: flip data : 1010000100100111010001100000000000000000000000000000000000000000 
200923000: system.memobj: -------------------------------------
200993000: system.memobj: mem->cpu Got response for addr 0x32dc8 , 208328
200993000: system.memobj: size 0x8
200993000: system.memobj: id 94061725702352
200993000: system.memobj: data_hex : A02746004983C408 
200993000: system.memobj: data : 1010000000100111010001100000000001001001100000111100010000001000 
200993000: system.memobj: fix data : 1010000000100111010001100000000001001001100000111100010000001000 
200993000: system.memobj: -------------------------------------
201042000: system.memobj: mem->cpu Got response for addr 0x32dd0 , 208336
201042000: system.memobj: size 0x8
201042000: system.memobj: id 94061725702064
201042000: system.memobj: data_hex : 48C7411000000000 
201042000: system.memobj: data : 0100100011000111010000010001000000000000000000000000000000000000 
201042000: system.memobj: fix data : 0100100011000111010000010001000000000000000000000000000000000000 
201042000: system.memobj: -------------------------------------
201042000: system.memobj: cpu->mem Got request for addr 0x96120 , 614688
201042000: system.memobj: size 0x8
201042000: system.memobj: id 94061725702352
201042000: system.memobj: data_hex : 0000000000000000 
201042000: system.memobj: data : 0000000000000000000000000000000000000000000000000000000000000000 
201042000: system.memobj: hamming code addr: 614688 
201042000: system.memobj: hamming code : 0 
201042000: system.memobj: hamming code addr: 614696 
201042000: system.memobj: hamming code : 0 
201042000: system.memobj: hamming code addr: 614704 
201042000: system.memobj: hamming code : 0 
201042000: system.memobj: hamming code addr: 614712 
201042000: system.memobj: hamming code : 0 
201042000: system.memobj: hamming code addr: 614720 
201042000: system.memobj: hamming code : 0 
201042000: system.memobj: hamming code addr: 614728 
201042000: system.memobj: hamming code : 0 
201042000: system.memobj: hamming code addr: 614736 
201042000: system.memobj: hamming code : 0 
201042000: system.memobj: hamming code addr: 614744 
201042000: system.memobj: hamming code : 0 
201042000: system.memobj: Enter Error Bit index: 3 
201042000: system.memobj: flip data : 0010000000000000000000000000000000000000000000000000000000000000 
201042000: system.memobj: -------------------------------------
201126000: system.memobj: mem->cpu Got response for addr 0x32dd8 , 208344
201126000: system.memobj: size 0x8
201126000: system.memobj: id 94061725702352
201126000: system.memobj: data_hex : 488941204E8D4400 
201126000: system.memobj: data : 0100100010001001010000010010000001001110100011010100010000000000 
201126000: system.memobj: fix data : 0100100010001001010000010010000001001110100011010100010000000000 
201126000: system.memobj: -------------------------------------
201126000: system.memobj: cpu->mem Got request for addr 0x96130 , 614704
201126000: system.memobj: size 0x8
201126000: system.memobj: id 94061725702064
201126000: system.memobj: data_hex : 0B00000000000000 
201126000: system.memobj: data : 0000101100000000000000000000000000000000000000000000000000000000 
201126000: system.memobj: hamming code addr: 614704 
201126000: system.memobj: hamming code : 14 
201126000: system.memobj: hamming code addr: 614712 
201126000: system.memobj: hamming code : 0 
201126000: system.memobj: hamming code addr: 614720 
201126000: system.memobj: hamming code : 0 
201126000: system.memobj: hamming code addr: 614728 
201126000: system.memobj: hamming code : 0 
201126000: system.memobj: hamming code addr: 614736 
201126000: system.memobj: hamming code : 0 
201126000: system.memobj: hamming code addr: 614744 
201126000: system.memobj: hamming code : 0 
201126000: system.memobj: hamming code addr: 614752 
201126000: system.memobj: hamming code : 0 
201126000: system.memobj: hamming code addr: 614760 
201126000: system.memobj: hamming code : 0 
201126000: system.memobj: Enter Error Bit index: 2 
201126000: system.memobj: flip data : 0100101100000000000000000000000000000000000000000000000000000000 
201126000: system.memobj: -------------------------------------
201196000: system.memobj: mem->cpu Got response for addr 0x32dd8 , 208344
201196000: system.memobj: size 0x8
201196000: system.memobj: id 94061725702064
201196000: system.memobj: data_hex : 488941204E8D4400 
201196000: system.memobj: data : 0100100010001001010000010010000001001110100011010100010000000000 
201196000: system.memobj: fix data : 0100100010001001010000010010000001001110100011010100010000000000 
201196000: system.memobj: -------------------------------------
201245000: system.memobj: mem->cpu Got response for addr 0x32de0 , 208352
201245000: system.memobj: size 0x8
201245000: system.memobj: id 94061725702352
201245000: system.memobj: data_hex : 01488B411880382F 
201245000: system.memobj: data : 0000000101001000100010110100000100011000100000000011100000101111 
201245000: system.memobj: fix data : 0000000101001000100010110100000100011000100000000011100000101111 
201245000: system.memobj: -------------------------------------
201294000: system.memobj: mem->cpu Got response for addr 0x32de0 , 208352
201294000: system.memobj: size 0x8
201294000: system.memobj: id 94061725702064
201294000: system.memobj: data_hex : 01488B411880382F 
201294000: system.memobj: data : 0000000101001000100010110100000100011000100000000011100000101111 
201294000: system.memobj: fix data : 0000000101001000100010110100000100011000100000000011100000101111 
201294000: system.memobj: -------------------------------------
201314000: system.memobj: mem->cpu Got response for addr 0x96128 , 614696
201314000: system.memobj: size 0x8
201314000: system.memobj: id 94061725702352
201314000: system.memobj: data_hex : 5826460000000000 
201314000: system.memobj: data : 0101100000100110010001100000000000000000000000000000000000000000 
201314000: system.memobj: hamming code addr: 614696 
201314000: system.memobj: hamming code out: 13 
201314000: system.memobj: find Error Bit index : 3 
201314000: system.memobj: hamming code addr: 614704 
201314000: system.memobj: hamming code out: 7 
201314000: system.memobj: hamming code addr: 614712 
201314000: system.memobj: hamming code out: 4 
201314000: system.memobj: hamming code addr: 614720 
201314000: system.memobj: hamming code out: 0 
201314000: system.memobj: hamming code addr: 614728 
201314000: system.memobj: hamming code out: 0 
201314000: system.memobj: hamming code addr: 614736 
201314000: system.memobj: hamming code out: 0 
201314000: system.memobj: hamming code addr: 614744 
201314000: system.memobj: hamming code out: 0 
201314000: system.memobj: hamming code addr: 614752 
201314000: system.memobj: hamming code out: 0 
201314000: system.memobj: fix data : 0111100000100110010001100000000000000000000000000000000000000000 
201314000: system.memobj: -------------------------------------
201363000: system.memobj: mem->cpu Got response for addr 0x32de0 , 208352
201363000: system.memobj: size 0x8
201363000: system.memobj: id 94061725702352
201363000: system.memobj: data_hex : 01488B411880382F 
201363000: system.memobj: data : 0000000101001000100010110100000100011000100000000011100000101111 
201363000: system.memobj: fix data : 0000000101001000100010110100000100011000100000000011100000101111 
201363000: system.memobj: -------------------------------------
201412000: system.memobj: mem->cpu Got response for addr 0x62678 , 403064
201412000: system.memobj: size 0x1
201412000: system.memobj: id 94061725702064
201412000: system.memobj: data_hex : 2F 
201412000: system.memobj: data : 00101111 
201412000: system.memobj: fix data : 00101111 
201412000: system.memobj: -------------------------------------
201461000: system.memobj: mem->cpu Got response for addr 0x32de8 , 208360
201461000: system.memobj: size 0x8
201461000: system.memobj: id 94061725702064
201461000: system.memobj: data_hex : 0F855C010000488B 
201461000: system.memobj: data : 0000111110000101010111000000000100000000000000000100100010001011 
201461000: system.memobj: fix data : 0000111110000101010111000000000100000000000000000100100010001011 
201461000: system.memobj: -------------------------------------
201510000: system.memobj: mem->cpu Got response for addr 0x32de8 , 208360
201510000: system.memobj: size 0x8
201510000: system.memobj: id 94061725702352
201510000: system.memobj: data_hex : 0F855C010000488B 
201510000: system.memobj: data : 0000111110000101010111000000000100000000000000000100100010001011 
201510000: system.memobj: fix data : 0000111110000101010111000000000100000000000000000100100010001011 
201510000: system.memobj: -------------------------------------
201559000: system.memobj: mem->cpu Got response for addr 0x32df0 , 208368
201559000: system.memobj: size 0x8
201559000: system.memobj: id 94061725702064
201559000: system.memobj: data_hex : 1543CC140031C0EB 
201559000: system.memobj: data : 0001010101000011110011000001010000000000001100011100000011101011 
201559000: system.memobj: fix data : 0001010101000011110011000001010000000000001100011100000011101011 
201559000: system.memobj: -------------------------------------
201608000: system.memobj: mem->cpu Got response for addr 0x7fa38 , 522808
201608000: system.memobj: size 0x8
201608000: system.memobj: id 94061725702352
201608000: system.memobj: data_hex : 1100000000000000 
201608000: system.memobj: data : 0001000100000000000000000000000000000000000000000000000000000000 
201608000: system.memobj: hamming code addr: 522808 
201608000: system.memobj: hamming code out: 12 
201608000: system.memobj: find Error Bit index : 4 
201608000: system.memobj: hamming code addr: 522816 
201608000: system.memobj: hamming code out: 0 
201608000: system.memobj: hamming code addr: 522824 
201608000: system.memobj: hamming code out: 0 
201608000: system.memobj: hamming code addr: 522832 
201608000: system.memobj: hamming code out: 0 
201608000: system.memobj: hamming code addr: 522840 
201608000: system.memobj: hamming code out: 0 
201608000: system.memobj: hamming code addr: 522848 
201608000: system.memobj: hamming code out: 0 
201608000: system.memobj: hamming code addr: 522856 
201608000: system.memobj: hamming code out: 0 
201608000: system.memobj: hamming code addr: 522864 
201608000: system.memobj: hamming code out: 0 
201608000: system.memobj: fix data : 0000000100000000000000000000000000000000000000000000000000000000 
201608000: system.memobj: -------------------------------------
201657000: system.memobj: mem->cpu Got response for addr 0x32df0 , 208368
201657000: system.memobj: size 0x8
201657000: system.memobj: id 94061725702352
201657000: system.memobj: data_hex : 1543CC140031C0EB 
201657000: system.memobj: data : 0001010101000011110011000001010000000000001100011100000011101011 
201657000: system.memobj: fix data : 0001010101000011110011000001010000000000001100011100000011101011 
201657000: system.memobj: -------------------------------------
201706000: system.memobj: mem->cpu Got response for addr 0x32df0 , 208368
201706000: system.memobj: size 0x8
201706000: system.memobj: id 94061725702064
201706000: system.memobj: data_hex : 1543CC140031C0EB 
201706000: system.memobj: data : 0001010101000011110011000001010000000000001100011100000011101011 
201706000: system.memobj: fix data : 0001010101000011110011000001010000000000001100011100000011101011 
201706000: system.memobj: -------------------------------------
201755000: system.memobj: mem->cpu Got response for addr 0x32df8 , 208376
201755000: system.memobj: size 0x8
201755000: system.memobj: id 94061725702352
201755000: system.memobj: data_hex : 1266666690666690 
201755000: system.memobj: data : 0001001001100110011001100110011010010000011001100110011010010000 
201755000: system.memobj: fix data : 0001001001100110011001100110011010010000011001100110011010010000 
201755000: system.memobj: -------------------------------------
201804000: system.memobj: mem->cpu Got response for addr 0x32e08 , 208392
201804000: system.memobj: size 0x8
201804000: system.memobj: id 94061725702064
201804000: system.memobj: data_hex : 48FFC04839D072F0 
201804000: system.memobj: data : 0100100011111111110000000100100000111001110100000111001011110000 
201804000: system.memobj: fix data : 0100100011111111110000000100100000111001110100000111001011110000 
201804000: system.memobj: -------------------------------------
201853000: system.memobj: mem->cpu Got response for addr 0x32e08 , 208392
201853000: system.memobj: size 0x8
201853000: system.memobj: id 94061725702352
201853000: system.memobj: data_hex : 48FFC04839D072F0 
201853000: system.memobj: data : 0100100011111111110000000100100000111001110100000111001011110000 
201853000: system.memobj: fix data : 0100100011111111110000000100100000111001110100000111001011110000 
201853000: system.memobj: -------------------------------------
201902000: system.memobj: mem->cpu Got response for addr 0x32e00 , 208384
201902000: system.memobj: size 0x8
201902000: system.memobj: id 94061725702064
201902000: system.memobj: data_hex : C744812800000000 
201902000: system.memobj: data : 1100011101000100100000010010100000000000000000000000000000000000 
201902000: system.memobj: fix data : 1100011101000100100000010010100000000000000000000000000000000000 
201902000: system.memobj: -------------------------------------
201902000: system.memobj: cpu->mem Got request for addr 0x96138 , 614712
201902000: system.memobj: size 0x4
201902000: system.memobj: id 94061725702352
201902000: system.memobj: data_hex : 00000000 
201902000: system.memobj: data : 00000000000000000000000000000000 
201902000: system.memobj: hamming code addr: 614712 
201902000: system.memobj: hamming code : 0 
201902000: system.memobj: hamming code addr: 614720 
201902000: system.memobj: hamming code : 0 
201902000: system.memobj: hamming code addr: 614728 
201902000: system.memobj: hamming code : 0 
201902000: system.memobj: hamming code addr: 614736 
201902000: system.memobj: hamming code : 0 
201902000: system.memobj: Enter Error Bit index: 2 
201902000: system.memobj: flip data : 01000000000000000000000000000000 
201902000: system.memobj: -------------------------------------
201972000: system.memobj: mem->cpu Got response for addr 0x32e08 , 208392
201972000: system.memobj: size 0x8
201972000: system.memobj: id 94061725702352
201972000: system.memobj: data_hex : 48FFC04839D072F0 
201972000: system.memobj: data : 0100100011111111110000000100100000111001110100000111001011110000 
201972000: system.memobj: fix data : 0100100011111111110000000100100000111001110100000111001011110000 
201972000: system.memobj: -------------------------------------
202021000: system.memobj: mem->cpu Got response for addr 0x32e08 , 208392
202021000: system.memobj: size 0x8
202021000: system.memobj: id 94061725702064
202021000: system.memobj: data_hex : 48FFC04839D072F0 
202021000: system.memobj: data : 0100100011111111110000000100100000111001110100000111001011110000 
202021000: system.memobj: fix data : 0100100011111111110000000100100000111001110100000111001011110000 
202021000: system.memobj: -------------------------------------
202084000: system.memobj: mem->cpu Got response for addr 0x32e08 , 208392
202084000: system.memobj: size 0x8
202084000: system.memobj: id 94061725702352
202084000: system.memobj: data_hex : 48FFC04839D072F0 
202084000: system.memobj: data : 0100100011111111110000000100100000111001110100000111001011110000 
202084000: system.memobj: fix data : 0100100011111111110000000100100000111001110100000111001011110000 
202084000: system.memobj: -------------------------------------
202133000: system.memobj: mem->cpu Got response for addr 0x32e10 , 208400
202133000: system.memobj: size 0x8
202133000: system.memobj: id 94061725702064
202133000: system.memobj: data_hex : 48FFC6488D140F31 
202133000: system.memobj: data : 0100100011111111110001100100100010001101000101000000111100110001 
202133000: system.memobj: fix data : 0100100011111111110001100100100010001101000101000000111100110001 
202133000: system.memobj: -------------------------------------
202182000: system.memobj: mem->cpu Got response for addr 0x32e10 , 208400
202182000: system.memobj: size 0x8
202182000: system.memobj: id 94061725702352
202182000: system.memobj: data_hex : 48FFC6488D140F31 
202182000: system.memobj: data : 0100100011111111110001100100100010001101000101000000111100110001 
202182000: system.memobj: fix data : 0100100011111111110001100100100010001101000101000000111100110001 
202182000: system.memobj: -------------------------------------
202231000: system.memobj: mem->cpu Got response for addr 0x32e10 , 208400
202231000: system.memobj: size 0x8
202231000: system.memobj: id 94061725702064
202231000: system.memobj: data_hex : 48FFC6488D140F31 
202231000: system.memobj: data : 0100100011111111110001100100100010001101000101000000111100110001 
202231000: system.memobj: fix data : 0100100011111111110001100100100010001101000101000000111100110001 
202231000: system.memobj: -------------------------------------
202280000: system.memobj: mem->cpu Got response for addr 0x32e18 , 208408
202280000: system.memobj: size 0x8
202280000: system.memobj: id 94061725702352
202280000: system.memobj: data_hex : C04883FE02480F45 
202280000: system.memobj: data : 1100000001001000100000111111111000000010010010000000111101000101 
202280000: system.memobj: fix data : 1100000001001000100000111111111000000010010010000000111101000101 
202280000: system.memobj: -------------------------------------
202329000: system.memobj: mem->cpu Got response for addr 0x32e18 , 208408
202329000: system.memobj: size 0x8
202329000: system.memobj: id 94061725702064
202329000: system.memobj: data_hex : C04883FE02480F45 
202329000: system.memobj: data : 1100000001001000100000111111111000000010010010000000111101000101 
202329000: system.memobj: fix data : 1100000001001000100000111111111000000010010010000000111101000101 
202329000: system.memobj: -------------------------------------
202378000: system.memobj: mem->cpu Got response for addr 0x32e18 , 208408
202378000: system.memobj: size 0x8
202378000: system.memobj: id 94061725702352
202378000: system.memobj: data_hex : C04883FE02480F45 
202378000: system.memobj: data : 1100000001001000100000111111111000000010010010000000111101000101 
202378000: system.memobj: fix data : 1100000001001000100000111111111000000010010010000000111101000101 
202378000: system.memobj: -------------------------------------
202427000: system.memobj: mem->cpu Got response for addr 0x32e20 , 208416
202427000: system.memobj: size 0x8
202427000: system.memobj: id 94061725702064
202427000: system.memobj: data_hex : C24883FE01488901 
202427000: system.memobj: data : 1100001001001000100000111111111000000001010010001000100100000001 
202427000: system.memobj: fix data : 1100001001001000100000111111111000000001010010001000100100000001 
202427000: system.memobj: -------------------------------------
202476000: system.memobj: mem->cpu Got response for addr 0x32e20 , 208416
202476000: system.memobj: size 0x8
202476000: system.memobj: id 94061725702352
202476000: system.memobj: data_hex : C24883FE01488901 
202476000: system.memobj: data : 1100001001001000100000111111111000000001010010001000100100000001 
202476000: system.memobj: fix data : 1100001001001000100000111111111000000001010010001000100100000001 
202476000: system.memobj: -------------------------------------
202779000: system.memobj: mem->cpu Got response for addr 0x32e20 , 208416
202779000: system.memobj: size 0x8
202779000: system.memobj: id 94061725702064
202779000: system.memobj: data_hex : C24883FE01488901 
202779000: system.memobj: data : 1100001001001000100000111111111000000001010010001000100100000001 
202779000: system.memobj: fix data : 1100001001001000100000111111111000000001010010001000100100000001 
202779000: system.memobj: -------------------------------------
202779000: system.memobj: cpu->mem Got request for addr 0x96110 , 614672
202779000: system.memobj: size 0x8
202779000: system.memobj: id 94061725702352
202779000: system.memobj: data_hex : 0000000000000000 
202779000: system.memobj: data : 0000000000000000000000000000000000000000000000000000000000000000 
202779000: system.memobj: hamming code addr: 614672 
202779000: system.memobj: hamming code : 0 
202779000: system.memobj: hamming code addr: 614680 
202779000: system.memobj: hamming code : 0 
202779000: system.memobj: hamming code addr: 614688 
202779000: system.memobj: hamming code : 0 
202779000: system.memobj: hamming code addr: 614696 
202779000: system.memobj: hamming code : 0 
202779000: system.memobj: hamming code addr: 614704 
202779000: system.memobj: hamming code : 0 
202779000: system.memobj: hamming code addr: 614712 
202779000: system.memobj: hamming code : 0 
202779000: system.memobj: hamming code addr: 614720 
202779000: system.memobj: hamming code : 0 
202779000: system.memobj: hamming code addr: 614728 
202779000: system.memobj: hamming code : 0 
202779000: system.memobj: Enter Error Bit index: 3 
202779000: system.memobj: flip data : 0010000000000000000000000000000000000000000000000000000000000000 
202779000: system.memobj: -------------------------------------
202849000: system.memobj: mem->cpu Got response for addr 0x32e28 , 208424
202849000: system.memobj: size 0x8
202849000: system.memobj: id 94061725702352
202849000: system.memobj: data_hex : 4889D176874D85ED 
202849000: system.memobj: data : 0100100010001001110100010111011010000111010011011000010111101101 
202849000: system.memobj: fix data : 0100100010001001110100010111011010000111010011011000010111101101 
202849000: system.memobj: -------------------------------------
202898000: system.memobj: mem->cpu Got response for addr 0x32e28 , 208424
202898000: system.memobj: size 0x8
202898000: system.memobj: id 94061725702064
202898000: system.memobj: data_hex : 4889D176874D85ED 
202898000: system.memobj: data : 0100100010001001110100010111011010000111010011011000010111101101 
202898000: system.memobj: fix data : 0100100010001001110100010111011010000111010011011000010111101101 
202898000: system.memobj: -------------------------------------
202947000: system.memobj: mem->cpu Got response for addr 0x32e28 , 208424
202947000: system.memobj: size 0x8
202947000: system.memobj: id 94061725702352
202947000: system.memobj: data_hex : 4889D176874D85ED 
202947000: system.memobj: data : 0100100010001001110100010111011010000111010011011000010111101101 
202947000: system.memobj: fix data : 0100100010001001110100010111011010000111010011011000010111101101 
202947000: system.memobj: -------------------------------------
202996000: system.memobj: mem->cpu Got response for addr 0x32e30 , 208432
202996000: system.memobj: size 0x8
202996000: system.memobj: id 94061725702064
202996000: system.memobj: data_hex : 48C705BD0216000B 
202996000: system.memobj: data : 0100100011000111000001011011110100000010000101100000000000001011 
202996000: system.memobj: fix data : 0100100011000111000001011011110100000010000101100000000000001011 
202996000: system.memobj: -------------------------------------
203045000: system.memobj: mem->cpu Got response for addr 0x32e38 , 208440
203045000: system.memobj: size 0x8
203045000: system.memobj: id 94061725702352
203045000: system.memobj: data_hex : 00000049C7042400 
203045000: system.memobj: data : 0000000000000000000000000100100111000111000001000010010000000000 
203045000: system.memobj: fix data : 0000000000000000000000000100100111000111000001000010010000000000 
203045000: system.memobj: -------------------------------------
203045000: system.memobj: cpu->mem Got request for addr 0x930f8 , 602360
203045000: system.memobj: size 0x8
203045000: system.memobj: id 94061725702640
203045000: system.memobj: data_hex : 0B00000000000000 
203045000: system.memobj: data : 0000101100000000000000000000000000000000000000000000000000000000 
203045000: system.memobj: hamming code addr: 602360 
203045000: system.memobj: hamming code : 14 
203045000: system.memobj: hamming code addr: 602368 
203045000: system.memobj: hamming code : 0 
203045000: system.memobj: hamming code addr: 602376 
203045000: system.memobj: hamming code : 0 
203045000: system.memobj: hamming code addr: 602384 
203045000: system.memobj: hamming code : 0 
203045000: system.memobj: hamming code addr: 602392 
203045000: system.memobj: hamming code : 0 
203045000: system.memobj: hamming code addr: 602400 
203045000: system.memobj: hamming code : 0 
203045000: system.memobj: hamming code addr: 602408 
203045000: system.memobj: hamming code : 0 
203045000: system.memobj: hamming code addr: 602416 
203045000: system.memobj: hamming code : 0 
203045000: system.memobj: Enter Error Bit index: 4 
203045000: system.memobj: flip data : 0001101100000000000000000000000000000000000000000000000000000000 
203045000: system.memobj: -------------------------------------
203115000: system.memobj: mem->cpu Got response for addr 0x32e38 , 208440
203115000: system.memobj: size 0x8
203115000: system.memobj: id 94061725702640
203115000: system.memobj: data_hex : 00000049C7042400 
203115000: system.memobj: data : 0000000000000000000000000100100111000111000001000010010000000000 
203115000: system.memobj: fix data : 0000000000000000000000000100100111000111000001000010010000000000 
203115000: system.memobj: -------------------------------------
203164000: system.memobj: mem->cpu Got response for addr 0x32e40 , 208448
203164000: system.memobj: size 0x8
203164000: system.memobj: id 94061725702352
203164000: system.memobj: data_hex : 000000740741807D 
203164000: system.memobj: data : 0000000000000000000000000111010000000111010000011000000001111101 
203164000: system.memobj: fix data : 0000000000000000000000000111010000000111010000011000000001111101 
203164000: system.memobj: -------------------------------------
203164000: system.memobj: cpu->mem Got request for addr 0x960b0 , 614576
203164000: system.memobj: size 0x8
203164000: system.memobj: id 94061725702928
203164000: system.memobj: data_hex : 0000000000000000 
203164000: system.memobj: data : 0000000000000000000000000000000000000000000000000000000000000000 
203164000: system.memobj: hamming code addr: 614576 
203164000: system.memobj: hamming code : 0 
203164000: system.memobj: hamming code addr: 614584 
203164000: system.memobj: hamming code : 0 
203164000: system.memobj: hamming code addr: 614592 
203164000: system.memobj: hamming code : 0 
203164000: system.memobj: hamming code addr: 614600 
203164000: system.memobj: hamming code : 0 
203164000: system.memobj: hamming code addr: 614608 
203164000: system.memobj: hamming code : 0 
203164000: system.memobj: hamming code addr: 614616 
203164000: system.memobj: hamming code : 0 
203164000: system.memobj: hamming code addr: 614624 
203164000: system.memobj: hamming code : 0 
203164000: system.memobj: hamming code addr: 614632 
203164000: system.memobj: hamming code : 0 
203164000: system.memobj: Enter Error Bit index: 2 
203164000: system.memobj: flip data : 0100000000000000000000000000000000000000000000000000000000000000 
203164000: system.memobj: -------------------------------------
203234000: system.memobj: mem->cpu Got response for addr 0x32e40 , 208448
203234000: system.memobj: size 0x8
203234000: system.memobj: id 94061725702928
203234000: system.memobj: data_hex : 000000740741807D 
203234000: system.memobj: data : 0000000000000000000000000111010000000111010000011000000001111101 
203234000: system.memobj: fix data : 0000000000000000000000000111010000000111010000011000000001111101 
203234000: system.memobj: -------------------------------------
203283000: system.memobj: mem->cpu Got response for addr 0x32e48 , 208456
203283000: system.memobj: size 0x8
203283000: system.memobj: id 94061725702352
203283000: system.memobj: data_hex : 00007537488B05D5 
203283000: system.memobj: data : 0000000000000000011101010011011101001000100010110000010111010101 
203283000: system.memobj: fix data : 0000000000000000011101010011011101001000100010110000010111010101 
203283000: system.memobj: -------------------------------------
203332000: system.memobj: mem->cpu Got response for addr 0x32e50 , 208464
203332000: system.memobj: size 0x8
203332000: system.memobj: id 94061725702928
203332000: system.memobj: data_hex : 06160048C705C2CB 
203332000: system.memobj: data : 0000011000010110000000000100100011000111000001011100001011001011 
203332000: system.memobj: fix data : 0000011000010110000000000100100011000111000001011100001011001011 
203332000: system.memobj: -------------------------------------
203352000: system.memobj: mem->cpu Got response for addr 0x93528 , 603432
203352000: system.memobj: size 0x8
203352000: system.memobj: id 94061725703216
203352000: system.memobj: data_hex : C140590000000000 
203352000: system.memobj: data : 1100000101000000010110010000000000000000000000000000000000000000 
203352000: system.memobj: hamming code addr: 603432 
203352000: system.memobj: hamming code out: 6 
203352000: system.memobj: find Error Bit index : 8 
203352000: system.memobj: hamming code addr: 603440 
203352000: system.memobj: hamming code out: 5 
203352000: system.memobj: hamming code addr: 603448 
203352000: system.memobj: hamming code out: 7 
203352000: system.memobj: hamming code addr: 603456 
203352000: system.memobj: hamming code out: 0 
203352000: system.memobj: hamming code addr: 603464 
203352000: system.memobj: hamming code out: 0 
203352000: system.memobj: hamming code addr: 603472 
203352000: system.memobj: hamming code out: 0 
203352000: system.memobj: hamming code addr: 603480 
203352000: system.memobj: hamming code out: 0 
203352000: system.memobj: hamming code addr: 603488 
203352000: system.memobj: hamming code out: 0 
203352000: system.memobj: fix data : 1100000001000000010110010000000000000000000000000000000000000000 
203352000: system.memobj: -------------------------------------
203401000: system.memobj: mem->cpu Got response for addr 0x32e50 , 208464
203401000: system.memobj: size 0x8
203401000: system.memobj: id 94061725703216
203401000: system.memobj: data_hex : 06160048C705C2CB 
203401000: system.memobj: data : 0000011000010110000000000100100011000111000001011100001011001011 
203401000: system.memobj: fix data : 0000011000010110000000000100100011000111000001011100001011001011 
203401000: system.memobj: -------------------------------------
203450000: system.memobj: mem->cpu Got response for addr 0x32e58 , 208472
203450000: system.memobj: size 0x8
203450000: system.memobj: id 94061725702928
203450000: system.memobj: data_hex : 1400FFFFFFFF4889 
203450000: system.memobj: data : 0001010000000000111111111111111111111111111111110100100010001001 
203450000: system.memobj: fix data : 0001010000000000111111111111111111111111111111110100100010001001 
203450000: system.memobj: -------------------------------------
203450000: system.memobj: cpu->mem Got request for addr 0x7fa20 , 522784
203450000: system.memobj: size 0x8
203450000: system.memobj: id 94061725703504
203450000: system.memobj: data_hex : FFFFFFFFFFFFFFFF 
203450000: system.memobj: data : 1111111111111111111111111111111111111111111111111111111111111111 
203450000: system.memobj: hamming code addr: 522784 
203450000: system.memobj: hamming code : 3 
203450000: system.memobj: hamming code addr: 522792 
203450000: system.memobj: hamming code : 3 
203450000: system.memobj: hamming code addr: 522800 
203450000: system.memobj: hamming code : 3 
203450000: system.memobj: hamming code addr: 522808 
203450000: system.memobj: hamming code : 3 
203450000: system.memobj: hamming code addr: 522816 
203450000: system.memobj: hamming code : 3 
203450000: system.memobj: hamming code addr: 522824 
203450000: system.memobj: hamming code : 3 
203450000: system.memobj: hamming code addr: 522832 
203450000: system.memobj: hamming code : 3 
203450000: system.memobj: hamming code addr: 522840 
203450000: system.memobj: hamming code : 3 
203450000: system.memobj: Enter Error Bit index: 5 
203450000: system.memobj: flip data : 1111011111111111111111111111111111111111111111111111111111111111 
203450000: system.memobj: -------------------------------------
203520000: system.memobj: mem->cpu Got response for addr 0x32e58 , 208472
203520000: system.memobj: size 0x8
203520000: system.memobj: id 94061725703504
203520000: system.memobj: data_hex : 1400FFFFFFFF4889 
203520000: system.memobj: data : 0001010000000000111111111111111111111111111111110100100010001001 
203520000: system.memobj: fix data : 0001010000000000111111111111111111111111111111110100100010001001 
203520000: system.memobj: -------------------------------------
203569000: system.memobj: mem->cpu Got response for addr 0x32e60 , 208480
203569000: system.memobj: size 0x8
203569000: system.memobj: id 94061725702928
203569000: system.memobj: data_hex : 059B061600488D65 
203569000: system.memobj: data : 0000010110011011000001100001011000000000010010001000110101100101 
203569000: system.memobj: fix data : 0000010110011011000001100001011000000000010010001000110101100101 
203569000: system.memobj: -------------------------------------
203569000: system.memobj: cpu->mem Got request for addr 0x93500 , 603392
203569000: system.memobj: size 0x8
203569000: system.memobj: id 94061725703792
203569000: system.memobj: data_hex : C040590000000000 
203569000: system.memobj: data : 1100000001000000010110010000000000000000000000000000000000000000 
203569000: system.memobj: hamming code addr: 603392 
203569000: system.memobj: hamming code : 6 
203569000: system.memobj: hamming code addr: 603400 
203569000: system.memobj: hamming code : 5 
203569000: system.memobj: hamming code addr: 603408 
203569000: system.memobj: hamming code : 7 
203569000: system.memobj: hamming code addr: 603416 
203569000: system.memobj: hamming code : 0 
203569000: system.memobj: hamming code addr: 603424 
203569000: system.memobj: hamming code : 0 
203569000: system.memobj: hamming code addr: 603432 
203569000: system.memobj: hamming code : 0 
203569000: system.memobj: hamming code addr: 603440 
203569000: system.memobj: hamming code : 0 
203569000: system.memobj: hamming code addr: 603448 
203569000: system.memobj: hamming code : 0 
203569000: system.memobj: Enter Error Bit index: 2 
203569000: system.memobj: flip data : 1000000001000000010110010000000000000000000000000000000000000000 
203569000: system.memobj: -------------------------------------
203639000: system.memobj: mem->cpu Got response for addr 0x32e60 , 208480
203639000: system.memobj: size 0x8
203639000: system.memobj: id 94061725703792
203639000: system.memobj: data_hex : 059B061600488D65 
203639000: system.memobj: data : 0000010110011011000001100001011000000000010010001000110101100101 
203639000: system.memobj: fix data : 0000010110011011000001100001011000000000010010001000110101100101 
203639000: system.memobj: -------------------------------------
203702000: system.memobj: mem->cpu Got response for addr 0x32e68 , 208488
203702000: system.memobj: size 0x8
203702000: system.memobj: id 94061725702928
203702000: system.memobj: data_hex : E85B415C415DC9C3 
203702000: system.memobj: data : 1110100001011011010000010101110001000001010111011100100111000011 
203702000: system.memobj: fix data : 1110100001011011010000010101110001000001010111011100100111000011 
203702000: system.memobj: -------------------------------------
203751000: system.memobj: mem->cpu Got response for addr 0x32e68 , 208488
203751000: system.memobj: size 0x8
203751000: system.memobj: id 94061725736976
203751000: system.memobj: data_hex : E85B415C415DC9C3 
203751000: system.memobj: data : 1110100001011011010000010101110001000001010111011100100111000011 
203751000: system.memobj: fix data : 1110100001011011010000010101110001000001010111011100100111000011 
203751000: system.memobj: -------------------------------------
203814000: system.memobj: mem->cpu Got response for addr 0x94b18 , 609048
203814000: system.memobj: size 0x8
203814000: system.memobj: id 94061725702928
203814000: system.memobj: data_hex : 0517470000000000 
203814000: system.memobj: data : 0000010100010111010001110000000000000000000000000000000000000000 
203814000: system.memobj: hamming code addr: 609048 
203814000: system.memobj: hamming code out: 13 
203814000: system.memobj: find Error Bit index : 7 
203814000: system.memobj: hamming code addr: 609056 
203814000: system.memobj: hamming code out: 10 
203814000: system.memobj: hamming code addr: 609064 
203814000: system.memobj: hamming code out: 8 
203814000: system.memobj: hamming code addr: 609072 
203814000: system.memobj: hamming code out: 0 
203814000: system.memobj: hamming code addr: 609080 
203814000: system.memobj: hamming code out: 0 
203814000: system.memobj: hamming code addr: 609088 
203814000: system.memobj: hamming code out: 0 
203814000: system.memobj: hamming code addr: 609096 
203814000: system.memobj: hamming code out: 0 
203814000: system.memobj: hamming code addr: 609104 
203814000: system.memobj: hamming code out: 0 
203814000: system.memobj: fix data : 0000011100010111010001110000000000000000000000000000000000000000 
203814000: system.memobj: -------------------------------------
203863000: system.memobj: mem->cpu Got response for addr 0x32e68 , 208488
203863000: system.memobj: size 0x8
203863000: system.memobj: id 94061725702928
203863000: system.memobj: data_hex : E85B415C415DC9C3 
203863000: system.memobj: data : 1110100001011011010000010101110001000001010111011100100111000011 
203863000: system.memobj: fix data : 1110100001011011010000010101110001000001010111011100100111000011 
203863000: system.memobj: -------------------------------------
203912000: system.memobj: mem->cpu Got response for addr 0x94b20 , 609056
203912000: system.memobj: size 0x8
203912000: system.memobj: id 94061725736976
203912000: system.memobj: data_hex : 4100000000000000 
203912000: system.memobj: data : 0100000100000000000000000000000000000000000000000000000000000000 
203912000: system.memobj: hamming code addr: 609056 
203912000: system.memobj: hamming code out: 12 
203912000: system.memobj: find Error Bit index : 2 
203912000: system.memobj: hamming code addr: 609064 
203912000: system.memobj: hamming code out: 0 
203912000: system.memobj: hamming code addr: 609072 
203912000: system.memobj: hamming code out: 0 
203912000: system.memobj: hamming code addr: 609080 
203912000: system.memobj: hamming code out: 0 
203912000: system.memobj: hamming code addr: 609088 
203912000: system.memobj: hamming code out: 0 
203912000: system.memobj: hamming code addr: 609096 
203912000: system.memobj: hamming code out: 0 
203912000: system.memobj: hamming code addr: 609104 
203912000: system.memobj: hamming code out: 0 
203912000: system.memobj: hamming code addr: 609112 
203912000: system.memobj: hamming code out: 0 
203912000: system.memobj: fix data : 0000000100000000000000000000000000000000000000000000000000000000 
203912000: system.memobj: -------------------------------------
203961000: system.memobj: mem->cpu Got response for addr 0x32e68 , 208488
203961000: system.memobj: size 0x8
203961000: system.memobj: id 94061725736976
203961000: system.memobj: data_hex : E85B415C415DC9C3 
203961000: system.memobj: data : 1110100001011011010000010101110001000001010111011100100111000011 
203961000: system.memobj: fix data : 1110100001011011010000010101110001000001010111011100100111000011 
203961000: system.memobj: -------------------------------------
204010000: system.memobj: mem->cpu Got response for addr 0x94b28 , 609064
204010000: system.memobj: size 0x8
204010000: system.memobj: id 94061725702928
204010000: system.memobj: data_hex : 0300000000000000 
204010000: system.memobj: data : 0000001100000000000000000000000000000000000000000000000000000000 
204010000: system.memobj: hamming code addr: 609064 
204010000: system.memobj: hamming code out: 12 
204010000: system.memobj: find Error Bit index : 7 
204010000: system.memobj: hamming code addr: 609072 
204010000: system.memobj: hamming code out: 0 
204010000: system.memobj: hamming code addr: 609080 
204010000: system.memobj: hamming code out: 0 
204010000: system.memobj: hamming code addr: 609088 
204010000: system.memobj: hamming code out: 0 
204010000: system.memobj: hamming code addr: 609096 
204010000: system.memobj: hamming code out: 0 
204010000: system.memobj: hamming code addr: 609104 
204010000: system.memobj: hamming code out: 0 
204010000: system.memobj: hamming code addr: 609112 
204010000: system.memobj: hamming code out: 0 
204010000: system.memobj: hamming code addr: 609120 
204010000: system.memobj: hamming code out: 0 
204010000: system.memobj: fix data : 0000000100000000000000000000000000000000000000000000000000000000 
204010000: system.memobj: -------------------------------------
204059000: system.memobj: mem->cpu Got response for addr 0x32e68 , 208488
204059000: system.memobj: size 0x8
204059000: system.memobj: id 94061725702928
204059000: system.memobj: data_hex : E85B415C415DC9C3 
204059000: system.memobj: data : 1110100001011011010000010101110001000001010111011100100111000011 
204059000: system.memobj: fix data : 1110100001011011010000010101110001000001010111011100100111000011 
204059000: system.memobj: -------------------------------------
204108000: system.memobj: mem->cpu Got response for addr 0x94b30 , 609072
204108000: system.memobj: size 0x8
204108000: system.memobj: id 94061725737264
204108000: system.memobj: data_hex : D9EDFFFFFF7F0000 
204108000: system.memobj: data : 1101100111101101111111111111111111111111011111110000000000000000 
204108000: system.memobj: hamming code addr: 609072 
204108000: system.memobj: hamming code out: 8 
204108000: system.memobj: find Error Bit index : 8 
204108000: system.memobj: hamming code addr: 609080 
204108000: system.memobj: hamming code out: 15 
204108000: system.memobj: hamming code addr: 609088 
204108000: system.memobj: hamming code out: 3 
204108000: system.memobj: hamming code addr: 609096 
204108000: system.memobj: hamming code out: 3 
204108000: system.memobj: hamming code addr: 609104 
204108000: system.memobj: hamming code out: 3 
204108000: system.memobj: hamming code addr: 609112 
204108000: system.memobj: hamming code out: 0 
204108000: system.memobj: hamming code addr: 609120 
204108000: system.memobj: hamming code out: 0 
204108000: system.memobj: hamming code addr: 609128 
204108000: system.memobj: hamming code out: 0 
204108000: system.memobj: fix data : 1101100011101101111111111111111111111111011111110000000000000000 
204108000: system.memobj: -------------------------------------
204157000: system.memobj: mem->cpu Got response for addr 0x32e68 , 208488
204157000: system.memobj: size 0x8
204157000: system.memobj: id 94061725737264
204157000: system.memobj: data_hex : E85B415C415DC9C3 
204157000: system.memobj: data : 1110100001011011010000010101110001000001010111011100100111000011 
204157000: system.memobj: fix data : 1110100001011011010000010101110001000001010111011100100111000011 
204157000: system.memobj: -------------------------------------
204206000: system.memobj: mem->cpu Got response for addr 0x94b38 , 609080
204206000: system.memobj: size 0x8
204206000: system.memobj: id 94061725702928
204206000: system.memobj: data_hex : D35C410000000000 
204206000: system.memobj: data : 1101001101011100010000010000000000000000000000000000000000000000 
204206000: system.memobj: hamming code addr: 609080 
204206000: system.memobj: hamming code out: 15 
204206000: system.memobj: find Error Bit index : 5 
204206000: system.memobj: hamming code addr: 609088 
204206000: system.memobj: hamming code out: 1 
204206000: system.memobj: hamming code addr: 609096 
204206000: system.memobj: hamming code out: 9 
204206000: system.memobj: hamming code addr: 609104 
204206000: system.memobj: hamming code out: 0 
204206000: system.memobj: hamming code addr: 609112 
204206000: system.memobj: hamming code out: 0 
204206000: system.memobj: hamming code addr: 609120 
204206000: system.memobj: hamming code out: 0 
204206000: system.memobj: hamming code addr: 609128 
204206000: system.memobj: hamming code out: 0 
204206000: system.memobj: hamming code addr: 609136 
204206000: system.memobj: hamming code out: 0 
204206000: system.memobj: fix data : 1101101101011100010000010000000000000000000000000000000000000000 
204206000: system.memobj: -------------------------------------
204283000: system.memobj: mem->cpu Got response for addr 0x15cd8 , 89304
204283000: system.memobj: size 0x8
204283000: system.memobj: id 94061725702928
204283000: system.memobj: data_hex : D00100BF61ED4500 
204283000: system.memobj: data : 1101000000000001000000001011111101100001111011010100010100000000 
204283000: system.memobj: fix data : 1101000000000001000000001011111101100001111011010100010100000000 
204283000: system.memobj: -------------------------------------
204332000: system.memobj: mem->cpu Got response for addr 0x15ce0 , 89312
204332000: system.memobj: size 0x8
204332000: system.memobj: id 94061725737264
204332000: system.memobj: data_hex : E83B4600004885C0 
204332000: system.memobj: data : 1110100000111011010001100000000000000000010010001000010111000000 
204332000: system.memobj: fix data : 1110100000111011010001100000000000000000010010001000010111000000 
204332000: system.memobj: -------------------------------------
204332000: system.memobj: cpu->mem Got request for addr 0x94b38 , 609080
204332000: system.memobj: size 0x8
204332000: system.memobj: id 94061725737552
204332000: system.memobj: data_hex : E55C410000000000 
204332000: system.memobj: data : 1110010101011100010000010000000000000000000000000000000000000000 
204332000: system.memobj: hamming code addr: 609080 
204332000: system.memobj: hamming code : 6 
204332000: system.memobj: hamming code addr: 609088 
204332000: system.memobj: hamming code : 1 
204332000: system.memobj: hamming code addr: 609096 
204332000: system.memobj: hamming code : 9 
204332000: system.memobj: hamming code addr: 609104 
204332000: system.memobj: hamming code : 0 
204332000: system.memobj: hamming code addr: 609112 
204332000: system.memobj: hamming code : 0 
204332000: system.memobj: hamming code addr: 609120 
204332000: system.memobj: hamming code : 0 
204332000: system.memobj: hamming code addr: 609128 
204332000: system.memobj: hamming code : 0 
204332000: system.memobj: hamming code addr: 609136 
204332000: system.memobj: hamming code : 0 
204332000: system.memobj: Enter Error Bit index: 4 
204332000: system.memobj: flip data : 1111010101011100010000010000000000000000000000000000000000000000 
204332000: system.memobj: -------------------------------------
204416000: system.memobj: mem->cpu Got response for addr 0x1a320 , 107296
204416000: system.memobj: size 0x8
204416000: system.memobj: id 94061725737552
204416000: system.memobj: data_hex : 4C896424E84C8974 
204416000: system.memobj: data : 0100110010001001011001000010010011101000010011001000100101110100 
204416000: system.memobj: fix data : 0100110010001001011001000010010011101000010011001000100101110100 
204416000: system.memobj: -------------------------------------
204416000: system.memobj: cpu->mem Got request for addr 0x94b20 , 609056
204416000: system.memobj: size 0x8
204416000: system.memobj: id 94061725737264
204416000: system.memobj: data_hex : 0100000000000000 
204416000: system.memobj: data : 0000000100000000000000000000000000000000000000000000000000000000 
204416000: system.memobj: hamming code addr: 609056 
204416000: system.memobj: hamming code : 12 
204416000: system.memobj: hamming code addr: 609064 
204416000: system.memobj: hamming code : 0 
204416000: system.memobj: hamming code addr: 609072 
204416000: system.memobj: hamming code : 0 
204416000: system.memobj: hamming code addr: 609080 
204416000: system.memobj: hamming code : 0 
204416000: system.memobj: hamming code addr: 609088 
204416000: system.memobj: hamming code : 0 
204416000: system.memobj: hamming code addr: 609096 
204416000: system.memobj: hamming code : 0 
204416000: system.memobj: hamming code addr: 609104 
204416000: system.memobj: hamming code : 0 
204416000: system.memobj: hamming code addr: 609112 
204416000: system.memobj: hamming code : 0 
204416000: system.memobj: Enter Error Bit index: 1 
204416000: system.memobj: flip data : 1000000100000000000000000000000000000000000000000000000000000000 
204416000: system.memobj: -------------------------------------
204486000: system.memobj: mem->cpu Got response for addr 0x1a320 , 107296
204486000: system.memobj: size 0x8
204486000: system.memobj: id 94061725737264
204486000: system.memobj: data_hex : 4C896424E84C8974 
204486000: system.memobj: data : 0100110010001001011001000010010011101000010011001000100101110100 
204486000: system.memobj: fix data : 0100110010001001011001000010010011101000010011001000100101110100 
204486000: system.memobj: -------------------------------------
204535000: system.memobj: mem->cpu Got response for addr 0x1a328 , 107304
204535000: system.memobj: size 0x8
204535000: system.memobj: id 94061725737552
204535000: system.memobj: data_hex : 24F84989FC48895C 
204535000: system.memobj: data : 0010010011111000010010011000100111111100010010001000100101011100 
204535000: system.memobj: fix data : 0010010011111000010010011000100111111100010010001000100101011100 
204535000: system.memobj: -------------------------------------
204535000: system.memobj: cpu->mem Got request for addr 0x94b30 , 609072
204535000: system.memobj: size 0x8
204535000: system.memobj: id 94061725737264
204535000: system.memobj: data_hex : D8EDFFFFFF7F0000 
204535000: system.memobj: data : 1101100011101101111111111111111111111111011111110000000000000000 
204535000: system.memobj: hamming code addr: 609072 
204535000: system.memobj: hamming code : 8 
204535000: system.memobj: hamming code addr: 609080 
204535000: system.memobj: hamming code : 15 
204535000: system.memobj: hamming code addr: 609088 
204535000: system.memobj: hamming code : 3 
204535000: system.memobj: hamming code addr: 609096 
204535000: system.memobj: hamming code : 3 
204535000: system.memobj: hamming code addr: 609104 
204535000: system.memobj: hamming code : 3 
204535000: system.memobj: hamming code addr: 609112 
204535000: system.memobj: hamming code : 0 
204535000: system.memobj: hamming code addr: 609120 
204535000: system.memobj: hamming code : 0 
204535000: system.memobj: hamming code addr: 609128 
204535000: system.memobj: hamming code : 0 
204535000: system.memobj: Enter Error Bit index: 3 
204535000: system.memobj: flip data : 1111100011101101111111111111111111111111011111110000000000000000 
204535000: system.memobj: -------------------------------------
204605000: system.memobj: mem->cpu Got response for addr 0x1a328 , 107304
204605000: system.memobj: size 0x8
204605000: system.memobj: id 94061725737264
204605000: system.memobj: data_hex : 24F84989FC48895C 
204605000: system.memobj: data : 0010010011111000010010011000100111111100010010001000100101011100 
204605000: system.memobj: fix data : 0010010011111000010010011000100111111100010010001000100101011100 
204605000: system.memobj: -------------------------------------
204654000: system.memobj: mem->cpu Got response for addr 0x1a328 , 107304
204654000: system.memobj: size 0x8
204654000: system.memobj: id 94061725737552
204654000: system.memobj: data_hex : 24F84989FC48895C 
204654000: system.memobj: data : 0010010011111000010010011000100111111100010010001000100101011100 
204654000: system.memobj: fix data : 0010010011111000010010011000100111111100010010001000100101011100 
204654000: system.memobj: -------------------------------------
204703000: system.memobj: mem->cpu Got response for addr 0x1a330 , 107312
204703000: system.memobj: size 0x8
204703000: system.memobj: id 94061725737264
204703000: system.memobj: data_hex : 24D848896C24E04C 
204703000: system.memobj: data : 0010010011011000010010001000100101101100001001001110000001001100 
204703000: system.memobj: fix data : 0010010011011000010010001000100101101100001001001110000001001100 
204703000: system.memobj: -------------------------------------
204703000: system.memobj: cpu->mem Got request for addr 0x94b10 , 609040
204703000: system.memobj: size 0x8
204703000: system.memobj: id 94061725737552
204703000: system.memobj: data_hex : 0717470000000000 
204703000: system.memobj: data : 0000011100010111010001110000000000000000000000000000000000000000 
204703000: system.memobj: hamming code addr: 609040 
204703000: system.memobj: hamming code : 13 
204703000: system.memobj: hamming code addr: 609048 
204703000: system.memobj: hamming code : 10 
204703000: system.memobj: hamming code addr: 609056 
204703000: system.memobj: hamming code : 8 
204703000: system.memobj: hamming code addr: 609064 
204703000: system.memobj: hamming code : 0 
204703000: system.memobj: hamming code addr: 609072 
204703000: system.memobj: hamming code : 0 
204703000: system.memobj: hamming code addr: 609080 
204703000: system.memobj: hamming code : 0 
204703000: system.memobj: hamming code addr: 609088 
204703000: system.memobj: hamming code : 0 
204703000: system.memobj: hamming code addr: 609096 
204703000: system.memobj: hamming code : 0 
204703000: system.memobj: Enter Error Bit index: 7 
204703000: system.memobj: flip data : 0000010100010111010001110000000000000000000000000000000000000000 
204703000: system.memobj: -------------------------------------
204773000: system.memobj: mem->cpu Got response for addr 0x1a330 , 107312
204773000: system.memobj: size 0x8
204773000: system.memobj: id 94061725737552
204773000: system.memobj: data_hex : 24D848896C24E04C 
204773000: system.memobj: data : 0010010011011000010010001000100101101100001001001110000001001100 
204773000: system.memobj: fix data : 0010010011011000010010001000100101101100001001001110000001001100 
204773000: system.memobj: -------------------------------------
204773000: system.memobj: cpu->mem Got request for addr 0x94b18 , 609048
204773000: system.memobj: size 0x8
204773000: system.memobj: id 94061725737264
204773000: system.memobj: data_hex : D8EDFFFFFF7F0000 
204773000: system.memobj: data : 1101100011101101111111111111111111111111011111110000000000000000 
204773000: system.memobj: hamming code addr: 609048 
204773000: system.memobj: hamming code : 8 
204773000: system.memobj: hamming code addr: 609056 
204773000: system.memobj: hamming code : 15 
204773000: system.memobj: hamming code addr: 609064 
204773000: system.memobj: hamming code : 3 
204773000: system.memobj: hamming code addr: 609072 
204773000: system.memobj: hamming code : 3 
204773000: system.memobj: hamming code addr: 609080 
204773000: system.memobj: hamming code : 3 
204773000: system.memobj: hamming code addr: 609088 
204773000: system.memobj: hamming code : 0 
204773000: system.memobj: hamming code addr: 609096 
204773000: system.memobj: hamming code : 0 
204773000: system.memobj: hamming code addr: 609104 
204773000: system.memobj: hamming code : 0 
204773000: system.memobj: Enter Error Bit index: 3 
204773000: system.memobj: flip data : 1111100011101101111111111111111111111111011111110000000000000000 
204773000: system.memobj: -------------------------------------
204843000: system.memobj: mem->cpu Got response for addr 0x1a330 , 107312
204843000: system.memobj: size 0x8
204843000: system.memobj: id 94061725737264
204843000: system.memobj: data_hex : 24D848896C24E04C 
204843000: system.memobj: data : 0010010011011000010010001000100101101100001001001110000001001100 
204843000: system.memobj: fix data : 0010010011011000010010001000100101101100001001001110000001001100 
204843000: system.memobj: -------------------------------------
204892000: system.memobj: mem->cpu Got response for addr 0x1a338 , 107320
204892000: system.memobj: size 0x8
204892000: system.memobj: id 94061725737552
204892000: system.memobj: data_hex : 896C24F04883EC28 
204892000: system.memobj: data : 1000100101101100001001001111000001001000100000111110110000101000 
204892000: system.memobj: fix data : 1000100101101100001001001111000001001000100000111110110000101000 
204892000: system.memobj: -------------------------------------
204892000: system.memobj: cpu->mem Got request for addr 0x94b28 , 609064
204892000: system.memobj: size 0x8
204892000: system.memobj: id 94061725737264
204892000: system.memobj: data_hex : 0100000000000000 
204892000: system.memobj: data : 0000000100000000000000000000000000000000000000000000000000000000 
204892000: system.memobj: hamming code addr: 609064 
204892000: system.memobj: hamming code : 12 
204892000: system.memobj: hamming code addr: 609072 
204892000: system.memobj: hamming code : 0 
204892000: system.memobj: hamming code addr: 609080 
204892000: system.memobj: hamming code : 0 
204892000: system.memobj: hamming code addr: 609088 
204892000: system.memobj: hamming code : 0 
204892000: system.memobj: hamming code addr: 609096 
204892000: system.memobj: hamming code : 0 
204892000: system.memobj: hamming code addr: 609104 
204892000: system.memobj: hamming code : 0 
204892000: system.memobj: hamming code addr: 609112 
204892000: system.memobj: hamming code : 0 
204892000: system.memobj: hamming code addr: 609120 
204892000: system.memobj: hamming code : 0 
204892000: system.memobj: Enter Error Bit index: 5 
204892000: system.memobj: flip data : 0000100100000000000000000000000000000000000000000000000000000000 
204892000: system.memobj: -------------------------------------
204962000: system.memobj: mem->cpu Got response for addr 0x1a338 , 107320
204962000: system.memobj: size 0x8
204962000: system.memobj: id 94061725737264
204962000: system.memobj: data_hex : 896C24F04883EC28 
204962000: system.memobj: data : 1000100101101100001001001111000001001000100000111110110000101000 
204962000: system.memobj: fix data : 1000100101101100001001001111000001001000100000111110110000101000 
204962000: system.memobj: -------------------------------------
205011000: system.memobj: mem->cpu Got response for addr 0x1a340 , 107328
205011000: system.memobj: size 0x8
205011000: system.memobj: id 94061725737552
205011000: system.memobj: data_hex : E8CB79FFFF488B15 
205011000: system.memobj: data : 1110100011001011011110011111111111111111010010001000101100010101 
205011000: system.memobj: fix data : 1110100011001011011110011111111111111111010010001000101100010101 
205011000: system.memobj: -------------------------------------
205011000: system.memobj: cpu->mem Got request for addr 0x94b08 , 609032
205011000: system.memobj: size 0x8
205011000: system.memobj: id 94061725737264
205011000: system.memobj: data_hex : 45A3410000000000 
205011000: system.memobj: data : 0100010110100011010000010000000000000000000000000000000000000000 
205011000: system.memobj: hamming code addr: 609032 
205011000: system.memobj: hamming code : 3 
205011000: system.memobj: hamming code addr: 609040 
205011000: system.memobj: hamming code : 2 
205011000: system.memobj: hamming code addr: 609048 
205011000: system.memobj: hamming code : 9 
205011000: system.memobj: hamming code addr: 609056 
205011000: system.memobj: hamming code : 0 
205011000: system.memobj: hamming code addr: 609064 
205011000: system.memobj: hamming code : 0 
205011000: system.memobj: hamming code addr: 609072 
205011000: system.memobj: hamming code : 0 
205011000: system.memobj: hamming code addr: 609080 
205011000: system.memobj: hamming code : 0 
205011000: system.memobj: hamming code addr: 609088 
205011000: system.memobj: hamming code : 0 
205011000: system.memobj: Enter Error Bit index: 1 
205011000: system.memobj: flip data : 1100010110100011010000010000000000000000000000000000000000000000 
205011000: system.memobj: -------------------------------------
205095000: system.memobj: mem->cpu Got response for addr 0x11d10 , 72976
205095000: system.memobj: size 0x8
205095000: system.memobj: id 94061725737264
205095000: system.memobj: data_hex : 4889FE48F7DF4989 
205095000: system.memobj: data : 0100100010001001111111100100100011110111110111110100100110001001 
205095000: system.memobj: fix data : 0100100010001001111111100100100011110111110111110100100110001001 
205095000: system.memobj: -------------------------------------
205144000: system.memobj: mem->cpu Got response for addr 0x11d10 , 72976
205144000: system.memobj: size 0x8
205144000: system.memobj: id 94061725737552
205144000: system.memobj: data_hex : 4889FE48F7DF4989 
205144000: system.memobj: data : 0100100010001001111111100100100011110111110111110100100110001001 
205144000: system.memobj: fix data : 0100100010001001111111100100100011110111110111110100100110001001 
205144000: system.memobj: -------------------------------------
205193000: system.memobj: mem->cpu Got response for addr 0x11d10 , 72976
205193000: system.memobj: size 0x8
205193000: system.memobj: id 94061725737264
205193000: system.memobj: data_hex : 4889FE48F7DF4989 
205193000: system.memobj: data : 0100100010001001111111100100100011110111110111110100100110001001 
205193000: system.memobj: fix data : 0100100010001001111111100100100011110111110111110100100110001001 
205193000: system.memobj: -------------------------------------
205242000: system.memobj: mem->cpu Got response for addr 0x11d18 , 72984
205242000: system.memobj: size 0x8
205242000: system.memobj: id 94061725737552
205242000: system.memobj: data_hex : F04183E007743149 
205242000: system.memobj: data : 1111000001000001100000111110000000000111011101000011000101001001 
205242000: system.memobj: fix data : 1111000001000001100000111110000000000111011101000011000101001001 
205242000: system.memobj: -------------------------------------
205291000: system.memobj: mem->cpu Got response for addr 0x11d18 , 72984
205291000: system.memobj: size 0x8
205291000: system.memobj: id 94061725737264
205291000: system.memobj: data_hex : F04183E007743149 
205291000: system.memobj: data : 1111000001000001100000111110000000000111011101000011000101001001 
205291000: system.memobj: fix data : 1111000001000001100000111110000000000111011101000011000101001001 
205291000: system.memobj: -------------------------------------
205340000: system.memobj: mem->cpu Got response for addr 0x11d18 , 72984
205340000: system.memobj: size 0x8
205340000: system.memobj: id 94061725737552
205340000: system.memobj: data_hex : F04183E007743149 
205340000: system.memobj: data : 1111000001000001100000111110000000000111011101000011000101001001 
205340000: system.memobj: fix data : 1111000001000001100000111110000000000111011101000011000101001001 
205340000: system.memobj: -------------------------------------
205389000: system.memobj: mem->cpu Got response for addr 0x11d18 , 72984
205389000: system.memobj: size 0x8
205389000: system.memobj: id 94061725737264
205389000: system.memobj: data_hex : F04183E007743149 
205389000: system.memobj: data : 1111000001000001100000111110000000000111011101000011000101001001 
205389000: system.memobj: fix data : 1111000001000001100000111110000000000111011101000011000101001001 
205389000: system.memobj: -------------------------------------
205438000: system.memobj: mem->cpu Got response for addr 0x11d20 , 72992
205438000: system.memobj: size 0x8
205438000: system.memobj: id 94061725737552
205438000: system.memobj: data_hex : 83E8086666669066 
205438000: system.memobj: data : 1000001111101000000010000110011001100110011001101001000001100110 
205438000: system.memobj: fix data : 1000001111101000000010000110011001100110011001101001000001100110 
205438000: system.memobj: -------------------------------------
205487000: system.memobj: mem->cpu Got response for addr 0x11d20 , 72992
205487000: system.memobj: size 0x8
205487000: system.memobj: id 94061725737264
205487000: system.memobj: data_hex : 83E8086666669066 
205487000: system.memobj: data : 1000001111101000000010000110011001100110011001101001000001100110 
205487000: system.memobj: fix data : 1000001111101000000010000110011001100110011001101001000001100110 
205487000: system.memobj: -------------------------------------
205536000: system.memobj: mem->cpu Got response for addr 0x11d20 , 72992
205536000: system.memobj: size 0x8
205536000: system.memobj: id 94061725737552
205536000: system.memobj: data_hex : 83E8086666669066 
205536000: system.memobj: data : 1000001111101000000010000110011001100110011001101001000001100110 
205536000: system.memobj: fix data : 1000001111101000000010000110011001100110011001101001000001100110 
205536000: system.memobj: -------------------------------------
205585000: system.memobj: mem->cpu Got response for addr 0x11d28 , 73000
205585000: system.memobj: size 0x8
205585000: system.memobj: id 94061725737264
205585000: system.memobj: data_hex : 6690666690666690 
205585000: system.memobj: data : 0110011010010000011001100110011010010000011001100110011010010000 
205585000: system.memobj: fix data : 0110011010010000011001100110011010010000011001100110011010010000 
205585000: system.memobj: -------------------------------------
205634000: system.memobj: mem->cpu Got response for addr 0x11d28 , 73000
205634000: system.memobj: size 0x8
205634000: system.memobj: id 94061725737552
205634000: system.memobj: data_hex : 6690666690666690 
205634000: system.memobj: data : 0110011010010000011001100110011010010000011001100110011010010000 
205634000: system.memobj: fix data : 0110011010010000011001100110011010010000011001100110011010010000 
205634000: system.memobj: -------------------------------------
205683000: system.memobj: mem->cpu Got response for addr 0x11d28 , 73000
205683000: system.memobj: size 0x8
205683000: system.memobj: id 94061725737264
205683000: system.memobj: data_hex : 6690666690666690 
205683000: system.memobj: data : 0110011010010000011001100110011010010000011001100110011010010000 
205683000: system.memobj: fix data : 0110011010010000011001100110011010010000011001100110011010010000 
205683000: system.memobj: -------------------------------------
205732000: system.memobj: mem->cpu Got response for addr 0x11d30 , 73008
205732000: system.memobj: size 0x8
205732000: system.memobj: id 94061725737552
205732000: system.memobj: data_hex : 803E000F84670300 
205732000: system.memobj: data : 1000000000111110000000000000111110000100011001110000001100000000 
205732000: system.memobj: fix data : 1000000000111110000000000000111110000100011001110000001100000000 
205732000: system.memobj: -------------------------------------
205795000: system.memobj: mem->cpu Got response for addr 0x5ed61 , 388449
205795000: system.memobj: size 0x1
205795000: system.memobj: id 94061725737264
205795000: system.memobj: data_hex : 4C 
205795000: system.memobj: data : 01001100 
205795000: system.memobj: fix data : 01001100 
205795000: system.memobj: -------------------------------------
205844000: system.memobj: mem->cpu Got response for addr 0x11d30 , 73008
205844000: system.memobj: size 0x8
205844000: system.memobj: id 94061725737264
205844000: system.memobj: data_hex : 803E000F84670300 
205844000: system.memobj: data : 1000000000111110000000000000111110000100011001110000001100000000 
205844000: system.memobj: fix data : 1000000000111110000000000000111110000100011001110000001100000000 
205844000: system.memobj: -------------------------------------
205893000: system.memobj: mem->cpu Got response for addr 0x11d38 , 73016
205893000: system.memobj: size 0x8
205893000: system.memobj: id 94061725737552
205893000: system.memobj: data_hex : 0048FFC649FFC075 
205893000: system.memobj: data : 0000000001001000111111111100011001001001111111111100000001110101 
205893000: system.memobj: fix data : 0000000001001000111111111100011001001001111111111100000001110101 
205893000: system.memobj: -------------------------------------
205956000: system.memobj: mem->cpu Got response for addr 0x11d38 , 73016
205956000: system.memobj: size 0x8
205956000: system.memobj: id 94061725737264
205956000: system.memobj: data_hex : 0048FFC649FFC075 
205956000: system.memobj: data : 0000000001001000111111111100011001001001111111111100000001110101 
205956000: system.memobj: fix data : 0000000001001000111111111100011001001001111111111100000001110101 
205956000: system.memobj: -------------------------------------
206005000: system.memobj: mem->cpu Got response for addr 0x11d38 , 73016
206005000: system.memobj: size 0x8
206005000: system.memobj: id 94061725737552
206005000: system.memobj: data_hex : 0048FFC649FFC075 
206005000: system.memobj: data : 0000000001001000111111111100011001001001111111111100000001110101 
206005000: system.memobj: fix data : 0000000001001000111111111100011001001001111111111100000001110101 
206005000: system.memobj: -------------------------------------
206054000: system.memobj: mem->cpu Got response for addr 0x11d38 , 73016
206054000: system.memobj: size 0x8
206054000: system.memobj: id 94061725737264
206054000: system.memobj: data_hex : 0048FFC649FFC075 
206054000: system.memobj: data : 0000000001001000111111111100011001001001111111111100000001110101 
206054000: system.memobj: fix data : 0000000001001000111111111100011001001001111111111100000001110101 
206054000: system.memobj: -------------------------------------
206103000: system.memobj: mem->cpu Got response for addr 0x11d40 , 73024
206103000: system.memobj: size 0x8
206103000: system.memobj: id 94061725737552
206103000: system.memobj: data_hex : EF66666690666666 
206103000: system.memobj: data : 1110111101100110011001100110011010010000011001100110011001100110 
206103000: system.memobj: fix data : 1110111101100110011001100110011010010000011001100110011001100110 
206103000: system.memobj: -------------------------------------
206152000: system.memobj: mem->cpu Got response for addr 0x11d30 , 73008
206152000: system.memobj: size 0x8
206152000: system.memobj: id 94061725737264
206152000: system.memobj: data_hex : 803E000F84670300 
206152000: system.memobj: data : 1000000000111110000000000000111110000100011001110000001100000000 
206152000: system.memobj: fix data : 1000000000111110000000000000111110000100011001110000001100000000 
206152000: system.memobj: -------------------------------------
206201000: system.memobj: mem->cpu Got response for addr 0x5ed62 , 388450
206201000: system.memobj: size 0x1
206201000: system.memobj: id 94061725737552
206201000: system.memobj: data_hex : 44 
206201000: system.memobj: data : 01000100 
206201000: system.memobj: fix data : 01000100 
206201000: system.memobj: -------------------------------------
206250000: system.memobj: mem->cpu Got response for addr 0x11d30 , 73008
206250000: system.memobj: size 0x8
206250000: system.memobj: id 94061725737552
206250000: system.memobj: data_hex : 803E000F84670300 
206250000: system.memobj: data : 1000000000111110000000000000111110000100011001110000001100000000 
206250000: system.memobj: fix data : 1000000000111110000000000000111110000100011001110000001100000000 
206250000: system.memobj: -------------------------------------
206299000: system.memobj: mem->cpu Got response for addr 0x11d38 , 73016
206299000: system.memobj: size 0x8
206299000: system.memobj: id 94061725737264
206299000: system.memobj: data_hex : 0048FFC649FFC075 
206299000: system.memobj: data : 0000000001001000111111111100011001001001111111111100000001110101 
206299000: system.memobj: fix data : 0000000001001000111111111100011001001001111111111100000001110101 
206299000: system.memobj: -------------------------------------
206348000: system.memobj: mem->cpu Got response for addr 0x11d38 , 73016
206348000: system.memobj: size 0x8
206348000: system.memobj: id 94061725737552
206348000: system.memobj: data_hex : 0048FFC649FFC075 
206348000: system.memobj: data : 0000000001001000111111111100011001001001111111111100000001110101 
206348000: system.memobj: fix data : 0000000001001000111111111100011001001001111111111100000001110101 
206348000: system.memobj: -------------------------------------
206397000: system.memobj: mem->cpu Got response for addr 0x11d38 , 73016
206397000: system.memobj: size 0x8
206397000: system.memobj: id 94061725737264
206397000: system.memobj: data_hex : 0048FFC649FFC075 
206397000: system.memobj: data : 0000000001001000111111111100011001001001111111111100000001110101 
206397000: system.memobj: fix data : 0000000001001000111111111100011001001001111111111100000001110101 
206397000: system.memobj: -------------------------------------
206446000: system.memobj: mem->cpu Got response for addr 0x11d38 , 73016
206446000: system.memobj: size 0x8
206446000: system.memobj: id 94061725737552
206446000: system.memobj: data_hex : 0048FFC649FFC075 
206446000: system.memobj: data : 0000000001001000111111111100011001001001111111111100000001110101 
206446000: system.memobj: fix data : 0000000001001000111111111100011001001001111111111100000001110101 
206446000: system.memobj: -------------------------------------
206495000: system.memobj: mem->cpu Got response for addr 0x11d40 , 73024
206495000: system.memobj: size 0x8
206495000: system.memobj: id 94061725737264
206495000: system.memobj: data_hex : EF66666690666666 
206495000: system.memobj: data : 1110111101100110011001100110011010010000011001100110011001100110 
206495000: system.memobj: fix data : 1110111101100110011001100110011010010000011001100110011001100110 
206495000: system.memobj: -------------------------------------
206544000: system.memobj: mem->cpu Got response for addr 0x11d30 , 73008
206544000: system.memobj: size 0x8
206544000: system.memobj: id 94061725737552
206544000: system.memobj: data_hex : 803E000F84670300 
206544000: system.memobj: data : 1000000000111110000000000000111110000100011001110000001100000000 
206544000: system.memobj: fix data : 1000000000111110000000000000111110000100011001110000001100000000 
206544000: system.memobj: -------------------------------------
206593000: system.memobj: mem->cpu Got response for addr 0x5ed63 , 388451
206593000: system.memobj: size 0x1
206593000: system.memobj: id 94061725737264
206593000: system.memobj: data_hex : 5F 
206593000: system.memobj: data : 01011111 
206593000: system.memobj: fix data : 01011111 
206593000: system.memobj: -------------------------------------
206642000: system.memobj: mem->cpu Got response for addr 0x11d30 , 73008
206642000: system.memobj: size 0x8
206642000: system.memobj: id 94061725737264
206642000: system.memobj: data_hex : 803E000F84670300 
206642000: system.memobj: data : 1000000000111110000000000000111110000100011001110000001100000000 
206642000: system.memobj: fix data : 1000000000111110000000000000111110000100011001110000001100000000 
206642000: system.memobj: -------------------------------------
206691000: system.memobj: mem->cpu Got response for addr 0x11d38 , 73016
206691000: system.memobj: size 0x8
206691000: system.memobj: id 94061725737552
206691000: system.memobj: data_hex : 0048FFC649FFC075 
206691000: system.memobj: data : 0000000001001000111111111100011001001001111111111100000001110101 
206691000: system.memobj: fix data : 0000000001001000111111111100011001001001111111111100000001110101 
206691000: system.memobj: -------------------------------------
206740000: system.memobj: mem->cpu Got response for addr 0x11d38 , 73016
206740000: system.memobj: size 0x8
206740000: system.memobj: id 94061725737264
206740000: system.memobj: data_hex : 0048FFC649FFC075 
206740000: system.memobj: data : 0000000001001000111111111100011001001001111111111100000001110101 
206740000: system.memobj: fix data : 0000000001001000111111111100011001001001111111111100000001110101 
206740000: system.memobj: -------------------------------------
206789000: system.memobj: mem->cpu Got response for addr 0x11d38 , 73016
206789000: system.memobj: size 0x8
206789000: system.memobj: id 94061725737552
206789000: system.memobj: data_hex : 0048FFC649FFC075 
206789000: system.memobj: data : 0000000001001000111111111100011001001001111111111100000001110101 
206789000: system.memobj: fix data : 0000000001001000111111111100011001001001111111111100000001110101 
206789000: system.memobj: -------------------------------------
206852000: system.memobj: mem->cpu Got response for addr 0x11d38 , 73016
206852000: system.memobj: size 0x8
206852000: system.memobj: id 94061725737264
206852000: system.memobj: data_hex : 0048FFC649FFC075 
206852000: system.memobj: data : 0000000001001000111111111100011001001001111111111100000001110101 
206852000: system.memobj: fix data : 0000000001001000111111111100011001001001111111111100000001110101 
206852000: system.memobj: -------------------------------------
206901000: system.memobj: mem->cpu Got response for addr 0x11d40 , 73024
206901000: system.memobj: size 0x8
206901000: system.memobj: id 94061725737552
206901000: system.memobj: data_hex : EF66666690666666 
206901000: system.memobj: data : 1110111101100110011001100110011010010000011001100110011001100110 
206901000: system.memobj: fix data : 1110111101100110011001100110011010010000011001100110011001100110 
206901000: system.memobj: -------------------------------------
206950000: system.memobj: mem->cpu Got response for addr 0x11d30 , 73008
206950000: system.memobj: size 0x8
206950000: system.memobj: id 94061725737264
206950000: system.memobj: data_hex : 803E000F84670300 
206950000: system.memobj: data : 1000000000111110000000000000111110000100011001110000001100000000 
206950000: system.memobj: fix data : 1000000000111110000000000000111110000100011001110000001100000000 
206950000: system.memobj: -------------------------------------
206999000: system.memobj: mem->cpu Got response for addr 0x5ed64 , 388452
206999000: system.memobj: size 0x1
206999000: system.memobj: id 94061725737552
206999000: system.memobj: data_hex : 42 
206999000: system.memobj: data : 01000010 
206999000: system.memobj: fix data : 01000010 
206999000: system.memobj: -------------------------------------
207048000: system.memobj: mem->cpu Got response for addr 0x11d30 , 73008
207048000: system.memobj: size 0x8
207048000: system.memobj: id 94061725737552
207048000: system.memobj: data_hex : 803E000F84670300 
207048000: system.memobj: data : 1000000000111110000000000000111110000100011001110000001100000000 
207048000: system.memobj: fix data : 1000000000111110000000000000111110000100011001110000001100000000 
207048000: system.memobj: -------------------------------------
207097000: system.memobj: mem->cpu Got response for addr 0x11d38 , 73016
207097000: system.memobj: size 0x8
207097000: system.memobj: id 94061725737264
207097000: system.memobj: data_hex : 0048FFC649FFC075 
207097000: system.memobj: data : 0000000001001000111111111100011001001001111111111100000001110101 
207097000: system.memobj: fix data : 0000000001001000111111111100011001001001111111111100000001110101 
207097000: system.memobj: -------------------------------------
207146000: system.memobj: mem->cpu Got response for addr 0x11d38 , 73016
207146000: system.memobj: size 0x8
207146000: system.memobj: id 94061725737552
207146000: system.memobj: data_hex : 0048FFC649FFC075 
207146000: system.memobj: data : 0000000001001000111111111100011001001001111111111100000001110101 
207146000: system.memobj: fix data : 0000000001001000111111111100011001001001111111111100000001110101 
207146000: system.memobj: -------------------------------------
207195000: system.memobj: mem->cpu Got response for addr 0x11d38 , 73016
207195000: system.memobj: size 0x8
207195000: system.memobj: id 94061725737264
207195000: system.memobj: data_hex : 0048FFC649FFC075 
207195000: system.memobj: data : 0000000001001000111111111100011001001001111111111100000001110101 
207195000: system.memobj: fix data : 0000000001001000111111111100011001001001111111111100000001110101 
207195000: system.memobj: -------------------------------------
207244000: system.memobj: mem->cpu Got response for addr 0x11d38 , 73016
207244000: system.memobj: size 0x8
207244000: system.memobj: id 94061725737552
207244000: system.memobj: data_hex : 0048FFC649FFC075 
207244000: system.memobj: data : 0000000001001000111111111100011001001001111111111100000001110101 
207244000: system.memobj: fix data : 0000000001001000111111111100011001001001111111111100000001110101 
207244000: system.memobj: -------------------------------------
207293000: system.memobj: mem->cpu Got response for addr 0x11d40 , 73024
207293000: system.memobj: size 0x8
207293000: system.memobj: id 94061725737264
207293000: system.memobj: data_hex : EF66666690666666 
207293000: system.memobj: data : 1110111101100110011001100110011010010000011001100110011001100110 
207293000: system.memobj: fix data : 1110111101100110011001100110011010010000011001100110011001100110 
207293000: system.memobj: -------------------------------------
207342000: system.memobj: mem->cpu Got response for addr 0x11d30 , 73008
207342000: system.memobj: size 0x8
207342000: system.memobj: id 94061725737552
207342000: system.memobj: data_hex : 803E000F84670300 
207342000: system.memobj: data : 1000000000111110000000000000111110000100011001110000001100000000 
207342000: system.memobj: fix data : 1000000000111110000000000000111110000100011001110000001100000000 
207342000: system.memobj: -------------------------------------
207391000: system.memobj: mem->cpu Got response for addr 0x5ed65 , 388453
207391000: system.memobj: size 0x1
207391000: system.memobj: id 94061725737264
207391000: system.memobj: data_hex : 49 
207391000: system.memobj: data : 01001001 
207391000: system.memobj: fix data : 01001001 
207391000: system.memobj: -------------------------------------
207440000: system.memobj: mem->cpu Got response for addr 0x11d30 , 73008
207440000: system.memobj: size 0x8
207440000: system.memobj: id 94061725737264
207440000: system.memobj: data_hex : 803E000F84670300 
207440000: system.memobj: data : 1000000000111110000000000000111110000100011001110000001100000000 
207440000: system.memobj: fix data : 1000000000111110000000000000111110000100011001110000001100000000 
207440000: system.memobj: -------------------------------------
207489000: system.memobj: mem->cpu Got response for addr 0x11d38 , 73016
207489000: system.memobj: size 0x8
207489000: system.memobj: id 94061725737552
207489000: system.memobj: data_hex : 0048FFC649FFC075 
207489000: system.memobj: data : 0000000001001000111111111100011001001001111111111100000001110101 
207489000: system.memobj: fix data : 0000000001001000111111111100011001001001111111111100000001110101 
207489000: system.memobj: -------------------------------------
207538000: system.memobj: mem->cpu Got response for addr 0x11d38 , 73016
207538000: system.memobj: size 0x8
207538000: system.memobj: id 94061725737264
207538000: system.memobj: data_hex : 0048FFC649FFC075 
207538000: system.memobj: data : 0000000001001000111111111100011001001001111111111100000001110101 
207538000: system.memobj: fix data : 0000000001001000111111111100011001001001111111111100000001110101 
207538000: system.memobj: -------------------------------------
207587000: system.memobj: mem->cpu Got response for addr 0x11d38 , 73016
207587000: system.memobj: size 0x8
207587000: system.memobj: id 94061725737552
207587000: system.memobj: data_hex : 0048FFC649FFC075 
207587000: system.memobj: data : 0000000001001000111111111100011001001001111111111100000001110101 
207587000: system.memobj: fix data : 0000000001001000111111111100011001001001111111111100000001110101 
207587000: system.memobj: -------------------------------------
207636000: system.memobj: mem->cpu Got response for addr 0x11d38 , 73016
207636000: system.memobj: size 0x8
207636000: system.memobj: id 94061725737264
207636000: system.memobj: data_hex : 0048FFC649FFC075 
207636000: system.memobj: data : 0000000001001000111111111100011001001001111111111100000001110101 
207636000: system.memobj: fix data : 0000000001001000111111111100011001001001111111111100000001110101 
207636000: system.memobj: -------------------------------------
207685000: system.memobj: mem->cpu Got response for addr 0x11d40 , 73024
207685000: system.memobj: size 0x8
207685000: system.memobj: id 94061725737552
207685000: system.memobj: data_hex : EF66666690666666 
207685000: system.memobj: data : 1110111101100110011001100110011010010000011001100110011001100110 
207685000: system.memobj: fix data : 1110111101100110011001100110011010010000011001100110011001100110 
207685000: system.memobj: -------------------------------------
207748000: system.memobj: mem->cpu Got response for addr 0x11d30 , 73008
207748000: system.memobj: size 0x8
207748000: system.memobj: id 94061725737264
207748000: system.memobj: data_hex : 803E000F84670300 
207748000: system.memobj: data : 1000000000111110000000000000111110000100011001110000001100000000 
207748000: system.memobj: fix data : 1000000000111110000000000000111110000100011001110000001100000000 
207748000: system.memobj: -------------------------------------
207797000: system.memobj: mem->cpu Got response for addr 0x5ed66 , 388454
207797000: system.memobj: size 0x1
207797000: system.memobj: id 94061725737552
207797000: system.memobj: data_hex : 4E 
207797000: system.memobj: data : 01001110 
207797000: system.memobj: fix data : 01001110 
207797000: system.memobj: -------------------------------------
207846000: system.memobj: mem->cpu Got response for addr 0x11d30 , 73008
207846000: system.memobj: size 0x8
207846000: system.memobj: id 94061725737552
207846000: system.memobj: data_hex : 803E000F84670300 
207846000: system.memobj: data : 1000000000111110000000000000111110000100011001110000001100000000 
207846000: system.memobj: fix data : 1000000000111110000000000000111110000100011001110000001100000000 
207846000: system.memobj: -------------------------------------
207895000: system.memobj: mem->cpu Got response for addr 0x11d38 , 73016
207895000: system.memobj: size 0x8
207895000: system.memobj: id 94061725737264
207895000: system.memobj: data_hex : 0048FFC649FFC075 
207895000: system.memobj: data : 0000000001001000111111111100011001001001111111111100000001110101 
207895000: system.memobj: fix data : 0000000001001000111111111100011001001001111111111100000001110101 
207895000: system.memobj: -------------------------------------
207944000: system.memobj: mem->cpu Got response for addr 0x11d38 , 73016
207944000: system.memobj: size 0x8
207944000: system.memobj: id 94061725737552
207944000: system.memobj: data_hex : 0048FFC649FFC075 
207944000: system.memobj: data : 0000000001001000111111111100011001001001111111111100000001110101 
207944000: system.memobj: fix data : 0000000001001000111111111100011001001001111111111100000001110101 
207944000: system.memobj: -------------------------------------
207993000: system.memobj: mem->cpu Got response for addr 0x11d38 , 73016
207993000: system.memobj: size 0x8
207993000: system.memobj: id 94061725737264
207993000: system.memobj: data_hex : 0048FFC649FFC075 
207993000: system.memobj: data : 0000000001001000111111111100011001001001111111111100000001110101 
207993000: system.memobj: fix data : 0000000001001000111111111100011001001001111111111100000001110101 
207993000: system.memobj: -------------------------------------
208042000: system.memobj: mem->cpu Got response for addr 0x11d38 , 73016
208042000: system.memobj: size 0x8
208042000: system.memobj: id 94061725737552
208042000: system.memobj: data_hex : 0048FFC649FFC075 
208042000: system.memobj: data : 0000000001001000111111111100011001001001111111111100000001110101 
208042000: system.memobj: fix data : 0000000001001000111111111100011001001001111111111100000001110101 
208042000: system.memobj: -------------------------------------
208091000: system.memobj: mem->cpu Got response for addr 0x11d40 , 73024
208091000: system.memobj: size 0x8
208091000: system.memobj: id 94061725737264
208091000: system.memobj: data_hex : EF66666690666666 
208091000: system.memobj: data : 1110111101100110011001100110011010010000011001100110011001100110 
208091000: system.memobj: fix data : 1110111101100110011001100110011010010000011001100110011001100110 
208091000: system.memobj: -------------------------------------
208140000: system.memobj: mem->cpu Got response for addr 0x11d30 , 73008
208140000: system.memobj: size 0x8
208140000: system.memobj: id 94061725737552
208140000: system.memobj: data_hex : 803E000F84670300 
208140000: system.memobj: data : 1000000000111110000000000000111110000100011001110000001100000000 
208140000: system.memobj: fix data : 1000000000111110000000000000111110000100011001110000001100000000 
208140000: system.memobj: -------------------------------------
208189000: system.memobj: mem->cpu Got response for addr 0x5ed67 , 388455
208189000: system.memobj: size 0x1
208189000: system.memobj: id 94061725737264
208189000: system.memobj: data_hex : 44 
208189000: system.memobj: data : 01000100 
208189000: system.memobj: fix data : 01000100 
208189000: system.memobj: -------------------------------------
208238000: system.memobj: mem->cpu Got response for addr 0x11d30 , 73008
208238000: system.memobj: size 0x8
208238000: system.memobj: id 94061725737264
208238000: system.memobj: data_hex : 803E000F84670300 
208238000: system.memobj: data : 1000000000111110000000000000111110000100011001110000001100000000 
208238000: system.memobj: fix data : 1000000000111110000000000000111110000100011001110000001100000000 
208238000: system.memobj: -------------------------------------
208287000: system.memobj: mem->cpu Got response for addr 0x11d38 , 73016
208287000: system.memobj: size 0x8
208287000: system.memobj: id 94061725737552
208287000: system.memobj: data_hex : 0048FFC649FFC075 
208287000: system.memobj: data : 0000000001001000111111111100011001001001111111111100000001110101 
208287000: system.memobj: fix data : 0000000001001000111111111100011001001001111111111100000001110101 
208287000: system.memobj: -------------------------------------
208336000: system.memobj: mem->cpu Got response for addr 0x11d38 , 73016
208336000: system.memobj: size 0x8
208336000: system.memobj: id 94061725737264
208336000: system.memobj: data_hex : 0048FFC649FFC075 
208336000: system.memobj: data : 0000000001001000111111111100011001001001111111111100000001110101 
208336000: system.memobj: fix data : 0000000001001000111111111100011001001001111111111100000001110101 
208336000: system.memobj: -------------------------------------
208385000: system.memobj: mem->cpu Got response for addr 0x11d38 , 73016
208385000: system.memobj: size 0x8
208385000: system.memobj: id 94061725737552
208385000: system.memobj: data_hex : 0048FFC649FFC075 
208385000: system.memobj: data : 0000000001001000111111111100011001001001111111111100000001110101 
208385000: system.memobj: fix data : 0000000001001000111111111100011001001001111111111100000001110101 
208385000: system.memobj: -------------------------------------
208434000: system.memobj: mem->cpu Got response for addr 0x11d38 , 73016
208434000: system.memobj: size 0x8
208434000: system.memobj: id 94061725737264
208434000: system.memobj: data_hex : 0048FFC649FFC075 
208434000: system.memobj: data : 0000000001001000111111111100011001001001111111111100000001110101 
208434000: system.memobj: fix data : 0000000001001000111111111100011001001001111111111100000001110101 
208434000: system.memobj: -------------------------------------
208483000: system.memobj: mem->cpu Got response for addr 0x11d40 , 73024
208483000: system.memobj: size 0x8
208483000: system.memobj: id 94061725737552
208483000: system.memobj: data_hex : EF66666690666666 
208483000: system.memobj: data : 1110111101100110011001100110011010010000011001100110011001100110 
208483000: system.memobj: fix data : 1110111101100110011001100110011010010000011001100110011001100110 
208483000: system.memobj: -------------------------------------
208532000: system.memobj: mem->cpu Got response for addr 0x11d40 , 73024
208532000: system.memobj: size 0x8
208532000: system.memobj: id 94061725737264
208532000: system.memobj: data_hex : EF66666690666666 
208532000: system.memobj: data : 1110111101100110011001100110011010010000011001100110011001100110 
208532000: system.memobj: fix data : 1110111101100110011001100110011010010000011001100110011001100110 
208532000: system.memobj: -------------------------------------
208581000: system.memobj: mem->cpu Got response for addr 0x11d40 , 73024
208581000: system.memobj: size 0x8
208581000: system.memobj: id 94061725737552
208581000: system.memobj: data_hex : EF66666690666666 
208581000: system.memobj: data : 1110111101100110011001100110011010010000011001100110011001100110 
208581000: system.memobj: fix data : 1110111101100110011001100110011010010000011001100110011001100110 
208581000: system.memobj: -------------------------------------
208644000: system.memobj: mem->cpu Got response for addr 0x11d48 , 73032
208644000: system.memobj: size 0x8
208644000: system.memobj: id 94061725737264
208644000: system.memobj: data_hex : 9066666690666690 
208644000: system.memobj: data : 1001000001100110011001100110011010010000011001100110011010010000 
208644000: system.memobj: fix data : 1001000001100110011001100110011010010000011001100110011010010000 
208644000: system.memobj: -------------------------------------
208693000: system.memobj: mem->cpu Got response for addr 0x11d48 , 73032
208693000: system.memobj: size 0x8
208693000: system.memobj: id 94061725737552
208693000: system.memobj: data_hex : 9066666690666690 
208693000: system.memobj: data : 1001000001100110011001100110011010010000011001100110011010010000 
208693000: system.memobj: fix data : 1001000001100110011001100110011010010000011001100110011010010000 
208693000: system.memobj: -------------------------------------
208742000: system.memobj: mem->cpu Got response for addr 0x11d48 , 73032
208742000: system.memobj: size 0x8
208742000: system.memobj: id 94061725737264
208742000: system.memobj: data_hex : 9066666690666690 
208742000: system.memobj: data : 1001000001100110011001100110011010010000011001100110011010010000 
208742000: system.memobj: fix data : 1001000001100110011001100110011010010000011001100110011010010000 
208742000: system.memobj: -------------------------------------
208791000: system.memobj: mem->cpu Got response for addr 0x11d50 , 73040
208791000: system.memobj: size 0x8
208791000: system.memobj: id 94061725737552
208791000: system.memobj: data_hex : 488B0648B9FFFEFE 
208791000: system.memobj: data : 0100100010001011000001100100100010111001111111111111111011111110 
208791000: system.memobj: fix data : 0100100010001011000001100100100010111001111111111111111011111110 
208791000: system.memobj: -------------------------------------
208840000: system.memobj: mem->cpu Got response for addr 0x5ed68 , 388456
208840000: system.memobj: size 0x8
208840000: system.memobj: id 94061725737264
208840000: system.memobj: data_hex : 5F4E4F57004C445F 
208840000: system.memobj: data : 0101111101001110010011110101011100000000010011000100010001011111 
208840000: system.memobj: fix data : 0101111101001110010011110101011100000000010011000100010001011111 
208840000: system.memobj: -------------------------------------
208889000: system.memobj: mem->cpu Got response for addr 0x11d50 , 73040
208889000: system.memobj: size 0x8
208889000: system.memobj: id 94061725737264
208889000: system.memobj: data_hex : 488B0648B9FFFEFE 
208889000: system.memobj: data : 0100100010001011000001100100100010111001111111111111111011111110 
208889000: system.memobj: fix data : 0100100010001011000001100100100010111001111111111111111011111110 
208889000: system.memobj: -------------------------------------
208938000: system.memobj: mem->cpu Got response for addr 0x11d58 , 73048
208938000: system.memobj: size 0x8
208938000: system.memobj: id 94061725737552
208938000: system.memobj: data_hex : FEFEFEFEFE4989C8 
208938000: system.memobj: data : 1111111011111110111111101111111011111110010010011000100111001000 
208938000: system.memobj: fix data : 1111111011111110111111101111111011111110010010011000100111001000 
208938000: system.memobj: -------------------------------------
208987000: system.memobj: mem->cpu Got response for addr 0x11d58 , 73048
208987000: system.memobj: size 0x8
208987000: system.memobj: id 94061725737264
208987000: system.memobj: data_hex : FEFEFEFEFE4989C8 
208987000: system.memobj: data : 1111111011111110111111101111111011111110010010011000100111001000 
208987000: system.memobj: fix data : 1111111011111110111111101111111011111110010010011000100111001000 
208987000: system.memobj: -------------------------------------
209036000: system.memobj: mem->cpu Got response for addr 0x11d60 , 73056
209036000: system.memobj: size 0x8
209036000: system.memobj: id 94061725737552
209036000: system.memobj: data_hex : 4901C00F83070300 
209036000: system.memobj: data : 0100100100000001110000000000111110000011000001110000001100000000 
209036000: system.memobj: fix data : 0100100100000001110000000000111110000011000001110000001100000000 
209036000: system.memobj: -------------------------------------
209085000: system.memobj: mem->cpu Got response for addr 0x11d60 , 73056
209085000: system.memobj: size 0x8
209085000: system.memobj: id 94061725737264
209085000: system.memobj: data_hex : 4901C00F83070300 
209085000: system.memobj: data : 0100100100000001110000000000111110000011000001110000001100000000 
209085000: system.memobj: fix data : 0100100100000001110000000000111110000011000001110000001100000000 
209085000: system.memobj: -------------------------------------
209134000: system.memobj: mem->cpu Got response for addr 0x11d68 , 73064
209134000: system.memobj: size 0x8
209134000: system.memobj: id 94061725737552
209134000: system.memobj: data_hex : 004931C04909C849 
209134000: system.memobj: data : 0000000001001001001100011100000001001001000010011100100001001001 
209134000: system.memobj: fix data : 0000000001001001001100011100000001001001000010011100100001001001 
209134000: system.memobj: -------------------------------------
209183000: system.memobj: mem->cpu Got response for addr 0x11d68 , 73064
209183000: system.memobj: size 0x8
209183000: system.memobj: id 94061725737264
209183000: system.memobj: data_hex : 004931C04909C849 
209183000: system.memobj: data : 0000000001001001001100011100000001001001000010011100100001001001 
209183000: system.memobj: fix data : 0000000001001001001100011100000001001001000010011100100001001001 
209183000: system.memobj: -------------------------------------
209232000: system.memobj: mem->cpu Got response for addr 0x11d68 , 73064
209232000: system.memobj: size 0x8
209232000: system.memobj: id 94061725737552
209232000: system.memobj: data_hex : 004931C04909C849 
209232000: system.memobj: data : 0000000001001001001100011100000001001001000010011100100001001001 
209232000: system.memobj: fix data : 0000000001001001001100011100000001001001000010011100100001001001 
209232000: system.memobj: -------------------------------------
209281000: system.memobj: mem->cpu Got response for addr 0x11d68 , 73064
209281000: system.memobj: size 0x8
209281000: system.memobj: id 94061725737264
209281000: system.memobj: data_hex : 004931C04909C849 
209281000: system.memobj: data : 0000000001001001001100011100000001001001000010011100100001001001 
209281000: system.memobj: fix data : 0000000001001001001100011100000001001001000010011100100001001001 
209281000: system.memobj: -------------------------------------
209330000: system.memobj: mem->cpu Got response for addr 0x11d70 , 73072
209330000: system.memobj: size 0x8
209330000: system.memobj: id 94061725737552
209330000: system.memobj: data_hex : FFC00F85F8020000 
209330000: system.memobj: data : 1111111111000000000011111000010111111000000000100000000000000000 
209330000: system.memobj: fix data : 1111111111000000000011111000010111111000000000100000000000000000 
209330000: system.memobj: -------------------------------------
209379000: system.memobj: mem->cpu Got response for addr 0x11d70 , 73072
209379000: system.memobj: size 0x8
209379000: system.memobj: id 94061725737264
209379000: system.memobj: data_hex : FFC00F85F8020000 
209379000: system.memobj: data : 1111111111000000000011111000010111111000000000100000000000000000 
209379000: system.memobj: fix data : 1111111111000000000011111000010111111000000000100000000000000000 
209379000: system.memobj: -------------------------------------
209456000: system.memobj: mem->cpu Got response for addr 0x12070 , 73840
209456000: system.memobj: size 0x8
209456000: system.memobj: id 94061725737552
209456000: system.memobj: data_hex : 84C0742C48FFC684 
209456000: system.memobj: data : 1000010011000000011101000010110001001000111111111100011010000100 
209456000: system.memobj: fix data : 1000010011000000011101000010110001001000111111111100011010000100 
209456000: system.memobj: -------------------------------------
209505000: system.memobj: mem->cpu Got response for addr 0x12070 , 73840
209505000: system.memobj: size 0x8
209505000: system.memobj: id 94061725737264
209505000: system.memobj: data_hex : 84C0742C48FFC684 
209505000: system.memobj: data : 1000010011000000011101000010110001001000111111111100011010000100 
209505000: system.memobj: fix data : 1000010011000000011101000010110001001000111111111100011010000100 
209505000: system.memobj: -------------------------------------
209554000: system.memobj: mem->cpu Got response for addr 0x12070 , 73840
209554000: system.memobj: size 0x8
209554000: system.memobj: id 94061725737552
209554000: system.memobj: data_hex : 84C0742C48FFC684 
209554000: system.memobj: data : 1000010011000000011101000010110001001000111111111100011010000100 
209554000: system.memobj: fix data : 1000010011000000011101000010110001001000111111111100011010000100 
209554000: system.memobj: -------------------------------------
209603000: system.memobj: mem->cpu Got response for addr 0x12070 , 73840
209603000: system.memobj: size 0x8
209603000: system.memobj: id 94061725737264
209603000: system.memobj: data_hex : 84C0742C48FFC684 
209603000: system.memobj: data : 1000010011000000011101000010110001001000111111111100011010000100 
209603000: system.memobj: fix data : 1000010011000000011101000010110001001000111111111100011010000100 
209603000: system.memobj: -------------------------------------
209652000: system.memobj: mem->cpu Got response for addr 0x12078 , 73848
209652000: system.memobj: size 0x8
209652000: system.memobj: id 94061725737552
209652000: system.memobj: data_hex : E4742548FFC6A900 
209652000: system.memobj: data : 1110010001110100001001010100100011111111110001101010100100000000 
209652000: system.memobj: fix data : 1110010001110100001001010100100011111111110001101010100100000000 
209652000: system.memobj: -------------------------------------
209701000: system.memobj: mem->cpu Got response for addr 0x12078 , 73848
209701000: system.memobj: size 0x8
209701000: system.memobj: id 94061725737264
209701000: system.memobj: data_hex : E4742548FFC6A900 
209701000: system.memobj: data : 1110010001110100001001010100100011111111110001101010100100000000 
209701000: system.memobj: fix data : 1110010001110100001001010100100011111111110001101010100100000000 
209701000: system.memobj: -------------------------------------
209750000: system.memobj: mem->cpu Got response for addr 0x12078 , 73848
209750000: system.memobj: size 0x8
209750000: system.memobj: id 94061725737552
209750000: system.memobj: data_hex : E4742548FFC6A900 
209750000: system.memobj: data : 1110010001110100001001010100100011111111110001101010100100000000 
209750000: system.memobj: fix data : 1110010001110100001001010100100011111111110001101010100100000000 
209750000: system.memobj: -------------------------------------
209799000: system.memobj: mem->cpu Got response for addr 0x12078 , 73848
209799000: system.memobj: size 0x8
209799000: system.memobj: id 94061725737264
209799000: system.memobj: data_hex : E4742548FFC6A900 
209799000: system.memobj: data : 1110010001110100001001010100100011111111110001101010100100000000 
209799000: system.memobj: fix data : 1110010001110100001001010100100011111111110001101010100100000000 
209799000: system.memobj: -------------------------------------
209848000: system.memobj: mem->cpu Got response for addr 0x12080 , 73856
209848000: system.memobj: size 0x8
209848000: system.memobj: id 94061725737552
209848000: system.memobj: data_hex : 00FF00741B48FFC6 
209848000: system.memobj: data : 0000000011111111000000000111010000011011010010001111111111000110 
209848000: system.memobj: fix data : 0000000011111111000000000111010000011011010010001111111111000110 
209848000: system.memobj: -------------------------------------
209897000: system.memobj: mem->cpu Got response for addr 0x12080 , 73856
209897000: system.memobj: size 0x8
209897000: system.memobj: id 94061725737264
209897000: system.memobj: data_hex : 00FF00741B48FFC6 
209897000: system.memobj: data : 0000000011111111000000000111010000011011010010001111111111000110 
209897000: system.memobj: fix data : 0000000011111111000000000111010000011011010010001111111111000110 
209897000: system.memobj: -------------------------------------
209946000: system.memobj: mem->cpu Got response for addr 0x12080 , 73856
209946000: system.memobj: size 0x8
209946000: system.memobj: id 94061725737552
209946000: system.memobj: data_hex : 00FF00741B48FFC6 
209946000: system.memobj: data : 0000000011111111000000000111010000011011010010001111111111000110 
209946000: system.memobj: fix data : 0000000011111111000000000111010000011011010010001111111111000110 
209946000: system.memobj: -------------------------------------
209995000: system.memobj: mem->cpu Got response for addr 0x12088 , 73864
209995000: system.memobj: size 0x8
209995000: system.memobj: id 94061725737264
209995000: system.memobj: data_hex : A9000000FF741148 
209995000: system.memobj: data : 1010100100000000000000000000000011111111011101000001000101001000 
209995000: system.memobj: fix data : 1010100100000000000000000000000011111111011101000001000101001000 
209995000: system.memobj: -------------------------------------
210044000: system.memobj: mem->cpu Got response for addr 0x12088 , 73864
210044000: system.memobj: size 0x8
210044000: system.memobj: id 94061725737552
210044000: system.memobj: data_hex : A9000000FF741148 
210044000: system.memobj: data : 1010100100000000000000000000000011111111011101000001000101001000 
210044000: system.memobj: fix data : 1010100100000000000000000000000011111111011101000001000101001000 
210044000: system.memobj: -------------------------------------
210093000: system.memobj: mem->cpu Got response for addr 0x12088 , 73864
210093000: system.memobj: size 0x8
210093000: system.memobj: id 94061725737264
210093000: system.memobj: data_hex : A9000000FF741148 
210093000: system.memobj: data : 1010100100000000000000000000000011111111011101000001000101001000 
210093000: system.memobj: fix data : 1010100100000000000000000000000011111111011101000001000101001000 
210093000: system.memobj: -------------------------------------
210142000: system.memobj: mem->cpu Got response for addr 0x12090 , 73872
210142000: system.memobj: size 0x8
210142000: system.memobj: id 94061725737552
210142000: system.memobj: data_hex : FFC648C1E820EBD8 
210142000: system.memobj: data : 1111111111000110010010001100000111101000001000001110101111011000 
210142000: system.memobj: fix data : 1111111111000110010010001100000111101000001000001110101111011000 
210142000: system.memobj: -------------------------------------
210191000: system.memobj: mem->cpu Got response for addr 0x12090 , 73872
210191000: system.memobj: size 0x8
210191000: system.memobj: id 94061725737264
210191000: system.memobj: data_hex : FFC648C1E820EBD8 
210191000: system.memobj: data : 1111111111000110010010001100000111101000001000001110101111011000 
210191000: system.memobj: fix data : 1111111111000110010010001100000111101000001000001110101111011000 
210191000: system.memobj: -------------------------------------
210254000: system.memobj: mem->cpu Got response for addr 0x12090 , 73872
210254000: system.memobj: size 0x8
210254000: system.memobj: id 94061725737552
210254000: system.memobj: data_hex : FFC648C1E820EBD8 
210254000: system.memobj: data : 1111111111000110010010001100000111101000001000001110101111011000 
210254000: system.memobj: fix data : 1111111111000110010010001100000111101000001000001110101111011000 
210254000: system.memobj: -------------------------------------
210565000: system.memobj: mem->cpu Got response for addr 0x12070 , 73840
210565000: system.memobj: size 0x8
210565000: system.memobj: id 94061725737264
210565000: system.memobj: data_hex : 84C0742C48FFC684 
210565000: system.memobj: data : 1000010011000000011101000010110001001000111111111100011010000100 
210565000: system.memobj: fix data : 1000010011000000011101000010110001001000111111111100011010000100 
210565000: system.memobj: -------------------------------------
210614000: system.memobj: mem->cpu Got response for addr 0x12070 , 73840
210614000: system.memobj: size 0x8
210614000: system.memobj: id 94061725737552
210614000: system.memobj: data_hex : 84C0742C48FFC684 
210614000: system.memobj: data : 1000010011000000011101000010110001001000111111111100011010000100 
210614000: system.memobj: fix data : 1000010011000000011101000010110001001000111111111100011010000100 
210614000: system.memobj: -------------------------------------
210663000: system.memobj: mem->cpu Got response for addr 0x120a0 , 73888
210663000: system.memobj: size 0x8
210663000: system.memobj: id 94061725737264
210663000: system.memobj: data_hex : 488D0437C3909090 
210663000: system.memobj: data : 0100100010001101000001000011011111000011100100001001000010010000 
210663000: system.memobj: fix data : 0100100010001101000001000011011111000011100100001001000010010000 
210663000: system.memobj: -------------------------------------
210712000: system.memobj: mem->cpu Got response for addr 0x120a0 , 73888
210712000: system.memobj: size 0x8
210712000: system.memobj: id 94061725737552
210712000: system.memobj: data_hex : 488D0437C3909090 
210712000: system.memobj: data : 0100100010001101000001000011011111000011100100001001000010010000 
210712000: system.memobj: fix data : 0100100010001101000001000011011111000011100100001001000010010000 
210712000: system.memobj: -------------------------------------
210775000: system.memobj: mem->cpu Got response for addr 0x94b08 , 609032
210775000: system.memobj: size 0x8
210775000: system.memobj: id 94061725737264
210775000: system.memobj: data_hex : C5A3410000000000 
210775000: system.memobj: data : 1100010110100011010000010000000000000000000000000000000000000000 
210775000: system.memobj: hamming code addr: 609032 
210775000: system.memobj: hamming code out: 3 
210775000: system.memobj: find Error Bit index : 1 
210775000: system.memobj: hamming code addr: 609040 
210775000: system.memobj: hamming code out: 2 
210775000: system.memobj: hamming code addr: 609048 
210775000: system.memobj: hamming code out: 9 
210775000: system.memobj: hamming code addr: 609056 
210775000: system.memobj: hamming code out: 0 
210775000: system.memobj: hamming code addr: 609064 
210775000: system.memobj: hamming code out: 0 
210775000: system.memobj: hamming code addr: 609072 
210775000: system.memobj: hamming code out: 0 
210775000: system.memobj: hamming code addr: 609080 
210775000: system.memobj: hamming code out: 0 
210775000: system.memobj: hamming code addr: 609088 
210775000: system.memobj: hamming code out: 0 
210775000: system.memobj: fix data : 0100010110100011010000010000000000000000000000000000000000000000 
210775000: system.memobj: -------------------------------------
210838000: system.memobj: mem->cpu Got response for addr 0x1a340 , 107328
210838000: system.memobj: size 0x8
210838000: system.memobj: id 94061725737264
210838000: system.memobj: data_hex : E8CB79FFFF488B15 
210838000: system.memobj: data : 1110100011001011011110011111111111111111010010001000101100010101 
210838000: system.memobj: fix data : 1110100011001011011110011111111111111111010010001000101100010101 
210838000: system.memobj: -------------------------------------
210887000: system.memobj: mem->cpu Got response for addr 0x1a348 , 107336
210887000: system.memobj: size 0x8
210887000: system.memobj: id 94061725737552
210887000: system.memobj: data_hex : AC8A17004989C648 
210887000: system.memobj: data : 1010110010001010000101110000000001001001100010011100011001001000 
210887000: system.memobj: fix data : 1010110010001010000101110000000001001001100010011100011001001000 
210887000: system.memobj: -------------------------------------
210964000: system.memobj: mem->cpu Got response for addr 0x92df8 , 601592
210964000: system.memobj: size 0x8
210964000: system.memobj: id 94061725737264
210964000: system.memobj: data_hex : A8EDFFFFFF7F0000 
210964000: system.memobj: data : 1010100011101101111111111111111111111111011111110000000000000000 
210964000: system.memobj: hamming code addr: 601592 
210964000: system.memobj: hamming code out: 9 
210964000: system.memobj: find Error Bit index : 2 
210964000: system.memobj: hamming code addr: 601600 
210964000: system.memobj: hamming code out: 15 
210964000: system.memobj: hamming code addr: 601608 
210964000: system.memobj: hamming code out: 3 
210964000: system.memobj: hamming code addr: 601616 
210964000: system.memobj: hamming code out: 3 
210964000: system.memobj: hamming code addr: 601624 
210964000: system.memobj: hamming code out: 3 
210964000: system.memobj: hamming code addr: 601632 
210964000: system.memobj: hamming code out: 0 
210964000: system.memobj: hamming code addr: 601640 
210964000: system.memobj: hamming code out: 0 
210964000: system.memobj: hamming code addr: 601648 
210964000: system.memobj: hamming code out: 0 
210964000: system.memobj: fix data : 1110100011101101111111111111111111111111011111110000000000000000 
210964000: system.memobj: -------------------------------------
211013000: system.memobj: mem->cpu Got response for addr 0x1a348 , 107336
211013000: system.memobj: size 0x8
211013000: system.memobj: id 94061725737264
211013000: system.memobj: data_hex : AC8A17004989C648 
211013000: system.memobj: data : 1010110010001010000101110000000001001001100010011100011001001000 
211013000: system.memobj: fix data : 1010110010001010000101110000000001001001100010011100011001001000 
211013000: system.memobj: -------------------------------------
211062000: system.memobj: mem->cpu Got response for addr 0x1a348 , 107336
211062000: system.memobj: size 0x8
211062000: system.memobj: id 94061725737552
211062000: system.memobj: data_hex : AC8A17004989C648 
211062000: system.memobj: data : 1010110010001010000101110000000001001001100010011100011001001000 
211062000: system.memobj: fix data : 1010110010001010000101110000000001001001100010011100011001001000 
211062000: system.memobj: -------------------------------------
211111000: system.memobj: mem->cpu Got response for addr 0x1a350 , 107344
211111000: system.memobj: size 0x8
211111000: system.memobj: id 94061725737264
211111000: system.memobj: data_hex : 85D27409410FB604 
211111000: system.memobj: data : 1000010111010010011101000000100101000001000011111011011000000100 
211111000: system.memobj: fix data : 1000010111010010011101000000100101000001000011111011011000000100 
211111000: system.memobj: -------------------------------------
211160000: system.memobj: mem->cpu Got response for addr 0x1a350 , 107344
211160000: system.memobj: size 0x8
211160000: system.memobj: id 94061725737552
211160000: system.memobj: data_hex : 85D27409410FB604 
211160000: system.memobj: data : 1000010111010010011101000000100101000001000011111011011000000100 
211160000: system.memobj: fix data : 1000010111010010011101000000100101000001000011111011011000000100 
211160000: system.memobj: -------------------------------------
211209000: system.memobj: mem->cpu Got response for addr 0x1a350 , 107344
211209000: system.memobj: size 0x8
211209000: system.memobj: id 94061725737264
211209000: system.memobj: data_hex : 85D27409410FB604 
211209000: system.memobj: data : 1000010111010010011101000000100101000001000011111011011000000100 
211209000: system.memobj: fix data : 1000010111010010011101000000100101000001000011111011011000000100 
211209000: system.memobj: -------------------------------------
211258000: system.memobj: mem->cpu Got response for addr 0x1a358 , 107352
211258000: system.memobj: size 0x8
211258000: system.memobj: id 94061725737552
211258000: system.memobj: data_hex : 2484C0752331C048 
211258000: system.memobj: data : 0010010010000100110000000111010100100011001100011100000001001000 
211258000: system.memobj: fix data : 0010010010000100110000000111010100100011001100011100000001001000 
211258000: system.memobj: -------------------------------------
211321000: system.memobj: mem->cpu Got response for addr 0x5ed61 , 388449
211321000: system.memobj: size 0x1
211321000: system.memobj: id 94061725737264
211321000: system.memobj: data_hex : 4C 
211321000: system.memobj: data : 01001100 
211321000: system.memobj: fix data : 01001100 
211321000: system.memobj: -------------------------------------
211370000: system.memobj: mem->cpu Got response for addr 0x1a358 , 107352
211370000: system.memobj: size 0x8
211370000: system.memobj: id 94061725737264
211370000: system.memobj: data_hex : 2484C0752331C048 
211370000: system.memobj: data : 0010010010000100110000000111010100100011001100011100000001001000 
211370000: system.memobj: fix data : 0010010010000100110000000111010100100011001100011100000001001000 
211370000: system.memobj: -------------------------------------
211419000: system.memobj: mem->cpu Got response for addr 0x1a358 , 107352
211419000: system.memobj: size 0x8
211419000: system.memobj: id 94061725737552
211419000: system.memobj: data_hex : 2484C0752331C048 
211419000: system.memobj: data : 0010010010000100110000000111010100100011001100011100000001001000 
211419000: system.memobj: fix data : 0010010010000100110000000111010100100011001100011100000001001000 
211419000: system.memobj: -------------------------------------
211468000: system.memobj: mem->cpu Got response for addr 0x1a380 , 107392
211468000: system.memobj: size 0x8
211468000: system.memobj: id 94061725737264
211468000: system.memobj: data_hex : 41807C240100752E 
211468000: system.memobj: data : 0100000110000000011111000010010000000001000000000111010100101110 
211468000: system.memobj: fix data : 0100000110000000011111000010010000000001000000000111010100101110 
211468000: system.memobj: -------------------------------------
211517000: system.memobj: mem->cpu Got response for addr 0x5ed62 , 388450
211517000: system.memobj: size 0x1
211517000: system.memobj: id 94061725737552
211517000: system.memobj: data_hex : 44 
211517000: system.memobj: data : 01000100 
211517000: system.memobj: fix data : 01000100 
211517000: system.memobj: -------------------------------------
211566000: system.memobj: mem->cpu Got response for addr 0x1a380 , 107392
211566000: system.memobj: size 0x8
211566000: system.memobj: id 94061725737552
211566000: system.memobj: data_hex : 41807C240100752E 
211566000: system.memobj: data : 0100000110000000011111000010010000000001000000000111010100101110 
211566000: system.memobj: fix data : 0100000110000000011111000010010000000001000000000111010100101110 
211566000: system.memobj: -------------------------------------
211615000: system.memobj: mem->cpu Got response for addr 0x1a3b0 , 107440
211615000: system.memobj: size 0x8
211615000: system.memobj: id 94061725737264
211615000: system.memobj: data_hex : 85DB75EDEBA7488B 
211615000: system.memobj: data : 1000010111011011011101011110110111101011101001110100100010001011 
211615000: system.memobj: fix data : 1000010111011011011101011110110111101011101001110100100010001011 
211615000: system.memobj: -------------------------------------
211664000: system.memobj: mem->cpu Got response for addr 0x1a3b8 , 107448
211664000: system.memobj: size 0x8
211664000: system.memobj: id 94061725737552
211664000: system.memobj: data_hex : 02450FB72C244983 
211664000: system.memobj: data : 0000001001000101000011111011011100101100001001000100100110000011 
211664000: system.memobj: fix data : 0000001001000101000011111011011100101100001001000100100110000011 
211664000: system.memobj: -------------------------------------
211713000: system.memobj: mem->cpu Got response for addr 0x94de8 , 609768
211713000: system.memobj: size 0x8
211713000: system.memobj: id 94061725737264
211713000: system.memobj: data_hex : 0000000000000000 
211713000: system.memobj: data : 0000000000000000000000000000000000000000000000000000000000000000 
211713000: system.memobj: fix data : 0000000000000000000000000000000000000000000000000000000000000000 
211713000: system.memobj: -------------------------------------
211762000: system.memobj: mem->cpu Got response for addr 0x1a3b8 , 107448
211762000: system.memobj: size 0x8
211762000: system.memobj: id 94061725737264
211762000: system.memobj: data_hex : 02450FB72C244983 
211762000: system.memobj: data : 0000001001000101000011111011011100101100001001000100100110000011 
211762000: system.memobj: fix data : 0000001001000101000011111011011100101100001001000100100110000011 
211762000: system.memobj: -------------------------------------
211811000: system.memobj: mem->cpu Got response for addr 0x5ed61 , 388449
211811000: system.memobj: size 0x2
211811000: system.memobj: id 94061725737552
211811000: system.memobj: data_hex : 4C44 
211811000: system.memobj: data : 0100110001000100 
211811000: system.memobj: fix data : 0100110001000100 
211811000: system.memobj: -------------------------------------
211860000: system.memobj: mem->cpu Got response for addr 0x1a3b8 , 107448
211860000: system.memobj: size 0x8
211860000: system.memobj: id 94061725737552
211860000: system.memobj: data_hex : 02450FB72C244983 
211860000: system.memobj: data : 0000001001000101000011111011011100101100001001000100100110000011 
211860000: system.memobj: fix data : 0000001001000101000011111011011100101100001001000100100110000011 
211860000: system.memobj: -------------------------------------
211923000: system.memobj: mem->cpu Got response for addr 0x1a3c0 , 107456
211923000: system.memobj: size 0x8
211923000: system.memobj: id 94061725737264
211923000: system.memobj: data_hex : EE024983C4024889 
211923000: system.memobj: data : 1110111000000010010010011000001111000100000000100100100010001001 
211923000: system.memobj: fix data : 1110111000000010010010011000001111000100000000100100100010001001 
211923000: system.memobj: -------------------------------------
211972000: system.memobj: mem->cpu Got response for addr 0x1a3c0 , 107456
211972000: system.memobj: size 0x8
211972000: system.memobj: id 94061725737552
211972000: system.memobj: data_hex : EE024983C4024889 
211972000: system.memobj: data : 1110111000000010010010011000001111000100000000100100100010001001 
211972000: system.memobj: fix data : 1110111000000010010010011000001111000100000000100100100010001001 
211972000: system.memobj: -------------------------------------
212021000: system.memobj: mem->cpu Got response for addr 0x1a3c0 , 107456
212021000: system.memobj: size 0x8
212021000: system.memobj: id 94061725737264
212021000: system.memobj: data_hex : EE024983C4024889 
212021000: system.memobj: data : 1110111000000010010010011000001111000100000000100100100010001001 
212021000: system.memobj: fix data : 1110111000000010010010011000001111000100000000100100100010001001 
212021000: system.memobj: -------------------------------------
212070000: system.memobj: mem->cpu Got response for addr 0x1a3c8 , 107464
212070000: system.memobj: size 0x8
212070000: system.memobj: id 94061725737552
212070000: system.memobj: data_hex : D54885C0748F4889 
212070000: system.memobj: data : 1101010101001000100001011100000001110100100011110100100010001001 
212070000: system.memobj: fix data : 1101010101001000100001011100000001110100100011110100100010001001 
212070000: system.memobj: -------------------------------------
212119000: system.memobj: mem->cpu Got response for addr 0x1a3c8 , 107464
212119000: system.memobj: size 0x8
212119000: system.memobj: id 94061725737264
212119000: system.memobj: data_hex : D54885C0748F4889 
212119000: system.memobj: data : 1101010101001000100001011100000001110100100011110100100010001001 
212119000: system.memobj: fix data : 1101010101001000100001011100000001110100100011110100100010001001 
212119000: system.memobj: -------------------------------------
212168000: system.memobj: mem->cpu Got response for addr 0x1a3c8 , 107464
212168000: system.memobj: size 0x8
212168000: system.memobj: id 94061725737552
212168000: system.memobj: data_hex : D54885C0748F4889 
212168000: system.memobj: data : 1101010101001000100001011100000001110100100011110100100010001001 
212168000: system.memobj: fix data : 1101010101001000100001011100000001110100100011110100100010001001 
212168000: system.memobj: -------------------------------------
212217000: system.memobj: mem->cpu Got response for addr 0x1a358 , 107352
212217000: system.memobj: size 0x8
212217000: system.memobj: id 94061725737264
212217000: system.memobj: data_hex : 2484C0752331C048 
212217000: system.memobj: data : 0010010010000100110000000111010100100011001100011100000001001000 
212217000: system.memobj: fix data : 0010010010000100110000000111010100100011001100011100000001001000 
212217000: system.memobj: -------------------------------------
212266000: system.memobj: mem->cpu Got response for addr 0x1a358 , 107352
212266000: system.memobj: size 0x8
212266000: system.memobj: id 94061725737552
212266000: system.memobj: data_hex : 2484C0752331C048 
212266000: system.memobj: data : 0010010010000100110000000111010100100011001100011100000001001000 
212266000: system.memobj: fix data : 0010010010000100110000000111010100100011001100011100000001001000 
212266000: system.memobj: -------------------------------------
212315000: system.memobj: mem->cpu Got response for addr 0x1a360 , 107360
212315000: system.memobj: size 0x8
212315000: system.memobj: id 94061725737264
212315000: system.memobj: data_hex : 8B1C24488B6C2408 
212315000: system.memobj: data : 1000101100011100001001000100100010001011011011000010010000001000 
212315000: system.memobj: fix data : 1000101100011100001001000100100010001011011011000010010000001000 
212315000: system.memobj: -------------------------------------
212364000: system.memobj: mem->cpu Got response for addr 0x94b10 , 609040
212364000: system.memobj: size 0x8
212364000: system.memobj: id 94061725737552
212364000: system.memobj: data_hex : 0517470000000000 
212364000: system.memobj: data : 0000010100010111010001110000000000000000000000000000000000000000 
212364000: system.memobj: hamming code addr: 609040 
212364000: system.memobj: hamming code out: 13 
212364000: system.memobj: find Error Bit index : 7 
212364000: system.memobj: hamming code addr: 609048 
212364000: system.memobj: hamming code out: 10 
212364000: system.memobj: hamming code addr: 609056 
212364000: system.memobj: hamming code out: 8 
212364000: system.memobj: hamming code addr: 609064 
212364000: system.memobj: hamming code out: 0 
212364000: system.memobj: hamming code addr: 609072 
212364000: system.memobj: hamming code out: 0 
212364000: system.memobj: hamming code addr: 609080 
212364000: system.memobj: hamming code out: 0 
212364000: system.memobj: hamming code addr: 609088 
212364000: system.memobj: hamming code out: 0 
212364000: system.memobj: hamming code addr: 609096 
212364000: system.memobj: hamming code out: 0 
212364000: system.memobj: fix data : 0000011100010111010001110000000000000000000000000000000000000000 
212364000: system.memobj: -------------------------------------
212413000: system.memobj: mem->cpu Got response for addr 0x1a360 , 107360
212413000: system.memobj: size 0x8
212413000: system.memobj: id 94061725737552
212413000: system.memobj: data_hex : 8B1C24488B6C2408 
212413000: system.memobj: data : 1000101100011100001001000100100010001011011011000010010000001000 
212413000: system.memobj: fix data : 1000101100011100001001000100100010001011011011000010010000001000 
212413000: system.memobj: -------------------------------------
212462000: system.memobj: mem->cpu Got response for addr 0x94b18 , 609048
212462000: system.memobj: size 0x8
212462000: system.memobj: id 94061725737264
212462000: system.memobj: data_hex : F8EDFFFFFF7F0000 
212462000: system.memobj: data : 1111100011101101111111111111111111111111011111110000000000000000 
212462000: system.memobj: hamming code addr: 609048 
212462000: system.memobj: hamming code out: 8 
212462000: system.memobj: find Error Bit index : 3 
212462000: system.memobj: hamming code addr: 609056 
212462000: system.memobj: hamming code out: 15 
212462000: system.memobj: hamming code addr: 609064 
212462000: system.memobj: hamming code out: 3 
212462000: system.memobj: hamming code addr: 609072 
212462000: system.memobj: hamming code out: 3 
212462000: system.memobj: hamming code addr: 609080 
212462000: system.memobj: hamming code out: 3 
212462000: system.memobj: hamming code addr: 609088 
212462000: system.memobj: hamming code out: 0 
212462000: system.memobj: hamming code addr: 609096 
212462000: system.memobj: hamming code out: 0 
212462000: system.memobj: hamming code addr: 609104 
212462000: system.memobj: hamming code out: 0 
212462000: system.memobj: fix data : 1101100011101101111111111111111111111111011111110000000000000000 
212462000: system.memobj: -------------------------------------
212511000: system.memobj: mem->cpu Got response for addr 0x1a368 , 107368
212511000: system.memobj: size 0x8
212511000: system.memobj: id 94061725737264
212511000: system.memobj: data_hex : 4C8B6424104C8B6C 
212511000: system.memobj: data : 0100110010001011011001000010010000010000010011001000101101101100 
212511000: system.memobj: fix data : 0100110010001011011001000010010000010000010011001000101101101100 
212511000: system.memobj: -------------------------------------
212560000: system.memobj: mem->cpu Got response for addr 0x94b20 , 609056
212560000: system.memobj: size 0x8
212560000: system.memobj: id 94061725737552
212560000: system.memobj: data_hex : 8100000000000000 
212560000: system.memobj: data : 1000000100000000000000000000000000000000000000000000000000000000 
212560000: system.memobj: hamming code addr: 609056 
212560000: system.memobj: hamming code out: 12 
212560000: system.memobj: find Error Bit index : 1 
212560000: system.memobj: hamming code addr: 609064 
212560000: system.memobj: hamming code out: 0 
212560000: system.memobj: hamming code addr: 609072 
212560000: system.memobj: hamming code out: 0 
212560000: system.memobj: hamming code addr: 609080 
212560000: system.memobj: hamming code out: 0 
212560000: system.memobj: hamming code addr: 609088 
212560000: system.memobj: hamming code out: 0 
212560000: system.memobj: hamming code addr: 609096 
212560000: system.memobj: hamming code out: 0 
212560000: system.memobj: hamming code addr: 609104 
212560000: system.memobj: hamming code out: 0 
212560000: system.memobj: hamming code addr: 609112 
212560000: system.memobj: hamming code out: 0 
212560000: system.memobj: fix data : 0000000100000000000000000000000000000000000000000000000000000000 
212560000: system.memobj: -------------------------------------
212609000: system.memobj: mem->cpu Got response for addr 0x1a368 , 107368
212609000: system.memobj: size 0x8
212609000: system.memobj: id 94061725737552
212609000: system.memobj: data_hex : 4C8B6424104C8B6C 
212609000: system.memobj: data : 0100110010001011011001000010010000010000010011001000101101101100 
212609000: system.memobj: fix data : 0100110010001011011001000010010000010000010011001000101101101100 
212609000: system.memobj: -------------------------------------
212658000: system.memobj: mem->cpu Got response for addr 0x1a370 , 107376
212658000: system.memobj: size 0x8
212658000: system.memobj: id 94061725737264
212658000: system.memobj: data_hex : 24184C8B74242048 
212658000: system.memobj: data : 0010010000011000010011001000101101110100001001000010000001001000 
212658000: system.memobj: fix data : 0010010000011000010011001000101101110100001001000010000001001000 
212658000: system.memobj: -------------------------------------
212707000: system.memobj: mem->cpu Got response for addr 0x94b28 , 609064
212707000: system.memobj: size 0x8
212707000: system.memobj: id 94061725737552
212707000: system.memobj: data_hex : 0900000000000000 
212707000: system.memobj: data : 0000100100000000000000000000000000000000000000000000000000000000 
212707000: system.memobj: hamming code addr: 609064 
212707000: system.memobj: hamming code out: 12 
212707000: system.memobj: find Error Bit index : 5 
212707000: system.memobj: hamming code addr: 609072 
212707000: system.memobj: hamming code out: 0 
212707000: system.memobj: hamming code addr: 609080 
212707000: system.memobj: hamming code out: 0 
212707000: system.memobj: hamming code addr: 609088 
212707000: system.memobj: hamming code out: 0 
212707000: system.memobj: hamming code addr: 609096 
212707000: system.memobj: hamming code out: 0 
212707000: system.memobj: hamming code addr: 609104 
212707000: system.memobj: hamming code out: 0 
212707000: system.memobj: hamming code addr: 609112 
212707000: system.memobj: hamming code out: 0 
212707000: system.memobj: hamming code addr: 609120 
212707000: system.memobj: hamming code out: 0 
212707000: system.memobj: fix data : 0000000100000000000000000000000000000000000000000000000000000000 
212707000: system.memobj: -------------------------------------
212756000: system.memobj: mem->cpu Got response for addr 0x1a370 , 107376
212756000: system.memobj: size 0x8
212756000: system.memobj: id 94061725737552
212756000: system.memobj: data_hex : 24184C8B74242048 
212756000: system.memobj: data : 0010010000011000010011001000101101110100001001000010000001001000 
212756000: system.memobj: fix data : 0010010000011000010011001000101101110100001001000010000001001000 
212756000: system.memobj: -------------------------------------
212805000: system.memobj: mem->cpu Got response for addr 0x94b30 , 609072
212805000: system.memobj: size 0x8
212805000: system.memobj: id 94061725737264
212805000: system.memobj: data_hex : F8EDFFFFFF7F0000 
212805000: system.memobj: data : 1111100011101101111111111111111111111111011111110000000000000000 
212805000: system.memobj: hamming code addr: 609072 
212805000: system.memobj: hamming code out: 8 
212805000: system.memobj: find Error Bit index : 3 
212805000: system.memobj: hamming code addr: 609080 
212805000: system.memobj: hamming code out: 15 
212805000: system.memobj: hamming code addr: 609088 
212805000: system.memobj: hamming code out: 3 
212805000: system.memobj: hamming code addr: 609096 
212805000: system.memobj: hamming code out: 3 
212805000: system.memobj: hamming code addr: 609104 
212805000: system.memobj: hamming code out: 3 
212805000: system.memobj: hamming code addr: 609112 
212805000: system.memobj: hamming code out: 0 
212805000: system.memobj: hamming code addr: 609120 
212805000: system.memobj: hamming code out: 0 
212805000: system.memobj: hamming code addr: 609128 
212805000: system.memobj: hamming code out: 0 
212805000: system.memobj: fix data : 1101100011101101111111111111111111111111011111110000000000000000 
212805000: system.memobj: -------------------------------------
212854000: system.memobj: mem->cpu Got response for addr 0x1a370 , 107376
212854000: system.memobj: size 0x8
212854000: system.memobj: id 94061725737264
212854000: system.memobj: data_hex : 24184C8B74242048 
212854000: system.memobj: data : 0010010000011000010011001000101101110100001001000010000001001000 
212854000: system.memobj: fix data : 0010010000011000010011001000101101110100001001000010000001001000 
212854000: system.memobj: -------------------------------------
212903000: system.memobj: mem->cpu Got response for addr 0x1a378 , 107384
212903000: system.memobj: size 0x8
212903000: system.memobj: id 94061725737552
212903000: system.memobj: data_hex : 83C428C366666690 
212903000: system.memobj: data : 1000001111000100001010001100001101100110011001100110011010010000 
212903000: system.memobj: fix data : 1000001111000100001010001100001101100110011001100110011010010000 
212903000: system.memobj: -------------------------------------
212966000: system.memobj: mem->cpu Got response for addr 0x1a378 , 107384
212966000: system.memobj: size 0x8
212966000: system.memobj: id 94061725737264
212966000: system.memobj: data_hex : 83C428C366666690 
212966000: system.memobj: data : 1000001111000100001010001100001101100110011001100110011010010000 
212966000: system.memobj: fix data : 1000001111000100001010001100001101100110011001100110011010010000 
212966000: system.memobj: -------------------------------------
213015000: system.memobj: mem->cpu Got response for addr 0x94b38 , 609080
213015000: system.memobj: size 0x8
213015000: system.memobj: id 94061725737552
213015000: system.memobj: data_hex : F55C410000000000 
213015000: system.memobj: data : 1111010101011100010000010000000000000000000000000000000000000000 
213015000: system.memobj: hamming code addr: 609080 
213015000: system.memobj: hamming code out: 6 
213015000: system.memobj: find Error Bit index : 4 
213015000: system.memobj: hamming code addr: 609088 
213015000: system.memobj: hamming code out: 1 
213015000: system.memobj: hamming code addr: 609096 
213015000: system.memobj: hamming code out: 9 
213015000: system.memobj: hamming code addr: 609104 
213015000: system.memobj: hamming code out: 0 
213015000: system.memobj: hamming code addr: 609112 
213015000: system.memobj: hamming code out: 0 
213015000: system.memobj: hamming code addr: 609120 
213015000: system.memobj: hamming code out: 0 
213015000: system.memobj: hamming code addr: 609128 
213015000: system.memobj: hamming code out: 0 
213015000: system.memobj: hamming code addr: 609136 
213015000: system.memobj: hamming code out: 0 
213015000: system.memobj: fix data : 1110010101011100010000010000000000000000000000000000000000000000 
213015000: system.memobj: -------------------------------------
213092000: system.memobj: mem->cpu Got response for addr 0x15ce0 , 89312
213092000: system.memobj: size 0x8
213092000: system.memobj: id 94061725737552
213092000: system.memobj: data_hex : E83B4600004885C0 
213092000: system.memobj: data : 1110100000111011010001100000000000000000010010001000010111000000 
213092000: system.memobj: fix data : 1110100000111011010001100000000000000000010010001000010111000000 
213092000: system.memobj: -------------------------------------
213141000: system.memobj: mem->cpu Got response for addr 0x15ce8 , 89320
213141000: system.memobj: size 0x8
213141000: system.memobj: id 94061725737264
213141000: system.memobj: data_hex : BF6DED4500480F44 
213141000: system.memobj: data : 1011111101101101111011010100010100000000010010000000111101000100 
213141000: system.memobj: fix data : 1011111101101101111011010100010100000000010010000000111101000100 
213141000: system.memobj: -------------------------------------
213190000: system.memobj: mem->cpu Got response for addr 0x15ce8 , 89320
213190000: system.memobj: size 0x8
213190000: system.memobj: id 94061725737552
213190000: system.memobj: data_hex : BF6DED4500480F44 
213190000: system.memobj: data : 1011111101101101111011010100010100000000010010000000111101000100 
213190000: system.memobj: fix data : 1011111101101101111011010100010100000000010010000000111101000100 
213190000: system.memobj: -------------------------------------
213239000: system.memobj: mem->cpu Got response for addr 0x15cf0 , 89328
213239000: system.memobj: size 0x8
213239000: system.memobj: id 94061725737264
213239000: system.memobj: data_hex : C38038000F94C00F 
213239000: system.memobj: data : 1100001110000000001110000000000000001111100101001100000000001111 
213239000: system.memobj: fix data : 1100001110000000001110000000000000001111100101001100000000001111 
213239000: system.memobj: -------------------------------------
213288000: system.memobj: mem->cpu Got response for addr 0x15cf0 , 89328
213288000: system.memobj: size 0x8
213288000: system.memobj: id 94061725737552
213288000: system.memobj: data_hex : C38038000F94C00F 
213288000: system.memobj: data : 1100001110000000001110000000000000001111100101001100000000001111 
213288000: system.memobj: fix data : 1100001110000000001110000000000000001111100101001100000000001111 
213288000: system.memobj: -------------------------------------
213351000: system.memobj: mem->cpu Got response for addr 0x71707 , 464647
213351000: system.memobj: size 0x1
213351000: system.memobj: id 94061725737264
213351000: system.memobj: data_hex : 00 
213351000: system.memobj: data : 00000000 
213351000: system.memobj: fix data : 00000000 
213351000: system.memobj: -------------------------------------
213400000: system.memobj: mem->cpu Got response for addr 0x15cf0 , 89328
213400000: system.memobj: size 0x8
213400000: system.memobj: id 94061725737264
213400000: system.memobj: data_hex : C38038000F94C00F 
213400000: system.memobj: data : 1100001110000000001110000000000000001111100101001100000000001111 
213400000: system.memobj: fix data : 1100001110000000001110000000000000001111100101001100000000001111 
213400000: system.memobj: -------------------------------------
213449000: system.memobj: mem->cpu Got response for addr 0x15cf0 , 89328
213449000: system.memobj: size 0x8
213449000: system.memobj: id 94061725737552
213449000: system.memobj: data_hex : C38038000F94C00F 
213449000: system.memobj: data : 1100001110000000001110000000000000001111100101001100000000001111 
213449000: system.memobj: fix data : 1100001110000000001110000000000000001111100101001100000000001111 
213449000: system.memobj: -------------------------------------
213498000: system.memobj: mem->cpu Got response for addr 0x15cf8 , 89336
213498000: system.memobj: size 0x8
213498000: system.memobj: id 94061725737264
213498000: system.memobj: data_hex : B6C08905D8D71700 
213498000: system.memobj: data : 1011011011000000100010010000010111011000110101110001011100000000 
213498000: system.memobj: fix data : 1011011011000000100010010000010111011000110101110001011100000000 
213498000: system.memobj: -------------------------------------
213547000: system.memobj: mem->cpu Got response for addr 0x15cf8 , 89336
213547000: system.memobj: size 0x8
213547000: system.memobj: id 94061725737552
213547000: system.memobj: data_hex : B6C08905D8D71700 
213547000: system.memobj: data : 1011011011000000100010010000010111011000110101110001011100000000 
213547000: system.memobj: fix data : 1011011011000000100010010000010111011000110101110001011100000000 
213547000: system.memobj: -------------------------------------
213547000: system.memobj: cpu->mem Got request for addr 0x934d8 , 603352
213547000: system.memobj: size 0x4
213547000: system.memobj: id 94061725737840
213547000: system.memobj: data_hex : 01000000 
213547000: system.memobj: data : 00000001000000000000000000000000 
213547000: system.memobj: hamming code addr: 603352 
213547000: system.memobj: hamming code : 12 
213547000: system.memobj: hamming code addr: 603360 
213547000: system.memobj: hamming code : 0 
213547000: system.memobj: hamming code addr: 603368 
213547000: system.memobj: hamming code : 0 
213547000: system.memobj: hamming code addr: 603376 
213547000: system.memobj: hamming code : 0 
213547000: system.memobj: Enter Error Bit index: 2 
213547000: system.memobj: flip data : 01000001000000000000000000000000 
213547000: system.memobj: -------------------------------------
213617000: system.memobj: mem->cpu Got response for addr 0x15d00 , 89344
213617000: system.memobj: size 0x8
213617000: system.memobj: id 94061725737840
213617000: system.memobj: data_hex : E81B4600004885C0 
213617000: system.memobj: data : 1110100000011011010001100000000000000000010010001000010111000000 
213617000: system.memobj: fix data : 1110100000011011010001100000000000000000010010001000010111000000 
213617000: system.memobj: -------------------------------------
213617000: system.memobj: cpu->mem Got request for addr 0x94b38 , 609080
213617000: system.memobj: size 0x8
213617000: system.memobj: id 94061725738128
213617000: system.memobj: data_hex : 055D410000000000 
213617000: system.memobj: data : 0000010101011101010000010000000000000000000000000000000000000000 
213617000: system.memobj: hamming code addr: 609080 
213617000: system.memobj: hamming code : 6 
213617000: system.memobj: hamming code addr: 609088 
213617000: system.memobj: hamming code : 13 
213617000: system.memobj: hamming code addr: 609096 
213617000: system.memobj: hamming code : 9 
213617000: system.memobj: hamming code addr: 609104 
213617000: system.memobj: hamming code : 0 
213617000: system.memobj: hamming code addr: 609112 
213617000: system.memobj: hamming code : 0 
213617000: system.memobj: hamming code addr: 609120 
213617000: system.memobj: hamming code : 0 
213617000: system.memobj: hamming code addr: 609128 
213617000: system.memobj: hamming code : 0 
213617000: system.memobj: hamming code addr: 609136 
213617000: system.memobj: hamming code : 0 
213617000: system.memobj: Enter Error Bit index: 7 
213617000: system.memobj: flip data : 0000011101011101010000010000000000000000000000000000000000000000 
213617000: system.memobj: -------------------------------------
213687000: system.memobj: mem->cpu Got response for addr 0x1a320 , 107296
213687000: system.memobj: size 0x8
213687000: system.memobj: id 94061725738128
213687000: system.memobj: data_hex : 4C896424E84C8974 
213687000: system.memobj: data : 0100110010001001011001000010010011101000010011001000100101110100 
213687000: system.memobj: fix data : 0100110010001001011001000010010011101000010011001000100101110100 
213687000: system.memobj: -------------------------------------
213687000: system.memobj: cpu->mem Got request for addr 0x94b20 , 609056
213687000: system.memobj: size 0x8
213687000: system.memobj: id 94061725737840
213687000: system.memobj: data_hex : 0100000000000000 
213687000: system.memobj: data : 0000000100000000000000000000000000000000000000000000000000000000 
213687000: system.memobj: hamming code addr: 609056 
213687000: system.memobj: hamming code : 12 
213687000: system.memobj: hamming code addr: 609064 
213687000: system.memobj: hamming code : 0 
213687000: system.memobj: hamming code addr: 609072 
213687000: system.memobj: hamming code : 0 
213687000: system.memobj: hamming code addr: 609080 
213687000: system.memobj: hamming code : 0 
213687000: system.memobj: hamming code addr: 609088 
213687000: system.memobj: hamming code : 0 
213687000: system.memobj: hamming code addr: 609096 
213687000: system.memobj: hamming code : 0 
213687000: system.memobj: hamming code addr: 609104 
213687000: system.memobj: hamming code : 0 
213687000: system.memobj: hamming code addr: 609112 
213687000: system.memobj: hamming code : 0 
213687000: system.memobj: Enter Error Bit index: 5 
213687000: system.memobj: flip data : 0000100100000000000000000000000000000000000000000000000000000000 
213687000: system.memobj: -------------------------------------
213757000: system.memobj: mem->cpu Got response for addr 0x1a320 , 107296
213757000: system.memobj: size 0x8
213757000: system.memobj: id 94061725737840
213757000: system.memobj: data_hex : 4C896424E84C8974 
213757000: system.memobj: data : 0100110010001001011001000010010011101000010011001000100101110100 
213757000: system.memobj: fix data : 0100110010001001011001000010010011101000010011001000100101110100 
213757000: system.memobj: -------------------------------------
213806000: system.memobj: mem->cpu Got response for addr 0x1a328 , 107304
213806000: system.memobj: size 0x8
213806000: system.memobj: id 94061725738128
213806000: system.memobj: data_hex : 24F84989FC48895C 
213806000: system.memobj: data : 0010010011111000010010011000100111111100010010001000100101011100 
213806000: system.memobj: fix data : 0010010011111000010010011000100111111100010010001000100101011100 
213806000: system.memobj: -------------------------------------
213806000: system.memobj: cpu->mem Got request for addr 0x94b30 , 609072
213806000: system.memobj: size 0x8
213806000: system.memobj: id 94061725737840
213806000: system.memobj: data_hex : D8EDFFFFFF7F0000 
213806000: system.memobj: data : 1101100011101101111111111111111111111111011111110000000000000000 
213806000: system.memobj: hamming code addr: 609072 
213806000: system.memobj: hamming code : 8 
213806000: system.memobj: hamming code addr: 609080 
213806000: system.memobj: hamming code : 15 
213806000: system.memobj: hamming code addr: 609088 
213806000: system.memobj: hamming code : 3 
213806000: system.memobj: hamming code addr: 609096 
213806000: system.memobj: hamming code : 3 
213806000: system.memobj: hamming code addr: 609104 
213806000: system.memobj: hamming code : 3 
213806000: system.memobj: hamming code addr: 609112 
213806000: system.memobj: hamming code : 0 
213806000: system.memobj: hamming code addr: 609120 
213806000: system.memobj: hamming code : 0 
213806000: system.memobj: hamming code addr: 609128 
213806000: system.memobj: hamming code : 0 
213806000: system.memobj: Enter Error Bit index: 2 
213806000: system.memobj: flip data : 1001100011101101111111111111111111111111011111110000000000000000 
213806000: system.memobj: -------------------------------------
213876000: system.memobj: mem->cpu Got response for addr 0x1a328 , 107304
213876000: system.memobj: size 0x8
213876000: system.memobj: id 94061725737840
213876000: system.memobj: data_hex : 24F84989FC48895C 
213876000: system.memobj: data : 0010010011111000010010011000100111111100010010001000100101011100 
213876000: system.memobj: fix data : 0010010011111000010010011000100111111100010010001000100101011100 
213876000: system.memobj: -------------------------------------
213925000: system.memobj: mem->cpu Got response for addr 0x1a328 , 107304
213925000: system.memobj: size 0x8
213925000: system.memobj: id 94061725738128
213925000: system.memobj: data_hex : 24F84989FC48895C 
213925000: system.memobj: data : 0010010011111000010010011000100111111100010010001000100101011100 
213925000: system.memobj: fix data : 0010010011111000010010011000100111111100010010001000100101011100 
213925000: system.memobj: -------------------------------------
213974000: system.memobj: mem->cpu Got response for addr 0x1a330 , 107312
213974000: system.memobj: size 0x8
213974000: system.memobj: id 94061725737840
213974000: system.memobj: data_hex : 24D848896C24E04C 
213974000: system.memobj: data : 0010010011011000010010001000100101101100001001001110000001001100 
213974000: system.memobj: fix data : 0010010011011000010010001000100101101100001001001110000001001100 
213974000: system.memobj: -------------------------------------
213974000: system.memobj: cpu->mem Got request for addr 0x94b10 , 609040
213974000: system.memobj: size 0x8
213974000: system.memobj: id 94061725738128
213974000: system.memobj: data_hex : 0717470000000000 
213974000: system.memobj: data : 0000011100010111010001110000000000000000000000000000000000000000 
213974000: system.memobj: hamming code addr: 609040 
213974000: system.memobj: hamming code : 13 
213974000: system.memobj: hamming code addr: 609048 
213974000: system.memobj: hamming code : 10 
213974000: system.memobj: hamming code addr: 609056 
213974000: system.memobj: hamming code : 8 
213974000: system.memobj: hamming code addr: 609064 
213974000: system.memobj: hamming code : 0 
213974000: system.memobj: hamming code addr: 609072 
213974000: system.memobj: hamming code : 0 
213974000: system.memobj: hamming code addr: 609080 
213974000: system.memobj: hamming code : 0 
213974000: system.memobj: hamming code addr: 609088 
213974000: system.memobj: hamming code : 0 
213974000: system.memobj: hamming code addr: 609096 
213974000: system.memobj: hamming code : 0 
213974000: system.memobj: Enter Error Bit index: 6 
213974000: system.memobj: flip data : 0000001100010111010001110000000000000000000000000000000000000000 
213974000: system.memobj: -------------------------------------
214044000: system.memobj: mem->cpu Got response for addr 0x1a330 , 107312
214044000: system.memobj: size 0x8
214044000: system.memobj: id 94061725738128
214044000: system.memobj: data_hex : 24D848896C24E04C 
214044000: system.memobj: data : 0010010011011000010010001000100101101100001001001110000001001100 
214044000: system.memobj: fix data : 0010010011011000010010001000100101101100001001001110000001001100 
214044000: system.memobj: -------------------------------------
214044000: system.memobj: cpu->mem Got request for addr 0x94b18 , 609048
214044000: system.memobj: size 0x8
214044000: system.memobj: id 94061725737840
214044000: system.memobj: data_hex : D8EDFFFFFF7F0000 
214044000: system.memobj: data : 1101100011101101111111111111111111111111011111110000000000000000 
214044000: system.memobj: hamming code addr: 609048 
214044000: system.memobj: hamming code : 8 
214044000: system.memobj: hamming code addr: 609056 
214044000: system.memobj: hamming code : 15 
214044000: system.memobj: hamming code addr: 609064 
214044000: system.memobj: hamming code : 3 
214044000: system.memobj: hamming code addr: 609072 
214044000: system.memobj: hamming code : 3 
214044000: system.memobj: hamming code addr: 609080 
214044000: system.memobj: hamming code : 3 
214044000: system.memobj: hamming code addr: 609088 
214044000: system.memobj: hamming code : 0 
214044000: system.memobj: hamming code addr: 609096 
214044000: system.memobj: hamming code : 0 
214044000: system.memobj: hamming code addr: 609104 
214044000: system.memobj: hamming code : 0 
214044000: system.memobj: Enter Error Bit index: 6 
214044000: system.memobj: flip data : 1101110011101101111111111111111111111111011111110000000000000000 
214044000: system.memobj: -------------------------------------
214114000: system.memobj: mem->cpu Got response for addr 0x1a330 , 107312
214114000: system.memobj: size 0x8
214114000: system.memobj: id 94061725737840
214114000: system.memobj: data_hex : 24D848896C24E04C 
214114000: system.memobj: data : 0010010011011000010010001000100101101100001001001110000001001100 
214114000: system.memobj: fix data : 0010010011011000010010001000100101101100001001001110000001001100 
214114000: system.memobj: -------------------------------------
214163000: system.memobj: mem->cpu Got response for addr 0x1a338 , 107320
214163000: system.memobj: size 0x8
214163000: system.memobj: id 94061725738128
214163000: system.memobj: data_hex : 896C24F04883EC28 
214163000: system.memobj: data : 1000100101101100001001001111000001001000100000111110110000101000 
214163000: system.memobj: fix data : 1000100101101100001001001111000001001000100000111110110000101000 
214163000: system.memobj: -------------------------------------
214163000: system.memobj: cpu->mem Got request for addr 0x94b28 , 609064
214163000: system.memobj: size 0x8
214163000: system.memobj: id 94061725737840
214163000: system.memobj: data_hex : 0100000000000000 
214163000: system.memobj: data : 0000000100000000000000000000000000000000000000000000000000000000 
214163000: system.memobj: hamming code addr: 609064 
214163000: system.memobj: hamming code : 12 
214163000: system.memobj: hamming code addr: 609072 
214163000: system.memobj: hamming code : 0 
214163000: system.memobj: hamming code addr: 609080 
214163000: system.memobj: hamming code : 0 
214163000: system.memobj: hamming code addr: 609088 
214163000: system.memobj: hamming code : 0 
214163000: system.memobj: hamming code addr: 609096 
214163000: system.memobj: hamming code : 0 
214163000: system.memobj: hamming code addr: 609104 
214163000: system.memobj: hamming code : 0 
214163000: system.memobj: hamming code addr: 609112 
214163000: system.memobj: hamming code : 0 
214163000: system.memobj: hamming code addr: 609120 
214163000: system.memobj: hamming code : 0 
214163000: system.memobj: Enter Error Bit index: 4 
214163000: system.memobj: flip data : 0001000100000000000000000000000000000000000000000000000000000000 
214163000: system.memobj: -------------------------------------
214233000: system.memobj: mem->cpu Got response for addr 0x1a338 , 107320
214233000: system.memobj: size 0x8
214233000: system.memobj: id 94061725737840
214233000: system.memobj: data_hex : 896C24F04883EC28 
214233000: system.memobj: data : 1000100101101100001001001111000001001000100000111110110000101000 
214233000: system.memobj: fix data : 1000100101101100001001001111000001001000100000111110110000101000 
214233000: system.memobj: -------------------------------------
214282000: system.memobj: mem->cpu Got response for addr 0x1a340 , 107328
214282000: system.memobj: size 0x8
214282000: system.memobj: id 94061725738128
214282000: system.memobj: data_hex : E8CB79FFFF488B15 
214282000: system.memobj: data : 1110100011001011011110011111111111111111010010001000101100010101 
214282000: system.memobj: fix data : 1110100011001011011110011111111111111111010010001000101100010101 
214282000: system.memobj: -------------------------------------
214282000: system.memobj: cpu->mem Got request for addr 0x94b08 , 609032
214282000: system.memobj: size 0x8
214282000: system.memobj: id 94061725737840
214282000: system.memobj: data_hex : 45A3410000000000 
214282000: system.memobj: data : 0100010110100011010000010000000000000000000000000000000000000000 
214282000: system.memobj: hamming code addr: 609032 
214282000: system.memobj: hamming code : 3 
214282000: system.memobj: hamming code addr: 609040 
214282000: system.memobj: hamming code : 2 
214282000: system.memobj: hamming code addr: 609048 
214282000: system.memobj: hamming code : 9 
214282000: system.memobj: hamming code addr: 609056 
214282000: system.memobj: hamming code : 0 
214282000: system.memobj: hamming code addr: 609064 
214282000: system.memobj: hamming code : 0 
214282000: system.memobj: hamming code addr: 609072 
214282000: system.memobj: hamming code : 0 
214282000: system.memobj: hamming code addr: 609080 
214282000: system.memobj: hamming code : 0 
214282000: system.memobj: hamming code addr: 609088 
214282000: system.memobj: hamming code : 0 
214282000: system.memobj: Enter Error Bit index: 2 
214282000: system.memobj: flip data : 0000010110100011010000010000000000000000000000000000000000000000 
214282000: system.memobj: -------------------------------------
214380000: system.memobj: mem->cpu Got response for addr 0x11d10 , 72976
214380000: system.memobj: size 0x8
214380000: system.memobj: id 94061725737840
214380000: system.memobj: data_hex : 4889FE48F7DF4989 
214380000: system.memobj: data : 0100100010001001111111100100100011110111110111110100100110001001 
214380000: system.memobj: fix data : 0100100010001001111111100100100011110111110111110100100110001001 
214380000: system.memobj: -------------------------------------
214429000: system.memobj: mem->cpu Got response for addr 0x11d10 , 72976
214429000: system.memobj: size 0x8
214429000: system.memobj: id 94061725738128
214429000: system.memobj: data_hex : 4889FE48F7DF4989 
214429000: system.memobj: data : 0100100010001001111111100100100011110111110111110100100110001001 
214429000: system.memobj: fix data : 0100100010001001111111100100100011110111110111110100100110001001 
214429000: system.memobj: -------------------------------------
214478000: system.memobj: mem->cpu Got response for addr 0x11d10 , 72976
214478000: system.memobj: size 0x8
214478000: system.memobj: id 94061725737840
214478000: system.memobj: data_hex : 4889FE48F7DF4989 
214478000: system.memobj: data : 0100100010001001111111100100100011110111110111110100100110001001 
214478000: system.memobj: fix data : 0100100010001001111111100100100011110111110111110100100110001001 
214478000: system.memobj: -------------------------------------
214527000: system.memobj: mem->cpu Got response for addr 0x11d18 , 72984
214527000: system.memobj: size 0x8
214527000: system.memobj: id 94061725738128
214527000: system.memobj: data_hex : F04183E007743149 
214527000: system.memobj: data : 1111000001000001100000111110000000000111011101000011000101001001 
214527000: system.memobj: fix data : 1111000001000001100000111110000000000111011101000011000101001001 
214527000: system.memobj: -------------------------------------
214576000: system.memobj: mem->cpu Got response for addr 0x11d18 , 72984
214576000: system.memobj: size 0x8
214576000: system.memobj: id 94061725737840
214576000: system.memobj: data_hex : F04183E007743149 
214576000: system.memobj: data : 1111000001000001100000111110000000000111011101000011000101001001 
214576000: system.memobj: fix data : 1111000001000001100000111110000000000111011101000011000101001001 
214576000: system.memobj: -------------------------------------
214625000: system.memobj: mem->cpu Got response for addr 0x11d18 , 72984
214625000: system.memobj: size 0x8
214625000: system.memobj: id 94061725738128
214625000: system.memobj: data_hex : F04183E007743149 
214625000: system.memobj: data : 1111000001000001100000111110000000000111011101000011000101001001 
214625000: system.memobj: fix data : 1111000001000001100000111110000000000111011101000011000101001001 
214625000: system.memobj: -------------------------------------
214674000: system.memobj: mem->cpu Got response for addr 0x11d18 , 72984
214674000: system.memobj: size 0x8
214674000: system.memobj: id 94061725737840
214674000: system.memobj: data_hex : F04183E007743149 
214674000: system.memobj: data : 1111000001000001100000111110000000000111011101000011000101001001 
214674000: system.memobj: fix data : 1111000001000001100000111110000000000111011101000011000101001001 
214674000: system.memobj: -------------------------------------
214723000: system.memobj: mem->cpu Got response for addr 0x11d20 , 72992
214723000: system.memobj: size 0x8
214723000: system.memobj: id 94061725738128
214723000: system.memobj: data_hex : 83E8086666669066 
214723000: system.memobj: data : 1000001111101000000010000110011001100110011001101001000001100110 
214723000: system.memobj: fix data : 1000001111101000000010000110011001100110011001101001000001100110 
214723000: system.memobj: -------------------------------------
214772000: system.memobj: mem->cpu Got response for addr 0x11d20 , 72992
214772000: system.memobj: size 0x8
214772000: system.memobj: id 94061725737840
214772000: system.memobj: data_hex : 83E8086666669066 
214772000: system.memobj: data : 1000001111101000000010000110011001100110011001101001000001100110 
214772000: system.memobj: fix data : 1000001111101000000010000110011001100110011001101001000001100110 
214772000: system.memobj: -------------------------------------
214821000: system.memobj: mem->cpu Got response for addr 0x11d20 , 72992
214821000: system.memobj: size 0x8
214821000: system.memobj: id 94061725738128
214821000: system.memobj: data_hex : 83E8086666669066 
214821000: system.memobj: data : 1000001111101000000010000110011001100110011001101001000001100110 
214821000: system.memobj: fix data : 1000001111101000000010000110011001100110011001101001000001100110 
214821000: system.memobj: -------------------------------------
214870000: system.memobj: mem->cpu Got response for addr 0x11d28 , 73000
214870000: system.memobj: size 0x8
214870000: system.memobj: id 94061725737840
214870000: system.memobj: data_hex : 6690666690666690 
214870000: system.memobj: data : 0110011010010000011001100110011010010000011001100110011010010000 
214870000: system.memobj: fix data : 0110011010010000011001100110011010010000011001100110011010010000 
214870000: system.memobj: -------------------------------------
214919000: system.memobj: mem->cpu Got response for addr 0x11d28 , 73000
214919000: system.memobj: size 0x8
214919000: system.memobj: id 94061725738128
214919000: system.memobj: data_hex : 6690666690666690 
214919000: system.memobj: data : 0110011010010000011001100110011010010000011001100110011010010000 
214919000: system.memobj: fix data : 0110011010010000011001100110011010010000011001100110011010010000 
214919000: system.memobj: -------------------------------------
214968000: system.memobj: mem->cpu Got response for addr 0x11d28 , 73000
214968000: system.memobj: size 0x8
214968000: system.memobj: id 94061725737840
214968000: system.memobj: data_hex : 6690666690666690 
214968000: system.memobj: data : 0110011010010000011001100110011010010000011001100110011010010000 
214968000: system.memobj: fix data : 0110011010010000011001100110011010010000011001100110011010010000 
214968000: system.memobj: -------------------------------------
215017000: system.memobj: mem->cpu Got response for addr 0x11d30 , 73008
215017000: system.memobj: size 0x8
215017000: system.memobj: id 94061725738128
215017000: system.memobj: data_hex : 803E000F84670300 
215017000: system.memobj: data : 1000000000111110000000000000111110000100011001110000001100000000 
215017000: system.memobj: fix data : 1000000000111110000000000000111110000100011001110000001100000000 
215017000: system.memobj: -------------------------------------
215066000: system.memobj: mem->cpu Got response for addr 0x5ed6d , 388461
215066000: system.memobj: size 0x1
215066000: system.memobj: id 94061725737840
215066000: system.memobj: data_hex : 4C 
215066000: system.memobj: data : 01001100 
215066000: system.memobj: fix data : 01001100 
215066000: system.memobj: -------------------------------------
215115000: system.memobj: mem->cpu Got response for addr 0x11d30 , 73008
215115000: system.memobj: size 0x8
215115000: system.memobj: id 94061725737840
215115000: system.memobj: data_hex : 803E000F84670300 
215115000: system.memobj: data : 1000000000111110000000000000111110000100011001110000001100000000 
215115000: system.memobj: fix data : 1000000000111110000000000000111110000100011001110000001100000000 
215115000: system.memobj: -------------------------------------
215164000: system.memobj: mem->cpu Got response for addr 0x11d38 , 73016
215164000: system.memobj: size 0x8
215164000: system.memobj: id 94061725738128
215164000: system.memobj: data_hex : 0048FFC649FFC075 
215164000: system.memobj: data : 0000000001001000111111111100011001001001111111111100000001110101 
215164000: system.memobj: fix data : 0000000001001000111111111100011001001001111111111100000001110101 
215164000: system.memobj: -------------------------------------
215227000: system.memobj: mem->cpu Got response for addr 0x11d38 , 73016
215227000: system.memobj: size 0x8
215227000: system.memobj: id 94061725737840
215227000: system.memobj: data_hex : 0048FFC649FFC075 
215227000: system.memobj: data : 0000000001001000111111111100011001001001111111111100000001110101 
215227000: system.memobj: fix data : 0000000001001000111111111100011001001001111111111100000001110101 
215227000: system.memobj: -------------------------------------
215276000: system.memobj: mem->cpu Got response for addr 0x11d38 , 73016
215276000: system.memobj: size 0x8
215276000: system.memobj: id 94061725738128
215276000: system.memobj: data_hex : 0048FFC649FFC075 
215276000: system.memobj: data : 0000000001001000111111111100011001001001111111111100000001110101 
215276000: system.memobj: fix data : 0000000001001000111111111100011001001001111111111100000001110101 
215276000: system.memobj: -------------------------------------
215325000: system.memobj: mem->cpu Got response for addr 0x11d38 , 73016
215325000: system.memobj: size 0x8
215325000: system.memobj: id 94061725737840
215325000: system.memobj: data_hex : 0048FFC649FFC075 
215325000: system.memobj: data : 0000000001001000111111111100011001001001111111111100000001110101 
215325000: system.memobj: fix data : 0000000001001000111111111100011001001001111111111100000001110101 
215325000: system.memobj: -------------------------------------
215374000: system.memobj: mem->cpu Got response for addr 0x11d40 , 73024
215374000: system.memobj: size 0x8
215374000: system.memobj: id 94061725738128
215374000: system.memobj: data_hex : EF66666690666666 
215374000: system.memobj: data : 1110111101100110011001100110011010010000011001100110011001100110 
215374000: system.memobj: fix data : 1110111101100110011001100110011010010000011001100110011001100110 
215374000: system.memobj: -------------------------------------
215423000: system.memobj: mem->cpu Got response for addr 0x11d30 , 73008
215423000: system.memobj: size 0x8
215423000: system.memobj: id 94061725737840
215423000: system.memobj: data_hex : 803E000F84670300 
215423000: system.memobj: data : 1000000000111110000000000000111110000100011001110000001100000000 
215423000: system.memobj: fix data : 1000000000111110000000000000111110000100011001110000001100000000 
215423000: system.memobj: -------------------------------------
215472000: system.memobj: mem->cpu Got response for addr 0x5ed6e , 388462
215472000: system.memobj: size 0x1
215472000: system.memobj: id 94061725738128
215472000: system.memobj: data_hex : 44 
215472000: system.memobj: data : 01000100 
215472000: system.memobj: fix data : 01000100 
215472000: system.memobj: -------------------------------------
215521000: system.memobj: mem->cpu Got response for addr 0x11d30 , 73008
215521000: system.memobj: size 0x8
215521000: system.memobj: id 94061725738128
215521000: system.memobj: data_hex : 803E000F84670300 
215521000: system.memobj: data : 1000000000111110000000000000111110000100011001110000001100000000 
215521000: system.memobj: fix data : 1000000000111110000000000000111110000100011001110000001100000000 
215521000: system.memobj: -------------------------------------
215570000: system.memobj: mem->cpu Got response for addr 0x11d38 , 73016
215570000: system.memobj: size 0x8
215570000: system.memobj: id 94061725737840
215570000: system.memobj: data_hex : 0048FFC649FFC075 
215570000: system.memobj: data : 0000000001001000111111111100011001001001111111111100000001110101 
215570000: system.memobj: fix data : 0000000001001000111111111100011001001001111111111100000001110101 
215570000: system.memobj: -------------------------------------
215619000: system.memobj: mem->cpu Got response for addr 0x11d38 , 73016
215619000: system.memobj: size 0x8
215619000: system.memobj: id 94061725738128
215619000: system.memobj: data_hex : 0048FFC649FFC075 
215619000: system.memobj: data : 0000000001001000111111111100011001001001111111111100000001110101 
215619000: system.memobj: fix data : 0000000001001000111111111100011001001001111111111100000001110101 
215619000: system.memobj: -------------------------------------
215668000: system.memobj: mem->cpu Got response for addr 0x11d38 , 73016
215668000: system.memobj: size 0x8
215668000: system.memobj: id 94061725737840
215668000: system.memobj: data_hex : 0048FFC649FFC075 
215668000: system.memobj: data : 0000000001001000111111111100011001001001111111111100000001110101 
215668000: system.memobj: fix data : 0000000001001000111111111100011001001001111111111100000001110101 
215668000: system.memobj: -------------------------------------
215717000: system.memobj: mem->cpu Got response for addr 0x11d38 , 73016
215717000: system.memobj: size 0x8
215717000: system.memobj: id 94061725738128
215717000: system.memobj: data_hex : 0048FFC649FFC075 
215717000: system.memobj: data : 0000000001001000111111111100011001001001111111111100000001110101 
215717000: system.memobj: fix data : 0000000001001000111111111100011001001001111111111100000001110101 
215717000: system.memobj: -------------------------------------
215766000: system.memobj: mem->cpu Got response for addr 0x11d40 , 73024
215766000: system.memobj: size 0x8
215766000: system.memobj: id 94061725737840
215766000: system.memobj: data_hex : EF66666690666666 
215766000: system.memobj: data : 1110111101100110011001100110011010010000011001100110011001100110 
215766000: system.memobj: fix data : 1110111101100110011001100110011010010000011001100110011001100110 
215766000: system.memobj: -------------------------------------
215815000: system.memobj: mem->cpu Got response for addr 0x11d30 , 73008
215815000: system.memobj: size 0x8
215815000: system.memobj: id 94061725738128
215815000: system.memobj: data_hex : 803E000F84670300 
215815000: system.memobj: data : 1000000000111110000000000000111110000100011001110000001100000000 
215815000: system.memobj: fix data : 1000000000111110000000000000111110000100011001110000001100000000 
215815000: system.memobj: -------------------------------------
215864000: system.memobj: mem->cpu Got response for addr 0x5ed6f , 388463
215864000: system.memobj: size 0x1
215864000: system.memobj: id 94061725737840
215864000: system.memobj: data_hex : 5F 
215864000: system.memobj: data : 01011111 
215864000: system.memobj: fix data : 01011111 
215864000: system.memobj: -------------------------------------
215913000: system.memobj: mem->cpu Got response for addr 0x11d30 , 73008
215913000: system.memobj: size 0x8
215913000: system.memobj: id 94061725737840
215913000: system.memobj: data_hex : 803E000F84670300 
215913000: system.memobj: data : 1000000000111110000000000000111110000100011001110000001100000000 
215913000: system.memobj: fix data : 1000000000111110000000000000111110000100011001110000001100000000 
215913000: system.memobj: -------------------------------------
215962000: system.memobj: mem->cpu Got response for addr 0x11d38 , 73016
215962000: system.memobj: size 0x8
215962000: system.memobj: id 94061725738128
215962000: system.memobj: data_hex : 0048FFC649FFC075 
215962000: system.memobj: data : 0000000001001000111111111100011001001001111111111100000001110101 
215962000: system.memobj: fix data : 0000000001001000111111111100011001001001111111111100000001110101 
215962000: system.memobj: -------------------------------------
216011000: system.memobj: mem->cpu Got response for addr 0x11d38 , 73016
216011000: system.memobj: size 0x8
216011000: system.memobj: id 94061725737840
216011000: system.memobj: data_hex : 0048FFC649FFC075 
216011000: system.memobj: data : 0000000001001000111111111100011001001001111111111100000001110101 
216011000: system.memobj: fix data : 0000000001001000111111111100011001001001111111111100000001110101 
216011000: system.memobj: -------------------------------------
216060000: system.memobj: mem->cpu Got response for addr 0x11d38 , 73016
216060000: system.memobj: size 0x8
216060000: system.memobj: id 94061725738128
216060000: system.memobj: data_hex : 0048FFC649FFC075 
216060000: system.memobj: data : 0000000001001000111111111100011001001001111111111100000001110101 
216060000: system.memobj: fix data : 0000000001001000111111111100011001001001111111111100000001110101 
216060000: system.memobj: -------------------------------------
216123000: system.memobj: mem->cpu Got response for addr 0x11d38 , 73016
216123000: system.memobj: size 0x8
216123000: system.memobj: id 94061725737840
216123000: system.memobj: data_hex : 0048FFC649FFC075 
216123000: system.memobj: data : 0000000001001000111111111100011001001001111111111100000001110101 
216123000: system.memobj: fix data : 0000000001001000111111111100011001001001111111111100000001110101 
216123000: system.memobj: -------------------------------------
216172000: system.memobj: mem->cpu Got response for addr 0x11d40 , 73024
216172000: system.memobj: size 0x8
216172000: system.memobj: id 94061725738128
216172000: system.memobj: data_hex : EF66666690666666 
216172000: system.memobj: data : 1110111101100110011001100110011010010000011001100110011001100110 
216172000: system.memobj: fix data : 1110111101100110011001100110011010010000011001100110011001100110 
216172000: system.memobj: -------------------------------------
216221000: system.memobj: mem->cpu Got response for addr 0x11d40 , 73024
216221000: system.memobj: size 0x8
216221000: system.memobj: id 94061725737840
216221000: system.memobj: data_hex : EF66666690666666 
216221000: system.memobj: data : 1110111101100110011001100110011010010000011001100110011001100110 
216221000: system.memobj: fix data : 1110111101100110011001100110011010010000011001100110011001100110 
216221000: system.memobj: -------------------------------------
216270000: system.memobj: mem->cpu Got response for addr 0x11d40 , 73024
216270000: system.memobj: size 0x8
216270000: system.memobj: id 94061725738128
216270000: system.memobj: data_hex : EF66666690666666 
216270000: system.memobj: data : 1110111101100110011001100110011010010000011001100110011001100110 
216270000: system.memobj: fix data : 1110111101100110011001100110011010010000011001100110011001100110 
216270000: system.memobj: -------------------------------------
216319000: system.memobj: mem->cpu Got response for addr 0x11d48 , 73032
216319000: system.memobj: size 0x8
216319000: system.memobj: id 94061725737840
216319000: system.memobj: data_hex : 9066666690666690 
216319000: system.memobj: data : 1001000001100110011001100110011010010000011001100110011010010000 
216319000: system.memobj: fix data : 1001000001100110011001100110011010010000011001100110011010010000 
216319000: system.memobj: -------------------------------------
216368000: system.memobj: mem->cpu Got response for addr 0x11d48 , 73032
216368000: system.memobj: size 0x8
216368000: system.memobj: id 94061725738128
216368000: system.memobj: data_hex : 9066666690666690 
216368000: system.memobj: data : 1001000001100110011001100110011010010000011001100110011010010000 
216368000: system.memobj: fix data : 1001000001100110011001100110011010010000011001100110011010010000 
216368000: system.memobj: -------------------------------------
216417000: system.memobj: mem->cpu Got response for addr 0x11d48 , 73032
216417000: system.memobj: size 0x8
216417000: system.memobj: id 94061725737840
216417000: system.memobj: data_hex : 9066666690666690 
216417000: system.memobj: data : 1001000001100110011001100110011010010000011001100110011010010000 
216417000: system.memobj: fix data : 1001000001100110011001100110011010010000011001100110011010010000 
216417000: system.memobj: -------------------------------------
216466000: system.memobj: mem->cpu Got response for addr 0x11d50 , 73040
216466000: system.memobj: size 0x8
216466000: system.memobj: id 94061725738128
216466000: system.memobj: data_hex : 488B0648B9FFFEFE 
216466000: system.memobj: data : 0100100010001011000001100100100010111001111111111111111011111110 
216466000: system.memobj: fix data : 0100100010001011000001100100100010111001111111111111111011111110 
216466000: system.memobj: -------------------------------------
216515000: system.memobj: mem->cpu Got response for addr 0x5ed70 , 388464
216515000: system.memobj: size 0x8
216515000: system.memobj: id 94061725737840
216515000: system.memobj: data_hex : 4E4F4D4144564953 
216515000: system.memobj: data : 0100111001001111010011010100000101000100010101100100100101010011 
216515000: system.memobj: fix data : 0100111001001111010011010100000101000100010101100100100101010011 
216515000: system.memobj: -------------------------------------
216564000: system.memobj: mem->cpu Got response for addr 0x11d50 , 73040
216564000: system.memobj: size 0x8
216564000: system.memobj: id 94061725737840
216564000: system.memobj: data_hex : 488B0648B9FFFEFE 
216564000: system.memobj: data : 0100100010001011000001100100100010111001111111111111111011111110 
216564000: system.memobj: fix data : 0100100010001011000001100100100010111001111111111111111011111110 
216564000: system.memobj: -------------------------------------
216613000: system.memobj: mem->cpu Got response for addr 0x11d58 , 73048
216613000: system.memobj: size 0x8
216613000: system.memobj: id 94061725738128
216613000: system.memobj: data_hex : FEFEFEFEFE4989C8 
216613000: system.memobj: data : 1111111011111110111111101111111011111110010010011000100111001000 
216613000: system.memobj: fix data : 1111111011111110111111101111111011111110010010011000100111001000 
216613000: system.memobj: -------------------------------------
216662000: system.memobj: mem->cpu Got response for addr 0x11d58 , 73048
216662000: system.memobj: size 0x8
216662000: system.memobj: id 94061725737840
216662000: system.memobj: data_hex : FEFEFEFEFE4989C8 
216662000: system.memobj: data : 1111111011111110111111101111111011111110010010011000100111001000 
216662000: system.memobj: fix data : 1111111011111110111111101111111011111110010010011000100111001000 
216662000: system.memobj: -------------------------------------
216711000: system.memobj: mem->cpu Got response for addr 0x11d60 , 73056
216711000: system.memobj: size 0x8
216711000: system.memobj: id 94061725738128
216711000: system.memobj: data_hex : 4901C00F83070300 
216711000: system.memobj: data : 0100100100000001110000000000111110000011000001110000001100000000 
216711000: system.memobj: fix data : 0100100100000001110000000000111110000011000001110000001100000000 
216711000: system.memobj: -------------------------------------
216760000: system.memobj: mem->cpu Got response for addr 0x11d60 , 73056
216760000: system.memobj: size 0x8
216760000: system.memobj: id 94061725737840
216760000: system.memobj: data_hex : 4901C00F83070300 
216760000: system.memobj: data : 0100100100000001110000000000111110000011000001110000001100000000 
216760000: system.memobj: fix data : 0100100100000001110000000000111110000011000001110000001100000000 
216760000: system.memobj: -------------------------------------
216809000: system.memobj: mem->cpu Got response for addr 0x11d68 , 73064
216809000: system.memobj: size 0x8
216809000: system.memobj: id 94061725738128
216809000: system.memobj: data_hex : 004931C04909C849 
216809000: system.memobj: data : 0000000001001001001100011100000001001001000010011100100001001001 
216809000: system.memobj: fix data : 0000000001001001001100011100000001001001000010011100100001001001 
216809000: system.memobj: -------------------------------------
216858000: system.memobj: mem->cpu Got response for addr 0x11d68 , 73064
216858000: system.memobj: size 0x8
216858000: system.memobj: id 94061725737840
216858000: system.memobj: data_hex : 004931C04909C849 
216858000: system.memobj: data : 0000000001001001001100011100000001001001000010011100100001001001 
216858000: system.memobj: fix data : 0000000001001001001100011100000001001001000010011100100001001001 
216858000: system.memobj: -------------------------------------
216907000: system.memobj: mem->cpu Got response for addr 0x11d68 , 73064
216907000: system.memobj: size 0x8
216907000: system.memobj: id 94061725738128
216907000: system.memobj: data_hex : 004931C04909C849 
216907000: system.memobj: data : 0000000001001001001100011100000001001001000010011100100001001001 
216907000: system.memobj: fix data : 0000000001001001001100011100000001001001000010011100100001001001 
216907000: system.memobj: -------------------------------------
216970000: system.memobj: mem->cpu Got response for addr 0x11d68 , 73064
216970000: system.memobj: size 0x8
216970000: system.memobj: id 94061725737840
216970000: system.memobj: data_hex : 004931C04909C849 
216970000: system.memobj: data : 0000000001001001001100011100000001001001000010011100100001001001 
216970000: system.memobj: fix data : 0000000001001001001100011100000001001001000010011100100001001001 
216970000: system.memobj: -------------------------------------
217019000: system.memobj: mem->cpu Got response for addr 0x11d70 , 73072
217019000: system.memobj: size 0x8
217019000: system.memobj: id 94061725738128
217019000: system.memobj: data_hex : FFC00F85F8020000 
217019000: system.memobj: data : 1111111111000000000011111000010111111000000000100000000000000000 
217019000: system.memobj: fix data : 1111111111000000000011111000010111111000000000100000000000000000 
217019000: system.memobj: -------------------------------------
217068000: system.memobj: mem->cpu Got response for addr 0x11d70 , 73072
217068000: system.memobj: size 0x8
217068000: system.memobj: id 94061725737840
217068000: system.memobj: data_hex : FFC00F85F8020000 
217068000: system.memobj: data : 1111111111000000000011111000010111111000000000100000000000000000 
217068000: system.memobj: fix data : 1111111111000000000011111000010111111000000000100000000000000000 
217068000: system.memobj: -------------------------------------
217117000: system.memobj: mem->cpu Got response for addr 0x11d78 , 73080
217117000: system.memobj: size 0x8
217117000: system.memobj: id 94061725738128
217117000: system.memobj: data_hex : 488B4608488D7608 
217117000: system.memobj: data : 0100100010001011010001100000100001001000100011010111011000001000 
217117000: system.memobj: fix data : 0100100010001011010001100000100001001000100011010111011000001000 
217117000: system.memobj: -------------------------------------
217166000: system.memobj: mem->cpu Got response for addr 0x5ed78 , 388472
217166000: system.memobj: size 0x8
217166000: system.memobj: id 94061725737840
217166000: system.memobj: data_hex : 45004C445F42494E 
217166000: system.memobj: data : 0100010100000000010011000100010001011111010000100100100101001110 
217166000: system.memobj: fix data : 0100010100000000010011000100010001011111010000100100100101001110 
217166000: system.memobj: -------------------------------------
217215000: system.memobj: mem->cpu Got response for addr 0x11d78 , 73080
217215000: system.memobj: size 0x8
217215000: system.memobj: id 94061725737840
217215000: system.memobj: data_hex : 488B4608488D7608 
217215000: system.memobj: data : 0100100010001011010001100000100001001000100011010111011000001000 
217215000: system.memobj: fix data : 0100100010001011010001100000100001001000100011010111011000001000 
217215000: system.memobj: -------------------------------------
217264000: system.memobj: mem->cpu Got response for addr 0x11d80 , 73088
217264000: system.memobj: size 0x8
217264000: system.memobj: id 94061725738128
217264000: system.memobj: data_hex : 4989C84901C00F83 
217264000: system.memobj: data : 0100100110001001110010000100100100000001110000000000111110000011 
217264000: system.memobj: fix data : 0100100110001001110010000100100100000001110000000000111110000011 
217264000: system.memobj: -------------------------------------
217313000: system.memobj: mem->cpu Got response for addr 0x11d80 , 73088
217313000: system.memobj: size 0x8
217313000: system.memobj: id 94061725737840
217313000: system.memobj: data_hex : 4989C84901C00F83 
217313000: system.memobj: data : 0100100110001001110010000100100100000001110000000000111110000011 
217313000: system.memobj: fix data : 0100100110001001110010000100100100000001110000000000111110000011 
217313000: system.memobj: -------------------------------------
217362000: system.memobj: mem->cpu Got response for addr 0x11d80 , 73088
217362000: system.memobj: size 0x8
217362000: system.memobj: id 94061725738128
217362000: system.memobj: data_hex : 4989C84901C00F83 
217362000: system.memobj: data : 0100100110001001110010000100100100000001110000000000111110000011 
217362000: system.memobj: fix data : 0100100110001001110010000100100100000001110000000000111110000011 
217362000: system.memobj: -------------------------------------
217411000: system.memobj: mem->cpu Got response for addr 0x11d88 , 73096
217411000: system.memobj: size 0x8
217411000: system.memobj: id 94061725737840
217411000: system.memobj: data_hex : E40200004931C049 
217411000: system.memobj: data : 1110010000000010000000000000000001001001001100011100000001001001 
217411000: system.memobj: fix data : 1110010000000010000000000000000001001001001100011100000001001001 
217411000: system.memobj: -------------------------------------
217460000: system.memobj: mem->cpu Got response for addr 0x11d88 , 73096
217460000: system.memobj: size 0x8
217460000: system.memobj: id 94061725738128
217460000: system.memobj: data_hex : E40200004931C049 
217460000: system.memobj: data : 1110010000000010000000000000000001001001001100011100000001001001 
217460000: system.memobj: fix data : 1110010000000010000000000000000001001001001100011100000001001001 
217460000: system.memobj: -------------------------------------
217509000: system.memobj: mem->cpu Got response for addr 0x11d88 , 73096
217509000: system.memobj: size 0x8
217509000: system.memobj: id 94061725737840
217509000: system.memobj: data_hex : E40200004931C049 
217509000: system.memobj: data : 1110010000000010000000000000000001001001001100011100000001001001 
217509000: system.memobj: fix data : 1110010000000010000000000000000001001001001100011100000001001001 
217509000: system.memobj: -------------------------------------
217558000: system.memobj: mem->cpu Got response for addr 0x11d90 , 73104
217558000: system.memobj: size 0x8
217558000: system.memobj: id 94061725738128
217558000: system.memobj: data_hex : 09C849FFC00F85D5 
217558000: system.memobj: data : 0000100111001000010010011111111111000000000011111000010111010101 
217558000: system.memobj: fix data : 0000100111001000010010011111111111000000000011111000010111010101 
217558000: system.memobj: -------------------------------------
217607000: system.memobj: mem->cpu Got response for addr 0x11d90 , 73104
217607000: system.memobj: size 0x8
217607000: system.memobj: id 94061725737840
217607000: system.memobj: data_hex : 09C849FFC00F85D5 
217607000: system.memobj: data : 0000100111001000010010011111111111000000000011111000010111010101 
217607000: system.memobj: fix data : 0000100111001000010010011111111111000000000011111000010111010101 
217607000: system.memobj: -------------------------------------
217656000: system.memobj: mem->cpu Got response for addr 0x11d90 , 73104
217656000: system.memobj: size 0x8
217656000: system.memobj: id 94061725738128
217656000: system.memobj: data_hex : 09C849FFC00F85D5 
217656000: system.memobj: data : 0000100111001000010010011111111111000000000011111000010111010101 
217656000: system.memobj: fix data : 0000100111001000010010011111111111000000000011111000010111010101 
217656000: system.memobj: -------------------------------------
217705000: system.memobj: mem->cpu Got response for addr 0x11d98 , 73112
217705000: system.memobj: size 0x8
217705000: system.memobj: id 94061725737840
217705000: system.memobj: data_hex : 020000488B460848 
217705000: system.memobj: data : 0000001000000000000000000100100010001011010001100000100001001000 
217705000: system.memobj: fix data : 0000001000000000000000000100100010001011010001100000100001001000 
217705000: system.memobj: -------------------------------------
217782000: system.memobj: mem->cpu Got response for addr 0x12070 , 73840
217782000: system.memobj: size 0x8
217782000: system.memobj: id 94061725738128
217782000: system.memobj: data_hex : 84C0742C48FFC684 
217782000: system.memobj: data : 1000010011000000011101000010110001001000111111111100011010000100 
217782000: system.memobj: fix data : 1000010011000000011101000010110001001000111111111100011010000100 
217782000: system.memobj: -------------------------------------
217831000: system.memobj: mem->cpu Got response for addr 0x12070 , 73840
217831000: system.memobj: size 0x8
217831000: system.memobj: id 94061725737840
217831000: system.memobj: data_hex : 84C0742C48FFC684 
217831000: system.memobj: data : 1000010011000000011101000010110001001000111111111100011010000100 
217831000: system.memobj: fix data : 1000010011000000011101000010110001001000111111111100011010000100 
217831000: system.memobj: -------------------------------------
217880000: system.memobj: mem->cpu Got response for addr 0x12070 , 73840
217880000: system.memobj: size 0x8
217880000: system.memobj: id 94061725738128
217880000: system.memobj: data_hex : 84C0742C48FFC684 
217880000: system.memobj: data : 1000010011000000011101000010110001001000111111111100011010000100 
217880000: system.memobj: fix data : 1000010011000000011101000010110001001000111111111100011010000100 
217880000: system.memobj: -------------------------------------
217929000: system.memobj: mem->cpu Got response for addr 0x12070 , 73840
217929000: system.memobj: size 0x8
217929000: system.memobj: id 94061725737840
217929000: system.memobj: data_hex : 84C0742C48FFC684 
217929000: system.memobj: data : 1000010011000000011101000010110001001000111111111100011010000100 
217929000: system.memobj: fix data : 1000010011000000011101000010110001001000111111111100011010000100 
217929000: system.memobj: -------------------------------------
217978000: system.memobj: mem->cpu Got response for addr 0x12078 , 73848
217978000: system.memobj: size 0x8
217978000: system.memobj: id 94061725738128
217978000: system.memobj: data_hex : E4742548FFC6A900 
217978000: system.memobj: data : 1110010001110100001001010100100011111111110001101010100100000000 
217978000: system.memobj: fix data : 1110010001110100001001010100100011111111110001101010100100000000 
217978000: system.memobj: -------------------------------------
218027000: system.memobj: mem->cpu Got response for addr 0x12078 , 73848
218027000: system.memobj: size 0x8
218027000: system.memobj: id 94061725737840
218027000: system.memobj: data_hex : E4742548FFC6A900 
218027000: system.memobj: data : 1110010001110100001001010100100011111111110001101010100100000000 
218027000: system.memobj: fix data : 1110010001110100001001010100100011111111110001101010100100000000 
218027000: system.memobj: -------------------------------------
218352000: system.memobj: mem->cpu Got response for addr 0x120a0 , 73888
218352000: system.memobj: size 0x8
218352000: system.memobj: id 94061725738128
218352000: system.memobj: data_hex : 488D0437C3909090 
218352000: system.memobj: data : 0100100010001101000001000011011111000011100100001001000010010000 
218352000: system.memobj: fix data : 0100100010001101000001000011011111000011100100001001000010010000 
218352000: system.memobj: -------------------------------------
218401000: system.memobj: mem->cpu Got response for addr 0x120a0 , 73888
218401000: system.memobj: size 0x8
218401000: system.memobj: id 94061725737840
218401000: system.memobj: data_hex : 488D0437C3909090 
218401000: system.memobj: data : 0100100010001101000001000011011111000011100100001001000010010000 
218401000: system.memobj: fix data : 0100100010001101000001000011011111000011100100001001000010010000 
218401000: system.memobj: -------------------------------------
218464000: system.memobj: mem->cpu Got response for addr 0x94b08 , 609032
218464000: system.memobj: size 0x8
218464000: system.memobj: id 94061725738128
218464000: system.memobj: data_hex : 05A3410000000000 
218464000: system.memobj: data : 0000010110100011010000010000000000000000000000000000000000000000 
218464000: system.memobj: hamming code addr: 609032 
218464000: system.memobj: hamming code out: 3 
218464000: system.memobj: find Error Bit index : 2 
218464000: system.memobj: hamming code addr: 609040 
218464000: system.memobj: hamming code out: 2 
218464000: system.memobj: hamming code addr: 609048 
218464000: system.memobj: hamming code out: 9 
218464000: system.memobj: hamming code addr: 609056 
218464000: system.memobj: hamming code out: 0 
218464000: system.memobj: hamming code addr: 609064 
218464000: system.memobj: hamming code out: 0 
218464000: system.memobj: hamming code addr: 609072 
218464000: system.memobj: hamming code out: 0 
218464000: system.memobj: hamming code addr: 609080 
218464000: system.memobj: hamming code out: 0 
218464000: system.memobj: hamming code addr: 609088 
218464000: system.memobj: hamming code out: 0 
218464000: system.memobj: fix data : 0100010110100011010000010000000000000000000000000000000000000000 
218464000: system.memobj: -------------------------------------
218527000: system.memobj: mem->cpu Got response for addr 0x1a340 , 107328
218527000: system.memobj: size 0x8
218527000: system.memobj: id 94061725738128
218527000: system.memobj: data_hex : E8CB79FFFF488B15 
218527000: system.memobj: data : 1110100011001011011110011111111111111111010010001000101100010101 
218527000: system.memobj: fix data : 1110100011001011011110011111111111111111010010001000101100010101 
218527000: system.memobj: -------------------------------------
218576000: system.memobj: mem->cpu Got response for addr 0x1a348 , 107336
218576000: system.memobj: size 0x8
218576000: system.memobj: id 94061725737840
218576000: system.memobj: data_hex : AC8A17004989C648 
218576000: system.memobj: data : 1010110010001010000101110000000001001001100010011100011001001000 
218576000: system.memobj: fix data : 1010110010001010000101110000000001001001100010011100011001001000 
218576000: system.memobj: -------------------------------------
218653000: system.memobj: mem->cpu Got response for addr 0x92df8 , 601592
218653000: system.memobj: size 0x8
218653000: system.memobj: id 94061725738128
218653000: system.memobj: data_hex : A8EDFFFFFF7F0000 
218653000: system.memobj: data : 1010100011101101111111111111111111111111011111110000000000000000 
218653000: system.memobj: hamming code addr: 601592 
218653000: system.memobj: hamming code out: 9 
218653000: system.memobj: find Error Bit index : 2 
218653000: system.memobj: hamming code addr: 601600 
218653000: system.memobj: hamming code out: 15 
218653000: system.memobj: hamming code addr: 601608 
218653000: system.memobj: hamming code out: 3 
218653000: system.memobj: hamming code addr: 601616 
218653000: system.memobj: hamming code out: 3 
218653000: system.memobj: hamming code addr: 601624 
218653000: system.memobj: hamming code out: 3 
218653000: system.memobj: hamming code addr: 601632 
218653000: system.memobj: hamming code out: 0 
218653000: system.memobj: hamming code addr: 601640 
218653000: system.memobj: hamming code out: 0 
218653000: system.memobj: hamming code addr: 601648 
218653000: system.memobj: hamming code out: 0 
218653000: system.memobj: fix data : 1110100011101101111111111111111111111111011111110000000000000000 
218653000: system.memobj: -------------------------------------
218702000: system.memobj: mem->cpu Got response for addr 0x1a348 , 107336
218702000: system.memobj: size 0x8
218702000: system.memobj: id 94061725738128
218702000: system.memobj: data_hex : AC8A17004989C648 
218702000: system.memobj: data : 1010110010001010000101110000000001001001100010011100011001001000 
218702000: system.memobj: fix data : 1010110010001010000101110000000001001001100010011100011001001000 
218702000: system.memobj: -------------------------------------
218751000: system.memobj: mem->cpu Got response for addr 0x1a348 , 107336
218751000: system.memobj: size 0x8
218751000: system.memobj: id 94061725737840
218751000: system.memobj: data_hex : AC8A17004989C648 
218751000: system.memobj: data : 1010110010001010000101110000000001001001100010011100011001001000 
218751000: system.memobj: fix data : 1010110010001010000101110000000001001001100010011100011001001000 
218751000: system.memobj: -------------------------------------
218800000: system.memobj: mem->cpu Got response for addr 0x1a350 , 107344
218800000: system.memobj: size 0x8
218800000: system.memobj: id 94061725738128
218800000: system.memobj: data_hex : 85D27409410FB604 
218800000: system.memobj: data : 1000010111010010011101000000100101000001000011111011011000000100 
218800000: system.memobj: fix data : 1000010111010010011101000000100101000001000011111011011000000100 
218800000: system.memobj: -------------------------------------
218849000: system.memobj: mem->cpu Got response for addr 0x1a350 , 107344
218849000: system.memobj: size 0x8
218849000: system.memobj: id 94061725737840
218849000: system.memobj: data_hex : 85D27409410FB604 
218849000: system.memobj: data : 1000010111010010011101000000100101000001000011111011011000000100 
218849000: system.memobj: fix data : 1000010111010010011101000000100101000001000011111011011000000100 
218849000: system.memobj: -------------------------------------
218898000: system.memobj: mem->cpu Got response for addr 0x1a350 , 107344
218898000: system.memobj: size 0x8
218898000: system.memobj: id 94061725738128
218898000: system.memobj: data_hex : 85D27409410FB604 
218898000: system.memobj: data : 1000010111010010011101000000100101000001000011111011011000000100 
218898000: system.memobj: fix data : 1000010111010010011101000000100101000001000011111011011000000100 
218898000: system.memobj: -------------------------------------
218947000: system.memobj: mem->cpu Got response for addr 0x1a358 , 107352
218947000: system.memobj: size 0x8
218947000: system.memobj: id 94061725737840
218947000: system.memobj: data_hex : 2484C0752331C048 
218947000: system.memobj: data : 0010010010000100110000000111010100100011001100011100000001001000 
218947000: system.memobj: fix data : 0010010010000100110000000111010100100011001100011100000001001000 
218947000: system.memobj: -------------------------------------
219010000: system.memobj: mem->cpu Got response for addr 0x5ed6d , 388461
219010000: system.memobj: size 0x1
219010000: system.memobj: id 94061725738128
219010000: system.memobj: data_hex : 4C 
219010000: system.memobj: data : 01001100 
219010000: system.memobj: fix data : 01001100 
219010000: system.memobj: -------------------------------------
219059000: system.memobj: mem->cpu Got response for addr 0x1a358 , 107352
219059000: system.memobj: size 0x8
219059000: system.memobj: id 94061725738128
219059000: system.memobj: data_hex : 2484C0752331C048 
219059000: system.memobj: data : 0010010010000100110000000111010100100011001100011100000001001000 
219059000: system.memobj: fix data : 0010010010000100110000000111010100100011001100011100000001001000 
219059000: system.memobj: -------------------------------------
219108000: system.memobj: mem->cpu Got response for addr 0x1a358 , 107352
219108000: system.memobj: size 0x8
219108000: system.memobj: id 94061725737840
219108000: system.memobj: data_hex : 2484C0752331C048 
219108000: system.memobj: data : 0010010010000100110000000111010100100011001100011100000001001000 
219108000: system.memobj: fix data : 0010010010000100110000000111010100100011001100011100000001001000 
219108000: system.memobj: -------------------------------------
219157000: system.memobj: mem->cpu Got response for addr 0x1a380 , 107392
219157000: system.memobj: size 0x8
219157000: system.memobj: id 94061725738128
219157000: system.memobj: data_hex : 41807C240100752E 
219157000: system.memobj: data : 0100000110000000011111000010010000000001000000000111010100101110 
219157000: system.memobj: fix data : 0100000110000000011111000010010000000001000000000111010100101110 
219157000: system.memobj: -------------------------------------
219206000: system.memobj: mem->cpu Got response for addr 0x5ed6e , 388462
219206000: system.memobj: size 0x1
219206000: system.memobj: id 94061725737840
219206000: system.memobj: data_hex : 44 
219206000: system.memobj: data : 01000100 
219206000: system.memobj: fix data : 01000100 
219206000: system.memobj: -------------------------------------
219255000: system.memobj: mem->cpu Got response for addr 0x1a380 , 107392
219255000: system.memobj: size 0x8
219255000: system.memobj: id 94061725737840
219255000: system.memobj: data_hex : 41807C240100752E 
219255000: system.memobj: data : 0100000110000000011111000010010000000001000000000111010100101110 
219255000: system.memobj: fix data : 0100000110000000011111000010010000000001000000000111010100101110 
219255000: system.memobj: -------------------------------------
219304000: system.memobj: mem->cpu Got response for addr 0x1a3b0 , 107440
219304000: system.memobj: size 0x8
219304000: system.memobj: id 94061725738128
219304000: system.memobj: data_hex : 85DB75EDEBA7488B 
219304000: system.memobj: data : 1000010111011011011101011110110111101011101001110100100010001011 
219304000: system.memobj: fix data : 1000010111011011011101011110110111101011101001110100100010001011 
219304000: system.memobj: -------------------------------------
219353000: system.memobj: mem->cpu Got response for addr 0x1a3b8 , 107448
219353000: system.memobj: size 0x8
219353000: system.memobj: id 94061725737840
219353000: system.memobj: data_hex : 02450FB72C244983 
219353000: system.memobj: data : 0000001001000101000011111011011100101100001001000100100110000011 
219353000: system.memobj: fix data : 0000001001000101000011111011011100101100001001000100100110000011 
219353000: system.memobj: -------------------------------------
219402000: system.memobj: mem->cpu Got response for addr 0x94de8 , 609768
219402000: system.memobj: size 0x8
219402000: system.memobj: id 94061725738128
219402000: system.memobj: data_hex : 0000000000000000 
219402000: system.memobj: data : 0000000000000000000000000000000000000000000000000000000000000000 
219402000: system.memobj: fix data : 0000000000000000000000000000000000000000000000000000000000000000 
219402000: system.memobj: -------------------------------------
219451000: system.memobj: mem->cpu Got response for addr 0x1a3b8 , 107448
219451000: system.memobj: size 0x8
219451000: system.memobj: id 94061725738128
219451000: system.memobj: data_hex : 02450FB72C244983 
219451000: system.memobj: data : 0000001001000101000011111011011100101100001001000100100110000011 
219451000: system.memobj: fix data : 0000001001000101000011111011011100101100001001000100100110000011 
219451000: system.memobj: -------------------------------------
219500000: system.memobj: mem->cpu Got response for addr 0x5ed6d , 388461
219500000: system.memobj: size 0x2
219500000: system.memobj: id 94061725737840
219500000: system.memobj: data_hex : 4C44 
219500000: system.memobj: data : 0100110001000100 
219500000: system.memobj: fix data : 0100110001000100 
219500000: system.memobj: -------------------------------------
219549000: system.memobj: mem->cpu Got response for addr 0x1a3b8 , 107448
219549000: system.memobj: size 0x8
219549000: system.memobj: id 94061725737840
219549000: system.memobj: data_hex : 02450FB72C244983 
219549000: system.memobj: data : 0000001001000101000011111011011100101100001001000100100110000011 
219549000: system.memobj: fix data : 0000001001000101000011111011011100101100001001000100100110000011 
219549000: system.memobj: -------------------------------------
219612000: system.memobj: mem->cpu Got response for addr 0x1a3c0 , 107456
219612000: system.memobj: size 0x8
219612000: system.memobj: id 94061725738128
219612000: system.memobj: data_hex : EE024983C4024889 
219612000: system.memobj: data : 1110111000000010010010011000001111000100000000100100100010001001 
219612000: system.memobj: fix data : 1110111000000010010010011000001111000100000000100100100010001001 
219612000: system.memobj: -------------------------------------
219661000: system.memobj: mem->cpu Got response for addr 0x1a3c0 , 107456
219661000: system.memobj: size 0x8
219661000: system.memobj: id 94061725737840
219661000: system.memobj: data_hex : EE024983C4024889 
219661000: system.memobj: data : 1110111000000010010010011000001111000100000000100100100010001001 
219661000: system.memobj: fix data : 1110111000000010010010011000001111000100000000100100100010001001 
219661000: system.memobj: -------------------------------------
219710000: system.memobj: mem->cpu Got response for addr 0x1a3c0 , 107456
219710000: system.memobj: size 0x8
219710000: system.memobj: id 94061725738128
219710000: system.memobj: data_hex : EE024983C4024889 
219710000: system.memobj: data : 1110111000000010010010011000001111000100000000100100100010001001 
219710000: system.memobj: fix data : 1110111000000010010010011000001111000100000000100100100010001001 
219710000: system.memobj: -------------------------------------
219759000: system.memobj: mem->cpu Got response for addr 0x1a3c8 , 107464
219759000: system.memobj: size 0x8
219759000: system.memobj: id 94061725737840
219759000: system.memobj: data_hex : D54885C0748F4889 
219759000: system.memobj: data : 1101010101001000100001011100000001110100100011110100100010001001 
219759000: system.memobj: fix data : 1101010101001000100001011100000001110100100011110100100010001001 
219759000: system.memobj: -------------------------------------
219808000: system.memobj: mem->cpu Got response for addr 0x1a3c8 , 107464
219808000: system.memobj: size 0x8
219808000: system.memobj: id 94061725738128
219808000: system.memobj: data_hex : D54885C0748F4889 
219808000: system.memobj: data : 1101010101001000100001011100000001110100100011110100100010001001 
219808000: system.memobj: fix data : 1101010101001000100001011100000001110100100011110100100010001001 
219808000: system.memobj: -------------------------------------
219857000: system.memobj: mem->cpu Got response for addr 0x1a3c8 , 107464
219857000: system.memobj: size 0x8
219857000: system.memobj: id 94061725737840
219857000: system.memobj: data_hex : D54885C0748F4889 
219857000: system.memobj: data : 1101010101001000100001011100000001110100100011110100100010001001 
219857000: system.memobj: fix data : 1101010101001000100001011100000001110100100011110100100010001001 
219857000: system.memobj: -------------------------------------
219906000: system.memobj: mem->cpu Got response for addr 0x1a358 , 107352
219906000: system.memobj: size 0x8
219906000: system.memobj: id 94061725738128
219906000: system.memobj: data_hex : 2484C0752331C048 
219906000: system.memobj: data : 0010010010000100110000000111010100100011001100011100000001001000 
219906000: system.memobj: fix data : 0010010010000100110000000111010100100011001100011100000001001000 
219906000: system.memobj: -------------------------------------
219955000: system.memobj: mem->cpu Got response for addr 0x1a358 , 107352
219955000: system.memobj: size 0x8
219955000: system.memobj: id 94061725737840
219955000: system.memobj: data_hex : 2484C0752331C048 
219955000: system.memobj: data : 0010010010000100110000000111010100100011001100011100000001001000 
219955000: system.memobj: fix data : 0010010010000100110000000111010100100011001100011100000001001000 
219955000: system.memobj: -------------------------------------
220004000: system.memobj: mem->cpu Got response for addr 0x1a360 , 107360
220004000: system.memobj: size 0x8
220004000: system.memobj: id 94061725738128
220004000: system.memobj: data_hex : 8B1C24488B6C2408 
220004000: system.memobj: data : 1000101100011100001001000100100010001011011011000010010000001000 
220004000: system.memobj: fix data : 1000101100011100001001000100100010001011011011000010010000001000 
220004000: system.memobj: -------------------------------------
220053000: system.memobj: mem->cpu Got response for addr 0x94b10 , 609040
220053000: system.memobj: size 0x8
220053000: system.memobj: id 94061725737840
220053000: system.memobj: data_hex : 0317470000000000 
220053000: system.memobj: data : 0000001100010111010001110000000000000000000000000000000000000000 
220053000: system.memobj: hamming code addr: 609040 
220053000: system.memobj: hamming code out: 13 
220053000: system.memobj: find Error Bit index : 6 
220053000: system.memobj: hamming code addr: 609048 
220053000: system.memobj: hamming code out: 10 
220053000: system.memobj: hamming code addr: 609056 
220053000: system.memobj: hamming code out: 8 
220053000: system.memobj: hamming code addr: 609064 
220053000: system.memobj: hamming code out: 0 
220053000: system.memobj: hamming code addr: 609072 
220053000: system.memobj: hamming code out: 0 
220053000: system.memobj: hamming code addr: 609080 
220053000: system.memobj: hamming code out: 0 
220053000: system.memobj: hamming code addr: 609088 
220053000: system.memobj: hamming code out: 0 
220053000: system.memobj: hamming code addr: 609096 
220053000: system.memobj: hamming code out: 0 
220053000: system.memobj: fix data : 0000011100010111010001110000000000000000000000000000000000000000 
220053000: system.memobj: -------------------------------------
220102000: system.memobj: mem->cpu Got response for addr 0x1a360 , 107360
220102000: system.memobj: size 0x8
220102000: system.memobj: id 94061725737840
220102000: system.memobj: data_hex : 8B1C24488B6C2408 
220102000: system.memobj: data : 1000101100011100001001000100100010001011011011000010010000001000 
220102000: system.memobj: fix data : 1000101100011100001001000100100010001011011011000010010000001000 
220102000: system.memobj: -------------------------------------
220151000: system.memobj: mem->cpu Got response for addr 0x94b18 , 609048
220151000: system.memobj: size 0x8
220151000: system.memobj: id 94061725738128
220151000: system.memobj: data_hex : DCEDFFFFFF7F0000 
220151000: system.memobj: data : 1101110011101101111111111111111111111111011111110000000000000000 
220151000: system.memobj: hamming code addr: 609048 
220151000: system.memobj: hamming code out: 8 
220151000: system.memobj: find Error Bit index : 6 
220151000: system.memobj: hamming code addr: 609056 
220151000: system.memobj: hamming code out: 15 
220151000: system.memobj: hamming code addr: 609064 
220151000: system.memobj: hamming code out: 3 
220151000: system.memobj: hamming code addr: 609072 
220151000: system.memobj: hamming code out: 3 
220151000: system.memobj: hamming code addr: 609080 
220151000: system.memobj: hamming code out: 3 
220151000: system.memobj: hamming code addr: 609088 
220151000: system.memobj: hamming code out: 0 
220151000: system.memobj: hamming code addr: 609096 
220151000: system.memobj: hamming code out: 0 
220151000: system.memobj: hamming code addr: 609104 
220151000: system.memobj: hamming code out: 0 
220151000: system.memobj: fix data : 1101100011101101111111111111111111111111011111110000000000000000 
220151000: system.memobj: -------------------------------------
220200000: system.memobj: mem->cpu Got response for addr 0x1a368 , 107368
220200000: system.memobj: size 0x8
220200000: system.memobj: id 94061725738128
220200000: system.memobj: data_hex : 4C8B6424104C8B6C 
220200000: system.memobj: data : 0100110010001011011001000010010000010000010011001000101101101100 
220200000: system.memobj: fix data : 0100110010001011011001000010010000010000010011001000101101101100 
220200000: system.memobj: -------------------------------------
220249000: system.memobj: mem->cpu Got response for addr 0x94b20 , 609056
220249000: system.memobj: size 0x8
220249000: system.memobj: id 94061725737840
220249000: system.memobj: data_hex : 0900000000000000 
220249000: system.memobj: data : 0000100100000000000000000000000000000000000000000000000000000000 
220249000: system.memobj: hamming code addr: 609056 
220249000: system.memobj: hamming code out: 12 
220249000: system.memobj: find Error Bit index : 5 
220249000: system.memobj: hamming code addr: 609064 
220249000: system.memobj: hamming code out: 0 
220249000: system.memobj: hamming code addr: 609072 
220249000: system.memobj: hamming code out: 0 
220249000: system.memobj: hamming code addr: 609080 
220249000: system.memobj: hamming code out: 0 
220249000: system.memobj: hamming code addr: 609088 
220249000: system.memobj: hamming code out: 0 
220249000: system.memobj: hamming code addr: 609096 
220249000: system.memobj: hamming code out: 0 
220249000: system.memobj: hamming code addr: 609104 
220249000: system.memobj: hamming code out: 0 
220249000: system.memobj: hamming code addr: 609112 
220249000: system.memobj: hamming code out: 0 
220249000: system.memobj: fix data : 0000000100000000000000000000000000000000000000000000000000000000 
220249000: system.memobj: -------------------------------------
220298000: system.memobj: mem->cpu Got response for addr 0x1a368 , 107368
220298000: system.memobj: size 0x8
220298000: system.memobj: id 94061725737840
220298000: system.memobj: data_hex : 4C8B6424104C8B6C 
220298000: system.memobj: data : 0100110010001011011001000010010000010000010011001000101101101100 
220298000: system.memobj: fix data : 0100110010001011011001000010010000010000010011001000101101101100 
220298000: system.memobj: -------------------------------------
220347000: system.memobj: mem->cpu Got response for addr 0x1a370 , 107376
220347000: system.memobj: size 0x8
220347000: system.memobj: id 94061725738128
220347000: system.memobj: data_hex : 24184C8B74242048 
220347000: system.memobj: data : 0010010000011000010011001000101101110100001001000010000001001000 
220347000: system.memobj: fix data : 0010010000011000010011001000101101110100001001000010000001001000 
220347000: system.memobj: -------------------------------------
220396000: system.memobj: mem->cpu Got response for addr 0x94b28 , 609064
220396000: system.memobj: size 0x8
220396000: system.memobj: id 94061725737840
220396000: system.memobj: data_hex : 1100000000000000 
220396000: system.memobj: data : 0001000100000000000000000000000000000000000000000000000000000000 
220396000: system.memobj: hamming code addr: 609064 
220396000: system.memobj: hamming code out: 12 
220396000: system.memobj: find Error Bit index : 4 
220396000: system.memobj: hamming code addr: 609072 
220396000: system.memobj: hamming code out: 0 
220396000: system.memobj: hamming code addr: 609080 
220396000: system.memobj: hamming code out: 0 
220396000: system.memobj: hamming code addr: 609088 
220396000: system.memobj: hamming code out: 0 
220396000: system.memobj: hamming code addr: 609096 
220396000: system.memobj: hamming code out: 0 
220396000: system.memobj: hamming code addr: 609104 
220396000: system.memobj: hamming code out: 0 
220396000: system.memobj: hamming code addr: 609112 
220396000: system.memobj: hamming code out: 0 
220396000: system.memobj: hamming code addr: 609120 
220396000: system.memobj: hamming code out: 0 
220396000: system.memobj: fix data : 0000000100000000000000000000000000000000000000000000000000000000 
220396000: system.memobj: -------------------------------------
220445000: system.memobj: mem->cpu Got response for addr 0x1a370 , 107376
220445000: system.memobj: size 0x8
220445000: system.memobj: id 94061725737840
220445000: system.memobj: data_hex : 24184C8B74242048 
220445000: system.memobj: data : 0010010000011000010011001000101101110100001001000010000001001000 
220445000: system.memobj: fix data : 0010010000011000010011001000101101110100001001000010000001001000 
220445000: system.memobj: -------------------------------------
220494000: system.memobj: mem->cpu Got response for addr 0x94b30 , 609072
220494000: system.memobj: size 0x8
220494000: system.memobj: id 94061725738128
220494000: system.memobj: data_hex : 98EDFFFFFF7F0000 
220494000: system.memobj: data : 1001100011101101111111111111111111111111011111110000000000000000 
220494000: system.memobj: hamming code addr: 609072 
220494000: system.memobj: hamming code out: 8 
220494000: system.memobj: find Error Bit index : 2 
220494000: system.memobj: hamming code addr: 609080 
220494000: system.memobj: hamming code out: 15 
220494000: system.memobj: hamming code addr: 609088 
220494000: system.memobj: hamming code out: 3 
220494000: system.memobj: hamming code addr: 609096 
220494000: system.memobj: hamming code out: 3 
220494000: system.memobj: hamming code addr: 609104 
220494000: system.memobj: hamming code out: 3 
220494000: system.memobj: hamming code addr: 609112 
220494000: system.memobj: hamming code out: 0 
220494000: system.memobj: hamming code addr: 609120 
220494000: system.memobj: hamming code out: 0 
220494000: system.memobj: hamming code addr: 609128 
220494000: system.memobj: hamming code out: 0 
220494000: system.memobj: fix data : 1101100011101101111111111111111111111111011111110000000000000000 
220494000: system.memobj: -------------------------------------
220543000: system.memobj: mem->cpu Got response for addr 0x1a370 , 107376
220543000: system.memobj: size 0x8
220543000: system.memobj: id 94061725738128
220543000: system.memobj: data_hex : 24184C8B74242048 
220543000: system.memobj: data : 0010010000011000010011001000101101110100001001000010000001001000 
220543000: system.memobj: fix data : 0010010000011000010011001000101101110100001001000010000001001000 
220543000: system.memobj: -------------------------------------
220592000: system.memobj: mem->cpu Got response for addr 0x1a378 , 107384
220592000: system.memobj: size 0x8
220592000: system.memobj: id 94061725737840
220592000: system.memobj: data_hex : 83C428C366666690 
220592000: system.memobj: data : 1000001111000100001010001100001101100110011001100110011010010000 
220592000: system.memobj: fix data : 1000001111000100001010001100001101100110011001100110011010010000 
220592000: system.memobj: -------------------------------------
220655000: system.memobj: mem->cpu Got response for addr 0x1a378 , 107384
220655000: system.memobj: size 0x8
220655000: system.memobj: id 94061725738128
220655000: system.memobj: data_hex : 83C428C366666690 
220655000: system.memobj: data : 1000001111000100001010001100001101100110011001100110011010010000 
220655000: system.memobj: fix data : 1000001111000100001010001100001101100110011001100110011010010000 
220655000: system.memobj: -------------------------------------
220704000: system.memobj: mem->cpu Got response for addr 0x94b38 , 609080
220704000: system.memobj: size 0x8
220704000: system.memobj: id 94061725737840
220704000: system.memobj: data_hex : 075D410000000000 
220704000: system.memobj: data : 0000011101011101010000010000000000000000000000000000000000000000 
220704000: system.memobj: hamming code addr: 609080 
220704000: system.memobj: hamming code out: 6 
220704000: system.memobj: find Error Bit index : 7 
220704000: system.memobj: hamming code addr: 609088 
220704000: system.memobj: hamming code out: 13 
220704000: system.memobj: hamming code addr: 609096 
220704000: system.memobj: hamming code out: 9 
220704000: system.memobj: hamming code addr: 609104 
220704000: system.memobj: hamming code out: 0 
220704000: system.memobj: hamming code addr: 609112 
220704000: system.memobj: hamming code out: 0 
220704000: system.memobj: hamming code addr: 609120 
220704000: system.memobj: hamming code out: 0 
220704000: system.memobj: hamming code addr: 609128 
220704000: system.memobj: hamming code out: 0 
220704000: system.memobj: hamming code addr: 609136 
220704000: system.memobj: hamming code out: 0 
220704000: system.memobj: fix data : 0000010101011101010000010000000000000000000000000000000000000000 
220704000: system.memobj: -------------------------------------
220781000: system.memobj: mem->cpu Got response for addr 0x15d00 , 89344
220781000: system.memobj: size 0x8
220781000: system.memobj: id 94061725737840
220781000: system.memobj: data_hex : E81B4600004885C0 
220781000: system.memobj: data : 1110100000011011010001100000000000000000010010001000010111000000 
220781000: system.memobj: fix data : 1110100000011011010001100000000000000000010010001000010111000000 
220781000: system.memobj: -------------------------------------
220830000: system.memobj: mem->cpu Got response for addr 0x15d08 , 89352
220830000: system.memobj: size 0x8
220830000: system.memobj: id 94061725738128
220830000: system.memobj: data_hex : BF7AED4500480F44 
220830000: system.memobj: data : 1011111101111010111011010100010100000000010010000000111101000100 
220830000: system.memobj: fix data : 1011111101111010111011010100010100000000010010000000111101000100 
220830000: system.memobj: -------------------------------------
220879000: system.memobj: mem->cpu Got response for addr 0x15d08 , 89352
220879000: system.memobj: size 0x8
220879000: system.memobj: id 94061725737840
220879000: system.memobj: data_hex : BF7AED4500480F44 
220879000: system.memobj: data : 1011111101111010111011010100010100000000010010000000111101000100 
220879000: system.memobj: fix data : 1011111101111010111011010100010100000000010010000000111101000100 
220879000: system.memobj: -------------------------------------
220928000: system.memobj: mem->cpu Got response for addr 0x15d10 , 89360
220928000: system.memobj: size 0x8
220928000: system.memobj: id 94061725738128
220928000: system.memobj: data_hex : C38038000F94C00F 
220928000: system.memobj: data : 1100001110000000001110000000000000001111100101001100000000001111 
220928000: system.memobj: fix data : 1100001110000000001110000000000000001111100101001100000000001111 
220928000: system.memobj: -------------------------------------
220977000: system.memobj: mem->cpu Got response for addr 0x15d10 , 89360
220977000: system.memobj: size 0x8
220977000: system.memobj: id 94061725737840
220977000: system.memobj: data_hex : C38038000F94C00F 
220977000: system.memobj: data : 1100001110000000001110000000000000001111100101001100000000001111 
220977000: system.memobj: fix data : 1100001110000000001110000000000000001111100101001100000000001111 
220977000: system.memobj: -------------------------------------
221040000: system.memobj: mem->cpu Got response for addr 0x71707 , 464647
221040000: system.memobj: size 0x1
221040000: system.memobj: id 94061725738128
221040000: system.memobj: data_hex : 00 
221040000: system.memobj: data : 00000000 
221040000: system.memobj: fix data : 00000000 
221040000: system.memobj: -------------------------------------
221089000: system.memobj: mem->cpu Got response for addr 0x15d10 , 89360
221089000: system.memobj: size 0x8
221089000: system.memobj: id 94061725738128
221089000: system.memobj: data_hex : C38038000F94C00F 
221089000: system.memobj: data : 1100001110000000001110000000000000001111100101001100000000001111 
221089000: system.memobj: fix data : 1100001110000000001110000000000000001111100101001100000000001111 
221089000: system.memobj: -------------------------------------
221138000: system.memobj: mem->cpu Got response for addr 0x15d10 , 89360
221138000: system.memobj: size 0x8
221138000: system.memobj: id 94061725737840
221138000: system.memobj: data_hex : C38038000F94C00F 
221138000: system.memobj: data : 1100001110000000001110000000000000001111100101001100000000001111 
221138000: system.memobj: fix data : 1100001110000000001110000000000000001111100101001100000000001111 
221138000: system.memobj: -------------------------------------
221187000: system.memobj: mem->cpu Got response for addr 0x15d18 , 89368
221187000: system.memobj: size 0x8
221187000: system.memobj: id 94061725738128
221187000: system.memobj: data_hex : B6C08905D8D71700 
221187000: system.memobj: data : 1011011011000000100010010000010111011000110101110001011100000000 
221187000: system.memobj: fix data : 1011011011000000100010010000010111011000110101110001011100000000 
221187000: system.memobj: -------------------------------------
221236000: system.memobj: mem->cpu Got response for addr 0x15d18 , 89368
221236000: system.memobj: size 0x8
221236000: system.memobj: id 94061725737840
221236000: system.memobj: data_hex : B6C08905D8D71700 
221236000: system.memobj: data : 1011011011000000100010010000010111011000110101110001011100000000 
221236000: system.memobj: fix data : 1011011011000000100010010000010111011000110101110001011100000000 
221236000: system.memobj: -------------------------------------
221236000: system.memobj: cpu->mem Got request for addr 0x934f8 , 603384
221236000: system.memobj: size 0x4
221236000: system.memobj: id 94061725738128
221236000: system.memobj: data_hex : 01000000 
221236000: system.memobj: data : 00000001000000000000000000000000 
221236000: system.memobj: hamming code addr: 603384 
221236000: system.memobj: hamming code : 12 
221236000: system.memobj: hamming code addr: 603392 
221236000: system.memobj: hamming code : 0 
221236000: system.memobj: hamming code addr: 603400 
221236000: system.memobj: hamming code : 0 
221236000: system.memobj: hamming code addr: 603408 
221236000: system.memobj: hamming code : 0 
221236000: system.memobj: Enter Error Bit index: 3 
221236000: system.memobj: flip data : 00100001000000000000000000000000 
221236000: system.memobj: -------------------------------------
221306000: system.memobj: mem->cpu Got response for addr 0x15d20 , 89376
221306000: system.memobj: size 0x8
221306000: system.memobj: id 94061725738128
221306000: system.memobj: data_hex : E8FB4500004885C0 
221306000: system.memobj: data : 1110100011111011010001010000000000000000010010001000010111000000 
221306000: system.memobj: fix data : 1110100011111011010001010000000000000000010010001000010111000000 
221306000: system.memobj: -------------------------------------
221306000: system.memobj: cpu->mem Got request for addr 0x94b38 , 609080
221306000: system.memobj: size 0x8
221306000: system.memobj: id 94061725738416
221306000: system.memobj: data_hex : 255D410000000000 
221306000: system.memobj: data : 0010010101011101010000010000000000000000000000000000000000000000 
221306000: system.memobj: hamming code addr: 609080 
221306000: system.memobj: hamming code : 0 
221306000: system.memobj: hamming code addr: 609088 
221306000: system.memobj: hamming code : 13 
221306000: system.memobj: hamming code addr: 609096 
221306000: system.memobj: hamming code : 9 
221306000: system.memobj: hamming code addr: 609104 
221306000: system.memobj: hamming code : 0 
221306000: system.memobj: hamming code addr: 609112 
221306000: system.memobj: hamming code : 0 
221306000: system.memobj: hamming code addr: 609120 
221306000: system.memobj: hamming code : 0 
221306000: system.memobj: hamming code addr: 609128 
221306000: system.memobj: hamming code : 0 
221306000: system.memobj: hamming code addr: 609136 
221306000: system.memobj: hamming code : 0 
221306000: system.memobj: Enter Error Bit index: 2 
221306000: system.memobj: flip data : 0110010101011101010000010000000000000000000000000000000000000000 
221306000: system.memobj: -------------------------------------
221376000: system.memobj: mem->cpu Got response for addr 0x1a320 , 107296
221376000: system.memobj: size 0x8
221376000: system.memobj: id 94061725738416
221376000: system.memobj: data_hex : 4C896424E84C8974 
221376000: system.memobj: data : 0100110010001001011001000010010011101000010011001000100101110100 
221376000: system.memobj: fix data : 0100110010001001011001000010010011101000010011001000100101110100 
221376000: system.memobj: -------------------------------------
221376000: system.memobj: cpu->mem Got request for addr 0x94b20 , 609056
221376000: system.memobj: size 0x8
221376000: system.memobj: id 94061725738128
221376000: system.memobj: data_hex : 0100000000000000 
221376000: system.memobj: data : 0000000100000000000000000000000000000000000000000000000000000000 
221376000: system.memobj: hamming code addr: 609056 
221376000: system.memobj: hamming code : 12 
221376000: system.memobj: hamming code addr: 609064 
221376000: system.memobj: hamming code : 0 
221376000: system.memobj: hamming code addr: 609072 
221376000: system.memobj: hamming code : 0 
221376000: system.memobj: hamming code addr: 609080 
221376000: system.memobj: hamming code : 0 
221376000: system.memobj: hamming code addr: 609088 
221376000: system.memobj: hamming code : 0 
221376000: system.memobj: hamming code addr: 609096 
221376000: system.memobj: hamming code : 0 
221376000: system.memobj: hamming code addr: 609104 
221376000: system.memobj: hamming code : 0 
221376000: system.memobj: hamming code addr: 609112 
221376000: system.memobj: hamming code : 0 
221376000: system.memobj: Enter Error Bit index: 8 
221376000: system.memobj: flip data : 0000000000000000000000000000000000000000000000000000000000000000 
221376000: system.memobj: -------------------------------------
221446000: system.memobj: mem->cpu Got response for addr 0x1a320 , 107296
221446000: system.memobj: size 0x8
221446000: system.memobj: id 94061725738128
221446000: system.memobj: data_hex : 4C896424E84C8974 
221446000: system.memobj: data : 0100110010001001011001000010010011101000010011001000100101110100 
221446000: system.memobj: fix data : 0100110010001001011001000010010011101000010011001000100101110100 
221446000: system.memobj: -------------------------------------
221495000: system.memobj: mem->cpu Got response for addr 0x1a328 , 107304
221495000: system.memobj: size 0x8
221495000: system.memobj: id 94061725738416
221495000: system.memobj: data_hex : 24F84989FC48895C 
221495000: system.memobj: data : 0010010011111000010010011000100111111100010010001000100101011100 
221495000: system.memobj: fix data : 0010010011111000010010011000100111111100010010001000100101011100 
221495000: system.memobj: -------------------------------------
221495000: system.memobj: cpu->mem Got request for addr 0x94b30 , 609072
221495000: system.memobj: size 0x8
221495000: system.memobj: id 94061725738128
221495000: system.memobj: data_hex : D8EDFFFFFF7F0000 
221495000: system.memobj: data : 1101100011101101111111111111111111111111011111110000000000000000 
221495000: system.memobj: hamming code addr: 609072 
221495000: system.memobj: hamming code : 8 
221495000: system.memobj: hamming code addr: 609080 
221495000: system.memobj: hamming code : 15 
221495000: system.memobj: hamming code addr: 609088 
221495000: system.memobj: hamming code : 3 
221495000: system.memobj: hamming code addr: 609096 
221495000: system.memobj: hamming code : 3 
221495000: system.memobj: hamming code addr: 609104 
221495000: system.memobj: hamming code : 3 
221495000: system.memobj: hamming code addr: 609112 
221495000: system.memobj: hamming code : 0 
221495000: system.memobj: hamming code addr: 609120 
221495000: system.memobj: hamming code : 0 
221495000: system.memobj: hamming code addr: 609128 
221495000: system.memobj: hamming code : 0 
221495000: system.memobj: Enter Error Bit index: 2 
221495000: system.memobj: flip data : 1001100011101101111111111111111111111111011111110000000000000000 
221495000: system.memobj: -------------------------------------
221565000: system.memobj: mem->cpu Got response for addr 0x1a328 , 107304
221565000: system.memobj: size 0x8
221565000: system.memobj: id 94061725738128
221565000: system.memobj: data_hex : 24F84989FC48895C 
221565000: system.memobj: data : 0010010011111000010010011000100111111100010010001000100101011100 
221565000: system.memobj: fix data : 0010010011111000010010011000100111111100010010001000100101011100 
221565000: system.memobj: -------------------------------------
221614000: system.memobj: mem->cpu Got response for addr 0x1a328 , 107304
221614000: system.memobj: size 0x8
221614000: system.memobj: id 94061725738416
221614000: system.memobj: data_hex : 24F84989FC48895C 
221614000: system.memobj: data : 0010010011111000010010011000100111111100010010001000100101011100 
221614000: system.memobj: fix data : 0010010011111000010010011000100111111100010010001000100101011100 
221614000: system.memobj: -------------------------------------
221663000: system.memobj: mem->cpu Got response for addr 0x1a330 , 107312
221663000: system.memobj: size 0x8
221663000: system.memobj: id 94061725738128
221663000: system.memobj: data_hex : 24D848896C24E04C 
221663000: system.memobj: data : 0010010011011000010010001000100101101100001001001110000001001100 
221663000: system.memobj: fix data : 0010010011011000010010001000100101101100001001001110000001001100 
221663000: system.memobj: -------------------------------------
221663000: system.memobj: cpu->mem Got request for addr 0x94b10 , 609040
221663000: system.memobj: size 0x8
221663000: system.memobj: id 94061725738416
221663000: system.memobj: data_hex : 0717470000000000 
221663000: system.memobj: data : 0000011100010111010001110000000000000000000000000000000000000000 
221663000: system.memobj: hamming code addr: 609040 
221663000: system.memobj: hamming code : 13 
221663000: system.memobj: hamming code addr: 609048 
221663000: system.memobj: hamming code : 10 
221663000: system.memobj: hamming code addr: 609056 
221663000: system.memobj: hamming code : 8 
221663000: system.memobj: hamming code addr: 609064 
221663000: system.memobj: hamming code : 0 
221663000: system.memobj: hamming code addr: 609072 
221663000: system.memobj: hamming code : 0 
221663000: system.memobj: hamming code addr: 609080 
221663000: system.memobj: hamming code : 0 
221663000: system.memobj: hamming code addr: 609088 
221663000: system.memobj: hamming code : 0 
221663000: system.memobj: hamming code addr: 609096 
221663000: system.memobj: hamming code : 0 
221663000: system.memobj: Enter Error Bit index: 3 
221663000: system.memobj: flip data : 0010011100010111010001110000000000000000000000000000000000000000 
221663000: system.memobj: -------------------------------------
221733000: system.memobj: mem->cpu Got response for addr 0x1a330 , 107312
221733000: system.memobj: size 0x8
221733000: system.memobj: id 94061725738416
221733000: system.memobj: data_hex : 24D848896C24E04C 
221733000: system.memobj: data : 0010010011011000010010001000100101101100001001001110000001001100 
221733000: system.memobj: fix data : 0010010011011000010010001000100101101100001001001110000001001100 
221733000: system.memobj: -------------------------------------
221733000: system.memobj: cpu->mem Got request for addr 0x94b18 , 609048
221733000: system.memobj: size 0x8
221733000: system.memobj: id 94061725738128
221733000: system.memobj: data_hex : D8EDFFFFFF7F0000 
221733000: system.memobj: data : 1101100011101101111111111111111111111111011111110000000000000000 
221733000: system.memobj: hamming code addr: 609048 
221733000: system.memobj: hamming code : 8 
221733000: system.memobj: hamming code addr: 609056 
221733000: system.memobj: hamming code : 15 
221733000: system.memobj: hamming code addr: 609064 
221733000: system.memobj: hamming code : 3 
221733000: system.memobj: hamming code addr: 609072 
221733000: system.memobj: hamming code : 3 
221733000: system.memobj: hamming code addr: 609080 
221733000: system.memobj: hamming code : 3 
221733000: system.memobj: hamming code addr: 609088 
221733000: system.memobj: hamming code : 0 
221733000: system.memobj: hamming code addr: 609096 
221733000: system.memobj: hamming code : 0 
221733000: system.memobj: hamming code addr: 609104 
221733000: system.memobj: hamming code : 0 
221733000: system.memobj: Enter Error Bit index: 2 
221733000: system.memobj: flip data : 1001100011101101111111111111111111111111011111110000000000000000 
221733000: system.memobj: -------------------------------------
221803000: system.memobj: mem->cpu Got response for addr 0x1a330 , 107312
221803000: system.memobj: size 0x8
221803000: system.memobj: id 94061725738128
221803000: system.memobj: data_hex : 24D848896C24E04C 
221803000: system.memobj: data : 0010010011011000010010001000100101101100001001001110000001001100 
221803000: system.memobj: fix data : 0010010011011000010010001000100101101100001001001110000001001100 
221803000: system.memobj: -------------------------------------
221852000: system.memobj: mem->cpu Got response for addr 0x1a338 , 107320
221852000: system.memobj: size 0x8
221852000: system.memobj: id 94061725738416
221852000: system.memobj: data_hex : 896C24F04883EC28 
221852000: system.memobj: data : 1000100101101100001001001111000001001000100000111110110000101000 
221852000: system.memobj: fix data : 1000100101101100001001001111000001001000100000111110110000101000 
221852000: system.memobj: -------------------------------------
221852000: system.memobj: cpu->mem Got request for addr 0x94b28 , 609064
221852000: system.memobj: size 0x8
221852000: system.memobj: id 94061725738128
221852000: system.memobj: data_hex : 0100000000000000 
221852000: system.memobj: data : 0000000100000000000000000000000000000000000000000000000000000000 
221852000: system.memobj: hamming code addr: 609064 
221852000: system.memobj: hamming code : 12 
221852000: system.memobj: hamming code addr: 609072 
221852000: system.memobj: hamming code : 0 
221852000: system.memobj: hamming code addr: 609080 
221852000: system.memobj: hamming code : 0 
221852000: system.memobj: hamming code addr: 609088 
221852000: system.memobj: hamming code : 0 
221852000: system.memobj: hamming code addr: 609096 
221852000: system.memobj: hamming code : 0 
221852000: system.memobj: hamming code addr: 609104 
221852000: system.memobj: hamming code : 0 
221852000: system.memobj: hamming code addr: 609112 
221852000: system.memobj: hamming code : 0 
221852000: system.memobj: hamming code addr: 609120 
221852000: system.memobj: hamming code : 0 
221852000: system.memobj: Enter Error Bit index: 6 
221852000: system.memobj: flip data : 0000010100000000000000000000000000000000000000000000000000000000 
221852000: system.memobj: -------------------------------------
221922000: system.memobj: mem->cpu Got response for addr 0x1a338 , 107320
221922000: system.memobj: size 0x8
221922000: system.memobj: id 94061725738128
221922000: system.memobj: data_hex : 896C24F04883EC28 
221922000: system.memobj: data : 1000100101101100001001001111000001001000100000111110110000101000 
221922000: system.memobj: fix data : 1000100101101100001001001111000001001000100000111110110000101000 
221922000: system.memobj: -------------------------------------
221971000: system.memobj: mem->cpu Got response for addr 0x1a340 , 107328
221971000: system.memobj: size 0x8
221971000: system.memobj: id 94061725738416
221971000: system.memobj: data_hex : E8CB79FFFF488B15 
221971000: system.memobj: data : 1110100011001011011110011111111111111111010010001000101100010101 
221971000: system.memobj: fix data : 1110100011001011011110011111111111111111010010001000101100010101 
221971000: system.memobj: -------------------------------------
221971000: system.memobj: cpu->mem Got request for addr 0x94b08 , 609032
221971000: system.memobj: size 0x8
221971000: system.memobj: id 94061725738128
221971000: system.memobj: data_hex : 45A3410000000000 
221971000: system.memobj: data : 0100010110100011010000010000000000000000000000000000000000000000 
221971000: system.memobj: hamming code addr: 609032 
221971000: system.memobj: hamming code : 3 
221971000: system.memobj: hamming code addr: 609040 
221971000: system.memobj: hamming code : 2 
221971000: system.memobj: hamming code addr: 609048 
221971000: system.memobj: hamming code : 9 
221971000: system.memobj: hamming code addr: 609056 
221971000: system.memobj: hamming code : 0 
221971000: system.memobj: hamming code addr: 609064 
221971000: system.memobj: hamming code : 0 
221971000: system.memobj: hamming code addr: 609072 
221971000: system.memobj: hamming code : 0 
221971000: system.memobj: hamming code addr: 609080 
221971000: system.memobj: hamming code : 0 
221971000: system.memobj: hamming code addr: 609088 
221971000: system.memobj: hamming code : 0 
221971000: system.memobj: Enter Error Bit index: 2 
221971000: system.memobj: flip data : 0000010110100011010000010000000000000000000000000000000000000000 
221971000: system.memobj: -------------------------------------
222069000: system.memobj: mem->cpu Got response for addr 0x11d10 , 72976
222069000: system.memobj: size 0x8
222069000: system.memobj: id 94061725738128
222069000: system.memobj: data_hex : 4889FE48F7DF4989 
222069000: system.memobj: data : 0100100010001001111111100100100011110111110111110100100110001001 
222069000: system.memobj: fix data : 0100100010001001111111100100100011110111110111110100100110001001 
222069000: system.memobj: -------------------------------------
222118000: system.memobj: mem->cpu Got response for addr 0x11d10 , 72976
222118000: system.memobj: size 0x8
222118000: system.memobj: id 94061725738416
222118000: system.memobj: data_hex : 4889FE48F7DF4989 
222118000: system.memobj: data : 0100100010001001111111100100100011110111110111110100100110001001 
222118000: system.memobj: fix data : 0100100010001001111111100100100011110111110111110100100110001001 
222118000: system.memobj: -------------------------------------
222167000: system.memobj: mem->cpu Got response for addr 0x11d10 , 72976
222167000: system.memobj: size 0x8
222167000: system.memobj: id 94061725738128
222167000: system.memobj: data_hex : 4889FE48F7DF4989 
222167000: system.memobj: data : 0100100010001001111111100100100011110111110111110100100110001001 
222167000: system.memobj: fix data : 0100100010001001111111100100100011110111110111110100100110001001 
222167000: system.memobj: -------------------------------------
222216000: system.memobj: mem->cpu Got response for addr 0x11d18 , 72984
222216000: system.memobj: size 0x8
222216000: system.memobj: id 94061725738416
222216000: system.memobj: data_hex : F04183E007743149 
222216000: system.memobj: data : 1111000001000001100000111110000000000111011101000011000101001001 
222216000: system.memobj: fix data : 1111000001000001100000111110000000000111011101000011000101001001 
222216000: system.memobj: -------------------------------------
222265000: system.memobj: mem->cpu Got response for addr 0x11d18 , 72984
222265000: system.memobj: size 0x8
222265000: system.memobj: id 94061725738128
222265000: system.memobj: data_hex : F04183E007743149 
222265000: system.memobj: data : 1111000001000001100000111110000000000111011101000011000101001001 
222265000: system.memobj: fix data : 1111000001000001100000111110000000000111011101000011000101001001 
222265000: system.memobj: -------------------------------------
222314000: system.memobj: mem->cpu Got response for addr 0x11d18 , 72984
222314000: system.memobj: size 0x8
222314000: system.memobj: id 94061725738416
222314000: system.memobj: data_hex : F04183E007743149 
222314000: system.memobj: data : 1111000001000001100000111110000000000111011101000011000101001001 
222314000: system.memobj: fix data : 1111000001000001100000111110000000000111011101000011000101001001 
222314000: system.memobj: -------------------------------------
222363000: system.memobj: mem->cpu Got response for addr 0x11d18 , 72984
222363000: system.memobj: size 0x8
222363000: system.memobj: id 94061725738128
222363000: system.memobj: data_hex : F04183E007743149 
222363000: system.memobj: data : 1111000001000001100000111110000000000111011101000011000101001001 
222363000: system.memobj: fix data : 1111000001000001100000111110000000000111011101000011000101001001 
222363000: system.memobj: -------------------------------------
222412000: system.memobj: mem->cpu Got response for addr 0x11d20 , 72992
222412000: system.memobj: size 0x8
222412000: system.memobj: id 94061725738416
222412000: system.memobj: data_hex : 83E8086666669066 
222412000: system.memobj: data : 1000001111101000000010000110011001100110011001101001000001100110 
222412000: system.memobj: fix data : 1000001111101000000010000110011001100110011001101001000001100110 
222412000: system.memobj: -------------------------------------
222461000: system.memobj: mem->cpu Got response for addr 0x11d20 , 72992
222461000: system.memobj: size 0x8
222461000: system.memobj: id 94061725738128
222461000: system.memobj: data_hex : 83E8086666669066 
222461000: system.memobj: data : 1000001111101000000010000110011001100110011001101001000001100110 
222461000: system.memobj: fix data : 1000001111101000000010000110011001100110011001101001000001100110 
222461000: system.memobj: -------------------------------------
222510000: system.memobj: mem->cpu Got response for addr 0x11d20 , 72992
222510000: system.memobj: size 0x8
222510000: system.memobj: id 94061725738416
222510000: system.memobj: data_hex : 83E8086666669066 
222510000: system.memobj: data : 1000001111101000000010000110011001100110011001101001000001100110 
222510000: system.memobj: fix data : 1000001111101000000010000110011001100110011001101001000001100110 
222510000: system.memobj: -------------------------------------
222559000: system.memobj: mem->cpu Got response for addr 0x11d28 , 73000
222559000: system.memobj: size 0x8
222559000: system.memobj: id 94061725738128
222559000: system.memobj: data_hex : 6690666690666690 
222559000: system.memobj: data : 0110011010010000011001100110011010010000011001100110011010010000 
222559000: system.memobj: fix data : 0110011010010000011001100110011010010000011001100110011010010000 
222559000: system.memobj: -------------------------------------
222608000: system.memobj: mem->cpu Got response for addr 0x11d28 , 73000
222608000: system.memobj: size 0x8
222608000: system.memobj: id 94061725738416
222608000: system.memobj: data_hex : 6690666690666690 
222608000: system.memobj: data : 0110011010010000011001100110011010010000011001100110011010010000 
222608000: system.memobj: fix data : 0110011010010000011001100110011010010000011001100110011010010000 
222608000: system.memobj: -------------------------------------
222657000: system.memobj: mem->cpu Got response for addr 0x11d28 , 73000
222657000: system.memobj: size 0x8
222657000: system.memobj: id 94061725738128
222657000: system.memobj: data_hex : 6690666690666690 
222657000: system.memobj: data : 0110011010010000011001100110011010010000011001100110011010010000 
222657000: system.memobj: fix data : 0110011010010000011001100110011010010000011001100110011010010000 
222657000: system.memobj: -------------------------------------
222706000: system.memobj: mem->cpu Got response for addr 0x11d30 , 73008
222706000: system.memobj: size 0x8
222706000: system.memobj: id 94061725738416
222706000: system.memobj: data_hex : 803E000F84670300 
222706000: system.memobj: data : 1000000000111110000000000000111110000100011001110000001100000000 
222706000: system.memobj: fix data : 1000000000111110000000000000111110000100011001110000001100000000 
222706000: system.memobj: -------------------------------------
222755000: system.memobj: mem->cpu Got response for addr 0x5ed7a , 388474
222755000: system.memobj: size 0x1
222755000: system.memobj: id 94061725738128
222755000: system.memobj: data_hex : 4C 
222755000: system.memobj: data : 01001100 
222755000: system.memobj: fix data : 01001100 
222755000: system.memobj: -------------------------------------
222804000: system.memobj: mem->cpu Got response for addr 0x11d30 , 73008
222804000: system.memobj: size 0x8
222804000: system.memobj: id 94061725738128
222804000: system.memobj: data_hex : 803E000F84670300 
222804000: system.memobj: data : 1000000000111110000000000000111110000100011001110000001100000000 
222804000: system.memobj: fix data : 1000000000111110000000000000111110000100011001110000001100000000 
222804000: system.memobj: -------------------------------------
222853000: system.memobj: mem->cpu Got response for addr 0x11d38 , 73016
222853000: system.memobj: size 0x8
222853000: system.memobj: id 94061725738416
222853000: system.memobj: data_hex : 0048FFC649FFC075 
222853000: system.memobj: data : 0000000001001000111111111100011001001001111111111100000001110101 
222853000: system.memobj: fix data : 0000000001001000111111111100011001001001111111111100000001110101 
222853000: system.memobj: -------------------------------------
222916000: system.memobj: mem->cpu Got response for addr 0x11d38 , 73016
222916000: system.memobj: size 0x8
222916000: system.memobj: id 94061725738128
222916000: system.memobj: data_hex : 0048FFC649FFC075 
222916000: system.memobj: data : 0000000001001000111111111100011001001001111111111100000001110101 
222916000: system.memobj: fix data : 0000000001001000111111111100011001001001111111111100000001110101 
222916000: system.memobj: -------------------------------------
222965000: system.memobj: mem->cpu Got response for addr 0x11d38 , 73016
222965000: system.memobj: size 0x8
222965000: system.memobj: id 94061725738416
222965000: system.memobj: data_hex : 0048FFC649FFC075 
222965000: system.memobj: data : 0000000001001000111111111100011001001001111111111100000001110101 
222965000: system.memobj: fix data : 0000000001001000111111111100011001001001111111111100000001110101 
222965000: system.memobj: -------------------------------------
223014000: system.memobj: mem->cpu Got response for addr 0x11d38 , 73016
223014000: system.memobj: size 0x8
223014000: system.memobj: id 94061725738128
223014000: system.memobj: data_hex : 0048FFC649FFC075 
223014000: system.memobj: data : 0000000001001000111111111100011001001001111111111100000001110101 
223014000: system.memobj: fix data : 0000000001001000111111111100011001001001111111111100000001110101 
223014000: system.memobj: -------------------------------------
223063000: system.memobj: mem->cpu Got response for addr 0x11d40 , 73024
223063000: system.memobj: size 0x8
223063000: system.memobj: id 94061725738416
223063000: system.memobj: data_hex : EF66666690666666 
223063000: system.memobj: data : 1110111101100110011001100110011010010000011001100110011001100110 
223063000: system.memobj: fix data : 1110111101100110011001100110011010010000011001100110011001100110 
223063000: system.memobj: -------------------------------------
223112000: system.memobj: mem->cpu Got response for addr 0x11d30 , 73008
223112000: system.memobj: size 0x8
223112000: system.memobj: id 94061725738128
223112000: system.memobj: data_hex : 803E000F84670300 
223112000: system.memobj: data : 1000000000111110000000000000111110000100011001110000001100000000 
223112000: system.memobj: fix data : 1000000000111110000000000000111110000100011001110000001100000000 
223112000: system.memobj: -------------------------------------
223161000: system.memobj: mem->cpu Got response for addr 0x5ed7b , 388475
223161000: system.memobj: size 0x1
223161000: system.memobj: id 94061725738416
223161000: system.memobj: data_hex : 44 
223161000: system.memobj: data : 01000100 
223161000: system.memobj: fix data : 01000100 
223161000: system.memobj: -------------------------------------
223210000: system.memobj: mem->cpu Got response for addr 0x11d30 , 73008
223210000: system.memobj: size 0x8
223210000: system.memobj: id 94061725738416
223210000: system.memobj: data_hex : 803E000F84670300 
223210000: system.memobj: data : 1000000000111110000000000000111110000100011001110000001100000000 
223210000: system.memobj: fix data : 1000000000111110000000000000111110000100011001110000001100000000 
223210000: system.memobj: -------------------------------------
223259000: system.memobj: mem->cpu Got response for addr 0x11d38 , 73016
223259000: system.memobj: size 0x8
223259000: system.memobj: id 94061725738128
223259000: system.memobj: data_hex : 0048FFC649FFC075 
223259000: system.memobj: data : 0000000001001000111111111100011001001001111111111100000001110101 
223259000: system.memobj: fix data : 0000000001001000111111111100011001001001111111111100000001110101 
223259000: system.memobj: -------------------------------------
223308000: system.memobj: mem->cpu Got response for addr 0x11d38 , 73016
223308000: system.memobj: size 0x8
223308000: system.memobj: id 94061725738416
223308000: system.memobj: data_hex : 0048FFC649FFC075 
223308000: system.memobj: data : 0000000001001000111111111100011001001001111111111100000001110101 
223308000: system.memobj: fix data : 0000000001001000111111111100011001001001111111111100000001110101 
223308000: system.memobj: -------------------------------------
223357000: system.memobj: mem->cpu Got response for addr 0x11d38 , 73016
223357000: system.memobj: size 0x8
223357000: system.memobj: id 94061725738128
223357000: system.memobj: data_hex : 0048FFC649FFC075 
223357000: system.memobj: data : 0000000001001000111111111100011001001001111111111100000001110101 
223357000: system.memobj: fix data : 0000000001001000111111111100011001001001111111111100000001110101 
223357000: system.memobj: -------------------------------------
223406000: system.memobj: mem->cpu Got response for addr 0x11d38 , 73016
223406000: system.memobj: size 0x8
223406000: system.memobj: id 94061725738416
223406000: system.memobj: data_hex : 0048FFC649FFC075 
223406000: system.memobj: data : 0000000001001000111111111100011001001001111111111100000001110101 
223406000: system.memobj: fix data : 0000000001001000111111111100011001001001111111111100000001110101 
223406000: system.memobj: -------------------------------------
223455000: system.memobj: mem->cpu Got response for addr 0x11d40 , 73024
223455000: system.memobj: size 0x8
223455000: system.memobj: id 94061725738128
223455000: system.memobj: data_hex : EF66666690666666 
223455000: system.memobj: data : 1110111101100110011001100110011010010000011001100110011001100110 
223455000: system.memobj: fix data : 1110111101100110011001100110011010010000011001100110011001100110 
223455000: system.memobj: -------------------------------------
223504000: system.memobj: mem->cpu Got response for addr 0x11d30 , 73008
223504000: system.memobj: size 0x8
223504000: system.memobj: id 94061725738416
223504000: system.memobj: data_hex : 803E000F84670300 
223504000: system.memobj: data : 1000000000111110000000000000111110000100011001110000001100000000 
223504000: system.memobj: fix data : 1000000000111110000000000000111110000100011001110000001100000000 
223504000: system.memobj: -------------------------------------
223553000: system.memobj: mem->cpu Got response for addr 0x5ed7c , 388476
223553000: system.memobj: size 0x1
223553000: system.memobj: id 94061725738128
223553000: system.memobj: data_hex : 5F 
223553000: system.memobj: data : 01011111 
223553000: system.memobj: fix data : 01011111 
223553000: system.memobj: -------------------------------------
223602000: system.memobj: mem->cpu Got response for addr 0x11d30 , 73008
223602000: system.memobj: size 0x8
223602000: system.memobj: id 94061725738128
223602000: system.memobj: data_hex : 803E000F84670300 
223602000: system.memobj: data : 1000000000111110000000000000111110000100011001110000001100000000 
223602000: system.memobj: fix data : 1000000000111110000000000000111110000100011001110000001100000000 
223602000: system.memobj: -------------------------------------
223651000: system.memobj: mem->cpu Got response for addr 0x11d38 , 73016
223651000: system.memobj: size 0x8
223651000: system.memobj: id 94061725738416
223651000: system.memobj: data_hex : 0048FFC649FFC075 
223651000: system.memobj: data : 0000000001001000111111111100011001001001111111111100000001110101 
223651000: system.memobj: fix data : 0000000001001000111111111100011001001001111111111100000001110101 
223651000: system.memobj: -------------------------------------
223700000: system.memobj: mem->cpu Got response for addr 0x11d38 , 73016
223700000: system.memobj: size 0x8
223700000: system.memobj: id 94061725738128
223700000: system.memobj: data_hex : 0048FFC649FFC075 
223700000: system.memobj: data : 0000000001001000111111111100011001001001111111111100000001110101 
223700000: system.memobj: fix data : 0000000001001000111111111100011001001001111111111100000001110101 
223700000: system.memobj: -------------------------------------
223749000: system.memobj: mem->cpu Got response for addr 0x11d38 , 73016
223749000: system.memobj: size 0x8
223749000: system.memobj: id 94061725738416
223749000: system.memobj: data_hex : 0048FFC649FFC075 
223749000: system.memobj: data : 0000000001001000111111111100011001001001111111111100000001110101 
223749000: system.memobj: fix data : 0000000001001000111111111100011001001001111111111100000001110101 
223749000: system.memobj: -------------------------------------
223812000: system.memobj: mem->cpu Got response for addr 0x11d38 , 73016
223812000: system.memobj: size 0x8
223812000: system.memobj: id 94061725738128
223812000: system.memobj: data_hex : 0048FFC649FFC075 
223812000: system.memobj: data : 0000000001001000111111111100011001001001111111111100000001110101 
223812000: system.memobj: fix data : 0000000001001000111111111100011001001001111111111100000001110101 
223812000: system.memobj: -------------------------------------
223861000: system.memobj: mem->cpu Got response for addr 0x11d40 , 73024
223861000: system.memobj: size 0x8
223861000: system.memobj: id 94061725738416
223861000: system.memobj: data_hex : EF66666690666666 
223861000: system.memobj: data : 1110111101100110011001100110011010010000011001100110011001100110 
223861000: system.memobj: fix data : 1110111101100110011001100110011010010000011001100110011001100110 
223861000: system.memobj: -------------------------------------
223910000: system.memobj: mem->cpu Got response for addr 0x11d30 , 73008
223910000: system.memobj: size 0x8
223910000: system.memobj: id 94061725738128
223910000: system.memobj: data_hex : 803E000F84670300 
223910000: system.memobj: data : 1000000000111110000000000000111110000100011001110000001100000000 
223910000: system.memobj: fix data : 1000000000111110000000000000111110000100011001110000001100000000 
223910000: system.memobj: -------------------------------------
223959000: system.memobj: mem->cpu Got response for addr 0x5ed7d , 388477
223959000: system.memobj: size 0x1
223959000: system.memobj: id 94061725738416
223959000: system.memobj: data_hex : 42 
223959000: system.memobj: data : 01000010 
223959000: system.memobj: fix data : 01000010 
223959000: system.memobj: -------------------------------------
224008000: system.memobj: mem->cpu Got response for addr 0x11d30 , 73008
224008000: system.memobj: size 0x8
224008000: system.memobj: id 94061725738416
224008000: system.memobj: data_hex : 803E000F84670300 
224008000: system.memobj: data : 1000000000111110000000000000111110000100011001110000001100000000 
224008000: system.memobj: fix data : 1000000000111110000000000000111110000100011001110000001100000000 
224008000: system.memobj: -------------------------------------
224057000: system.memobj: mem->cpu Got response for addr 0x11d38 , 73016
224057000: system.memobj: size 0x8
224057000: system.memobj: id 94061725738128
224057000: system.memobj: data_hex : 0048FFC649FFC075 
224057000: system.memobj: data : 0000000001001000111111111100011001001001111111111100000001110101 
224057000: system.memobj: fix data : 0000000001001000111111111100011001001001111111111100000001110101 
224057000: system.memobj: -------------------------------------
224106000: system.memobj: mem->cpu Got response for addr 0x11d38 , 73016
224106000: system.memobj: size 0x8
224106000: system.memobj: id 94061725738416
224106000: system.memobj: data_hex : 0048FFC649FFC075 
224106000: system.memobj: data : 0000000001001000111111111100011001001001111111111100000001110101 
224106000: system.memobj: fix data : 0000000001001000111111111100011001001001111111111100000001110101 
224106000: system.memobj: -------------------------------------
224155000: system.memobj: mem->cpu Got response for addr 0x11d38 , 73016
224155000: system.memobj: size 0x8
224155000: system.memobj: id 94061725738128
224155000: system.memobj: data_hex : 0048FFC649FFC075 
224155000: system.memobj: data : 0000000001001000111111111100011001001001111111111100000001110101 
224155000: system.memobj: fix data : 0000000001001000111111111100011001001001111111111100000001110101 
224155000: system.memobj: -------------------------------------
224204000: system.memobj: mem->cpu Got response for addr 0x11d38 , 73016
224204000: system.memobj: size 0x8
224204000: system.memobj: id 94061725738416
224204000: system.memobj: data_hex : 0048FFC649FFC075 
224204000: system.memobj: data : 0000000001001000111111111100011001001001111111111100000001110101 
224204000: system.memobj: fix data : 0000000001001000111111111100011001001001111111111100000001110101 
224204000: system.memobj: -------------------------------------
224253000: system.memobj: mem->cpu Got response for addr 0x11d40 , 73024
224253000: system.memobj: size 0x8
224253000: system.memobj: id 94061725738128
224253000: system.memobj: data_hex : EF66666690666666 
224253000: system.memobj: data : 1110111101100110011001100110011010010000011001100110011001100110 
224253000: system.memobj: fix data : 1110111101100110011001100110011010010000011001100110011001100110 
224253000: system.memobj: -------------------------------------
224302000: system.memobj: mem->cpu Got response for addr 0x11d30 , 73008
224302000: system.memobj: size 0x8
224302000: system.memobj: id 94061725738416
224302000: system.memobj: data_hex : 803E000F84670300 
224302000: system.memobj: data : 1000000000111110000000000000111110000100011001110000001100000000 
224302000: system.memobj: fix data : 1000000000111110000000000000111110000100011001110000001100000000 
224302000: system.memobj: -------------------------------------
224351000: system.memobj: mem->cpu Got response for addr 0x5ed7e , 388478
224351000: system.memobj: size 0x1
224351000: system.memobj: id 94061725738128
224351000: system.memobj: data_hex : 49 
224351000: system.memobj: data : 01001001 
224351000: system.memobj: fix data : 01001001 
224351000: system.memobj: -------------------------------------
224400000: system.memobj: mem->cpu Got response for addr 0x11d30 , 73008
224400000: system.memobj: size 0x8
224400000: system.memobj: id 94061725738128
224400000: system.memobj: data_hex : 803E000F84670300 
224400000: system.memobj: data : 1000000000111110000000000000111110000100011001110000001100000000 
224400000: system.memobj: fix data : 1000000000111110000000000000111110000100011001110000001100000000 
224400000: system.memobj: -------------------------------------
224449000: system.memobj: mem->cpu Got response for addr 0x11d38 , 73016
224449000: system.memobj: size 0x8
224449000: system.memobj: id 94061725738416
224449000: system.memobj: data_hex : 0048FFC649FFC075 
224449000: system.memobj: data : 0000000001001000111111111100011001001001111111111100000001110101 
224449000: system.memobj: fix data : 0000000001001000111111111100011001001001111111111100000001110101 
224449000: system.memobj: -------------------------------------
224498000: system.memobj: mem->cpu Got response for addr 0x11d38 , 73016
224498000: system.memobj: size 0x8
224498000: system.memobj: id 94061725738128
224498000: system.memobj: data_hex : 0048FFC649FFC075 
224498000: system.memobj: data : 0000000001001000111111111100011001001001111111111100000001110101 
224498000: system.memobj: fix data : 0000000001001000111111111100011001001001111111111100000001110101 
224498000: system.memobj: -------------------------------------
224547000: system.memobj: mem->cpu Got response for addr 0x11d38 , 73016
224547000: system.memobj: size 0x8
224547000: system.memobj: id 94061725738416
224547000: system.memobj: data_hex : 0048FFC649FFC075 
224547000: system.memobj: data : 0000000001001000111111111100011001001001111111111100000001110101 
224547000: system.memobj: fix data : 0000000001001000111111111100011001001001111111111100000001110101 
224547000: system.memobj: -------------------------------------
224596000: system.memobj: mem->cpu Got response for addr 0x11d38 , 73016
224596000: system.memobj: size 0x8
224596000: system.memobj: id 94061725738128
224596000: system.memobj: data_hex : 0048FFC649FFC075 
224596000: system.memobj: data : 0000000001001000111111111100011001001001111111111100000001110101 
224596000: system.memobj: fix data : 0000000001001000111111111100011001001001111111111100000001110101 
224596000: system.memobj: -------------------------------------
224645000: system.memobj: mem->cpu Got response for addr 0x11d40 , 73024
224645000: system.memobj: size 0x8
224645000: system.memobj: id 94061725738416
224645000: system.memobj: data_hex : EF66666690666666 
224645000: system.memobj: data : 1110111101100110011001100110011010010000011001100110011001100110 
224645000: system.memobj: fix data : 1110111101100110011001100110011010010000011001100110011001100110 
224645000: system.memobj: -------------------------------------
224708000: system.memobj: mem->cpu Got response for addr 0x11d30 , 73008
224708000: system.memobj: size 0x8
224708000: system.memobj: id 94061725738128
224708000: system.memobj: data_hex : 803E000F84670300 
224708000: system.memobj: data : 1000000000111110000000000000111110000100011001110000001100000000 
224708000: system.memobj: fix data : 1000000000111110000000000000111110000100011001110000001100000000 
224708000: system.memobj: -------------------------------------
224757000: system.memobj: mem->cpu Got response for addr 0x5ed7f , 388479
224757000: system.memobj: size 0x1
224757000: system.memobj: id 94061725738416
224757000: system.memobj: data_hex : 4E 
224757000: system.memobj: data : 01001110 
224757000: system.memobj: fix data : 01001110 
224757000: system.memobj: -------------------------------------
224806000: system.memobj: mem->cpu Got response for addr 0x11d30 , 73008
224806000: system.memobj: size 0x8
224806000: system.memobj: id 94061725738416
224806000: system.memobj: data_hex : 803E000F84670300 
224806000: system.memobj: data : 1000000000111110000000000000111110000100011001110000001100000000 
224806000: system.memobj: fix data : 1000000000111110000000000000111110000100011001110000001100000000 
224806000: system.memobj: -------------------------------------
224855000: system.memobj: mem->cpu Got response for addr 0x11d38 , 73016
224855000: system.memobj: size 0x8
224855000: system.memobj: id 94061725738128
224855000: system.memobj: data_hex : 0048FFC649FFC075 
224855000: system.memobj: data : 0000000001001000111111111100011001001001111111111100000001110101 
224855000: system.memobj: fix data : 0000000001001000111111111100011001001001111111111100000001110101 
224855000: system.memobj: -------------------------------------
224904000: system.memobj: mem->cpu Got response for addr 0x11d38 , 73016
224904000: system.memobj: size 0x8
224904000: system.memobj: id 94061725738416
224904000: system.memobj: data_hex : 0048FFC649FFC075 
224904000: system.memobj: data : 0000000001001000111111111100011001001001111111111100000001110101 
224904000: system.memobj: fix data : 0000000001001000111111111100011001001001111111111100000001110101 
224904000: system.memobj: -------------------------------------
224953000: system.memobj: mem->cpu Got response for addr 0x11d38 , 73016
224953000: system.memobj: size 0x8
224953000: system.memobj: id 94061725738128
224953000: system.memobj: data_hex : 0048FFC649FFC075 
224953000: system.memobj: data : 0000000001001000111111111100011001001001111111111100000001110101 
224953000: system.memobj: fix data : 0000000001001000111111111100011001001001111111111100000001110101 
224953000: system.memobj: -------------------------------------
225002000: system.memobj: mem->cpu Got response for addr 0x11d38 , 73016
225002000: system.memobj: size 0x8
225002000: system.memobj: id 94061725738416
225002000: system.memobj: data_hex : 0048FFC649FFC075 
225002000: system.memobj: data : 0000000001001000111111111100011001001001111111111100000001110101 
225002000: system.memobj: fix data : 0000000001001000111111111100011001001001111111111100000001110101 
225002000: system.memobj: -------------------------------------
225051000: system.memobj: mem->cpu Got response for addr 0x11d40 , 73024
225051000: system.memobj: size 0x8
225051000: system.memobj: id 94061725738128
225051000: system.memobj: data_hex : EF66666690666666 
225051000: system.memobj: data : 1110111101100110011001100110011010010000011001100110011001100110 
225051000: system.memobj: fix data : 1110111101100110011001100110011010010000011001100110011001100110 
225051000: system.memobj: -------------------------------------
225100000: system.memobj: mem->cpu Got response for addr 0x11d40 , 73024
225100000: system.memobj: size 0x8
225100000: system.memobj: id 94061725738416
225100000: system.memobj: data_hex : EF66666690666666 
225100000: system.memobj: data : 1110111101100110011001100110011010010000011001100110011001100110 
225100000: system.memobj: fix data : 1110111101100110011001100110011010010000011001100110011001100110 
225100000: system.memobj: -------------------------------------
225149000: system.memobj: mem->cpu Got response for addr 0x11d40 , 73024
225149000: system.memobj: size 0x8
225149000: system.memobj: id 94061725738128
225149000: system.memobj: data_hex : EF66666690666666 
225149000: system.memobj: data : 1110111101100110011001100110011010010000011001100110011001100110 
225149000: system.memobj: fix data : 1110111101100110011001100110011010010000011001100110011001100110 
225149000: system.memobj: -------------------------------------
225198000: system.memobj: mem->cpu Got response for addr 0x11d48 , 73032
225198000: system.memobj: size 0x8
225198000: system.memobj: id 94061725738416
225198000: system.memobj: data_hex : 9066666690666690 
225198000: system.memobj: data : 1001000001100110011001100110011010010000011001100110011010010000 
225198000: system.memobj: fix data : 1001000001100110011001100110011010010000011001100110011010010000 
225198000: system.memobj: -------------------------------------
225247000: system.memobj: mem->cpu Got response for addr 0x11d48 , 73032
225247000: system.memobj: size 0x8
225247000: system.memobj: id 94061725738128
225247000: system.memobj: data_hex : 9066666690666690 
225247000: system.memobj: data : 1001000001100110011001100110011010010000011001100110011010010000 
225247000: system.memobj: fix data : 1001000001100110011001100110011010010000011001100110011010010000 
225247000: system.memobj: -------------------------------------
225296000: system.memobj: mem->cpu Got response for addr 0x11d48 , 73032
225296000: system.memobj: size 0x8
225296000: system.memobj: id 94061725738416
225296000: system.memobj: data_hex : 9066666690666690 
225296000: system.memobj: data : 1001000001100110011001100110011010010000011001100110011010010000 
225296000: system.memobj: fix data : 1001000001100110011001100110011010010000011001100110011010010000 
225296000: system.memobj: -------------------------------------
225345000: system.memobj: mem->cpu Got response for addr 0x11d50 , 73040
225345000: system.memobj: size 0x8
225345000: system.memobj: id 94061725738128
225345000: system.memobj: data_hex : 488B0648B9FFFEFE 
225345000: system.memobj: data : 0100100010001011000001100100100010111001111111111111111011111110 
225345000: system.memobj: fix data : 0100100010001011000001100100100010111001111111111111111011111110 
225345000: system.memobj: -------------------------------------
225394000: system.memobj: mem->cpu Got response for addr 0x5ed80 , 388480
225394000: system.memobj: size 0x8
225394000: system.memobj: id 94061725738416
225394000: system.memobj: data_hex : 445F4E4F54004C44 
225394000: system.memobj: data : 0100010001011111010011100100111101010100000000000100110001000100 
225394000: system.memobj: fix data : 0100010001011111010011100100111101010100000000000100110001000100 
225394000: system.memobj: -------------------------------------
225443000: system.memobj: mem->cpu Got response for addr 0x11d50 , 73040
225443000: system.memobj: size 0x8
225443000: system.memobj: id 94061725738416
225443000: system.memobj: data_hex : 488B0648B9FFFEFE 
225443000: system.memobj: data : 0100100010001011000001100100100010111001111111111111111011111110 
225443000: system.memobj: fix data : 0100100010001011000001100100100010111001111111111111111011111110 
225443000: system.memobj: -------------------------------------
225492000: system.memobj: mem->cpu Got response for addr 0x11d58 , 73048
225492000: system.memobj: size 0x8
225492000: system.memobj: id 94061725738128
225492000: system.memobj: data_hex : FEFEFEFEFE4989C8 
225492000: system.memobj: data : 1111111011111110111111101111111011111110010010011000100111001000 
225492000: system.memobj: fix data : 1111111011111110111111101111111011111110010010011000100111001000 
225492000: system.memobj: -------------------------------------
225541000: system.memobj: mem->cpu Got response for addr 0x11d58 , 73048
225541000: system.memobj: size 0x8
225541000: system.memobj: id 94061725738416
225541000: system.memobj: data_hex : FEFEFEFEFE4989C8 
225541000: system.memobj: data : 1111111011111110111111101111111011111110010010011000100111001000 
225541000: system.memobj: fix data : 1111111011111110111111101111111011111110010010011000100111001000 
225541000: system.memobj: -------------------------------------
225604000: system.memobj: mem->cpu Got response for addr 0x11d60 , 73056
225604000: system.memobj: size 0x8
225604000: system.memobj: id 94061725738128
225604000: system.memobj: data_hex : 4901C00F83070300 
225604000: system.memobj: data : 0100100100000001110000000000111110000011000001110000001100000000 
225604000: system.memobj: fix data : 0100100100000001110000000000111110000011000001110000001100000000 
225604000: system.memobj: -------------------------------------
225653000: system.memobj: mem->cpu Got response for addr 0x11d60 , 73056
225653000: system.memobj: size 0x8
225653000: system.memobj: id 94061725738416
225653000: system.memobj: data_hex : 4901C00F83070300 
225653000: system.memobj: data : 0100100100000001110000000000111110000011000001110000001100000000 
225653000: system.memobj: fix data : 0100100100000001110000000000111110000011000001110000001100000000 
225653000: system.memobj: -------------------------------------
225702000: system.memobj: mem->cpu Got response for addr 0x11d68 , 73064
225702000: system.memobj: size 0x8
225702000: system.memobj: id 94061725738128
225702000: system.memobj: data_hex : 004931C04909C849 
225702000: system.memobj: data : 0000000001001001001100011100000001001001000010011100100001001001 
225702000: system.memobj: fix data : 0000000001001001001100011100000001001001000010011100100001001001 
225702000: system.memobj: -------------------------------------
225751000: system.memobj: mem->cpu Got response for addr 0x11d68 , 73064
225751000: system.memobj: size 0x8
225751000: system.memobj: id 94061725738416
225751000: system.memobj: data_hex : 004931C04909C849 
225751000: system.memobj: data : 0000000001001001001100011100000001001001000010011100100001001001 
225751000: system.memobj: fix data : 0000000001001001001100011100000001001001000010011100100001001001 
225751000: system.memobj: -------------------------------------
225800000: system.memobj: mem->cpu Got response for addr 0x11d68 , 73064
225800000: system.memobj: size 0x8
225800000: system.memobj: id 94061725738128
225800000: system.memobj: data_hex : 004931C04909C849 
225800000: system.memobj: data : 0000000001001001001100011100000001001001000010011100100001001001 
225800000: system.memobj: fix data : 0000000001001001001100011100000001001001000010011100100001001001 
225800000: system.memobj: -------------------------------------
225849000: system.memobj: mem->cpu Got response for addr 0x11d68 , 73064
225849000: system.memobj: size 0x8
225849000: system.memobj: id 94061725738416
225849000: system.memobj: data_hex : 004931C04909C849 
225849000: system.memobj: data : 0000000001001001001100011100000001001001000010011100100001001001 
225849000: system.memobj: fix data : 0000000001001001001100011100000001001001000010011100100001001001 
225849000: system.memobj: -------------------------------------
226144000: system.memobj: mem->cpu Got response for addr 0x11d70 , 73072
226144000: system.memobj: size 0x8
226144000: system.memobj: id 94061725738128
226144000: system.memobj: data_hex : FFC00F85F8020000 
226144000: system.memobj: data : 1111111111000000000011111000010111111000000000100000000000000000 
226144000: system.memobj: fix data : 1111111111000000000011111000010111111000000000100000000000000000 
226144000: system.memobj: -------------------------------------
226193000: system.memobj: mem->cpu Got response for addr 0x11d70 , 73072
226193000: system.memobj: size 0x8
226193000: system.memobj: id 94061725738416
226193000: system.memobj: data_hex : FFC00F85F8020000 
226193000: system.memobj: data : 1111111111000000000011111000010111111000000000100000000000000000 
226193000: system.memobj: fix data : 1111111111000000000011111000010111111000000000100000000000000000 
226193000: system.memobj: -------------------------------------
226256000: system.memobj: mem->cpu Got response for addr 0x12070 , 73840
226256000: system.memobj: size 0x8
226256000: system.memobj: id 94061725738128
226256000: system.memobj: data_hex : 84C0742C48FFC684 
226256000: system.memobj: data : 1000010011000000011101000010110001001000111111111100011010000100 
226256000: system.memobj: fix data : 1000010011000000011101000010110001001000111111111100011010000100 
226256000: system.memobj: -------------------------------------
226305000: system.memobj: mem->cpu Got response for addr 0x12070 , 73840
226305000: system.memobj: size 0x8
226305000: system.memobj: id 94061725738416
226305000: system.memobj: data_hex : 84C0742C48FFC684 
226305000: system.memobj: data : 1000010011000000011101000010110001001000111111111100011010000100 
226305000: system.memobj: fix data : 1000010011000000011101000010110001001000111111111100011010000100 
226305000: system.memobj: -------------------------------------
226354000: system.memobj: mem->cpu Got response for addr 0x12070 , 73840
226354000: system.memobj: size 0x8
226354000: system.memobj: id 94061725738128
226354000: system.memobj: data_hex : 84C0742C48FFC684 
226354000: system.memobj: data : 1000010011000000011101000010110001001000111111111100011010000100 
226354000: system.memobj: fix data : 1000010011000000011101000010110001001000111111111100011010000100 
226354000: system.memobj: -------------------------------------
226403000: system.memobj: mem->cpu Got response for addr 0x12070 , 73840
226403000: system.memobj: size 0x8
226403000: system.memobj: id 94061725738416
226403000: system.memobj: data_hex : 84C0742C48FFC684 
226403000: system.memobj: data : 1000010011000000011101000010110001001000111111111100011010000100 
226403000: system.memobj: fix data : 1000010011000000011101000010110001001000111111111100011010000100 
226403000: system.memobj: -------------------------------------
226452000: system.memobj: mem->cpu Got response for addr 0x12078 , 73848
226452000: system.memobj: size 0x8
226452000: system.memobj: id 94061725738128
226452000: system.memobj: data_hex : E4742548FFC6A900 
226452000: system.memobj: data : 1110010001110100001001010100100011111111110001101010100100000000 
226452000: system.memobj: fix data : 1110010001110100001001010100100011111111110001101010100100000000 
226452000: system.memobj: -------------------------------------
226501000: system.memobj: mem->cpu Got response for addr 0x12078 , 73848
226501000: system.memobj: size 0x8
226501000: system.memobj: id 94061725738416
226501000: system.memobj: data_hex : E4742548FFC6A900 
226501000: system.memobj: data : 1110010001110100001001010100100011111111110001101010100100000000 
226501000: system.memobj: fix data : 1110010001110100001001010100100011111111110001101010100100000000 
226501000: system.memobj: -------------------------------------
226550000: system.memobj: mem->cpu Got response for addr 0x12078 , 73848
226550000: system.memobj: size 0x8
226550000: system.memobj: id 94061725738128
226550000: system.memobj: data_hex : E4742548FFC6A900 
226550000: system.memobj: data : 1110010001110100001001010100100011111111110001101010100100000000 
226550000: system.memobj: fix data : 1110010001110100001001010100100011111111110001101010100100000000 
226550000: system.memobj: -------------------------------------
226599000: system.memobj: mem->cpu Got response for addr 0x12078 , 73848
226599000: system.memobj: size 0x8
226599000: system.memobj: id 94061725738416
226599000: system.memobj: data_hex : E4742548FFC6A900 
226599000: system.memobj: data : 1110010001110100001001010100100011111111110001101010100100000000 
226599000: system.memobj: fix data : 1110010001110100001001010100100011111111110001101010100100000000 
226599000: system.memobj: -------------------------------------
226648000: system.memobj: mem->cpu Got response for addr 0x12080 , 73856
226648000: system.memobj: size 0x8
226648000: system.memobj: id 94061725738128
226648000: system.memobj: data_hex : 00FF00741B48FFC6 
226648000: system.memobj: data : 0000000011111111000000000111010000011011010010001111111111000110 
226648000: system.memobj: fix data : 0000000011111111000000000111010000011011010010001111111111000110 
226648000: system.memobj: -------------------------------------
226697000: system.memobj: mem->cpu Got response for addr 0x12080 , 73856
226697000: system.memobj: size 0x8
226697000: system.memobj: id 94061725738416
226697000: system.memobj: data_hex : 00FF00741B48FFC6 
226697000: system.memobj: data : 0000000011111111000000000111010000011011010010001111111111000110 
226697000: system.memobj: fix data : 0000000011111111000000000111010000011011010010001111111111000110 
226697000: system.memobj: -------------------------------------
226746000: system.memobj: mem->cpu Got response for addr 0x12080 , 73856
226746000: system.memobj: size 0x8
226746000: system.memobj: id 94061725738128
226746000: system.memobj: data_hex : 00FF00741B48FFC6 
226746000: system.memobj: data : 0000000011111111000000000111010000011011010010001111111111000110 
226746000: system.memobj: fix data : 0000000011111111000000000111010000011011010010001111111111000110 
226746000: system.memobj: -------------------------------------
226795000: system.memobj: mem->cpu Got response for addr 0x12088 , 73864
226795000: system.memobj: size 0x8
226795000: system.memobj: id 94061725738416
226795000: system.memobj: data_hex : A9000000FF741148 
226795000: system.memobj: data : 1010100100000000000000000000000011111111011101000001000101001000 
226795000: system.memobj: fix data : 1010100100000000000000000000000011111111011101000001000101001000 
226795000: system.memobj: -------------------------------------
226844000: system.memobj: mem->cpu Got response for addr 0x12088 , 73864
226844000: system.memobj: size 0x8
226844000: system.memobj: id 94061725738128
226844000: system.memobj: data_hex : A9000000FF741148 
226844000: system.memobj: data : 1010100100000000000000000000000011111111011101000001000101001000 
226844000: system.memobj: fix data : 1010100100000000000000000000000011111111011101000001000101001000 
226844000: system.memobj: -------------------------------------
226893000: system.memobj: mem->cpu Got response for addr 0x12088 , 73864
226893000: system.memobj: size 0x8
226893000: system.memobj: id 94061725738416
226893000: system.memobj: data_hex : A9000000FF741148 
226893000: system.memobj: data : 1010100100000000000000000000000011111111011101000001000101001000 
226893000: system.memobj: fix data : 1010100100000000000000000000000011111111011101000001000101001000 
226893000: system.memobj: -------------------------------------
226942000: system.memobj: mem->cpu Got response for addr 0x12090 , 73872
226942000: system.memobj: size 0x8
226942000: system.memobj: id 94061725738128
226942000: system.memobj: data_hex : FFC648C1E820EBD8 
226942000: system.memobj: data : 1111111111000110010010001100000111101000001000001110101111011000 
226942000: system.memobj: fix data : 1111111111000110010010001100000111101000001000001110101111011000 
226942000: system.memobj: -------------------------------------
226991000: system.memobj: mem->cpu Got response for addr 0x12090 , 73872
226991000: system.memobj: size 0x8
226991000: system.memobj: id 94061725738416
226991000: system.memobj: data_hex : FFC648C1E820EBD8 
226991000: system.memobj: data : 1111111111000110010010001100000111101000001000001110101111011000 
226991000: system.memobj: fix data : 1111111111000110010010001100000111101000001000001110101111011000 
226991000: system.memobj: -------------------------------------
227054000: system.memobj: mem->cpu Got response for addr 0x12090 , 73872
227054000: system.memobj: size 0x8
227054000: system.memobj: id 94061725738128
227054000: system.memobj: data_hex : FFC648C1E820EBD8 
227054000: system.memobj: data : 1111111111000110010010001100000111101000001000001110101111011000 
227054000: system.memobj: fix data : 1111111111000110010010001100000111101000001000001110101111011000 
227054000: system.memobj: -------------------------------------
227103000: system.memobj: mem->cpu Got response for addr 0x12070 , 73840
227103000: system.memobj: size 0x8
227103000: system.memobj: id 94061725738416
227103000: system.memobj: data_hex : 84C0742C48FFC684 
227103000: system.memobj: data : 1000010011000000011101000010110001001000111111111100011010000100 
227103000: system.memobj: fix data : 1000010011000000011101000010110001001000111111111100011010000100 
227103000: system.memobj: -------------------------------------
227152000: system.memobj: mem->cpu Got response for addr 0x12070 , 73840
227152000: system.memobj: size 0x8
227152000: system.memobj: id 94061725738128
227152000: system.memobj: data_hex : 84C0742C48FFC684 
227152000: system.memobj: data : 1000010011000000011101000010110001001000111111111100011010000100 
227152000: system.memobj: fix data : 1000010011000000011101000010110001001000111111111100011010000100 
227152000: system.memobj: -------------------------------------
227201000: system.memobj: mem->cpu Got response for addr 0x12070 , 73840
227201000: system.memobj: size 0x8
227201000: system.memobj: id 94061725738416
227201000: system.memobj: data_hex : 84C0742C48FFC684 
227201000: system.memobj: data : 1000010011000000011101000010110001001000111111111100011010000100 
227201000: system.memobj: fix data : 1000010011000000011101000010110001001000111111111100011010000100 
227201000: system.memobj: -------------------------------------
227250000: system.memobj: mem->cpu Got response for addr 0x12070 , 73840
227250000: system.memobj: size 0x8
227250000: system.memobj: id 94061725738128
227250000: system.memobj: data_hex : 84C0742C48FFC684 
227250000: system.memobj: data : 1000010011000000011101000010110001001000111111111100011010000100 
227250000: system.memobj: fix data : 1000010011000000011101000010110001001000111111111100011010000100 
227250000: system.memobj: -------------------------------------
227299000: system.memobj: mem->cpu Got response for addr 0x12078 , 73848
227299000: system.memobj: size 0x8
227299000: system.memobj: id 94061725738416
227299000: system.memobj: data_hex : E4742548FFC6A900 
227299000: system.memobj: data : 1110010001110100001001010100100011111111110001101010100100000000 
227299000: system.memobj: fix data : 1110010001110100001001010100100011111111110001101010100100000000 
227299000: system.memobj: -------------------------------------
227348000: system.memobj: mem->cpu Got response for addr 0x12078 , 73848
227348000: system.memobj: size 0x8
227348000: system.memobj: id 94061725738128
227348000: system.memobj: data_hex : E4742548FFC6A900 
227348000: system.memobj: data : 1110010001110100001001010100100011111111110001101010100100000000 
227348000: system.memobj: fix data : 1110010001110100001001010100100011111111110001101010100100000000 
227348000: system.memobj: -------------------------------------
227397000: system.memobj: mem->cpu Got response for addr 0x120a0 , 73888
227397000: system.memobj: size 0x8
227397000: system.memobj: id 94061725738416
227397000: system.memobj: data_hex : 488D0437C3909090 
227397000: system.memobj: data : 0100100010001101000001000011011111000011100100001001000010010000 
227397000: system.memobj: fix data : 0100100010001101000001000011011111000011100100001001000010010000 
227397000: system.memobj: -------------------------------------
227446000: system.memobj: mem->cpu Got response for addr 0x120a0 , 73888
227446000: system.memobj: size 0x8
227446000: system.memobj: id 94061725738128
227446000: system.memobj: data_hex : 488D0437C3909090 
227446000: system.memobj: data : 0100100010001101000001000011011111000011100100001001000010010000 
227446000: system.memobj: fix data : 0100100010001101000001000011011111000011100100001001000010010000 
227446000: system.memobj: -------------------------------------
227509000: system.memobj: mem->cpu Got response for addr 0x94b08 , 609032
227509000: system.memobj: size 0x8
227509000: system.memobj: id 94061725738416
227509000: system.memobj: data_hex : 05A3410000000000 
227509000: system.memobj: data : 0000010110100011010000010000000000000000000000000000000000000000 
227509000: system.memobj: hamming code addr: 609032 
227509000: system.memobj: hamming code out: 3 
227509000: system.memobj: find Error Bit index : 2 
227509000: system.memobj: hamming code addr: 609040 
227509000: system.memobj: hamming code out: 2 
227509000: system.memobj: hamming code addr: 609048 
227509000: system.memobj: hamming code out: 9 
227509000: system.memobj: hamming code addr: 609056 
227509000: system.memobj: hamming code out: 0 
227509000: system.memobj: hamming code addr: 609064 
227509000: system.memobj: hamming code out: 0 
227509000: system.memobj: hamming code addr: 609072 
227509000: system.memobj: hamming code out: 0 
227509000: system.memobj: hamming code addr: 609080 
227509000: system.memobj: hamming code out: 0 
227509000: system.memobj: hamming code addr: 609088 
227509000: system.memobj: hamming code out: 0 
227509000: system.memobj: fix data : 0100010110100011010000010000000000000000000000000000000000000000 
227509000: system.memobj: -------------------------------------
227572000: system.memobj: mem->cpu Got response for addr 0x1a340 , 107328
227572000: system.memobj: size 0x8
227572000: system.memobj: id 94061725738416
227572000: system.memobj: data_hex : E8CB79FFFF488B15 
227572000: system.memobj: data : 1110100011001011011110011111111111111111010010001000101100010101 
227572000: system.memobj: fix data : 1110100011001011011110011111111111111111010010001000101100010101 
227572000: system.memobj: -------------------------------------
227621000: system.memobj: mem->cpu Got response for addr 0x1a348 , 107336
227621000: system.memobj: size 0x8
227621000: system.memobj: id 94061725738128
227621000: system.memobj: data_hex : AC8A17004989C648 
227621000: system.memobj: data : 1010110010001010000101110000000001001001100010011100011001001000 
227621000: system.memobj: fix data : 1010110010001010000101110000000001001001100010011100011001001000 
227621000: system.memobj: -------------------------------------
227698000: system.memobj: mem->cpu Got response for addr 0x92df8 , 601592
227698000: system.memobj: size 0x8
227698000: system.memobj: id 94061725738416
227698000: system.memobj: data_hex : A8EDFFFFFF7F0000 
227698000: system.memobj: data : 1010100011101101111111111111111111111111011111110000000000000000 
227698000: system.memobj: hamming code addr: 601592 
227698000: system.memobj: hamming code out: 9 
227698000: system.memobj: find Error Bit index : 2 
227698000: system.memobj: hamming code addr: 601600 
227698000: system.memobj: hamming code out: 15 
227698000: system.memobj: hamming code addr: 601608 
227698000: system.memobj: hamming code out: 3 
227698000: system.memobj: hamming code addr: 601616 
227698000: system.memobj: hamming code out: 3 
227698000: system.memobj: hamming code addr: 601624 
227698000: system.memobj: hamming code out: 3 
227698000: system.memobj: hamming code addr: 601632 
227698000: system.memobj: hamming code out: 0 
227698000: system.memobj: hamming code addr: 601640 
227698000: system.memobj: hamming code out: 0 
227698000: system.memobj: hamming code addr: 601648 
227698000: system.memobj: hamming code out: 0 
227698000: system.memobj: fix data : 1110100011101101111111111111111111111111011111110000000000000000 
227698000: system.memobj: -------------------------------------
227747000: system.memobj: mem->cpu Got response for addr 0x1a348 , 107336
227747000: system.memobj: size 0x8
227747000: system.memobj: id 94061725738416
227747000: system.memobj: data_hex : AC8A17004989C648 
227747000: system.memobj: data : 1010110010001010000101110000000001001001100010011100011001001000 
227747000: system.memobj: fix data : 1010110010001010000101110000000001001001100010011100011001001000 
227747000: system.memobj: -------------------------------------
227796000: system.memobj: mem->cpu Got response for addr 0x1a348 , 107336
227796000: system.memobj: size 0x8
227796000: system.memobj: id 94061725738128
227796000: system.memobj: data_hex : AC8A17004989C648 
227796000: system.memobj: data : 1010110010001010000101110000000001001001100010011100011001001000 
227796000: system.memobj: fix data : 1010110010001010000101110000000001001001100010011100011001001000 
227796000: system.memobj: -------------------------------------
227845000: system.memobj: mem->cpu Got response for addr 0x1a350 , 107344
227845000: system.memobj: size 0x8
227845000: system.memobj: id 94061725738416
227845000: system.memobj: data_hex : 85D27409410FB604 
227845000: system.memobj: data : 1000010111010010011101000000100101000001000011111011011000000100 
227845000: system.memobj: fix data : 1000010111010010011101000000100101000001000011111011011000000100 
227845000: system.memobj: -------------------------------------
227894000: system.memobj: mem->cpu Got response for addr 0x1a350 , 107344
227894000: system.memobj: size 0x8
227894000: system.memobj: id 94061725738128
227894000: system.memobj: data_hex : 85D27409410FB604 
227894000: system.memobj: data : 1000010111010010011101000000100101000001000011111011011000000100 
227894000: system.memobj: fix data : 1000010111010010011101000000100101000001000011111011011000000100 
227894000: system.memobj: -------------------------------------
227943000: system.memobj: mem->cpu Got response for addr 0x1a350 , 107344
227943000: system.memobj: size 0x8
227943000: system.memobj: id 94061725738416
227943000: system.memobj: data_hex : 85D27409410FB604 
227943000: system.memobj: data : 1000010111010010011101000000100101000001000011111011011000000100 
227943000: system.memobj: fix data : 1000010111010010011101000000100101000001000011111011011000000100 
227943000: system.memobj: -------------------------------------
227992000: system.memobj: mem->cpu Got response for addr 0x1a358 , 107352
227992000: system.memobj: size 0x8
227992000: system.memobj: id 94061725738128
227992000: system.memobj: data_hex : 2484C0752331C048 
227992000: system.memobj: data : 0010010010000100110000000111010100100011001100011100000001001000 
227992000: system.memobj: fix data : 0010010010000100110000000111010100100011001100011100000001001000 
227992000: system.memobj: -------------------------------------
228055000: system.memobj: mem->cpu Got response for addr 0x5ed7a , 388474
228055000: system.memobj: size 0x1
228055000: system.memobj: id 94061725738416
228055000: system.memobj: data_hex : 4C 
228055000: system.memobj: data : 01001100 
228055000: system.memobj: fix data : 01001100 
228055000: system.memobj: -------------------------------------
228104000: system.memobj: mem->cpu Got response for addr 0x1a358 , 107352
228104000: system.memobj: size 0x8
228104000: system.memobj: id 94061725738416
228104000: system.memobj: data_hex : 2484C0752331C048 
228104000: system.memobj: data : 0010010010000100110000000111010100100011001100011100000001001000 
228104000: system.memobj: fix data : 0010010010000100110000000111010100100011001100011100000001001000 
228104000: system.memobj: -------------------------------------
228153000: system.memobj: mem->cpu Got response for addr 0x1a358 , 107352
228153000: system.memobj: size 0x8
228153000: system.memobj: id 94061725738128
228153000: system.memobj: data_hex : 2484C0752331C048 
228153000: system.memobj: data : 0010010010000100110000000111010100100011001100011100000001001000 
228153000: system.memobj: fix data : 0010010010000100110000000111010100100011001100011100000001001000 
228153000: system.memobj: -------------------------------------
228202000: system.memobj: mem->cpu Got response for addr 0x1a380 , 107392
228202000: system.memobj: size 0x8
228202000: system.memobj: id 94061725738416
228202000: system.memobj: data_hex : 41807C240100752E 
228202000: system.memobj: data : 0100000110000000011111000010010000000001000000000111010100101110 
228202000: system.memobj: fix data : 0100000110000000011111000010010000000001000000000111010100101110 
228202000: system.memobj: -------------------------------------
228251000: system.memobj: mem->cpu Got response for addr 0x5ed7b , 388475
228251000: system.memobj: size 0x1
228251000: system.memobj: id 94061725738128
228251000: system.memobj: data_hex : 44 
228251000: system.memobj: data : 01000100 
228251000: system.memobj: fix data : 01000100 
228251000: system.memobj: -------------------------------------
228300000: system.memobj: mem->cpu Got response for addr 0x1a380 , 107392
228300000: system.memobj: size 0x8
228300000: system.memobj: id 94061725738128
228300000: system.memobj: data_hex : 41807C240100752E 
228300000: system.memobj: data : 0100000110000000011111000010010000000001000000000111010100101110 
228300000: system.memobj: fix data : 0100000110000000011111000010010000000001000000000111010100101110 
228300000: system.memobj: -------------------------------------
228349000: system.memobj: mem->cpu Got response for addr 0x1a3b0 , 107440
228349000: system.memobj: size 0x8
228349000: system.memobj: id 94061725738416
228349000: system.memobj: data_hex : 85DB75EDEBA7488B 
228349000: system.memobj: data : 1000010111011011011101011110110111101011101001110100100010001011 
228349000: system.memobj: fix data : 1000010111011011011101011110110111101011101001110100100010001011 
228349000: system.memobj: -------------------------------------
228398000: system.memobj: mem->cpu Got response for addr 0x1a3b8 , 107448
228398000: system.memobj: size 0x8
228398000: system.memobj: id 94061725738128
228398000: system.memobj: data_hex : 02450FB72C244983 
228398000: system.memobj: data : 0000001001000101000011111011011100101100001001000100100110000011 
228398000: system.memobj: fix data : 0000001001000101000011111011011100101100001001000100100110000011 
228398000: system.memobj: -------------------------------------
228447000: system.memobj: mem->cpu Got response for addr 0x94de8 , 609768
228447000: system.memobj: size 0x8
228447000: system.memobj: id 94061725738416
228447000: system.memobj: data_hex : 0000000000000000 
228447000: system.memobj: data : 0000000000000000000000000000000000000000000000000000000000000000 
228447000: system.memobj: fix data : 0000000000000000000000000000000000000000000000000000000000000000 
228447000: system.memobj: -------------------------------------
228496000: system.memobj: mem->cpu Got response for addr 0x1a3b8 , 107448
228496000: system.memobj: size 0x8
228496000: system.memobj: id 94061725738416
228496000: system.memobj: data_hex : 02450FB72C244983 
228496000: system.memobj: data : 0000001001000101000011111011011100101100001001000100100110000011 
228496000: system.memobj: fix data : 0000001001000101000011111011011100101100001001000100100110000011 
228496000: system.memobj: -------------------------------------
228545000: system.memobj: mem->cpu Got response for addr 0x5ed7a , 388474
228545000: system.memobj: size 0x2
228545000: system.memobj: id 94061725738128
228545000: system.memobj: data_hex : 4C44 
228545000: system.memobj: data : 0100110001000100 
228545000: system.memobj: fix data : 0100110001000100 
228545000: system.memobj: -------------------------------------
228594000: system.memobj: mem->cpu Got response for addr 0x1a3b8 , 107448
228594000: system.memobj: size 0x8
228594000: system.memobj: id 94061725738128
228594000: system.memobj: data_hex : 02450FB72C244983 
228594000: system.memobj: data : 0000001001000101000011111011011100101100001001000100100110000011 
228594000: system.memobj: fix data : 0000001001000101000011111011011100101100001001000100100110000011 
228594000: system.memobj: -------------------------------------
228657000: system.memobj: mem->cpu Got response for addr 0x1a3c0 , 107456
228657000: system.memobj: size 0x8
228657000: system.memobj: id 94061725738416
228657000: system.memobj: data_hex : EE024983C4024889 
228657000: system.memobj: data : 1110111000000010010010011000001111000100000000100100100010001001 
228657000: system.memobj: fix data : 1110111000000010010010011000001111000100000000100100100010001001 
228657000: system.memobj: -------------------------------------
228706000: system.memobj: mem->cpu Got response for addr 0x1a3c0 , 107456
228706000: system.memobj: size 0x8
228706000: system.memobj: id 94061725738128
228706000: system.memobj: data_hex : EE024983C4024889 
228706000: system.memobj: data : 1110111000000010010010011000001111000100000000100100100010001001 
228706000: system.memobj: fix data : 1110111000000010010010011000001111000100000000100100100010001001 
228706000: system.memobj: -------------------------------------
228755000: system.memobj: mem->cpu Got response for addr 0x1a3c0 , 107456
228755000: system.memobj: size 0x8
228755000: system.memobj: id 94061725738416
228755000: system.memobj: data_hex : EE024983C4024889 
228755000: system.memobj: data : 1110111000000010010010011000001111000100000000100100100010001001 
228755000: system.memobj: fix data : 1110111000000010010010011000001111000100000000100100100010001001 
228755000: system.memobj: -------------------------------------
228804000: system.memobj: mem->cpu Got response for addr 0x1a3c8 , 107464
228804000: system.memobj: size 0x8
228804000: system.memobj: id 94061725738128
228804000: system.memobj: data_hex : D54885C0748F4889 
228804000: system.memobj: data : 1101010101001000100001011100000001110100100011110100100010001001 
228804000: system.memobj: fix data : 1101010101001000100001011100000001110100100011110100100010001001 
228804000: system.memobj: -------------------------------------
228853000: system.memobj: mem->cpu Got response for addr 0x1a3c8 , 107464
228853000: system.memobj: size 0x8
228853000: system.memobj: id 94061725738416
228853000: system.memobj: data_hex : D54885C0748F4889 
228853000: system.memobj: data : 1101010101001000100001011100000001110100100011110100100010001001 
228853000: system.memobj: fix data : 1101010101001000100001011100000001110100100011110100100010001001 
228853000: system.memobj: -------------------------------------
228902000: system.memobj: mem->cpu Got response for addr 0x1a3c8 , 107464
228902000: system.memobj: size 0x8
228902000: system.memobj: id 94061725738128
228902000: system.memobj: data_hex : D54885C0748F4889 
228902000: system.memobj: data : 1101010101001000100001011100000001110100100011110100100010001001 
228902000: system.memobj: fix data : 1101010101001000100001011100000001110100100011110100100010001001 
228902000: system.memobj: -------------------------------------
228951000: system.memobj: mem->cpu Got response for addr 0x1a358 , 107352
228951000: system.memobj: size 0x8
228951000: system.memobj: id 94061725738416
228951000: system.memobj: data_hex : 2484C0752331C048 
228951000: system.memobj: data : 0010010010000100110000000111010100100011001100011100000001001000 
228951000: system.memobj: fix data : 0010010010000100110000000111010100100011001100011100000001001000 
228951000: system.memobj: -------------------------------------
229000000: system.memobj: mem->cpu Got response for addr 0x1a358 , 107352
229000000: system.memobj: size 0x8
229000000: system.memobj: id 94061725738128
229000000: system.memobj: data_hex : 2484C0752331C048 
229000000: system.memobj: data : 0010010010000100110000000111010100100011001100011100000001001000 
229000000: system.memobj: fix data : 0010010010000100110000000111010100100011001100011100000001001000 
229000000: system.memobj: -------------------------------------
229049000: system.memobj: mem->cpu Got response for addr 0x1a360 , 107360
229049000: system.memobj: size 0x8
229049000: system.memobj: id 94061725738416
229049000: system.memobj: data_hex : 8B1C24488B6C2408 
229049000: system.memobj: data : 1000101100011100001001000100100010001011011011000010010000001000 
229049000: system.memobj: fix data : 1000101100011100001001000100100010001011011011000010010000001000 
229049000: system.memobj: -------------------------------------
229098000: system.memobj: mem->cpu Got response for addr 0x94b10 , 609040
229098000: system.memobj: size 0x8
229098000: system.memobj: id 94061725738128
229098000: system.memobj: data_hex : 2717470000000000 
229098000: system.memobj: data : 0010011100010111010001110000000000000000000000000000000000000000 
229098000: system.memobj: hamming code addr: 609040 
229098000: system.memobj: hamming code out: 13 
229098000: system.memobj: find Error Bit index : 3 
229098000: system.memobj: hamming code addr: 609048 
229098000: system.memobj: hamming code out: 10 
229098000: system.memobj: hamming code addr: 609056 
229098000: system.memobj: hamming code out: 8 
229098000: system.memobj: hamming code addr: 609064 
229098000: system.memobj: hamming code out: 0 
229098000: system.memobj: hamming code addr: 609072 
229098000: system.memobj: hamming code out: 0 
229098000: system.memobj: hamming code addr: 609080 
229098000: system.memobj: hamming code out: 0 
229098000: system.memobj: hamming code addr: 609088 
229098000: system.memobj: hamming code out: 0 
229098000: system.memobj: hamming code addr: 609096 
229098000: system.memobj: hamming code out: 0 
229098000: system.memobj: fix data : 0000011100010111010001110000000000000000000000000000000000000000 
229098000: system.memobj: -------------------------------------
229147000: system.memobj: mem->cpu Got response for addr 0x1a360 , 107360
229147000: system.memobj: size 0x8
229147000: system.memobj: id 94061725738128
229147000: system.memobj: data_hex : 8B1C24488B6C2408 
229147000: system.memobj: data : 1000101100011100001001000100100010001011011011000010010000001000 
229147000: system.memobj: fix data : 1000101100011100001001000100100010001011011011000010010000001000 
229147000: system.memobj: -------------------------------------
229196000: system.memobj: mem->cpu Got response for addr 0x94b18 , 609048
229196000: system.memobj: size 0x8
229196000: system.memobj: id 94061725738416
229196000: system.memobj: data_hex : 98EDFFFFFF7F0000 
229196000: system.memobj: data : 1001100011101101111111111111111111111111011111110000000000000000 
229196000: system.memobj: hamming code addr: 609048 
229196000: system.memobj: hamming code out: 8 
229196000: system.memobj: find Error Bit index : 2 
229196000: system.memobj: hamming code addr: 609056 
229196000: system.memobj: hamming code out: 15 
229196000: system.memobj: hamming code addr: 609064 
229196000: system.memobj: hamming code out: 3 
229196000: system.memobj: hamming code addr: 609072 
229196000: system.memobj: hamming code out: 3 
229196000: system.memobj: hamming code addr: 609080 
229196000: system.memobj: hamming code out: 3 
229196000: system.memobj: hamming code addr: 609088 
229196000: system.memobj: hamming code out: 0 
229196000: system.memobj: hamming code addr: 609096 
229196000: system.memobj: hamming code out: 0 
229196000: system.memobj: hamming code addr: 609104 
229196000: system.memobj: hamming code out: 0 
229196000: system.memobj: fix data : 1101100011101101111111111111111111111111011111110000000000000000 
229196000: system.memobj: -------------------------------------
229245000: system.memobj: mem->cpu Got response for addr 0x1a368 , 107368
229245000: system.memobj: size 0x8
229245000: system.memobj: id 94061725738416
229245000: system.memobj: data_hex : 4C8B6424104C8B6C 
229245000: system.memobj: data : 0100110010001011011001000010010000010000010011001000101101101100 
229245000: system.memobj: fix data : 0100110010001011011001000010010000010000010011001000101101101100 
229245000: system.memobj: -------------------------------------
229294000: system.memobj: mem->cpu Got response for addr 0x94b20 , 609056
229294000: system.memobj: size 0x8
229294000: system.memobj: id 94061725738128
229294000: system.memobj: data_hex : 0000000000000000 
229294000: system.memobj: data : 0000000000000000000000000000000000000000000000000000000000000000 
229294000: system.memobj: hamming code addr: 609056 
229294000: system.memobj: hamming code out: 12 
229294000: system.memobj: find Error Bit index : 8 
229294000: system.memobj: hamming code addr: 609064 
229294000: system.memobj: hamming code out: 0 
229294000: system.memobj: hamming code addr: 609072 
229294000: system.memobj: hamming code out: 0 
229294000: system.memobj: hamming code addr: 609080 
229294000: system.memobj: hamming code out: 0 
229294000: system.memobj: hamming code addr: 609088 
229294000: system.memobj: hamming code out: 0 
229294000: system.memobj: hamming code addr: 609096 
229294000: system.memobj: hamming code out: 0 
229294000: system.memobj: hamming code addr: 609104 
229294000: system.memobj: hamming code out: 0 
229294000: system.memobj: hamming code addr: 609112 
229294000: system.memobj: hamming code out: 0 
229294000: system.memobj: fix data : 0000000100000000000000000000000000000000000000000000000000000000 
229294000: system.memobj: -------------------------------------
229343000: system.memobj: mem->cpu Got response for addr 0x1a368 , 107368
229343000: system.memobj: size 0x8
229343000: system.memobj: id 94061725738128
229343000: system.memobj: data_hex : 4C8B6424104C8B6C 
229343000: system.memobj: data : 0100110010001011011001000010010000010000010011001000101101101100 
229343000: system.memobj: fix data : 0100110010001011011001000010010000010000010011001000101101101100 
229343000: system.memobj: -------------------------------------
229392000: system.memobj: mem->cpu Got response for addr 0x1a370 , 107376
229392000: system.memobj: size 0x8
229392000: system.memobj: id 94061725738416
229392000: system.memobj: data_hex : 24184C8B74242048 
229392000: system.memobj: data : 0010010000011000010011001000101101110100001001000010000001001000 
229392000: system.memobj: fix data : 0010010000011000010011001000101101110100001001000010000001001000 
229392000: system.memobj: -------------------------------------
229441000: system.memobj: mem->cpu Got response for addr 0x94b28 , 609064
229441000: system.memobj: size 0x8
229441000: system.memobj: id 94061725738128
229441000: system.memobj: data_hex : 0500000000000000 
229441000: system.memobj: data : 0000010100000000000000000000000000000000000000000000000000000000 
229441000: system.memobj: hamming code addr: 609064 
229441000: system.memobj: hamming code out: 12 
229441000: system.memobj: find Error Bit index : 6 
229441000: system.memobj: hamming code addr: 609072 
229441000: system.memobj: hamming code out: 0 
229441000: system.memobj: hamming code addr: 609080 
229441000: system.memobj: hamming code out: 0 
229441000: system.memobj: hamming code addr: 609088 
229441000: system.memobj: hamming code out: 0 
229441000: system.memobj: hamming code addr: 609096 
229441000: system.memobj: hamming code out: 0 
229441000: system.memobj: hamming code addr: 609104 
229441000: system.memobj: hamming code out: 0 
229441000: system.memobj: hamming code addr: 609112 
229441000: system.memobj: hamming code out: 0 
229441000: system.memobj: hamming code addr: 609120 
229441000: system.memobj: hamming code out: 0 
229441000: system.memobj: fix data : 0000000100000000000000000000000000000000000000000000000000000000 
229441000: system.memobj: -------------------------------------
229490000: system.memobj: mem->cpu Got response for addr 0x1a370 , 107376
229490000: system.memobj: size 0x8
229490000: system.memobj: id 94061725738128
229490000: system.memobj: data_hex : 24184C8B74242048 
229490000: system.memobj: data : 0010010000011000010011001000101101110100001001000010000001001000 
229490000: system.memobj: fix data : 0010010000011000010011001000101101110100001001000010000001001000 
229490000: system.memobj: -------------------------------------
229539000: system.memobj: mem->cpu Got response for addr 0x94b30 , 609072
229539000: system.memobj: size 0x8
229539000: system.memobj: id 94061725738416
229539000: system.memobj: data_hex : 98EDFFFFFF7F0000 
229539000: system.memobj: data : 1001100011101101111111111111111111111111011111110000000000000000 
229539000: system.memobj: hamming code addr: 609072 
229539000: system.memobj: hamming code out: 8 
229539000: system.memobj: find Error Bit index : 2 
229539000: system.memobj: hamming code addr: 609080 
229539000: system.memobj: hamming code out: 15 
229539000: system.memobj: hamming code addr: 609088 
229539000: system.memobj: hamming code out: 3 
229539000: system.memobj: hamming code addr: 609096 
229539000: system.memobj: hamming code out: 3 
229539000: system.memobj: hamming code addr: 609104 
229539000: system.memobj: hamming code out: 3 
229539000: system.memobj: hamming code addr: 609112 
229539000: system.memobj: hamming code out: 0 
229539000: system.memobj: hamming code addr: 609120 
229539000: system.memobj: hamming code out: 0 
229539000: system.memobj: hamming code addr: 609128 
229539000: system.memobj: hamming code out: 0 
229539000: system.memobj: fix data : 1101100011101101111111111111111111111111011111110000000000000000 
229539000: system.memobj: -------------------------------------
229588000: system.memobj: mem->cpu Got response for addr 0x1a370 , 107376
229588000: system.memobj: size 0x8
229588000: system.memobj: id 94061725738416
229588000: system.memobj: data_hex : 24184C8B74242048 
229588000: system.memobj: data : 0010010000011000010011001000101101110100001001000010000001001000 
229588000: system.memobj: fix data : 0010010000011000010011001000101101110100001001000010000001001000 
229588000: system.memobj: -------------------------------------
229637000: system.memobj: mem->cpu Got response for addr 0x1a378 , 107384
229637000: system.memobj: size 0x8
229637000: system.memobj: id 94061725738128
229637000: system.memobj: data_hex : 83C428C366666690 
229637000: system.memobj: data : 1000001111000100001010001100001101100110011001100110011010010000 
229637000: system.memobj: fix data : 1000001111000100001010001100001101100110011001100110011010010000 
229637000: system.memobj: -------------------------------------
229700000: system.memobj: mem->cpu Got response for addr 0x1a378 , 107384
229700000: system.memobj: size 0x8
229700000: system.memobj: id 94061725738416
229700000: system.memobj: data_hex : 83C428C366666690 
229700000: system.memobj: data : 1000001111000100001010001100001101100110011001100110011010010000 
229700000: system.memobj: fix data : 1000001111000100001010001100001101100110011001100110011010010000 
229700000: system.memobj: -------------------------------------
229749000: system.memobj: mem->cpu Got response for addr 0x94b38 , 609080
229749000: system.memobj: size 0x8
229749000: system.memobj: id 94061725738128
229749000: system.memobj: data_hex : 655D410000000000 
229749000: system.memobj: data : 0110010101011101010000010000000000000000000000000000000000000000 
229749000: system.memobj: hamming code addr: 609080 
229749000: system.memobj: hamming code out: 0 
229749000: system.memobj: find Error Bit index : 2 
229749000: system.memobj: hamming code addr: 609088 
229749000: system.memobj: hamming code out: 13 
229749000: system.memobj: hamming code addr: 609096 
229749000: system.memobj: hamming code out: 9 
229749000: system.memobj: hamming code addr: 609104 
229749000: system.memobj: hamming code out: 0 
229749000: system.memobj: hamming code addr: 609112 
229749000: system.memobj: hamming code out: 0 
229749000: system.memobj: hamming code addr: 609120 
229749000: system.memobj: hamming code out: 0 
229749000: system.memobj: hamming code addr: 609128 
229749000: system.memobj: hamming code out: 0 
229749000: system.memobj: hamming code addr: 609136 
229749000: system.memobj: hamming code out: 0 
229749000: system.memobj: fix data : 0010010101011101010000010000000000000000000000000000000000000000 
229749000: system.memobj: -------------------------------------
229826000: system.memobj: mem->cpu Got response for addr 0x15d20 , 89376
229826000: system.memobj: size 0x8
229826000: system.memobj: id 94061725738128
229826000: system.memobj: data_hex : E8FB4500004885C0 
229826000: system.memobj: data : 1110100011111011010001010000000000000000010010001000010111000000 
229826000: system.memobj: fix data : 1110100011111011010001010000000000000000010010001000010111000000 
229826000: system.memobj: -------------------------------------
229875000: system.memobj: mem->cpu Got response for addr 0x15d28 , 89384
229875000: system.memobj: size 0x8
229875000: system.memobj: id 94061725738416
229875000: system.memobj: data_hex : BF86ED4500480F44 
229875000: system.memobj: data : 1011111110000110111011010100010100000000010010000000111101000100 
229875000: system.memobj: fix data : 1011111110000110111011010100010100000000010010000000111101000100 
229875000: system.memobj: -------------------------------------
229924000: system.memobj: mem->cpu Got response for addr 0x15d28 , 89384
229924000: system.memobj: size 0x8
229924000: system.memobj: id 94061725738128
229924000: system.memobj: data_hex : BF86ED4500480F44 
229924000: system.memobj: data : 1011111110000110111011010100010100000000010010000000111101000100 
229924000: system.memobj: fix data : 1011111110000110111011010100010100000000010010000000111101000100 
229924000: system.memobj: -------------------------------------
229973000: system.memobj: mem->cpu Got response for addr 0x15d30 , 89392
229973000: system.memobj: size 0x8
229973000: system.memobj: id 94061725738416
229973000: system.memobj: data_hex : C38038000F95C00F 
229973000: system.memobj: data : 1100001110000000001110000000000000001111100101011100000000001111 
229973000: system.memobj: fix data : 1100001110000000001110000000000000001111100101011100000000001111 
229973000: system.memobj: -------------------------------------
230022000: system.memobj: mem->cpu Got response for addr 0x15d30 , 89392
230022000: system.memobj: size 0x8
230022000: system.memobj: id 94061725738128
230022000: system.memobj: data_hex : C38038000F95C00F 
230022000: system.memobj: data : 1100001110000000001110000000000000001111100101011100000000001111 
230022000: system.memobj: fix data : 1100001110000000001110000000000000001111100101011100000000001111 
230022000: system.memobj: -------------------------------------
230099000: system.memobj: mem->cpu Got response for addr 0x71707 , 464647
230099000: system.memobj: size 0x1
230099000: system.memobj: id 94061725738416
230099000: system.memobj: data_hex : 00 
230099000: system.memobj: data : 00000000 
230099000: system.memobj: fix data : 00000000 
230099000: system.memobj: -------------------------------------
230148000: system.memobj: mem->cpu Got response for addr 0x15d30 , 89392
230148000: system.memobj: size 0x8
230148000: system.memobj: id 94061725738416
230148000: system.memobj: data_hex : C38038000F95C00F 
230148000: system.memobj: data : 1100001110000000001110000000000000001111100101011100000000001111 
230148000: system.memobj: fix data : 1100001110000000001110000000000000001111100101011100000000001111 
230148000: system.memobj: -------------------------------------
230197000: system.memobj: mem->cpu Got response for addr 0x15d30 , 89392
230197000: system.memobj: size 0x8
230197000: system.memobj: id 94061725738128
230197000: system.memobj: data_hex : C38038000F95C00F 
230197000: system.memobj: data : 1100001110000000001110000000000000001111100101011100000000001111 
230197000: system.memobj: fix data : 1100001110000000001110000000000000001111100101011100000000001111 
230197000: system.memobj: -------------------------------------
230246000: system.memobj: mem->cpu Got response for addr 0x15d38 , 89400
230246000: system.memobj: size 0x8
230246000: system.memobj: id 94061725738416
230246000: system.memobj: data_hex : B6C0890588D71700 
230246000: system.memobj: data : 1011011011000000100010010000010110001000110101110001011100000000 
230246000: system.memobj: fix data : 1011011011000000100010010000010110001000110101110001011100000000 
230246000: system.memobj: -------------------------------------
230295000: system.memobj: mem->cpu Got response for addr 0x15d38 , 89400
230295000: system.memobj: size 0x8
230295000: system.memobj: id 94061725738128
230295000: system.memobj: data_hex : B6C0890588D71700 
230295000: system.memobj: data : 1011011011000000100010010000010110001000110101110001011100000000 
230295000: system.memobj: fix data : 1011011011000000100010010000010110001000110101110001011100000000 
230295000: system.memobj: -------------------------------------
230295000: system.memobj: cpu->mem Got request for addr 0x934c8 , 603336
230295000: system.memobj: size 0x4
230295000: system.memobj: id 94061725738704
230295000: system.memobj: data_hex : 00000000 
230295000: system.memobj: data : 00000000000000000000000000000000 
230295000: system.memobj: hamming code addr: 603336 
230295000: system.memobj: hamming code : 0 
230295000: system.memobj: hamming code addr: 603344 
230295000: system.memobj: hamming code : 0 
230295000: system.memobj: hamming code addr: 603352 
230295000: system.memobj: hamming code : 0 
230295000: system.memobj: hamming code addr: 603360 
230295000: system.memobj: hamming code : 0 
230295000: system.memobj: Enter Error Bit index: 4 
230295000: system.memobj: flip data : 00010000000000000000000000000000 
230295000: system.memobj: -------------------------------------
230365000: system.memobj: mem->cpu Got response for addr 0x15d40 , 89408
230365000: system.memobj: size 0x8
230365000: system.memobj: id 94061725738704
230365000: system.memobj: data_hex : E8DB4500004885C0 
230365000: system.memobj: data : 1110100011011011010001010000000000000000010010001000010111000000 
230365000: system.memobj: fix data : 1110100011011011010001010000000000000000010010001000010111000000 
230365000: system.memobj: -------------------------------------
230365000: system.memobj: cpu->mem Got request for addr 0x94b38 , 609080
230365000: system.memobj: size 0x8
230365000: system.memobj: id 94061725738992
230365000: system.memobj: data_hex : 455D410000000000 
230365000: system.memobj: data : 0100010101011101010000010000000000000000000000000000000000000000 
230365000: system.memobj: hamming code addr: 609080 
230365000: system.memobj: hamming code : 3 
230365000: system.memobj: hamming code addr: 609088 
230365000: system.memobj: hamming code : 13 
230365000: system.memobj: hamming code addr: 609096 
230365000: system.memobj: hamming code : 9 
230365000: system.memobj: hamming code addr: 609104 
230365000: system.memobj: hamming code : 0 
230365000: system.memobj: hamming code addr: 609112 
230365000: system.memobj: hamming code : 0 
230365000: system.memobj: hamming code addr: 609120 
230365000: system.memobj: hamming code : 0 
230365000: system.memobj: hamming code addr: 609128 
230365000: system.memobj: hamming code : 0 
230365000: system.memobj: hamming code addr: 609136 
230365000: system.memobj: hamming code : 0 
230365000: system.memobj: Enter Error Bit index: 8 
230365000: system.memobj: flip data : 0100010001011101010000010000000000000000000000000000000000000000 
230365000: system.memobj: -------------------------------------
230435000: system.memobj: mem->cpu Got response for addr 0x1a320 , 107296
230435000: system.memobj: size 0x8
230435000: system.memobj: id 94061725738992
230435000: system.memobj: data_hex : 4C896424E84C8974 
230435000: system.memobj: data : 0100110010001001011001000010010011101000010011001000100101110100 
230435000: system.memobj: fix data : 0100110010001001011001000010010011101000010011001000100101110100 
230435000: system.memobj: -------------------------------------
230435000: system.memobj: cpu->mem Got request for addr 0x94b20 , 609056
230435000: system.memobj: size 0x8
230435000: system.memobj: id 94061725738704
230435000: system.memobj: data_hex : 0100000000000000 
230435000: system.memobj: data : 0000000100000000000000000000000000000000000000000000000000000000 
230435000: system.memobj: hamming code addr: 609056 
230435000: system.memobj: hamming code : 12 
230435000: system.memobj: hamming code addr: 609064 
230435000: system.memobj: hamming code : 0 
230435000: system.memobj: hamming code addr: 609072 
230435000: system.memobj: hamming code : 0 
230435000: system.memobj: hamming code addr: 609080 
230435000: system.memobj: hamming code : 0 
230435000: system.memobj: hamming code addr: 609088 
230435000: system.memobj: hamming code : 0 
230435000: system.memobj: hamming code addr: 609096 
230435000: system.memobj: hamming code : 0 
230435000: system.memobj: hamming code addr: 609104 
230435000: system.memobj: hamming code : 0 
230435000: system.memobj: hamming code addr: 609112 
230435000: system.memobj: hamming code : 0 
230435000: system.memobj: Enter Error Bit index: 7 
230435000: system.memobj: flip data : 0000001100000000000000000000000000000000000000000000000000000000 
230435000: system.memobj: -------------------------------------
230505000: system.memobj: mem->cpu Got response for addr 0x1a320 , 107296
230505000: system.memobj: size 0x8
230505000: system.memobj: id 94061725738704
230505000: system.memobj: data_hex : 4C896424E84C8974 
230505000: system.memobj: data : 0100110010001001011001000010010011101000010011001000100101110100 
230505000: system.memobj: fix data : 0100110010001001011001000010010011101000010011001000100101110100 
230505000: system.memobj: -------------------------------------
230554000: system.memobj: mem->cpu Got response for addr 0x1a328 , 107304
230554000: system.memobj: size 0x8
230554000: system.memobj: id 94061725738992
230554000: system.memobj: data_hex : 24F84989FC48895C 
230554000: system.memobj: data : 0010010011111000010010011000100111111100010010001000100101011100 
230554000: system.memobj: fix data : 0010010011111000010010011000100111111100010010001000100101011100 
230554000: system.memobj: -------------------------------------
230554000: system.memobj: cpu->mem Got request for addr 0x94b30 , 609072
230554000: system.memobj: size 0x8
230554000: system.memobj: id 94061725738704
230554000: system.memobj: data_hex : D8EDFFFFFF7F0000 
230554000: system.memobj: data : 1101100011101101111111111111111111111111011111110000000000000000 
230554000: system.memobj: hamming code addr: 609072 
230554000: system.memobj: hamming code : 8 
230554000: system.memobj: hamming code addr: 609080 
230554000: system.memobj: hamming code : 15 
230554000: system.memobj: hamming code addr: 609088 
230554000: system.memobj: hamming code : 3 
230554000: system.memobj: hamming code addr: 609096 
230554000: system.memobj: hamming code : 3 
230554000: system.memobj: hamming code addr: 609104 
230554000: system.memobj: hamming code : 3 
230554000: system.memobj: hamming code addr: 609112 
230554000: system.memobj: hamming code : 0 
230554000: system.memobj: hamming code addr: 609120 
230554000: system.memobj: hamming code : 0 
230554000: system.memobj: hamming code addr: 609128 
230554000: system.memobj: hamming code : 0 
230554000: system.memobj: Enter Error Bit index: 6 
230554000: system.memobj: flip data : 1101110011101101111111111111111111111111011111110000000000000000 
230554000: system.memobj: -------------------------------------
230624000: system.memobj: mem->cpu Got response for addr 0x1a328 , 107304
230624000: system.memobj: size 0x8
230624000: system.memobj: id 94061725738704
230624000: system.memobj: data_hex : 24F84989FC48895C 
230624000: system.memobj: data : 0010010011111000010010011000100111111100010010001000100101011100 
230624000: system.memobj: fix data : 0010010011111000010010011000100111111100010010001000100101011100 
230624000: system.memobj: -------------------------------------
230673000: system.memobj: mem->cpu Got response for addr 0x1a328 , 107304
230673000: system.memobj: size 0x8
230673000: system.memobj: id 94061725738992
230673000: system.memobj: data_hex : 24F84989FC48895C 
230673000: system.memobj: data : 0010010011111000010010011000100111111100010010001000100101011100 
230673000: system.memobj: fix data : 0010010011111000010010011000100111111100010010001000100101011100 
230673000: system.memobj: -------------------------------------
230722000: system.memobj: mem->cpu Got response for addr 0x1a330 , 107312
230722000: system.memobj: size 0x8
230722000: system.memobj: id 94061725738704
230722000: system.memobj: data_hex : 24D848896C24E04C 
230722000: system.memobj: data : 0010010011011000010010001000100101101100001001001110000001001100 
230722000: system.memobj: fix data : 0010010011011000010010001000100101101100001001001110000001001100 
230722000: system.memobj: -------------------------------------
230722000: system.memobj: cpu->mem Got request for addr 0x94b10 , 609040
230722000: system.memobj: size 0x8
230722000: system.memobj: id 94061725738992
230722000: system.memobj: data_hex : 0717470000000000 
230722000: system.memobj: data : 0000011100010111010001110000000000000000000000000000000000000000 
230722000: system.memobj: hamming code addr: 609040 
230722000: system.memobj: hamming code : 13 
230722000: system.memobj: hamming code addr: 609048 
230722000: system.memobj: hamming code : 10 
230722000: system.memobj: hamming code addr: 609056 
230722000: system.memobj: hamming code : 8 
230722000: system.memobj: hamming code addr: 609064 
230722000: system.memobj: hamming code : 0 
230722000: system.memobj: hamming code addr: 609072 
230722000: system.memobj: hamming code : 0 
230722000: system.memobj: hamming code addr: 609080 
230722000: system.memobj: hamming code : 0 
230722000: system.memobj: hamming code addr: 609088 
230722000: system.memobj: hamming code : 0 
230722000: system.memobj: hamming code addr: 609096 
230722000: system.memobj: hamming code : 0 
230722000: system.memobj: Enter Error Bit index: 3 
230722000: system.memobj: flip data : 0010011100010111010001110000000000000000000000000000000000000000 
230722000: system.memobj: -------------------------------------
230792000: system.memobj: mem->cpu Got response for addr 0x1a330 , 107312
230792000: system.memobj: size 0x8
230792000: system.memobj: id 94061725738992
230792000: system.memobj: data_hex : 24D848896C24E04C 
230792000: system.memobj: data : 0010010011011000010010001000100101101100001001001110000001001100 
230792000: system.memobj: fix data : 0010010011011000010010001000100101101100001001001110000001001100 
230792000: system.memobj: -------------------------------------
230792000: system.memobj: cpu->mem Got request for addr 0x94b18 , 609048
230792000: system.memobj: size 0x8
230792000: system.memobj: id 94061725738704
230792000: system.memobj: data_hex : D8EDFFFFFF7F0000 
230792000: system.memobj: data : 1101100011101101111111111111111111111111011111110000000000000000 
230792000: system.memobj: hamming code addr: 609048 
230792000: system.memobj: hamming code : 8 
230792000: system.memobj: hamming code addr: 609056 
230792000: system.memobj: hamming code : 15 
230792000: system.memobj: hamming code addr: 609064 
230792000: system.memobj: hamming code : 3 
230792000: system.memobj: hamming code addr: 609072 
230792000: system.memobj: hamming code : 3 
230792000: system.memobj: hamming code addr: 609080 
230792000: system.memobj: hamming code : 3 
230792000: system.memobj: hamming code addr: 609088 
230792000: system.memobj: hamming code : 0 
230792000: system.memobj: hamming code addr: 609096 
230792000: system.memobj: hamming code : 0 
230792000: system.memobj: hamming code addr: 609104 
230792000: system.memobj: hamming code : 0 
230792000: system.memobj: Enter Error Bit index: 8 
230792000: system.memobj: flip data : 1101100111101101111111111111111111111111011111110000000000000000 
230792000: system.memobj: -------------------------------------
230862000: system.memobj: mem->cpu Got response for addr 0x1a330 , 107312
230862000: system.memobj: size 0x8
230862000: system.memobj: id 94061725738704
230862000: system.memobj: data_hex : 24D848896C24E04C 
230862000: system.memobj: data : 0010010011011000010010001000100101101100001001001110000001001100 
230862000: system.memobj: fix data : 0010010011011000010010001000100101101100001001001110000001001100 
230862000: system.memobj: -------------------------------------
230911000: system.memobj: mem->cpu Got response for addr 0x1a338 , 107320
230911000: system.memobj: size 0x8
230911000: system.memobj: id 94061725738992
230911000: system.memobj: data_hex : 896C24F04883EC28 
230911000: system.memobj: data : 1000100101101100001001001111000001001000100000111110110000101000 
230911000: system.memobj: fix data : 1000100101101100001001001111000001001000100000111110110000101000 
230911000: system.memobj: -------------------------------------
230911000: system.memobj: cpu->mem Got request for addr 0x94b28 , 609064
230911000: system.memobj: size 0x8
230911000: system.memobj: id 94061725738704
230911000: system.memobj: data_hex : 0100000000000000 
230911000: system.memobj: data : 0000000100000000000000000000000000000000000000000000000000000000 
230911000: system.memobj: hamming code addr: 609064 
230911000: system.memobj: hamming code : 12 
230911000: system.memobj: hamming code addr: 609072 
230911000: system.memobj: hamming code : 0 
230911000: system.memobj: hamming code addr: 609080 
230911000: system.memobj: hamming code : 0 
230911000: system.memobj: hamming code addr: 609088 
230911000: system.memobj: hamming code : 0 
230911000: system.memobj: hamming code addr: 609096 
230911000: system.memobj: hamming code : 0 
230911000: system.memobj: hamming code addr: 609104 
230911000: system.memobj: hamming code : 0 
230911000: system.memobj: hamming code addr: 609112 
230911000: system.memobj: hamming code : 0 
230911000: system.memobj: hamming code addr: 609120 
230911000: system.memobj: hamming code : 0 
230911000: system.memobj: Enter Error Bit index: 2 
230911000: system.memobj: flip data : 0100000100000000000000000000000000000000000000000000000000000000 
230911000: system.memobj: -------------------------------------
230981000: system.memobj: mem->cpu Got response for addr 0x1a338 , 107320
230981000: system.memobj: size 0x8
230981000: system.memobj: id 94061725738704
230981000: system.memobj: data_hex : 896C24F04883EC28 
230981000: system.memobj: data : 1000100101101100001001001111000001001000100000111110110000101000 
230981000: system.memobj: fix data : 1000100101101100001001001111000001001000100000111110110000101000 
230981000: system.memobj: -------------------------------------
231030000: system.memobj: mem->cpu Got response for addr 0x1a340 , 107328
231030000: system.memobj: size 0x8
231030000: system.memobj: id 94061725738992
231030000: system.memobj: data_hex : E8CB79FFFF488B15 
231030000: system.memobj: data : 1110100011001011011110011111111111111111010010001000101100010101 
231030000: system.memobj: fix data : 1110100011001011011110011111111111111111010010001000101100010101 
231030000: system.memobj: -------------------------------------
231030000: system.memobj: cpu->mem Got request for addr 0x94b08 , 609032
231030000: system.memobj: size 0x8
231030000: system.memobj: id 94061725738704
231030000: system.memobj: data_hex : 45A3410000000000 
231030000: system.memobj: data : 0100010110100011010000010000000000000000000000000000000000000000 
231030000: system.memobj: hamming code addr: 609032 
231030000: system.memobj: hamming code : 3 
231030000: system.memobj: hamming code addr: 609040 
231030000: system.memobj: hamming code : 2 
231030000: system.memobj: hamming code addr: 609048 
231030000: system.memobj: hamming code : 9 
231030000: system.memobj: hamming code addr: 609056 
231030000: system.memobj: hamming code : 0 
231030000: system.memobj: hamming code addr: 609064 
231030000: system.memobj: hamming code : 0 
231030000: system.memobj: hamming code addr: 609072 
231030000: system.memobj: hamming code : 0 
231030000: system.memobj: hamming code addr: 609080 
231030000: system.memobj: hamming code : 0 
231030000: system.memobj: hamming code addr: 609088 
231030000: system.memobj: hamming code : 0 
231030000: system.memobj: Enter Error Bit index: 5 
231030000: system.memobj: flip data : 0100110110100011010000010000000000000000000000000000000000000000 
231030000: system.memobj: -------------------------------------
231128000: system.memobj: mem->cpu Got response for addr 0x11d10 , 72976
231128000: system.memobj: size 0x8
231128000: system.memobj: id 94061725738704
231128000: system.memobj: data_hex : 4889FE48F7DF4989 
231128000: system.memobj: data : 0100100010001001111111100100100011110111110111110100100110001001 
231128000: system.memobj: fix data : 0100100010001001111111100100100011110111110111110100100110001001 
231128000: system.memobj: -------------------------------------
231177000: system.memobj: mem->cpu Got response for addr 0x11d10 , 72976
231177000: system.memobj: size 0x8
231177000: system.memobj: id 94061725738992
231177000: system.memobj: data_hex : 4889FE48F7DF4989 
231177000: system.memobj: data : 0100100010001001111111100100100011110111110111110100100110001001 
231177000: system.memobj: fix data : 0100100010001001111111100100100011110111110111110100100110001001 
231177000: system.memobj: -------------------------------------
231226000: system.memobj: mem->cpu Got response for addr 0x11d10 , 72976
231226000: system.memobj: size 0x8
231226000: system.memobj: id 94061725738704
231226000: system.memobj: data_hex : 4889FE48F7DF4989 
231226000: system.memobj: data : 0100100010001001111111100100100011110111110111110100100110001001 
231226000: system.memobj: fix data : 0100100010001001111111100100100011110111110111110100100110001001 
231226000: system.memobj: -------------------------------------
231275000: system.memobj: mem->cpu Got response for addr 0x11d18 , 72984
231275000: system.memobj: size 0x8
231275000: system.memobj: id 94061725738992
231275000: system.memobj: data_hex : F04183E007743149 
231275000: system.memobj: data : 1111000001000001100000111110000000000111011101000011000101001001 
231275000: system.memobj: fix data : 1111000001000001100000111110000000000111011101000011000101001001 
231275000: system.memobj: -------------------------------------
231324000: system.memobj: mem->cpu Got response for addr 0x11d18 , 72984
231324000: system.memobj: size 0x8
231324000: system.memobj: id 94061725738704
231324000: system.memobj: data_hex : F04183E007743149 
231324000: system.memobj: data : 1111000001000001100000111110000000000111011101000011000101001001 
231324000: system.memobj: fix data : 1111000001000001100000111110000000000111011101000011000101001001 
231324000: system.memobj: -------------------------------------
231373000: system.memobj: mem->cpu Got response for addr 0x11d18 , 72984
231373000: system.memobj: size 0x8
231373000: system.memobj: id 94061725738992
231373000: system.memobj: data_hex : F04183E007743149 
231373000: system.memobj: data : 1111000001000001100000111110000000000111011101000011000101001001 
231373000: system.memobj: fix data : 1111000001000001100000111110000000000111011101000011000101001001 
231373000: system.memobj: -------------------------------------
231422000: system.memobj: mem->cpu Got response for addr 0x11d18 , 72984
231422000: system.memobj: size 0x8
231422000: system.memobj: id 94061725738704
231422000: system.memobj: data_hex : F04183E007743149 
231422000: system.memobj: data : 1111000001000001100000111110000000000111011101000011000101001001 
231422000: system.memobj: fix data : 1111000001000001100000111110000000000111011101000011000101001001 
231422000: system.memobj: -------------------------------------
231471000: system.memobj: mem->cpu Got response for addr 0x11d20 , 72992
231471000: system.memobj: size 0x8
231471000: system.memobj: id 94061725738992
231471000: system.memobj: data_hex : 83E8086666669066 
231471000: system.memobj: data : 1000001111101000000010000110011001100110011001101001000001100110 
231471000: system.memobj: fix data : 1000001111101000000010000110011001100110011001101001000001100110 
231471000: system.memobj: -------------------------------------
231520000: system.memobj: mem->cpu Got response for addr 0x11d20 , 72992
231520000: system.memobj: size 0x8
231520000: system.memobj: id 94061725738704
231520000: system.memobj: data_hex : 83E8086666669066 
231520000: system.memobj: data : 1000001111101000000010000110011001100110011001101001000001100110 
231520000: system.memobj: fix data : 1000001111101000000010000110011001100110011001101001000001100110 
231520000: system.memobj: -------------------------------------
231569000: system.memobj: mem->cpu Got response for addr 0x11d20 , 72992
231569000: system.memobj: size 0x8
231569000: system.memobj: id 94061725738992
231569000: system.memobj: data_hex : 83E8086666669066 
231569000: system.memobj: data : 1000001111101000000010000110011001100110011001101001000001100110 
231569000: system.memobj: fix data : 1000001111101000000010000110011001100110011001101001000001100110 
231569000: system.memobj: -------------------------------------
231618000: system.memobj: mem->cpu Got response for addr 0x11d28 , 73000
231618000: system.memobj: size 0x8
231618000: system.memobj: id 94061725738704
231618000: system.memobj: data_hex : 6690666690666690 
231618000: system.memobj: data : 0110011010010000011001100110011010010000011001100110011010010000 
231618000: system.memobj: fix data : 0110011010010000011001100110011010010000011001100110011010010000 
231618000: system.memobj: -------------------------------------
231667000: system.memobj: mem->cpu Got response for addr 0x11d28 , 73000
231667000: system.memobj: size 0x8
231667000: system.memobj: id 94061725738992
231667000: system.memobj: data_hex : 6690666690666690 
231667000: system.memobj: data : 0110011010010000011001100110011010010000011001100110011010010000 
231667000: system.memobj: fix data : 0110011010010000011001100110011010010000011001100110011010010000 
231667000: system.memobj: -------------------------------------
231716000: system.memobj: mem->cpu Got response for addr 0x11d28 , 73000
231716000: system.memobj: size 0x8
231716000: system.memobj: id 94061725738704
231716000: system.memobj: data_hex : 6690666690666690 
231716000: system.memobj: data : 0110011010010000011001100110011010010000011001100110011010010000 
231716000: system.memobj: fix data : 0110011010010000011001100110011010010000011001100110011010010000 
231716000: system.memobj: -------------------------------------
231765000: system.memobj: mem->cpu Got response for addr 0x11d30 , 73008
231765000: system.memobj: size 0x8
231765000: system.memobj: id 94061725738992
231765000: system.memobj: data_hex : 803E000F84670300 
231765000: system.memobj: data : 1000000000111110000000000000111110000100011001110000001100000000 
231765000: system.memobj: fix data : 1000000000111110000000000000111110000100011001110000001100000000 
231765000: system.memobj: -------------------------------------
231814000: system.memobj: mem->cpu Got response for addr 0x5ed86 , 388486
231814000: system.memobj: size 0x1
231814000: system.memobj: id 94061725738704
231814000: system.memobj: data_hex : 4C 
231814000: system.memobj: data : 01001100 
231814000: system.memobj: fix data : 01001100 
231814000: system.memobj: -------------------------------------
231863000: system.memobj: mem->cpu Got response for addr 0x11d30 , 73008
231863000: system.memobj: size 0x8
231863000: system.memobj: id 94061725738704
231863000: system.memobj: data_hex : 803E000F84670300 
231863000: system.memobj: data : 1000000000111110000000000000111110000100011001110000001100000000 
231863000: system.memobj: fix data : 1000000000111110000000000000111110000100011001110000001100000000 
231863000: system.memobj: -------------------------------------
231912000: system.memobj: mem->cpu Got response for addr 0x11d38 , 73016
231912000: system.memobj: size 0x8
231912000: system.memobj: id 94061725738992
231912000: system.memobj: data_hex : 0048FFC649FFC075 
231912000: system.memobj: data : 0000000001001000111111111100011001001001111111111100000001110101 
231912000: system.memobj: fix data : 0000000001001000111111111100011001001001111111111100000001110101 
231912000: system.memobj: -------------------------------------
231975000: system.memobj: mem->cpu Got response for addr 0x11d38 , 73016
231975000: system.memobj: size 0x8
231975000: system.memobj: id 94061725738704
231975000: system.memobj: data_hex : 0048FFC649FFC075 
231975000: system.memobj: data : 0000000001001000111111111100011001001001111111111100000001110101 
231975000: system.memobj: fix data : 0000000001001000111111111100011001001001111111111100000001110101 
231975000: system.memobj: -------------------------------------
232024000: system.memobj: mem->cpu Got response for addr 0x11d38 , 73016
232024000: system.memobj: size 0x8
232024000: system.memobj: id 94061725738992
232024000: system.memobj: data_hex : 0048FFC649FFC075 
232024000: system.memobj: data : 0000000001001000111111111100011001001001111111111100000001110101 
232024000: system.memobj: fix data : 0000000001001000111111111100011001001001111111111100000001110101 
232024000: system.memobj: -------------------------------------
232073000: system.memobj: mem->cpu Got response for addr 0x11d38 , 73016
232073000: system.memobj: size 0x8
232073000: system.memobj: id 94061725738704
232073000: system.memobj: data_hex : 0048FFC649FFC075 
232073000: system.memobj: data : 0000000001001000111111111100011001001001111111111100000001110101 
232073000: system.memobj: fix data : 0000000001001000111111111100011001001001111111111100000001110101 
232073000: system.memobj: -------------------------------------
232122000: system.memobj: mem->cpu Got response for addr 0x11d40 , 73024
232122000: system.memobj: size 0x8
232122000: system.memobj: id 94061725738992
232122000: system.memobj: data_hex : EF66666690666666 
232122000: system.memobj: data : 1110111101100110011001100110011010010000011001100110011001100110 
232122000: system.memobj: fix data : 1110111101100110011001100110011010010000011001100110011001100110 
232122000: system.memobj: -------------------------------------
232171000: system.memobj: mem->cpu Got response for addr 0x11d30 , 73008
232171000: system.memobj: size 0x8
232171000: system.memobj: id 94061725738704
232171000: system.memobj: data_hex : 803E000F84670300 
232171000: system.memobj: data : 1000000000111110000000000000111110000100011001110000001100000000 
232171000: system.memobj: fix data : 1000000000111110000000000000111110000100011001110000001100000000 
232171000: system.memobj: -------------------------------------
232220000: system.memobj: mem->cpu Got response for addr 0x5ed87 , 388487
232220000: system.memobj: size 0x1
232220000: system.memobj: id 94061725738992
232220000: system.memobj: data_hex : 44 
232220000: system.memobj: data : 01000100 
232220000: system.memobj: fix data : 01000100 
232220000: system.memobj: -------------------------------------
232269000: system.memobj: mem->cpu Got response for addr 0x11d30 , 73008
232269000: system.memobj: size 0x8
232269000: system.memobj: id 94061725738992
232269000: system.memobj: data_hex : 803E000F84670300 
232269000: system.memobj: data : 1000000000111110000000000000111110000100011001110000001100000000 
232269000: system.memobj: fix data : 1000000000111110000000000000111110000100011001110000001100000000 
232269000: system.memobj: -------------------------------------
232318000: system.memobj: mem->cpu Got response for addr 0x11d38 , 73016
232318000: system.memobj: size 0x8
232318000: system.memobj: id 94061725738704
232318000: system.memobj: data_hex : 0048FFC649FFC075 
232318000: system.memobj: data : 0000000001001000111111111100011001001001111111111100000001110101 
232318000: system.memobj: fix data : 0000000001001000111111111100011001001001111111111100000001110101 
232318000: system.memobj: -------------------------------------
232367000: system.memobj: mem->cpu Got response for addr 0x11d38 , 73016
232367000: system.memobj: size 0x8
232367000: system.memobj: id 94061725738992
232367000: system.memobj: data_hex : 0048FFC649FFC075 
232367000: system.memobj: data : 0000000001001000111111111100011001001001111111111100000001110101 
232367000: system.memobj: fix data : 0000000001001000111111111100011001001001111111111100000001110101 
232367000: system.memobj: -------------------------------------
232416000: system.memobj: mem->cpu Got response for addr 0x11d38 , 73016
232416000: system.memobj: size 0x8
232416000: system.memobj: id 94061725738704
232416000: system.memobj: data_hex : 0048FFC649FFC075 
232416000: system.memobj: data : 0000000001001000111111111100011001001001111111111100000001110101 
232416000: system.memobj: fix data : 0000000001001000111111111100011001001001111111111100000001110101 
232416000: system.memobj: -------------------------------------
232465000: system.memobj: mem->cpu Got response for addr 0x11d38 , 73016
232465000: system.memobj: size 0x8
232465000: system.memobj: id 94061725738992
232465000: system.memobj: data_hex : 0048FFC649FFC075 
232465000: system.memobj: data : 0000000001001000111111111100011001001001111111111100000001110101 
232465000: system.memobj: fix data : 0000000001001000111111111100011001001001111111111100000001110101 
232465000: system.memobj: -------------------------------------
232514000: system.memobj: mem->cpu Got response for addr 0x11d40 , 73024
232514000: system.memobj: size 0x8
232514000: system.memobj: id 94061725738704
232514000: system.memobj: data_hex : EF66666690666666 
232514000: system.memobj: data : 1110111101100110011001100110011010010000011001100110011001100110 
232514000: system.memobj: fix data : 1110111101100110011001100110011010010000011001100110011001100110 
232514000: system.memobj: -------------------------------------
232563000: system.memobj: mem->cpu Got response for addr 0x11d40 , 73024
232563000: system.memobj: size 0x8
232563000: system.memobj: id 94061725738992
232563000: system.memobj: data_hex : EF66666690666666 
232563000: system.memobj: data : 1110111101100110011001100110011010010000011001100110011001100110 
232563000: system.memobj: fix data : 1110111101100110011001100110011010010000011001100110011001100110 
232563000: system.memobj: -------------------------------------
232612000: system.memobj: mem->cpu Got response for addr 0x11d40 , 73024
232612000: system.memobj: size 0x8
232612000: system.memobj: id 94061725738704
232612000: system.memobj: data_hex : EF66666690666666 
232612000: system.memobj: data : 1110111101100110011001100110011010010000011001100110011001100110 
232612000: system.memobj: fix data : 1110111101100110011001100110011010010000011001100110011001100110 
232612000: system.memobj: -------------------------------------
232661000: system.memobj: mem->cpu Got response for addr 0x11d48 , 73032
232661000: system.memobj: size 0x8
232661000: system.memobj: id 94061725738992
232661000: system.memobj: data_hex : 9066666690666690 
232661000: system.memobj: data : 1001000001100110011001100110011010010000011001100110011010010000 
232661000: system.memobj: fix data : 1001000001100110011001100110011010010000011001100110011010010000 
232661000: system.memobj: -------------------------------------
232710000: system.memobj: mem->cpu Got response for addr 0x11d48 , 73032
232710000: system.memobj: size 0x8
232710000: system.memobj: id 94061725738704
232710000: system.memobj: data_hex : 9066666690666690 
232710000: system.memobj: data : 1001000001100110011001100110011010010000011001100110011010010000 
232710000: system.memobj: fix data : 1001000001100110011001100110011010010000011001100110011010010000 
232710000: system.memobj: -------------------------------------
232759000: system.memobj: mem->cpu Got response for addr 0x11d48 , 73032
232759000: system.memobj: size 0x8
232759000: system.memobj: id 94061725738992
232759000: system.memobj: data_hex : 9066666690666690 
232759000: system.memobj: data : 1001000001100110011001100110011010010000011001100110011010010000 
232759000: system.memobj: fix data : 1001000001100110011001100110011010010000011001100110011010010000 
232759000: system.memobj: -------------------------------------
232822000: system.memobj: mem->cpu Got response for addr 0x11d50 , 73040
232822000: system.memobj: size 0x8
232822000: system.memobj: id 94061725738704
232822000: system.memobj: data_hex : 488B0648B9FFFEFE 
232822000: system.memobj: data : 0100100010001011000001100100100010111001111111111111111011111110 
232822000: system.memobj: fix data : 0100100010001011000001100100100010111001111111111111111011111110 
232822000: system.memobj: -------------------------------------
232871000: system.memobj: mem->cpu Got response for addr 0x5ed88 , 388488
232871000: system.memobj: size 0x8
232871000: system.memobj: id 94061725738992
232871000: system.memobj: data_hex : 5F44594E414D4943 
232871000: system.memobj: data : 0101111101000100010110010100111001000001010011010100100101000011 
232871000: system.memobj: fix data : 0101111101000100010110010100111001000001010011010100100101000011 
232871000: system.memobj: -------------------------------------
232920000: system.memobj: mem->cpu Got response for addr 0x11d50 , 73040
232920000: system.memobj: size 0x8
232920000: system.memobj: id 94061725738992
232920000: system.memobj: data_hex : 488B0648B9FFFEFE 
232920000: system.memobj: data : 0100100010001011000001100100100010111001111111111111111011111110 
232920000: system.memobj: fix data : 0100100010001011000001100100100010111001111111111111111011111110 
232920000: system.memobj: -------------------------------------
232969000: system.memobj: mem->cpu Got response for addr 0x11d58 , 73048
232969000: system.memobj: size 0x8
232969000: system.memobj: id 94061725738704
232969000: system.memobj: data_hex : FEFEFEFEFE4989C8 
232969000: system.memobj: data : 1111111011111110111111101111111011111110010010011000100111001000 
232969000: system.memobj: fix data : 1111111011111110111111101111111011111110010010011000100111001000 
232969000: system.memobj: -------------------------------------
233018000: system.memobj: mem->cpu Got response for addr 0x11d58 , 73048
233018000: system.memobj: size 0x8
233018000: system.memobj: id 94061725738992
233018000: system.memobj: data_hex : FEFEFEFEFE4989C8 
233018000: system.memobj: data : 1111111011111110111111101111111011111110010010011000100111001000 
233018000: system.memobj: fix data : 1111111011111110111111101111111011111110010010011000100111001000 
233018000: system.memobj: -------------------------------------
233067000: system.memobj: mem->cpu Got response for addr 0x11d60 , 73056
233067000: system.memobj: size 0x8
233067000: system.memobj: id 94061725738704
233067000: system.memobj: data_hex : 4901C00F83070300 
233067000: system.memobj: data : 0100100100000001110000000000111110000011000001110000001100000000 
233067000: system.memobj: fix data : 0100100100000001110000000000111110000011000001110000001100000000 
233067000: system.memobj: -------------------------------------
233116000: system.memobj: mem->cpu Got response for addr 0x11d60 , 73056
233116000: system.memobj: size 0x8
233116000: system.memobj: id 94061725738992
233116000: system.memobj: data_hex : 4901C00F83070300 
233116000: system.memobj: data : 0100100100000001110000000000111110000011000001110000001100000000 
233116000: system.memobj: fix data : 0100100100000001110000000000111110000011000001110000001100000000 
233116000: system.memobj: -------------------------------------
233165000: system.memobj: mem->cpu Got response for addr 0x11d68 , 73064
233165000: system.memobj: size 0x8
233165000: system.memobj: id 94061725738704
233165000: system.memobj: data_hex : 004931C04909C849 
233165000: system.memobj: data : 0000000001001001001100011100000001001001000010011100100001001001 
233165000: system.memobj: fix data : 0000000001001001001100011100000001001001000010011100100001001001 
233165000: system.memobj: -------------------------------------
233214000: system.memobj: mem->cpu Got response for addr 0x11d68 , 73064
233214000: system.memobj: size 0x8
233214000: system.memobj: id 94061725738992
233214000: system.memobj: data_hex : 004931C04909C849 
233214000: system.memobj: data : 0000000001001001001100011100000001001001000010011100100001001001 
233214000: system.memobj: fix data : 0000000001001001001100011100000001001001000010011100100001001001 
233214000: system.memobj: -------------------------------------
233263000: system.memobj: mem->cpu Got response for addr 0x11d68 , 73064
233263000: system.memobj: size 0x8
233263000: system.memobj: id 94061725738704
233263000: system.memobj: data_hex : 004931C04909C849 
233263000: system.memobj: data : 0000000001001001001100011100000001001001000010011100100001001001 
233263000: system.memobj: fix data : 0000000001001001001100011100000001001001000010011100100001001001 
233263000: system.memobj: -------------------------------------
233312000: system.memobj: mem->cpu Got response for addr 0x11d68 , 73064
233312000: system.memobj: size 0x8
233312000: system.memobj: id 94061725738992
233312000: system.memobj: data_hex : 004931C04909C849 
233312000: system.memobj: data : 0000000001001001001100011100000001001001000010011100100001001001 
233312000: system.memobj: fix data : 0000000001001001001100011100000001001001000010011100100001001001 
233312000: system.memobj: -------------------------------------
233361000: system.memobj: mem->cpu Got response for addr 0x11d70 , 73072
233361000: system.memobj: size 0x8
233361000: system.memobj: id 94061725738704
233361000: system.memobj: data_hex : FFC00F85F8020000 
233361000: system.memobj: data : 1111111111000000000011111000010111111000000000100000000000000000 
233361000: system.memobj: fix data : 1111111111000000000011111000010111111000000000100000000000000000 
233361000: system.memobj: -------------------------------------
233410000: system.memobj: mem->cpu Got response for addr 0x11d70 , 73072
233410000: system.memobj: size 0x8
233410000: system.memobj: id 94061725738992
233410000: system.memobj: data_hex : FFC00F85F8020000 
233410000: system.memobj: data : 1111111111000000000011111000010111111000000000100000000000000000 
233410000: system.memobj: fix data : 1111111111000000000011111000010111111000000000100000000000000000 
233410000: system.memobj: -------------------------------------
233459000: system.memobj: mem->cpu Got response for addr 0x11d78 , 73080
233459000: system.memobj: size 0x8
233459000: system.memobj: id 94061725738704
233459000: system.memobj: data_hex : 488B4608488D7608 
233459000: system.memobj: data : 0100100010001011010001100000100001001000100011010111011000001000 
233459000: system.memobj: fix data : 0100100010001011010001100000100001001000100011010111011000001000 
233459000: system.memobj: -------------------------------------
233508000: system.memobj: mem->cpu Got response for addr 0x5ed90 , 388496
233508000: system.memobj: size 0x8
233508000: system.memobj: id 94061725738992
233508000: system.memobj: data_hex : 5F5745414B004C44 
233508000: system.memobj: data : 0101111101010111010001010100000101001011000000000100110001000100 
233508000: system.memobj: fix data : 0101111101010111010001010100000101001011000000000100110001000100 
233508000: system.memobj: -------------------------------------
233557000: system.memobj: mem->cpu Got response for addr 0x11d78 , 73080
233557000: system.memobj: size 0x8
233557000: system.memobj: id 94061725738992
233557000: system.memobj: data_hex : 488B4608488D7608 
233557000: system.memobj: data : 0100100010001011010001100000100001001000100011010111011000001000 
233557000: system.memobj: fix data : 0100100010001011010001100000100001001000100011010111011000001000 
233557000: system.memobj: -------------------------------------
233606000: system.memobj: mem->cpu Got response for addr 0x11d80 , 73088
233606000: system.memobj: size 0x8
233606000: system.memobj: id 94061725738704
233606000: system.memobj: data_hex : 4989C84901C00F83 
233606000: system.memobj: data : 0100100110001001110010000100100100000001110000000000111110000011 
233606000: system.memobj: fix data : 0100100110001001110010000100100100000001110000000000111110000011 
233606000: system.memobj: -------------------------------------
233924000: system.memobj: mem->cpu Got response for addr 0x11d80 , 73088
233924000: system.memobj: size 0x8
233924000: system.memobj: id 94061725738992
233924000: system.memobj: data_hex : 4989C84901C00F83 
233924000: system.memobj: data : 0100100110001001110010000100100100000001110000000000111110000011 
233924000: system.memobj: fix data : 0100100110001001110010000100100100000001110000000000111110000011 
233924000: system.memobj: -------------------------------------
233973000: system.memobj: mem->cpu Got response for addr 0x11d80 , 73088
233973000: system.memobj: size 0x8
233973000: system.memobj: id 94061725738704
233973000: system.memobj: data_hex : 4989C84901C00F83 
233973000: system.memobj: data : 0100100110001001110010000100100100000001110000000000111110000011 
233973000: system.memobj: fix data : 0100100110001001110010000100100100000001110000000000111110000011 
233973000: system.memobj: -------------------------------------
234022000: system.memobj: mem->cpu Got response for addr 0x11d88 , 73096
234022000: system.memobj: size 0x8
234022000: system.memobj: id 94061725738992
234022000: system.memobj: data_hex : E40200004931C049 
234022000: system.memobj: data : 1110010000000010000000000000000001001001001100011100000001001001 
234022000: system.memobj: fix data : 1110010000000010000000000000000001001001001100011100000001001001 
234022000: system.memobj: -------------------------------------
234071000: system.memobj: mem->cpu Got response for addr 0x11d88 , 73096
234071000: system.memobj: size 0x8
234071000: system.memobj: id 94061725738704
234071000: system.memobj: data_hex : E40200004931C049 
234071000: system.memobj: data : 1110010000000010000000000000000001001001001100011100000001001001 
234071000: system.memobj: fix data : 1110010000000010000000000000000001001001001100011100000001001001 
234071000: system.memobj: -------------------------------------
234120000: system.memobj: mem->cpu Got response for addr 0x11d88 , 73096
234120000: system.memobj: size 0x8
234120000: system.memobj: id 94061725738992
234120000: system.memobj: data_hex : E40200004931C049 
234120000: system.memobj: data : 1110010000000010000000000000000001001001001100011100000001001001 
234120000: system.memobj: fix data : 1110010000000010000000000000000001001001001100011100000001001001 
234120000: system.memobj: -------------------------------------
234169000: system.memobj: mem->cpu Got response for addr 0x11d90 , 73104
234169000: system.memobj: size 0x8
234169000: system.memobj: id 94061725738704
234169000: system.memobj: data_hex : 09C849FFC00F85D5 
234169000: system.memobj: data : 0000100111001000010010011111111111000000000011111000010111010101 
234169000: system.memobj: fix data : 0000100111001000010010011111111111000000000011111000010111010101 
234169000: system.memobj: -------------------------------------
234218000: system.memobj: mem->cpu Got response for addr 0x11d90 , 73104
234218000: system.memobj: size 0x8
234218000: system.memobj: id 94061725738992
234218000: system.memobj: data_hex : 09C849FFC00F85D5 
234218000: system.memobj: data : 0000100111001000010010011111111111000000000011111000010111010101 
234218000: system.memobj: fix data : 0000100111001000010010011111111111000000000011111000010111010101 
234218000: system.memobj: -------------------------------------
234267000: system.memobj: mem->cpu Got response for addr 0x11d90 , 73104
234267000: system.memobj: size 0x8
234267000: system.memobj: id 94061725738704
234267000: system.memobj: data_hex : 09C849FFC00F85D5 
234267000: system.memobj: data : 0000100111001000010010011111111111000000000011111000010111010101 
234267000: system.memobj: fix data : 0000100111001000010010011111111111000000000011111000010111010101 
234267000: system.memobj: -------------------------------------
234316000: system.memobj: mem->cpu Got response for addr 0x11d98 , 73112
234316000: system.memobj: size 0x8
234316000: system.memobj: id 94061725738992
234316000: system.memobj: data_hex : 020000488B460848 
234316000: system.memobj: data : 0000001000000000000000000100100010001011010001100000100001001000 
234316000: system.memobj: fix data : 0000001000000000000000000100100010001011010001100000100001001000 
234316000: system.memobj: -------------------------------------
234379000: system.memobj: mem->cpu Got response for addr 0x12070 , 73840
234379000: system.memobj: size 0x8
234379000: system.memobj: id 94061725738704
234379000: system.memobj: data_hex : 84C0742C48FFC684 
234379000: system.memobj: data : 1000010011000000011101000010110001001000111111111100011010000100 
234379000: system.memobj: fix data : 1000010011000000011101000010110001001000111111111100011010000100 
234379000: system.memobj: -------------------------------------
234428000: system.memobj: mem->cpu Got response for addr 0x12070 , 73840
234428000: system.memobj: size 0x8
234428000: system.memobj: id 94061725738992
234428000: system.memobj: data_hex : 84C0742C48FFC684 
234428000: system.memobj: data : 1000010011000000011101000010110001001000111111111100011010000100 
234428000: system.memobj: fix data : 1000010011000000011101000010110001001000111111111100011010000100 
234428000: system.memobj: -------------------------------------
234477000: system.memobj: mem->cpu Got response for addr 0x12070 , 73840
234477000: system.memobj: size 0x8
234477000: system.memobj: id 94061725738704
234477000: system.memobj: data_hex : 84C0742C48FFC684 
234477000: system.memobj: data : 1000010011000000011101000010110001001000111111111100011010000100 
234477000: system.memobj: fix data : 1000010011000000011101000010110001001000111111111100011010000100 
234477000: system.memobj: -------------------------------------
234526000: system.memobj: mem->cpu Got response for addr 0x12070 , 73840
234526000: system.memobj: size 0x8
234526000: system.memobj: id 94061725738992
234526000: system.memobj: data_hex : 84C0742C48FFC684 
234526000: system.memobj: data : 1000010011000000011101000010110001001000111111111100011010000100 
234526000: system.memobj: fix data : 1000010011000000011101000010110001001000111111111100011010000100 
234526000: system.memobj: -------------------------------------
234575000: system.memobj: mem->cpu Got response for addr 0x12078 , 73848
234575000: system.memobj: size 0x8
234575000: system.memobj: id 94061725738704
234575000: system.memobj: data_hex : E4742548FFC6A900 
234575000: system.memobj: data : 1110010001110100001001010100100011111111110001101010100100000000 
234575000: system.memobj: fix data : 1110010001110100001001010100100011111111110001101010100100000000 
234575000: system.memobj: -------------------------------------
234624000: system.memobj: mem->cpu Got response for addr 0x12078 , 73848
234624000: system.memobj: size 0x8
234624000: system.memobj: id 94061725738992
234624000: system.memobj: data_hex : E4742548FFC6A900 
234624000: system.memobj: data : 1110010001110100001001010100100011111111110001101010100100000000 
234624000: system.memobj: fix data : 1110010001110100001001010100100011111111110001101010100100000000 
234624000: system.memobj: -------------------------------------
234673000: system.memobj: mem->cpu Got response for addr 0x12078 , 73848
234673000: system.memobj: size 0x8
234673000: system.memobj: id 94061725738704
234673000: system.memobj: data_hex : E4742548FFC6A900 
234673000: system.memobj: data : 1110010001110100001001010100100011111111110001101010100100000000 
234673000: system.memobj: fix data : 1110010001110100001001010100100011111111110001101010100100000000 
234673000: system.memobj: -------------------------------------
234722000: system.memobj: mem->cpu Got response for addr 0x12078 , 73848
234722000: system.memobj: size 0x8
234722000: system.memobj: id 94061725738992
234722000: system.memobj: data_hex : E4742548FFC6A900 
234722000: system.memobj: data : 1110010001110100001001010100100011111111110001101010100100000000 
234722000: system.memobj: fix data : 1110010001110100001001010100100011111111110001101010100100000000 
234722000: system.memobj: -------------------------------------
234771000: system.memobj: mem->cpu Got response for addr 0x12080 , 73856
234771000: system.memobj: size 0x8
234771000: system.memobj: id 94061725738704
234771000: system.memobj: data_hex : 00FF00741B48FFC6 
234771000: system.memobj: data : 0000000011111111000000000111010000011011010010001111111111000110 
234771000: system.memobj: fix data : 0000000011111111000000000111010000011011010010001111111111000110 
234771000: system.memobj: -------------------------------------
234820000: system.memobj: mem->cpu Got response for addr 0x12080 , 73856
234820000: system.memobj: size 0x8
234820000: system.memobj: id 94061725738992
234820000: system.memobj: data_hex : 00FF00741B48FFC6 
234820000: system.memobj: data : 0000000011111111000000000111010000011011010010001111111111000110 
234820000: system.memobj: fix data : 0000000011111111000000000111010000011011010010001111111111000110 
234820000: system.memobj: -------------------------------------
234869000: system.memobj: mem->cpu Got response for addr 0x12080 , 73856
234869000: system.memobj: size 0x8
234869000: system.memobj: id 94061725738704
234869000: system.memobj: data_hex : 00FF00741B48FFC6 
234869000: system.memobj: data : 0000000011111111000000000111010000011011010010001111111111000110 
234869000: system.memobj: fix data : 0000000011111111000000000111010000011011010010001111111111000110 
234869000: system.memobj: -------------------------------------
234918000: system.memobj: mem->cpu Got response for addr 0x12088 , 73864
234918000: system.memobj: size 0x8
234918000: system.memobj: id 94061725738992
234918000: system.memobj: data_hex : A9000000FF741148 
234918000: system.memobj: data : 1010100100000000000000000000000011111111011101000001000101001000 
234918000: system.memobj: fix data : 1010100100000000000000000000000011111111011101000001000101001000 
234918000: system.memobj: -------------------------------------
234967000: system.memobj: mem->cpu Got response for addr 0x12088 , 73864
234967000: system.memobj: size 0x8
234967000: system.memobj: id 94061725738704
234967000: system.memobj: data_hex : A9000000FF741148 
234967000: system.memobj: data : 1010100100000000000000000000000011111111011101000001000101001000 
234967000: system.memobj: fix data : 1010100100000000000000000000000011111111011101000001000101001000 
234967000: system.memobj: -------------------------------------
235016000: system.memobj: mem->cpu Got response for addr 0x12088 , 73864
235016000: system.memobj: size 0x8
235016000: system.memobj: id 94061725738992
235016000: system.memobj: data_hex : A9000000FF741148 
235016000: system.memobj: data : 1010100100000000000000000000000011111111011101000001000101001000 
235016000: system.memobj: fix data : 1010100100000000000000000000000011111111011101000001000101001000 
235016000: system.memobj: -------------------------------------
235065000: system.memobj: mem->cpu Got response for addr 0x12090 , 73872
235065000: system.memobj: size 0x8
235065000: system.memobj: id 94061725738704
235065000: system.memobj: data_hex : FFC648C1E820EBD8 
235065000: system.memobj: data : 1111111111000110010010001100000111101000001000001110101111011000 
235065000: system.memobj: fix data : 1111111111000110010010001100000111101000001000001110101111011000 
235065000: system.memobj: -------------------------------------
235114000: system.memobj: mem->cpu Got response for addr 0x12090 , 73872
235114000: system.memobj: size 0x8
235114000: system.memobj: id 94061725738992
235114000: system.memobj: data_hex : FFC648C1E820EBD8 
235114000: system.memobj: data : 1111111111000110010010001100000111101000001000001110101111011000 
235114000: system.memobj: fix data : 1111111111000110010010001100000111101000001000001110101111011000 
235114000: system.memobj: -------------------------------------
235177000: system.memobj: mem->cpu Got response for addr 0x12090 , 73872
235177000: system.memobj: size 0x8
235177000: system.memobj: id 94061725738704
235177000: system.memobj: data_hex : FFC648C1E820EBD8 
235177000: system.memobj: data : 1111111111000110010010001100000111101000001000001110101111011000 
235177000: system.memobj: fix data : 1111111111000110010010001100000111101000001000001110101111011000 
235177000: system.memobj: -------------------------------------
235226000: system.memobj: mem->cpu Got response for addr 0x12070 , 73840
235226000: system.memobj: size 0x8
235226000: system.memobj: id 94061725738992
235226000: system.memobj: data_hex : 84C0742C48FFC684 
235226000: system.memobj: data : 1000010011000000011101000010110001001000111111111100011010000100 
235226000: system.memobj: fix data : 1000010011000000011101000010110001001000111111111100011010000100 
235226000: system.memobj: -------------------------------------
235275000: system.memobj: mem->cpu Got response for addr 0x12070 , 73840
235275000: system.memobj: size 0x8
235275000: system.memobj: id 94061725738704
235275000: system.memobj: data_hex : 84C0742C48FFC684 
235275000: system.memobj: data : 1000010011000000011101000010110001001000111111111100011010000100 
235275000: system.memobj: fix data : 1000010011000000011101000010110001001000111111111100011010000100 
235275000: system.memobj: -------------------------------------
235324000: system.memobj: mem->cpu Got response for addr 0x12070 , 73840
235324000: system.memobj: size 0x8
235324000: system.memobj: id 94061725738992
235324000: system.memobj: data_hex : 84C0742C48FFC684 
235324000: system.memobj: data : 1000010011000000011101000010110001001000111111111100011010000100 
235324000: system.memobj: fix data : 1000010011000000011101000010110001001000111111111100011010000100 
235324000: system.memobj: -------------------------------------
235373000: system.memobj: mem->cpu Got response for addr 0x12070 , 73840
235373000: system.memobj: size 0x8
235373000: system.memobj: id 94061725738704
235373000: system.memobj: data_hex : 84C0742C48FFC684 
235373000: system.memobj: data : 1000010011000000011101000010110001001000111111111100011010000100 
235373000: system.memobj: fix data : 1000010011000000011101000010110001001000111111111100011010000100 
235373000: system.memobj: -------------------------------------
235422000: system.memobj: mem->cpu Got response for addr 0x12078 , 73848
235422000: system.memobj: size 0x8
235422000: system.memobj: id 94061725738992
235422000: system.memobj: data_hex : E4742548FFC6A900 
235422000: system.memobj: data : 1110010001110100001001010100100011111111110001101010100100000000 
235422000: system.memobj: fix data : 1110010001110100001001010100100011111111110001101010100100000000 
235422000: system.memobj: -------------------------------------
235471000: system.memobj: mem->cpu Got response for addr 0x12078 , 73848
235471000: system.memobj: size 0x8
235471000: system.memobj: id 94061725738704
235471000: system.memobj: data_hex : E4742548FFC6A900 
235471000: system.memobj: data : 1110010001110100001001010100100011111111110001101010100100000000 
235471000: system.memobj: fix data : 1110010001110100001001010100100011111111110001101010100100000000 
235471000: system.memobj: -------------------------------------
235520000: system.memobj: mem->cpu Got response for addr 0x120a0 , 73888
235520000: system.memobj: size 0x8
235520000: system.memobj: id 94061725738992
235520000: system.memobj: data_hex : 488D0437C3909090 
235520000: system.memobj: data : 0100100010001101000001000011011111000011100100001001000010010000 
235520000: system.memobj: fix data : 0100100010001101000001000011011111000011100100001001000010010000 
235520000: system.memobj: -------------------------------------
235569000: system.memobj: mem->cpu Got response for addr 0x120a0 , 73888
235569000: system.memobj: size 0x8
235569000: system.memobj: id 94061725738704
235569000: system.memobj: data_hex : 488D0437C3909090 
235569000: system.memobj: data : 0100100010001101000001000011011111000011100100001001000010010000 
235569000: system.memobj: fix data : 0100100010001101000001000011011111000011100100001001000010010000 
235569000: system.memobj: -------------------------------------
235632000: system.memobj: mem->cpu Got response for addr 0x94b08 , 609032
235632000: system.memobj: size 0x8
235632000: system.memobj: id 94061725738992
235632000: system.memobj: data_hex : 4DA3410000000000 
235632000: system.memobj: data : 0100110110100011010000010000000000000000000000000000000000000000 
235632000: system.memobj: hamming code addr: 609032 
235632000: system.memobj: hamming code out: 3 
235632000: system.memobj: find Error Bit index : 5 
235632000: system.memobj: hamming code addr: 609040 
235632000: system.memobj: hamming code out: 2 
235632000: system.memobj: hamming code addr: 609048 
235632000: system.memobj: hamming code out: 9 
235632000: system.memobj: hamming code addr: 609056 
235632000: system.memobj: hamming code out: 0 
235632000: system.memobj: hamming code addr: 609064 
235632000: system.memobj: hamming code out: 0 
235632000: system.memobj: hamming code addr: 609072 
235632000: system.memobj: hamming code out: 0 
235632000: system.memobj: hamming code addr: 609080 
235632000: system.memobj: hamming code out: 0 
235632000: system.memobj: hamming code addr: 609088 
235632000: system.memobj: hamming code out: 0 
235632000: system.memobj: fix data : 0100010110100011010000010000000000000000000000000000000000000000 
235632000: system.memobj: -------------------------------------
235695000: system.memobj: mem->cpu Got response for addr 0x1a340 , 107328
235695000: system.memobj: size 0x8
235695000: system.memobj: id 94061725738992
235695000: system.memobj: data_hex : E8CB79FFFF488B15 
235695000: system.memobj: data : 1110100011001011011110011111111111111111010010001000101100010101 
235695000: system.memobj: fix data : 1110100011001011011110011111111111111111010010001000101100010101 
235695000: system.memobj: -------------------------------------
235744000: system.memobj: mem->cpu Got response for addr 0x1a348 , 107336
235744000: system.memobj: size 0x8
235744000: system.memobj: id 94061725738704
235744000: system.memobj: data_hex : AC8A17004989C648 
235744000: system.memobj: data : 1010110010001010000101110000000001001001100010011100011001001000 
235744000: system.memobj: fix data : 1010110010001010000101110000000001001001100010011100011001001000 
235744000: system.memobj: -------------------------------------
235821000: system.memobj: mem->cpu Got response for addr 0x92df8 , 601592
235821000: system.memobj: size 0x8
235821000: system.memobj: id 94061725738992
235821000: system.memobj: data_hex : A8EDFFFFFF7F0000 
235821000: system.memobj: data : 1010100011101101111111111111111111111111011111110000000000000000 
235821000: system.memobj: hamming code addr: 601592 
235821000: system.memobj: hamming code out: 9 
235821000: system.memobj: find Error Bit index : 2 
235821000: system.memobj: hamming code addr: 601600 
235821000: system.memobj: hamming code out: 15 
235821000: system.memobj: hamming code addr: 601608 
235821000: system.memobj: hamming code out: 3 
235821000: system.memobj: hamming code addr: 601616 
235821000: system.memobj: hamming code out: 3 
235821000: system.memobj: hamming code addr: 601624 
235821000: system.memobj: hamming code out: 3 
235821000: system.memobj: hamming code addr: 601632 
235821000: system.memobj: hamming code out: 0 
235821000: system.memobj: hamming code addr: 601640 
235821000: system.memobj: hamming code out: 0 
235821000: system.memobj: hamming code addr: 601648 
235821000: system.memobj: hamming code out: 0 
235821000: system.memobj: fix data : 1110100011101101111111111111111111111111011111110000000000000000 
235821000: system.memobj: -------------------------------------
235870000: system.memobj: mem->cpu Got response for addr 0x1a348 , 107336
235870000: system.memobj: size 0x8
235870000: system.memobj: id 94061725738992
235870000: system.memobj: data_hex : AC8A17004989C648 
235870000: system.memobj: data : 1010110010001010000101110000000001001001100010011100011001001000 
235870000: system.memobj: fix data : 1010110010001010000101110000000001001001100010011100011001001000 
235870000: system.memobj: -------------------------------------
235919000: system.memobj: mem->cpu Got response for addr 0x1a348 , 107336
235919000: system.memobj: size 0x8
235919000: system.memobj: id 94061725738704
235919000: system.memobj: data_hex : AC8A17004989C648 
235919000: system.memobj: data : 1010110010001010000101110000000001001001100010011100011001001000 
235919000: system.memobj: fix data : 1010110010001010000101110000000001001001100010011100011001001000 
235919000: system.memobj: -------------------------------------
235968000: system.memobj: mem->cpu Got response for addr 0x1a350 , 107344
235968000: system.memobj: size 0x8
235968000: system.memobj: id 94061725738992
235968000: system.memobj: data_hex : 85D27409410FB604 
235968000: system.memobj: data : 1000010111010010011101000000100101000001000011111011011000000100 
235968000: system.memobj: fix data : 1000010111010010011101000000100101000001000011111011011000000100 
235968000: system.memobj: -------------------------------------
236017000: system.memobj: mem->cpu Got response for addr 0x1a350 , 107344
236017000: system.memobj: size 0x8
236017000: system.memobj: id 94061725738704
236017000: system.memobj: data_hex : 85D27409410FB604 
236017000: system.memobj: data : 1000010111010010011101000000100101000001000011111011011000000100 
236017000: system.memobj: fix data : 1000010111010010011101000000100101000001000011111011011000000100 
236017000: system.memobj: -------------------------------------
236066000: system.memobj: mem->cpu Got response for addr 0x1a350 , 107344
236066000: system.memobj: size 0x8
236066000: system.memobj: id 94061725738992
236066000: system.memobj: data_hex : 85D27409410FB604 
236066000: system.memobj: data : 1000010111010010011101000000100101000001000011111011011000000100 
236066000: system.memobj: fix data : 1000010111010010011101000000100101000001000011111011011000000100 
236066000: system.memobj: -------------------------------------
236115000: system.memobj: mem->cpu Got response for addr 0x1a358 , 107352
236115000: system.memobj: size 0x8
236115000: system.memobj: id 94061725738704
236115000: system.memobj: data_hex : 2484C0752331C048 
236115000: system.memobj: data : 0010010010000100110000000111010100100011001100011100000001001000 
236115000: system.memobj: fix data : 0010010010000100110000000111010100100011001100011100000001001000 
236115000: system.memobj: -------------------------------------
236178000: system.memobj: mem->cpu Got response for addr 0x5ed86 , 388486
236178000: system.memobj: size 0x1
236178000: system.memobj: id 94061725738992
236178000: system.memobj: data_hex : 4C 
236178000: system.memobj: data : 01001100 
236178000: system.memobj: fix data : 01001100 
236178000: system.memobj: -------------------------------------
236227000: system.memobj: mem->cpu Got response for addr 0x1a358 , 107352
236227000: system.memobj: size 0x8
236227000: system.memobj: id 94061725738992
236227000: system.memobj: data_hex : 2484C0752331C048 
236227000: system.memobj: data : 0010010010000100110000000111010100100011001100011100000001001000 
236227000: system.memobj: fix data : 0010010010000100110000000111010100100011001100011100000001001000 
236227000: system.memobj: -------------------------------------
236276000: system.memobj: mem->cpu Got response for addr 0x1a358 , 107352
236276000: system.memobj: size 0x8
236276000: system.memobj: id 94061725738704
236276000: system.memobj: data_hex : 2484C0752331C048 
236276000: system.memobj: data : 0010010010000100110000000111010100100011001100011100000001001000 
236276000: system.memobj: fix data : 0010010010000100110000000111010100100011001100011100000001001000 
236276000: system.memobj: -------------------------------------
236325000: system.memobj: mem->cpu Got response for addr 0x1a380 , 107392
236325000: system.memobj: size 0x8
236325000: system.memobj: id 94061725738992
236325000: system.memobj: data_hex : 41807C240100752E 
236325000: system.memobj: data : 0100000110000000011111000010010000000001000000000111010100101110 
236325000: system.memobj: fix data : 0100000110000000011111000010010000000001000000000111010100101110 
236325000: system.memobj: -------------------------------------
236374000: system.memobj: mem->cpu Got response for addr 0x5ed87 , 388487
236374000: system.memobj: size 0x1
236374000: system.memobj: id 94061725738704
236374000: system.memobj: data_hex : 44 
236374000: system.memobj: data : 01000100 
236374000: system.memobj: fix data : 01000100 
236374000: system.memobj: -------------------------------------
236423000: system.memobj: mem->cpu Got response for addr 0x1a380 , 107392
236423000: system.memobj: size 0x8
236423000: system.memobj: id 94061725738704
236423000: system.memobj: data_hex : 41807C240100752E 
236423000: system.memobj: data : 0100000110000000011111000010010000000001000000000111010100101110 
236423000: system.memobj: fix data : 0100000110000000011111000010010000000001000000000111010100101110 
236423000: system.memobj: -------------------------------------
236472000: system.memobj: mem->cpu Got response for addr 0x1a3b0 , 107440
236472000: system.memobj: size 0x8
236472000: system.memobj: id 94061725738992
236472000: system.memobj: data_hex : 85DB75EDEBA7488B 
236472000: system.memobj: data : 1000010111011011011101011110110111101011101001110100100010001011 
236472000: system.memobj: fix data : 1000010111011011011101011110110111101011101001110100100010001011 
236472000: system.memobj: -------------------------------------
236521000: system.memobj: mem->cpu Got response for addr 0x1a3b8 , 107448
236521000: system.memobj: size 0x8
236521000: system.memobj: id 94061725738704
236521000: system.memobj: data_hex : 02450FB72C244983 
236521000: system.memobj: data : 0000001001000101000011111011011100101100001001000100100110000011 
236521000: system.memobj: fix data : 0000001001000101000011111011011100101100001001000100100110000011 
236521000: system.memobj: -------------------------------------
236570000: system.memobj: mem->cpu Got response for addr 0x94de8 , 609768
236570000: system.memobj: size 0x8
236570000: system.memobj: id 94061725738992
236570000: system.memobj: data_hex : 0000000000000000 
236570000: system.memobj: data : 0000000000000000000000000000000000000000000000000000000000000000 
236570000: system.memobj: fix data : 0000000000000000000000000000000000000000000000000000000000000000 
236570000: system.memobj: -------------------------------------
236619000: system.memobj: mem->cpu Got response for addr 0x1a3b8 , 107448
236619000: system.memobj: size 0x8
236619000: system.memobj: id 94061725738992
236619000: system.memobj: data_hex : 02450FB72C244983 
236619000: system.memobj: data : 0000001001000101000011111011011100101100001001000100100110000011 
236619000: system.memobj: fix data : 0000001001000101000011111011011100101100001001000100100110000011 
236619000: system.memobj: -------------------------------------
236668000: system.memobj: mem->cpu Got response for addr 0x5ed86 , 388486
236668000: system.memobj: size 0x2
236668000: system.memobj: id 94061725738704
236668000: system.memobj: data_hex : 4C44 
236668000: system.memobj: data : 0100110001000100 
236668000: system.memobj: fix data : 0100110001000100 
236668000: system.memobj: -------------------------------------
236717000: system.memobj: mem->cpu Got response for addr 0x1a3b8 , 107448
236717000: system.memobj: size 0x8
236717000: system.memobj: id 94061725738704
236717000: system.memobj: data_hex : 02450FB72C244983 
236717000: system.memobj: data : 0000001001000101000011111011011100101100001001000100100110000011 
236717000: system.memobj: fix data : 0000001001000101000011111011011100101100001001000100100110000011 
236717000: system.memobj: -------------------------------------
236780000: system.memobj: mem->cpu Got response for addr 0x1a3c0 , 107456
236780000: system.memobj: size 0x8
236780000: system.memobj: id 94061725738992
236780000: system.memobj: data_hex : EE024983C4024889 
236780000: system.memobj: data : 1110111000000010010010011000001111000100000000100100100010001001 
236780000: system.memobj: fix data : 1110111000000010010010011000001111000100000000100100100010001001 
236780000: system.memobj: -------------------------------------
236829000: system.memobj: mem->cpu Got response for addr 0x1a3c0 , 107456
236829000: system.memobj: size 0x8
236829000: system.memobj: id 94061725738704
236829000: system.memobj: data_hex : EE024983C4024889 
236829000: system.memobj: data : 1110111000000010010010011000001111000100000000100100100010001001 
236829000: system.memobj: fix data : 1110111000000010010010011000001111000100000000100100100010001001 
236829000: system.memobj: -------------------------------------
236878000: system.memobj: mem->cpu Got response for addr 0x1a3c0 , 107456
236878000: system.memobj: size 0x8
236878000: system.memobj: id 94061725738992
236878000: system.memobj: data_hex : EE024983C4024889 
236878000: system.memobj: data : 1110111000000010010010011000001111000100000000100100100010001001 
236878000: system.memobj: fix data : 1110111000000010010010011000001111000100000000100100100010001001 
236878000: system.memobj: -------------------------------------
236927000: system.memobj: mem->cpu Got response for addr 0x1a3c8 , 107464
236927000: system.memobj: size 0x8
236927000: system.memobj: id 94061725738704
236927000: system.memobj: data_hex : D54885C0748F4889 
236927000: system.memobj: data : 1101010101001000100001011100000001110100100011110100100010001001 
236927000: system.memobj: fix data : 1101010101001000100001011100000001110100100011110100100010001001 
236927000: system.memobj: -------------------------------------
236976000: system.memobj: mem->cpu Got response for addr 0x1a3c8 , 107464
236976000: system.memobj: size 0x8
236976000: system.memobj: id 94061725738992
236976000: system.memobj: data_hex : D54885C0748F4889 
236976000: system.memobj: data : 1101010101001000100001011100000001110100100011110100100010001001 
236976000: system.memobj: fix data : 1101010101001000100001011100000001110100100011110100100010001001 
236976000: system.memobj: -------------------------------------
237025000: system.memobj: mem->cpu Got response for addr 0x1a3c8 , 107464
237025000: system.memobj: size 0x8
237025000: system.memobj: id 94061725738704
237025000: system.memobj: data_hex : D54885C0748F4889 
237025000: system.memobj: data : 1101010101001000100001011100000001110100100011110100100010001001 
237025000: system.memobj: fix data : 1101010101001000100001011100000001110100100011110100100010001001 
237025000: system.memobj: -------------------------------------
237074000: system.memobj: mem->cpu Got response for addr 0x1a358 , 107352
237074000: system.memobj: size 0x8
237074000: system.memobj: id 94061725738992
237074000: system.memobj: data_hex : 2484C0752331C048 
237074000: system.memobj: data : 0010010010000100110000000111010100100011001100011100000001001000 
237074000: system.memobj: fix data : 0010010010000100110000000111010100100011001100011100000001001000 
237074000: system.memobj: -------------------------------------
237123000: system.memobj: mem->cpu Got response for addr 0x1a358 , 107352
237123000: system.memobj: size 0x8
237123000: system.memobj: id 94061725738704
237123000: system.memobj: data_hex : 2484C0752331C048 
237123000: system.memobj: data : 0010010010000100110000000111010100100011001100011100000001001000 
237123000: system.memobj: fix data : 0010010010000100110000000111010100100011001100011100000001001000 
237123000: system.memobj: -------------------------------------
237172000: system.memobj: mem->cpu Got response for addr 0x1a360 , 107360
237172000: system.memobj: size 0x8
237172000: system.memobj: id 94061725738992
237172000: system.memobj: data_hex : 8B1C24488B6C2408 
237172000: system.memobj: data : 1000101100011100001001000100100010001011011011000010010000001000 
237172000: system.memobj: fix data : 1000101100011100001001000100100010001011011011000010010000001000 
237172000: system.memobj: -------------------------------------
237221000: system.memobj: mem->cpu Got response for addr 0x94b10 , 609040
237221000: system.memobj: size 0x8
237221000: system.memobj: id 94061725738704
237221000: system.memobj: data_hex : 2717470000000000 
237221000: system.memobj: data : 0010011100010111010001110000000000000000000000000000000000000000 
237221000: system.memobj: hamming code addr: 609040 
237221000: system.memobj: hamming code out: 13 
237221000: system.memobj: find Error Bit index : 3 
237221000: system.memobj: hamming code addr: 609048 
237221000: system.memobj: hamming code out: 10 
237221000: system.memobj: hamming code addr: 609056 
237221000: system.memobj: hamming code out: 8 
237221000: system.memobj: hamming code addr: 609064 
237221000: system.memobj: hamming code out: 0 
237221000: system.memobj: hamming code addr: 609072 
237221000: system.memobj: hamming code out: 0 
237221000: system.memobj: hamming code addr: 609080 
237221000: system.memobj: hamming code out: 0 
237221000: system.memobj: hamming code addr: 609088 
237221000: system.memobj: hamming code out: 0 
237221000: system.memobj: hamming code addr: 609096 
237221000: system.memobj: hamming code out: 0 
237221000: system.memobj: fix data : 0000011100010111010001110000000000000000000000000000000000000000 
237221000: system.memobj: -------------------------------------
237270000: system.memobj: mem->cpu Got response for addr 0x1a360 , 107360
237270000: system.memobj: size 0x8
237270000: system.memobj: id 94061725738704
237270000: system.memobj: data_hex : 8B1C24488B6C2408 
237270000: system.memobj: data : 1000101100011100001001000100100010001011011011000010010000001000 
237270000: system.memobj: fix data : 1000101100011100001001000100100010001011011011000010010000001000 
237270000: system.memobj: -------------------------------------
237319000: system.memobj: mem->cpu Got response for addr 0x94b18 , 609048
237319000: system.memobj: size 0x8
237319000: system.memobj: id 94061725738992
237319000: system.memobj: data_hex : D9EDFFFFFF7F0000 
237319000: system.memobj: data : 1101100111101101111111111111111111111111011111110000000000000000 
237319000: system.memobj: hamming code addr: 609048 
237319000: system.memobj: hamming code out: 8 
237319000: system.memobj: find Error Bit index : 8 
237319000: system.memobj: hamming code addr: 609056 
237319000: system.memobj: hamming code out: 15 
237319000: system.memobj: hamming code addr: 609064 
237319000: system.memobj: hamming code out: 3 
237319000: system.memobj: hamming code addr: 609072 
237319000: system.memobj: hamming code out: 3 
237319000: system.memobj: hamming code addr: 609080 
237319000: system.memobj: hamming code out: 3 
237319000: system.memobj: hamming code addr: 609088 
237319000: system.memobj: hamming code out: 0 
237319000: system.memobj: hamming code addr: 609096 
237319000: system.memobj: hamming code out: 0 
237319000: system.memobj: hamming code addr: 609104 
237319000: system.memobj: hamming code out: 0 
237319000: system.memobj: fix data : 1101100011101101111111111111111111111111011111110000000000000000 
237319000: system.memobj: -------------------------------------
237368000: system.memobj: mem->cpu Got response for addr 0x1a368 , 107368
237368000: system.memobj: size 0x8
237368000: system.memobj: id 94061725738992
237368000: system.memobj: data_hex : 4C8B6424104C8B6C 
237368000: system.memobj: data : 0100110010001011011001000010010000010000010011001000101101101100 
237368000: system.memobj: fix data : 0100110010001011011001000010010000010000010011001000101101101100 
237368000: system.memobj: -------------------------------------
237417000: system.memobj: mem->cpu Got response for addr 0x94b20 , 609056
237417000: system.memobj: size 0x8
237417000: system.memobj: id 94061725738704
237417000: system.memobj: data_hex : 0300000000000000 
237417000: system.memobj: data : 0000001100000000000000000000000000000000000000000000000000000000 
237417000: system.memobj: hamming code addr: 609056 
237417000: system.memobj: hamming code out: 12 
237417000: system.memobj: find Error Bit index : 7 
237417000: system.memobj: hamming code addr: 609064 
237417000: system.memobj: hamming code out: 0 
237417000: system.memobj: hamming code addr: 609072 
237417000: system.memobj: hamming code out: 0 
237417000: system.memobj: hamming code addr: 609080 
237417000: system.memobj: hamming code out: 0 
237417000: system.memobj: hamming code addr: 609088 
237417000: system.memobj: hamming code out: 0 
237417000: system.memobj: hamming code addr: 609096 
237417000: system.memobj: hamming code out: 0 
237417000: system.memobj: hamming code addr: 609104 
237417000: system.memobj: hamming code out: 0 
237417000: system.memobj: hamming code addr: 609112 
237417000: system.memobj: hamming code out: 0 
237417000: system.memobj: fix data : 0000000100000000000000000000000000000000000000000000000000000000 
237417000: system.memobj: -------------------------------------
237466000: system.memobj: mem->cpu Got response for addr 0x1a368 , 107368
237466000: system.memobj: size 0x8
237466000: system.memobj: id 94061725738704
237466000: system.memobj: data_hex : 4C8B6424104C8B6C 
237466000: system.memobj: data : 0100110010001011011001000010010000010000010011001000101101101100 
237466000: system.memobj: fix data : 0100110010001011011001000010010000010000010011001000101101101100 
237466000: system.memobj: -------------------------------------
237515000: system.memobj: mem->cpu Got response for addr 0x1a370 , 107376
237515000: system.memobj: size 0x8
237515000: system.memobj: id 94061725738992
237515000: system.memobj: data_hex : 24184C8B74242048 
237515000: system.memobj: data : 0010010000011000010011001000101101110100001001000010000001001000 
237515000: system.memobj: fix data : 0010010000011000010011001000101101110100001001000010000001001000 
237515000: system.memobj: -------------------------------------
237564000: system.memobj: mem->cpu Got response for addr 0x94b28 , 609064
237564000: system.memobj: size 0x8
237564000: system.memobj: id 94061725738704
237564000: system.memobj: data_hex : 4100000000000000 
237564000: system.memobj: data : 0100000100000000000000000000000000000000000000000000000000000000 
237564000: system.memobj: hamming code addr: 609064 
237564000: system.memobj: hamming code out: 12 
237564000: system.memobj: find Error Bit index : 2 
237564000: system.memobj: hamming code addr: 609072 
237564000: system.memobj: hamming code out: 0 
237564000: system.memobj: hamming code addr: 609080 
237564000: system.memobj: hamming code out: 0 
237564000: system.memobj: hamming code addr: 609088 
237564000: system.memobj: hamming code out: 0 
237564000: system.memobj: hamming code addr: 609096 
237564000: system.memobj: hamming code out: 0 
237564000: system.memobj: hamming code addr: 609104 
237564000: system.memobj: hamming code out: 0 
237564000: system.memobj: hamming code addr: 609112 
237564000: system.memobj: hamming code out: 0 
237564000: system.memobj: hamming code addr: 609120 
237564000: system.memobj: hamming code out: 0 
237564000: system.memobj: fix data : 0000000100000000000000000000000000000000000000000000000000000000 
237564000: system.memobj: -------------------------------------
237613000: system.memobj: mem->cpu Got response for addr 0x1a370 , 107376
237613000: system.memobj: size 0x8
237613000: system.memobj: id 94061725738704
237613000: system.memobj: data_hex : 24184C8B74242048 
237613000: system.memobj: data : 0010010000011000010011001000101101110100001001000010000001001000 
237613000: system.memobj: fix data : 0010010000011000010011001000101101110100001001000010000001001000 
237613000: system.memobj: -------------------------------------
237662000: system.memobj: mem->cpu Got response for addr 0x94b30 , 609072
237662000: system.memobj: size 0x8
237662000: system.memobj: id 94061725738992
237662000: system.memobj: data_hex : DCEDFFFFFF7F0000 
237662000: system.memobj: data : 1101110011101101111111111111111111111111011111110000000000000000 
237662000: system.memobj: hamming code addr: 609072 
237662000: system.memobj: hamming code out: 8 
237662000: system.memobj: find Error Bit index : 6 
237662000: system.memobj: hamming code addr: 609080 
237662000: system.memobj: hamming code out: 15 
237662000: system.memobj: hamming code addr: 609088 
237662000: system.memobj: hamming code out: 3 
237662000: system.memobj: hamming code addr: 609096 
237662000: system.memobj: hamming code out: 3 
237662000: system.memobj: hamming code addr: 609104 
237662000: system.memobj: hamming code out: 3 
237662000: system.memobj: hamming code addr: 609112 
237662000: system.memobj: hamming code out: 0 
237662000: system.memobj: hamming code addr: 609120 
237662000: system.memobj: hamming code out: 0 
237662000: system.memobj: hamming code addr: 609128 
237662000: system.memobj: hamming code out: 0 
237662000: system.memobj: fix data : 1101100011101101111111111111111111111111011111110000000000000000 
237662000: system.memobj: -------------------------------------
237711000: system.memobj: mem->cpu Got response for addr 0x1a370 , 107376
237711000: system.memobj: size 0x8
237711000: system.memobj: id 94061725738992
237711000: system.memobj: data_hex : 24184C8B74242048 
237711000: system.memobj: data : 0010010000011000010011001000101101110100001001000010000001001000 
237711000: system.memobj: fix data : 0010010000011000010011001000101101110100001001000010000001001000 
237711000: system.memobj: -------------------------------------
237760000: system.memobj: mem->cpu Got response for addr 0x1a378 , 107384
237760000: system.memobj: size 0x8
237760000: system.memobj: id 94061725738704
237760000: system.memobj: data_hex : 83C428C366666690 
237760000: system.memobj: data : 1000001111000100001010001100001101100110011001100110011010010000 
237760000: system.memobj: fix data : 1000001111000100001010001100001101100110011001100110011010010000 
237760000: system.memobj: -------------------------------------
237823000: system.memobj: mem->cpu Got response for addr 0x1a378 , 107384
237823000: system.memobj: size 0x8
237823000: system.memobj: id 94061725738992
237823000: system.memobj: data_hex : 83C428C366666690 
237823000: system.memobj: data : 1000001111000100001010001100001101100110011001100110011010010000 
237823000: system.memobj: fix data : 1000001111000100001010001100001101100110011001100110011010010000 
237823000: system.memobj: -------------------------------------
237872000: system.memobj: mem->cpu Got response for addr 0x94b38 , 609080
237872000: system.memobj: size 0x8
237872000: system.memobj: id 94061725738704
237872000: system.memobj: data_hex : 445D410000000000 
237872000: system.memobj: data : 0100010001011101010000010000000000000000000000000000000000000000 
237872000: system.memobj: hamming code addr: 609080 
237872000: system.memobj: hamming code out: 3 
237872000: system.memobj: find Error Bit index : 8 
237872000: system.memobj: hamming code addr: 609088 
237872000: system.memobj: hamming code out: 13 
237872000: system.memobj: hamming code addr: 609096 
237872000: system.memobj: hamming code out: 9 
237872000: system.memobj: hamming code addr: 609104 
237872000: system.memobj: hamming code out: 0 
237872000: system.memobj: hamming code addr: 609112 
237872000: system.memobj: hamming code out: 0 
237872000: system.memobj: hamming code addr: 609120 
237872000: system.memobj: hamming code out: 0 
237872000: system.memobj: hamming code addr: 609128 
237872000: system.memobj: hamming code out: 0 
237872000: system.memobj: hamming code addr: 609136 
237872000: system.memobj: hamming code out: 0 
237872000: system.memobj: fix data : 0100010101011101010000010000000000000000000000000000000000000000 
237872000: system.memobj: -------------------------------------
237949000: system.memobj: mem->cpu Got response for addr 0x15d40 , 89408
237949000: system.memobj: size 0x8
237949000: system.memobj: id 94061725738704
237949000: system.memobj: data_hex : E8DB4500004885C0 
237949000: system.memobj: data : 1110100011011011010001010000000000000000010010001000010111000000 
237949000: system.memobj: fix data : 1110100011011011010001010000000000000000010010001000010111000000 
237949000: system.memobj: -------------------------------------
237998000: system.memobj: mem->cpu Got response for addr 0x15d48 , 89416
237998000: system.memobj: size 0x8
237998000: system.memobj: id 94061725738992
237998000: system.memobj: data_hex : BF96ED4500480F45 
237998000: system.memobj: data : 1011111110010110111011010100010100000000010010000000111101000101 
237998000: system.memobj: fix data : 1011111110010110111011010100010100000000010010000000111101000101 
237998000: system.memobj: -------------------------------------
238047000: system.memobj: mem->cpu Got response for addr 0x15d48 , 89416
238047000: system.memobj: size 0x8
238047000: system.memobj: id 94061725738704
238047000: system.memobj: data_hex : BF96ED4500480F45 
238047000: system.memobj: data : 1011111110010110111011010100010100000000010010000000111101000101 
238047000: system.memobj: fix data : 1011111110010110111011010100010100000000010010000000111101000101 
238047000: system.memobj: -------------------------------------
238096000: system.memobj: mem->cpu Got response for addr 0x15d50 , 89424
238096000: system.memobj: size 0x8
238096000: system.memobj: id 94061725738992
238096000: system.memobj: data_hex : D831C0803B000F94 
238096000: system.memobj: data : 1101100000110001110000001000000000111011000000000000111110010100 
238096000: system.memobj: fix data : 1101100000110001110000001000000000111011000000000000111110010100 
238096000: system.memobj: -------------------------------------
238145000: system.memobj: mem->cpu Got response for addr 0x15d50 , 89424
238145000: system.memobj: size 0x8
238145000: system.memobj: id 94061725738704
238145000: system.memobj: data_hex : D831C0803B000F94 
238145000: system.memobj: data : 1101100000110001110000001000000000111011000000000000111110010100 
238145000: system.memobj: fix data : 1101100000110001110000001000000000111011000000000000111110010100 
238145000: system.memobj: -------------------------------------
238194000: system.memobj: mem->cpu Got response for addr 0x15d50 , 89424
238194000: system.memobj: size 0x8
238194000: system.memobj: id 94061725738992
238194000: system.memobj: data_hex : D831C0803B000F94 
238194000: system.memobj: data : 1101100000110001110000001000000000111011000000000000111110010100 
238194000: system.memobj: fix data : 1101100000110001110000001000000000111011000000000000111110010100 
238194000: system.memobj: -------------------------------------
238271000: system.memobj: mem->cpu Got response for addr 0x71707 , 464647
238271000: system.memobj: size 0x1
238271000: system.memobj: id 94061725739280
238271000: system.memobj: data_hex : 00 
238271000: system.memobj: data : 00000000 
238271000: system.memobj: fix data : 00000000 
238271000: system.memobj: -------------------------------------
238320000: system.memobj: mem->cpu Got response for addr 0x15d50 , 89424
238320000: system.memobj: size 0x8
238320000: system.memobj: id 94061725739280
238320000: system.memobj: data_hex : D831C0803B000F94 
238320000: system.memobj: data : 1101100000110001110000001000000000111011000000000000111110010100 
238320000: system.memobj: fix data : 1101100000110001110000001000000000111011000000000000111110010100 
238320000: system.memobj: -------------------------------------
238369000: system.memobj: mem->cpu Got response for addr 0x15d58 , 89432
238369000: system.memobj: size 0x8
238369000: system.memobj: id 94061725738992
238369000: system.memobj: data_hex : C0890595D71700E8 
238369000: system.memobj: data : 1100000010001001000001011001010111010111000101110000000011101000 
238369000: system.memobj: fix data : 1100000010001001000001011001010111010111000101110000000011101000 
238369000: system.memobj: -------------------------------------
238418000: system.memobj: mem->cpu Got response for addr 0x15d58 , 89432
238418000: system.memobj: size 0x8
238418000: system.memobj: id 94061725739280
238418000: system.memobj: data_hex : C0890595D71700E8 
238418000: system.memobj: data : 1100000010001001000001011001010111010111000101110000000011101000 
238418000: system.memobj: fix data : 1100000010001001000001011001010111010111000101110000000011101000 
238418000: system.memobj: -------------------------------------
238418000: system.memobj: cpu->mem Got request for addr 0x934f4 , 603380
238418000: system.memobj: size 0x4
238418000: system.memobj: id 94061725739568
238418000: system.memobj: data_hex : 01000000 
238418000: system.memobj: data : 00000001000000000000000000000000 
238418000: system.memobj: hamming code addr: 603380 
238418000: system.memobj: hamming code : 12 
238418000: system.memobj: hamming code addr: 603388 
238418000: system.memobj: hamming code : 0 
238418000: system.memobj: hamming code addr: 603396 
238418000: system.memobj: hamming code : 0 
238418000: system.memobj: hamming code addr: 603404 
238418000: system.memobj: hamming code : 0 
238418000: system.memobj: Enter Error Bit index: 4 
238418000: system.memobj: flip data : 00010001000000000000000000000000 
238418000: system.memobj: -------------------------------------
238488000: system.memobj: mem->cpu Got response for addr 0x15d58 , 89432
238488000: system.memobj: size 0x8
238488000: system.memobj: id 94061725739568
238488000: system.memobj: data_hex : C0890595D71700E8 
238488000: system.memobj: data : 1100000010001001000001011001010111010111000101110000000011101000 
238488000: system.memobj: fix data : 1100000010001001000001011001010111010111000101110000000011101000 
238488000: system.memobj: -------------------------------------
238537000: system.memobj: mem->cpu Got response for addr 0x15d60 , 89440
238537000: system.memobj: size 0x8
238537000: system.memobj: id 94061725739280
238537000: system.memobj: data_hex : BC4500004885C074 
238537000: system.memobj: data : 1011110001000101000000000000000001001000100001011100000001110100 
238537000: system.memobj: fix data : 1011110001000101000000000000000001001000100001011100000001110100 
238537000: system.memobj: -------------------------------------
238537000: system.memobj: cpu->mem Got request for addr 0x94b38 , 609080
238537000: system.memobj: size 0x8
238537000: system.memobj: id 94061725739856
238537000: system.memobj: data_hex : 645D410000000000 
238537000: system.memobj: data : 0110010001011101010000010000000000000000000000000000000000000000 
238537000: system.memobj: hamming code addr: 609080 
238537000: system.memobj: hamming code : 9 
238537000: system.memobj: hamming code addr: 609088 
238537000: system.memobj: hamming code : 13 
238537000: system.memobj: hamming code addr: 609096 
238537000: system.memobj: hamming code : 9 
238537000: system.memobj: hamming code addr: 609104 
238537000: system.memobj: hamming code : 0 
238537000: system.memobj: hamming code addr: 609112 
238537000: system.memobj: hamming code : 0 
238537000: system.memobj: hamming code addr: 609120 
238537000: system.memobj: hamming code : 0 
238537000: system.memobj: hamming code addr: 609128 
238537000: system.memobj: hamming code : 0 
238537000: system.memobj: hamming code addr: 609136 
238537000: system.memobj: hamming code : 0 
238537000: system.memobj: Enter Error Bit index: 3 
238537000: system.memobj: flip data : 0100010001011101010000010000000000000000000000000000000000000000 
238537000: system.memobj: -------------------------------------
238607000: system.memobj: mem->cpu Got response for addr 0x1a320 , 107296
238607000: system.memobj: size 0x8
238607000: system.memobj: id 94061725739856
238607000: system.memobj: data_hex : 4C896424E84C8974 
238607000: system.memobj: data : 0100110010001001011001000010010011101000010011001000100101110100 
238607000: system.memobj: fix data : 0100110010001001011001000010010011101000010011001000100101110100 
238607000: system.memobj: -------------------------------------
238607000: system.memobj: cpu->mem Got request for addr 0x94b20 , 609056
238607000: system.memobj: size 0x8
238607000: system.memobj: id 94061725739280
238607000: system.memobj: data_hex : 0100000000000000 
238607000: system.memobj: data : 0000000100000000000000000000000000000000000000000000000000000000 
238607000: system.memobj: hamming code addr: 609056 
238607000: system.memobj: hamming code : 12 
238607000: system.memobj: hamming code addr: 609064 
238607000: system.memobj: hamming code : 0 
238607000: system.memobj: hamming code addr: 609072 
238607000: system.memobj: hamming code : 0 
238607000: system.memobj: hamming code addr: 609080 
238607000: system.memobj: hamming code : 0 
238607000: system.memobj: hamming code addr: 609088 
238607000: system.memobj: hamming code : 0 
238607000: system.memobj: hamming code addr: 609096 
238607000: system.memobj: hamming code : 0 
238607000: system.memobj: hamming code addr: 609104 
238607000: system.memobj: hamming code : 0 
238607000: system.memobj: hamming code addr: 609112 
238607000: system.memobj: hamming code : 0 
238607000: system.memobj: Enter Error Bit index: 7 
238607000: system.memobj: flip data : 0000001100000000000000000000000000000000000000000000000000000000 
238607000: system.memobj: -------------------------------------
238677000: system.memobj: mem->cpu Got response for addr 0x1a320 , 107296
238677000: system.memobj: size 0x8
238677000: system.memobj: id 94061725739280
238677000: system.memobj: data_hex : 4C896424E84C8974 
238677000: system.memobj: data : 0100110010001001011001000010010011101000010011001000100101110100 
238677000: system.memobj: fix data : 0100110010001001011001000010010011101000010011001000100101110100 
238677000: system.memobj: -------------------------------------
238726000: system.memobj: mem->cpu Got response for addr 0x1a328 , 107304
238726000: system.memobj: size 0x8
238726000: system.memobj: id 94061725739856
238726000: system.memobj: data_hex : 24F84989FC48895C 
238726000: system.memobj: data : 0010010011111000010010011000100111111100010010001000100101011100 
238726000: system.memobj: fix data : 0010010011111000010010011000100111111100010010001000100101011100 
238726000: system.memobj: -------------------------------------
238726000: system.memobj: cpu->mem Got request for addr 0x94b30 , 609072
238726000: system.memobj: size 0x8
238726000: system.memobj: id 94061725739280
238726000: system.memobj: data_hex : D8EDFFFFFF7F0000 
238726000: system.memobj: data : 1101100011101101111111111111111111111111011111110000000000000000 
238726000: system.memobj: hamming code addr: 609072 
238726000: system.memobj: hamming code : 8 
238726000: system.memobj: hamming code addr: 609080 
238726000: system.memobj: hamming code : 15 
238726000: system.memobj: hamming code addr: 609088 
238726000: system.memobj: hamming code : 3 
238726000: system.memobj: hamming code addr: 609096 
238726000: system.memobj: hamming code : 3 
238726000: system.memobj: hamming code addr: 609104 
238726000: system.memobj: hamming code : 3 
238726000: system.memobj: hamming code addr: 609112 
238726000: system.memobj: hamming code : 0 
238726000: system.memobj: hamming code addr: 609120 
238726000: system.memobj: hamming code : 0 
238726000: system.memobj: hamming code addr: 609128 
238726000: system.memobj: hamming code : 0 
238726000: system.memobj: Enter Error Bit index: 2 
238726000: system.memobj: flip data : 1001100011101101111111111111111111111111011111110000000000000000 
238726000: system.memobj: -------------------------------------
238796000: system.memobj: mem->cpu Got response for addr 0x1a328 , 107304
238796000: system.memobj: size 0x8
238796000: system.memobj: id 94061725739280
238796000: system.memobj: data_hex : 24F84989FC48895C 
238796000: system.memobj: data : 0010010011111000010010011000100111111100010010001000100101011100 
238796000: system.memobj: fix data : 0010010011111000010010011000100111111100010010001000100101011100 
238796000: system.memobj: -------------------------------------
238845000: system.memobj: mem->cpu Got response for addr 0x1a328 , 107304
238845000: system.memobj: size 0x8
238845000: system.memobj: id 94061725739856
238845000: system.memobj: data_hex : 24F84989FC48895C 
238845000: system.memobj: data : 0010010011111000010010011000100111111100010010001000100101011100 
238845000: system.memobj: fix data : 0010010011111000010010011000100111111100010010001000100101011100 
238845000: system.memobj: -------------------------------------
238894000: system.memobj: mem->cpu Got response for addr 0x1a330 , 107312
238894000: system.memobj: size 0x8
238894000: system.memobj: id 94061725739280
238894000: system.memobj: data_hex : 24D848896C24E04C 
238894000: system.memobj: data : 0010010011011000010010001000100101101100001001001110000001001100 
238894000: system.memobj: fix data : 0010010011011000010010001000100101101100001001001110000001001100 
238894000: system.memobj: -------------------------------------
238894000: system.memobj: cpu->mem Got request for addr 0x94b10 , 609040
238894000: system.memobj: size 0x8
238894000: system.memobj: id 94061725739856
238894000: system.memobj: data_hex : 0717470000000000 
238894000: system.memobj: data : 0000011100010111010001110000000000000000000000000000000000000000 
238894000: system.memobj: hamming code addr: 609040 
238894000: system.memobj: hamming code : 13 
238894000: system.memobj: hamming code addr: 609048 
238894000: system.memobj: hamming code : 10 
238894000: system.memobj: hamming code addr: 609056 
238894000: system.memobj: hamming code : 8 
238894000: system.memobj: hamming code addr: 609064 
238894000: system.memobj: hamming code : 0 
238894000: system.memobj: hamming code addr: 609072 
238894000: system.memobj: hamming code : 0 
238894000: system.memobj: hamming code addr: 609080 
238894000: system.memobj: hamming code : 0 
238894000: system.memobj: hamming code addr: 609088 
238894000: system.memobj: hamming code : 0 
238894000: system.memobj: hamming code addr: 609096 
238894000: system.memobj: hamming code : 0 
238894000: system.memobj: Enter Error Bit index: 5 
238894000: system.memobj: flip data : 0000111100010111010001110000000000000000000000000000000000000000 
238894000: system.memobj: -------------------------------------
238964000: system.memobj: mem->cpu Got response for addr 0x1a330 , 107312
238964000: system.memobj: size 0x8
238964000: system.memobj: id 94061725739856
238964000: system.memobj: data_hex : 24D848896C24E04C 
238964000: system.memobj: data : 0010010011011000010010001000100101101100001001001110000001001100 
238964000: system.memobj: fix data : 0010010011011000010010001000100101101100001001001110000001001100 
238964000: system.memobj: -------------------------------------
238964000: system.memobj: cpu->mem Got request for addr 0x94b18 , 609048
238964000: system.memobj: size 0x8
238964000: system.memobj: id 94061725739280
238964000: system.memobj: data_hex : D8EDFFFFFF7F0000 
238964000: system.memobj: data : 1101100011101101111111111111111111111111011111110000000000000000 
238964000: system.memobj: hamming code addr: 609048 
238964000: system.memobj: hamming code : 8 
238964000: system.memobj: hamming code addr: 609056 
238964000: system.memobj: hamming code : 15 
238964000: system.memobj: hamming code addr: 609064 
238964000: system.memobj: hamming code : 3 
238964000: system.memobj: hamming code addr: 609072 
238964000: system.memobj: hamming code : 3 
238964000: system.memobj: hamming code addr: 609080 
238964000: system.memobj: hamming code : 3 
238964000: system.memobj: hamming code addr: 609088 
238964000: system.memobj: hamming code : 0 
238964000: system.memobj: hamming code addr: 609096 
238964000: system.memobj: hamming code : 0 
238964000: system.memobj: hamming code addr: 609104 
238964000: system.memobj: hamming code : 0 
238964000: system.memobj: Enter Error Bit index: 3 
238964000: system.memobj: flip data : 1111100011101101111111111111111111111111011111110000000000000000 
238964000: system.memobj: -------------------------------------
239034000: system.memobj: mem->cpu Got response for addr 0x1a330 , 107312
239034000: system.memobj: size 0x8
239034000: system.memobj: id 94061725739280
239034000: system.memobj: data_hex : 24D848896C24E04C 
239034000: system.memobj: data : 0010010011011000010010001000100101101100001001001110000001001100 
239034000: system.memobj: fix data : 0010010011011000010010001000100101101100001001001110000001001100 
239034000: system.memobj: -------------------------------------
239083000: system.memobj: mem->cpu Got response for addr 0x1a338 , 107320
239083000: system.memobj: size 0x8
239083000: system.memobj: id 94061725739856
239083000: system.memobj: data_hex : 896C24F04883EC28 
239083000: system.memobj: data : 1000100101101100001001001111000001001000100000111110110000101000 
239083000: system.memobj: fix data : 1000100101101100001001001111000001001000100000111110110000101000 
239083000: system.memobj: -------------------------------------
239083000: system.memobj: cpu->mem Got request for addr 0x94b28 , 609064
239083000: system.memobj: size 0x8
239083000: system.memobj: id 94061725739280
239083000: system.memobj: data_hex : 0100000000000000 
239083000: system.memobj: data : 0000000100000000000000000000000000000000000000000000000000000000 
239083000: system.memobj: hamming code addr: 609064 
239083000: system.memobj: hamming code : 12 
239083000: system.memobj: hamming code addr: 609072 
239083000: system.memobj: hamming code : 0 
239083000: system.memobj: hamming code addr: 609080 
239083000: system.memobj: hamming code : 0 
239083000: system.memobj: hamming code addr: 609088 
239083000: system.memobj: hamming code : 0 
239083000: system.memobj: hamming code addr: 609096 
239083000: system.memobj: hamming code : 0 
239083000: system.memobj: hamming code addr: 609104 
239083000: system.memobj: hamming code : 0 
239083000: system.memobj: hamming code addr: 609112 
239083000: system.memobj: hamming code : 0 
239083000: system.memobj: hamming code addr: 609120 
239083000: system.memobj: hamming code : 0 
239083000: system.memobj: Enter Error Bit index: 2 
239083000: system.memobj: flip data : 0100000100000000000000000000000000000000000000000000000000000000 
239083000: system.memobj: -------------------------------------
239153000: system.memobj: mem->cpu Got response for addr 0x1a338 , 107320
239153000: system.memobj: size 0x8
239153000: system.memobj: id 94061725739280
239153000: system.memobj: data_hex : 896C24F04883EC28 
239153000: system.memobj: data : 1000100101101100001001001111000001001000100000111110110000101000 
239153000: system.memobj: fix data : 1000100101101100001001001111000001001000100000111110110000101000 
239153000: system.memobj: -------------------------------------
239202000: system.memobj: mem->cpu Got response for addr 0x1a340 , 107328
239202000: system.memobj: size 0x8
239202000: system.memobj: id 94061725739856
239202000: system.memobj: data_hex : E8CB79FFFF488B15 
239202000: system.memobj: data : 1110100011001011011110011111111111111111010010001000101100010101 
239202000: system.memobj: fix data : 1110100011001011011110011111111111111111010010001000101100010101 
239202000: system.memobj: -------------------------------------
239202000: system.memobj: cpu->mem Got request for addr 0x94b08 , 609032
239202000: system.memobj: size 0x8
239202000: system.memobj: id 94061725739280
239202000: system.memobj: data_hex : 45A3410000000000 
239202000: system.memobj: data : 0100010110100011010000010000000000000000000000000000000000000000 
239202000: system.memobj: hamming code addr: 609032 
239202000: system.memobj: hamming code : 3 
239202000: system.memobj: hamming code addr: 609040 
239202000: system.memobj: hamming code : 2 
239202000: system.memobj: hamming code addr: 609048 
239202000: system.memobj: hamming code : 9 
239202000: system.memobj: hamming code addr: 609056 
239202000: system.memobj: hamming code : 0 
239202000: system.memobj: hamming code addr: 609064 
239202000: system.memobj: hamming code : 0 
239202000: system.memobj: hamming code addr: 609072 
239202000: system.memobj: hamming code : 0 
239202000: system.memobj: hamming code addr: 609080 
239202000: system.memobj: hamming code : 0 
239202000: system.memobj: hamming code addr: 609088 
239202000: system.memobj: hamming code : 0 
239202000: system.memobj: Enter Error Bit index: 6 
239202000: system.memobj: flip data : 0100000110100011010000010000000000000000000000000000000000000000 
239202000: system.memobj: -------------------------------------
239300000: system.memobj: mem->cpu Got response for addr 0x11d10 , 72976
239300000: system.memobj: size 0x8
239300000: system.memobj: id 94061725739280
239300000: system.memobj: data_hex : 4889FE48F7DF4989 
239300000: system.memobj: data : 0100100010001001111111100100100011110111110111110100100110001001 
239300000: system.memobj: fix data : 0100100010001001111111100100100011110111110111110100100110001001 
239300000: system.memobj: -------------------------------------
239349000: system.memobj: mem->cpu Got response for addr 0x11d10 , 72976
239349000: system.memobj: size 0x8
239349000: system.memobj: id 94061725739856
239349000: system.memobj: data_hex : 4889FE48F7DF4989 
239349000: system.memobj: data : 0100100010001001111111100100100011110111110111110100100110001001 
239349000: system.memobj: fix data : 0100100010001001111111100100100011110111110111110100100110001001 
239349000: system.memobj: -------------------------------------
239398000: system.memobj: mem->cpu Got response for addr 0x11d10 , 72976
239398000: system.memobj: size 0x8
239398000: system.memobj: id 94061725739280
239398000: system.memobj: data_hex : 4889FE48F7DF4989 
239398000: system.memobj: data : 0100100010001001111111100100100011110111110111110100100110001001 
239398000: system.memobj: fix data : 0100100010001001111111100100100011110111110111110100100110001001 
239398000: system.memobj: -------------------------------------
239447000: system.memobj: mem->cpu Got response for addr 0x11d18 , 72984
239447000: system.memobj: size 0x8
239447000: system.memobj: id 94061725739856
239447000: system.memobj: data_hex : F04183E007743149 
239447000: system.memobj: data : 1111000001000001100000111110000000000111011101000011000101001001 
239447000: system.memobj: fix data : 1111000001000001100000111110000000000111011101000011000101001001 
239447000: system.memobj: -------------------------------------
239496000: system.memobj: mem->cpu Got response for addr 0x11d18 , 72984
239496000: system.memobj: size 0x8
239496000: system.memobj: id 94061725739280
239496000: system.memobj: data_hex : F04183E007743149 
239496000: system.memobj: data : 1111000001000001100000111110000000000111011101000011000101001001 
239496000: system.memobj: fix data : 1111000001000001100000111110000000000111011101000011000101001001 
239496000: system.memobj: -------------------------------------
239545000: system.memobj: mem->cpu Got response for addr 0x11d18 , 72984
239545000: system.memobj: size 0x8
239545000: system.memobj: id 94061725739856
239545000: system.memobj: data_hex : F04183E007743149 
239545000: system.memobj: data : 1111000001000001100000111110000000000111011101000011000101001001 
239545000: system.memobj: fix data : 1111000001000001100000111110000000000111011101000011000101001001 
239545000: system.memobj: -------------------------------------
239594000: system.memobj: mem->cpu Got response for addr 0x11d18 , 72984
239594000: system.memobj: size 0x8
239594000: system.memobj: id 94061725739280
239594000: system.memobj: data_hex : F04183E007743149 
239594000: system.memobj: data : 1111000001000001100000111110000000000111011101000011000101001001 
239594000: system.memobj: fix data : 1111000001000001100000111110000000000111011101000011000101001001 
239594000: system.memobj: -------------------------------------
239643000: system.memobj: mem->cpu Got response for addr 0x11d20 , 72992
239643000: system.memobj: size 0x8
239643000: system.memobj: id 94061725739856
239643000: system.memobj: data_hex : 83E8086666669066 
239643000: system.memobj: data : 1000001111101000000010000110011001100110011001101001000001100110 
239643000: system.memobj: fix data : 1000001111101000000010000110011001100110011001101001000001100110 
239643000: system.memobj: -------------------------------------
239692000: system.memobj: mem->cpu Got response for addr 0x11d20 , 72992
239692000: system.memobj: size 0x8
239692000: system.memobj: id 94061725739280
239692000: system.memobj: data_hex : 83E8086666669066 
239692000: system.memobj: data : 1000001111101000000010000110011001100110011001101001000001100110 
239692000: system.memobj: fix data : 1000001111101000000010000110011001100110011001101001000001100110 
239692000: system.memobj: -------------------------------------
239741000: system.memobj: mem->cpu Got response for addr 0x11d20 , 72992
239741000: system.memobj: size 0x8
239741000: system.memobj: id 94061725739856
239741000: system.memobj: data_hex : 83E8086666669066 
239741000: system.memobj: data : 1000001111101000000010000110011001100110011001101001000001100110 
239741000: system.memobj: fix data : 1000001111101000000010000110011001100110011001101001000001100110 
239741000: system.memobj: -------------------------------------
239790000: system.memobj: mem->cpu Got response for addr 0x11d28 , 73000
239790000: system.memobj: size 0x8
239790000: system.memobj: id 94061725739280
239790000: system.memobj: data_hex : 6690666690666690 
239790000: system.memobj: data : 0110011010010000011001100110011010010000011001100110011010010000 
239790000: system.memobj: fix data : 0110011010010000011001100110011010010000011001100110011010010000 
239790000: system.memobj: -------------------------------------
239839000: system.memobj: mem->cpu Got response for addr 0x11d28 , 73000
239839000: system.memobj: size 0x8
239839000: system.memobj: id 94061725739856
239839000: system.memobj: data_hex : 6690666690666690 
239839000: system.memobj: data : 0110011010010000011001100110011010010000011001100110011010010000 
239839000: system.memobj: fix data : 0110011010010000011001100110011010010000011001100110011010010000 
239839000: system.memobj: -------------------------------------
239888000: system.memobj: mem->cpu Got response for addr 0x11d28 , 73000
239888000: system.memobj: size 0x8
239888000: system.memobj: id 94061725739280
239888000: system.memobj: data_hex : 6690666690666690 
239888000: system.memobj: data : 0110011010010000011001100110011010010000011001100110011010010000 
239888000: system.memobj: fix data : 0110011010010000011001100110011010010000011001100110011010010000 
239888000: system.memobj: -------------------------------------
239937000: system.memobj: mem->cpu Got response for addr 0x11d30 , 73008
239937000: system.memobj: size 0x8
239937000: system.memobj: id 94061725739856
239937000: system.memobj: data_hex : 803E000F84670300 
239937000: system.memobj: data : 1000000000111110000000000000111110000100011001110000001100000000 
239937000: system.memobj: fix data : 1000000000111110000000000000111110000100011001110000001100000000 
239937000: system.memobj: -------------------------------------
239986000: system.memobj: mem->cpu Got response for addr 0x5ed96 , 388502
239986000: system.memobj: size 0x1
239986000: system.memobj: id 94061725739280
239986000: system.memobj: data_hex : 4C 
239986000: system.memobj: data : 01001100 
239986000: system.memobj: fix data : 01001100 
239986000: system.memobj: -------------------------------------
240035000: system.memobj: mem->cpu Got response for addr 0x11d30 , 73008
240035000: system.memobj: size 0x8
240035000: system.memobj: id 94061725739280
240035000: system.memobj: data_hex : 803E000F84670300 
240035000: system.memobj: data : 1000000000111110000000000000111110000100011001110000001100000000 
240035000: system.memobj: fix data : 1000000000111110000000000000111110000100011001110000001100000000 
240035000: system.memobj: -------------------------------------
240084000: system.memobj: mem->cpu Got response for addr 0x11d38 , 73016
240084000: system.memobj: size 0x8
240084000: system.memobj: id 94061725739856
240084000: system.memobj: data_hex : 0048FFC649FFC075 
240084000: system.memobj: data : 0000000001001000111111111100011001001001111111111100000001110101 
240084000: system.memobj: fix data : 0000000001001000111111111100011001001001111111111100000001110101 
240084000: system.memobj: -------------------------------------
240147000: system.memobj: mem->cpu Got response for addr 0x11d38 , 73016
240147000: system.memobj: size 0x8
240147000: system.memobj: id 94061725739280
240147000: system.memobj: data_hex : 0048FFC649FFC075 
240147000: system.memobj: data : 0000000001001000111111111100011001001001111111111100000001110101 
240147000: system.memobj: fix data : 0000000001001000111111111100011001001001111111111100000001110101 
240147000: system.memobj: -------------------------------------
240196000: system.memobj: mem->cpu Got response for addr 0x11d38 , 73016
240196000: system.memobj: size 0x8
240196000: system.memobj: id 94061725739856
240196000: system.memobj: data_hex : 0048FFC649FFC075 
240196000: system.memobj: data : 0000000001001000111111111100011001001001111111111100000001110101 
240196000: system.memobj: fix data : 0000000001001000111111111100011001001001111111111100000001110101 
240196000: system.memobj: -------------------------------------
240245000: system.memobj: mem->cpu Got response for addr 0x11d38 , 73016
240245000: system.memobj: size 0x8
240245000: system.memobj: id 94061725739280
240245000: system.memobj: data_hex : 0048FFC649FFC075 
240245000: system.memobj: data : 0000000001001000111111111100011001001001111111111100000001110101 
240245000: system.memobj: fix data : 0000000001001000111111111100011001001001111111111100000001110101 
240245000: system.memobj: -------------------------------------
240294000: system.memobj: mem->cpu Got response for addr 0x11d40 , 73024
240294000: system.memobj: size 0x8
240294000: system.memobj: id 94061725739856
240294000: system.memobj: data_hex : EF66666690666666 
240294000: system.memobj: data : 1110111101100110011001100110011010010000011001100110011001100110 
240294000: system.memobj: fix data : 1110111101100110011001100110011010010000011001100110011001100110 
240294000: system.memobj: -------------------------------------
240343000: system.memobj: mem->cpu Got response for addr 0x11d30 , 73008
240343000: system.memobj: size 0x8
240343000: system.memobj: id 94061725739280
240343000: system.memobj: data_hex : 803E000F84670300 
240343000: system.memobj: data : 1000000000111110000000000000111110000100011001110000001100000000 
240343000: system.memobj: fix data : 1000000000111110000000000000111110000100011001110000001100000000 
240343000: system.memobj: -------------------------------------
240392000: system.memobj: mem->cpu Got response for addr 0x5ed97 , 388503
240392000: system.memobj: size 0x1
240392000: system.memobj: id 94061725739856
240392000: system.memobj: data_hex : 44 
240392000: system.memobj: data : 01000100 
240392000: system.memobj: fix data : 01000100 
240392000: system.memobj: -------------------------------------
240441000: system.memobj: mem->cpu Got response for addr 0x11d30 , 73008
240441000: system.memobj: size 0x8
240441000: system.memobj: id 94061725739856
240441000: system.memobj: data_hex : 803E000F84670300 
240441000: system.memobj: data : 1000000000111110000000000000111110000100011001110000001100000000 
240441000: system.memobj: fix data : 1000000000111110000000000000111110000100011001110000001100000000 
240441000: system.memobj: -------------------------------------
240490000: system.memobj: mem->cpu Got response for addr 0x11d38 , 73016
240490000: system.memobj: size 0x8
240490000: system.memobj: id 94061725739280
240490000: system.memobj: data_hex : 0048FFC649FFC075 
240490000: system.memobj: data : 0000000001001000111111111100011001001001111111111100000001110101 
240490000: system.memobj: fix data : 0000000001001000111111111100011001001001111111111100000001110101 
240490000: system.memobj: -------------------------------------
240539000: system.memobj: mem->cpu Got response for addr 0x11d38 , 73016
240539000: system.memobj: size 0x8
240539000: system.memobj: id 94061725739856
240539000: system.memobj: data_hex : 0048FFC649FFC075 
240539000: system.memobj: data : 0000000001001000111111111100011001001001111111111100000001110101 
240539000: system.memobj: fix data : 0000000001001000111111111100011001001001111111111100000001110101 
240539000: system.memobj: -------------------------------------
240588000: system.memobj: mem->cpu Got response for addr 0x11d38 , 73016
240588000: system.memobj: size 0x8
240588000: system.memobj: id 94061725739280
240588000: system.memobj: data_hex : 0048FFC649FFC075 
240588000: system.memobj: data : 0000000001001000111111111100011001001001111111111100000001110101 
240588000: system.memobj: fix data : 0000000001001000111111111100011001001001111111111100000001110101 
240588000: system.memobj: -------------------------------------
240637000: system.memobj: mem->cpu Got response for addr 0x11d38 , 73016
240637000: system.memobj: size 0x8
240637000: system.memobj: id 94061725739856
240637000: system.memobj: data_hex : 0048FFC649FFC075 
240637000: system.memobj: data : 0000000001001000111111111100011001001001111111111100000001110101 
240637000: system.memobj: fix data : 0000000001001000111111111100011001001001111111111100000001110101 
240637000: system.memobj: -------------------------------------
240686000: system.memobj: mem->cpu Got response for addr 0x11d40 , 73024
240686000: system.memobj: size 0x8
240686000: system.memobj: id 94061725739280
240686000: system.memobj: data_hex : EF66666690666666 
240686000: system.memobj: data : 1110111101100110011001100110011010010000011001100110011001100110 
240686000: system.memobj: fix data : 1110111101100110011001100110011010010000011001100110011001100110 
240686000: system.memobj: -------------------------------------
240735000: system.memobj: mem->cpu Got response for addr 0x11d40 , 73024
240735000: system.memobj: size 0x8
240735000: system.memobj: id 94061725739856
240735000: system.memobj: data_hex : EF66666690666666 
240735000: system.memobj: data : 1110111101100110011001100110011010010000011001100110011001100110 
240735000: system.memobj: fix data : 1110111101100110011001100110011010010000011001100110011001100110 
240735000: system.memobj: -------------------------------------
240784000: system.memobj: mem->cpu Got response for addr 0x11d40 , 73024
240784000: system.memobj: size 0x8
240784000: system.memobj: id 94061725739280
240784000: system.memobj: data_hex : EF66666690666666 
240784000: system.memobj: data : 1110111101100110011001100110011010010000011001100110011001100110 
240784000: system.memobj: fix data : 1110111101100110011001100110011010010000011001100110011001100110 
240784000: system.memobj: -------------------------------------
240833000: system.memobj: mem->cpu Got response for addr 0x11d48 , 73032
240833000: system.memobj: size 0x8
240833000: system.memobj: id 94061725739856
240833000: system.memobj: data_hex : 9066666690666690 
240833000: system.memobj: data : 1001000001100110011001100110011010010000011001100110011010010000 
240833000: system.memobj: fix data : 1001000001100110011001100110011010010000011001100110011010010000 
240833000: system.memobj: -------------------------------------
240882000: system.memobj: mem->cpu Got response for addr 0x11d48 , 73032
240882000: system.memobj: size 0x8
240882000: system.memobj: id 94061725739280
240882000: system.memobj: data_hex : 9066666690666690 
240882000: system.memobj: data : 1001000001100110011001100110011010010000011001100110011010010000 
240882000: system.memobj: fix data : 1001000001100110011001100110011010010000011001100110011010010000 
240882000: system.memobj: -------------------------------------
240931000: system.memobj: mem->cpu Got response for addr 0x11d48 , 73032
240931000: system.memobj: size 0x8
240931000: system.memobj: id 94061725739856
240931000: system.memobj: data_hex : 9066666690666690 
240931000: system.memobj: data : 1001000001100110011001100110011010010000011001100110011010010000 
240931000: system.memobj: fix data : 1001000001100110011001100110011010010000011001100110011010010000 
240931000: system.memobj: -------------------------------------
240994000: system.memobj: mem->cpu Got response for addr 0x11d50 , 73040
240994000: system.memobj: size 0x8
240994000: system.memobj: id 94061725739280
240994000: system.memobj: data_hex : 488B0648B9FFFEFE 
240994000: system.memobj: data : 0100100010001011000001100100100010111001111111111111111011111110 
240994000: system.memobj: fix data : 0100100010001011000001100100100010111001111111111111111011111110 
240994000: system.memobj: -------------------------------------
241043000: system.memobj: mem->cpu Got response for addr 0x5ed98 , 388504
241043000: system.memobj: size 0x8
241043000: system.memobj: id 94061725739856
241043000: system.memobj: data_hex : 5F50524F46494C45 
241043000: system.memobj: data : 0101111101010000010100100100111101000110010010010100110001000101 
241043000: system.memobj: fix data : 0101111101010000010100100100111101000110010010010100110001000101 
241043000: system.memobj: -------------------------------------
241092000: system.memobj: mem->cpu Got response for addr 0x11d50 , 73040
241092000: system.memobj: size 0x8
241092000: system.memobj: id 94061725739856
241092000: system.memobj: data_hex : 488B0648B9FFFEFE 
241092000: system.memobj: data : 0100100010001011000001100100100010111001111111111111111011111110 
241092000: system.memobj: fix data : 0100100010001011000001100100100010111001111111111111111011111110 
241092000: system.memobj: -------------------------------------
241141000: system.memobj: mem->cpu Got response for addr 0x11d58 , 73048
241141000: system.memobj: size 0x8
241141000: system.memobj: id 94061725739280
241141000: system.memobj: data_hex : FEFEFEFEFE4989C8 
241141000: system.memobj: data : 1111111011111110111111101111111011111110010010011000100111001000 
241141000: system.memobj: fix data : 1111111011111110111111101111111011111110010010011000100111001000 
241141000: system.memobj: -------------------------------------
241190000: system.memobj: mem->cpu Got response for addr 0x11d58 , 73048
241190000: system.memobj: size 0x8
241190000: system.memobj: id 94061725739856
241190000: system.memobj: data_hex : FEFEFEFEFE4989C8 
241190000: system.memobj: data : 1111111011111110111111101111111011111110010010011000100111001000 
241190000: system.memobj: fix data : 1111111011111110111111101111111011111110010010011000100111001000 
241190000: system.memobj: -------------------------------------
241239000: system.memobj: mem->cpu Got response for addr 0x11d60 , 73056
241239000: system.memobj: size 0x8
241239000: system.memobj: id 94061725739280
241239000: system.memobj: data_hex : 4901C00F83070300 
241239000: system.memobj: data : 0100100100000001110000000000111110000011000001110000001100000000 
241239000: system.memobj: fix data : 0100100100000001110000000000111110000011000001110000001100000000 
241239000: system.memobj: -------------------------------------
241288000: system.memobj: mem->cpu Got response for addr 0x11d60 , 73056
241288000: system.memobj: size 0x8
241288000: system.memobj: id 94061725739856
241288000: system.memobj: data_hex : 4901C00F83070300 
241288000: system.memobj: data : 0100100100000001110000000000111110000011000001110000001100000000 
241288000: system.memobj: fix data : 0100100100000001110000000000111110000011000001110000001100000000 
241288000: system.memobj: -------------------------------------
241337000: system.memobj: mem->cpu Got response for addr 0x11d68 , 73064
241337000: system.memobj: size 0x8
241337000: system.memobj: id 94061725739280
241337000: system.memobj: data_hex : 004931C04909C849 
241337000: system.memobj: data : 0000000001001001001100011100000001001001000010011100100001001001 
241337000: system.memobj: fix data : 0000000001001001001100011100000001001001000010011100100001001001 
241337000: system.memobj: -------------------------------------
241386000: system.memobj: mem->cpu Got response for addr 0x11d68 , 73064
241386000: system.memobj: size 0x8
241386000: system.memobj: id 94061725739856
241386000: system.memobj: data_hex : 004931C04909C849 
241386000: system.memobj: data : 0000000001001001001100011100000001001001000010011100100001001001 
241386000: system.memobj: fix data : 0000000001001001001100011100000001001001000010011100100001001001 
241386000: system.memobj: -------------------------------------
241710000: system.memobj: mem->cpu Got response for addr 0x11d68 , 73064
241710000: system.memobj: size 0x8
241710000: system.memobj: id 94061725739280
241710000: system.memobj: data_hex : 004931C04909C849 
241710000: system.memobj: data : 0000000001001001001100011100000001001001000010011100100001001001 
241710000: system.memobj: fix data : 0000000001001001001100011100000001001001000010011100100001001001 
241710000: system.memobj: -------------------------------------
241759000: system.memobj: mem->cpu Got response for addr 0x11d68 , 73064
241759000: system.memobj: size 0x8
241759000: system.memobj: id 94061725739856
241759000: system.memobj: data_hex : 004931C04909C849 
241759000: system.memobj: data : 0000000001001001001100011100000001001001000010011100100001001001 
241759000: system.memobj: fix data : 0000000001001001001100011100000001001001000010011100100001001001 
241759000: system.memobj: -------------------------------------
241808000: system.memobj: mem->cpu Got response for addr 0x11d70 , 73072
241808000: system.memobj: size 0x8
241808000: system.memobj: id 94061725739280
241808000: system.memobj: data_hex : FFC00F85F8020000 
241808000: system.memobj: data : 1111111111000000000011111000010111111000000000100000000000000000 
241808000: system.memobj: fix data : 1111111111000000000011111000010111111000000000100000000000000000 
241808000: system.memobj: -------------------------------------
241857000: system.memobj: mem->cpu Got response for addr 0x11d70 , 73072
241857000: system.memobj: size 0x8
241857000: system.memobj: id 94061725739856
241857000: system.memobj: data_hex : FFC00F85F8020000 
241857000: system.memobj: data : 1111111111000000000011111000010111111000000000100000000000000000 
241857000: system.memobj: fix data : 1111111111000000000011111000010111111000000000100000000000000000 
241857000: system.memobj: -------------------------------------
241906000: system.memobj: mem->cpu Got response for addr 0x11d78 , 73080
241906000: system.memobj: size 0x8
241906000: system.memobj: id 94061725739280
241906000: system.memobj: data_hex : 488B4608488D7608 
241906000: system.memobj: data : 0100100010001011010001100000100001001000100011010111011000001000 
241906000: system.memobj: fix data : 0100100010001011010001100000100001001000100011010111011000001000 
241906000: system.memobj: -------------------------------------
241969000: system.memobj: mem->cpu Got response for addr 0x5eda0 , 388512
241969000: system.memobj: size 0x8
241969000: system.memobj: id 94061725739856
241969000: system.memobj: data_hex : 5F4F555450555400 
241969000: system.memobj: data : 0101111101001111010101010101010001010000010101010101010000000000 
241969000: system.memobj: fix data : 0101111101001111010101010101010001010000010101010101010000000000 
241969000: system.memobj: -------------------------------------
242018000: system.memobj: mem->cpu Got response for addr 0x11d78 , 73080
242018000: system.memobj: size 0x8
242018000: system.memobj: id 94061725739856
242018000: system.memobj: data_hex : 488B4608488D7608 
242018000: system.memobj: data : 0100100010001011010001100000100001001000100011010111011000001000 
242018000: system.memobj: fix data : 0100100010001011010001100000100001001000100011010111011000001000 
242018000: system.memobj: -------------------------------------
242067000: system.memobj: mem->cpu Got response for addr 0x11d80 , 73088
242067000: system.memobj: size 0x8
242067000: system.memobj: id 94061725739280
242067000: system.memobj: data_hex : 4989C84901C00F83 
242067000: system.memobj: data : 0100100110001001110010000100100100000001110000000000111110000011 
242067000: system.memobj: fix data : 0100100110001001110010000100100100000001110000000000111110000011 
242067000: system.memobj: -------------------------------------
242116000: system.memobj: mem->cpu Got response for addr 0x11d80 , 73088
242116000: system.memobj: size 0x8
242116000: system.memobj: id 94061725739856
242116000: system.memobj: data_hex : 4989C84901C00F83 
242116000: system.memobj: data : 0100100110001001110010000100100100000001110000000000111110000011 
242116000: system.memobj: fix data : 0100100110001001110010000100100100000001110000000000111110000011 
242116000: system.memobj: -------------------------------------
242165000: system.memobj: mem->cpu Got response for addr 0x11d80 , 73088
242165000: system.memobj: size 0x8
242165000: system.memobj: id 94061725739280
242165000: system.memobj: data_hex : 4989C84901C00F83 
242165000: system.memobj: data : 0100100110001001110010000100100100000001110000000000111110000011 
242165000: system.memobj: fix data : 0100100110001001110010000100100100000001110000000000111110000011 
242165000: system.memobj: -------------------------------------
242214000: system.memobj: mem->cpu Got response for addr 0x11d88 , 73096
242214000: system.memobj: size 0x8
242214000: system.memobj: id 94061725739856
242214000: system.memobj: data_hex : E40200004931C049 
242214000: system.memobj: data : 1110010000000010000000000000000001001001001100011100000001001001 
242214000: system.memobj: fix data : 1110010000000010000000000000000001001001001100011100000001001001 
242214000: system.memobj: -------------------------------------
242277000: system.memobj: mem->cpu Got response for addr 0x12070 , 73840
242277000: system.memobj: size 0x8
242277000: system.memobj: id 94061725739280
242277000: system.memobj: data_hex : 84C0742C48FFC684 
242277000: system.memobj: data : 1000010011000000011101000010110001001000111111111100011010000100 
242277000: system.memobj: fix data : 1000010011000000011101000010110001001000111111111100011010000100 
242277000: system.memobj: -------------------------------------
242326000: system.memobj: mem->cpu Got response for addr 0x12070 , 73840
242326000: system.memobj: size 0x8
242326000: system.memobj: id 94061725739856
242326000: system.memobj: data_hex : 84C0742C48FFC684 
242326000: system.memobj: data : 1000010011000000011101000010110001001000111111111100011010000100 
242326000: system.memobj: fix data : 1000010011000000011101000010110001001000111111111100011010000100 
242326000: system.memobj: -------------------------------------
242375000: system.memobj: mem->cpu Got response for addr 0x12070 , 73840
242375000: system.memobj: size 0x8
242375000: system.memobj: id 94061725739280
242375000: system.memobj: data_hex : 84C0742C48FFC684 
242375000: system.memobj: data : 1000010011000000011101000010110001001000111111111100011010000100 
242375000: system.memobj: fix data : 1000010011000000011101000010110001001000111111111100011010000100 
242375000: system.memobj: -------------------------------------
242424000: system.memobj: mem->cpu Got response for addr 0x12070 , 73840
242424000: system.memobj: size 0x8
242424000: system.memobj: id 94061725739856
242424000: system.memobj: data_hex : 84C0742C48FFC684 
242424000: system.memobj: data : 1000010011000000011101000010110001001000111111111100011010000100 
242424000: system.memobj: fix data : 1000010011000000011101000010110001001000111111111100011010000100 
242424000: system.memobj: -------------------------------------
242473000: system.memobj: mem->cpu Got response for addr 0x12078 , 73848
242473000: system.memobj: size 0x8
242473000: system.memobj: id 94061725739280
242473000: system.memobj: data_hex : E4742548FFC6A900 
242473000: system.memobj: data : 1110010001110100001001010100100011111111110001101010100100000000 
242473000: system.memobj: fix data : 1110010001110100001001010100100011111111110001101010100100000000 
242473000: system.memobj: -------------------------------------
242522000: system.memobj: mem->cpu Got response for addr 0x12078 , 73848
242522000: system.memobj: size 0x8
242522000: system.memobj: id 94061725739856
242522000: system.memobj: data_hex : E4742548FFC6A900 
242522000: system.memobj: data : 1110010001110100001001010100100011111111110001101010100100000000 
242522000: system.memobj: fix data : 1110010001110100001001010100100011111111110001101010100100000000 
242522000: system.memobj: -------------------------------------
242571000: system.memobj: mem->cpu Got response for addr 0x12078 , 73848
242571000: system.memobj: size 0x8
242571000: system.memobj: id 94061725739280
242571000: system.memobj: data_hex : E4742548FFC6A900 
242571000: system.memobj: data : 1110010001110100001001010100100011111111110001101010100100000000 
242571000: system.memobj: fix data : 1110010001110100001001010100100011111111110001101010100100000000 
242571000: system.memobj: -------------------------------------
242620000: system.memobj: mem->cpu Got response for addr 0x12078 , 73848
242620000: system.memobj: size 0x8
242620000: system.memobj: id 94061725739856
242620000: system.memobj: data_hex : E4742548FFC6A900 
242620000: system.memobj: data : 1110010001110100001001010100100011111111110001101010100100000000 
242620000: system.memobj: fix data : 1110010001110100001001010100100011111111110001101010100100000000 
242620000: system.memobj: -------------------------------------
242669000: system.memobj: mem->cpu Got response for addr 0x12080 , 73856
242669000: system.memobj: size 0x8
242669000: system.memobj: id 94061725739280
242669000: system.memobj: data_hex : 00FF00741B48FFC6 
242669000: system.memobj: data : 0000000011111111000000000111010000011011010010001111111111000110 
242669000: system.memobj: fix data : 0000000011111111000000000111010000011011010010001111111111000110 
242669000: system.memobj: -------------------------------------
242718000: system.memobj: mem->cpu Got response for addr 0x12080 , 73856
242718000: system.memobj: size 0x8
242718000: system.memobj: id 94061725739856
242718000: system.memobj: data_hex : 00FF00741B48FFC6 
242718000: system.memobj: data : 0000000011111111000000000111010000011011010010001111111111000110 
242718000: system.memobj: fix data : 0000000011111111000000000111010000011011010010001111111111000110 
242718000: system.memobj: -------------------------------------
242767000: system.memobj: mem->cpu Got response for addr 0x12080 , 73856
242767000: system.memobj: size 0x8
242767000: system.memobj: id 94061725739280
242767000: system.memobj: data_hex : 00FF00741B48FFC6 
242767000: system.memobj: data : 0000000011111111000000000111010000011011010010001111111111000110 
242767000: system.memobj: fix data : 0000000011111111000000000111010000011011010010001111111111000110 
242767000: system.memobj: -------------------------------------
242816000: system.memobj: mem->cpu Got response for addr 0x12088 , 73864
242816000: system.memobj: size 0x8
242816000: system.memobj: id 94061725739856
242816000: system.memobj: data_hex : A9000000FF741148 
242816000: system.memobj: data : 1010100100000000000000000000000011111111011101000001000101001000 
242816000: system.memobj: fix data : 1010100100000000000000000000000011111111011101000001000101001000 
242816000: system.memobj: -------------------------------------
242865000: system.memobj: mem->cpu Got response for addr 0x12088 , 73864
242865000: system.memobj: size 0x8
242865000: system.memobj: id 94061725739280
242865000: system.memobj: data_hex : A9000000FF741148 
242865000: system.memobj: data : 1010100100000000000000000000000011111111011101000001000101001000 
242865000: system.memobj: fix data : 1010100100000000000000000000000011111111011101000001000101001000 
242865000: system.memobj: -------------------------------------
242914000: system.memobj: mem->cpu Got response for addr 0x12088 , 73864
242914000: system.memobj: size 0x8
242914000: system.memobj: id 94061725739856
242914000: system.memobj: data_hex : A9000000FF741148 
242914000: system.memobj: data : 1010100100000000000000000000000011111111011101000001000101001000 
242914000: system.memobj: fix data : 1010100100000000000000000000000011111111011101000001000101001000 
242914000: system.memobj: -------------------------------------
242963000: system.memobj: mem->cpu Got response for addr 0x12090 , 73872
242963000: system.memobj: size 0x8
242963000: system.memobj: id 94061725739280
242963000: system.memobj: data_hex : FFC648C1E820EBD8 
242963000: system.memobj: data : 1111111111000110010010001100000111101000001000001110101111011000 
242963000: system.memobj: fix data : 1111111111000110010010001100000111101000001000001110101111011000 
242963000: system.memobj: -------------------------------------
243012000: system.memobj: mem->cpu Got response for addr 0x12090 , 73872
243012000: system.memobj: size 0x8
243012000: system.memobj: id 94061725739856
243012000: system.memobj: data_hex : FFC648C1E820EBD8 
243012000: system.memobj: data : 1111111111000110010010001100000111101000001000001110101111011000 
243012000: system.memobj: fix data : 1111111111000110010010001100000111101000001000001110101111011000 
243012000: system.memobj: -------------------------------------
243075000: system.memobj: mem->cpu Got response for addr 0x12090 , 73872
243075000: system.memobj: size 0x8
243075000: system.memobj: id 94061725739280
243075000: system.memobj: data_hex : FFC648C1E820EBD8 
243075000: system.memobj: data : 1111111111000110010010001100000111101000001000001110101111011000 
243075000: system.memobj: fix data : 1111111111000110010010001100000111101000001000001110101111011000 
243075000: system.memobj: -------------------------------------
243124000: system.memobj: mem->cpu Got response for addr 0x12070 , 73840
243124000: system.memobj: size 0x8
243124000: system.memobj: id 94061725739856
243124000: system.memobj: data_hex : 84C0742C48FFC684 
243124000: system.memobj: data : 1000010011000000011101000010110001001000111111111100011010000100 
243124000: system.memobj: fix data : 1000010011000000011101000010110001001000111111111100011010000100 
243124000: system.memobj: -------------------------------------
243173000: system.memobj: mem->cpu Got response for addr 0x12070 , 73840
243173000: system.memobj: size 0x8
243173000: system.memobj: id 94061725739280
243173000: system.memobj: data_hex : 84C0742C48FFC684 
243173000: system.memobj: data : 1000010011000000011101000010110001001000111111111100011010000100 
243173000: system.memobj: fix data : 1000010011000000011101000010110001001000111111111100011010000100 
243173000: system.memobj: -------------------------------------
243222000: system.memobj: mem->cpu Got response for addr 0x12070 , 73840
243222000: system.memobj: size 0x8
243222000: system.memobj: id 94061725739856
243222000: system.memobj: data_hex : 84C0742C48FFC684 
243222000: system.memobj: data : 1000010011000000011101000010110001001000111111111100011010000100 
243222000: system.memobj: fix data : 1000010011000000011101000010110001001000111111111100011010000100 
243222000: system.memobj: -------------------------------------
243271000: system.memobj: mem->cpu Got response for addr 0x12070 , 73840
243271000: system.memobj: size 0x8
243271000: system.memobj: id 94061725739280
243271000: system.memobj: data_hex : 84C0742C48FFC684 
243271000: system.memobj: data : 1000010011000000011101000010110001001000111111111100011010000100 
243271000: system.memobj: fix data : 1000010011000000011101000010110001001000111111111100011010000100 
243271000: system.memobj: -------------------------------------
243320000: system.memobj: mem->cpu Got response for addr 0x12078 , 73848
243320000: system.memobj: size 0x8
243320000: system.memobj: id 94061725739856
243320000: system.memobj: data_hex : E4742548FFC6A900 
243320000: system.memobj: data : 1110010001110100001001010100100011111111110001101010100100000000 
243320000: system.memobj: fix data : 1110010001110100001001010100100011111111110001101010100100000000 
243320000: system.memobj: -------------------------------------
243369000: system.memobj: mem->cpu Got response for addr 0x12078 , 73848
243369000: system.memobj: size 0x8
243369000: system.memobj: id 94061725739280
243369000: system.memobj: data_hex : E4742548FFC6A900 
243369000: system.memobj: data : 1110010001110100001001010100100011111111110001101010100100000000 
243369000: system.memobj: fix data : 1110010001110100001001010100100011111111110001101010100100000000 
243369000: system.memobj: -------------------------------------
243418000: system.memobj: mem->cpu Got response for addr 0x12078 , 73848
243418000: system.memobj: size 0x8
243418000: system.memobj: id 94061725739856
243418000: system.memobj: data_hex : E4742548FFC6A900 
243418000: system.memobj: data : 1110010001110100001001010100100011111111110001101010100100000000 
243418000: system.memobj: fix data : 1110010001110100001001010100100011111111110001101010100100000000 
243418000: system.memobj: -------------------------------------
243467000: system.memobj: mem->cpu Got response for addr 0x12078 , 73848
243467000: system.memobj: size 0x8
243467000: system.memobj: id 94061725739280
243467000: system.memobj: data_hex : E4742548FFC6A900 
243467000: system.memobj: data : 1110010001110100001001010100100011111111110001101010100100000000 
243467000: system.memobj: fix data : 1110010001110100001001010100100011111111110001101010100100000000 
243467000: system.memobj: -------------------------------------
243516000: system.memobj: mem->cpu Got response for addr 0x12080 , 73856
243516000: system.memobj: size 0x8
243516000: system.memobj: id 94061725739856
243516000: system.memobj: data_hex : 00FF00741B48FFC6 
243516000: system.memobj: data : 0000000011111111000000000111010000011011010010001111111111000110 
243516000: system.memobj: fix data : 0000000011111111000000000111010000011011010010001111111111000110 
243516000: system.memobj: -------------------------------------
243565000: system.memobj: mem->cpu Got response for addr 0x12080 , 73856
243565000: system.memobj: size 0x8
243565000: system.memobj: id 94061725739280
243565000: system.memobj: data_hex : 00FF00741B48FFC6 
243565000: system.memobj: data : 0000000011111111000000000111010000011011010010001111111111000110 
243565000: system.memobj: fix data : 0000000011111111000000000111010000011011010010001111111111000110 
243565000: system.memobj: -------------------------------------
243614000: system.memobj: mem->cpu Got response for addr 0x12080 , 73856
243614000: system.memobj: size 0x8
243614000: system.memobj: id 94061725739856
243614000: system.memobj: data_hex : 00FF00741B48FFC6 
243614000: system.memobj: data : 0000000011111111000000000111010000011011010010001111111111000110 
243614000: system.memobj: fix data : 0000000011111111000000000111010000011011010010001111111111000110 
243614000: system.memobj: -------------------------------------
243663000: system.memobj: mem->cpu Got response for addr 0x12088 , 73864
243663000: system.memobj: size 0x8
243663000: system.memobj: id 94061725739280
243663000: system.memobj: data_hex : A9000000FF741148 
243663000: system.memobj: data : 1010100100000000000000000000000011111111011101000001000101001000 
243663000: system.memobj: fix data : 1010100100000000000000000000000011111111011101000001000101001000 
243663000: system.memobj: -------------------------------------
243712000: system.memobj: mem->cpu Got response for addr 0x12088 , 73864
243712000: system.memobj: size 0x8
243712000: system.memobj: id 94061725739856
243712000: system.memobj: data_hex : A9000000FF741148 
243712000: system.memobj: data : 1010100100000000000000000000000011111111011101000001000101001000 
243712000: system.memobj: fix data : 1010100100000000000000000000000011111111011101000001000101001000 
243712000: system.memobj: -------------------------------------
243761000: system.memobj: mem->cpu Got response for addr 0x120a0 , 73888
243761000: system.memobj: size 0x8
243761000: system.memobj: id 94061725739280
243761000: system.memobj: data_hex : 488D0437C3909090 
243761000: system.memobj: data : 0100100010001101000001000011011111000011100100001001000010010000 
243761000: system.memobj: fix data : 0100100010001101000001000011011111000011100100001001000010010000 
243761000: system.memobj: -------------------------------------
243810000: system.memobj: mem->cpu Got response for addr 0x120a0 , 73888
243810000: system.memobj: size 0x8
243810000: system.memobj: id 94061725739856
243810000: system.memobj: data_hex : 488D0437C3909090 
243810000: system.memobj: data : 0100100010001101000001000011011111000011100100001001000010010000 
243810000: system.memobj: fix data : 0100100010001101000001000011011111000011100100001001000010010000 
243810000: system.memobj: -------------------------------------
243873000: system.memobj: mem->cpu Got response for addr 0x94b08 , 609032
243873000: system.memobj: size 0x8
243873000: system.memobj: id 94061725739280
243873000: system.memobj: data_hex : 41A3410000000000 
243873000: system.memobj: data : 0100000110100011010000010000000000000000000000000000000000000000 
243873000: system.memobj: hamming code addr: 609032 
243873000: system.memobj: hamming code out: 3 
243873000: system.memobj: find Error Bit index : 6 
243873000: system.memobj: hamming code addr: 609040 
243873000: system.memobj: hamming code out: 2 
243873000: system.memobj: hamming code addr: 609048 
243873000: system.memobj: hamming code out: 9 
243873000: system.memobj: hamming code addr: 609056 
243873000: system.memobj: hamming code out: 0 
243873000: system.memobj: hamming code addr: 609064 
243873000: system.memobj: hamming code out: 0 
243873000: system.memobj: hamming code addr: 609072 
243873000: system.memobj: hamming code out: 0 
243873000: system.memobj: hamming code addr: 609080 
243873000: system.memobj: hamming code out: 0 
243873000: system.memobj: hamming code addr: 609088 
243873000: system.memobj: hamming code out: 0 
243873000: system.memobj: fix data : 0100010110100011010000010000000000000000000000000000000000000000 
243873000: system.memobj: -------------------------------------
243936000: system.memobj: mem->cpu Got response for addr 0x1a340 , 107328
243936000: system.memobj: size 0x8
243936000: system.memobj: id 94061725739280
243936000: system.memobj: data_hex : E8CB79FFFF488B15 
243936000: system.memobj: data : 1110100011001011011110011111111111111111010010001000101100010101 
243936000: system.memobj: fix data : 1110100011001011011110011111111111111111010010001000101100010101 
243936000: system.memobj: -------------------------------------
243985000: system.memobj: mem->cpu Got response for addr 0x1a348 , 107336
243985000: system.memobj: size 0x8
243985000: system.memobj: id 94061725739856
243985000: system.memobj: data_hex : AC8A17004989C648 
243985000: system.memobj: data : 1010110010001010000101110000000001001001100010011100011001001000 
243985000: system.memobj: fix data : 1010110010001010000101110000000001001001100010011100011001001000 
243985000: system.memobj: -------------------------------------
244048000: system.memobj: mem->cpu Got response for addr 0x92df8 , 601592
244048000: system.memobj: size 0x8
244048000: system.memobj: id 94061725739280
244048000: system.memobj: data_hex : A8EDFFFFFF7F0000 
244048000: system.memobj: data : 1010100011101101111111111111111111111111011111110000000000000000 
244048000: system.memobj: hamming code addr: 601592 
244048000: system.memobj: hamming code out: 9 
244048000: system.memobj: find Error Bit index : 2 
244048000: system.memobj: hamming code addr: 601600 
244048000: system.memobj: hamming code out: 15 
244048000: system.memobj: hamming code addr: 601608 
244048000: system.memobj: hamming code out: 3 
244048000: system.memobj: hamming code addr: 601616 
244048000: system.memobj: hamming code out: 3 
244048000: system.memobj: hamming code addr: 601624 
244048000: system.memobj: hamming code out: 3 
244048000: system.memobj: hamming code addr: 601632 
244048000: system.memobj: hamming code out: 0 
244048000: system.memobj: hamming code addr: 601640 
244048000: system.memobj: hamming code out: 0 
244048000: system.memobj: hamming code addr: 601648 
244048000: system.memobj: hamming code out: 0 
244048000: system.memobj: fix data : 1110100011101101111111111111111111111111011111110000000000000000 
244048000: system.memobj: -------------------------------------
244097000: system.memobj: mem->cpu Got response for addr 0x1a348 , 107336
244097000: system.memobj: size 0x8
244097000: system.memobj: id 94061725739280
244097000: system.memobj: data_hex : AC8A17004989C648 
244097000: system.memobj: data : 1010110010001010000101110000000001001001100010011100011001001000 
244097000: system.memobj: fix data : 1010110010001010000101110000000001001001100010011100011001001000 
244097000: system.memobj: -------------------------------------
244146000: system.memobj: mem->cpu Got response for addr 0x1a348 , 107336
244146000: system.memobj: size 0x8
244146000: system.memobj: id 94061725739856
244146000: system.memobj: data_hex : AC8A17004989C648 
244146000: system.memobj: data : 1010110010001010000101110000000001001001100010011100011001001000 
244146000: system.memobj: fix data : 1010110010001010000101110000000001001001100010011100011001001000 
244146000: system.memobj: -------------------------------------
244195000: system.memobj: mem->cpu Got response for addr 0x1a350 , 107344
244195000: system.memobj: size 0x8
244195000: system.memobj: id 94061725739280
244195000: system.memobj: data_hex : 85D27409410FB604 
244195000: system.memobj: data : 1000010111010010011101000000100101000001000011111011011000000100 
244195000: system.memobj: fix data : 1000010111010010011101000000100101000001000011111011011000000100 
244195000: system.memobj: -------------------------------------
244244000: system.memobj: mem->cpu Got response for addr 0x1a350 , 107344
244244000: system.memobj: size 0x8
244244000: system.memobj: id 94061725739856
244244000: system.memobj: data_hex : 85D27409410FB604 
244244000: system.memobj: data : 1000010111010010011101000000100101000001000011111011011000000100 
244244000: system.memobj: fix data : 1000010111010010011101000000100101000001000011111011011000000100 
244244000: system.memobj: -------------------------------------
244293000: system.memobj: mem->cpu Got response for addr 0x1a350 , 107344
244293000: system.memobj: size 0x8
244293000: system.memobj: id 94061725739280
244293000: system.memobj: data_hex : 85D27409410FB604 
244293000: system.memobj: data : 1000010111010010011101000000100101000001000011111011011000000100 
244293000: system.memobj: fix data : 1000010111010010011101000000100101000001000011111011011000000100 
244293000: system.memobj: -------------------------------------
244342000: system.memobj: mem->cpu Got response for addr 0x1a358 , 107352
244342000: system.memobj: size 0x8
244342000: system.memobj: id 94061725739856
244342000: system.memobj: data_hex : 2484C0752331C048 
244342000: system.memobj: data : 0010010010000100110000000111010100100011001100011100000001001000 
244342000: system.memobj: fix data : 0010010010000100110000000111010100100011001100011100000001001000 
244342000: system.memobj: -------------------------------------
244391000: system.memobj: mem->cpu Got response for addr 0x5ed96 , 388502
244391000: system.memobj: size 0x1
244391000: system.memobj: id 94061725739280
244391000: system.memobj: data_hex : 4C 
244391000: system.memobj: data : 01001100 
244391000: system.memobj: fix data : 01001100 
244391000: system.memobj: -------------------------------------
244440000: system.memobj: mem->cpu Got response for addr 0x1a358 , 107352
244440000: system.memobj: size 0x8
244440000: system.memobj: id 94061725739280
244440000: system.memobj: data_hex : 2484C0752331C048 
244440000: system.memobj: data : 0010010010000100110000000111010100100011001100011100000001001000 
244440000: system.memobj: fix data : 0010010010000100110000000111010100100011001100011100000001001000 
244440000: system.memobj: -------------------------------------
244489000: system.memobj: mem->cpu Got response for addr 0x1a358 , 107352
244489000: system.memobj: size 0x8
244489000: system.memobj: id 94061725739856
244489000: system.memobj: data_hex : 2484C0752331C048 
244489000: system.memobj: data : 0010010010000100110000000111010100100011001100011100000001001000 
244489000: system.memobj: fix data : 0010010010000100110000000111010100100011001100011100000001001000 
244489000: system.memobj: -------------------------------------
244538000: system.memobj: mem->cpu Got response for addr 0x1a380 , 107392
244538000: system.memobj: size 0x8
244538000: system.memobj: id 94061725739280
244538000: system.memobj: data_hex : 41807C240100752E 
244538000: system.memobj: data : 0100000110000000011111000010010000000001000000000111010100101110 
244538000: system.memobj: fix data : 0100000110000000011111000010010000000001000000000111010100101110 
244538000: system.memobj: -------------------------------------
244587000: system.memobj: mem->cpu Got response for addr 0x5ed97 , 388503
244587000: system.memobj: size 0x1
244587000: system.memobj: id 94061725739856
244587000: system.memobj: data_hex : 44 
244587000: system.memobj: data : 01000100 
244587000: system.memobj: fix data : 01000100 
244587000: system.memobj: -------------------------------------
244636000: system.memobj: mem->cpu Got response for addr 0x1a380 , 107392
244636000: system.memobj: size 0x8
244636000: system.memobj: id 94061725739856
244636000: system.memobj: data_hex : 41807C240100752E 
244636000: system.memobj: data : 0100000110000000011111000010010000000001000000000111010100101110 
244636000: system.memobj: fix data : 0100000110000000011111000010010000000001000000000111010100101110 
244636000: system.memobj: -------------------------------------
244685000: system.memobj: mem->cpu Got response for addr 0x1a3b0 , 107440
244685000: system.memobj: size 0x8
244685000: system.memobj: id 94061725739280
244685000: system.memobj: data_hex : 85DB75EDEBA7488B 
244685000: system.memobj: data : 1000010111011011011101011110110111101011101001110100100010001011 
244685000: system.memobj: fix data : 1000010111011011011101011110110111101011101001110100100010001011 
244685000: system.memobj: -------------------------------------
244734000: system.memobj: mem->cpu Got response for addr 0x1a3b8 , 107448
244734000: system.memobj: size 0x8
244734000: system.memobj: id 94061725739856
244734000: system.memobj: data_hex : 02450FB72C244983 
244734000: system.memobj: data : 0000001001000101000011111011011100101100001001000100100110000011 
244734000: system.memobj: fix data : 0000001001000101000011111011011100101100001001000100100110000011 
244734000: system.memobj: -------------------------------------
244783000: system.memobj: mem->cpu Got response for addr 0x94de8 , 609768
244783000: system.memobj: size 0x8
244783000: system.memobj: id 94061725739280
244783000: system.memobj: data_hex : 0000000000000000 
244783000: system.memobj: data : 0000000000000000000000000000000000000000000000000000000000000000 
244783000: system.memobj: fix data : 0000000000000000000000000000000000000000000000000000000000000000 
244783000: system.memobj: -------------------------------------
244832000: system.memobj: mem->cpu Got response for addr 0x1a3b8 , 107448
244832000: system.memobj: size 0x8
244832000: system.memobj: id 94061725739280
244832000: system.memobj: data_hex : 02450FB72C244983 
244832000: system.memobj: data : 0000001001000101000011111011011100101100001001000100100110000011 
244832000: system.memobj: fix data : 0000001001000101000011111011011100101100001001000100100110000011 
244832000: system.memobj: -------------------------------------
244881000: system.memobj: mem->cpu Got response for addr 0x5ed96 , 388502
244881000: system.memobj: size 0x2
244881000: system.memobj: id 94061725739856
244881000: system.memobj: data_hex : 4C44 
244881000: system.memobj: data : 0100110001000100 
244881000: system.memobj: fix data : 0100110001000100 
244881000: system.memobj: -------------------------------------
244930000: system.memobj: mem->cpu Got response for addr 0x1a3b8 , 107448
244930000: system.memobj: size 0x8
244930000: system.memobj: id 94061725739856
244930000: system.memobj: data_hex : 02450FB72C244983 
244930000: system.memobj: data : 0000001001000101000011111011011100101100001001000100100110000011 
244930000: system.memobj: fix data : 0000001001000101000011111011011100101100001001000100100110000011 
244930000: system.memobj: -------------------------------------
244993000: system.memobj: mem->cpu Got response for addr 0x1a3c0 , 107456
244993000: system.memobj: size 0x8
244993000: system.memobj: id 94061725739280
244993000: system.memobj: data_hex : EE024983C4024889 
244993000: system.memobj: data : 1110111000000010010010011000001111000100000000100100100010001001 
244993000: system.memobj: fix data : 1110111000000010010010011000001111000100000000100100100010001001 
244993000: system.memobj: -------------------------------------
245042000: system.memobj: mem->cpu Got response for addr 0x1a3c0 , 107456
245042000: system.memobj: size 0x8
245042000: system.memobj: id 94061725739856
245042000: system.memobj: data_hex : EE024983C4024889 
245042000: system.memobj: data : 1110111000000010010010011000001111000100000000100100100010001001 
245042000: system.memobj: fix data : 1110111000000010010010011000001111000100000000100100100010001001 
245042000: system.memobj: -------------------------------------
245091000: system.memobj: mem->cpu Got response for addr 0x1a3c0 , 107456
245091000: system.memobj: size 0x8
245091000: system.memobj: id 94061725739280
245091000: system.memobj: data_hex : EE024983C4024889 
245091000: system.memobj: data : 1110111000000010010010011000001111000100000000100100100010001001 
245091000: system.memobj: fix data : 1110111000000010010010011000001111000100000000100100100010001001 
245091000: system.memobj: -------------------------------------
245140000: system.memobj: mem->cpu Got response for addr 0x1a3c8 , 107464
245140000: system.memobj: size 0x8
245140000: system.memobj: id 94061725739856
245140000: system.memobj: data_hex : D54885C0748F4889 
245140000: system.memobj: data : 1101010101001000100001011100000001110100100011110100100010001001 
245140000: system.memobj: fix data : 1101010101001000100001011100000001110100100011110100100010001001 
245140000: system.memobj: -------------------------------------
245189000: system.memobj: mem->cpu Got response for addr 0x1a3c8 , 107464
245189000: system.memobj: size 0x8
245189000: system.memobj: id 94061725739280
245189000: system.memobj: data_hex : D54885C0748F4889 
245189000: system.memobj: data : 1101010101001000100001011100000001110100100011110100100010001001 
245189000: system.memobj: fix data : 1101010101001000100001011100000001110100100011110100100010001001 
245189000: system.memobj: -------------------------------------
245238000: system.memobj: mem->cpu Got response for addr 0x1a3c8 , 107464
245238000: system.memobj: size 0x8
245238000: system.memobj: id 94061725739856
245238000: system.memobj: data_hex : D54885C0748F4889 
245238000: system.memobj: data : 1101010101001000100001011100000001110100100011110100100010001001 
245238000: system.memobj: fix data : 1101010101001000100001011100000001110100100011110100100010001001 
245238000: system.memobj: -------------------------------------
245287000: system.memobj: mem->cpu Got response for addr 0x1a358 , 107352
245287000: system.memobj: size 0x8
245287000: system.memobj: id 94061725739280
245287000: system.memobj: data_hex : 2484C0752331C048 
245287000: system.memobj: data : 0010010010000100110000000111010100100011001100011100000001001000 
245287000: system.memobj: fix data : 0010010010000100110000000111010100100011001100011100000001001000 
245287000: system.memobj: -------------------------------------
245336000: system.memobj: mem->cpu Got response for addr 0x1a358 , 107352
245336000: system.memobj: size 0x8
245336000: system.memobj: id 94061725739856
245336000: system.memobj: data_hex : 2484C0752331C048 
245336000: system.memobj: data : 0010010010000100110000000111010100100011001100011100000001001000 
245336000: system.memobj: fix data : 0010010010000100110000000111010100100011001100011100000001001000 
245336000: system.memobj: -------------------------------------
245385000: system.memobj: mem->cpu Got response for addr 0x1a360 , 107360
245385000: system.memobj: size 0x8
245385000: system.memobj: id 94061725739280
245385000: system.memobj: data_hex : 8B1C24488B6C2408 
245385000: system.memobj: data : 1000101100011100001001000100100010001011011011000010010000001000 
245385000: system.memobj: fix data : 1000101100011100001001000100100010001011011011000010010000001000 
245385000: system.memobj: -------------------------------------
245434000: system.memobj: mem->cpu Got response for addr 0x94b10 , 609040
245434000: system.memobj: size 0x8
245434000: system.memobj: id 94061725739856
245434000: system.memobj: data_hex : 0F17470000000000 
245434000: system.memobj: data : 0000111100010111010001110000000000000000000000000000000000000000 
245434000: system.memobj: hamming code addr: 609040 
245434000: system.memobj: hamming code out: 13 
245434000: system.memobj: find Error Bit index : 5 
245434000: system.memobj: hamming code addr: 609048 
245434000: system.memobj: hamming code out: 10 
245434000: system.memobj: hamming code addr: 609056 
245434000: system.memobj: hamming code out: 8 
245434000: system.memobj: hamming code addr: 609064 
245434000: system.memobj: hamming code out: 0 
245434000: system.memobj: hamming code addr: 609072 
245434000: system.memobj: hamming code out: 0 
245434000: system.memobj: hamming code addr: 609080 
245434000: system.memobj: hamming code out: 0 
245434000: system.memobj: hamming code addr: 609088 
245434000: system.memobj: hamming code out: 0 
245434000: system.memobj: hamming code addr: 609096 
245434000: system.memobj: hamming code out: 0 
245434000: system.memobj: fix data : 0000011100010111010001110000000000000000000000000000000000000000 
245434000: system.memobj: -------------------------------------
245483000: system.memobj: mem->cpu Got response for addr 0x1a360 , 107360
245483000: system.memobj: size 0x8
245483000: system.memobj: id 94061725739856
245483000: system.memobj: data_hex : 8B1C24488B6C2408 
245483000: system.memobj: data : 1000101100011100001001000100100010001011011011000010010000001000 
245483000: system.memobj: fix data : 1000101100011100001001000100100010001011011011000010010000001000 
245483000: system.memobj: -------------------------------------
245532000: system.memobj: mem->cpu Got response for addr 0x94b18 , 609048
245532000: system.memobj: size 0x8
245532000: system.memobj: id 94061725739280
245532000: system.memobj: data_hex : F8EDFFFFFF7F0000 
245532000: system.memobj: data : 1111100011101101111111111111111111111111011111110000000000000000 
245532000: system.memobj: hamming code addr: 609048 
245532000: system.memobj: hamming code out: 8 
245532000: system.memobj: find Error Bit index : 3 
245532000: system.memobj: hamming code addr: 609056 
245532000: system.memobj: hamming code out: 15 
245532000: system.memobj: hamming code addr: 609064 
245532000: system.memobj: hamming code out: 3 
245532000: system.memobj: hamming code addr: 609072 
245532000: system.memobj: hamming code out: 3 
245532000: system.memobj: hamming code addr: 609080 
245532000: system.memobj: hamming code out: 3 
245532000: system.memobj: hamming code addr: 609088 
245532000: system.memobj: hamming code out: 0 
245532000: system.memobj: hamming code addr: 609096 
245532000: system.memobj: hamming code out: 0 
245532000: system.memobj: hamming code addr: 609104 
245532000: system.memobj: hamming code out: 0 
245532000: system.memobj: fix data : 1101100011101101111111111111111111111111011111110000000000000000 
245532000: system.memobj: -------------------------------------
245581000: system.memobj: mem->cpu Got response for addr 0x1a368 , 107368
245581000: system.memobj: size 0x8
245581000: system.memobj: id 94061725739280
245581000: system.memobj: data_hex : 4C8B6424104C8B6C 
245581000: system.memobj: data : 0100110010001011011001000010010000010000010011001000101101101100 
245581000: system.memobj: fix data : 0100110010001011011001000010010000010000010011001000101101101100 
245581000: system.memobj: -------------------------------------
245630000: system.memobj: mem->cpu Got response for addr 0x94b20 , 609056
245630000: system.memobj: size 0x8
245630000: system.memobj: id 94061725739856
245630000: system.memobj: data_hex : 0300000000000000 
245630000: system.memobj: data : 0000001100000000000000000000000000000000000000000000000000000000 
245630000: system.memobj: hamming code addr: 609056 
245630000: system.memobj: hamming code out: 12 
245630000: system.memobj: find Error Bit index : 7 
245630000: system.memobj: hamming code addr: 609064 
245630000: system.memobj: hamming code out: 0 
245630000: system.memobj: hamming code addr: 609072 
245630000: system.memobj: hamming code out: 0 
245630000: system.memobj: hamming code addr: 609080 
245630000: system.memobj: hamming code out: 0 
245630000: system.memobj: hamming code addr: 609088 
245630000: system.memobj: hamming code out: 0 
245630000: system.memobj: hamming code addr: 609096 
245630000: system.memobj: hamming code out: 0 
245630000: system.memobj: hamming code addr: 609104 
245630000: system.memobj: hamming code out: 0 
245630000: system.memobj: hamming code addr: 609112 
245630000: system.memobj: hamming code out: 0 
245630000: system.memobj: fix data : 0000000100000000000000000000000000000000000000000000000000000000 
245630000: system.memobj: -------------------------------------
245679000: system.memobj: mem->cpu Got response for addr 0x1a368 , 107368
245679000: system.memobj: size 0x8
245679000: system.memobj: id 94061725739856
245679000: system.memobj: data_hex : 4C8B6424104C8B6C 
245679000: system.memobj: data : 0100110010001011011001000010010000010000010011001000101101101100 
245679000: system.memobj: fix data : 0100110010001011011001000010010000010000010011001000101101101100 
245679000: system.memobj: -------------------------------------
245728000: system.memobj: mem->cpu Got response for addr 0x1a370 , 107376
245728000: system.memobj: size 0x8
245728000: system.memobj: id 94061725739280
245728000: system.memobj: data_hex : 24184C8B74242048 
245728000: system.memobj: data : 0010010000011000010011001000101101110100001001000010000001001000 
245728000: system.memobj: fix data : 0010010000011000010011001000101101110100001001000010000001001000 
245728000: system.memobj: -------------------------------------
245777000: system.memobj: mem->cpu Got response for addr 0x94b28 , 609064
245777000: system.memobj: size 0x8
245777000: system.memobj: id 94061725739856
245777000: system.memobj: data_hex : 4100000000000000 
245777000: system.memobj: data : 0100000100000000000000000000000000000000000000000000000000000000 
245777000: system.memobj: hamming code addr: 609064 
245777000: system.memobj: hamming code out: 12 
245777000: system.memobj: find Error Bit index : 2 
245777000: system.memobj: hamming code addr: 609072 
245777000: system.memobj: hamming code out: 0 
245777000: system.memobj: hamming code addr: 609080 
245777000: system.memobj: hamming code out: 0 
245777000: system.memobj: hamming code addr: 609088 
245777000: system.memobj: hamming code out: 0 
245777000: system.memobj: hamming code addr: 609096 
245777000: system.memobj: hamming code out: 0 
245777000: system.memobj: hamming code addr: 609104 
245777000: system.memobj: hamming code out: 0 
245777000: system.memobj: hamming code addr: 609112 
245777000: system.memobj: hamming code out: 0 
245777000: system.memobj: hamming code addr: 609120 
245777000: system.memobj: hamming code out: 0 
245777000: system.memobj: fix data : 0000000100000000000000000000000000000000000000000000000000000000 
245777000: system.memobj: -------------------------------------
245826000: system.memobj: mem->cpu Got response for addr 0x1a370 , 107376
245826000: system.memobj: size 0x8
245826000: system.memobj: id 94061725739856
245826000: system.memobj: data_hex : 24184C8B74242048 
245826000: system.memobj: data : 0010010000011000010011001000101101110100001001000010000001001000 
245826000: system.memobj: fix data : 0010010000011000010011001000101101110100001001000010000001001000 
245826000: system.memobj: -------------------------------------
245875000: system.memobj: mem->cpu Got response for addr 0x94b30 , 609072
245875000: system.memobj: size 0x8
245875000: system.memobj: id 94061725739280
245875000: system.memobj: data_hex : 98EDFFFFFF7F0000 
245875000: system.memobj: data : 1001100011101101111111111111111111111111011111110000000000000000 
245875000: system.memobj: hamming code addr: 609072 
245875000: system.memobj: hamming code out: 8 
245875000: system.memobj: find Error Bit index : 2 
245875000: system.memobj: hamming code addr: 609080 
245875000: system.memobj: hamming code out: 15 
245875000: system.memobj: hamming code addr: 609088 
245875000: system.memobj: hamming code out: 3 
245875000: system.memobj: hamming code addr: 609096 
245875000: system.memobj: hamming code out: 3 
245875000: system.memobj: hamming code addr: 609104 
245875000: system.memobj: hamming code out: 3 
245875000: system.memobj: hamming code addr: 609112 
245875000: system.memobj: hamming code out: 0 
245875000: system.memobj: hamming code addr: 609120 
245875000: system.memobj: hamming code out: 0 
245875000: system.memobj: hamming code addr: 609128 
245875000: system.memobj: hamming code out: 0 
245875000: system.memobj: fix data : 1101100011101101111111111111111111111111011111110000000000000000 
245875000: system.memobj: -------------------------------------
245924000: system.memobj: mem->cpu Got response for addr 0x1a370 , 107376
245924000: system.memobj: size 0x8
245924000: system.memobj: id 94061725739280
245924000: system.memobj: data_hex : 24184C8B74242048 
245924000: system.memobj: data : 0010010000011000010011001000101101110100001001000010000001001000 
245924000: system.memobj: fix data : 0010010000011000010011001000101101110100001001000010000001001000 
245924000: system.memobj: -------------------------------------
245973000: system.memobj: mem->cpu Got response for addr 0x1a378 , 107384
245973000: system.memobj: size 0x8
245973000: system.memobj: id 94061725739856
245973000: system.memobj: data_hex : 83C428C366666690 
245973000: system.memobj: data : 1000001111000100001010001100001101100110011001100110011010010000 
245973000: system.memobj: fix data : 1000001111000100001010001100001101100110011001100110011010010000 
245973000: system.memobj: -------------------------------------
246036000: system.memobj: mem->cpu Got response for addr 0x1a378 , 107384
246036000: system.memobj: size 0x8
246036000: system.memobj: id 94061725739280
246036000: system.memobj: data_hex : 83C428C366666690 
246036000: system.memobj: data : 1000001111000100001010001100001101100110011001100110011010010000 
246036000: system.memobj: fix data : 1000001111000100001010001100001101100110011001100110011010010000 
246036000: system.memobj: -------------------------------------
246085000: system.memobj: mem->cpu Got response for addr 0x94b38 , 609080
246085000: system.memobj: size 0x8
246085000: system.memobj: id 94061725739856
246085000: system.memobj: data_hex : 445D410000000000 
246085000: system.memobj: data : 0100010001011101010000010000000000000000000000000000000000000000 
246085000: system.memobj: hamming code addr: 609080 
246085000: system.memobj: hamming code out: 9 
246085000: system.memobj: find Error Bit index : 3 
246085000: system.memobj: hamming code addr: 609088 
246085000: system.memobj: hamming code out: 13 
246085000: system.memobj: hamming code addr: 609096 
246085000: system.memobj: hamming code out: 9 
246085000: system.memobj: hamming code addr: 609104 
246085000: system.memobj: hamming code out: 0 
246085000: system.memobj: hamming code addr: 609112 
246085000: system.memobj: hamming code out: 0 
246085000: system.memobj: hamming code addr: 609120 
246085000: system.memobj: hamming code out: 0 
246085000: system.memobj: hamming code addr: 609128 
246085000: system.memobj: hamming code out: 0 
246085000: system.memobj: hamming code addr: 609136 
246085000: system.memobj: hamming code out: 0 
246085000: system.memobj: fix data : 0110010001011101010000010000000000000000000000000000000000000000 
246085000: system.memobj: -------------------------------------
246162000: system.memobj: mem->cpu Got response for addr 0x15d60 , 89440
246162000: system.memobj: size 0x8
246162000: system.memobj: id 94061725739856
246162000: system.memobj: data_hex : BC4500004885C074 
246162000: system.memobj: data : 1011110001000101000000000000000001001000100001011100000001110100 
246162000: system.memobj: fix data : 1011110001000101000000000000000001001000100001011100000001110100 
246162000: system.memobj: -------------------------------------
246211000: system.memobj: mem->cpu Got response for addr 0x15d60 , 89440
246211000: system.memobj: size 0x8
246211000: system.memobj: id 94061725739280
246211000: system.memobj: data_hex : BC4500004885C074 
246211000: system.memobj: data : 1011110001000101000000000000000001001000100001011100000001110100 
246211000: system.memobj: fix data : 1011110001000101000000000000000001001000100001011100000001110100 
246211000: system.memobj: -------------------------------------
246260000: system.memobj: mem->cpu Got response for addr 0x15d68 , 89448
246260000: system.memobj: size 0x8
246260000: system.memobj: id 94061725739856
246260000: system.memobj: data_hex : 1048890510D71700 
246260000: system.memobj: data : 0001000001001000100010010000010100010000110101110001011100000000 
246260000: system.memobj: fix data : 0001000001001000100010010000010100010000110101110001011100000000 
246260000: system.memobj: -------------------------------------
246309000: system.memobj: mem->cpu Got response for addr 0x15d78 , 89464
246309000: system.memobj: size 0x8
246309000: system.memobj: id 94061725739280
246309000: system.memobj: data_hex : 008B0D819C1600BA 
246309000: system.memobj: data : 0000000010001011000011011000000110011100000101100000000010111010 
246309000: system.memobj: fix data : 0000000010001011000011011000000110011100000101100000000010111010 
246309000: system.memobj: -------------------------------------
246386000: system.memobj: mem->cpu Got response for addr 0x7fa00 , 522752
246386000: system.memobj: size 0x4
246386000: system.memobj: id 94061725740144
246386000: system.memobj: data_hex : 10000000 
246386000: system.memobj: data : 00010000000000000000000000000000 
246386000: system.memobj: hamming code addr: 522752 
246386000: system.memobj: hamming code out: 0 
246386000: system.memobj: find Error Bit index : 4 
246386000: system.memobj: hamming code addr: 522760 
246386000: system.memobj: hamming code out: 0 
246386000: system.memobj: hamming code addr: 522768 
246386000: system.memobj: hamming code out: 0 
246386000: system.memobj: hamming code addr: 522776 
246386000: system.memobj: hamming code out: 0 
246386000: system.memobj: fix data : 00000000000000000000000000000000 
246386000: system.memobj: -------------------------------------
246435000: system.memobj: mem->cpu Got response for addr 0x15d78 , 89464
246435000: system.memobj: size 0x8
246435000: system.memobj: id 94061725740144
246435000: system.memobj: data_hex : 008B0D819C1600BA 
246435000: system.memobj: data : 0000000010001011000011011000000110011100000101100000000010111010 
246435000: system.memobj: fix data : 0000000010001011000011011000000110011100000101100000000010111010 
246435000: system.memobj: -------------------------------------
246484000: system.memobj: mem->cpu Got response for addr 0x15d80 , 89472
246484000: system.memobj: size 0x8
246484000: system.memobj: id 94061725739280
246484000: system.memobj: data_hex : 33ED450048C7C03C 
246484000: system.memobj: data : 0011001111101101010001010000000001001000110001111100000000111100 
246484000: system.memobj: fix data : 0011001111101101010001010000000001001000110001111100000000111100 
246484000: system.memobj: -------------------------------------
246533000: system.memobj: mem->cpu Got response for addr 0x15d80 , 89472
246533000: system.memobj: size 0x8
246533000: system.memobj: id 94061725740144
246533000: system.memobj: data_hex : 33ED450048C7C03C 
246533000: system.memobj: data : 0011001111101101010001010000000001001000110001111100000000111100 
246533000: system.memobj: fix data : 0011001111101101010001010000000001001000110001111100000000111100 
246533000: system.memobj: -------------------------------------
246582000: system.memobj: mem->cpu Got response for addr 0x15d88 , 89480
246582000: system.memobj: size 0x8
246582000: system.memobj: id 94061725739280
246582000: system.memobj: data_hex : ED450085C9480F45 
246582000: system.memobj: data : 1110110101000101000000001000010111001001010010000000111101000101 
246582000: system.memobj: fix data : 1110110101000101000000001000010111001001010010000000111101000101 
246582000: system.memobj: -------------------------------------
246631000: system.memobj: mem->cpu Got response for addr 0x15d88 , 89480
246631000: system.memobj: size 0x8
246631000: system.memobj: id 94061725740144
246631000: system.memobj: data_hex : ED450085C9480F45 
246631000: system.memobj: data : 1110110101000101000000001000010111001001010010000000111101000101 
246631000: system.memobj: fix data : 1110110101000101000000001000010111001001010010000000111101000101 
246631000: system.memobj: -------------------------------------
246680000: system.memobj: mem->cpu Got response for addr 0x15d88 , 89480
246680000: system.memobj: size 0x8
246680000: system.memobj: id 94061725739280
246680000: system.memobj: data_hex : ED450085C9480F45 
246680000: system.memobj: data : 1110110101000101000000001000010111001001010010000000111101000101 
246680000: system.memobj: fix data : 1110110101000101000000001000010111001001010010000000111101000101 
246680000: system.memobj: -------------------------------------
246729000: system.memobj: mem->cpu Got response for addr 0x15d90 , 89488
246729000: system.memobj: size 0x8
246729000: system.memobj: id 94061725740144
246729000: system.memobj: data_hex : D0488915E8D61700 
246729000: system.memobj: data : 1101000001001000100010010001010111101000110101100001011100000000 
246729000: system.memobj: fix data : 1101000001001000100010010001010111101000110101100001011100000000 
246729000: system.memobj: -------------------------------------
246778000: system.memobj: mem->cpu Got response for addr 0x15d90 , 89488
246778000: system.memobj: size 0x8
246778000: system.memobj: id 94061725739280
246778000: system.memobj: data_hex : D0488915E8D61700 
246778000: system.memobj: data : 1101000001001000100010010001010111101000110101100001011100000000 
246778000: system.memobj: fix data : 1101000001001000100010010001010111101000110101100001011100000000 
246778000: system.memobj: -------------------------------------
246778000: system.memobj: cpu->mem Got request for addr 0x93480 , 603264
246778000: system.memobj: size 0x8
246778000: system.memobj: id 94061725740432
246778000: system.memobj: data_hex : 33ED450000000000 
246778000: system.memobj: data : 0011001111101101010001010000000000000000000000000000000000000000 
246778000: system.memobj: hamming code addr: 603264 
246778000: system.memobj: hamming code : 6 
246778000: system.memobj: hamming code addr: 603272 
246778000: system.memobj: hamming code : 15 
246778000: system.memobj: hamming code addr: 603280 
246778000: system.memobj: hamming code : 3 
246778000: system.memobj: hamming code addr: 603288 
246778000: system.memobj: hamming code : 0 
246778000: system.memobj: hamming code addr: 603296 
246778000: system.memobj: hamming code : 0 
246778000: system.memobj: hamming code addr: 603304 
246778000: system.memobj: hamming code : 0 
246778000: system.memobj: hamming code addr: 603312 
246778000: system.memobj: hamming code : 0 
246778000: system.memobj: hamming code addr: 603320 
246778000: system.memobj: hamming code : 0 
246778000: system.memobj: Enter Error Bit index: 2 
246778000: system.memobj: flip data : 0111001111101101010001010000000000000000000000000000000000000000 
246778000: system.memobj: -------------------------------------
246848000: system.memobj: mem->cpu Got response for addr 0x15d98 , 89496
246848000: system.memobj: size 0x8
246848000: system.memobj: id 94061725740432
246848000: system.memobj: data_hex : 85C97447BB40EC45 
246848000: system.memobj: data : 1000010111001001011101000100011110111011010000001110110001000101 
246848000: system.memobj: fix data : 1000010111001001011101000100011110111011010000001110110001000101 
246848000: system.memobj: -------------------------------------
246897000: system.memobj: mem->cpu Got response for addr 0x15d98 , 89496
246897000: system.memobj: size 0x8
246897000: system.memobj: id 94061725739280
246897000: system.memobj: data_hex : 85C97447BB40EC45 
246897000: system.memobj: data : 1000010111001001011101000100011110111011010000001110110001000101 
246897000: system.memobj: fix data : 1000010111001001011101000100011110111011010000001110110001000101 
246897000: system.memobj: -------------------------------------
246946000: system.memobj: mem->cpu Got response for addr 0x15de0 , 89568
246946000: system.memobj: size 0x8
246946000: system.memobj: id 94061725740432
246946000: system.memobj: data_hex : 010000488B15E6D6 
246946000: system.memobj: data : 0000000100000000000000000100100010001011000101011110011011010110 
246946000: system.memobj: fix data : 0000000100000000000000000100100010001011000101011110011011010110 
246946000: system.memobj: -------------------------------------
246995000: system.memobj: mem->cpu Got response for addr 0x15de8 , 89576
246995000: system.memobj: size 0x8
246995000: system.memobj: id 94061725739280
246995000: system.memobj: data_hex : 17004885D2741031 
246995000: system.memobj: data : 0001011100000000010010001000010111010010011101000001000000110001 
246995000: system.memobj: fix data : 0001011100000000010010001000010111010010011101000001000000110001 
246995000: system.memobj: -------------------------------------
247044000: system.memobj: mem->cpu Got response for addr 0x934d0 , 603344
247044000: system.memobj: size 0x8
247044000: system.memobj: id 94061725740720
247044000: system.memobj: data_hex : 0000000000000000 
247044000: system.memobj: data : 0000000000000000000000000000000000000000000000000000000000000000 
247044000: system.memobj: fix data : 0000000000000000000000000000000000000000000000000000000000000000 
247044000: system.memobj: -------------------------------------
247107000: system.memobj: mem->cpu Got response for addr 0x15de8 , 89576
247107000: system.memobj: size 0x8
247107000: system.memobj: id 94061725740720
247107000: system.memobj: data_hex : 17004885D2741031 
247107000: system.memobj: data : 0001011100000000010010001000010111010010011101000001000000110001 
247107000: system.memobj: fix data : 0001011100000000010010001000010111010010011101000001000000110001 
247107000: system.memobj: -------------------------------------
247156000: system.memobj: mem->cpu Got response for addr 0x15de8 , 89576
247156000: system.memobj: size 0x8
247156000: system.memobj: id 94061725739280
247156000: system.memobj: data_hex : 17004885D2741031 
247156000: system.memobj: data : 0001011100000000010010001000010111010010011101000001000000110001 
247156000: system.memobj: fix data : 0001011100000000010010001000010111010010011101000001000000110001 
247156000: system.memobj: -------------------------------------
247205000: system.memobj: mem->cpu Got response for addr 0x15df8 , 89592
247205000: system.memobj: size 0x8
247205000: system.memobj: id 94061725740720
247205000: system.memobj: data_hex : 488905D1D61700B8 
247205000: system.memobj: data : 0100100010001001000001011101000111010110000101110000000010111000 
247205000: system.memobj: fix data : 0100100010001001000001011101000111010110000101110000000010111000 
247205000: system.memobj: -------------------------------------
247254000: system.memobj: mem->cpu Got response for addr 0x15e00 , 89600
247254000: system.memobj: size 0x8
247254000: system.memobj: id 94061725739280
247254000: system.memobj: data_hex : 000000800FA23D06 
247254000: system.memobj: data : 0000000000000000000000001000000000001111101000100011110100000110 
247254000: system.memobj: fix data : 0000000000000000000000001000000000001111101000100011110100000110 
247254000: system.memobj: -------------------------------------
247303000: system.memobj: mem->cpu Got response for addr 0x15e00 , 89600
247303000: system.memobj: size 0x8
247303000: system.memobj: id 94061725740720
247303000: system.memobj: data_hex : 000000800FA23D06 
247303000: system.memobj: data : 0000000000000000000000001000000000001111101000100011110100000110 
247303000: system.memobj: fix data : 0000000000000000000000001000000000001111101000100011110100000110 
247303000: system.memobj: -------------------------------------
247352000: system.memobj: mem->cpu Got response for addr 0x15e00 , 89600
247352000: system.memobj: size 0x8
247352000: system.memobj: id 94061725739280
247352000: system.memobj: data_hex : 000000800FA23D06 
247352000: system.memobj: data : 0000000000000000000000001000000000001111101000100011110100000110 
247352000: system.memobj: fix data : 0000000000000000000000001000000000001111101000100011110100000110 
247352000: system.memobj: -------------------------------------
247401000: system.memobj: mem->cpu Got response for addr 0x15e08 , 89608
247401000: system.memobj: size 0x8
247401000: system.memobj: id 94061725740720
247401000: system.memobj: data_hex : 0000807220B80500 
247401000: system.memobj: data : 0000000000000000100000000111001000100000101110000000010100000000 
247401000: system.memobj: fix data : 0000000000000000100000000111001000100000101110000000010100000000 
247401000: system.memobj: -------------------------------------
247450000: system.memobj: mem->cpu Got response for addr 0x15e08 , 89608
247450000: system.memobj: size 0x8
247450000: system.memobj: id 94061725739280
247450000: system.memobj: data_hex : 0000807220B80500 
247450000: system.memobj: data : 0000000000000000100000000111001000100000101110000000010100000000 
247450000: system.memobj: fix data : 0000000000000000100000000111001000100000101110000000010100000000 
247450000: system.memobj: -------------------------------------
247499000: system.memobj: mem->cpu Got response for addr 0x15e08 , 89608
247499000: system.memobj: size 0x8
247499000: system.memobj: id 94061725740720
247499000: system.memobj: data_hex : 0000807220B80500 
247499000: system.memobj: data : 0000000000000000100000000111001000100000101110000000010100000000 
247499000: system.memobj: fix data : 0000000000000000100000000111001000100000101110000000010100000000 
247499000: system.memobj: -------------------------------------
247548000: system.memobj: mem->cpu Got response for addr 0x15e10 , 89616
247548000: system.memobj: size 0x8
247548000: system.memobj: id 94061725739280
247548000: system.memobj: data_hex : 00800FA2C1E918C1 
247548000: system.memobj: data : 0000000010000000000011111010001011000001111010010001100011000001 
247548000: system.memobj: fix data : 0000000010000000000011111010001011000001111010010001100011000001 
247548000: system.memobj: -------------------------------------
247597000: system.memobj: mem->cpu Got response for addr 0x15e10 , 89616
247597000: system.memobj: size 0x8
247597000: system.memobj: id 94061725740720
247597000: system.memobj: data_hex : 00800FA2C1E918C1 
247597000: system.memobj: data : 0000000010000000000011111010001011000001111010010001100011000001 
247597000: system.memobj: fix data : 0000000010000000000011111010001011000001111010010001100011000001 
247597000: system.memobj: -------------------------------------
247646000: system.memobj: mem->cpu Got response for addr 0x15e10 , 89616
247646000: system.memobj: size 0x8
247646000: system.memobj: id 94061725739280
247646000: system.memobj: data_hex : 00800FA2C1E918C1 
247646000: system.memobj: data : 0000000010000000000011111010001011000001111010010001100011000001 
247646000: system.memobj: fix data : 0000000010000000000011111010001011000001111010010001100011000001 
247646000: system.memobj: -------------------------------------
247695000: system.memobj: mem->cpu Got response for addr 0x15e10 , 89616
247695000: system.memobj: size 0x8
247695000: system.memobj: id 94061725740720
247695000: system.memobj: data_hex : 00800FA2C1E918C1 
247695000: system.memobj: data : 0000000010000000000011111010001011000001111010010001100011000001 
247695000: system.memobj: fix data : 0000000010000000000011111010001011000001111010010001100011000001 
247695000: system.memobj: -------------------------------------
247744000: system.memobj: mem->cpu Got response for addr 0x15e18 , 89624
247744000: system.memobj: size 0x8
247744000: system.memobj: id 94061725739280
247744000: system.memobj: data_hex : E10A4889CEB80600 
247744000: system.memobj: data : 1110000100001010010010001000100111001110101110000000011000000000 
247744000: system.memobj: fix data : 1110000100001010010010001000100111001110101110000000011000000000 
247744000: system.memobj: -------------------------------------
247793000: system.memobj: mem->cpu Got response for addr 0x15e18 , 89624
247793000: system.memobj: size 0x8
247793000: system.memobj: id 94061725740720
247793000: system.memobj: data_hex : E10A4889CEB80600 
247793000: system.memobj: data : 1110000100001010010010001000100111001110101110000000011000000000 
247793000: system.memobj: fix data : 1110000100001010010010001000100111001110101110000000011000000000 
247793000: system.memobj: -------------------------------------
247842000: system.memobj: mem->cpu Got response for addr 0x15e18 , 89624
247842000: system.memobj: size 0x8
247842000: system.memobj: id 94061725739280
247842000: system.memobj: data_hex : E10A4889CEB80600 
247842000: system.memobj: data : 1110000100001010010010001000100111001110101110000000011000000000 
247842000: system.memobj: fix data : 1110000100001010010010001000100111001110101110000000011000000000 
247842000: system.memobj: -------------------------------------
247905000: system.memobj: mem->cpu Got response for addr 0x15e20 , 89632
247905000: system.memobj: size 0x8
247905000: system.memobj: id 94061725740720
247905000: system.memobj: data_hex : 00800FA2C1E910C1 
247905000: system.memobj: data : 0000000010000000000011111010001011000001111010010001000011000001 
247905000: system.memobj: fix data : 0000000010000000000011111010001011000001111010010001000011000001 
247905000: system.memobj: -------------------------------------
247954000: system.memobj: mem->cpu Got response for addr 0x15e20 , 89632
247954000: system.memobj: size 0x8
247954000: system.memobj: id 94061725739280
247954000: system.memobj: data_hex : 00800FA2C1E910C1 
247954000: system.memobj: data : 0000000010000000000011111010001011000001111010010001000011000001 
247954000: system.memobj: fix data : 0000000010000000000011111010001011000001111010010001000011000001 
247954000: system.memobj: -------------------------------------
248003000: system.memobj: mem->cpu Got response for addr 0x15e20 , 89632
248003000: system.memobj: size 0x8
248003000: system.memobj: id 94061725740720
248003000: system.memobj: data_hex : 00800FA2C1E910C1 
248003000: system.memobj: data : 0000000010000000000011111010001011000001111010010001000011000001 
248003000: system.memobj: fix data : 0000000010000000000011111010001011000001111010010001000011000001 
248003000: system.memobj: -------------------------------------
248052000: system.memobj: mem->cpu Got response for addr 0x15e20 , 89632
248052000: system.memobj: size 0x8
248052000: system.memobj: id 94061725739280
248052000: system.memobj: data_hex : 00800FA2C1E910C1 
248052000: system.memobj: data : 0000000010000000000011111010001011000001111010010001000011000001 
248052000: system.memobj: fix data : 0000000010000000000011111010001011000001111010010001000011000001 
248052000: system.memobj: -------------------------------------
248101000: system.memobj: mem->cpu Got response for addr 0x15e28 , 89640
248101000: system.memobj: size 0x8
248101000: system.memobj: id 94061725740720
248101000: system.memobj: data_hex : E10A4889CF4885F6 
248101000: system.memobj: data : 1110000100001010010010001000100111001111010010001000010111110110 
248101000: system.memobj: fix data : 1110000100001010010010001000100111001111010010001000010111110110 
248101000: system.memobj: -------------------------------------
248150000: system.memobj: mem->cpu Got response for addr 0x15e28 , 89640
248150000: system.memobj: size 0x8
248150000: system.memobj: id 94061725739280
248150000: system.memobj: data_hex : E10A4889CF4885F6 
248150000: system.memobj: data : 1110000100001010010010001000100111001111010010001000010111110110 
248150000: system.memobj: fix data : 1110000100001010010010001000100111001111010010001000010111110110 
248150000: system.memobj: -------------------------------------
248199000: system.memobj: mem->cpu Got response for addr 0x15e28 , 89640
248199000: system.memobj: size 0x8
248199000: system.memobj: id 94061725740720
248199000: system.memobj: data_hex : E10A4889CF4885F6 
248199000: system.memobj: data : 1110000100001010010010001000100111001111010010001000010111110110 
248199000: system.memobj: fix data : 1110000100001010010010001000100111001111010010001000010111110110 
248199000: system.memobj: -------------------------------------
248248000: system.memobj: mem->cpu Got response for addr 0x15e30 , 89648
248248000: system.memobj: size 0x8
248248000: system.memobj: id 94061725739280
248248000: system.memobj: data_hex : 741C4889F0488935 
248248000: system.memobj: data : 0111010000011100010010001000100111110000010010001000100100110101 
248248000: system.memobj: fix data : 0111010000011100010010001000100111110000010010001000100100110101 
248248000: system.memobj: -------------------------------------
248297000: system.memobj: mem->cpu Got response for addr 0x15e30 , 89648
248297000: system.memobj: size 0x8
248297000: system.memobj: id 94061725740720
248297000: system.memobj: data_hex : 741C4889F0488935 
248297000: system.memobj: data : 0111010000011100010010001000100111110000010010001000100100110101 
248297000: system.memobj: fix data : 0111010000011100010010001000100111110000010010001000100100110101 
248297000: system.memobj: -------------------------------------
248346000: system.memobj: mem->cpu Got response for addr 0x15e30 , 89648
248346000: system.memobj: size 0x8
248346000: system.memobj: id 94061725739280
248346000: system.memobj: data_hex : 741C4889F0488935 
248346000: system.memobj: data : 0111010000011100010010001000100111110000010010001000100100110101 
248346000: system.memobj: fix data : 0111010000011100010010001000100111110000010010001000100100110101 
248346000: system.memobj: -------------------------------------
248395000: system.memobj: mem->cpu Got response for addr 0x15e38 , 89656
248395000: system.memobj: size 0x8
248395000: system.memobj: id 94061725740720
248395000: system.memobj: data_hex : 64A9160048C1E83F 
248395000: system.memobj: data : 0110010010101001000101100000000001001000110000011110100000111111 
248395000: system.memobj: fix data : 0110010010101001000101100000000001001000110000011110100000111111 
248395000: system.memobj: -------------------------------------
248395000: system.memobj: cpu->mem Got request for addr 0x807a0 , 526240
248395000: system.memobj: size 0x8
248395000: system.memobj: id 94061725741008
248395000: system.memobj: data_hex : 0000010000000000 
248395000: system.memobj: data : 0000000000000000000000010000000000000000000000000000000000000000 
248395000: system.memobj: hamming code addr: 526240 
248395000: system.memobj: hamming code : 0 
248395000: system.memobj: hamming code addr: 526248 
248395000: system.memobj: hamming code : 0 
248395000: system.memobj: hamming code addr: 526256 
248395000: system.memobj: hamming code : 12 
248395000: system.memobj: hamming code addr: 526264 
248395000: system.memobj: hamming code : 0 
248395000: system.memobj: hamming code addr: 526272 
248395000: system.memobj: hamming code : 0 
248395000: system.memobj: hamming code addr: 526280 
248395000: system.memobj: hamming code : 0 
248395000: system.memobj: hamming code addr: 526288 
248395000: system.memobj: hamming code : 0 
248395000: system.memobj: hamming code addr: 526296 
248395000: system.memobj: hamming code : 0 
248395000: system.memobj: Enter Error Bit index: 6 
248395000: system.memobj: flip data : 0000010000000000000000010000000000000000000000000000000000000000 
248395000: system.memobj: -------------------------------------
248465000: system.memobj: mem->cpu Got response for addr 0x15e38 , 89656
248465000: system.memobj: size 0x8
248465000: system.memobj: id 94061725741008
248465000: system.memobj: data_hex : 64A9160048C1E83F 
248465000: system.memobj: data : 0110010010101001000101100000000001001000110000011110100000111111 
248465000: system.memobj: fix data : 0110010010101001000101100000000001001000110000011110100000111111 
248465000: system.memobj: -------------------------------------
248514000: system.memobj: mem->cpu Got response for addr 0x15e40 , 89664
248514000: system.memobj: size 0x8
248514000: system.memobj: id 94061725740720
248514000: system.memobj: data_hex : 488D040648D1F848 
248514000: system.memobj: data : 0100100010001101000001000000011001001000110100011111100001001000 
248514000: system.memobj: fix data : 0100100010001101000001000000011001001000110100011111100001001000 
248514000: system.memobj: -------------------------------------
248563000: system.memobj: mem->cpu Got response for addr 0x15e40 , 89664
248563000: system.memobj: size 0x8
248563000: system.memobj: id 94061725741296
248563000: system.memobj: data_hex : 488D040648D1F848 
248563000: system.memobj: data : 0100100010001101000001000000011001001000110100011111100001001000 
248563000: system.memobj: fix data : 0100100010001101000001000000011001001000110100011111100001001000 
248563000: system.memobj: -------------------------------------
248612000: system.memobj: mem->cpu Got response for addr 0x15e40 , 89664
248612000: system.memobj: size 0x8
248612000: system.memobj: id 94061725740720
248612000: system.memobj: data_hex : 488D040648D1F848 
248612000: system.memobj: data : 0100100010001101000001000000011001001000110100011111100001001000 
248612000: system.memobj: fix data : 0100100010001101000001000000011001001000110100011111100001001000 
248612000: system.memobj: -------------------------------------
248661000: system.memobj: mem->cpu Got response for addr 0x15e48 , 89672
248661000: system.memobj: size 0x8
248661000: system.memobj: id 94061725741296
248661000: system.memobj: data_hex : 89054AA916004885 
248661000: system.memobj: data : 1000100100000101010010101010100100010110000000000100100010000101 
248661000: system.memobj: fix data : 1000100100000101010010101010100100010110000000000100100010000101 
248661000: system.memobj: -------------------------------------
248661000: system.memobj: cpu->mem Got request for addr 0x80798 , 526232
248661000: system.memobj: size 0x8
248661000: system.memobj: id 94061725741584
248661000: system.memobj: data_hex : 0080000000000000 
248661000: system.memobj: data : 0000000010000000000000000000000000000000000000000000000000000000 
248661000: system.memobj: hamming code addr: 526232 
248661000: system.memobj: hamming code : 0 
248661000: system.memobj: hamming code addr: 526240 
248661000: system.memobj: hamming code : 3 
248661000: system.memobj: hamming code addr: 526248 
248661000: system.memobj: hamming code : 0 
248661000: system.memobj: hamming code addr: 526256 
248661000: system.memobj: hamming code : 0 
248661000: system.memobj: hamming code addr: 526264 
248661000: system.memobj: hamming code : 0 
248661000: system.memobj: hamming code addr: 526272 
248661000: system.memobj: hamming code : 0 
248661000: system.memobj: hamming code addr: 526280 
248661000: system.memobj: hamming code : 0 
248661000: system.memobj: hamming code addr: 526288 
248661000: system.memobj: hamming code : 0 
248661000: system.memobj: Enter Error Bit index: 7 
248661000: system.memobj: flip data : 0000001010000000000000000000000000000000000000000000000000000000 
248661000: system.memobj: -------------------------------------
248745000: system.memobj: mem->cpu Got response for addr 0x15e48 , 89672
248745000: system.memobj: size 0x8
248745000: system.memobj: id 94061725741584
248745000: system.memobj: data_hex : 89054AA916004885 
248745000: system.memobj: data : 1000100100000101010010101010100100010110000000000100100010000101 
248745000: system.memobj: fix data : 1000100100000101010010101010100100010110000000000100100010000101 
248745000: system.memobj: -------------------------------------
248794000: system.memobj: mem->cpu Got response for addr 0x15e50 , 89680
248794000: system.memobj: size 0x8
248794000: system.memobj: id 94061725741296
248794000: system.memobj: data_hex : FF741C4889F84889 
248794000: system.memobj: data : 1111111101110100000111000100100010001001111110000100100010001001 
248794000: system.memobj: fix data : 1111111101110100000111000100100010001001111110000100100010001001 
248794000: system.memobj: -------------------------------------
248843000: system.memobj: mem->cpu Got response for addr 0x15e50 , 89680
248843000: system.memobj: size 0x8
248843000: system.memobj: id 94061725741584
248843000: system.memobj: data_hex : FF741C4889F84889 
248843000: system.memobj: data : 1111111101110100000111000100100010001001111110000100100010001001 
248843000: system.memobj: fix data : 1111111101110100000111000100100010001001111110000100100010001001 
248843000: system.memobj: -------------------------------------
248892000: system.memobj: mem->cpu Got response for addr 0x15e50 , 89680
248892000: system.memobj: size 0x8
248892000: system.memobj: id 94061725741296
248892000: system.memobj: data_hex : FF741C4889F84889 
248892000: system.memobj: data : 1111111101110100000111000100100010001001111110000100100010001001 
248892000: system.memobj: fix data : 1111111101110100000111000100100010001001111110000100100010001001 
248892000: system.memobj: -------------------------------------
248941000: system.memobj: mem->cpu Got response for addr 0x15e50 , 89680
248941000: system.memobj: size 0x8
248941000: system.memobj: id 94061725741584
248941000: system.memobj: data_hex : FF741C4889F84889 
248941000: system.memobj: data : 1111111101110100000111000100100010001001111110000100100010001001 
248941000: system.memobj: fix data : 1111111101110100000111000100100010001001111110000100100010001001 
248941000: system.memobj: -------------------------------------
248990000: system.memobj: mem->cpu Got response for addr 0x15e58 , 89688
248990000: system.memobj: size 0x8
248990000: system.memobj: id 94061725741296
248990000: system.memobj: data_hex : 3D33A9160048C1E8 
248990000: system.memobj: data : 0011110100110011101010010001011000000000010010001100000111101000 
248990000: system.memobj: fix data : 0011110100110011101010010001011000000000010010001100000111101000 
248990000: system.memobj: -------------------------------------
248990000: system.memobj: cpu->mem Got request for addr 0x80790 , 526224
248990000: system.memobj: size 0x8
248990000: system.memobj: id 94061725741872
248990000: system.memobj: data_hex : 0000100000000000 
248990000: system.memobj: data : 0000000000000000000100000000000000000000000000000000000000000000 
248990000: system.memobj: hamming code addr: 526224 
248990000: system.memobj: hamming code : 0 
248990000: system.memobj: hamming code addr: 526232 
248990000: system.memobj: hamming code : 0 
248990000: system.memobj: hamming code addr: 526240 
248990000: system.memobj: hamming code : 7 
248990000: system.memobj: hamming code addr: 526248 
248990000: system.memobj: hamming code : 0 
248990000: system.memobj: hamming code addr: 526256 
248990000: system.memobj: hamming code : 0 
248990000: system.memobj: hamming code addr: 526264 
248990000: system.memobj: hamming code : 0 
248990000: system.memobj: hamming code addr: 526272 
248990000: system.memobj: hamming code : 0 
248990000: system.memobj: hamming code addr: 526280 
248990000: system.memobj: hamming code : 0 
248990000: system.memobj: Enter Error Bit index: 7 
248990000: system.memobj: flip data : 0000001000000000000100000000000000000000000000000000000000000000 
248990000: system.memobj: -------------------------------------
249060000: system.memobj: mem->cpu Got response for addr 0x15e58 , 89688
249060000: system.memobj: size 0x8
249060000: system.memobj: id 94061725741872
249060000: system.memobj: data_hex : 3D33A9160048C1E8 
249060000: system.memobj: data : 0011110100110011101010010001011000000000010010001100000111101000 
249060000: system.memobj: fix data : 0011110100110011101010010001011000000000010010001100000111101000 
249060000: system.memobj: -------------------------------------
249109000: system.memobj: mem->cpu Got response for addr 0x15e60 , 89696
249109000: system.memobj: size 0x8
249109000: system.memobj: id 94061725741296
249109000: system.memobj: data_hex : 3F488D040748D1F8 
249109000: system.memobj: data : 0011111101001000100011010000010000000111010010001101000111111000 
249109000: system.memobj: fix data : 0011111101001000100011010000010000000111010010001101000111111000 
249109000: system.memobj: -------------------------------------
249158000: system.memobj: mem->cpu Got response for addr 0x15e60 , 89696
249158000: system.memobj: size 0x8
249158000: system.memobj: id 94061725741872
249158000: system.memobj: data_hex : 3F488D040748D1F8 
249158000: system.memobj: data : 0011111101001000100011010000010000000111010010001101000111111000 
249158000: system.memobj: fix data : 0011111101001000100011010000010000000111010010001101000111111000 
249158000: system.memobj: -------------------------------------
249207000: system.memobj: mem->cpu Got response for addr 0x15e60 , 89696
249207000: system.memobj: size 0x8
249207000: system.memobj: id 94061725742160
249207000: system.memobj: data_hex : 3F488D040748D1F8 
249207000: system.memobj: data : 0011111101001000100011010000010000000111010010001101000111111000 
249207000: system.memobj: fix data : 0011111101001000100011010000010000000111010010001101000111111000 
249207000: system.memobj: -------------------------------------
249502000: system.memobj: mem->cpu Got response for addr 0x15e68 , 89704
249502000: system.memobj: size 0x8
249502000: system.memobj: id 94061725741872
249502000: system.memobj: data_hex : 48890519A91600BF 
249502000: system.memobj: data : 0100100010001001000001010001100110101001000101100000000010111111 
249502000: system.memobj: fix data : 0100100010001001000001010001100110101001000101100000000010111111 
249502000: system.memobj: -------------------------------------
249502000: system.memobj: cpu->mem Got request for addr 0x80788 , 526216
249502000: system.memobj: size 0x8
249502000: system.memobj: id 94061725742448
249502000: system.memobj: data_hex : 0000080000000000 
249502000: system.memobj: data : 0000000000000000000010000000000000000000000000000000000000000000 
249502000: system.memobj: hamming code addr: 526216 
249502000: system.memobj: hamming code : 0 
249502000: system.memobj: hamming code addr: 526224 
249502000: system.memobj: hamming code : 0 
249502000: system.memobj: hamming code addr: 526232 
249502000: system.memobj: hamming code : 9 
249502000: system.memobj: hamming code addr: 526240 
249502000: system.memobj: hamming code : 0 
249502000: system.memobj: hamming code addr: 526248 
249502000: system.memobj: hamming code : 0 
249502000: system.memobj: hamming code addr: 526256 
249502000: system.memobj: hamming code : 0 
249502000: system.memobj: hamming code addr: 526264 
249502000: system.memobj: hamming code : 0 
249502000: system.memobj: hamming code addr: 526272 
249502000: system.memobj: hamming code : 0 
249502000: system.memobj: Enter Error Bit index: 4 
249502000: system.memobj: flip data : 0001000000000000000010000000000000000000000000000000000000000000 
249502000: system.memobj: -------------------------------------
249572000: system.memobj: mem->cpu Got response for addr 0x15e68 , 89704
249572000: system.memobj: size 0x8
249572000: system.memobj: id 94061725742448
249572000: system.memobj: data_hex : 48890519A91600BF 
249572000: system.memobj: data : 0100100010001001000001010001100110101001000101100000000010111111 
249572000: system.memobj: fix data : 0100100010001001000001010001100110101001000101100000000010111111 
249572000: system.memobj: -------------------------------------
249621000: system.memobj: mem->cpu Got response for addr 0x15e70 , 89712
249621000: system.memobj: size 0x8
249621000: system.memobj: id 94061725741872
249621000: system.memobj: data_hex : B8ED4500E8A74400 
249621000: system.memobj: data : 1011100011101101010001010000000011101000101001110100010000000000 
249621000: system.memobj: fix data : 1011100011101101010001010000000011101000101001110100010000000000 
249621000: system.memobj: -------------------------------------
249670000: system.memobj: mem->cpu Got response for addr 0x15e70 , 89712
249670000: system.memobj: size 0x8
249670000: system.memobj: id 94061725742448
249670000: system.memobj: data_hex : B8ED4500E8A74400 
249670000: system.memobj: data : 1011100011101101010001010000000011101000101001110100010000000000 
249670000: system.memobj: fix data : 1011100011101101010001010000000011101000101001110100010000000000 
249670000: system.memobj: -------------------------------------
249719000: system.memobj: mem->cpu Got response for addr 0x15e78 , 89720
249719000: system.memobj: size 0x8
249719000: system.memobj: id 94061725741872
249719000: system.memobj: data_hex : 004885C0747C4531 
249719000: system.memobj: data : 0000000001001000100001011100000001110100011111000100010100110001 
249719000: system.memobj: fix data : 0000000001001000100001011100000001110100011111000100010100110001 
249719000: system.memobj: -------------------------------------
249719000: system.memobj: cpu->mem Got request for addr 0x94b38 , 609080
249719000: system.memobj: size 0x8
249719000: system.memobj: id 94061725742736
249719000: system.memobj: data_hex : 795E410000000000 
249719000: system.memobj: data : 0111100101011110010000010000000000000000000000000000000000000000 
249719000: system.memobj: hamming code addr: 609080 
249719000: system.memobj: hamming code : 1 
249719000: system.memobj: hamming code addr: 609088 
249719000: system.memobj: hamming code : 10 
249719000: system.memobj: hamming code addr: 609096 
249719000: system.memobj: hamming code : 9 
249719000: system.memobj: hamming code addr: 609104 
249719000: system.memobj: hamming code : 0 
249719000: system.memobj: hamming code addr: 609112 
249719000: system.memobj: hamming code : 0 
249719000: system.memobj: hamming code addr: 609120 
249719000: system.memobj: hamming code : 0 
249719000: system.memobj: hamming code addr: 609128 
249719000: system.memobj: hamming code : 0 
249719000: system.memobj: hamming code addr: 609136 
249719000: system.memobj: hamming code : 0 
249719000: system.memobj: Enter Error Bit index: 2 
249719000: system.memobj: flip data : 0011100101011110010000010000000000000000000000000000000000000000 
249719000: system.memobj: -------------------------------------
249803000: system.memobj: mem->cpu Got response for addr 0x1a320 , 107296
249803000: system.memobj: size 0x8
249803000: system.memobj: id 94061725742736
249803000: system.memobj: data_hex : 4C896424E84C8974 
249803000: system.memobj: data : 0100110010001001011001000010010011101000010011001000100101110100 
249803000: system.memobj: fix data : 0100110010001001011001000010010011101000010011001000100101110100 
249803000: system.memobj: -------------------------------------
249803000: system.memobj: cpu->mem Got request for addr 0x94b20 , 609056
249803000: system.memobj: size 0x8
249803000: system.memobj: id 94061725741872
249803000: system.memobj: data_hex : 0100000000000000 
249803000: system.memobj: data : 0000000100000000000000000000000000000000000000000000000000000000 
249803000: system.memobj: hamming code addr: 609056 
249803000: system.memobj: hamming code : 12 
249803000: system.memobj: hamming code addr: 609064 
249803000: system.memobj: hamming code : 0 
249803000: system.memobj: hamming code addr: 609072 
249803000: system.memobj: hamming code : 0 
249803000: system.memobj: hamming code addr: 609080 
249803000: system.memobj: hamming code : 0 
249803000: system.memobj: hamming code addr: 609088 
249803000: system.memobj: hamming code : 0 
249803000: system.memobj: hamming code addr: 609096 
249803000: system.memobj: hamming code : 0 
249803000: system.memobj: hamming code addr: 609104 
249803000: system.memobj: hamming code : 0 
249803000: system.memobj: hamming code addr: 609112 
249803000: system.memobj: hamming code : 0 
249803000: system.memobj: Enter Error Bit index: 8 
249803000: system.memobj: flip data : 0000000000000000000000000000000000000000000000000000000000000000 
249803000: system.memobj: -------------------------------------
249873000: system.memobj: mem->cpu Got response for addr 0x1a320 , 107296
249873000: system.memobj: size 0x8
249873000: system.memobj: id 94061725741872
249873000: system.memobj: data_hex : 4C896424E84C8974 
249873000: system.memobj: data : 0100110010001001011001000010010011101000010011001000100101110100 
249873000: system.memobj: fix data : 0100110010001001011001000010010011101000010011001000100101110100 
249873000: system.memobj: -------------------------------------
249922000: system.memobj: mem->cpu Got response for addr 0x1a328 , 107304
249922000: system.memobj: size 0x8
249922000: system.memobj: id 94061725742736
249922000: system.memobj: data_hex : 24F84989FC48895C 
249922000: system.memobj: data : 0010010011111000010010011000100111111100010010001000100101011100 
249922000: system.memobj: fix data : 0010010011111000010010011000100111111100010010001000100101011100 
249922000: system.memobj: -------------------------------------
249922000: system.memobj: cpu->mem Got request for addr 0x94b30 , 609072
249922000: system.memobj: size 0x8
249922000: system.memobj: id 94061725741872
249922000: system.memobj: data_hex : D8EDFFFFFF7F0000 
249922000: system.memobj: data : 1101100011101101111111111111111111111111011111110000000000000000 
249922000: system.memobj: hamming code addr: 609072 
249922000: system.memobj: hamming code : 8 
249922000: system.memobj: hamming code addr: 609080 
249922000: system.memobj: hamming code : 15 
249922000: system.memobj: hamming code addr: 609088 
249922000: system.memobj: hamming code : 3 
249922000: system.memobj: hamming code addr: 609096 
249922000: system.memobj: hamming code : 3 
249922000: system.memobj: hamming code addr: 609104 
249922000: system.memobj: hamming code : 3 
249922000: system.memobj: hamming code addr: 609112 
249922000: system.memobj: hamming code : 0 
249922000: system.memobj: hamming code addr: 609120 
249922000: system.memobj: hamming code : 0 
249922000: system.memobj: hamming code addr: 609128 
249922000: system.memobj: hamming code : 0 
249922000: system.memobj: Enter Error Bit index: 2 
249922000: system.memobj: flip data : 1001100011101101111111111111111111111111011111110000000000000000 
249922000: system.memobj: -------------------------------------
249992000: system.memobj: mem->cpu Got response for addr 0x1a328 , 107304
249992000: system.memobj: size 0x8
249992000: system.memobj: id 94061725741872
249992000: system.memobj: data_hex : 24F84989FC48895C 
249992000: system.memobj: data : 0010010011111000010010011000100111111100010010001000100101011100 
249992000: system.memobj: fix data : 0010010011111000010010011000100111111100010010001000100101011100 
249992000: system.memobj: -------------------------------------
250041000: system.memobj: mem->cpu Got response for addr 0x1a328 , 107304
250041000: system.memobj: size 0x8
250041000: system.memobj: id 94061725742736
250041000: system.memobj: data_hex : 24F84989FC48895C 
250041000: system.memobj: data : 0010010011111000010010011000100111111100010010001000100101011100 
250041000: system.memobj: fix data : 0010010011111000010010011000100111111100010010001000100101011100 
250041000: system.memobj: -------------------------------------
250090000: system.memobj: mem->cpu Got response for addr 0x1a330 , 107312
250090000: system.memobj: size 0x8
250090000: system.memobj: id 94061725741872
250090000: system.memobj: data_hex : 24D848896C24E04C 
250090000: system.memobj: data : 0010010011011000010010001000100101101100001001001110000001001100 
250090000: system.memobj: fix data : 0010010011011000010010001000100101101100001001001110000001001100 
250090000: system.memobj: -------------------------------------
250090000: system.memobj: cpu->mem Got request for addr 0x94b10 , 609040
250090000: system.memobj: size 0x8
250090000: system.memobj: id 94061725742736
250090000: system.memobj: data_hex : 0042004200000000 
250090000: system.memobj: data : 0000000001000010000000000100001000000000000000000000000000000000 
250090000: system.memobj: hamming code addr: 609040 
250090000: system.memobj: hamming code : 0 
250090000: system.memobj: hamming code addr: 609048 
250090000: system.memobj: hamming code : 14 
250090000: system.memobj: hamming code addr: 609056 
250090000: system.memobj: hamming code : 0 
250090000: system.memobj: hamming code addr: 609064 
250090000: system.memobj: hamming code : 14 
250090000: system.memobj: hamming code addr: 609072 
250090000: system.memobj: hamming code : 0 
250090000: system.memobj: hamming code addr: 609080 
250090000: system.memobj: hamming code : 0 
250090000: system.memobj: hamming code addr: 609088 
250090000: system.memobj: hamming code : 0 
250090000: system.memobj: hamming code addr: 609096 
250090000: system.memobj: hamming code : 0 
250090000: system.memobj: Enter Error Bit index: 4 
250090000: system.memobj: flip data : 0001000001000010000000000100001000000000000000000000000000000000 
250090000: system.memobj: -------------------------------------
250160000: system.memobj: mem->cpu Got response for addr 0x1a330 , 107312
250160000: system.memobj: size 0x8
250160000: system.memobj: id 94061725742736
250160000: system.memobj: data_hex : 24D848896C24E04C 
250160000: system.memobj: data : 0010010011011000010010001000100101101100001001001110000001001100 
250160000: system.memobj: fix data : 0010010011011000010010001000100101101100001001001110000001001100 
250160000: system.memobj: -------------------------------------
250160000: system.memobj: cpu->mem Got request for addr 0x94b18 , 609048
250160000: system.memobj: size 0x8
250160000: system.memobj: id 94061725741872
250160000: system.memobj: data_hex : D8EDFFFFFF7F0000 
250160000: system.memobj: data : 1101100011101101111111111111111111111111011111110000000000000000 
250160000: system.memobj: hamming code addr: 609048 
250160000: system.memobj: hamming code : 8 
250160000: system.memobj: hamming code addr: 609056 
250160000: system.memobj: hamming code : 15 
250160000: system.memobj: hamming code addr: 609064 
250160000: system.memobj: hamming code : 3 
250160000: system.memobj: hamming code addr: 609072 
250160000: system.memobj: hamming code : 3 
250160000: system.memobj: hamming code addr: 609080 
250160000: system.memobj: hamming code : 3 
250160000: system.memobj: hamming code addr: 609088 
250160000: system.memobj: hamming code : 0 
250160000: system.memobj: hamming code addr: 609096 
250160000: system.memobj: hamming code : 0 
250160000: system.memobj: hamming code addr: 609104 
250160000: system.memobj: hamming code : 0 
250160000: system.memobj: Enter Error Bit index: 7 
250160000: system.memobj: flip data : 1101101011101101111111111111111111111111011111110000000000000000 
250160000: system.memobj: -------------------------------------
250230000: system.memobj: mem->cpu Got response for addr 0x1a330 , 107312
250230000: system.memobj: size 0x8
250230000: system.memobj: id 94061725741872
250230000: system.memobj: data_hex : 24D848896C24E04C 
250230000: system.memobj: data : 0010010011011000010010001000100101101100001001001110000001001100 
250230000: system.memobj: fix data : 0010010011011000010010001000100101101100001001001110000001001100 
250230000: system.memobj: -------------------------------------
250279000: system.memobj: mem->cpu Got response for addr 0x1a338 , 107320
250279000: system.memobj: size 0x8
250279000: system.memobj: id 94061725742736
250279000: system.memobj: data_hex : 896C24F04883EC28 
250279000: system.memobj: data : 1000100101101100001001001111000001001000100000111110110000101000 
250279000: system.memobj: fix data : 1000100101101100001001001111000001001000100000111110110000101000 
250279000: system.memobj: -------------------------------------
250279000: system.memobj: cpu->mem Got request for addr 0x94b28 , 609064
250279000: system.memobj: size 0x8
250279000: system.memobj: id 94061725741872
250279000: system.memobj: data_hex : 0100000000000000 
250279000: system.memobj: data : 0000000100000000000000000000000000000000000000000000000000000000 
250279000: system.memobj: hamming code addr: 609064 
250279000: system.memobj: hamming code : 12 
250279000: system.memobj: hamming code addr: 609072 
250279000: system.memobj: hamming code : 0 
250279000: system.memobj: hamming code addr: 609080 
250279000: system.memobj: hamming code : 0 
250279000: system.memobj: hamming code addr: 609088 
250279000: system.memobj: hamming code : 0 
250279000: system.memobj: hamming code addr: 609096 
250279000: system.memobj: hamming code : 0 
250279000: system.memobj: hamming code addr: 609104 
250279000: system.memobj: hamming code : 0 
250279000: system.memobj: hamming code addr: 609112 
250279000: system.memobj: hamming code : 0 
250279000: system.memobj: hamming code addr: 609120 
250279000: system.memobj: hamming code : 0 
250279000: system.memobj: Enter Error Bit index: 3 
250279000: system.memobj: flip data : 0010000100000000000000000000000000000000000000000000000000000000 
250279000: system.memobj: -------------------------------------
250349000: system.memobj: mem->cpu Got response for addr 0x1a338 , 107320
250349000: system.memobj: size 0x8
250349000: system.memobj: id 94061725741872
250349000: system.memobj: data_hex : 896C24F04883EC28 
250349000: system.memobj: data : 1000100101101100001001001111000001001000100000111110110000101000 
250349000: system.memobj: fix data : 1000100101101100001001001111000001001000100000111110110000101000 
250349000: system.memobj: -------------------------------------
250398000: system.memobj: mem->cpu Got response for addr 0x1a340 , 107328
250398000: system.memobj: size 0x8
250398000: system.memobj: id 94061725742736
250398000: system.memobj: data_hex : E8CB79FFFF488B15 
250398000: system.memobj: data : 1110100011001011011110011111111111111111010010001000101100010101 
250398000: system.memobj: fix data : 1110100011001011011110011111111111111111010010001000101100010101 
250398000: system.memobj: -------------------------------------
250398000: system.memobj: cpu->mem Got request for addr 0x94b08 , 609032
250398000: system.memobj: size 0x8
250398000: system.memobj: id 94061725741872
250398000: system.memobj: data_hex : 45A3410000000000 
250398000: system.memobj: data : 0100010110100011010000010000000000000000000000000000000000000000 
250398000: system.memobj: hamming code addr: 609032 
250398000: system.memobj: hamming code : 3 
250398000: system.memobj: hamming code addr: 609040 
250398000: system.memobj: hamming code : 2 
250398000: system.memobj: hamming code addr: 609048 
250398000: system.memobj: hamming code : 9 
250398000: system.memobj: hamming code addr: 609056 
250398000: system.memobj: hamming code : 0 
250398000: system.memobj: hamming code addr: 609064 
250398000: system.memobj: hamming code : 0 
250398000: system.memobj: hamming code addr: 609072 
250398000: system.memobj: hamming code : 0 
250398000: system.memobj: hamming code addr: 609080 
250398000: system.memobj: hamming code : 0 
250398000: system.memobj: hamming code addr: 609088 
250398000: system.memobj: hamming code : 0 
250398000: system.memobj: Enter Error Bit index: 6 
250398000: system.memobj: flip data : 0100000110100011010000010000000000000000000000000000000000000000 
250398000: system.memobj: -------------------------------------
250482000: system.memobj: mem->cpu Got response for addr 0x11d10 , 72976
250482000: system.memobj: size 0x8
250482000: system.memobj: id 94061725741872
250482000: system.memobj: data_hex : 4889FE48F7DF4989 
250482000: system.memobj: data : 0100100010001001111111100100100011110111110111110100100110001001 
250482000: system.memobj: fix data : 0100100010001001111111100100100011110111110111110100100110001001 
250482000: system.memobj: -------------------------------------
250531000: system.memobj: mem->cpu Got response for addr 0x11d10 , 72976
250531000: system.memobj: size 0x8
250531000: system.memobj: id 94061725742736
250531000: system.memobj: data_hex : 4889FE48F7DF4989 
250531000: system.memobj: data : 0100100010001001111111100100100011110111110111110100100110001001 
250531000: system.memobj: fix data : 0100100010001001111111100100100011110111110111110100100110001001 
250531000: system.memobj: -------------------------------------
250580000: system.memobj: mem->cpu Got response for addr 0x11d10 , 72976
250580000: system.memobj: size 0x8
250580000: system.memobj: id 94061725741872
250580000: system.memobj: data_hex : 4889FE48F7DF4989 
250580000: system.memobj: data : 0100100010001001111111100100100011110111110111110100100110001001 
250580000: system.memobj: fix data : 0100100010001001111111100100100011110111110111110100100110001001 
250580000: system.memobj: -------------------------------------
250629000: system.memobj: mem->cpu Got response for addr 0x11d18 , 72984
250629000: system.memobj: size 0x8
250629000: system.memobj: id 94061725742736
250629000: system.memobj: data_hex : F04183E007743149 
250629000: system.memobj: data : 1111000001000001100000111110000000000111011101000011000101001001 
250629000: system.memobj: fix data : 1111000001000001100000111110000000000111011101000011000101001001 
250629000: system.memobj: -------------------------------------
250678000: system.memobj: mem->cpu Got response for addr 0x11d18 , 72984
250678000: system.memobj: size 0x8
250678000: system.memobj: id 94061725741872
250678000: system.memobj: data_hex : F04183E007743149 
250678000: system.memobj: data : 1111000001000001100000111110000000000111011101000011000101001001 
250678000: system.memobj: fix data : 1111000001000001100000111110000000000111011101000011000101001001 
250678000: system.memobj: -------------------------------------
250727000: system.memobj: mem->cpu Got response for addr 0x11d18 , 72984
250727000: system.memobj: size 0x8
250727000: system.memobj: id 94061725742736
250727000: system.memobj: data_hex : F04183E007743149 
250727000: system.memobj: data : 1111000001000001100000111110000000000111011101000011000101001001 
250727000: system.memobj: fix data : 1111000001000001100000111110000000000111011101000011000101001001 
250727000: system.memobj: -------------------------------------
250776000: system.memobj: mem->cpu Got response for addr 0x11d50 , 73040
250776000: system.memobj: size 0x8
250776000: system.memobj: id 94061725741872
250776000: system.memobj: data_hex : 488B0648B9FFFEFE 
250776000: system.memobj: data : 0100100010001011000001100100100010111001111111111111111011111110 
250776000: system.memobj: fix data : 0100100010001011000001100100100010111001111111111111111011111110 
250776000: system.memobj: -------------------------------------
250839000: system.memobj: mem->cpu Got response for addr 0x5edb8 , 388536
250839000: system.memobj: size 0x8
250839000: system.memobj: id 94061725742736
250839000: system.memobj: data_hex : 4C445F415353554D 
250839000: system.memobj: data : 0100110001000100010111110100000101010011010100110101010101001101 
250839000: system.memobj: fix data : 0100110001000100010111110100000101010011010100110101010101001101 
250839000: system.memobj: -------------------------------------
250888000: system.memobj: mem->cpu Got response for addr 0x11d50 , 73040
250888000: system.memobj: size 0x8
250888000: system.memobj: id 94061725742736
250888000: system.memobj: data_hex : 488B0648B9FFFEFE 
250888000: system.memobj: data : 0100100010001011000001100100100010111001111111111111111011111110 
250888000: system.memobj: fix data : 0100100010001011000001100100100010111001111111111111111011111110 
250888000: system.memobj: -------------------------------------
250937000: system.memobj: mem->cpu Got response for addr 0x11d58 , 73048
250937000: system.memobj: size 0x8
250937000: system.memobj: id 94061725741872
250937000: system.memobj: data_hex : FEFEFEFEFE4989C8 
250937000: system.memobj: data : 1111111011111110111111101111111011111110010010011000100111001000 
250937000: system.memobj: fix data : 1111111011111110111111101111111011111110010010011000100111001000 
250937000: system.memobj: -------------------------------------
250986000: system.memobj: mem->cpu Got response for addr 0x11d58 , 73048
250986000: system.memobj: size 0x8
250986000: system.memobj: id 94061725742736
250986000: system.memobj: data_hex : FEFEFEFEFE4989C8 
250986000: system.memobj: data : 1111111011111110111111101111111011111110010010011000100111001000 
250986000: system.memobj: fix data : 1111111011111110111111101111111011111110010010011000100111001000 
250986000: system.memobj: -------------------------------------
251035000: system.memobj: mem->cpu Got response for addr 0x11d60 , 73056
251035000: system.memobj: size 0x8
251035000: system.memobj: id 94061725741872
251035000: system.memobj: data_hex : 4901C00F83070300 
251035000: system.memobj: data : 0100100100000001110000000000111110000011000001110000001100000000 
251035000: system.memobj: fix data : 0100100100000001110000000000111110000011000001110000001100000000 
251035000: system.memobj: -------------------------------------
251084000: system.memobj: mem->cpu Got response for addr 0x11d60 , 73056
251084000: system.memobj: size 0x8
251084000: system.memobj: id 94061725742736
251084000: system.memobj: data_hex : 4901C00F83070300 
251084000: system.memobj: data : 0100100100000001110000000000111110000011000001110000001100000000 
251084000: system.memobj: fix data : 0100100100000001110000000000111110000011000001110000001100000000 
251084000: system.memobj: -------------------------------------
251133000: system.memobj: mem->cpu Got response for addr 0x11d68 , 73064
251133000: system.memobj: size 0x8
251133000: system.memobj: id 94061725741872
251133000: system.memobj: data_hex : 004931C04909C849 
251133000: system.memobj: data : 0000000001001001001100011100000001001001000010011100100001001001 
251133000: system.memobj: fix data : 0000000001001001001100011100000001001001000010011100100001001001 
251133000: system.memobj: -------------------------------------
251182000: system.memobj: mem->cpu Got response for addr 0x11d68 , 73064
251182000: system.memobj: size 0x8
251182000: system.memobj: id 94061725742736
251182000: system.memobj: data_hex : 004931C04909C849 
251182000: system.memobj: data : 0000000001001001001100011100000001001001000010011100100001001001 
251182000: system.memobj: fix data : 0000000001001001001100011100000001001001000010011100100001001001 
251182000: system.memobj: -------------------------------------
251231000: system.memobj: mem->cpu Got response for addr 0x11d68 , 73064
251231000: system.memobj: size 0x8
251231000: system.memobj: id 94061725741872
251231000: system.memobj: data_hex : 004931C04909C849 
251231000: system.memobj: data : 0000000001001001001100011100000001001001000010011100100001001001 
251231000: system.memobj: fix data : 0000000001001001001100011100000001001001000010011100100001001001 
251231000: system.memobj: -------------------------------------
251280000: system.memobj: mem->cpu Got response for addr 0x11d68 , 73064
251280000: system.memobj: size 0x8
251280000: system.memobj: id 94061725742736
251280000: system.memobj: data_hex : 004931C04909C849 
251280000: system.memobj: data : 0000000001001001001100011100000001001001000010011100100001001001 
251280000: system.memobj: fix data : 0000000001001001001100011100000001001001000010011100100001001001 
251280000: system.memobj: -------------------------------------
251343000: system.memobj: mem->cpu Got response for addr 0x11d70 , 73072
251343000: system.memobj: size 0x8
251343000: system.memobj: id 94061725741872
251343000: system.memobj: data_hex : FFC00F85F8020000 
251343000: system.memobj: data : 1111111111000000000011111000010111111000000000100000000000000000 
251343000: system.memobj: fix data : 1111111111000000000011111000010111111000000000100000000000000000 
251343000: system.memobj: -------------------------------------
251392000: system.memobj: mem->cpu Got response for addr 0x11d70 , 73072
251392000: system.memobj: size 0x8
251392000: system.memobj: id 94061725742736
251392000: system.memobj: data_hex : FFC00F85F8020000 
251392000: system.memobj: data : 1111111111000000000011111000010111111000000000100000000000000000 
251392000: system.memobj: fix data : 1111111111000000000011111000010111111000000000100000000000000000 
251392000: system.memobj: -------------------------------------
251441000: system.memobj: mem->cpu Got response for addr 0x11d78 , 73080
251441000: system.memobj: size 0x8
251441000: system.memobj: id 94061725741872
251441000: system.memobj: data_hex : 488B4608488D7608 
251441000: system.memobj: data : 0100100010001011010001100000100001001000100011010111011000001000 
251441000: system.memobj: fix data : 0100100010001011010001100000100001001000100011010111011000001000 
251441000: system.memobj: -------------------------------------
251490000: system.memobj: mem->cpu Got response for addr 0x5edc0 , 388544
251490000: system.memobj: size 0x8
251490000: system.memobj: id 94061725742736
251490000: system.memobj: data_hex : 455F4B45524E454C 
251490000: system.memobj: data : 0100010101011111010010110100010101010010010011100100010101001100 
251490000: system.memobj: fix data : 0100010101011111010010110100010101010010010011100100010101001100 
251490000: system.memobj: -------------------------------------
251539000: system.memobj: mem->cpu Got response for addr 0x11d78 , 73080
251539000: system.memobj: size 0x8
251539000: system.memobj: id 94061725742736
251539000: system.memobj: data_hex : 488B4608488D7608 
251539000: system.memobj: data : 0100100010001011010001100000100001001000100011010111011000001000 
251539000: system.memobj: fix data : 0100100010001011010001100000100001001000100011010111011000001000 
251539000: system.memobj: -------------------------------------
251588000: system.memobj: mem->cpu Got response for addr 0x11d80 , 73088
251588000: system.memobj: size 0x8
251588000: system.memobj: id 94061725741872
251588000: system.memobj: data_hex : 4989C84901C00F83 
251588000: system.memobj: data : 0100100110001001110010000100100100000001110000000000111110000011 
251588000: system.memobj: fix data : 0100100110001001110010000100100100000001110000000000111110000011 
251588000: system.memobj: -------------------------------------
251637000: system.memobj: mem->cpu Got response for addr 0x11d80 , 73088
251637000: system.memobj: size 0x8
251637000: system.memobj: id 94061725742736
251637000: system.memobj: data_hex : 4989C84901C00F83 
251637000: system.memobj: data : 0100100110001001110010000100100100000001110000000000111110000011 
251637000: system.memobj: fix data : 0100100110001001110010000100100100000001110000000000111110000011 
251637000: system.memobj: -------------------------------------
251686000: system.memobj: mem->cpu Got response for addr 0x11d80 , 73088
251686000: system.memobj: size 0x8
251686000: system.memobj: id 94061725741872
251686000: system.memobj: data_hex : 4989C84901C00F83 
251686000: system.memobj: data : 0100100110001001110010000100100100000001110000000000111110000011 
251686000: system.memobj: fix data : 0100100110001001110010000100100100000001110000000000111110000011 
251686000: system.memobj: -------------------------------------
251735000: system.memobj: mem->cpu Got response for addr 0x11d88 , 73096
251735000: system.memobj: size 0x8
251735000: system.memobj: id 94061725742736
251735000: system.memobj: data_hex : E40200004931C049 
251735000: system.memobj: data : 1110010000000010000000000000000001001001001100011100000001001001 
251735000: system.memobj: fix data : 1110010000000010000000000000000001001001001100011100000001001001 
251735000: system.memobj: -------------------------------------
251784000: system.memobj: mem->cpu Got response for addr 0x11d88 , 73096
251784000: system.memobj: size 0x8
251784000: system.memobj: id 94061725741872
251784000: system.memobj: data_hex : E40200004931C049 
251784000: system.memobj: data : 1110010000000010000000000000000001001001001100011100000001001001 
251784000: system.memobj: fix data : 1110010000000010000000000000000001001001001100011100000001001001 
251784000: system.memobj: -------------------------------------
251833000: system.memobj: mem->cpu Got response for addr 0x11d88 , 73096
251833000: system.memobj: size 0x8
251833000: system.memobj: id 94061725742736
251833000: system.memobj: data_hex : E40200004931C049 
251833000: system.memobj: data : 1110010000000010000000000000000001001001001100011100000001001001 
251833000: system.memobj: fix data : 1110010000000010000000000000000001001001001100011100000001001001 
251833000: system.memobj: -------------------------------------
251882000: system.memobj: mem->cpu Got response for addr 0x11d90 , 73104
251882000: system.memobj: size 0x8
251882000: system.memobj: id 94061725741872
251882000: system.memobj: data_hex : 09C849FFC00F85D5 
251882000: system.memobj: data : 0000100111001000010010011111111111000000000011111000010111010101 
251882000: system.memobj: fix data : 0000100111001000010010011111111111000000000011111000010111010101 
251882000: system.memobj: -------------------------------------
251931000: system.memobj: mem->cpu Got response for addr 0x11d90 , 73104
251931000: system.memobj: size 0x8
251931000: system.memobj: id 94061725742736
251931000: system.memobj: data_hex : 09C849FFC00F85D5 
251931000: system.memobj: data : 0000100111001000010010011111111111000000000011111000010111010101 
251931000: system.memobj: fix data : 0000100111001000010010011111111111000000000011111000010111010101 
251931000: system.memobj: -------------------------------------
251980000: system.memobj: mem->cpu Got response for addr 0x11d90 , 73104
251980000: system.memobj: size 0x8
251980000: system.memobj: id 94061725741872
251980000: system.memobj: data_hex : 09C849FFC00F85D5 
251980000: system.memobj: data : 0000100111001000010010011111111111000000000011111000010111010101 
251980000: system.memobj: fix data : 0000100111001000010010011111111111000000000011111000010111010101 
251980000: system.memobj: -------------------------------------
252029000: system.memobj: mem->cpu Got response for addr 0x11d98 , 73112
252029000: system.memobj: size 0x8
252029000: system.memobj: id 94061725742736
252029000: system.memobj: data_hex : 020000488B460848 
252029000: system.memobj: data : 0000001000000000000000000100100010001011010001100000100001001000 
252029000: system.memobj: fix data : 0000001000000000000000000100100010001011010001100000100001001000 
252029000: system.memobj: -------------------------------------
252078000: system.memobj: mem->cpu Got response for addr 0x11d98 , 73112
252078000: system.memobj: size 0x8
252078000: system.memobj: id 94061725741872
252078000: system.memobj: data_hex : 020000488B460848 
252078000: system.memobj: data : 0000001000000000000000000100100010001011010001100000100001001000 
252078000: system.memobj: fix data : 0000001000000000000000000100100010001011010001100000100001001000 
252078000: system.memobj: -------------------------------------
252127000: system.memobj: mem->cpu Got response for addr 0x5edc8 , 388552
252127000: system.memobj: size 0x8
252127000: system.memobj: id 94061725742736
252127000: system.memobj: data_hex : 004D414C4C4F435F 
252127000: system.memobj: data : 0000000001001101010000010100110001001100010011110100001101011111 
252127000: system.memobj: fix data : 0000000001001101010000010100110001001100010011110100001101011111 
252127000: system.memobj: -------------------------------------
252176000: system.memobj: mem->cpu Got response for addr 0x11d98 , 73112
252176000: system.memobj: size 0x8
252176000: system.memobj: id 94061725742736
252176000: system.memobj: data_hex : 020000488B460848 
252176000: system.memobj: data : 0000001000000000000000000100100010001011010001100000100001001000 
252176000: system.memobj: fix data : 0000001000000000000000000100100010001011010001100000100001001000 
252176000: system.memobj: -------------------------------------
252239000: system.memobj: mem->cpu Got response for addr 0x11da0 , 73120
252239000: system.memobj: size 0x8
252239000: system.memobj: id 94061725741872
252239000: system.memobj: data_hex : 8D76084989C84901 
252239000: system.memobj: data : 1000110101110110000010000100100110001001110010000100100100000001 
252239000: system.memobj: fix data : 1000110101110110000010000100100110001001110010000100100100000001 
252239000: system.memobj: -------------------------------------
252288000: system.memobj: mem->cpu Got response for addr 0x11da0 , 73120
252288000: system.memobj: size 0x8
252288000: system.memobj: id 94061725742736
252288000: system.memobj: data_hex : 8D76084989C84901 
252288000: system.memobj: data : 1000110101110110000010000100100110001001110010000100100100000001 
252288000: system.memobj: fix data : 1000110101110110000010000100100110001001110010000100100100000001 
252288000: system.memobj: -------------------------------------
252337000: system.memobj: mem->cpu Got response for addr 0x11da0 , 73120
252337000: system.memobj: size 0x8
252337000: system.memobj: id 94061725741872
252337000: system.memobj: data_hex : 8D76084989C84901 
252337000: system.memobj: data : 1000110101110110000010000100100110001001110010000100100100000001 
252337000: system.memobj: fix data : 1000110101110110000010000100100110001001110010000100100100000001 
252337000: system.memobj: -------------------------------------
252386000: system.memobj: mem->cpu Got response for addr 0x11da8 , 73128
252386000: system.memobj: size 0x8
252386000: system.memobj: id 94061725742736
252386000: system.memobj: data_hex : C00F83C102000049 
252386000: system.memobj: data : 1100000000001111100000111100000100000010000000000000000001001001 
252386000: system.memobj: fix data : 1100000000001111100000111100000100000010000000000000000001001001 
252386000: system.memobj: -------------------------------------
252435000: system.memobj: mem->cpu Got response for addr 0x11da8 , 73128
252435000: system.memobj: size 0x8
252435000: system.memobj: id 94061725741872
252435000: system.memobj: data_hex : C00F83C102000049 
252435000: system.memobj: data : 1100000000001111100000111100000100000010000000000000000001001001 
252435000: system.memobj: fix data : 1100000000001111100000111100000100000010000000000000000001001001 
252435000: system.memobj: -------------------------------------
252484000: system.memobj: mem->cpu Got response for addr 0x11da8 , 73128
252484000: system.memobj: size 0x8
252484000: system.memobj: id 94061725742736
252484000: system.memobj: data_hex : C00F83C102000049 
252484000: system.memobj: data : 1100000000001111100000111100000100000010000000000000000001001001 
252484000: system.memobj: fix data : 1100000000001111100000111100000100000010000000000000000001001001 
252484000: system.memobj: -------------------------------------
252533000: system.memobj: mem->cpu Got response for addr 0x11db0 , 73136
252533000: system.memobj: size 0x8
252533000: system.memobj: id 94061725741872
252533000: system.memobj: data_hex : 31C04909C849FFC0 
252533000: system.memobj: data : 0011000111000000010010010000100111001000010010011111111111000000 
252533000: system.memobj: fix data : 0011000111000000010010010000100111001000010010011111111111000000 
252533000: system.memobj: -------------------------------------
252582000: system.memobj: mem->cpu Got response for addr 0x11db0 , 73136
252582000: system.memobj: size 0x8
252582000: system.memobj: id 94061725742736
252582000: system.memobj: data_hex : 31C04909C849FFC0 
252582000: system.memobj: data : 0011000111000000010010010000100111001000010010011111111111000000 
252582000: system.memobj: fix data : 0011000111000000010010010000100111001000010010011111111111000000 
252582000: system.memobj: -------------------------------------
252631000: system.memobj: mem->cpu Got response for addr 0x11db0 , 73136
252631000: system.memobj: size 0x8
252631000: system.memobj: id 94061725741872
252631000: system.memobj: data_hex : 31C04909C849FFC0 
252631000: system.memobj: data : 0011000111000000010010010000100111001000010010011111111111000000 
252631000: system.memobj: fix data : 0011000111000000010010010000100111001000010010011111111111000000 
252631000: system.memobj: -------------------------------------
252680000: system.memobj: mem->cpu Got response for addr 0x11db8 , 73144
252680000: system.memobj: size 0x8
252680000: system.memobj: id 94061725742736
252680000: system.memobj: data_hex : 0F85B2020000488B 
252680000: system.memobj: data : 0000111110000101101100100000001000000000000000000100100010001011 
252680000: system.memobj: fix data : 0000111110000101101100100000001000000000000000000100100010001011 
252680000: system.memobj: -------------------------------------
252743000: system.memobj: mem->cpu Got response for addr 0x12070 , 73840
252743000: system.memobj: size 0x8
252743000: system.memobj: id 94061725741872
252743000: system.memobj: data_hex : 84C0742C48FFC684 
252743000: system.memobj: data : 1000010011000000011101000010110001001000111111111100011010000100 
252743000: system.memobj: fix data : 1000010011000000011101000010110001001000111111111100011010000100 
252743000: system.memobj: -------------------------------------
252792000: system.memobj: mem->cpu Got response for addr 0x12070 , 73840
252792000: system.memobj: size 0x8
252792000: system.memobj: id 94061725742736
252792000: system.memobj: data_hex : 84C0742C48FFC684 
252792000: system.memobj: data : 1000010011000000011101000010110001001000111111111100011010000100 
252792000: system.memobj: fix data : 1000010011000000011101000010110001001000111111111100011010000100 
252792000: system.memobj: -------------------------------------
252841000: system.memobj: mem->cpu Got response for addr 0x120a0 , 73888
252841000: system.memobj: size 0x8
252841000: system.memobj: id 94061725741872
252841000: system.memobj: data_hex : 488D0437C3909090 
252841000: system.memobj: data : 0100100010001101000001000011011111000011100100001001000010010000 
252841000: system.memobj: fix data : 0100100010001101000001000011011111000011100100001001000010010000 
252841000: system.memobj: -------------------------------------
252890000: system.memobj: mem->cpu Got response for addr 0x120a0 , 73888
252890000: system.memobj: size 0x8
252890000: system.memobj: id 94061725742736
252890000: system.memobj: data_hex : 488D0437C3909090 
252890000: system.memobj: data : 0100100010001101000001000011011111000011100100001001000010010000 
252890000: system.memobj: fix data : 0100100010001101000001000011011111000011100100001001000010010000 
252890000: system.memobj: -------------------------------------
252967000: system.memobj: mem->cpu Got response for addr 0x94b08 , 609032
252967000: system.memobj: size 0x8
252967000: system.memobj: id 94061725741872
252967000: system.memobj: data_hex : 41A3410000000000 
252967000: system.memobj: data : 0100000110100011010000010000000000000000000000000000000000000000 
252967000: system.memobj: hamming code addr: 609032 
252967000: system.memobj: hamming code out: 3 
252967000: system.memobj: find Error Bit index : 6 
252967000: system.memobj: hamming code addr: 609040 
252967000: system.memobj: hamming code out: 2 
252967000: system.memobj: hamming code addr: 609048 
252967000: system.memobj: hamming code out: 9 
252967000: system.memobj: hamming code addr: 609056 
252967000: system.memobj: hamming code out: 0 
252967000: system.memobj: hamming code addr: 609064 
252967000: system.memobj: hamming code out: 0 
252967000: system.memobj: hamming code addr: 609072 
252967000: system.memobj: hamming code out: 0 
252967000: system.memobj: hamming code addr: 609080 
252967000: system.memobj: hamming code out: 0 
252967000: system.memobj: hamming code addr: 609088 
252967000: system.memobj: hamming code out: 0 
252967000: system.memobj: fix data : 0100010110100011010000010000000000000000000000000000000000000000 
252967000: system.memobj: -------------------------------------
253016000: system.memobj: mem->cpu Got response for addr 0x1a340 , 107328
253016000: system.memobj: size 0x8
253016000: system.memobj: id 94061725741872
253016000: system.memobj: data_hex : E8CB79FFFF488B15 
253016000: system.memobj: data : 1110100011001011011110011111111111111111010010001000101100010101 
253016000: system.memobj: fix data : 1110100011001011011110011111111111111111010010001000101100010101 
253016000: system.memobj: -------------------------------------
253065000: system.memobj: mem->cpu Got response for addr 0x1a348 , 107336
253065000: system.memobj: size 0x8
253065000: system.memobj: id 94061725742736
253065000: system.memobj: data_hex : AC8A17004989C648 
253065000: system.memobj: data : 1010110010001010000101110000000001001001100010011100011001001000 
253065000: system.memobj: fix data : 1010110010001010000101110000000001001001100010011100011001001000 
253065000: system.memobj: -------------------------------------
253142000: system.memobj: mem->cpu Got response for addr 0x92df8 , 601592
253142000: system.memobj: size 0x8
253142000: system.memobj: id 94061725741872
253142000: system.memobj: data_hex : A8EDFFFFFF7F0000 
253142000: system.memobj: data : 1010100011101101111111111111111111111111011111110000000000000000 
253142000: system.memobj: hamming code addr: 601592 
253142000: system.memobj: hamming code out: 9 
253142000: system.memobj: find Error Bit index : 2 
253142000: system.memobj: hamming code addr: 601600 
253142000: system.memobj: hamming code out: 15 
253142000: system.memobj: hamming code addr: 601608 
253142000: system.memobj: hamming code out: 3 
253142000: system.memobj: hamming code addr: 601616 
253142000: system.memobj: hamming code out: 3 
253142000: system.memobj: hamming code addr: 601624 
253142000: system.memobj: hamming code out: 3 
253142000: system.memobj: hamming code addr: 601632 
253142000: system.memobj: hamming code out: 0 
253142000: system.memobj: hamming code addr: 601640 
253142000: system.memobj: hamming code out: 0 
253142000: system.memobj: hamming code addr: 601648 
253142000: system.memobj: hamming code out: 0 
253142000: system.memobj: fix data : 1110100011101101111111111111111111111111011111110000000000000000 
253142000: system.memobj: -------------------------------------
253191000: system.memobj: mem->cpu Got response for addr 0x1a348 , 107336
253191000: system.memobj: size 0x8
253191000: system.memobj: id 94061725741872
253191000: system.memobj: data_hex : AC8A17004989C648 
253191000: system.memobj: data : 1010110010001010000101110000000001001001100010011100011001001000 
253191000: system.memobj: fix data : 1010110010001010000101110000000001001001100010011100011001001000 
253191000: system.memobj: -------------------------------------
253240000: system.memobj: mem->cpu Got response for addr 0x1a348 , 107336
253240000: system.memobj: size 0x8
253240000: system.memobj: id 94061725742736
253240000: system.memobj: data_hex : AC8A17004989C648 
253240000: system.memobj: data : 1010110010001010000101110000000001001001100010011100011001001000 
253240000: system.memobj: fix data : 1010110010001010000101110000000001001001100010011100011001001000 
253240000: system.memobj: -------------------------------------
253289000: system.memobj: mem->cpu Got response for addr 0x1a350 , 107344
253289000: system.memobj: size 0x8
253289000: system.memobj: id 94061725741872
253289000: system.memobj: data_hex : 85D27409410FB604 
253289000: system.memobj: data : 1000010111010010011101000000100101000001000011111011011000000100 
253289000: system.memobj: fix data : 1000010111010010011101000000100101000001000011111011011000000100 
253289000: system.memobj: -------------------------------------
253352000: system.memobj: mem->cpu Got response for addr 0x1a350 , 107344
253352000: system.memobj: size 0x8
253352000: system.memobj: id 94061725742736
253352000: system.memobj: data_hex : 85D27409410FB604 
253352000: system.memobj: data : 1000010111010010011101000000100101000001000011111011011000000100 
253352000: system.memobj: fix data : 1000010111010010011101000000100101000001000011111011011000000100 
253352000: system.memobj: -------------------------------------
253401000: system.memobj: mem->cpu Got response for addr 0x1a350 , 107344
253401000: system.memobj: size 0x8
253401000: system.memobj: id 94061725741872
253401000: system.memobj: data_hex : 85D27409410FB604 
253401000: system.memobj: data : 1000010111010010011101000000100101000001000011111011011000000100 
253401000: system.memobj: fix data : 1000010111010010011101000000100101000001000011111011011000000100 
253401000: system.memobj: -------------------------------------
253450000: system.memobj: mem->cpu Got response for addr 0x1a358 , 107352
253450000: system.memobj: size 0x8
253450000: system.memobj: id 94061725742736
253450000: system.memobj: data_hex : 2484C0752331C048 
253450000: system.memobj: data : 0010010010000100110000000111010100100011001100011100000001001000 
253450000: system.memobj: fix data : 0010010010000100110000000111010100100011001100011100000001001000 
253450000: system.memobj: -------------------------------------
253499000: system.memobj: mem->cpu Got response for addr 0x5edb8 , 388536
253499000: system.memobj: size 0x1
253499000: system.memobj: id 94061725741872
253499000: system.memobj: data_hex : 4C 
253499000: system.memobj: data : 01001100 
253499000: system.memobj: fix data : 01001100 
253499000: system.memobj: -------------------------------------
253548000: system.memobj: mem->cpu Got response for addr 0x1a358 , 107352
253548000: system.memobj: size 0x8
253548000: system.memobj: id 94061725741872
253548000: system.memobj: data_hex : 2484C0752331C048 
253548000: system.memobj: data : 0010010010000100110000000111010100100011001100011100000001001000 
253548000: system.memobj: fix data : 0010010010000100110000000111010100100011001100011100000001001000 
253548000: system.memobj: -------------------------------------
253597000: system.memobj: mem->cpu Got response for addr 0x1a358 , 107352
253597000: system.memobj: size 0x8
253597000: system.memobj: id 94061725742736
253597000: system.memobj: data_hex : 2484C0752331C048 
253597000: system.memobj: data : 0010010010000100110000000111010100100011001100011100000001001000 
253597000: system.memobj: fix data : 0010010010000100110000000111010100100011001100011100000001001000 
253597000: system.memobj: -------------------------------------
253646000: system.memobj: mem->cpu Got response for addr 0x1a380 , 107392
253646000: system.memobj: size 0x8
253646000: system.memobj: id 94061725741872
253646000: system.memobj: data_hex : 41807C240100752E 
253646000: system.memobj: data : 0100000110000000011111000010010000000001000000000111010100101110 
253646000: system.memobj: fix data : 0100000110000000011111000010010000000001000000000111010100101110 
253646000: system.memobj: -------------------------------------
253695000: system.memobj: mem->cpu Got response for addr 0x5edb9 , 388537
253695000: system.memobj: size 0x1
253695000: system.memobj: id 94061725742736
253695000: system.memobj: data_hex : 44 
253695000: system.memobj: data : 01000100 
253695000: system.memobj: fix data : 01000100 
253695000: system.memobj: -------------------------------------
253744000: system.memobj: mem->cpu Got response for addr 0x1a380 , 107392
253744000: system.memobj: size 0x8
253744000: system.memobj: id 94061725742736
253744000: system.memobj: data_hex : 41807C240100752E 
253744000: system.memobj: data : 0100000110000000011111000010010000000001000000000111010100101110 
253744000: system.memobj: fix data : 0100000110000000011111000010010000000001000000000111010100101110 
253744000: system.memobj: -------------------------------------
253793000: system.memobj: mem->cpu Got response for addr 0x1a3b0 , 107440
253793000: system.memobj: size 0x8
253793000: system.memobj: id 94061725741872
253793000: system.memobj: data_hex : 85DB75EDEBA7488B 
253793000: system.memobj: data : 1000010111011011011101011110110111101011101001110100100010001011 
253793000: system.memobj: fix data : 1000010111011011011101011110110111101011101001110100100010001011 
253793000: system.memobj: -------------------------------------
253842000: system.memobj: mem->cpu Got response for addr 0x1a3b8 , 107448
253842000: system.memobj: size 0x8
253842000: system.memobj: id 94061725742736
253842000: system.memobj: data_hex : 02450FB72C244983 
253842000: system.memobj: data : 0000001001000101000011111011011100101100001001000100100110000011 
253842000: system.memobj: fix data : 0000001001000101000011111011011100101100001001000100100110000011 
253842000: system.memobj: -------------------------------------
253891000: system.memobj: mem->cpu Got response for addr 0x94de8 , 609768
253891000: system.memobj: size 0x8
253891000: system.memobj: id 94061725741872
253891000: system.memobj: data_hex : 0000000000000000 
253891000: system.memobj: data : 0000000000000000000000000000000000000000000000000000000000000000 
253891000: system.memobj: fix data : 0000000000000000000000000000000000000000000000000000000000000000 
253891000: system.memobj: -------------------------------------
253940000: system.memobj: mem->cpu Got response for addr 0x1a3b8 , 107448
253940000: system.memobj: size 0x8
253940000: system.memobj: id 94061725741872
253940000: system.memobj: data_hex : 02450FB72C244983 
253940000: system.memobj: data : 0000001001000101000011111011011100101100001001000100100110000011 
253940000: system.memobj: fix data : 0000001001000101000011111011011100101100001001000100100110000011 
253940000: system.memobj: -------------------------------------
253989000: system.memobj: mem->cpu Got response for addr 0x5edb8 , 388536
253989000: system.memobj: size 0x2
253989000: system.memobj: id 94061725742736
253989000: system.memobj: data_hex : 4C44 
253989000: system.memobj: data : 0100110001000100 
253989000: system.memobj: fix data : 0100110001000100 
253989000: system.memobj: -------------------------------------
254038000: system.memobj: mem->cpu Got response for addr 0x1a3b8 , 107448
254038000: system.memobj: size 0x8
254038000: system.memobj: id 94061725742736
254038000: system.memobj: data_hex : 02450FB72C244983 
254038000: system.memobj: data : 0000001001000101000011111011011100101100001001000100100110000011 
254038000: system.memobj: fix data : 0000001001000101000011111011011100101100001001000100100110000011 
254038000: system.memobj: -------------------------------------
254087000: system.memobj: mem->cpu Got response for addr 0x1a3c0 , 107456
254087000: system.memobj: size 0x8
254087000: system.memobj: id 94061725741872
254087000: system.memobj: data_hex : EE024983C4024889 
254087000: system.memobj: data : 1110111000000010010010011000001111000100000000100100100010001001 
254087000: system.memobj: fix data : 1110111000000010010010011000001111000100000000100100100010001001 
254087000: system.memobj: -------------------------------------
254136000: system.memobj: mem->cpu Got response for addr 0x1a3c0 , 107456
254136000: system.memobj: size 0x8
254136000: system.memobj: id 94061725742736
254136000: system.memobj: data_hex : EE024983C4024889 
254136000: system.memobj: data : 1110111000000010010010011000001111000100000000100100100010001001 
254136000: system.memobj: fix data : 1110111000000010010010011000001111000100000000100100100010001001 
254136000: system.memobj: -------------------------------------
254185000: system.memobj: mem->cpu Got response for addr 0x1a3c0 , 107456
254185000: system.memobj: size 0x8
254185000: system.memobj: id 94061725741872
254185000: system.memobj: data_hex : EE024983C4024889 
254185000: system.memobj: data : 1110111000000010010010011000001111000100000000100100100010001001 
254185000: system.memobj: fix data : 1110111000000010010010011000001111000100000000100100100010001001 
254185000: system.memobj: -------------------------------------
254234000: system.memobj: mem->cpu Got response for addr 0x1a3c8 , 107464
254234000: system.memobj: size 0x8
254234000: system.memobj: id 94061725742736
254234000: system.memobj: data_hex : D54885C0748F4889 
254234000: system.memobj: data : 1101010101001000100001011100000001110100100011110100100010001001 
254234000: system.memobj: fix data : 1101010101001000100001011100000001110100100011110100100010001001 
254234000: system.memobj: -------------------------------------
254283000: system.memobj: mem->cpu Got response for addr 0x1a3c8 , 107464
254283000: system.memobj: size 0x8
254283000: system.memobj: id 94061725741872
254283000: system.memobj: data_hex : D54885C0748F4889 
254283000: system.memobj: data : 1101010101001000100001011100000001110100100011110100100010001001 
254283000: system.memobj: fix data : 1101010101001000100001011100000001110100100011110100100010001001 
254283000: system.memobj: -------------------------------------
254346000: system.memobj: mem->cpu Got response for addr 0x1a3c8 , 107464
254346000: system.memobj: size 0x8
254346000: system.memobj: id 94061725742736
254346000: system.memobj: data_hex : D54885C0748F4889 
254346000: system.memobj: data : 1101010101001000100001011100000001110100100011110100100010001001 
254346000: system.memobj: fix data : 1101010101001000100001011100000001110100100011110100100010001001 
254346000: system.memobj: -------------------------------------
254395000: system.memobj: mem->cpu Got response for addr 0x1a358 , 107352
254395000: system.memobj: size 0x8
254395000: system.memobj: id 94061725741872
254395000: system.memobj: data_hex : 2484C0752331C048 
254395000: system.memobj: data : 0010010010000100110000000111010100100011001100011100000001001000 
254395000: system.memobj: fix data : 0010010010000100110000000111010100100011001100011100000001001000 
254395000: system.memobj: -------------------------------------
254444000: system.memobj: mem->cpu Got response for addr 0x1a358 , 107352
254444000: system.memobj: size 0x8
254444000: system.memobj: id 94061725742736
254444000: system.memobj: data_hex : 2484C0752331C048 
254444000: system.memobj: data : 0010010010000100110000000111010100100011001100011100000001001000 
254444000: system.memobj: fix data : 0010010010000100110000000111010100100011001100011100000001001000 
254444000: system.memobj: -------------------------------------
254493000: system.memobj: mem->cpu Got response for addr 0x1a360 , 107360
254493000: system.memobj: size 0x8
254493000: system.memobj: id 94061725741872
254493000: system.memobj: data_hex : 8B1C24488B6C2408 
254493000: system.memobj: data : 1000101100011100001001000100100010001011011011000010010000001000 
254493000: system.memobj: fix data : 1000101100011100001001000100100010001011011011000010010000001000 
254493000: system.memobj: -------------------------------------
254542000: system.memobj: mem->cpu Got response for addr 0x94b10 , 609040
254542000: system.memobj: size 0x8
254542000: system.memobj: id 94061725742736
254542000: system.memobj: data_hex : 1042004200000000 
254542000: system.memobj: data : 0001000001000010000000000100001000000000000000000000000000000000 
254542000: system.memobj: hamming code addr: 609040 
254542000: system.memobj: hamming code out: 0 
254542000: system.memobj: find Error Bit index : 4 
254542000: system.memobj: hamming code addr: 609048 
254542000: system.memobj: hamming code out: 14 
254542000: system.memobj: hamming code addr: 609056 
254542000: system.memobj: hamming code out: 0 
254542000: system.memobj: hamming code addr: 609064 
254542000: system.memobj: hamming code out: 14 
254542000: system.memobj: hamming code addr: 609072 
254542000: system.memobj: hamming code out: 0 
254542000: system.memobj: hamming code addr: 609080 
254542000: system.memobj: hamming code out: 0 
254542000: system.memobj: hamming code addr: 609088 
254542000: system.memobj: hamming code out: 0 
254542000: system.memobj: hamming code addr: 609096 
254542000: system.memobj: hamming code out: 0 
254542000: system.memobj: fix data : 0000000001000010000000000100001000000000000000000000000000000000 
254542000: system.memobj: -------------------------------------
254591000: system.memobj: mem->cpu Got response for addr 0x1a360 , 107360
254591000: system.memobj: size 0x8
254591000: system.memobj: id 94061725742736
254591000: system.memobj: data_hex : 8B1C24488B6C2408 
254591000: system.memobj: data : 1000101100011100001001000100100010001011011011000010010000001000 
254591000: system.memobj: fix data : 1000101100011100001001000100100010001011011011000010010000001000 
254591000: system.memobj: -------------------------------------
254640000: system.memobj: mem->cpu Got response for addr 0x94b18 , 609048
254640000: system.memobj: size 0x8
254640000: system.memobj: id 94061725741872
254640000: system.memobj: data_hex : DAEDFFFFFF7F0000 
254640000: system.memobj: data : 1101101011101101111111111111111111111111011111110000000000000000 
254640000: system.memobj: hamming code addr: 609048 
254640000: system.memobj: hamming code out: 8 
254640000: system.memobj: find Error Bit index : 7 
254640000: system.memobj: hamming code addr: 609056 
254640000: system.memobj: hamming code out: 15 
254640000: system.memobj: hamming code addr: 609064 
254640000: system.memobj: hamming code out: 3 
254640000: system.memobj: hamming code addr: 609072 
254640000: system.memobj: hamming code out: 3 
254640000: system.memobj: hamming code addr: 609080 
254640000: system.memobj: hamming code out: 3 
254640000: system.memobj: hamming code addr: 609088 
254640000: system.memobj: hamming code out: 0 
254640000: system.memobj: hamming code addr: 609096 
254640000: system.memobj: hamming code out: 0 
254640000: system.memobj: hamming code addr: 609104 
254640000: system.memobj: hamming code out: 0 
254640000: system.memobj: fix data : 1101100011101101111111111111111111111111011111110000000000000000 
254640000: system.memobj: -------------------------------------
254689000: system.memobj: mem->cpu Got response for addr 0x1a368 , 107368
254689000: system.memobj: size 0x8
254689000: system.memobj: id 94061725741872
254689000: system.memobj: data_hex : 4C8B6424104C8B6C 
254689000: system.memobj: data : 0100110010001011011001000010010000010000010011001000101101101100 
254689000: system.memobj: fix data : 0100110010001011011001000010010000010000010011001000101101101100 
254689000: system.memobj: -------------------------------------
254738000: system.memobj: mem->cpu Got response for addr 0x94b20 , 609056
254738000: system.memobj: size 0x8
254738000: system.memobj: id 94061725742736
254738000: system.memobj: data_hex : 0000000000000000 
254738000: system.memobj: data : 0000000000000000000000000000000000000000000000000000000000000000 
254738000: system.memobj: hamming code addr: 609056 
254738000: system.memobj: hamming code out: 12 
254738000: system.memobj: find Error Bit index : 8 
254738000: system.memobj: hamming code addr: 609064 
254738000: system.memobj: hamming code out: 0 
254738000: system.memobj: hamming code addr: 609072 
254738000: system.memobj: hamming code out: 0 
254738000: system.memobj: hamming code addr: 609080 
254738000: system.memobj: hamming code out: 0 
254738000: system.memobj: hamming code addr: 609088 
254738000: system.memobj: hamming code out: 0 
254738000: system.memobj: hamming code addr: 609096 
254738000: system.memobj: hamming code out: 0 
254738000: system.memobj: hamming code addr: 609104 
254738000: system.memobj: hamming code out: 0 
254738000: system.memobj: hamming code addr: 609112 
254738000: system.memobj: hamming code out: 0 
254738000: system.memobj: fix data : 0000000100000000000000000000000000000000000000000000000000000000 
254738000: system.memobj: -------------------------------------
254787000: system.memobj: mem->cpu Got response for addr 0x1a368 , 107368
254787000: system.memobj: size 0x8
254787000: system.memobj: id 94061725742736
254787000: system.memobj: data_hex : 4C8B6424104C8B6C 
254787000: system.memobj: data : 0100110010001011011001000010010000010000010011001000101101101100 
254787000: system.memobj: fix data : 0100110010001011011001000010010000010000010011001000101101101100 
254787000: system.memobj: -------------------------------------
254836000: system.memobj: mem->cpu Got response for addr 0x1a370 , 107376
254836000: system.memobj: size 0x8
254836000: system.memobj: id 94061725741872
254836000: system.memobj: data_hex : 24184C8B74242048 
254836000: system.memobj: data : 0010010000011000010011001000101101110100001001000010000001001000 
254836000: system.memobj: fix data : 0010010000011000010011001000101101110100001001000010000001001000 
254836000: system.memobj: -------------------------------------
254885000: system.memobj: mem->cpu Got response for addr 0x94b28 , 609064
254885000: system.memobj: size 0x8
254885000: system.memobj: id 94061725742736
254885000: system.memobj: data_hex : 2100000000000000 
254885000: system.memobj: data : 0010000100000000000000000000000000000000000000000000000000000000 
254885000: system.memobj: hamming code addr: 609064 
254885000: system.memobj: hamming code out: 12 
254885000: system.memobj: find Error Bit index : 3 
254885000: system.memobj: hamming code addr: 609072 
254885000: system.memobj: hamming code out: 0 
254885000: system.memobj: hamming code addr: 609080 
254885000: system.memobj: hamming code out: 0 
254885000: system.memobj: hamming code addr: 609088 
254885000: system.memobj: hamming code out: 0 
254885000: system.memobj: hamming code addr: 609096 
254885000: system.memobj: hamming code out: 0 
254885000: system.memobj: hamming code addr: 609104 
254885000: system.memobj: hamming code out: 0 
254885000: system.memobj: hamming code addr: 609112 
254885000: system.memobj: hamming code out: 0 
254885000: system.memobj: hamming code addr: 609120 
254885000: system.memobj: hamming code out: 0 
254885000: system.memobj: fix data : 0000000100000000000000000000000000000000000000000000000000000000 
254885000: system.memobj: -------------------------------------
254934000: system.memobj: mem->cpu Got response for addr 0x1a370 , 107376
254934000: system.memobj: size 0x8
254934000: system.memobj: id 94061725742736
254934000: system.memobj: data_hex : 24184C8B74242048 
254934000: system.memobj: data : 0010010000011000010011001000101101110100001001000010000001001000 
254934000: system.memobj: fix data : 0010010000011000010011001000101101110100001001000010000001001000 
254934000: system.memobj: -------------------------------------
254983000: system.memobj: mem->cpu Got response for addr 0x94b30 , 609072
254983000: system.memobj: size 0x8
254983000: system.memobj: id 94061725741872
254983000: system.memobj: data_hex : 98EDFFFFFF7F0000 
254983000: system.memobj: data : 1001100011101101111111111111111111111111011111110000000000000000 
254983000: system.memobj: hamming code addr: 609072 
254983000: system.memobj: hamming code out: 8 
254983000: system.memobj: find Error Bit index : 2 
254983000: system.memobj: hamming code addr: 609080 
254983000: system.memobj: hamming code out: 15 
254983000: system.memobj: hamming code addr: 609088 
254983000: system.memobj: hamming code out: 3 
254983000: system.memobj: hamming code addr: 609096 
254983000: system.memobj: hamming code out: 3 
254983000: system.memobj: hamming code addr: 609104 
254983000: system.memobj: hamming code out: 3 
254983000: system.memobj: hamming code addr: 609112 
254983000: system.memobj: hamming code out: 0 
254983000: system.memobj: hamming code addr: 609120 
254983000: system.memobj: hamming code out: 0 
254983000: system.memobj: hamming code addr: 609128 
254983000: system.memobj: hamming code out: 0 
254983000: system.memobj: fix data : 1101100011101101111111111111111111111111011111110000000000000000 
254983000: system.memobj: -------------------------------------
255032000: system.memobj: mem->cpu Got response for addr 0x1a370 , 107376
255032000: system.memobj: size 0x8
255032000: system.memobj: id 94061725741872
255032000: system.memobj: data_hex : 24184C8B74242048 
255032000: system.memobj: data : 0010010000011000010011001000101101110100001001000010000001001000 
255032000: system.memobj: fix data : 0010010000011000010011001000101101110100001001000010000001001000 
255032000: system.memobj: -------------------------------------
255081000: system.memobj: mem->cpu Got response for addr 0x1a378 , 107384
255081000: system.memobj: size 0x8
255081000: system.memobj: id 94061725742736
255081000: system.memobj: data_hex : 83C428C366666690 
255081000: system.memobj: data : 1000001111000100001010001100001101100110011001100110011010010000 
255081000: system.memobj: fix data : 1000001111000100001010001100001101100110011001100110011010010000 
255081000: system.memobj: -------------------------------------
255130000: system.memobj: mem->cpu Got response for addr 0x1a378 , 107384
255130000: system.memobj: size 0x8
255130000: system.memobj: id 94061725741872
255130000: system.memobj: data_hex : 83C428C366666690 
255130000: system.memobj: data : 1000001111000100001010001100001101100110011001100110011010010000 
255130000: system.memobj: fix data : 1000001111000100001010001100001101100110011001100110011010010000 
255130000: system.memobj: -------------------------------------
255179000: system.memobj: mem->cpu Got response for addr 0x94b38 , 609080
255179000: system.memobj: size 0x8
255179000: system.memobj: id 94061725742736
255179000: system.memobj: data_hex : 395E410000000000 
255179000: system.memobj: data : 0011100101011110010000010000000000000000000000000000000000000000 
255179000: system.memobj: hamming code addr: 609080 
255179000: system.memobj: hamming code out: 1 
255179000: system.memobj: find Error Bit index : 2 
255179000: system.memobj: hamming code addr: 609088 
255179000: system.memobj: hamming code out: 10 
255179000: system.memobj: hamming code addr: 609096 
255179000: system.memobj: hamming code out: 9 
255179000: system.memobj: hamming code addr: 609104 
255179000: system.memobj: hamming code out: 0 
255179000: system.memobj: hamming code addr: 609112 
255179000: system.memobj: hamming code out: 0 
255179000: system.memobj: hamming code addr: 609120 
255179000: system.memobj: hamming code out: 0 
255179000: system.memobj: hamming code addr: 609128 
255179000: system.memobj: hamming code out: 0 
255179000: system.memobj: hamming code addr: 609136 
255179000: system.memobj: hamming code out: 0 
255179000: system.memobj: fix data : 0111100101011110010000010000000000000000000000000000000000000000 
255179000: system.memobj: -------------------------------------
255256000: system.memobj: mem->cpu Got response for addr 0x15e78 , 89720
255256000: system.memobj: size 0x8
255256000: system.memobj: id 94061725742736
255256000: system.memobj: data_hex : 004885C0747C4531 
255256000: system.memobj: data : 0000000001001000100001011100000001110100011111000100010100110001 
255256000: system.memobj: fix data : 0000000001001000100001011100000001110100011111000100010100110001 
255256000: system.memobj: -------------------------------------
255305000: system.memobj: mem->cpu Got response for addr 0x15e78 , 89720
255305000: system.memobj: size 0x8
255305000: system.memobj: id 94061725741872
255305000: system.memobj: data_hex : 004885C0747C4531 
255305000: system.memobj: data : 0000000001001000100001011100000001110100011111000100010100110001 
255305000: system.memobj: fix data : 0000000001001000100001011100000001110100011111000100010100110001 
255305000: system.memobj: -------------------------------------
255354000: system.memobj: mem->cpu Got response for addr 0x15ef8 , 89848
255354000: system.memobj: size 0x8
255354000: system.memobj: id 94061725742736
255354000: system.memobj: data_hex : 1700488B3DCFD517 
255354000: system.memobj: data : 0001011100000000010010001000101100111101110011111101010100010111 
255354000: system.memobj: fix data : 0001011100000000010010001000101100111101110011111101010100010111 
255354000: system.memobj: -------------------------------------
255403000: system.memobj: mem->cpu Got response for addr 0x15f00 , 89856
255403000: system.memobj: size 0x8
255403000: system.memobj: id 94061725741872
255403000: system.memobj: data_hex : 004885FF740CE805 
255403000: system.memobj: data : 0000000001001000100001011111111101110100000011001110100000000101 
255403000: system.memobj: fix data : 0000000001001000100001011111111101110100000011001110100000000101 
255403000: system.memobj: -------------------------------------
255452000: system.memobj: mem->cpu Got response for addr 0x934d0 , 603344
255452000: system.memobj: size 0x8
255452000: system.memobj: id 94061725743024
255452000: system.memobj: data_hex : 0000000000000000 
255452000: system.memobj: data : 0000000000000000000000000000000000000000000000000000000000000000 
255452000: system.memobj: fix data : 0000000000000000000000000000000000000000000000000000000000000000 
255452000: system.memobj: -------------------------------------
255501000: system.memobj: mem->cpu Got response for addr 0x15f00 , 89856
255501000: system.memobj: size 0x8
255501000: system.memobj: id 94061725743024
255501000: system.memobj: data_hex : 004885FF740CE805 
255501000: system.memobj: data : 0000000001001000100001011111111101110100000011001110100000000101 
255501000: system.memobj: fix data : 0000000001001000100001011111111101110100000011001110100000000101 
255501000: system.memobj: -------------------------------------
255550000: system.memobj: mem->cpu Got response for addr 0x15f00 , 89856
255550000: system.memobj: size 0x8
255550000: system.memobj: id 94061725741872
255550000: system.memobj: data_hex : 004885FF740CE805 
255550000: system.memobj: data : 0000000001001000100001011111111101110100000011001110100000000101 
255550000: system.memobj: fix data : 0000000001001000100001011111111101110100000011001110100000000101 
255550000: system.memobj: -------------------------------------
255599000: system.memobj: mem->cpu Got response for addr 0x15f10 , 89872
255599000: system.memobj: size 0x8
255599000: system.memobj: id 94061725743024
255599000: system.memobj: data_hex : 1700488B35C7D517 
255599000: system.memobj: data : 0001011100000000010010001000101100110101110001111101010100010111 
255599000: system.memobj: fix data : 0001011100000000010010001000101100110101110001111101010100010111 
255599000: system.memobj: -------------------------------------
255648000: system.memobj: mem->cpu Got response for addr 0x15f18 , 89880
255648000: system.memobj: size 0x8
255648000: system.memobj: id 94061725741872
255648000: system.memobj: data_hex : 004885F67432488B 
255648000: system.memobj: data : 0000000001001000100001011111011001110100001100100100100010001011 
255648000: system.memobj: fix data : 0000000001001000100001011111011001110100001100100100100010001011 
255648000: system.memobj: -------------------------------------
255697000: system.memobj: mem->cpu Got response for addr 0x934e0 , 603360
255697000: system.memobj: size 0x8
255697000: system.memobj: id 94061725743312
255697000: system.memobj: data_hex : C000400000000000 
255697000: system.memobj: data : 1100000000000000010000000000000000000000000000000000000000000000 
255697000: system.memobj: hamming code addr: 603360 
255697000: system.memobj: hamming code out: 5 
255697000: system.memobj: find Error Bit index : 1 
255697000: system.memobj: hamming code addr: 603368 
255697000: system.memobj: hamming code out: 0 
255697000: system.memobj: hamming code addr: 603376 
255697000: system.memobj: hamming code out: 5 
255697000: system.memobj: hamming code addr: 603384 
255697000: system.memobj: hamming code out: 0 
255697000: system.memobj: hamming code addr: 603392 
255697000: system.memobj: hamming code out: 0 
255697000: system.memobj: hamming code addr: 603400 
255697000: system.memobj: hamming code out: 0 
255697000: system.memobj: hamming code addr: 603408 
255697000: system.memobj: hamming code out: 0 
255697000: system.memobj: hamming code addr: 603416 
255697000: system.memobj: hamming code out: 0 
255697000: system.memobj: fix data : 0100000000000000010000000000000000000000000000000000000000000000 
255697000: system.memobj: -------------------------------------
255746000: system.memobj: mem->cpu Got response for addr 0x15f18 , 89880
255746000: system.memobj: size 0x8
255746000: system.memobj: id 94061725743312
255746000: system.memobj: data_hex : 004885F67432488B 
255746000: system.memobj: data : 0000000001001000100001011111011001110100001100100100100010001011 
255746000: system.memobj: fix data : 0000000001001000100001011111011001110100001100100100100010001011 
255746000: system.memobj: -------------------------------------
255795000: system.memobj: mem->cpu Got response for addr 0x15f18 , 89880
255795000: system.memobj: size 0x8
255795000: system.memobj: id 94061725741872
255795000: system.memobj: data_hex : 004885F67432488B 
255795000: system.memobj: data : 0000000001001000100001011111011001110100001100100100100010001011 
255795000: system.memobj: fix data : 0000000001001000100001011111011001110100001100100100100010001011 
255795000: system.memobj: -------------------------------------
255844000: system.memobj: mem->cpu Got response for addr 0x15f18 , 89880
255844000: system.memobj: size 0x8
255844000: system.memobj: id 94061725743312
255844000: system.memobj: data_hex : 004885F67432488B 
255844000: system.memobj: data : 0000000001001000100001011111011001110100001100100100100010001011 
255844000: system.memobj: fix data : 0000000001001000100001011111011001110100001100100100100010001011 
255844000: system.memobj: -------------------------------------
255893000: system.memobj: mem->cpu Got response for addr 0x15f20 , 89888
255893000: system.memobj: size 0x8
255893000: system.memobj: id 94061725741872
255893000: system.memobj: data_hex : 3DEBD5170031D248 
255893000: system.memobj: data : 0011110111101011110101010001011100000000001100011101001001001000 
255893000: system.memobj: fix data : 0011110111101011110101010001011100000000001100011101001001001000 
255893000: system.memobj: -------------------------------------
255942000: system.memobj: mem->cpu Got response for addr 0x93510 , 603408
255942000: system.memobj: size 0x8
255942000: system.memobj: id 94061725743600
255942000: system.memobj: data_hex : 1500000000000000 
255942000: system.memobj: data : 0001010100000000000000000000000000000000000000000000000000000000 
255942000: system.memobj: hamming code addr: 603408 
255942000: system.memobj: hamming code out: 6 
255942000: system.memobj: find Error Bit index : 4 
255942000: system.memobj: hamming code addr: 603416 
255942000: system.memobj: hamming code out: 0 
255942000: system.memobj: hamming code addr: 603424 
255942000: system.memobj: hamming code out: 0 
255942000: system.memobj: hamming code addr: 603432 
255942000: system.memobj: hamming code out: 0 
255942000: system.memobj: hamming code addr: 603440 
255942000: system.memobj: hamming code out: 0 
255942000: system.memobj: hamming code addr: 603448 
255942000: system.memobj: hamming code out: 0 
255942000: system.memobj: hamming code addr: 603456 
255942000: system.memobj: hamming code out: 0 
255942000: system.memobj: hamming code addr: 603464 
255942000: system.memobj: hamming code out: 0 
255942000: system.memobj: fix data : 0000010100000000000000000000000000000000000000000000000000000000 
255942000: system.memobj: -------------------------------------
255991000: system.memobj: mem->cpu Got response for addr 0x15f20 , 89888
255991000: system.memobj: size 0x8
255991000: system.memobj: id 94061725743600
255991000: system.memobj: data_hex : 3DEBD5170031D248 
255991000: system.memobj: data : 0011110111101011110101010001011100000000001100011101001001001000 
255991000: system.memobj: fix data : 0011110111101011110101010001011100000000001100011101001001001000 
255991000: system.memobj: -------------------------------------
256040000: system.memobj: mem->cpu Got response for addr 0x15f20 , 89888
256040000: system.memobj: size 0x8
256040000: system.memobj: id 94061725741872
256040000: system.memobj: data_hex : 3DEBD5170031D248 
256040000: system.memobj: data : 0011110111101011110101010001011100000000001100011101001001001000 
256040000: system.memobj: fix data : 0011110111101011110101010001011100000000001100011101001001001000 
256040000: system.memobj: -------------------------------------
256089000: system.memobj: mem->cpu Got response for addr 0x15f28 , 89896
256089000: system.memobj: size 0x8
256089000: system.memobj: id 94061725743600
256089000: system.memobj: data_hex : 39FA73244889F031 
256089000: system.memobj: data : 0011100111111010011100110010010001001000100010011111000000110001 
256089000: system.memobj: fix data : 0011100111111010011100110010010001001000100010011111000000110001 
256089000: system.memobj: -------------------------------------
256138000: system.memobj: mem->cpu Got response for addr 0x15f28 , 89896
256138000: system.memobj: size 0x8
256138000: system.memobj: id 94061725741872
256138000: system.memobj: data_hex : 39FA73244889F031 
256138000: system.memobj: data : 0011100111111010011100110010010001001000100010011111000000110001 
256138000: system.memobj: fix data : 0011100111111010011100110010010001001000100010011111000000110001 
256138000: system.memobj: -------------------------------------
256201000: system.memobj: mem->cpu Got response for addr 0x15f28 , 89896
256201000: system.memobj: size 0x8
256201000: system.memobj: id 94061725743600
256201000: system.memobj: data_hex : 39FA73244889F031 
256201000: system.memobj: data : 0011100111111010011100110010010001001000100010011111000000110001 
256201000: system.memobj: fix data : 0011100111111010011100110010010001001000100010011111000000110001 
256201000: system.memobj: -------------------------------------
256250000: system.memobj: mem->cpu Got response for addr 0x15f28 , 89896
256250000: system.memobj: size 0x8
256250000: system.memobj: id 94061725741872
256250000: system.memobj: data_hex : 39FA73244889F031 
256250000: system.memobj: data : 0011100111111010011100110010010001001000100010011111000000110001 
256250000: system.memobj: fix data : 0011100111111010011100110010010001001000100010011111000000110001 
256250000: system.memobj: -------------------------------------
256299000: system.memobj: mem->cpu Got response for addr 0x15f30 , 89904
256299000: system.memobj: size 0x8
256299000: system.memobj: id 94061725743600
256299000: system.memobj: data_hex : C9813851E5746474 
256299000: system.memobj: data : 1100100110000001001110000101000111100101011101000110010001110100 
256299000: system.memobj: fix data : 1100100110000001001110000101000111100101011101000110010001110100 
256299000: system.memobj: -------------------------------------
256348000: system.memobj: mem->cpu Got response for addr 0x15f30 , 89904
256348000: system.memobj: size 0x8
256348000: system.memobj: id 94061725741872
256348000: system.memobj: data_hex : C9813851E5746474 
256348000: system.memobj: data : 1100100110000001001110000101000111100101011101000110010001110100 
256348000: system.memobj: fix data : 1100100110000001001110000101000111100101011101000110010001110100 
256348000: system.memobj: -------------------------------------
256411000: system.memobj: mem->cpu Got response for addr 0x40 , 64
256411000: system.memobj: size 0x4
256411000: system.memobj: id 94061725743888
256411000: system.memobj: data_hex : 01000000 
256411000: system.memobj: data : 00000001000000000000000000000000 
256411000: system.memobj: fix data : 00000001000000000000000000000000 
256411000: system.memobj: -------------------------------------
256460000: system.memobj: mem->cpu Got response for addr 0x15f30 , 89904
256460000: system.memobj: size 0x8
256460000: system.memobj: id 94061725743888
256460000: system.memobj: data_hex : C9813851E5746474 
256460000: system.memobj: data : 1100100110000001001110000101000111100101011101000110010001110100 
256460000: system.memobj: fix data : 1100100110000001001110000101000111100101011101000110010001110100 
256460000: system.memobj: -------------------------------------
256509000: system.memobj: mem->cpu Got response for addr 0x15f38 , 89912
256509000: system.memobj: size 0x8
256509000: system.memobj: id 94061725741872
256509000: system.memobj: data_hex : 4148FFC24883C138 
256509000: system.memobj: data : 0100000101001000111111111100001001001000100000111100000100111000 
256509000: system.memobj: fix data : 0100000101001000111111111100001001001000100000111100000100111000 
256509000: system.memobj: -------------------------------------
256558000: system.memobj: mem->cpu Got response for addr 0x15f38 , 89912
256558000: system.memobj: size 0x8
256558000: system.memobj: id 94061725743888
256558000: system.memobj: data_hex : 4148FFC24883C138 
256558000: system.memobj: data : 0100000101001000111111111100001001001000100000111100000100111000 
256558000: system.memobj: fix data : 0100000101001000111111111100001001001000100000111100000100111000 
256558000: system.memobj: -------------------------------------
256607000: system.memobj: mem->cpu Got response for addr 0x15f38 , 89912
256607000: system.memobj: size 0x8
256607000: system.memobj: id 94061725741872
256607000: system.memobj: data_hex : 4148FFC24883C138 
256607000: system.memobj: data : 0100000101001000111111111100001001001000100000111100000100111000 
256607000: system.memobj: fix data : 0100000101001000111111111100001001001000100000111100000100111000 
256607000: system.memobj: -------------------------------------
256656000: system.memobj: mem->cpu Got response for addr 0x15f40 , 89920
256656000: system.memobj: size 0x8
256656000: system.memobj: id 94061725743888
256656000: system.memobj: data_hex : 4883C0384839FA72 
256656000: system.memobj: data : 0100100010000011110000000011100001001000001110011111101001110010 
256656000: system.memobj: fix data : 0100100010000011110000000011100001001000001110011111101001110010 
256656000: system.memobj: -------------------------------------
256705000: system.memobj: mem->cpu Got response for addr 0x15f40 , 89920
256705000: system.memobj: size 0x8
256705000: system.memobj: id 94061725741872
256705000: system.memobj: data_hex : 4883C0384839FA72 
256705000: system.memobj: data : 0100100010000011110000000011100001001000001110011111101001110010 
256705000: system.memobj: fix data : 0100100010000011110000000011100001001000001110011111101001110010 
256705000: system.memobj: -------------------------------------
256754000: system.memobj: mem->cpu Got response for addr 0x15f40 , 89920
256754000: system.memobj: size 0x8
256754000: system.memobj: id 94061725743888
256754000: system.memobj: data_hex : 4883C0384839FA72 
256754000: system.memobj: data : 0100100010000011110000000011100001001000001110011111101001110010 
256754000: system.memobj: fix data : 0100100010000011110000000011100001001000001110011111101001110010 
256754000: system.memobj: -------------------------------------
256803000: system.memobj: mem->cpu Got response for addr 0x15f48 , 89928
256803000: system.memobj: size 0x8
256803000: system.memobj: id 94061725741872
256803000: system.memobj: data_hex : E866666690666690 
256803000: system.memobj: data : 1110100001100110011001100110011010010000011001100110011010010000 
256803000: system.memobj: fix data : 1110100001100110011001100110011010010000011001100110011010010000 
256803000: system.memobj: -------------------------------------
256852000: system.memobj: mem->cpu Got response for addr 0x15f30 , 89904
256852000: system.memobj: size 0x8
256852000: system.memobj: id 94061725743888
256852000: system.memobj: data_hex : C9813851E5746474 
256852000: system.memobj: data : 1100100110000001001110000101000111100101011101000110010001110100 
256852000: system.memobj: fix data : 1100100110000001001110000101000111100101011101000110010001110100 
256852000: system.memobj: -------------------------------------
256901000: system.memobj: mem->cpu Got response for addr 0x78 , 120
256901000: system.memobj: size 0x4
256901000: system.memobj: id 94061725741872
256901000: system.memobj: data_hex : 01000000 
256901000: system.memobj: data : 00000001000000000000000000000000 
256901000: system.memobj: fix data : 00000001000000000000000000000000 
256901000: system.memobj: -------------------------------------
256950000: system.memobj: mem->cpu Got response for addr 0x15f30 , 89904
256950000: system.memobj: size 0x8
256950000: system.memobj: id 94061725741872
256950000: system.memobj: data_hex : C9813851E5746474 
256950000: system.memobj: data : 1100100110000001001110000101000111100101011101000110010001110100 
256950000: system.memobj: fix data : 1100100110000001001110000101000111100101011101000110010001110100 
256950000: system.memobj: -------------------------------------
257283000: system.memobj: mem->cpu Got response for addr 0x15f38 , 89912
257283000: system.memobj: size 0x8
257283000: system.memobj: id 94061725743888
257283000: system.memobj: data_hex : 4148FFC24883C138 
257283000: system.memobj: data : 0100000101001000111111111100001001001000100000111100000100111000 
257283000: system.memobj: fix data : 0100000101001000111111111100001001001000100000111100000100111000 
257283000: system.memobj: -------------------------------------
257332000: system.memobj: mem->cpu Got response for addr 0x15f38 , 89912
257332000: system.memobj: size 0x8
257332000: system.memobj: id 94061725741872
257332000: system.memobj: data_hex : 4148FFC24883C138 
257332000: system.memobj: data : 0100000101001000111111111100001001001000100000111100000100111000 
257332000: system.memobj: fix data : 0100000101001000111111111100001001001000100000111100000100111000 
257332000: system.memobj: -------------------------------------
257381000: system.memobj: mem->cpu Got response for addr 0x15f38 , 89912
257381000: system.memobj: size 0x8
257381000: system.memobj: id 94061725743888
257381000: system.memobj: data_hex : 4148FFC24883C138 
257381000: system.memobj: data : 0100000101001000111111111100001001001000100000111100000100111000 
257381000: system.memobj: fix data : 0100000101001000111111111100001001001000100000111100000100111000 
257381000: system.memobj: -------------------------------------
257430000: system.memobj: mem->cpu Got response for addr 0x15f40 , 89920
257430000: system.memobj: size 0x8
257430000: system.memobj: id 94061725741872
257430000: system.memobj: data_hex : 4883C0384839FA72 
257430000: system.memobj: data : 0100100010000011110000000011100001001000001110011111101001110010 
257430000: system.memobj: fix data : 0100100010000011110000000011100001001000001110011111101001110010 
257430000: system.memobj: -------------------------------------
257479000: system.memobj: mem->cpu Got response for addr 0x15f40 , 89920
257479000: system.memobj: size 0x8
257479000: system.memobj: id 94061725743888
257479000: system.memobj: data_hex : 4883C0384839FA72 
257479000: system.memobj: data : 0100100010000011110000000011100001001000001110011111101001110010 
257479000: system.memobj: fix data : 0100100010000011110000000011100001001000001110011111101001110010 
257479000: system.memobj: -------------------------------------
257528000: system.memobj: mem->cpu Got response for addr 0x15f40 , 89920
257528000: system.memobj: size 0x8
257528000: system.memobj: id 94061725741872
257528000: system.memobj: data_hex : 4883C0384839FA72 
257528000: system.memobj: data : 0100100010000011110000000011100001001000001110011111101001110010 
257528000: system.memobj: fix data : 0100100010000011110000000011100001001000001110011111101001110010 
257528000: system.memobj: -------------------------------------
257577000: system.memobj: mem->cpu Got response for addr 0x15f48 , 89928
257577000: system.memobj: size 0x8
257577000: system.memobj: id 94061725743888
257577000: system.memobj: data_hex : E866666690666690 
257577000: system.memobj: data : 1110100001100110011001100110011010010000011001100110011010010000 
257577000: system.memobj: fix data : 1110100001100110011001100110011010010000011001100110011010010000 
257577000: system.memobj: -------------------------------------
257626000: system.memobj: mem->cpu Got response for addr 0x15f30 , 89904
257626000: system.memobj: size 0x8
257626000: system.memobj: id 94061725741872
257626000: system.memobj: data_hex : C9813851E5746474 
257626000: system.memobj: data : 1100100110000001001110000101000111100101011101000110010001110100 
257626000: system.memobj: fix data : 1100100110000001001110000101000111100101011101000110010001110100 
257626000: system.memobj: -------------------------------------
257689000: system.memobj: mem->cpu Got response for addr 0xb0 , 176
257689000: system.memobj: size 0x4
257689000: system.memobj: id 94061725743888
257689000: system.memobj: data_hex : 04000000 
257689000: system.memobj: data : 00000100000000000000000000000000 
257689000: system.memobj: fix data : 00000100000000000000000000000000 
257689000: system.memobj: -------------------------------------
257738000: system.memobj: mem->cpu Got response for addr 0x15f30 , 89904
257738000: system.memobj: size 0x8
257738000: system.memobj: id 94061725743888
257738000: system.memobj: data_hex : C9813851E5746474 
257738000: system.memobj: data : 1100100110000001001110000101000111100101011101000110010001110100 
257738000: system.memobj: fix data : 1100100110000001001110000101000111100101011101000110010001110100 
257738000: system.memobj: -------------------------------------
257787000: system.memobj: mem->cpu Got response for addr 0x15f38 , 89912
257787000: system.memobj: size 0x8
257787000: system.memobj: id 94061725741872
257787000: system.memobj: data_hex : 4148FFC24883C138 
257787000: system.memobj: data : 0100000101001000111111111100001001001000100000111100000100111000 
257787000: system.memobj: fix data : 0100000101001000111111111100001001001000100000111100000100111000 
257787000: system.memobj: -------------------------------------
257836000: system.memobj: mem->cpu Got response for addr 0x15f38 , 89912
257836000: system.memobj: size 0x8
257836000: system.memobj: id 94061725743888
257836000: system.memobj: data_hex : 4148FFC24883C138 
257836000: system.memobj: data : 0100000101001000111111111100001001001000100000111100000100111000 
257836000: system.memobj: fix data : 0100000101001000111111111100001001001000100000111100000100111000 
257836000: system.memobj: -------------------------------------
257885000: system.memobj: mem->cpu Got response for addr 0x15f38 , 89912
257885000: system.memobj: size 0x8
257885000: system.memobj: id 94061725741872
257885000: system.memobj: data_hex : 4148FFC24883C138 
257885000: system.memobj: data : 0100000101001000111111111100001001001000100000111100000100111000 
257885000: system.memobj: fix data : 0100000101001000111111111100001001001000100000111100000100111000 
257885000: system.memobj: -------------------------------------
257934000: system.memobj: mem->cpu Got response for addr 0x15f40 , 89920
257934000: system.memobj: size 0x8
257934000: system.memobj: id 94061725743888
257934000: system.memobj: data_hex : 4883C0384839FA72 
257934000: system.memobj: data : 0100100010000011110000000011100001001000001110011111101001110010 
257934000: system.memobj: fix data : 0100100010000011110000000011100001001000001110011111101001110010 
257934000: system.memobj: -------------------------------------
257983000: system.memobj: mem->cpu Got response for addr 0x15f40 , 89920
257983000: system.memobj: size 0x8
257983000: system.memobj: id 94061725741872
257983000: system.memobj: data_hex : 4883C0384839FA72 
257983000: system.memobj: data : 0100100010000011110000000011100001001000001110011111101001110010 
257983000: system.memobj: fix data : 0100100010000011110000000011100001001000001110011111101001110010 
257983000: system.memobj: -------------------------------------
258032000: system.memobj: mem->cpu Got response for addr 0x15f40 , 89920
258032000: system.memobj: size 0x8
258032000: system.memobj: id 94061725743888
258032000: system.memobj: data_hex : 4883C0384839FA72 
258032000: system.memobj: data : 0100100010000011110000000011100001001000001110011111101001110010 
258032000: system.memobj: fix data : 0100100010000011110000000011100001001000001110011111101001110010 
258032000: system.memobj: -------------------------------------
258081000: system.memobj: mem->cpu Got response for addr 0x15f48 , 89928
258081000: system.memobj: size 0x8
258081000: system.memobj: id 94061725741872
258081000: system.memobj: data_hex : E866666690666690 
258081000: system.memobj: data : 1110100001100110011001100110011010010000011001100110011010010000 
258081000: system.memobj: fix data : 1110100001100110011001100110011010010000011001100110011010010000 
258081000: system.memobj: -------------------------------------
258144000: system.memobj: mem->cpu Got response for addr 0x15f30 , 89904
258144000: system.memobj: size 0x8
258144000: system.memobj: id 94061725743888
258144000: system.memobj: data_hex : C9813851E5746474 
258144000: system.memobj: data : 1100100110000001001110000101000111100101011101000110010001110100 
258144000: system.memobj: fix data : 1100100110000001001110000101000111100101011101000110010001110100 
258144000: system.memobj: -------------------------------------
258193000: system.memobj: mem->cpu Got response for addr 0xe8 , 232
258193000: system.memobj: size 0x4
258193000: system.memobj: id 94061725741872
258193000: system.memobj: data_hex : 51E57464 
258193000: system.memobj: data : 01010001111001010111010001100100 
258193000: system.memobj: fix data : 01010001111001010111010001100100 
258193000: system.memobj: -------------------------------------
258242000: system.memobj: mem->cpu Got response for addr 0x15f30 , 89904
258242000: system.memobj: size 0x8
258242000: system.memobj: id 94061725741872
258242000: system.memobj: data_hex : C9813851E5746474 
258242000: system.memobj: data : 1100100110000001001110000101000111100101011101000110010001110100 
258242000: system.memobj: fix data : 1100100110000001001110000101000111100101011101000110010001110100 
258242000: system.memobj: -------------------------------------
258291000: system.memobj: mem->cpu Got response for addr 0x15f38 , 89912
258291000: system.memobj: size 0x8
258291000: system.memobj: id 94061725743888
258291000: system.memobj: data_hex : 4148FFC24883C138 
258291000: system.memobj: data : 0100000101001000111111111100001001001000100000111100000100111000 
258291000: system.memobj: fix data : 0100000101001000111111111100001001001000100000111100000100111000 
258291000: system.memobj: -------------------------------------
258340000: system.memobj: mem->cpu Got response for addr 0x15f78 , 89976
258340000: system.memobj: size 0x8
258340000: system.memobj: id 94061725741872
258340000: system.memobj: data_hex : FFFF8B4431048905 
258340000: system.memobj: data : 1111111111111111100010110100010000110001000001001000100100000101 
258340000: system.memobj: fix data : 1111111111111111100010110100010000110001000001001000100100000101 
258340000: system.memobj: -------------------------------------
258389000: system.memobj: mem->cpu Got response for addr 0xec , 236
258389000: system.memobj: size 0x4
258389000: system.memobj: id 94061725744176
258389000: system.memobj: data_hex : 06000000 
258389000: system.memobj: data : 00000110000000000000000000000000 
258389000: system.memobj: fix data : 00000110000000000000000000000000 
258389000: system.memobj: -------------------------------------
258438000: system.memobj: mem->cpu Got response for addr 0x15f78 , 89976
258438000: system.memobj: size 0x8
258438000: system.memobj: id 94061725744176
258438000: system.memobj: data_hex : FFFF8B4431048905 
258438000: system.memobj: data : 1111111111111111100010110100010000110001000001001000100100000101 
258438000: system.memobj: fix data : 1111111111111111100010110100010000110001000001001000100100000101 
258438000: system.memobj: -------------------------------------
258487000: system.memobj: mem->cpu Got response for addr 0x15f80 , 89984
258487000: system.memobj: size 0x8
258487000: system.memobj: id 94061725741872
258487000: system.memobj: data_hex : ECA716004883C408 
258487000: system.memobj: data : 1110110010100111000101100000000001001000100000111100010000001000 
258487000: system.memobj: fix data : 1110110010100111000101100000000001001000100000111100010000001000 
258487000: system.memobj: -------------------------------------
258487000: system.memobj: cpu->mem Got request for addr 0x80770 , 526192
258487000: system.memobj: size 0x4
258487000: system.memobj: id 94061725744464
258487000: system.memobj: data_hex : 06000000 
258487000: system.memobj: data : 00000110000000000000000000000000 
258487000: system.memobj: hamming code addr: 526192 
258487000: system.memobj: hamming code : 1 
258487000: system.memobj: hamming code addr: 526200 
258487000: system.memobj: hamming code : 0 
258487000: system.memobj: hamming code addr: 526208 
258487000: system.memobj: hamming code : 0 
258487000: system.memobj: hamming code addr: 526216 
258487000: system.memobj: hamming code : 0 
258487000: system.memobj: Enter Error Bit index: 4 
258487000: system.memobj: flip data : 00010110000000000000000000000000 
258487000: system.memobj: -------------------------------------
258557000: system.memobj: mem->cpu Got response for addr 0x15f80 , 89984
258557000: system.memobj: size 0x8
258557000: system.memobj: id 94061725744464
258557000: system.memobj: data_hex : ECA716004883C408 
258557000: system.memobj: data : 1110110010100111000101100000000001001000100000111100010000001000 
258557000: system.memobj: fix data : 1110110010100111000101100000000001001000100000111100010000001000 
258557000: system.memobj: -------------------------------------
258606000: system.memobj: mem->cpu Got response for addr 0x15f88 , 89992
258606000: system.memobj: size 0x8
258606000: system.memobj: id 94061725741872
258606000: system.memobj: data_hex : 5B5D415C415DC390 
258606000: system.memobj: data : 0101101101011101010000010101110001000001010111011100001110010000 
258606000: system.memobj: fix data : 0101101101011101010000010101110001000001010111011100001110010000 
258606000: system.memobj: -------------------------------------
258683000: system.memobj: mem->cpu Got response for addr 0x94b48 , 609096
258683000: system.memobj: size 0x8
258683000: system.memobj: id 94061725744464
258683000: system.memobj: data_hex : E0EDFFFFFF7F0000 
258683000: system.memobj: data : 1110000011101101111111111111111111111111011111110000000000000000 
258683000: system.memobj: hamming code addr: 609096 
258683000: system.memobj: hamming code out: 9 
258683000: system.memobj: find Error Bit index : 5 
258683000: system.memobj: hamming code addr: 609104 
258683000: system.memobj: hamming code out: 15 
258683000: system.memobj: hamming code addr: 609112 
258683000: system.memobj: hamming code out: 3 
258683000: system.memobj: hamming code addr: 609120 
258683000: system.memobj: hamming code out: 3 
258683000: system.memobj: hamming code addr: 609128 
258683000: system.memobj: hamming code out: 3 
258683000: system.memobj: hamming code addr: 609136 
258683000: system.memobj: hamming code out: 0 
258683000: system.memobj: hamming code addr: 609144 
258683000: system.memobj: hamming code out: 0 
258683000: system.memobj: hamming code addr: 609152 
258683000: system.memobj: hamming code out: 0 
258683000: system.memobj: fix data : 1110100011101101111111111111111111111111011111110000000000000000 
258683000: system.memobj: -------------------------------------
258760000: system.memobj: mem->cpu Got response for addr 0x15f88 , 89992
258760000: system.memobj: size 0x8
258760000: system.memobj: id 94061725744464
258760000: system.memobj: data_hex : 5B5D415C415DC390 
258760000: system.memobj: data : 0101101101011101010000010101110001000001010111011100001110010000 
258760000: system.memobj: fix data : 0101101101011101010000010101110001000001010111011100001110010000 
258760000: system.memobj: -------------------------------------
258837000: system.memobj: mem->cpu Got response for addr 0x94b50 , 609104
258837000: system.memobj: size 0x8
258837000: system.memobj: id 94061725741872
258837000: system.memobj: data_hex : C8EDFFFFFF7F0000 
258837000: system.memobj: data : 1100100011101101111111111111111111111111011111110000000000000000 
258837000: system.memobj: hamming code addr: 609104 
258837000: system.memobj: hamming code out: 8 
258837000: system.memobj: find Error Bit index : 4 
258837000: system.memobj: hamming code addr: 609112 
258837000: system.memobj: hamming code out: 15 
258837000: system.memobj: hamming code addr: 609120 
258837000: system.memobj: hamming code out: 3 
258837000: system.memobj: hamming code addr: 609128 
258837000: system.memobj: hamming code out: 3 
258837000: system.memobj: hamming code addr: 609136 
258837000: system.memobj: hamming code out: 3 
258837000: system.memobj: hamming code addr: 609144 
258837000: system.memobj: hamming code out: 0 
258837000: system.memobj: hamming code addr: 609152 
258837000: system.memobj: hamming code out: 0 
258837000: system.memobj: hamming code addr: 609160 
258837000: system.memobj: hamming code out: 0 
258837000: system.memobj: fix data : 1101100011101101111111111111111111111111011111110000000000000000 
258837000: system.memobj: -------------------------------------
258914000: system.memobj: mem->cpu Got response for addr 0x15f88 , 89992
258914000: system.memobj: size 0x8
258914000: system.memobj: id 94061725741872
258914000: system.memobj: data_hex : 5B5D415C415DC390 
258914000: system.memobj: data : 0101101101011101010000010101110001000001010111011100001110010000 
258914000: system.memobj: fix data : 0101101101011101010000010101110001000001010111011100001110010000 
258914000: system.memobj: -------------------------------------
258991000: system.memobj: mem->cpu Got response for addr 0x94b58 , 609112
258991000: system.memobj: size 0x8
258991000: system.memobj: id 94061725744464
258991000: system.memobj: data_hex : 0300000000000000 
258991000: system.memobj: data : 0000001100000000000000000000000000000000000000000000000000000000 
258991000: system.memobj: hamming code addr: 609112 
258991000: system.memobj: hamming code out: 12 
258991000: system.memobj: find Error Bit index : 7 
258991000: system.memobj: hamming code addr: 609120 
258991000: system.memobj: hamming code out: 0 
258991000: system.memobj: hamming code addr: 609128 
258991000: system.memobj: hamming code out: 0 
258991000: system.memobj: hamming code addr: 609136 
258991000: system.memobj: hamming code out: 0 
258991000: system.memobj: hamming code addr: 609144 
258991000: system.memobj: hamming code out: 0 
258991000: system.memobj: hamming code addr: 609152 
258991000: system.memobj: hamming code out: 0 
258991000: system.memobj: hamming code addr: 609160 
258991000: system.memobj: hamming code out: 0 
258991000: system.memobj: hamming code addr: 609168 
258991000: system.memobj: hamming code out: 0 
258991000: system.memobj: fix data : 0000000100000000000000000000000000000000000000000000000000000000 
258991000: system.memobj: -------------------------------------
259068000: system.memobj: mem->cpu Got response for addr 0x15f88 , 89992
259068000: system.memobj: size 0x8
259068000: system.memobj: id 94061725744464
259068000: system.memobj: data_hex : 5B5D415C415DC390 
259068000: system.memobj: data : 0101101101011101010000010101110001000001010111011100001110010000 
259068000: system.memobj: fix data : 0101101101011101010000010101110001000001010111011100001110010000 
259068000: system.memobj: -------------------------------------
259145000: system.memobj: mem->cpu Got response for addr 0x94b60 , 609120
259145000: system.memobj: size 0x8
259145000: system.memobj: id 94061725741872
259145000: system.memobj: data_hex : 0500000000000000 
259145000: system.memobj: data : 0000010100000000000000000000000000000000000000000000000000000000 
259145000: system.memobj: hamming code addr: 609120 
259145000: system.memobj: hamming code out: 12 
259145000: system.memobj: find Error Bit index : 6 
259145000: system.memobj: hamming code addr: 609128 
259145000: system.memobj: hamming code out: 0 
259145000: system.memobj: hamming code addr: 609136 
259145000: system.memobj: hamming code out: 0 
259145000: system.memobj: hamming code addr: 609144 
259145000: system.memobj: hamming code out: 0 
259145000: system.memobj: hamming code addr: 609152 
259145000: system.memobj: hamming code out: 0 
259145000: system.memobj: hamming code addr: 609160 
259145000: system.memobj: hamming code out: 0 
259145000: system.memobj: hamming code addr: 609168 
259145000: system.memobj: hamming code out: 0 
259145000: system.memobj: hamming code addr: 609176 
259145000: system.memobj: hamming code out: 0 
259145000: system.memobj: fix data : 0000000100000000000000000000000000000000000000000000000000000000 
259145000: system.memobj: -------------------------------------
259222000: system.memobj: mem->cpu Got response for addr 0x15f88 , 89992
259222000: system.memobj: size 0x8
259222000: system.memobj: id 94061725741872
259222000: system.memobj: data_hex : 5B5D415C415DC390 
259222000: system.memobj: data : 0101101101011101010000010101110001000001010111011100001110010000 
259222000: system.memobj: fix data : 0101101101011101010000010101110001000001010111011100001110010000 
259222000: system.memobj: -------------------------------------
259299000: system.memobj: mem->cpu Got response for addr 0x94b68 , 609128
259299000: system.memobj: size 0x8
259299000: system.memobj: id 94061725744464
259299000: system.memobj: data_hex : 6162410000000000 
259299000: system.memobj: data : 0110000101100010010000010000000000000000000000000000000000000000 
259299000: system.memobj: hamming code addr: 609128 
259299000: system.memobj: hamming code out: 9 
259299000: system.memobj: find Error Bit index : 3 
259299000: system.memobj: hamming code addr: 609136 
259299000: system.memobj: hamming code out: 8 
259299000: system.memobj: hamming code addr: 609144 
259299000: system.memobj: hamming code out: 9 
259299000: system.memobj: hamming code addr: 609152 
259299000: system.memobj: hamming code out: 0 
259299000: system.memobj: hamming code addr: 609160 
259299000: system.memobj: hamming code out: 0 
259299000: system.memobj: hamming code addr: 609168 
259299000: system.memobj: hamming code out: 0 
259299000: system.memobj: hamming code addr: 609176 
259299000: system.memobj: hamming code out: 0 
259299000: system.memobj: hamming code addr: 609184 
259299000: system.memobj: hamming code out: 0 
259299000: system.memobj: fix data : 0100000101100010010000010000000000000000000000000000000000000000 
259299000: system.memobj: -------------------------------------
259362000: system.memobj: mem->cpu Got response for addr 0x16240 , 90688
259362000: system.memobj: size 0x8
259362000: system.memobj: id 94061725744464
259362000: system.memobj: data_hex : FF4889DA4889EE44 
259362000: system.memobj: data : 1111111101001000100010011101101001001000100010011110111001000100 
259362000: system.memobj: fix data : 1111111101001000100010011101101001001000100010011110111001000100 
259362000: system.memobj: -------------------------------------
259411000: system.memobj: mem->cpu Got response for addr 0x16240 , 90688
259411000: system.memobj: size 0x8
259411000: system.memobj: id 94061725741872
259411000: system.memobj: data_hex : FF4889DA4889EE44 
259411000: system.memobj: data : 1111111101001000100010011101101001001000100010011110111001000100 
259411000: system.memobj: fix data : 1111111101001000100010011101101001001000100010011110111001000100 
259411000: system.memobj: -------------------------------------
259460000: system.memobj: mem->cpu Got response for addr 0x16240 , 90688
259460000: system.memobj: size 0x8
259460000: system.memobj: id 94061725744464
259460000: system.memobj: data_hex : FF4889DA4889EE44 
259460000: system.memobj: data : 1111111101001000100010011101101001001000100010011110111001000100 
259460000: system.memobj: fix data : 1111111101001000100010011101101001001000100010011110111001000100 
259460000: system.memobj: -------------------------------------
259509000: system.memobj: mem->cpu Got response for addr 0x16248 , 90696
259509000: system.memobj: size 0x8
259509000: system.memobj: id 94061725741872
259509000: system.memobj: data_hex : 89E7488B1C24488B 
259509000: system.memobj: data : 1000100111100111010010001000101100011100001001000100100010001011 
259509000: system.memobj: fix data : 1000100111100111010010001000101100011100001001000100100010001011 
259509000: system.memobj: -------------------------------------
259558000: system.memobj: mem->cpu Got response for addr 0x16248 , 90696
259558000: system.memobj: size 0x8
259558000: system.memobj: id 94061725744464
259558000: system.memobj: data_hex : 89E7488B1C24488B 
259558000: system.memobj: data : 1000100111100111010010001000101100011100001001000100100010001011 
259558000: system.memobj: fix data : 1000100111100111010010001000101100011100001001000100100010001011 
259558000: system.memobj: -------------------------------------
259607000: system.memobj: mem->cpu Got response for addr 0x94b70 , 609136
259607000: system.memobj: size 0x8
259607000: system.memobj: id 94061725741872
259607000: system.memobj: data_hex : F0EBFFFFFF7F0000 
259607000: system.memobj: data : 1111000011101011111111111111111111111111011111110000000000000000 
259607000: system.memobj: hamming code addr: 609136 
259607000: system.memobj: hamming code out: 2 
259607000: system.memobj: find Error Bit index : 2 
259607000: system.memobj: hamming code addr: 609144 
259607000: system.memobj: hamming code out: 14 
259607000: system.memobj: hamming code addr: 609152 
259607000: system.memobj: hamming code out: 3 
259607000: system.memobj: hamming code addr: 609160 
259607000: system.memobj: hamming code out: 3 
259607000: system.memobj: hamming code addr: 609168 
259607000: system.memobj: hamming code out: 3 
259607000: system.memobj: hamming code addr: 609176 
259607000: system.memobj: hamming code out: 0 
259607000: system.memobj: hamming code addr: 609184 
259607000: system.memobj: hamming code out: 0 
259607000: system.memobj: hamming code addr: 609192 
259607000: system.memobj: hamming code out: 0 
259607000: system.memobj: fix data : 1011000011101011111111111111111111111111011111110000000000000000 
259607000: system.memobj: -------------------------------------
259656000: system.memobj: mem->cpu Got response for addr 0x16248 , 90696
259656000: system.memobj: size 0x8
259656000: system.memobj: id 94061725741872
259656000: system.memobj: data_hex : 89E7488B1C24488B 
259656000: system.memobj: data : 1000100111100111010010001000101100011100001001000100100010001011 
259656000: system.memobj: fix data : 1000100111100111010010001000101100011100001001000100100010001011 
259656000: system.memobj: -------------------------------------
259705000: system.memobj: mem->cpu Got response for addr 0x16250 , 90704
259705000: system.memobj: size 0x8
259705000: system.memobj: id 94061725744464
259705000: system.memobj: data_hex : 6C24084C8B642410 
259705000: system.memobj: data : 0110110000100100000010000100110010001011011001000010010000010000 
259705000: system.memobj: fix data : 0110110000100100000010000100110010001011011001000010010000010000 
259705000: system.memobj: -------------------------------------
259754000: system.memobj: mem->cpu Got response for addr 0x94b78 , 609144
259754000: system.memobj: size 0x8
259754000: system.memobj: id 94061725741872
259754000: system.memobj: data_hex : 8000000000000000 
259754000: system.memobj: data : 1000000000000000000000000000000000000000000000000000000000000000 
259754000: system.memobj: hamming code addr: 609144 
259754000: system.memobj: hamming code out: 0 
259754000: system.memobj: find Error Bit index : 1 
259754000: system.memobj: hamming code addr: 609152 
259754000: system.memobj: hamming code out: 0 
259754000: system.memobj: hamming code addr: 609160 
259754000: system.memobj: hamming code out: 0 
259754000: system.memobj: hamming code addr: 609168 
259754000: system.memobj: hamming code out: 0 
259754000: system.memobj: hamming code addr: 609176 
259754000: system.memobj: hamming code out: 0 
259754000: system.memobj: hamming code addr: 609184 
259754000: system.memobj: hamming code out: 0 
259754000: system.memobj: hamming code addr: 609192 
259754000: system.memobj: hamming code out: 0 
259754000: system.memobj: hamming code addr: 609200 
259754000: system.memobj: hamming code out: 0 
259754000: system.memobj: fix data : 0000000000000000000000000000000000000000000000000000000000000000 
259754000: system.memobj: -------------------------------------
259803000: system.memobj: mem->cpu Got response for addr 0x16250 , 90704
259803000: system.memobj: size 0x8
259803000: system.memobj: id 94061725741872
259803000: system.memobj: data_hex : 6C24084C8B642410 
259803000: system.memobj: data : 0110110000100100000010000100110010001011011001000010010000010000 
259803000: system.memobj: fix data : 0110110000100100000010000100110010001011011001000010010000010000 
259803000: system.memobj: -------------------------------------
259852000: system.memobj: mem->cpu Got response for addr 0x94b80 , 609152
259852000: system.memobj: size 0x8
259852000: system.memobj: id 94061725744464
259852000: system.memobj: data_hex : 22ECFFFFFF7F0000 
259852000: system.memobj: data : 0010001011101100111111111111111111111111011111110000000000000000 
259852000: system.memobj: hamming code addr: 609152 
259852000: system.memobj: hamming code out: 10 
259852000: system.memobj: find Error Bit index : 4 
259852000: system.memobj: hamming code addr: 609160 
259852000: system.memobj: hamming code out: 3 
259852000: system.memobj: hamming code addr: 609168 
259852000: system.memobj: hamming code out: 3 
259852000: system.memobj: hamming code addr: 609176 
259852000: system.memobj: hamming code out: 3 
259852000: system.memobj: hamming code addr: 609184 
259852000: system.memobj: hamming code out: 3 
259852000: system.memobj: hamming code addr: 609192 
259852000: system.memobj: hamming code out: 0 
259852000: system.memobj: hamming code addr: 609200 
259852000: system.memobj: hamming code out: 0 
259852000: system.memobj: hamming code addr: 609208 
259852000: system.memobj: hamming code out: 0 
259852000: system.memobj: fix data : 0011001011101100111111111111111111111111011111110000000000000000 
259852000: system.memobj: -------------------------------------
259901000: system.memobj: mem->cpu Got response for addr 0x16258 , 90712
259901000: system.memobj: size 0x8
259901000: system.memobj: id 94061725744464
259901000: system.memobj: data_hex : 4883C418E90FDFFF 
259901000: system.memobj: data : 0100100010000011110001000001100011101001000011111101111111111111 
259901000: system.memobj: fix data : 0100100010000011110001000001100011101001000011111101111111111111 
259901000: system.memobj: -------------------------------------
259950000: system.memobj: mem->cpu Got response for addr 0x16258 , 90712
259950000: system.memobj: size 0x8
259950000: system.memobj: id 94061725741872
259950000: system.memobj: data_hex : 4883C418E90FDFFF 
259950000: system.memobj: data : 0100100010000011110001000001100011101001000011111101111111111111 
259950000: system.memobj: fix data : 0100100010000011110001000001100011101001000011111101111111111111 
259950000: system.memobj: -------------------------------------
259999000: system.memobj: mem->cpu Got response for addr 0x16260 , 90720
259999000: system.memobj: size 0x8
259999000: system.memobj: id 94061725744464
259999000: system.memobj: data_hex : FF0FB73D78A71600 
259999000: system.memobj: data : 1111111100001111101101110011110101111000101001110001011000000000 
259999000: system.memobj: fix data : 1111111100001111101101110011110101111000101001110001011000000000 
259999000: system.memobj: -------------------------------------
260076000: system.memobj: mem->cpu Got response for addr 0x14170 , 82288
260076000: system.memobj: size 0x8
260076000: system.memobj: id 94061725741872
260076000: system.memobj: data_hex : 48896C24F848895C 
260076000: system.memobj: data : 0100100010001001011011000010010011111000010010001000100101011100 
260076000: system.memobj: fix data : 0100100010001001011011000010010011111000010010001000100101011100 
260076000: system.memobj: -------------------------------------
260076000: system.memobj: cpu->mem Got request for addr 0x94b80 , 609152
260076000: system.memobj: size 0x8
260076000: system.memobj: id 94061725744464
260076000: system.memobj: data_hex : 0000000000000000 
260076000: system.memobj: data : 0000000000000000000000000000000000000000000000000000000000000000 
260076000: system.memobj: hamming code addr: 609152 
260076000: system.memobj: hamming code : 0 
260076000: system.memobj: hamming code addr: 609160 
260076000: system.memobj: hamming code : 0 
260076000: system.memobj: hamming code addr: 609168 
260076000: system.memobj: hamming code : 0 
260076000: system.memobj: hamming code addr: 609176 
260076000: system.memobj: hamming code : 0 
260076000: system.memobj: hamming code addr: 609184 
260076000: system.memobj: hamming code : 0 
260076000: system.memobj: hamming code addr: 609192 
260076000: system.memobj: hamming code : 0 
260076000: system.memobj: hamming code addr: 609200 
260076000: system.memobj: hamming code : 0 
260076000: system.memobj: hamming code addr: 609208 
260076000: system.memobj: hamming code : 0 
260076000: system.memobj: Enter Error Bit index: 8 
260076000: system.memobj: flip data : 0000000100000000000000000000000000000000000000000000000000000000 
260076000: system.memobj: -------------------------------------
260146000: system.memobj: mem->cpu Got response for addr 0x14170 , 82288
260146000: system.memobj: size 0x8
260146000: system.memobj: id 94061725744464
260146000: system.memobj: data_hex : 48896C24F848895C 
260146000: system.memobj: data : 0100100010001001011011000010010011111000010010001000100101011100 
260146000: system.memobj: fix data : 0100100010001001011011000010010011111000010010001000100101011100 
260146000: system.memobj: -------------------------------------
260195000: system.memobj: mem->cpu Got response for addr 0x14178 , 82296
260195000: system.memobj: size 0x8
260195000: system.memobj: id 94061725741872
260195000: system.memobj: data_hex : 24F04883EC184885 
260195000: system.memobj: data : 0010010011110000010010001000001111101100000110000100100010000101 
260195000: system.memobj: fix data : 0010010011110000010010001000001111101100000110000100100010000101 
260195000: system.memobj: -------------------------------------
260195000: system.memobj: cpu->mem Got request for addr 0x94b78 , 609144
260195000: system.memobj: size 0x8
260195000: system.memobj: id 94061725744464
260195000: system.memobj: data_hex : B0EBFFFFFF7F0000 
260195000: system.memobj: data : 1011000011101011111111111111111111111111011111110000000000000000 
260195000: system.memobj: hamming code addr: 609144 
260195000: system.memobj: hamming code : 2 
260195000: system.memobj: hamming code addr: 609152 
260195000: system.memobj: hamming code : 14 
260195000: system.memobj: hamming code addr: 609160 
260195000: system.memobj: hamming code : 3 
260195000: system.memobj: hamming code addr: 609168 
260195000: system.memobj: hamming code : 3 
260195000: system.memobj: hamming code addr: 609176 
260195000: system.memobj: hamming code : 3 
260195000: system.memobj: hamming code addr: 609184 
260195000: system.memobj: hamming code : 0 
260195000: system.memobj: hamming code addr: 609192 
260195000: system.memobj: hamming code : 0 
260195000: system.memobj: hamming code addr: 609200 
260195000: system.memobj: hamming code : 0 
260195000: system.memobj: Enter Error Bit index: 7 
260195000: system.memobj: flip data : 1011001011101011111111111111111111111111011111110000000000000000 
260195000: system.memobj: -------------------------------------
260265000: system.memobj: mem->cpu Got response for addr 0x14178 , 82296
260265000: system.memobj: size 0x8
260265000: system.memobj: id 94061725744464
260265000: system.memobj: data_hex : 24F04883EC184885 
260265000: system.memobj: data : 0010010011110000010010001000001111101100000110000100100010000101 
260265000: system.memobj: fix data : 0010010011110000010010001000001111101100000110000100100010000101 
260265000: system.memobj: -------------------------------------
260314000: system.memobj: mem->cpu Got response for addr 0x14178 , 82296
260314000: system.memobj: size 0x8
260314000: system.memobj: id 94061725741872
260314000: system.memobj: data_hex : 24F04883EC184885 
260314000: system.memobj: data : 0010010011110000010010001000001111101100000110000100100010000101 
260314000: system.memobj: fix data : 0010010011110000010010001000001111101100000110000100100010000101 
260314000: system.memobj: -------------------------------------
260363000: system.memobj: mem->cpu Got response for addr 0x14180 , 82304
260363000: system.memobj: size 0x8
260363000: system.memobj: id 94061725744464
260363000: system.memobj: data_hex : F64889F5742F488B 
260363000: system.memobj: data : 1111011001001000100010011111010101110100001011110100100010001011 
260363000: system.memobj: fix data : 1111011001001000100010011111010101110100001011110100100010001011 
260363000: system.memobj: -------------------------------------
260412000: system.memobj: mem->cpu Got response for addr 0x14180 , 82304
260412000: system.memobj: size 0x8
260412000: system.memobj: id 94061725741872
260412000: system.memobj: data_hex : F64889F5742F488B 
260412000: system.memobj: data : 1111011001001000100010011111010101110100001011110100100010001011 
260412000: system.memobj: fix data : 1111011001001000100010011111010101110100001011110100100010001011 
260412000: system.memobj: -------------------------------------
260461000: system.memobj: mem->cpu Got response for addr 0x14180 , 82304
260461000: system.memobj: size 0x8
260461000: system.memobj: id 94061725744464
260461000: system.memobj: data_hex : F64889F5742F488B 
260461000: system.memobj: data : 1111011001001000100010011111010101110100001011110100100010001011 
260461000: system.memobj: fix data : 1111011001001000100010011111010101110100001011110100100010001011 
260461000: system.memobj: -------------------------------------
260510000: system.memobj: mem->cpu Got response for addr 0x14180 , 82304
260510000: system.memobj: size 0x8
260510000: system.memobj: id 94061725741872
260510000: system.memobj: data_hex : F64889F5742F488B 
260510000: system.memobj: data : 1111011001001000100010011111010101110100001011110100100010001011 
260510000: system.memobj: fix data : 1111011001001000100010011111010101110100001011110100100010001011 
260510000: system.memobj: -------------------------------------
260559000: system.memobj: mem->cpu Got response for addr 0x14188 , 82312
260559000: system.memobj: size 0x8
260559000: system.memobj: id 94061725744464
260559000: system.memobj: data_hex : 1E4885DB7427BE2F 
260559000: system.memobj: data : 0001111001001000100001011101101101110100001001111011111000101111 
260559000: system.memobj: fix data : 0001111001001000100001011101101101110100001001111011111000101111 
260559000: system.memobj: -------------------------------------
260636000: system.memobj: mem->cpu Got response for addr 0x94dd8 , 609752
260636000: system.memobj: size 0x8
260636000: system.memobj: id 94061725744752
260636000: system.memobj: data_hex : 42EFFFFFFF7F0000 
260636000: system.memobj: data : 0100001011101111111111111111111111111111011111110000000000000000 
260636000: system.memobj: fix data : 0100001011101111111111111111111111111111011111110000000000000000 
260636000: system.memobj: -------------------------------------
260713000: system.memobj: mem->cpu Got response for addr 0x14188 , 82312
260713000: system.memobj: size 0x8
260713000: system.memobj: id 94061725744752
260713000: system.memobj: data_hex : 1E4885DB7427BE2F 
260713000: system.memobj: data : 0001111001001000100001011101101101110100001001111011111000101111 
260713000: system.memobj: fix data : 0001111001001000100001011101101101110100001001111011111000101111 
260713000: system.memobj: -------------------------------------
260762000: system.memobj: mem->cpu Got response for addr 0x14188 , 82312
260762000: system.memobj: size 0x8
260762000: system.memobj: id 94061725744464
260762000: system.memobj: data_hex : 1E4885DB7427BE2F 
260762000: system.memobj: data : 0001111001001000100001011101101101110100001001111011111000101111 
260762000: system.memobj: fix data : 0001111001001000100001011101101101110100001001111011111000101111 
260762000: system.memobj: -------------------------------------
260811000: system.memobj: mem->cpu Got response for addr 0x14188 , 82312
260811000: system.memobj: size 0x8
260811000: system.memobj: id 94061725744752
260811000: system.memobj: data_hex : 1E4885DB7427BE2F 
260811000: system.memobj: data : 0001111001001000100001011101101101110100001001111011111000101111 
260811000: system.memobj: fix data : 0001111001001000100001011101101101110100001001111011111000101111 
260811000: system.memobj: -------------------------------------
260860000: system.memobj: mem->cpu Got response for addr 0x14190 , 82320
260860000: system.memobj: size 0x8
260860000: system.memobj: id 94061725744464
260860000: system.memobj: data_hex : 0000004889DFE875 
260860000: system.memobj: data : 0000000000000000000000000100100010001001110111111110100001110101 
260860000: system.memobj: fix data : 0000000000000000000000000100100010001001110111111110100001110101 
260860000: system.memobj: -------------------------------------
260909000: system.memobj: mem->cpu Got response for addr 0x14190 , 82320
260909000: system.memobj: size 0x8
260909000: system.memobj: id 94061725744752
260909000: system.memobj: data_hex : 0000004889DFE875 
260909000: system.memobj: data : 0000000000000000000000000100100010001001110111111110100001110101 
260909000: system.memobj: fix data : 0000000000000000000000000100100010001001110111111110100001110101 
260909000: system.memobj: -------------------------------------
260958000: system.memobj: mem->cpu Got response for addr 0x14190 , 82320
260958000: system.memobj: size 0x8
260958000: system.memobj: id 94061725744464
260958000: system.memobj: data_hex : 0000004889DFE875 
260958000: system.memobj: data : 0000000000000000000000000100100010001001110111111110100001110101 
260958000: system.memobj: fix data : 0000000000000000000000000100100010001001110111111110100001110101 
260958000: system.memobj: -------------------------------------
261007000: system.memobj: mem->cpu Got response for addr 0x14198 , 82328
261007000: system.memobj: size 0x8
261007000: system.memobj: id 94061725744752
261007000: system.memobj: data_hex : 6401004885C07424 
261007000: system.memobj: data : 0110010000000001000000000100100010000101110000000111010000100100 
261007000: system.memobj: fix data : 0110010000000001000000000100100010000101110000000111010000100100 
261007000: system.memobj: -------------------------------------
261007000: system.memobj: cpu->mem Got request for addr 0x94b68 , 609128
261007000: system.memobj: size 0x8
261007000: system.memobj: id 94061725810704
261007000: system.memobj: data_hex : 9B41410000000000 
261007000: system.memobj: data : 1001101101000001010000010000000000000000000000000000000000000000 
261007000: system.memobj: hamming code addr: 609128 
261007000: system.memobj: hamming code : 10 
261007000: system.memobj: hamming code addr: 609136 
261007000: system.memobj: hamming code : 9 
261007000: system.memobj: hamming code addr: 609144 
261007000: system.memobj: hamming code : 9 
261007000: system.memobj: hamming code addr: 609152 
261007000: system.memobj: hamming code : 0 
261007000: system.memobj: hamming code addr: 609160 
261007000: system.memobj: hamming code : 0 
261007000: system.memobj: hamming code addr: 609168 
261007000: system.memobj: hamming code : 0 
261007000: system.memobj: hamming code addr: 609176 
261007000: system.memobj: hamming code : 0 
261007000: system.memobj: hamming code addr: 609184 
261007000: system.memobj: hamming code : 0 
261007000: system.memobj: Enter Error Bit index: 3 
261007000: system.memobj: flip data : 1011101101000001010000010000000000000000000000000000000000000000 
261007000: system.memobj: -------------------------------------
261091000: system.memobj: mem->cpu Got response for addr 0x2a610 , 173584
261091000: system.memobj: size 0x8
261091000: system.memobj: id 94061725810704
261091000: system.memobj: data_hex : 5553400FB6DE4883 
261091000: system.memobj: data : 0101010101010011010000000000111110110110110111100100100010000011 
261091000: system.memobj: fix data : 0101010101010011010000000000111110110110110111100100100010000011 
261091000: system.memobj: -------------------------------------
261091000: system.memobj: cpu->mem Got request for addr 0x94b60 , 609120
261091000: system.memobj: size 0x8
261091000: system.memobj: id 94061725744752
261091000: system.memobj: data_hex : D8EDFFFFFF7F0000 
261091000: system.memobj: data : 1101100011101101111111111111111111111111011111110000000000000000 
261091000: system.memobj: hamming code addr: 609120 
261091000: system.memobj: hamming code : 8 
261091000: system.memobj: hamming code addr: 609128 
261091000: system.memobj: hamming code : 15 
261091000: system.memobj: hamming code addr: 609136 
261091000: system.memobj: hamming code : 3 
261091000: system.memobj: hamming code addr: 609144 
261091000: system.memobj: hamming code : 3 
261091000: system.memobj: hamming code addr: 609152 
261091000: system.memobj: hamming code : 3 
261091000: system.memobj: hamming code addr: 609160 
261091000: system.memobj: hamming code : 0 
261091000: system.memobj: hamming code addr: 609168 
261091000: system.memobj: hamming code : 0 
261091000: system.memobj: hamming code addr: 609176 
261091000: system.memobj: hamming code : 0 
261091000: system.memobj: Enter Error Bit index: 7 
261091000: system.memobj: flip data : 1101101011101101111111111111111111111111011111110000000000000000 
261091000: system.memobj: -------------------------------------
261161000: system.memobj: mem->cpu Got response for addr 0x2a610 , 173584
261161000: system.memobj: size 0x8
261161000: system.memobj: id 94061725744752
261161000: system.memobj: data_hex : 5553400FB6DE4883 
261161000: system.memobj: data : 0101010101010011010000000000111110110110110111100100100010000011 
261161000: system.memobj: fix data : 0101010101010011010000000000111110110110110111100100100010000011 
261161000: system.memobj: -------------------------------------
261161000: system.memobj: cpu->mem Got request for addr 0x94b58 , 609112
261161000: system.memobj: size 0x8
261161000: system.memobj: id 94061725810704
261161000: system.memobj: data_hex : 42EFFFFFFF7F0000 
261161000: system.memobj: data : 0100001011101111111111111111111111111111011111110000000000000000 
261161000: system.memobj: hamming code addr: 609112 
261161000: system.memobj: hamming code : 14 
261161000: system.memobj: hamming code addr: 609120 
261161000: system.memobj: hamming code : 4 
261161000: system.memobj: hamming code addr: 609128 
261161000: system.memobj: hamming code : 3 
261161000: system.memobj: hamming code addr: 609136 
261161000: system.memobj: hamming code : 3 
261161000: system.memobj: hamming code addr: 609144 
261161000: system.memobj: hamming code : 3 
261161000: system.memobj: hamming code addr: 609152 
261161000: system.memobj: hamming code : 0 
261161000: system.memobj: hamming code addr: 609160 
261161000: system.memobj: hamming code : 0 
261161000: system.memobj: hamming code addr: 609168 
261161000: system.memobj: hamming code : 0 
261161000: system.memobj: Enter Error Bit index: 5 
261161000: system.memobj: flip data : 0100101011101111111111111111111111111111011111110000000000000000 
261161000: system.memobj: -------------------------------------
261231000: system.memobj: mem->cpu Got response for addr 0x2a610 , 173584
261231000: system.memobj: size 0x8
261231000: system.memobj: id 94061725810704
261231000: system.memobj: data_hex : 5553400FB6DE4883 
261231000: system.memobj: data : 0101010101010011010000000000111110110110110111100100100010000011 
261231000: system.memobj: fix data : 0101010101010011010000000000111110110110110111100100100010000011 
261231000: system.memobj: -------------------------------------
261280000: system.memobj: mem->cpu Got response for addr 0x2a610 , 173584
261280000: system.memobj: size 0x8
261280000: system.memobj: id 94061725744752
261280000: system.memobj: data_hex : 5553400FB6DE4883 
261280000: system.memobj: data : 0101010101010011010000000000111110110110110111100100100010000011 
261280000: system.memobj: fix data : 0101010101010011010000000000111110110110110111100100100010000011 
261280000: system.memobj: -------------------------------------
261329000: system.memobj: mem->cpu Got response for addr 0x2a618 , 173592
261329000: system.memobj: size 0x8
261329000: system.memobj: id 94061725810704
261329000: system.memobj: data_hex : EC0885DB750D4883 
261329000: system.memobj: data : 1110110000001000100001011101101101110101000011010100100010000011 
261329000: system.memobj: fix data : 1110110000001000100001011101101101110101000011010100100010000011 
261329000: system.memobj: -------------------------------------
261378000: system.memobj: mem->cpu Got response for addr 0x2a618 , 173592
261378000: system.memobj: size 0x8
261378000: system.memobj: id 94061725744752
261378000: system.memobj: data_hex : EC0885DB750D4883 
261378000: system.memobj: data : 1110110000001000100001011101101101110101000011010100100010000011 
261378000: system.memobj: fix data : 1110110000001000100001011101101101110101000011010100100010000011 
261378000: system.memobj: -------------------------------------
261427000: system.memobj: mem->cpu Got response for addr 0x2a618 , 173592
261427000: system.memobj: size 0x8
261427000: system.memobj: id 94061725810704
261427000: system.memobj: data_hex : EC0885DB750D4883 
261427000: system.memobj: data : 1110110000001000100001011101101101110101000011010100100010000011 
261427000: system.memobj: fix data : 1110110000001000100001011101101101110101000011010100100010000011 
261427000: system.memobj: -------------------------------------
261476000: system.memobj: mem->cpu Got response for addr 0x2a628 , 173608
261476000: system.memobj: size 0x8
261476000: system.memobj: id 94061725744752
261476000: system.memobj: data_hex : 06000031EDEB0890 
261476000: system.memobj: data : 0000011000000000000000000011000111101101111010110000100010010000 
261476000: system.memobj: fix data : 0000011000000000000000000011000111101101111010110000100010010000 
261476000: system.memobj: -------------------------------------
261525000: system.memobj: mem->cpu Got response for addr 0x2a628 , 173608
261525000: system.memobj: size 0x8
261525000: system.memobj: id 94061725810704
261525000: system.memobj: data_hex : 06000031EDEB0890 
261525000: system.memobj: data : 0000011000000000000000000011000111101101111010110000100010010000 
261525000: system.memobj: fix data : 0000011000000000000000000011000111101101111010110000100010010000 
261525000: system.memobj: -------------------------------------
261574000: system.memobj: mem->cpu Got response for addr 0x2a630 , 173616
261574000: system.memobj: size 0x8
261574000: system.memobj: id 94061725744752
261574000: system.memobj: data_hex : 488D78014889C589 
261574000: system.memobj: data : 0100100010001101011110000000000101001000100010011100010110001001 
261574000: system.memobj: fix data : 0100100010001101011110000000000101001000100010011100010110001001 
261574000: system.memobj: -------------------------------------
261623000: system.memobj: mem->cpu Got response for addr 0x2a638 , 173624
261623000: system.memobj: size 0x8
261623000: system.memobj: id 94061725810704
261623000: system.memobj: data_hex : DEE882F7FFFF4885 
261623000: system.memobj: data : 1101111011101000100000101111011111111111111111110100100010000101 
261623000: system.memobj: fix data : 1101111011101000100000101111011111111111111111110100100010000101 
261623000: system.memobj: -------------------------------------
261672000: system.memobj: mem->cpu Got response for addr 0x2a638 , 173624
261672000: system.memobj: size 0x8
261672000: system.memobj: id 94061725744752
261672000: system.memobj: data_hex : DEE882F7FFFF4885 
261672000: system.memobj: data : 1101111011101000100000101111011111111111111111110100100010000101 
261672000: system.memobj: fix data : 1101111011101000100000101111011111111111111111110100100010000101 
261672000: system.memobj: -------------------------------------
261672000: system.memobj: cpu->mem Got request for addr 0x94b48 , 609096
261672000: system.memobj: size 0x8
261672000: system.memobj: id 94061725810992
261672000: system.memobj: data_hex : 3EA6420000000000 
261672000: system.memobj: data : 0011111010100110010000100000000000000000000000000000000000000000 
261672000: system.memobj: hamming code addr: 609096 
261672000: system.memobj: hamming code : 9 
261672000: system.memobj: hamming code addr: 609104 
261672000: system.memobj: hamming code : 4 
261672000: system.memobj: hamming code addr: 609112 
261672000: system.memobj: hamming code : 14 
261672000: system.memobj: hamming code addr: 609120 
261672000: system.memobj: hamming code : 0 
261672000: system.memobj: hamming code addr: 609128 
261672000: system.memobj: hamming code : 0 
261672000: system.memobj: hamming code addr: 609136 
261672000: system.memobj: hamming code : 0 
261672000: system.memobj: hamming code addr: 609144 
261672000: system.memobj: hamming code : 0 
261672000: system.memobj: hamming code addr: 609152 
261672000: system.memobj: hamming code : 0 
261672000: system.memobj: Enter Error Bit index: 8 
261672000: system.memobj: flip data : 0011111110100110010000100000000000000000000000000000000000000000 
261672000: system.memobj: -------------------------------------
261756000: system.memobj: mem->cpu Got response for addr 0x29dc0 , 171456
261756000: system.memobj: size 0x8
261756000: system.memobj: id 94061725810992
261756000: system.memobj: data_hex : 4889FA83E2074889 
261756000: system.memobj: data : 0100100010001001111110101000001111100010000001110100100010001001 
261756000: system.memobj: fix data : 0100100010001001111110101000001111100010000001110100100010001001 
261756000: system.memobj: -------------------------------------
261805000: system.memobj: mem->cpu Got response for addr 0x29dc0 , 171456
261805000: system.memobj: size 0x8
261805000: system.memobj: id 94061725744752
261805000: system.memobj: data_hex : 4889FA83E2074889 
261805000: system.memobj: data : 0100100010001001111110101000001111100010000001110100100010001001 
261805000: system.memobj: fix data : 0100100010001001111110101000001111100010000001110100100010001001 
261805000: system.memobj: -------------------------------------
261854000: system.memobj: mem->cpu Got response for addr 0x29dc0 , 171456
261854000: system.memobj: size 0x8
261854000: system.memobj: id 94061725810992
261854000: system.memobj: data_hex : 4889FA83E2074889 
261854000: system.memobj: data : 0100100010001001111110101000001111100010000001110100100010001001 
261854000: system.memobj: fix data : 0100100010001001111110101000001111100010000001110100100010001001 
261854000: system.memobj: -------------------------------------
261903000: system.memobj: mem->cpu Got response for addr 0x29dc8 , 171464
261903000: system.memobj: size 0x8
261903000: system.memobj: id 94061725744752
261903000: system.memobj: data_hex : F8741FF7DA83C208 
261903000: system.memobj: data : 1111100001110100000111111111011111011010100000111100001000001000 
261903000: system.memobj: fix data : 1111100001110100000111111111011111011010100000111100001000001000 
261903000: system.memobj: -------------------------------------
261952000: system.memobj: mem->cpu Got response for addr 0x29dc8 , 171464
261952000: system.memobj: size 0x8
261952000: system.memobj: id 94061725810992
261952000: system.memobj: data_hex : F8741FF7DA83C208 
261952000: system.memobj: data : 1111100001110100000111111111011111011010100000111100001000001000 
261952000: system.memobj: fix data : 1111100001110100000111111111011111011010100000111100001000001000 
261952000: system.memobj: -------------------------------------
262001000: system.memobj: mem->cpu Got response for addr 0x29dc8 , 171464
262001000: system.memobj: size 0x8
262001000: system.memobj: id 94061725744752
262001000: system.memobj: data_hex : F8741FF7DA83C208 
262001000: system.memobj: data : 1111100001110100000111111111011111011010100000111100001000001000 
262001000: system.memobj: fix data : 1111100001110100000111111111011111011010100000111100001000001000 
262001000: system.memobj: -------------------------------------
262050000: system.memobj: mem->cpu Got response for addr 0x29dc8 , 171464
262050000: system.memobj: size 0x8
262050000: system.memobj: id 94061725810992
262050000: system.memobj: data_hex : F8741FF7DA83C208 
262050000: system.memobj: data : 1111100001110100000111111111011111011010100000111100001000001000 
262050000: system.memobj: fix data : 1111100001110100000111111111011111011010100000111100001000001000 
262050000: system.memobj: -------------------------------------
262099000: system.memobj: mem->cpu Got response for addr 0x29dd0 , 171472
262099000: system.memobj: size 0x8
262099000: system.memobj: id 94061725744752
262099000: system.memobj: data_hex : 8A084038CE0F8485 
262099000: system.memobj: data : 1000101000001000010000000011100011001110000011111000010010000101 
262099000: system.memobj: fix data : 1000101000001000010000000011100011001110000011111000010010000101 
262099000: system.memobj: -------------------------------------
262176000: system.memobj: mem->cpu Got response for addr 0x94f42 , 610114
262176000: system.memobj: size 0x1
262176000: system.memobj: id 94061725811280
262176000: system.memobj: data_hex : 2F 
262176000: system.memobj: data : 00101111 
262176000: system.memobj: fix data : 00101111 
262176000: system.memobj: -------------------------------------
262225000: system.memobj: mem->cpu Got response for addr 0x29dd0 , 171472
262225000: system.memobj: size 0x8
262225000: system.memobj: id 94061725811280
262225000: system.memobj: data_hex : 8A084038CE0F8485 
262225000: system.memobj: data : 1000101000001000010000000011100011001110000011111000010010000101 
262225000: system.memobj: fix data : 1000101000001000010000000011100011001110000011111000010010000101 
262225000: system.memobj: -------------------------------------
262274000: system.memobj: mem->cpu Got response for addr 0x29dd0 , 171472
262274000: system.memobj: size 0x8
262274000: system.memobj: id 94061725744752
262274000: system.memobj: data_hex : 8A084038CE0F8485 
262274000: system.memobj: data : 1000101000001000010000000011100011001110000011111000010010000101 
262274000: system.memobj: fix data : 1000101000001000010000000011100011001110000011111000010010000101 
262274000: system.memobj: -------------------------------------
262323000: system.memobj: mem->cpu Got response for addr 0x29dd8 , 171480
262323000: system.memobj: size 0x8
262323000: system.memobj: id 94061725811280
262323000: system.memobj: data_hex : 01000084C90F8415 
262323000: system.memobj: data : 0000000100000000000000001000010011001001000011111000010000010101 
262323000: system.memobj: fix data : 0000000100000000000000001000010011001001000011111000010000010101 
262323000: system.memobj: -------------------------------------
262372000: system.memobj: mem->cpu Got response for addr 0x29f60 , 171872
262372000: system.memobj: size 0x8
262372000: system.memobj: id 94061725744752
262372000: system.memobj: data_hex : 90C3909090909090 
262372000: system.memobj: data : 1001000011000011100100001001000010010000100100001001000010010000 
262372000: system.memobj: fix data : 1001000011000011100100001001000010010000100100001001000010010000 
262372000: system.memobj: -------------------------------------
262421000: system.memobj: mem->cpu Got response for addr 0x29f60 , 171872
262421000: system.memobj: size 0x8
262421000: system.memobj: id 94061725811280
262421000: system.memobj: data_hex : 90C3909090909090 
262421000: system.memobj: data : 1001000011000011100100001001000010010000100100001001000010010000 
262421000: system.memobj: fix data : 1001000011000011100100001001000010010000100100001001000010010000 
262421000: system.memobj: -------------------------------------
262470000: system.memobj: mem->cpu Got response for addr 0x94b48 , 609096
262470000: system.memobj: size 0x8
262470000: system.memobj: id 94061725744752
262470000: system.memobj: data_hex : 3FA6420000000000 
262470000: system.memobj: data : 0011111110100110010000100000000000000000000000000000000000000000 
262470000: system.memobj: hamming code addr: 609096 
262470000: system.memobj: hamming code out: 9 
262470000: system.memobj: find Error Bit index : 8 
262470000: system.memobj: hamming code addr: 609104 
262470000: system.memobj: hamming code out: 4 
262470000: system.memobj: hamming code addr: 609112 
262470000: system.memobj: hamming code out: 14 
262470000: system.memobj: hamming code addr: 609120 
262470000: system.memobj: hamming code out: 0 
262470000: system.memobj: hamming code addr: 609128 
262470000: system.memobj: hamming code out: 0 
262470000: system.memobj: hamming code addr: 609136 
262470000: system.memobj: hamming code out: 0 
262470000: system.memobj: hamming code addr: 609144 
262470000: system.memobj: hamming code out: 0 
262470000: system.memobj: hamming code addr: 609152 
262470000: system.memobj: hamming code out: 0 
262470000: system.memobj: fix data : 0011111010100110010000100000000000000000000000000000000000000000 
262470000: system.memobj: -------------------------------------
262519000: system.memobj: mem->cpu Got response for addr 0x2a638 , 173624
262519000: system.memobj: size 0x8
262519000: system.memobj: id 94061725744752
262519000: system.memobj: data_hex : DEE882F7FFFF4885 
262519000: system.memobj: data : 1101111011101000100000101111011111111111111111110100100010000101 
262519000: system.memobj: fix data : 1101111011101000100000101111011111111111111111110100100010000101 
262519000: system.memobj: -------------------------------------
262568000: system.memobj: mem->cpu Got response for addr 0x2a640 , 173632
262568000: system.memobj: size 0x8
262568000: system.memobj: id 94061725811280
262568000: system.memobj: data_hex : C075ED4883C40848 
262568000: system.memobj: data : 1100000001110101111011010100100010000011110001000000100001001000 
262568000: system.memobj: fix data : 1100000001110101111011010100100010000011110001000000100001001000 
262568000: system.memobj: -------------------------------------
262617000: system.memobj: mem->cpu Got response for addr 0x2a640 , 173632
262617000: system.memobj: size 0x8
262617000: system.memobj: id 94061725744752
262617000: system.memobj: data_hex : C075ED4883C40848 
262617000: system.memobj: data : 1100000001110101111011010100100010000011110001000000100001001000 
262617000: system.memobj: fix data : 1100000001110101111011010100100010000011110001000000100001001000 
262617000: system.memobj: -------------------------------------
262666000: system.memobj: mem->cpu Got response for addr 0x2a630 , 173616
262666000: system.memobj: size 0x8
262666000: system.memobj: id 94061725811280
262666000: system.memobj: data_hex : 488D78014889C589 
262666000: system.memobj: data : 0100100010001101011110000000000101001000100010011100010110001001 
262666000: system.memobj: fix data : 0100100010001101011110000000000101001000100010011100010110001001 
262666000: system.memobj: -------------------------------------
262729000: system.memobj: mem->cpu Got response for addr 0x2a630 , 173616
262729000: system.memobj: size 0x8
262729000: system.memobj: id 94061725811568
262729000: system.memobj: data_hex : 488D78014889C589 
262729000: system.memobj: data : 0100100010001101011110000000000101001000100010011100010110001001 
262729000: system.memobj: fix data : 0100100010001101011110000000000101001000100010011100010110001001 
262729000: system.memobj: -------------------------------------
262778000: system.memobj: mem->cpu Got response for addr 0x2a630 , 173616
262778000: system.memobj: size 0x8
262778000: system.memobj: id 94061725811280
262778000: system.memobj: data_hex : 488D78014889C589 
262778000: system.memobj: data : 0100100010001101011110000000000101001000100010011100010110001001 
262778000: system.memobj: fix data : 0100100010001101011110000000000101001000100010011100010110001001 
262778000: system.memobj: -------------------------------------
262827000: system.memobj: mem->cpu Got response for addr 0x2a638 , 173624
262827000: system.memobj: size 0x8
262827000: system.memobj: id 94061725811568
262827000: system.memobj: data_hex : DEE882F7FFFF4885 
262827000: system.memobj: data : 1101111011101000100000101111011111111111111111110100100010000101 
262827000: system.memobj: fix data : 1101111011101000100000101111011111111111111111110100100010000101 
262827000: system.memobj: -------------------------------------
262876000: system.memobj: mem->cpu Got response for addr 0x2a638 , 173624
262876000: system.memobj: size 0x8
262876000: system.memobj: id 94061725811280
262876000: system.memobj: data_hex : DEE882F7FFFF4885 
262876000: system.memobj: data : 1101111011101000100000101111011111111111111111110100100010000101 
262876000: system.memobj: fix data : 1101111011101000100000101111011111111111111111110100100010000101 
262876000: system.memobj: -------------------------------------
262876000: system.memobj: cpu->mem Got request for addr 0x94b48 , 609096
262876000: system.memobj: size 0x8
262876000: system.memobj: id 94061725811568
262876000: system.memobj: data_hex : 3EA6420000000000 
262876000: system.memobj: data : 0011111010100110010000100000000000000000000000000000000000000000 
262876000: system.memobj: hamming code addr: 609096 
262876000: system.memobj: hamming code : 9 
262876000: system.memobj: hamming code addr: 609104 
262876000: system.memobj: hamming code : 4 
262876000: system.memobj: hamming code addr: 609112 
262876000: system.memobj: hamming code : 14 
262876000: system.memobj: hamming code addr: 609120 
262876000: system.memobj: hamming code : 0 
262876000: system.memobj: hamming code addr: 609128 
262876000: system.memobj: hamming code : 0 
262876000: system.memobj: hamming code addr: 609136 
262876000: system.memobj: hamming code : 0 
262876000: system.memobj: hamming code addr: 609144 
262876000: system.memobj: hamming code : 0 
262876000: system.memobj: hamming code addr: 609152 
262876000: system.memobj: hamming code : 0 
262876000: system.memobj: Enter Error Bit index: 2 
262876000: system.memobj: flip data : 0111111010100110010000100000000000000000000000000000000000000000 
262876000: system.memobj: -------------------------------------
262946000: system.memobj: mem->cpu Got response for addr 0x29dc0 , 171456
262946000: system.memobj: size 0x8
262946000: system.memobj: id 94061725811568
262946000: system.memobj: data_hex : 4889FA83E2074889 
262946000: system.memobj: data : 0100100010001001111110101000001111100010000001110100100010001001 
262946000: system.memobj: fix data : 0100100010001001111110101000001111100010000001110100100010001001 
262946000: system.memobj: -------------------------------------
262995000: system.memobj: mem->cpu Got response for addr 0x29dc0 , 171456
262995000: system.memobj: size 0x8
262995000: system.memobj: id 94061725811280
262995000: system.memobj: data_hex : 4889FA83E2074889 
262995000: system.memobj: data : 0100100010001001111110101000001111100010000001110100100010001001 
262995000: system.memobj: fix data : 0100100010001001111110101000001111100010000001110100100010001001 
262995000: system.memobj: -------------------------------------
263044000: system.memobj: mem->cpu Got response for addr 0x29dc0 , 171456
263044000: system.memobj: size 0x8
263044000: system.memobj: id 94061725811568
263044000: system.memobj: data_hex : 4889FA83E2074889 
263044000: system.memobj: data : 0100100010001001111110101000001111100010000001110100100010001001 
263044000: system.memobj: fix data : 0100100010001001111110101000001111100010000001110100100010001001 
263044000: system.memobj: -------------------------------------
263107000: system.memobj: mem->cpu Got response for addr 0x29dc8 , 171464
263107000: system.memobj: size 0x8
263107000: system.memobj: id 94061725811280
263107000: system.memobj: data_hex : F8741FF7DA83C208 
263107000: system.memobj: data : 1111100001110100000111111111011111011010100000111100001000001000 
263107000: system.memobj: fix data : 1111100001110100000111111111011111011010100000111100001000001000 
263107000: system.memobj: -------------------------------------
263156000: system.memobj: mem->cpu Got response for addr 0x29dc8 , 171464
263156000: system.memobj: size 0x8
263156000: system.memobj: id 94061725811568
263156000: system.memobj: data_hex : F8741FF7DA83C208 
263156000: system.memobj: data : 1111100001110100000111111111011111011010100000111100001000001000 
263156000: system.memobj: fix data : 1111100001110100000111111111011111011010100000111100001000001000 
263156000: system.memobj: -------------------------------------
263205000: system.memobj: mem->cpu Got response for addr 0x29dc8 , 171464
263205000: system.memobj: size 0x8
263205000: system.memobj: id 94061725811280
263205000: system.memobj: data_hex : F8741FF7DA83C208 
263205000: system.memobj: data : 1111100001110100000111111111011111011010100000111100001000001000 
263205000: system.memobj: fix data : 1111100001110100000111111111011111011010100000111100001000001000 
263205000: system.memobj: -------------------------------------
263254000: system.memobj: mem->cpu Got response for addr 0x29dc8 , 171464
263254000: system.memobj: size 0x8
263254000: system.memobj: id 94061725811568
263254000: system.memobj: data_hex : F8741FF7DA83C208 
263254000: system.memobj: data : 1111100001110100000111111111011111011010100000111100001000001000 
263254000: system.memobj: fix data : 1111100001110100000111111111011111011010100000111100001000001000 
263254000: system.memobj: -------------------------------------
263303000: system.memobj: mem->cpu Got response for addr 0x29dd0 , 171472
263303000: system.memobj: size 0x8
263303000: system.memobj: id 94061725811280
263303000: system.memobj: data_hex : 8A084038CE0F8485 
263303000: system.memobj: data : 1000101000001000010000000011100011001110000011111000010010000101 
263303000: system.memobj: fix data : 1000101000001000010000000011100011001110000011111000010010000101 
263303000: system.memobj: -------------------------------------
263352000: system.memobj: mem->cpu Got response for addr 0x94f43 , 610115
263352000: system.memobj: size 0x1
263352000: system.memobj: id 94061725811568
263352000: system.memobj: data_hex : 68 
263352000: system.memobj: data : 01101000 
263352000: system.memobj: fix data : 01101000 
263352000: system.memobj: -------------------------------------
263401000: system.memobj: mem->cpu Got response for addr 0x29dd0 , 171472
263401000: system.memobj: size 0x8
263401000: system.memobj: id 94061725811568
263401000: system.memobj: data_hex : 8A084038CE0F8485 
263401000: system.memobj: data : 1000101000001000010000000011100011001110000011111000010010000101 
263401000: system.memobj: fix data : 1000101000001000010000000011100011001110000011111000010010000101 
263401000: system.memobj: -------------------------------------
263450000: system.memobj: mem->cpu Got response for addr 0x29dd0 , 171472
263450000: system.memobj: size 0x8
263450000: system.memobj: id 94061725811280
263450000: system.memobj: data_hex : 8A084038CE0F8485 
263450000: system.memobj: data : 1000101000001000010000000011100011001110000011111000010010000101 
263450000: system.memobj: fix data : 1000101000001000010000000011100011001110000011111000010010000101 
263450000: system.memobj: -------------------------------------
263499000: system.memobj: mem->cpu Got response for addr 0x29dd8 , 171480
263499000: system.memobj: size 0x8
263499000: system.memobj: id 94061725811568
263499000: system.memobj: data_hex : 01000084C90F8415 
263499000: system.memobj: data : 0000000100000000000000001000010011001001000011111000010000010101 
263499000: system.memobj: fix data : 0000000100000000000000001000010011001001000011111000010000010101 
263499000: system.memobj: -------------------------------------
263548000: system.memobj: mem->cpu Got response for addr 0x29dd8 , 171480
263548000: system.memobj: size 0x8
263548000: system.memobj: id 94061725811280
263548000: system.memobj: data_hex : 01000084C90F8415 
263548000: system.memobj: data : 0000000100000000000000001000010011001001000011111000010000010101 
263548000: system.memobj: fix data : 0000000100000000000000001000010011001001000011111000010000010101 
263548000: system.memobj: -------------------------------------
263597000: system.memobj: mem->cpu Got response for addr 0x29dd8 , 171480
263597000: system.memobj: size 0x8
263597000: system.memobj: id 94061725811568
263597000: system.memobj: data_hex : 01000084C90F8415 
263597000: system.memobj: data : 0000000100000000000000001000010011001001000011111000010000010101 
263597000: system.memobj: fix data : 0000000100000000000000001000010011001001000011111000010000010101 
263597000: system.memobj: -------------------------------------
263646000: system.memobj: mem->cpu Got response for addr 0x29de0 , 171488
263646000: system.memobj: size 0x8
263646000: system.memobj: id 94061725811280
263646000: system.memobj: data_hex : 01000048FFC0FFCA 
263646000: system.memobj: data : 0000000100000000000000000100100011111111110000001111111111001010 
263646000: system.memobj: fix data : 0000000100000000000000000100100011111111110000001111111111001010 
263646000: system.memobj: -------------------------------------
263695000: system.memobj: mem->cpu Got response for addr 0x29de0 , 171488
263695000: system.memobj: size 0x8
263695000: system.memobj: id 94061725811568
263695000: system.memobj: data_hex : 01000048FFC0FFCA 
263695000: system.memobj: data : 0000000100000000000000000100100011111111110000001111111111001010 
263695000: system.memobj: fix data : 0000000100000000000000000100100011111111110000001111111111001010 
263695000: system.memobj: -------------------------------------
263744000: system.memobj: mem->cpu Got response for addr 0x29de0 , 171488
263744000: system.memobj: size 0x8
263744000: system.memobj: id 94061725811280
263744000: system.memobj: data_hex : 01000048FFC0FFCA 
263744000: system.memobj: data : 0000000100000000000000000100100011111111110000001111111111001010 
263744000: system.memobj: fix data : 0000000100000000000000000100100011111111110000001111111111001010 
263744000: system.memobj: -------------------------------------
263793000: system.memobj: mem->cpu Got response for addr 0x29de8 , 171496
263793000: system.memobj: size 0x8
263793000: system.memobj: id 94061725811568
263793000: system.memobj: data_hex : 75E649B901010101 
263793000: system.memobj: data : 0111010111100110010010011011100100000001000000010000000100000001 
263793000: system.memobj: fix data : 0111010111100110010010011011100100000001000000010000000100000001 
263793000: system.memobj: -------------------------------------
263842000: system.memobj: mem->cpu Got response for addr 0x29dd0 , 171472
263842000: system.memobj: size 0x8
263842000: system.memobj: id 94061725811280
263842000: system.memobj: data_hex : 8A084038CE0F8485 
263842000: system.memobj: data : 1000101000001000010000000011100011001110000011111000010010000101 
263842000: system.memobj: fix data : 1000101000001000010000000011100011001110000011111000010010000101 
263842000: system.memobj: -------------------------------------
263891000: system.memobj: mem->cpu Got response for addr 0x94f44 , 610116
263891000: system.memobj: size 0x1
263891000: system.memobj: id 94061725811568
263891000: system.memobj: data_hex : 6F 
263891000: system.memobj: data : 01101111 
263891000: system.memobj: fix data : 01101111 
263891000: system.memobj: -------------------------------------
263940000: system.memobj: mem->cpu Got response for addr 0x29dd0 , 171472
263940000: system.memobj: size 0x8
263940000: system.memobj: id 94061725811568
263940000: system.memobj: data_hex : 8A084038CE0F8485 
263940000: system.memobj: data : 1000101000001000010000000011100011001110000011111000010010000101 
263940000: system.memobj: fix data : 1000101000001000010000000011100011001110000011111000010010000101 
263940000: system.memobj: -------------------------------------
264003000: system.memobj: mem->cpu Got response for addr 0x29dd0 , 171472
264003000: system.memobj: size 0x8
264003000: system.memobj: id 94061725811280
264003000: system.memobj: data_hex : 8A084038CE0F8485 
264003000: system.memobj: data : 1000101000001000010000000011100011001110000011111000010010000101 
264003000: system.memobj: fix data : 1000101000001000010000000011100011001110000011111000010010000101 
264003000: system.memobj: -------------------------------------
264052000: system.memobj: mem->cpu Got response for addr 0x29dd8 , 171480
264052000: system.memobj: size 0x8
264052000: system.memobj: id 94061725811568
264052000: system.memobj: data_hex : 01000084C90F8415 
264052000: system.memobj: data : 0000000100000000000000001000010011001001000011111000010000010101 
264052000: system.memobj: fix data : 0000000100000000000000001000010011001001000011111000010000010101 
264052000: system.memobj: -------------------------------------
264101000: system.memobj: mem->cpu Got response for addr 0x29dd8 , 171480
264101000: system.memobj: size 0x8
264101000: system.memobj: id 94061725811280
264101000: system.memobj: data_hex : 01000084C90F8415 
264101000: system.memobj: data : 0000000100000000000000001000010011001001000011111000010000010101 
264101000: system.memobj: fix data : 0000000100000000000000001000010011001001000011111000010000010101 
264101000: system.memobj: -------------------------------------
264150000: system.memobj: mem->cpu Got response for addr 0x29dd8 , 171480
264150000: system.memobj: size 0x8
264150000: system.memobj: id 94061725811568
264150000: system.memobj: data_hex : 01000084C90F8415 
264150000: system.memobj: data : 0000000100000000000000001000010011001001000011111000010000010101 
264150000: system.memobj: fix data : 0000000100000000000000001000010011001001000011111000010000010101 
264150000: system.memobj: -------------------------------------
264199000: system.memobj: mem->cpu Got response for addr 0x29de0 , 171488
264199000: system.memobj: size 0x8
264199000: system.memobj: id 94061725811280
264199000: system.memobj: data_hex : 01000048FFC0FFCA 
264199000: system.memobj: data : 0000000100000000000000000100100011111111110000001111111111001010 
264199000: system.memobj: fix data : 0000000100000000000000000100100011111111110000001111111111001010 
264199000: system.memobj: -------------------------------------
264248000: system.memobj: mem->cpu Got response for addr 0x29de0 , 171488
264248000: system.memobj: size 0x8
264248000: system.memobj: id 94061725811568
264248000: system.memobj: data_hex : 01000048FFC0FFCA 
264248000: system.memobj: data : 0000000100000000000000000100100011111111110000001111111111001010 
264248000: system.memobj: fix data : 0000000100000000000000000100100011111111110000001111111111001010 
264248000: system.memobj: -------------------------------------
264297000: system.memobj: mem->cpu Got response for addr 0x29de0 , 171488
264297000: system.memobj: size 0x8
264297000: system.memobj: id 94061725811280
264297000: system.memobj: data_hex : 01000048FFC0FFCA 
264297000: system.memobj: data : 0000000100000000000000000100100011111111110000001111111111001010 
264297000: system.memobj: fix data : 0000000100000000000000000100100011111111110000001111111111001010 
264297000: system.memobj: -------------------------------------
264346000: system.memobj: mem->cpu Got response for addr 0x29de8 , 171496
264346000: system.memobj: size 0x8
264346000: system.memobj: id 94061725811568
264346000: system.memobj: data_hex : 75E649B901010101 
264346000: system.memobj: data : 0111010111100110010010011011100100000001000000010000000100000001 
264346000: system.memobj: fix data : 0111010111100110010010011011100100000001000000010000000100000001 
264346000: system.memobj: -------------------------------------
264395000: system.memobj: mem->cpu Got response for addr 0x29dd0 , 171472
264395000: system.memobj: size 0x8
264395000: system.memobj: id 94061725811280
264395000: system.memobj: data_hex : 8A084038CE0F8485 
264395000: system.memobj: data : 1000101000001000010000000011100011001110000011111000010010000101 
264395000: system.memobj: fix data : 1000101000001000010000000011100011001110000011111000010010000101 
264395000: system.memobj: -------------------------------------
264444000: system.memobj: mem->cpu Got response for addr 0x94f45 , 610117
264444000: system.memobj: size 0x1
264444000: system.memobj: id 94061725811568
264444000: system.memobj: data_hex : 6D 
264444000: system.memobj: data : 01101101 
264444000: system.memobj: fix data : 01101101 
264444000: system.memobj: -------------------------------------
264493000: system.memobj: mem->cpu Got response for addr 0x29dd0 , 171472
264493000: system.memobj: size 0x8
264493000: system.memobj: id 94061725811568
264493000: system.memobj: data_hex : 8A084038CE0F8485 
264493000: system.memobj: data : 1000101000001000010000000011100011001110000011111000010010000101 
264493000: system.memobj: fix data : 1000101000001000010000000011100011001110000011111000010010000101 
264493000: system.memobj: -------------------------------------
264542000: system.memobj: mem->cpu Got response for addr 0x29dd0 , 171472
264542000: system.memobj: size 0x8
264542000: system.memobj: id 94061725811280
264542000: system.memobj: data_hex : 8A084038CE0F8485 
264542000: system.memobj: data : 1000101000001000010000000011100011001110000011111000010010000101 
264542000: system.memobj: fix data : 1000101000001000010000000011100011001110000011111000010010000101 
264542000: system.memobj: -------------------------------------
264591000: system.memobj: mem->cpu Got response for addr 0x29dd8 , 171480
264591000: system.memobj: size 0x8
264591000: system.memobj: id 94061725811568
264591000: system.memobj: data_hex : 01000084C90F8415 
264591000: system.memobj: data : 0000000100000000000000001000010011001001000011111000010000010101 
264591000: system.memobj: fix data : 0000000100000000000000001000010011001001000011111000010000010101 
264591000: system.memobj: -------------------------------------
264640000: system.memobj: mem->cpu Got response for addr 0x29dd8 , 171480
264640000: system.memobj: size 0x8
264640000: system.memobj: id 94061725811280
264640000: system.memobj: data_hex : 01000084C90F8415 
264640000: system.memobj: data : 0000000100000000000000001000010011001001000011111000010000010101 
264640000: system.memobj: fix data : 0000000100000000000000001000010011001001000011111000010000010101 
264640000: system.memobj: -------------------------------------
264689000: system.memobj: mem->cpu Got response for addr 0x29dd8 , 171480
264689000: system.memobj: size 0x8
264689000: system.memobj: id 94061725811568
264689000: system.memobj: data_hex : 01000084C90F8415 
264689000: system.memobj: data : 0000000100000000000000001000010011001001000011111000010000010101 
264689000: system.memobj: fix data : 0000000100000000000000001000010011001001000011111000010000010101 
264689000: system.memobj: -------------------------------------
264738000: system.memobj: mem->cpu Got response for addr 0x29de0 , 171488
264738000: system.memobj: size 0x8
264738000: system.memobj: id 94061725811280
264738000: system.memobj: data_hex : 01000048FFC0FFCA 
264738000: system.memobj: data : 0000000100000000000000000100100011111111110000001111111111001010 
264738000: system.memobj: fix data : 0000000100000000000000000100100011111111110000001111111111001010 
264738000: system.memobj: -------------------------------------
265069000: system.memobj: mem->cpu Got response for addr 0x29de0 , 171488
265069000: system.memobj: size 0x8
265069000: system.memobj: id 94061725811568
265069000: system.memobj: data_hex : 01000048FFC0FFCA 
265069000: system.memobj: data : 0000000100000000000000000100100011111111110000001111111111001010 
265069000: system.memobj: fix data : 0000000100000000000000000100100011111111110000001111111111001010 
265069000: system.memobj: -------------------------------------
265118000: system.memobj: mem->cpu Got response for addr 0x29de0 , 171488
265118000: system.memobj: size 0x8
265118000: system.memobj: id 94061725811280
265118000: system.memobj: data_hex : 01000048FFC0FFCA 
265118000: system.memobj: data : 0000000100000000000000000100100011111111110000001111111111001010 
265118000: system.memobj: fix data : 0000000100000000000000000100100011111111110000001111111111001010 
265118000: system.memobj: -------------------------------------
265167000: system.memobj: mem->cpu Got response for addr 0x29de8 , 171496
265167000: system.memobj: size 0x8
265167000: system.memobj: id 94061725811568
265167000: system.memobj: data_hex : 75E649B901010101 
265167000: system.memobj: data : 0111010111100110010010011011100100000001000000010000000100000001 
265167000: system.memobj: fix data : 0111010111100110010010011011100100000001000000010000000100000001 
265167000: system.memobj: -------------------------------------
265216000: system.memobj: mem->cpu Got response for addr 0x29dd0 , 171472
265216000: system.memobj: size 0x8
265216000: system.memobj: id 94061725811280
265216000: system.memobj: data_hex : 8A084038CE0F8485 
265216000: system.memobj: data : 1000101000001000010000000011100011001110000011111000010010000101 
265216000: system.memobj: fix data : 1000101000001000010000000011100011001110000011111000010010000101 
265216000: system.memobj: -------------------------------------
265279000: system.memobj: mem->cpu Got response for addr 0x94f46 , 610118
265279000: system.memobj: size 0x1
265279000: system.memobj: id 94061725811568
265279000: system.memobj: data_hex : 65 
265279000: system.memobj: data : 01100101 
265279000: system.memobj: fix data : 01100101 
265279000: system.memobj: -------------------------------------
265328000: system.memobj: mem->cpu Got response for addr 0x29dd0 , 171472
265328000: system.memobj: size 0x8
265328000: system.memobj: id 94061725811568
265328000: system.memobj: data_hex : 8A084038CE0F8485 
265328000: system.memobj: data : 1000101000001000010000000011100011001110000011111000010010000101 
265328000: system.memobj: fix data : 1000101000001000010000000011100011001110000011111000010010000101 
265328000: system.memobj: -------------------------------------
265377000: system.memobj: mem->cpu Got response for addr 0x29dd0 , 171472
265377000: system.memobj: size 0x8
265377000: system.memobj: id 94061725811280
265377000: system.memobj: data_hex : 8A084038CE0F8485 
265377000: system.memobj: data : 1000101000001000010000000011100011001110000011111000010010000101 
265377000: system.memobj: fix data : 1000101000001000010000000011100011001110000011111000010010000101 
265377000: system.memobj: -------------------------------------
265426000: system.memobj: mem->cpu Got response for addr 0x29dd8 , 171480
265426000: system.memobj: size 0x8
265426000: system.memobj: id 94061725811568
265426000: system.memobj: data_hex : 01000084C90F8415 
265426000: system.memobj: data : 0000000100000000000000001000010011001001000011111000010000010101 
265426000: system.memobj: fix data : 0000000100000000000000001000010011001001000011111000010000010101 
265426000: system.memobj: -------------------------------------
265475000: system.memobj: mem->cpu Got response for addr 0x29dd8 , 171480
265475000: system.memobj: size 0x8
265475000: system.memobj: id 94061725811280
265475000: system.memobj: data_hex : 01000084C90F8415 
265475000: system.memobj: data : 0000000100000000000000001000010011001001000011111000010000010101 
265475000: system.memobj: fix data : 0000000100000000000000001000010011001001000011111000010000010101 
265475000: system.memobj: -------------------------------------
265524000: system.memobj: mem->cpu Got response for addr 0x29dd8 , 171480
265524000: system.memobj: size 0x8
265524000: system.memobj: id 94061725811568
265524000: system.memobj: data_hex : 01000084C90F8415 
265524000: system.memobj: data : 0000000100000000000000001000010011001001000011111000010000010101 
265524000: system.memobj: fix data : 0000000100000000000000001000010011001001000011111000010000010101 
265524000: system.memobj: -------------------------------------
265573000: system.memobj: mem->cpu Got response for addr 0x29de0 , 171488
265573000: system.memobj: size 0x8
265573000: system.memobj: id 94061725811280
265573000: system.memobj: data_hex : 01000048FFC0FFCA 
265573000: system.memobj: data : 0000000100000000000000000100100011111111110000001111111111001010 
265573000: system.memobj: fix data : 0000000100000000000000000100100011111111110000001111111111001010 
265573000: system.memobj: -------------------------------------
265622000: system.memobj: mem->cpu Got response for addr 0x29de0 , 171488
265622000: system.memobj: size 0x8
265622000: system.memobj: id 94061725811568
265622000: system.memobj: data_hex : 01000048FFC0FFCA 
265622000: system.memobj: data : 0000000100000000000000000100100011111111110000001111111111001010 
265622000: system.memobj: fix data : 0000000100000000000000000100100011111111110000001111111111001010 
265622000: system.memobj: -------------------------------------
265671000: system.memobj: mem->cpu Got response for addr 0x29de0 , 171488
265671000: system.memobj: size 0x8
265671000: system.memobj: id 94061725811280
265671000: system.memobj: data_hex : 01000048FFC0FFCA 
265671000: system.memobj: data : 0000000100000000000000000100100011111111110000001111111111001010 
265671000: system.memobj: fix data : 0000000100000000000000000100100011111111110000001111111111001010 
265671000: system.memobj: -------------------------------------
265720000: system.memobj: mem->cpu Got response for addr 0x29de8 , 171496
265720000: system.memobj: size 0x8
265720000: system.memobj: id 94061725811568
265720000: system.memobj: data_hex : 75E649B901010101 
265720000: system.memobj: data : 0111010111100110010010011011100100000001000000010000000100000001 
265720000: system.memobj: fix data : 0111010111100110010010011011100100000001000000010000000100000001 
265720000: system.memobj: -------------------------------------
265769000: system.memobj: mem->cpu Got response for addr 0x29dd0 , 171472
265769000: system.memobj: size 0x8
265769000: system.memobj: id 94061725811280
265769000: system.memobj: data_hex : 8A084038CE0F8485 
265769000: system.memobj: data : 1000101000001000010000000011100011001110000011111000010010000101 
265769000: system.memobj: fix data : 1000101000001000010000000011100011001110000011111000010010000101 
265769000: system.memobj: -------------------------------------
265818000: system.memobj: mem->cpu Got response for addr 0x94f47 , 610119
265818000: system.memobj: size 0x1
265818000: system.memobj: id 94061725811568
265818000: system.memobj: data_hex : 2F 
265818000: system.memobj: data : 00101111 
265818000: system.memobj: fix data : 00101111 
265818000: system.memobj: -------------------------------------
265867000: system.memobj: mem->cpu Got response for addr 0x29dd0 , 171472
265867000: system.memobj: size 0x8
265867000: system.memobj: id 94061725811568
265867000: system.memobj: data_hex : 8A084038CE0F8485 
265867000: system.memobj: data : 1000101000001000010000000011100011001110000011111000010010000101 
265867000: system.memobj: fix data : 1000101000001000010000000011100011001110000011111000010010000101 
265867000: system.memobj: -------------------------------------
265916000: system.memobj: mem->cpu Got response for addr 0x29dd0 , 171472
265916000: system.memobj: size 0x8
265916000: system.memobj: id 94061725811280
265916000: system.memobj: data_hex : 8A084038CE0F8485 
265916000: system.memobj: data : 1000101000001000010000000011100011001110000011111000010010000101 
265916000: system.memobj: fix data : 1000101000001000010000000011100011001110000011111000010010000101 
265916000: system.memobj: -------------------------------------
265979000: system.memobj: mem->cpu Got response for addr 0x29dd8 , 171480
265979000: system.memobj: size 0x8
265979000: system.memobj: id 94061725811568
265979000: system.memobj: data_hex : 01000084C90F8415 
265979000: system.memobj: data : 0000000100000000000000001000010011001001000011111000010000010101 
265979000: system.memobj: fix data : 0000000100000000000000001000010011001001000011111000010000010101 
265979000: system.memobj: -------------------------------------
266028000: system.memobj: mem->cpu Got response for addr 0x29f60 , 171872
266028000: system.memobj: size 0x8
266028000: system.memobj: id 94061725811280
266028000: system.memobj: data_hex : 90C3909090909090 
266028000: system.memobj: data : 1001000011000011100100001001000010010000100100001001000010010000 
266028000: system.memobj: fix data : 1001000011000011100100001001000010010000100100001001000010010000 
266028000: system.memobj: -------------------------------------
266077000: system.memobj: mem->cpu Got response for addr 0x29f60 , 171872
266077000: system.memobj: size 0x8
266077000: system.memobj: id 94061725811568
266077000: system.memobj: data_hex : 90C3909090909090 
266077000: system.memobj: data : 1001000011000011100100001001000010010000100100001001000010010000 
266077000: system.memobj: fix data : 1001000011000011100100001001000010010000100100001001000010010000 
266077000: system.memobj: -------------------------------------
266126000: system.memobj: mem->cpu Got response for addr 0x94b48 , 609096
266126000: system.memobj: size 0x8
266126000: system.memobj: id 94061725811280
266126000: system.memobj: data_hex : 7EA6420000000000 
266126000: system.memobj: data : 0111111010100110010000100000000000000000000000000000000000000000 
266126000: system.memobj: hamming code addr: 609096 
266126000: system.memobj: hamming code out: 9 
266126000: system.memobj: find Error Bit index : 2 
266126000: system.memobj: hamming code addr: 609104 
266126000: system.memobj: hamming code out: 4 
266126000: system.memobj: hamming code addr: 609112 
266126000: system.memobj: hamming code out: 14 
266126000: system.memobj: hamming code addr: 609120 
266126000: system.memobj: hamming code out: 0 
266126000: system.memobj: hamming code addr: 609128 
266126000: system.memobj: hamming code out: 0 
266126000: system.memobj: hamming code addr: 609136 
266126000: system.memobj: hamming code out: 0 
266126000: system.memobj: hamming code addr: 609144 
266126000: system.memobj: hamming code out: 0 
266126000: system.memobj: hamming code addr: 609152 
266126000: system.memobj: hamming code out: 0 
266126000: system.memobj: fix data : 0011111010100110010000100000000000000000000000000000000000000000 
266126000: system.memobj: -------------------------------------
266189000: system.memobj: mem->cpu Got response for addr 0x2a638 , 173624
266189000: system.memobj: size 0x8
266189000: system.memobj: id 94061725811280
266189000: system.memobj: data_hex : DEE882F7FFFF4885 
266189000: system.memobj: data : 1101111011101000100000101111011111111111111111110100100010000101 
266189000: system.memobj: fix data : 1101111011101000100000101111011111111111111111110100100010000101 
266189000: system.memobj: -------------------------------------
266238000: system.memobj: mem->cpu Got response for addr 0x2a640 , 173632
266238000: system.memobj: size 0x8
266238000: system.memobj: id 94061725811568
266238000: system.memobj: data_hex : C075ED4883C40848 
266238000: system.memobj: data : 1100000001110101111011010100100010000011110001000000100001001000 
266238000: system.memobj: fix data : 1100000001110101111011010100100010000011110001000000100001001000 
266238000: system.memobj: -------------------------------------
266287000: system.memobj: mem->cpu Got response for addr 0x2a640 , 173632
266287000: system.memobj: size 0x8
266287000: system.memobj: id 94061725811280
266287000: system.memobj: data_hex : C075ED4883C40848 
266287000: system.memobj: data : 1100000001110101111011010100100010000011110001000000100001001000 
266287000: system.memobj: fix data : 1100000001110101111011010100100010000011110001000000100001001000 
266287000: system.memobj: -------------------------------------
266336000: system.memobj: mem->cpu Got response for addr 0x2a630 , 173616
266336000: system.memobj: size 0x8
266336000: system.memobj: id 94061725811568
266336000: system.memobj: data_hex : 488D78014889C589 
266336000: system.memobj: data : 0100100010001101011110000000000101001000100010011100010110001001 
266336000: system.memobj: fix data : 0100100010001101011110000000000101001000100010011100010110001001 
266336000: system.memobj: -------------------------------------
266385000: system.memobj: mem->cpu Got response for addr 0x2a630 , 173616
266385000: system.memobj: size 0x8
266385000: system.memobj: id 94061725811280
266385000: system.memobj: data_hex : 488D78014889C589 
266385000: system.memobj: data : 0100100010001101011110000000000101001000100010011100010110001001 
266385000: system.memobj: fix data : 0100100010001101011110000000000101001000100010011100010110001001 
266385000: system.memobj: -------------------------------------
266434000: system.memobj: mem->cpu Got response for addr 0x2a630 , 173616
266434000: system.memobj: size 0x8
266434000: system.memobj: id 94061725811568
266434000: system.memobj: data_hex : 488D78014889C589 
266434000: system.memobj: data : 0100100010001101011110000000000101001000100010011100010110001001 
266434000: system.memobj: fix data : 0100100010001101011110000000000101001000100010011100010110001001 
266434000: system.memobj: -------------------------------------
266483000: system.memobj: mem->cpu Got response for addr 0x2a638 , 173624
266483000: system.memobj: size 0x8
266483000: system.memobj: id 94061725811280
266483000: system.memobj: data_hex : DEE882F7FFFF4885 
266483000: system.memobj: data : 1101111011101000100000101111011111111111111111110100100010000101 
266483000: system.memobj: fix data : 1101111011101000100000101111011111111111111111110100100010000101 
266483000: system.memobj: -------------------------------------
266532000: system.memobj: mem->cpu Got response for addr 0x2a638 , 173624
266532000: system.memobj: size 0x8
266532000: system.memobj: id 94061725811568
266532000: system.memobj: data_hex : DEE882F7FFFF4885 
266532000: system.memobj: data : 1101111011101000100000101111011111111111111111110100100010000101 
266532000: system.memobj: fix data : 1101111011101000100000101111011111111111111111110100100010000101 
266532000: system.memobj: -------------------------------------
266532000: system.memobj: cpu->mem Got request for addr 0x94b48 , 609096
266532000: system.memobj: size 0x8
266532000: system.memobj: id 94061725811280
266532000: system.memobj: data_hex : 3EA6420000000000 
266532000: system.memobj: data : 0011111010100110010000100000000000000000000000000000000000000000 
266532000: system.memobj: hamming code addr: 609096 
266532000: system.memobj: hamming code : 9 
266532000: system.memobj: hamming code addr: 609104 
266532000: system.memobj: hamming code : 4 
266532000: system.memobj: hamming code addr: 609112 
266532000: system.memobj: hamming code : 14 
266532000: system.memobj: hamming code addr: 609120 
266532000: system.memobj: hamming code : 0 
266532000: system.memobj: hamming code addr: 609128 
266532000: system.memobj: hamming code : 0 
266532000: system.memobj: hamming code addr: 609136 
266532000: system.memobj: hamming code : 0 
266532000: system.memobj: hamming code addr: 609144 
266532000: system.memobj: hamming code : 0 
266532000: system.memobj: hamming code addr: 609152 
266532000: system.memobj: hamming code : 0 
266532000: system.memobj: Enter Error Bit index: 4 
266532000: system.memobj: flip data : 0010111010100110010000100000000000000000000000000000000000000000 
266532000: system.memobj: -------------------------------------
266602000: system.memobj: mem->cpu Got response for addr 0x29dc0 , 171456
266602000: system.memobj: size 0x8
266602000: system.memobj: id 94061725811280
266602000: system.memobj: data_hex : 4889FA83E2074889 
266602000: system.memobj: data : 0100100010001001111110101000001111100010000001110100100010001001 
266602000: system.memobj: fix data : 0100100010001001111110101000001111100010000001110100100010001001 
266602000: system.memobj: -------------------------------------
266651000: system.memobj: mem->cpu Got response for addr 0x29dc0 , 171456
266651000: system.memobj: size 0x8
266651000: system.memobj: id 94061725811568
266651000: system.memobj: data_hex : 4889FA83E2074889 
266651000: system.memobj: data : 0100100010001001111110101000001111100010000001110100100010001001 
266651000: system.memobj: fix data : 0100100010001001111110101000001111100010000001110100100010001001 
266651000: system.memobj: -------------------------------------
266700000: system.memobj: mem->cpu Got response for addr 0x29dc0 , 171456
266700000: system.memobj: size 0x8
266700000: system.memobj: id 94061725811280
266700000: system.memobj: data_hex : 4889FA83E2074889 
266700000: system.memobj: data : 0100100010001001111110101000001111100010000001110100100010001001 
266700000: system.memobj: fix data : 0100100010001001111110101000001111100010000001110100100010001001 
266700000: system.memobj: -------------------------------------
266749000: system.memobj: mem->cpu Got response for addr 0x29dc8 , 171464
266749000: system.memobj: size 0x8
266749000: system.memobj: id 94061725811568
266749000: system.memobj: data_hex : F8741FF7DA83C208 
266749000: system.memobj: data : 1111100001110100000111111111011111011010100000111100001000001000 
266749000: system.memobj: fix data : 1111100001110100000111111111011111011010100000111100001000001000 
266749000: system.memobj: -------------------------------------
266798000: system.memobj: mem->cpu Got response for addr 0x29dc8 , 171464
266798000: system.memobj: size 0x8
266798000: system.memobj: id 94061725811280
266798000: system.memobj: data_hex : F8741FF7DA83C208 
266798000: system.memobj: data : 1111100001110100000111111111011111011010100000111100001000001000 
266798000: system.memobj: fix data : 1111100001110100000111111111011111011010100000111100001000001000 
266798000: system.memobj: -------------------------------------
266847000: system.memobj: mem->cpu Got response for addr 0x29de8 , 171496
266847000: system.memobj: size 0x8
266847000: system.memobj: id 94061725811568
266847000: system.memobj: data_hex : 75E649B901010101 
266847000: system.memobj: data : 0111010111100110010010011011100100000001000000010000000100000001 
266847000: system.memobj: fix data : 0111010111100110010010011011100100000001000000010000000100000001 
266847000: system.memobj: -------------------------------------
266896000: system.memobj: mem->cpu Got response for addr 0x29df0 , 171504
266896000: system.memobj: size 0x8
266896000: system.memobj: id 94061725811280
266896000: system.memobj: data_hex : 01010101400FB6D6 
266896000: system.memobj: data : 0000000100000001000000010000000101000000000011111011011011010110 
266896000: system.memobj: fix data : 0000000100000001000000010000000101000000000011111011011011010110 
266896000: system.memobj: -------------------------------------
266945000: system.memobj: mem->cpu Got response for addr 0x29df0 , 171504
266945000: system.memobj: size 0x8
266945000: system.memobj: id 94061725811568
266945000: system.memobj: data_hex : 01010101400FB6D6 
266945000: system.memobj: data : 0000000100000001000000010000000101000000000011111011011011010110 
266945000: system.memobj: fix data : 0000000100000001000000010000000101000000000011111011011011010110 
266945000: system.memobj: -------------------------------------
266994000: system.memobj: mem->cpu Got response for addr 0x29df8 , 171512
266994000: system.memobj: size 0x8
266994000: system.memobj: id 94061725811280
266994000: system.memobj: data_hex : 4C0FAFCA49B8FFFE 
266994000: system.memobj: data : 0100110000001111101011111100101001001001101110001111111111111110 
266994000: system.memobj: fix data : 0100110000001111101011111100101001001001101110001111111111111110 
266994000: system.memobj: -------------------------------------
267043000: system.memobj: mem->cpu Got response for addr 0x29df8 , 171512
267043000: system.memobj: size 0x8
267043000: system.memobj: id 94061725811568
267043000: system.memobj: data_hex : 4C0FAFCA49B8FFFE 
267043000: system.memobj: data : 0100110000001111101011111100101001001001101110001111111111111110 
267043000: system.memobj: fix data : 0100110000001111101011111100101001001001101110001111111111111110 
267043000: system.memobj: -------------------------------------
267092000: system.memobj: mem->cpu Got response for addr 0x29e00 , 171520
267092000: system.memobj: size 0x8
267092000: system.memobj: id 94061725811280
267092000: system.memobj: data_hex : FEFEFEFEFEFE6666 
267092000: system.memobj: data : 1111111011111110111111101111111011111110111111100110011001100110 
267092000: system.memobj: fix data : 1111111011111110111111101111111011111110111111100110011001100110 
267092000: system.memobj: -------------------------------------
267141000: system.memobj: mem->cpu Got response for addr 0x29e00 , 171520
267141000: system.memobj: size 0x8
267141000: system.memobj: id 94061725811568
267141000: system.memobj: data_hex : FEFEFEFEFEFE6666 
267141000: system.memobj: data : 1111111011111110111111101111111011111110111111100110011001100110 
267141000: system.memobj: fix data : 1111111011111110111111101111111011111110111111100110011001100110 
267141000: system.memobj: -------------------------------------
267190000: system.memobj: mem->cpu Got response for addr 0x29e08 , 171528
267190000: system.memobj: size 0x8
267190000: system.memobj: id 94061725811280
267190000: system.memobj: data_hex : 6690666690666690 
267190000: system.memobj: data : 0110011010010000011001100110011010010000011001100110011010010000 
267190000: system.memobj: fix data : 0110011010010000011001100110011010010000011001100110011010010000 
267190000: system.memobj: -------------------------------------
267253000: system.memobj: mem->cpu Got response for addr 0x29e08 , 171528
267253000: system.memobj: size 0x8
267253000: system.memobj: id 94061725811568
267253000: system.memobj: data_hex : 6690666690666690 
267253000: system.memobj: data : 0110011010010000011001100110011010010000011001100110011010010000 
267253000: system.memobj: fix data : 0110011010010000011001100110011010010000011001100110011010010000 
267253000: system.memobj: -------------------------------------
267302000: system.memobj: mem->cpu Got response for addr 0x29e08 , 171528
267302000: system.memobj: size 0x8
267302000: system.memobj: id 94061725811280
267302000: system.memobj: data_hex : 6690666690666690 
267302000: system.memobj: data : 0110011010010000011001100110011010010000011001100110011010010000 
267302000: system.memobj: fix data : 0110011010010000011001100110011010010000011001100110011010010000 
267302000: system.memobj: -------------------------------------
267351000: system.memobj: mem->cpu Got response for addr 0x29e10 , 171536
267351000: system.memobj: size 0x8
267351000: system.memobj: id 94061725811568
267351000: system.memobj: data_hex : 488B084883C0084C 
267351000: system.memobj: data : 0100100010001011000010000100100010000011110000000000100001001100 
267351000: system.memobj: fix data : 0100100010001011000010000100100010000011110000000000100001001100 
267351000: system.memobj: -------------------------------------
267400000: system.memobj: mem->cpu Got response for addr 0x94f48 , 610120
267400000: system.memobj: size 0x8
267400000: system.memobj: id 94061725811856
267400000: system.memobj: data_hex : 62616B6572792F67 
267400000: system.memobj: data : 0110001001100001011010110110010101110010011110010010111101100111 
267400000: system.memobj: fix data : 0110001001100001011010110110010101110010011110010010111101100111 
267400000: system.memobj: -------------------------------------
267449000: system.memobj: mem->cpu Got response for addr 0x29e10 , 171536
267449000: system.memobj: size 0x8
267449000: system.memobj: id 94061725811856
267449000: system.memobj: data_hex : 488B084883C0084C 
267449000: system.memobj: data : 0100100010001011000010000100100010000011110000000000100001001100 
267449000: system.memobj: fix data : 0100100010001011000010000100100010000011110000000000100001001100 
267449000: system.memobj: -------------------------------------
267498000: system.memobj: mem->cpu Got response for addr 0x29e10 , 171536
267498000: system.memobj: size 0x8
267498000: system.memobj: id 94061725811568
267498000: system.memobj: data_hex : 488B084883C0084C 
267498000: system.memobj: data : 0100100010001011000010000100100010000011110000000000100001001100 
267498000: system.memobj: fix data : 0100100010001011000010000100100010000011110000000000100001001100 
267498000: system.memobj: -------------------------------------
267547000: system.memobj: mem->cpu Got response for addr 0x29e18 , 171544
267547000: system.memobj: size 0x8
267547000: system.memobj: id 94061725811856
267547000: system.memobj: data_hex : 89C24C31C94801CA 
267547000: system.memobj: data : 1000100111000010010011000011000111001001010010000000000111001010 
267547000: system.memobj: fix data : 1000100111000010010011000011000111001001010010000000000111001010 
267547000: system.memobj: -------------------------------------
267596000: system.memobj: mem->cpu Got response for addr 0x29e18 , 171544
267596000: system.memobj: size 0x8
267596000: system.memobj: id 94061725811568
267596000: system.memobj: data_hex : 89C24C31C94801CA 
267596000: system.memobj: data : 1000100111000010010011000011000111001001010010000000000111001010 
267596000: system.memobj: fix data : 1000100111000010010011000011000111001001010010000000000111001010 
267596000: system.memobj: -------------------------------------
267645000: system.memobj: mem->cpu Got response for addr 0x29e18 , 171544
267645000: system.memobj: size 0x8
267645000: system.memobj: id 94061725811856
267645000: system.memobj: data_hex : 89C24C31C94801CA 
267645000: system.memobj: data : 1000100111000010010011000011000111001001010010000000000111001010 
267645000: system.memobj: fix data : 1000100111000010010011000011000111001001010010000000000111001010 
267645000: system.memobj: -------------------------------------
267694000: system.memobj: mem->cpu Got response for addr 0x29e20 , 171552
267694000: system.memobj: size 0x8
267694000: system.memobj: id 94061725811568
267694000: system.memobj: data_hex : 0F83DA0000004831 
267694000: system.memobj: data : 0000111110000011110110100000000000000000000000000100100000110001 
267694000: system.memobj: fix data : 0000111110000011110110100000000000000000000000000100100000110001 
267694000: system.memobj: -------------------------------------
267743000: system.memobj: mem->cpu Got response for addr 0x29e20 , 171552
267743000: system.memobj: size 0x8
267743000: system.memobj: id 94061725811856
267743000: system.memobj: data_hex : 0F83DA0000004831 
267743000: system.memobj: data : 0000111110000011110110100000000000000000000000000100100000110001 
267743000: system.memobj: fix data : 0000111110000011110110100000000000000000000000000100100000110001 
267743000: system.memobj: -------------------------------------
267792000: system.memobj: mem->cpu Got response for addr 0x29e28 , 171560
267792000: system.memobj: size 0x8
267792000: system.memobj: id 94061725811568
267792000: system.memobj: data_hex : CA4C09C248FFC20F 
267792000: system.memobj: data : 1100101001001100000010011100001001001000111111111100001000001111 
267792000: system.memobj: fix data : 1100101001001100000010011100001001001000111111111100001000001111 
267792000: system.memobj: -------------------------------------
267841000: system.memobj: mem->cpu Got response for addr 0x29e28 , 171560
267841000: system.memobj: size 0x8
267841000: system.memobj: id 94061725811856
267841000: system.memobj: data_hex : CA4C09C248FFC20F 
267841000: system.memobj: data : 1100101001001100000010011100001001001000111111111100001000001111 
267841000: system.memobj: fix data : 1100101001001100000010011100001001001000111111111100001000001111 
267841000: system.memobj: -------------------------------------
267890000: system.memobj: mem->cpu Got response for addr 0x29e28 , 171560
267890000: system.memobj: size 0x8
267890000: system.memobj: id 94061725811568
267890000: system.memobj: data_hex : CA4C09C248FFC20F 
267890000: system.memobj: data : 1100101001001100000010011100001001001000111111111100001000001111 
267890000: system.memobj: fix data : 1100101001001100000010011100001001001000111111111100001000001111 
267890000: system.memobj: -------------------------------------
267939000: system.memobj: mem->cpu Got response for addr 0x29e28 , 171560
267939000: system.memobj: size 0x8
267939000: system.memobj: id 94061725811856
267939000: system.memobj: data_hex : CA4C09C248FFC20F 
267939000: system.memobj: data : 1100101001001100000010011100001001001000111111111100001000001111 
267939000: system.memobj: fix data : 1100101001001100000010011100001001001000111111111100001000001111 
267939000: system.memobj: -------------------------------------
267988000: system.memobj: mem->cpu Got response for addr 0x29e30 , 171568
267988000: system.memobj: size 0x8
267988000: system.memobj: id 94061725811568
267988000: system.memobj: data_hex : 85CB0000004C31C9 
267988000: system.memobj: data : 1000010111001011000000000000000000000000010011000011000111001001 
267988000: system.memobj: fix data : 1000010111001011000000000000000000000000010011000011000111001001 
267988000: system.memobj: -------------------------------------
268037000: system.memobj: mem->cpu Got response for addr 0x29f00 , 171776
268037000: system.memobj: size 0x8
268037000: system.memobj: id 94061725811856
268037000: system.memobj: data_hex : 4C89CA4883E80884 
268037000: system.memobj: data : 0100110010001001110010100100100010000011111010000000100010000100 
268037000: system.memobj: fix data : 0100110010001001110010100100100010000011111010000000100010000100 
268037000: system.memobj: -------------------------------------
268100000: system.memobj: mem->cpu Got response for addr 0x29f00 , 171776
268100000: system.memobj: size 0x8
268100000: system.memobj: id 94061725811568
268100000: system.memobj: data_hex : 4C89CA4883E80884 
268100000: system.memobj: data : 0100110010001001110010100100100010000011111010000000100010000100 
268100000: system.memobj: fix data : 0100110010001001110010100100100010000011111010000000100010000100 
268100000: system.memobj: -------------------------------------
268149000: system.memobj: mem->cpu Got response for addr 0x29f00 , 171776
268149000: system.memobj: size 0x8
268149000: system.memobj: id 94061725811856
268149000: system.memobj: data_hex : 4C89CA4883E80884 
268149000: system.memobj: data : 0100110010001001110010100100100010000011111010000000100010000100 
268149000: system.memobj: fix data : 0100110010001001110010100100100010000011111010000000100010000100 
268149000: system.memobj: -------------------------------------
268198000: system.memobj: mem->cpu Got response for addr 0x29f08 , 171784
268198000: system.memobj: size 0x8
268198000: system.memobj: id 94061725811568
268198000: system.memobj: data_hex : C9745538D174E948 
268198000: system.memobj: data : 1100100101110100010101010011100011010001011101001110100101001000 
268198000: system.memobj: fix data : 1100100101110100010101010011100011010001011101001110100101001000 
268198000: system.memobj: -------------------------------------
268247000: system.memobj: mem->cpu Got response for addr 0x29f08 , 171784
268247000: system.memobj: size 0x8
268247000: system.memobj: id 94061725811856
268247000: system.memobj: data_hex : C9745538D174E948 
268247000: system.memobj: data : 1100100101110100010101010011100011010001011101001110100101001000 
268247000: system.memobj: fix data : 1100100101110100010101010011100011010001011101001110100101001000 
268247000: system.memobj: -------------------------------------
268296000: system.memobj: mem->cpu Got response for addr 0x29f08 , 171784
268296000: system.memobj: size 0x8
268296000: system.memobj: id 94061725811568
268296000: system.memobj: data_hex : C9745538D174E948 
268296000: system.memobj: data : 1100100101110100010101010011100011010001011101001110100101001000 
268296000: system.memobj: fix data : 1100100101110100010101010011100011010001011101001110100101001000 
268296000: system.memobj: -------------------------------------
268345000: system.memobj: mem->cpu Got response for addr 0x29f08 , 171784
268345000: system.memobj: size 0x8
268345000: system.memobj: id 94061725811856
268345000: system.memobj: data_hex : C9745538D174E948 
268345000: system.memobj: data : 1100100101110100010101010011100011010001011101001110100101001000 
268345000: system.memobj: fix data : 1100100101110100010101010011100011010001011101001110100101001000 
268345000: system.memobj: -------------------------------------
268394000: system.memobj: mem->cpu Got response for addr 0x29f08 , 171784
268394000: system.memobj: size 0x8
268394000: system.memobj: id 94061725811568
268394000: system.memobj: data_hex : C9745538D174E948 
268394000: system.memobj: data : 1100100101110100010101010011100011010001011101001110100101001000 
268394000: system.memobj: fix data : 1100100101110100010101010011100011010001011101001110100101001000 
268394000: system.memobj: -------------------------------------
268443000: system.memobj: mem->cpu Got response for addr 0x29f10 , 171792
268443000: system.memobj: size 0x8
268443000: system.memobj: id 94061725811856
268443000: system.memobj: data_hex : FFC084ED744A38D5 
268443000: system.memobj: data : 1111111111000000100001001110110101110100010010100011100011010101 
268443000: system.memobj: fix data : 1111111111000000100001001110110101110100010010100011100011010101 
268443000: system.memobj: -------------------------------------
268492000: system.memobj: mem->cpu Got response for addr 0x29f10 , 171792
268492000: system.memobj: size 0x8
268492000: system.memobj: id 94061725811568
268492000: system.memobj: data_hex : FFC084ED744A38D5 
268492000: system.memobj: data : 1111111111000000100001001110110101110100010010100011100011010101 
268492000: system.memobj: fix data : 1111111111000000100001001110110101110100010010100011100011010101 
268492000: system.memobj: -------------------------------------
268541000: system.memobj: mem->cpu Got response for addr 0x29f10 , 171792
268541000: system.memobj: size 0x8
268541000: system.memobj: id 94061725811856
268541000: system.memobj: data_hex : FFC084ED744A38D5 
268541000: system.memobj: data : 1111111111000000100001001110110101110100010010100011100011010101 
268541000: system.memobj: fix data : 1111111111000000100001001110110101110100010010100011100011010101 
268541000: system.memobj: -------------------------------------
268590000: system.memobj: mem->cpu Got response for addr 0x29f10 , 171792
268590000: system.memobj: size 0x8
268590000: system.memobj: id 94061725811568
268590000: system.memobj: data_hex : FFC084ED744A38D5 
268590000: system.memobj: data : 1111111111000000100001001110110101110100010010100011100011010101 
268590000: system.memobj: fix data : 1111111111000000100001001110110101110100010010100011100011010101 
268590000: system.memobj: -------------------------------------
268639000: system.memobj: mem->cpu Got response for addr 0x29f18 , 171800
268639000: system.memobj: size 0x8
268639000: system.memobj: id 94061725811856
268639000: system.memobj: data_hex : 74DE48FFC048C1E9 
268639000: system.memobj: data : 0111010011011110010010001111111111000000010010001100000111101001 
268639000: system.memobj: fix data : 0111010011011110010010001111111111000000010010001100000111101001 
268639000: system.memobj: -------------------------------------
268688000: system.memobj: mem->cpu Got response for addr 0x29f18 , 171800
268688000: system.memobj: size 0x8
268688000: system.memobj: id 94061725811568
268688000: system.memobj: data_hex : 74DE48FFC048C1E9 
268688000: system.memobj: data : 0111010011011110010010001111111111000000010010001100000111101001 
268688000: system.memobj: fix data : 0111010011011110010010001111111111000000010010001100000111101001 
268688000: system.memobj: -------------------------------------
268737000: system.memobj: mem->cpu Got response for addr 0x29f18 , 171800
268737000: system.memobj: size 0x8
268737000: system.memobj: id 94061725811856
268737000: system.memobj: data_hex : 74DE48FFC048C1E9 
268737000: system.memobj: data : 0111010011011110010010001111111111000000010010001100000111101001 
268737000: system.memobj: fix data : 0111010011011110010010001111111111000000010010001100000111101001 
268737000: system.memobj: -------------------------------------
268786000: system.memobj: mem->cpu Got response for addr 0x29f20 , 171808
268786000: system.memobj: size 0x8
268786000: system.memobj: id 94061725811568
268786000: system.memobj: data_hex : 1084C9743B38D174 
268786000: system.memobj: data : 0001000010000100110010010111010000111011001110001101000101110100 
268786000: system.memobj: fix data : 0001000010000100110010010111010000111011001110001101000101110100 
268786000: system.memobj: -------------------------------------
268835000: system.memobj: mem->cpu Got response for addr 0x29f20 , 171808
268835000: system.memobj: size 0x8
268835000: system.memobj: id 94061725811856
268835000: system.memobj: data_hex : 1084C9743B38D174 
268835000: system.memobj: data : 0001000010000100110010010111010000111011001110001101000101110100 
268835000: system.memobj: fix data : 0001000010000100110010010111010000111011001110001101000101110100 
268835000: system.memobj: -------------------------------------
268898000: system.memobj: mem->cpu Got response for addr 0x29f20 , 171808
268898000: system.memobj: size 0x8
268898000: system.memobj: id 94061725811568
268898000: system.memobj: data_hex : 1084C9743B38D174 
268898000: system.memobj: data : 0001000010000100110010010111010000111011001110001101000101110100 
268898000: system.memobj: fix data : 0001000010000100110010010111010000111011001110001101000101110100 
268898000: system.memobj: -------------------------------------
268947000: system.memobj: mem->cpu Got response for addr 0x29f20 , 171808
268947000: system.memobj: size 0x8
268947000: system.memobj: id 94061725811856
268947000: system.memobj: data_hex : 1084C9743B38D174 
268947000: system.memobj: data : 0001000010000100110010010111010000111011001110001101000101110100 
268947000: system.memobj: fix data : 0001000010000100110010010111010000111011001110001101000101110100 
268947000: system.memobj: -------------------------------------
268996000: system.memobj: mem->cpu Got response for addr 0x29f20 , 171808
268996000: system.memobj: size 0x8
268996000: system.memobj: id 94061725811568
268996000: system.memobj: data_hex : 1084C9743B38D174 
268996000: system.memobj: data : 0001000010000100110010010111010000111011001110001101000101110100 
268996000: system.memobj: fix data : 0001000010000100110010010111010000111011001110001101000101110100 
268996000: system.memobj: -------------------------------------
269045000: system.memobj: mem->cpu Got response for addr 0x29f28 , 171816
269045000: system.memobj: size 0x8
269045000: system.memobj: id 94061725811856
269045000: system.memobj: data_hex : CF48FFC084ED7430 
269045000: system.memobj: data : 1100111101001000111111111100000010000100111011010111010000110000 
269045000: system.memobj: fix data : 1100111101001000111111111100000010000100111011010111010000110000 
269045000: system.memobj: -------------------------------------
269094000: system.memobj: mem->cpu Got response for addr 0x29f28 , 171816
269094000: system.memobj: size 0x8
269094000: system.memobj: id 94061725811568
269094000: system.memobj: data_hex : CF48FFC084ED7430 
269094000: system.memobj: data : 1100111101001000111111111100000010000100111011010111010000110000 
269094000: system.memobj: fix data : 1100111101001000111111111100000010000100111011010111010000110000 
269094000: system.memobj: -------------------------------------
269143000: system.memobj: mem->cpu Got response for addr 0x29f28 , 171816
269143000: system.memobj: size 0x8
269143000: system.memobj: id 94061725811856
269143000: system.memobj: data_hex : CF48FFC084ED7430 
269143000: system.memobj: data : 1100111101001000111111111100000010000100111011010111010000110000 
269143000: system.memobj: fix data : 1100111101001000111111111100000010000100111011010111010000110000 
269143000: system.memobj: -------------------------------------
269192000: system.memobj: mem->cpu Got response for addr 0x29f28 , 171816
269192000: system.memobj: size 0x8
269192000: system.memobj: id 94061725811568
269192000: system.memobj: data_hex : CF48FFC084ED7430 
269192000: system.memobj: data : 1100111101001000111111111100000010000100111011010111010000110000 
269192000: system.memobj: fix data : 1100111101001000111111111100000010000100111011010111010000110000 
269192000: system.memobj: -------------------------------------
269241000: system.memobj: mem->cpu Got response for addr 0x29f30 , 171824
269241000: system.memobj: size 0x8
269241000: system.memobj: id 94061725811856
269241000: system.memobj: data_hex : 38D574C448FFC048 
269241000: system.memobj: data : 0011100011010101011101001100010001001000111111111100000001001000 
269241000: system.memobj: fix data : 0011100011010101011101001100010001001000111111111100000001001000 
269241000: system.memobj: -------------------------------------
269290000: system.memobj: mem->cpu Got response for addr 0x29f30 , 171824
269290000: system.memobj: size 0x8
269290000: system.memobj: id 94061725811568
269290000: system.memobj: data_hex : 38D574C448FFC048 
269290000: system.memobj: data : 0011100011010101011101001100010001001000111111111100000001001000 
269290000: system.memobj: fix data : 0011100011010101011101001100010001001000111111111100000001001000 
269290000: system.memobj: -------------------------------------
269339000: system.memobj: mem->cpu Got response for addr 0x29f30 , 171824
269339000: system.memobj: size 0x8
269339000: system.memobj: id 94061725811856
269339000: system.memobj: data_hex : 38D574C448FFC048 
269339000: system.memobj: data : 0011100011010101011101001100010001001000111111111100000001001000 
269339000: system.memobj: fix data : 0011100011010101011101001100010001001000111111111100000001001000 
269339000: system.memobj: -------------------------------------
269388000: system.memobj: mem->cpu Got response for addr 0x29f30 , 171824
269388000: system.memobj: size 0x8
269388000: system.memobj: id 94061725811568
269388000: system.memobj: data_hex : 38D574C448FFC048 
269388000: system.memobj: data : 0011100011010101011101001100010001001000111111111100000001001000 
269388000: system.memobj: fix data : 0011100011010101011101001100010001001000111111111100000001001000 
269388000: system.memobj: -------------------------------------
269437000: system.memobj: mem->cpu Got response for addr 0x29f38 , 171832
269437000: system.memobj: size 0x8
269437000: system.memobj: id 94061725811856
269437000: system.memobj: data_hex : C1E91084C9742138 
269437000: system.memobj: data : 1100000111101001000100001000010011001001011101000010000100111000 
269437000: system.memobj: fix data : 1100000111101001000100001000010011001001011101000010000100111000 
269437000: system.memobj: -------------------------------------
269486000: system.memobj: mem->cpu Got response for addr 0x29f38 , 171832
269486000: system.memobj: size 0x8
269486000: system.memobj: id 94061725811568
269486000: system.memobj: data_hex : C1E91084C9742138 
269486000: system.memobj: data : 1100000111101001000100001000010011001001011101000010000100111000 
269486000: system.memobj: fix data : 1100000111101001000100001000010011001001011101000010000100111000 
269486000: system.memobj: -------------------------------------
269535000: system.memobj: mem->cpu Got response for addr 0x29f38 , 171832
269535000: system.memobj: size 0x8
269535000: system.memobj: id 94061725811856
269535000: system.memobj: data_hex : C1E91084C9742138 
269535000: system.memobj: data : 1100000111101001000100001000010011001001011101000010000100111000 
269535000: system.memobj: fix data : 1100000111101001000100001000010011001001011101000010000100111000 
269535000: system.memobj: -------------------------------------
269584000: system.memobj: mem->cpu Got response for addr 0x29f38 , 171832
269584000: system.memobj: size 0x8
269584000: system.memobj: id 94061725811568
269584000: system.memobj: data_hex : C1E91084C9742138 
269584000: system.memobj: data : 1100000111101001000100001000010011001001011101000010000100111000 
269584000: system.memobj: fix data : 1100000111101001000100001000010011001001011101000010000100111000 
269584000: system.memobj: -------------------------------------
269633000: system.memobj: mem->cpu Got response for addr 0x29f40 , 171840
269633000: system.memobj: size 0x8
269633000: system.memobj: id 94061725811856
269633000: system.memobj: data_hex : D174B548FFC084ED 
269633000: system.memobj: data : 1101000101110100101101010100100011111111110000001000010011101101 
269633000: system.memobj: fix data : 1101000101110100101101010100100011111111110000001000010011101101 
269633000: system.memobj: -------------------------------------
269696000: system.memobj: mem->cpu Got response for addr 0x29f40 , 171840
269696000: system.memobj: size 0x8
269696000: system.memobj: id 94061725811568
269696000: system.memobj: data_hex : D174B548FFC084ED 
269696000: system.memobj: data : 1101000101110100101101010100100011111111110000001000010011101101 
269696000: system.memobj: fix data : 1101000101110100101101010100100011111111110000001000010011101101 
269696000: system.memobj: -------------------------------------
269745000: system.memobj: mem->cpu Got response for addr 0x29f40 , 171840
269745000: system.memobj: size 0x8
269745000: system.memobj: id 94061725811856
269745000: system.memobj: data_hex : D174B548FFC084ED 
269745000: system.memobj: data : 1101000101110100101101010100100011111111110000001000010011101101 
269745000: system.memobj: fix data : 1101000101110100101101010100100011111111110000001000010011101101 
269745000: system.memobj: -------------------------------------
269794000: system.memobj: mem->cpu Got response for addr 0x29f40 , 171840
269794000: system.memobj: size 0x8
269794000: system.memobj: id 94061725811568
269794000: system.memobj: data_hex : D174B548FFC084ED 
269794000: system.memobj: data : 1101000101110100101101010100100011111111110000001000010011101101 
269794000: system.memobj: fix data : 1101000101110100101101010100100011111111110000001000010011101101 
269794000: system.memobj: -------------------------------------
269843000: system.memobj: mem->cpu Got response for addr 0x29f48 , 171848
269843000: system.memobj: size 0x8
269843000: system.memobj: id 94061725811856
269843000: system.memobj: data_hex : 741638D574AA48FF 
269843000: system.memobj: data : 0111010000010110001110001101010101110100101010100100100011111111 
269843000: system.memobj: fix data : 0111010000010110001110001101010101110100101010100100100011111111 
269843000: system.memobj: -------------------------------------
269892000: system.memobj: mem->cpu Got response for addr 0x29f48 , 171848
269892000: system.memobj: size 0x8
269892000: system.memobj: id 94061725811568
269892000: system.memobj: data_hex : 741638D574AA48FF 
269892000: system.memobj: data : 0111010000010110001110001101010101110100101010100100100011111111 
269892000: system.memobj: fix data : 0111010000010110001110001101010101110100101010100100100011111111 
269892000: system.memobj: -------------------------------------
269941000: system.memobj: mem->cpu Got response for addr 0x29f48 , 171848
269941000: system.memobj: size 0x8
269941000: system.memobj: id 94061725811856
269941000: system.memobj: data_hex : 741638D574AA48FF 
269941000: system.memobj: data : 0111010000010110001110001101010101110100101010100100100011111111 
269941000: system.memobj: fix data : 0111010000010110001110001101010101110100101010100100100011111111 
269941000: system.memobj: -------------------------------------
269990000: system.memobj: mem->cpu Got response for addr 0x29f48 , 171848
269990000: system.memobj: size 0x8
269990000: system.memobj: id 94061725811568
269990000: system.memobj: data_hex : 741638D574AA48FF 
269990000: system.memobj: data : 0111010000010110001110001101010101110100101010100100100011111111 
269990000: system.memobj: fix data : 0111010000010110001110001101010101110100101010100100100011111111 
269990000: system.memobj: -------------------------------------
270039000: system.memobj: mem->cpu Got response for addr 0x29f50 , 171856
270039000: system.memobj: size 0x8
270039000: system.memobj: id 94061725811856
270039000: system.memobj: data_hex : C048C1E91084C974 
270039000: system.memobj: data : 1100000001001000110000011110100100010000100001001100100101110100 
270039000: system.memobj: fix data : 1100000001001000110000011110100100010000100001001100100101110100 
270039000: system.memobj: -------------------------------------
270088000: system.memobj: mem->cpu Got response for addr 0x29f50 , 171856
270088000: system.memobj: size 0x8
270088000: system.memobj: id 94061725811568
270088000: system.memobj: data_hex : C048C1E91084C974 
270088000: system.memobj: data : 1100000001001000110000011110100100010000100001001100100101110100 
270088000: system.memobj: fix data : 1100000001001000110000011110100100010000100001001100100101110100 
270088000: system.memobj: -------------------------------------
270137000: system.memobj: mem->cpu Got response for addr 0x29f50 , 171856
270137000: system.memobj: size 0x8
270137000: system.memobj: id 94061725811856
270137000: system.memobj: data_hex : C048C1E91084C974 
270137000: system.memobj: data : 1100000001001000110000011110100100010000100001001100100101110100 
270137000: system.memobj: fix data : 1100000001001000110000011110100100010000100001001100100101110100 
270137000: system.memobj: -------------------------------------
270186000: system.memobj: mem->cpu Got response for addr 0x29f50 , 171856
270186000: system.memobj: size 0x8
270186000: system.memobj: id 94061725811568
270186000: system.memobj: data_hex : C048C1E91084C974 
270186000: system.memobj: data : 1100000001001000110000011110100100010000100001001100100101110100 
270186000: system.memobj: fix data : 1100000001001000110000011110100100010000100001001100100101110100 
270186000: system.memobj: -------------------------------------
270235000: system.memobj: mem->cpu Got response for addr 0x29f58 , 171864
270235000: system.memobj: size 0x8
270235000: system.memobj: id 94061725811856
270235000: system.memobj: data_hex : 0738D1749B48FFC0 
270235000: system.memobj: data : 0000011100111000110100010111010010011011010010001111111111000000 
270235000: system.memobj: fix data : 0000011100111000110100010111010010011011010010001111111111000000 
270235000: system.memobj: -------------------------------------
270284000: system.memobj: mem->cpu Got response for addr 0x29f60 , 171872
270284000: system.memobj: size 0x8
270284000: system.memobj: id 94061725811568
270284000: system.memobj: data_hex : 90C3909090909090 
270284000: system.memobj: data : 1001000011000011100100001001000010010000100100001001000010010000 
270284000: system.memobj: fix data : 1001000011000011100100001001000010010000100100001001000010010000 
270284000: system.memobj: -------------------------------------
270333000: system.memobj: mem->cpu Got response for addr 0x29f60 , 171872
270333000: system.memobj: size 0x8
270333000: system.memobj: id 94061725811856
270333000: system.memobj: data_hex : 90C3909090909090 
270333000: system.memobj: data : 1001000011000011100100001001000010010000100100001001000010010000 
270333000: system.memobj: fix data : 1001000011000011100100001001000010010000100100001001000010010000 
270333000: system.memobj: -------------------------------------
270382000: system.memobj: mem->cpu Got response for addr 0x94b48 , 609096
270382000: system.memobj: size 0x8
270382000: system.memobj: id 94061725811568
270382000: system.memobj: data_hex : 2EA6420000000000 
270382000: system.memobj: data : 0010111010100110010000100000000000000000000000000000000000000000 
270382000: system.memobj: hamming code addr: 609096 
270382000: system.memobj: hamming code out: 9 
270382000: system.memobj: find Error Bit index : 4 
270382000: system.memobj: hamming code addr: 609104 
270382000: system.memobj: hamming code out: 4 
270382000: system.memobj: hamming code addr: 609112 
270382000: system.memobj: hamming code out: 14 
270382000: system.memobj: hamming code addr: 609120 
270382000: system.memobj: hamming code out: 0 
270382000: system.memobj: hamming code addr: 609128 
270382000: system.memobj: hamming code out: 0 
270382000: system.memobj: hamming code addr: 609136 
270382000: system.memobj: hamming code out: 0 
270382000: system.memobj: hamming code addr: 609144 
270382000: system.memobj: hamming code out: 0 
270382000: system.memobj: hamming code addr: 609152 
270382000: system.memobj: hamming code out: 0 
270382000: system.memobj: fix data : 0011111010100110010000100000000000000000000000000000000000000000 
270382000: system.memobj: -------------------------------------
270431000: system.memobj: mem->cpu Got response for addr 0x2a638 , 173624
270431000: system.memobj: size 0x8
270431000: system.memobj: id 94061725811568
270431000: system.memobj: data_hex : DEE882F7FFFF4885 
270431000: system.memobj: data : 1101111011101000100000101111011111111111111111110100100010000101 
270431000: system.memobj: fix data : 1101111011101000100000101111011111111111111111110100100010000101 
270431000: system.memobj: -------------------------------------
270480000: system.memobj: mem->cpu Got response for addr 0x2a640 , 173632
270480000: system.memobj: size 0x8
270480000: system.memobj: id 94061725811856
270480000: system.memobj: data_hex : C075ED4883C40848 
270480000: system.memobj: data : 1100000001110101111011010100100010000011110001000000100001001000 
270480000: system.memobj: fix data : 1100000001110101111011010100100010000011110001000000100001001000 
270480000: system.memobj: -------------------------------------
270529000: system.memobj: mem->cpu Got response for addr 0x2a640 , 173632
270529000: system.memobj: size 0x8
270529000: system.memobj: id 94061725811568
270529000: system.memobj: data_hex : C075ED4883C40848 
270529000: system.memobj: data : 1100000001110101111011010100100010000011110001000000100001001000 
270529000: system.memobj: fix data : 1100000001110101111011010100100010000011110001000000100001001000 
270529000: system.memobj: -------------------------------------
270578000: system.memobj: mem->cpu Got response for addr 0x2a630 , 173616
270578000: system.memobj: size 0x8
270578000: system.memobj: id 94061725811856
270578000: system.memobj: data_hex : 488D78014889C589 
270578000: system.memobj: data : 0100100010001101011110000000000101001000100010011100010110001001 
270578000: system.memobj: fix data : 0100100010001101011110000000000101001000100010011100010110001001 
270578000: system.memobj: -------------------------------------
270627000: system.memobj: mem->cpu Got response for addr 0x2a630 , 173616
270627000: system.memobj: size 0x8
270627000: system.memobj: id 94061725811568
270627000: system.memobj: data_hex : 488D78014889C589 
270627000: system.memobj: data : 0100100010001101011110000000000101001000100010011100010110001001 
270627000: system.memobj: fix data : 0100100010001101011110000000000101001000100010011100010110001001 
270627000: system.memobj: -------------------------------------
270676000: system.memobj: mem->cpu Got response for addr 0x2a630 , 173616
270676000: system.memobj: size 0x8
270676000: system.memobj: id 94061725811856
270676000: system.memobj: data_hex : 488D78014889C589 
270676000: system.memobj: data : 0100100010001101011110000000000101001000100010011100010110001001 
270676000: system.memobj: fix data : 0100100010001101011110000000000101001000100010011100010110001001 
270676000: system.memobj: -------------------------------------
270725000: system.memobj: mem->cpu Got response for addr 0x2a638 , 173624
270725000: system.memobj: size 0x8
270725000: system.memobj: id 94061725811568
270725000: system.memobj: data_hex : DEE882F7FFFF4885 
270725000: system.memobj: data : 1101111011101000100000101111011111111111111111110100100010000101 
270725000: system.memobj: fix data : 1101111011101000100000101111011111111111111111110100100010000101 
270725000: system.memobj: -------------------------------------
270774000: system.memobj: mem->cpu Got response for addr 0x2a638 , 173624
270774000: system.memobj: size 0x8
270774000: system.memobj: id 94061725811856
270774000: system.memobj: data_hex : DEE882F7FFFF4885 
270774000: system.memobj: data : 1101111011101000100000101111011111111111111111110100100010000101 
270774000: system.memobj: fix data : 1101111011101000100000101111011111111111111111110100100010000101 
270774000: system.memobj: -------------------------------------
270774000: system.memobj: cpu->mem Got request for addr 0x94b48 , 609096
270774000: system.memobj: size 0x8
270774000: system.memobj: id 94061725811568
270774000: system.memobj: data_hex : 3EA6420000000000 
270774000: system.memobj: data : 0011111010100110010000100000000000000000000000000000000000000000 
270774000: system.memobj: hamming code addr: 609096 
270774000: system.memobj: hamming code : 9 
270774000: system.memobj: hamming code addr: 609104 
270774000: system.memobj: hamming code : 4 
270774000: system.memobj: hamming code addr: 609112 
270774000: system.memobj: hamming code : 14 
270774000: system.memobj: hamming code addr: 609120 
270774000: system.memobj: hamming code : 0 
270774000: system.memobj: hamming code addr: 609128 
270774000: system.memobj: hamming code : 0 
270774000: system.memobj: hamming code addr: 609136 
270774000: system.memobj: hamming code : 0 
270774000: system.memobj: hamming code addr: 609144 
270774000: system.memobj: hamming code : 0 
270774000: system.memobj: hamming code addr: 609152 
270774000: system.memobj: hamming code : 0 
270774000: system.memobj: Enter Error Bit index: 2 
270774000: system.memobj: flip data : 0111111010100110010000100000000000000000000000000000000000000000 
270774000: system.memobj: -------------------------------------
270844000: system.memobj: mem->cpu Got response for addr 0x29dc0 , 171456
270844000: system.memobj: size 0x8
270844000: system.memobj: id 94061725811568
270844000: system.memobj: data_hex : 4889FA83E2074889 
270844000: system.memobj: data : 0100100010001001111110101000001111100010000001110100100010001001 
270844000: system.memobj: fix data : 0100100010001001111110101000001111100010000001110100100010001001 
270844000: system.memobj: -------------------------------------
270893000: system.memobj: mem->cpu Got response for addr 0x29dc0 , 171456
270893000: system.memobj: size 0x8
270893000: system.memobj: id 94061725811856
270893000: system.memobj: data_hex : 4889FA83E2074889 
270893000: system.memobj: data : 0100100010001001111110101000001111100010000001110100100010001001 
270893000: system.memobj: fix data : 0100100010001001111110101000001111100010000001110100100010001001 
270893000: system.memobj: -------------------------------------
270956000: system.memobj: mem->cpu Got response for addr 0x29dc0 , 171456
270956000: system.memobj: size 0x8
270956000: system.memobj: id 94061725811568
270956000: system.memobj: data_hex : 4889FA83E2074889 
270956000: system.memobj: data : 0100100010001001111110101000001111100010000001110100100010001001 
270956000: system.memobj: fix data : 0100100010001001111110101000001111100010000001110100100010001001 
270956000: system.memobj: -------------------------------------
271005000: system.memobj: mem->cpu Got response for addr 0x29dc8 , 171464
271005000: system.memobj: size 0x8
271005000: system.memobj: id 94061725811856
271005000: system.memobj: data_hex : F8741FF7DA83C208 
271005000: system.memobj: data : 1111100001110100000111111111011111011010100000111100001000001000 
271005000: system.memobj: fix data : 1111100001110100000111111111011111011010100000111100001000001000 
271005000: system.memobj: -------------------------------------
271054000: system.memobj: mem->cpu Got response for addr 0x29dc8 , 171464
271054000: system.memobj: size 0x8
271054000: system.memobj: id 94061725811568
271054000: system.memobj: data_hex : F8741FF7DA83C208 
271054000: system.memobj: data : 1111100001110100000111111111011111011010100000111100001000001000 
271054000: system.memobj: fix data : 1111100001110100000111111111011111011010100000111100001000001000 
271054000: system.memobj: -------------------------------------
271103000: system.memobj: mem->cpu Got response for addr 0x29dc8 , 171464
271103000: system.memobj: size 0x8
271103000: system.memobj: id 94061725811856
271103000: system.memobj: data_hex : F8741FF7DA83C208 
271103000: system.memobj: data : 1111100001110100000111111111011111011010100000111100001000001000 
271103000: system.memobj: fix data : 1111100001110100000111111111011111011010100000111100001000001000 
271103000: system.memobj: -------------------------------------
271152000: system.memobj: mem->cpu Got response for addr 0x29dc8 , 171464
271152000: system.memobj: size 0x8
271152000: system.memobj: id 94061725811568
271152000: system.memobj: data_hex : F8741FF7DA83C208 
271152000: system.memobj: data : 1111100001110100000111111111011111011010100000111100001000001000 
271152000: system.memobj: fix data : 1111100001110100000111111111011111011010100000111100001000001000 
271152000: system.memobj: -------------------------------------
271201000: system.memobj: mem->cpu Got response for addr 0x29dd0 , 171472
271201000: system.memobj: size 0x8
271201000: system.memobj: id 94061725811856
271201000: system.memobj: data_hex : 8A084038CE0F8485 
271201000: system.memobj: data : 1000101000001000010000000011100011001110000011111000010010000101 
271201000: system.memobj: fix data : 1000101000001000010000000011100011001110000011111000010010000101 
271201000: system.memobj: -------------------------------------
271250000: system.memobj: mem->cpu Got response for addr 0x94f4f , 610127
271250000: system.memobj: size 0x1
271250000: system.memobj: id 94061725811568
271250000: system.memobj: data_hex : 67 
271250000: system.memobj: data : 01100111 
271250000: system.memobj: fix data : 01100111 
271250000: system.memobj: -------------------------------------
271299000: system.memobj: mem->cpu Got response for addr 0x29dd0 , 171472
271299000: system.memobj: size 0x8
271299000: system.memobj: id 94061725811568
271299000: system.memobj: data_hex : 8A084038CE0F8485 
271299000: system.memobj: data : 1000101000001000010000000011100011001110000011111000010010000101 
271299000: system.memobj: fix data : 1000101000001000010000000011100011001110000011111000010010000101 
271299000: system.memobj: -------------------------------------
271348000: system.memobj: mem->cpu Got response for addr 0x29dd0 , 171472
271348000: system.memobj: size 0x8
271348000: system.memobj: id 94061725811856
271348000: system.memobj: data_hex : 8A084038CE0F8485 
271348000: system.memobj: data : 1000101000001000010000000011100011001110000011111000010010000101 
271348000: system.memobj: fix data : 1000101000001000010000000011100011001110000011111000010010000101 
271348000: system.memobj: -------------------------------------
271397000: system.memobj: mem->cpu Got response for addr 0x29dd8 , 171480
271397000: system.memobj: size 0x8
271397000: system.memobj: id 94061725811568
271397000: system.memobj: data_hex : 01000084C90F8415 
271397000: system.memobj: data : 0000000100000000000000001000010011001001000011111000010000010101 
271397000: system.memobj: fix data : 0000000100000000000000001000010011001001000011111000010000010101 
271397000: system.memobj: -------------------------------------
271446000: system.memobj: mem->cpu Got response for addr 0x29dd8 , 171480
271446000: system.memobj: size 0x8
271446000: system.memobj: id 94061725811856
271446000: system.memobj: data_hex : 01000084C90F8415 
271446000: system.memobj: data : 0000000100000000000000001000010011001001000011111000010000010101 
271446000: system.memobj: fix data : 0000000100000000000000001000010011001001000011111000010000010101 
271446000: system.memobj: -------------------------------------
271495000: system.memobj: mem->cpu Got response for addr 0x29dd8 , 171480
271495000: system.memobj: size 0x8
271495000: system.memobj: id 94061725811568
271495000: system.memobj: data_hex : 01000084C90F8415 
271495000: system.memobj: data : 0000000100000000000000001000010011001001000011111000010000010101 
271495000: system.memobj: fix data : 0000000100000000000000001000010011001001000011111000010000010101 
271495000: system.memobj: -------------------------------------
271544000: system.memobj: mem->cpu Got response for addr 0x29de0 , 171488
271544000: system.memobj: size 0x8
271544000: system.memobj: id 94061725811856
271544000: system.memobj: data_hex : 01000048FFC0FFCA 
271544000: system.memobj: data : 0000000100000000000000000100100011111111110000001111111111001010 
271544000: system.memobj: fix data : 0000000100000000000000000100100011111111110000001111111111001010 
271544000: system.memobj: -------------------------------------
271593000: system.memobj: mem->cpu Got response for addr 0x29de0 , 171488
271593000: system.memobj: size 0x8
271593000: system.memobj: id 94061725811568
271593000: system.memobj: data_hex : 01000048FFC0FFCA 
271593000: system.memobj: data : 0000000100000000000000000100100011111111110000001111111111001010 
271593000: system.memobj: fix data : 0000000100000000000000000100100011111111110000001111111111001010 
271593000: system.memobj: -------------------------------------
271642000: system.memobj: mem->cpu Got response for addr 0x29de0 , 171488
271642000: system.memobj: size 0x8
271642000: system.memobj: id 94061725811856
271642000: system.memobj: data_hex : 01000048FFC0FFCA 
271642000: system.memobj: data : 0000000100000000000000000100100011111111110000001111111111001010 
271642000: system.memobj: fix data : 0000000100000000000000000100100011111111110000001111111111001010 
271642000: system.memobj: -------------------------------------
271691000: system.memobj: mem->cpu Got response for addr 0x29de8 , 171496
271691000: system.memobj: size 0x8
271691000: system.memobj: id 94061725811568
271691000: system.memobj: data_hex : 75E649B901010101 
271691000: system.memobj: data : 0111010111100110010010011011100100000001000000010000000100000001 
271691000: system.memobj: fix data : 0111010111100110010010011011100100000001000000010000000100000001 
271691000: system.memobj: -------------------------------------
271740000: system.memobj: mem->cpu Got response for addr 0x29de8 , 171496
271740000: system.memobj: size 0x8
271740000: system.memobj: id 94061725811856
271740000: system.memobj: data_hex : 75E649B901010101 
271740000: system.memobj: data : 0111010111100110010010011011100100000001000000010000000100000001 
271740000: system.memobj: fix data : 0111010111100110010010011011100100000001000000010000000100000001 
271740000: system.memobj: -------------------------------------
271803000: system.memobj: mem->cpu Got response for addr 0x29df0 , 171504
271803000: system.memobj: size 0x8
271803000: system.memobj: id 94061725811568
271803000: system.memobj: data_hex : 01010101400FB6D6 
271803000: system.memobj: data : 0000000100000001000000010000000101000000000011111011011011010110 
271803000: system.memobj: fix data : 0000000100000001000000010000000101000000000011111011011011010110 
271803000: system.memobj: -------------------------------------
271852000: system.memobj: mem->cpu Got response for addr 0x29df0 , 171504
271852000: system.memobj: size 0x8
271852000: system.memobj: id 94061725811856
271852000: system.memobj: data_hex : 01010101400FB6D6 
271852000: system.memobj: data : 0000000100000001000000010000000101000000000011111011011011010110 
271852000: system.memobj: fix data : 0000000100000001000000010000000101000000000011111011011011010110 
271852000: system.memobj: -------------------------------------
271901000: system.memobj: mem->cpu Got response for addr 0x29df8 , 171512
271901000: system.memobj: size 0x8
271901000: system.memobj: id 94061725811568
271901000: system.memobj: data_hex : 4C0FAFCA49B8FFFE 
271901000: system.memobj: data : 0100110000001111101011111100101001001001101110001111111111111110 
271901000: system.memobj: fix data : 0100110000001111101011111100101001001001101110001111111111111110 
271901000: system.memobj: -------------------------------------
271950000: system.memobj: mem->cpu Got response for addr 0x29df8 , 171512
271950000: system.memobj: size 0x8
271950000: system.memobj: id 94061725811856
271950000: system.memobj: data_hex : 4C0FAFCA49B8FFFE 
271950000: system.memobj: data : 0100110000001111101011111100101001001001101110001111111111111110 
271950000: system.memobj: fix data : 0100110000001111101011111100101001001001101110001111111111111110 
271950000: system.memobj: -------------------------------------
271999000: system.memobj: mem->cpu Got response for addr 0x29e00 , 171520
271999000: system.memobj: size 0x8
271999000: system.memobj: id 94061725811568
271999000: system.memobj: data_hex : FEFEFEFEFEFE6666 
271999000: system.memobj: data : 1111111011111110111111101111111011111110111111100110011001100110 
271999000: system.memobj: fix data : 1111111011111110111111101111111011111110111111100110011001100110 
271999000: system.memobj: -------------------------------------
272048000: system.memobj: mem->cpu Got response for addr 0x29e00 , 171520
272048000: system.memobj: size 0x8
272048000: system.memobj: id 94061725811856
272048000: system.memobj: data_hex : FEFEFEFEFEFE6666 
272048000: system.memobj: data : 1111111011111110111111101111111011111110111111100110011001100110 
272048000: system.memobj: fix data : 1111111011111110111111101111111011111110111111100110011001100110 
272048000: system.memobj: -------------------------------------
272097000: system.memobj: mem->cpu Got response for addr 0x29e08 , 171528
272097000: system.memobj: size 0x8
272097000: system.memobj: id 94061725811568
272097000: system.memobj: data_hex : 6690666690666690 
272097000: system.memobj: data : 0110011010010000011001100110011010010000011001100110011010010000 
272097000: system.memobj: fix data : 0110011010010000011001100110011010010000011001100110011010010000 
272097000: system.memobj: -------------------------------------
272146000: system.memobj: mem->cpu Got response for addr 0x29e08 , 171528
272146000: system.memobj: size 0x8
272146000: system.memobj: id 94061725811856
272146000: system.memobj: data_hex : 6690666690666690 
272146000: system.memobj: data : 0110011010010000011001100110011010010000011001100110011010010000 
272146000: system.memobj: fix data : 0110011010010000011001100110011010010000011001100110011010010000 
272146000: system.memobj: -------------------------------------
272195000: system.memobj: mem->cpu Got response for addr 0x29e08 , 171528
272195000: system.memobj: size 0x8
272195000: system.memobj: id 94061725811568
272195000: system.memobj: data_hex : 6690666690666690 
272195000: system.memobj: data : 0110011010010000011001100110011010010000011001100110011010010000 
272195000: system.memobj: fix data : 0110011010010000011001100110011010010000011001100110011010010000 
272195000: system.memobj: -------------------------------------
272244000: system.memobj: mem->cpu Got response for addr 0x29e10 , 171536
272244000: system.memobj: size 0x8
272244000: system.memobj: id 94061725811856
272244000: system.memobj: data_hex : 488B084883C0084C 
272244000: system.memobj: data : 0100100010001011000010000100100010000011110000000000100001001100 
272244000: system.memobj: fix data : 0100100010001011000010000100100010000011110000000000100001001100 
272244000: system.memobj: -------------------------------------
272293000: system.memobj: mem->cpu Got response for addr 0x94f50 , 610128
272293000: system.memobj: size 0x8
272293000: system.memobj: id 94061725811568
272293000: system.memobj: data_hex : 656D352F636F6E66 
272293000: system.memobj: data : 0110010101101101001101010010111101100011011011110110111001100110 
272293000: system.memobj: fix data : 0110010101101101001101010010111101100011011011110110111001100110 
272293000: system.memobj: -------------------------------------
272342000: system.memobj: mem->cpu Got response for addr 0x29e10 , 171536
272342000: system.memobj: size 0x8
272342000: system.memobj: id 94061725811568
272342000: system.memobj: data_hex : 488B084883C0084C 
272342000: system.memobj: data : 0100100010001011000010000100100010000011110000000000100001001100 
272342000: system.memobj: fix data : 0100100010001011000010000100100010000011110000000000100001001100 
272342000: system.memobj: -------------------------------------
272391000: system.memobj: mem->cpu Got response for addr 0x29e10 , 171536
272391000: system.memobj: size 0x8
272391000: system.memobj: id 94061725811856
272391000: system.memobj: data_hex : 488B084883C0084C 
272391000: system.memobj: data : 0100100010001011000010000100100010000011110000000000100001001100 
272391000: system.memobj: fix data : 0100100010001011000010000100100010000011110000000000100001001100 
272391000: system.memobj: -------------------------------------
272440000: system.memobj: mem->cpu Got response for addr 0x29e18 , 171544
272440000: system.memobj: size 0x8
272440000: system.memobj: id 94061725811568
272440000: system.memobj: data_hex : 89C24C31C94801CA 
272440000: system.memobj: data : 1000100111000010010011000011000111001001010010000000000111001010 
272440000: system.memobj: fix data : 1000100111000010010011000011000111001001010010000000000111001010 
272440000: system.memobj: -------------------------------------
272489000: system.memobj: mem->cpu Got response for addr 0x29e18 , 171544
272489000: system.memobj: size 0x8
272489000: system.memobj: id 94061725811856
272489000: system.memobj: data_hex : 89C24C31C94801CA 
272489000: system.memobj: data : 1000100111000010010011000011000111001001010010000000000111001010 
272489000: system.memobj: fix data : 1000100111000010010011000011000111001001010010000000000111001010 
272489000: system.memobj: -------------------------------------
272538000: system.memobj: mem->cpu Got response for addr 0x29e18 , 171544
272538000: system.memobj: size 0x8
272538000: system.memobj: id 94061725811568
272538000: system.memobj: data_hex : 89C24C31C94801CA 
272538000: system.memobj: data : 1000100111000010010011000011000111001001010010000000000111001010 
272538000: system.memobj: fix data : 1000100111000010010011000011000111001001010010000000000111001010 
272538000: system.memobj: -------------------------------------
272855000: system.memobj: mem->cpu Got response for addr 0x29e20 , 171552
272855000: system.memobj: size 0x8
272855000: system.memobj: id 94061725811856
272855000: system.memobj: data_hex : 0F83DA0000004831 
272855000: system.memobj: data : 0000111110000011110110100000000000000000000000000100100000110001 
272855000: system.memobj: fix data : 0000111110000011110110100000000000000000000000000100100000110001 
272855000: system.memobj: -------------------------------------
272904000: system.memobj: mem->cpu Got response for addr 0x29e20 , 171552
272904000: system.memobj: size 0x8
272904000: system.memobj: id 94061725811568
272904000: system.memobj: data_hex : 0F83DA0000004831 
272904000: system.memobj: data : 0000111110000011110110100000000000000000000000000100100000110001 
272904000: system.memobj: fix data : 0000111110000011110110100000000000000000000000000100100000110001 
272904000: system.memobj: -------------------------------------
272953000: system.memobj: mem->cpu Got response for addr 0x29e28 , 171560
272953000: system.memobj: size 0x8
272953000: system.memobj: id 94061725811856
272953000: system.memobj: data_hex : CA4C09C248FFC20F 
272953000: system.memobj: data : 1100101001001100000010011100001001001000111111111100001000001111 
272953000: system.memobj: fix data : 1100101001001100000010011100001001001000111111111100001000001111 
272953000: system.memobj: -------------------------------------
273002000: system.memobj: mem->cpu Got response for addr 0x29e28 , 171560
273002000: system.memobj: size 0x8
273002000: system.memobj: id 94061725811568
273002000: system.memobj: data_hex : CA4C09C248FFC20F 
273002000: system.memobj: data : 1100101001001100000010011100001001001000111111111100001000001111 
273002000: system.memobj: fix data : 1100101001001100000010011100001001001000111111111100001000001111 
273002000: system.memobj: -------------------------------------
273051000: system.memobj: mem->cpu Got response for addr 0x29e28 , 171560
273051000: system.memobj: size 0x8
273051000: system.memobj: id 94061725811856
273051000: system.memobj: data_hex : CA4C09C248FFC20F 
273051000: system.memobj: data : 1100101001001100000010011100001001001000111111111100001000001111 
273051000: system.memobj: fix data : 1100101001001100000010011100001001001000111111111100001000001111 
273051000: system.memobj: -------------------------------------
273100000: system.memobj: mem->cpu Got response for addr 0x29e28 , 171560
273100000: system.memobj: size 0x8
273100000: system.memobj: id 94061725811568
273100000: system.memobj: data_hex : CA4C09C248FFC20F 
273100000: system.memobj: data : 1100101001001100000010011100001001001000111111111100001000001111 
273100000: system.memobj: fix data : 1100101001001100000010011100001001001000111111111100001000001111 
273100000: system.memobj: -------------------------------------
273149000: system.memobj: mem->cpu Got response for addr 0x29e30 , 171568
273149000: system.memobj: size 0x8
273149000: system.memobj: id 94061725811856
273149000: system.memobj: data_hex : 85CB0000004C31C9 
273149000: system.memobj: data : 1000010111001011000000000000000000000000010011000011000111001001 
273149000: system.memobj: fix data : 1000010111001011000000000000000000000000010011000011000111001001 
273149000: system.memobj: -------------------------------------
273198000: system.memobj: mem->cpu Got response for addr 0x29f00 , 171776
273198000: system.memobj: size 0x8
273198000: system.memobj: id 94061725811568
273198000: system.memobj: data_hex : 4C89CA4883E80884 
273198000: system.memobj: data : 0100110010001001110010100100100010000011111010000000100010000100 
273198000: system.memobj: fix data : 0100110010001001110010100100100010000011111010000000100010000100 
273198000: system.memobj: -------------------------------------
273247000: system.memobj: mem->cpu Got response for addr 0x29f00 , 171776
273247000: system.memobj: size 0x8
273247000: system.memobj: id 94061725811856
273247000: system.memobj: data_hex : 4C89CA4883E80884 
273247000: system.memobj: data : 0100110010001001110010100100100010000011111010000000100010000100 
273247000: system.memobj: fix data : 0100110010001001110010100100100010000011111010000000100010000100 
273247000: system.memobj: -------------------------------------
273296000: system.memobj: mem->cpu Got response for addr 0x29f00 , 171776
273296000: system.memobj: size 0x8
273296000: system.memobj: id 94061725811568
273296000: system.memobj: data_hex : 4C89CA4883E80884 
273296000: system.memobj: data : 0100110010001001110010100100100010000011111010000000100010000100 
273296000: system.memobj: fix data : 0100110010001001110010100100100010000011111010000000100010000100 
273296000: system.memobj: -------------------------------------
273345000: system.memobj: mem->cpu Got response for addr 0x29f08 , 171784
273345000: system.memobj: size 0x8
273345000: system.memobj: id 94061725811856
273345000: system.memobj: data_hex : C9745538D174E948 
273345000: system.memobj: data : 1100100101110100010101010011100011010001011101001110100101001000 
273345000: system.memobj: fix data : 1100100101110100010101010011100011010001011101001110100101001000 
273345000: system.memobj: -------------------------------------
273394000: system.memobj: mem->cpu Got response for addr 0x29f08 , 171784
273394000: system.memobj: size 0x8
273394000: system.memobj: id 94061725811568
273394000: system.memobj: data_hex : C9745538D174E948 
273394000: system.memobj: data : 1100100101110100010101010011100011010001011101001110100101001000 
273394000: system.memobj: fix data : 1100100101110100010101010011100011010001011101001110100101001000 
273394000: system.memobj: -------------------------------------
273443000: system.memobj: mem->cpu Got response for addr 0x29f08 , 171784
273443000: system.memobj: size 0x8
273443000: system.memobj: id 94061725811856
273443000: system.memobj: data_hex : C9745538D174E948 
273443000: system.memobj: data : 1100100101110100010101010011100011010001011101001110100101001000 
273443000: system.memobj: fix data : 1100100101110100010101010011100011010001011101001110100101001000 
273443000: system.memobj: -------------------------------------
273492000: system.memobj: mem->cpu Got response for addr 0x29f08 , 171784
273492000: system.memobj: size 0x8
273492000: system.memobj: id 94061725811568
273492000: system.memobj: data_hex : C9745538D174E948 
273492000: system.memobj: data : 1100100101110100010101010011100011010001011101001110100101001000 
273492000: system.memobj: fix data : 1100100101110100010101010011100011010001011101001110100101001000 
273492000: system.memobj: -------------------------------------
273541000: system.memobj: mem->cpu Got response for addr 0x29f08 , 171784
273541000: system.memobj: size 0x8
273541000: system.memobj: id 94061725811856
273541000: system.memobj: data_hex : C9745538D174E948 
273541000: system.memobj: data : 1100100101110100010101010011100011010001011101001110100101001000 
273541000: system.memobj: fix data : 1100100101110100010101010011100011010001011101001110100101001000 
273541000: system.memobj: -------------------------------------
273590000: system.memobj: mem->cpu Got response for addr 0x29f10 , 171792
273590000: system.memobj: size 0x8
273590000: system.memobj: id 94061725811568
273590000: system.memobj: data_hex : FFC084ED744A38D5 
273590000: system.memobj: data : 1111111111000000100001001110110101110100010010100011100011010101 
273590000: system.memobj: fix data : 1111111111000000100001001110110101110100010010100011100011010101 
273590000: system.memobj: -------------------------------------
273653000: system.memobj: mem->cpu Got response for addr 0x29f10 , 171792
273653000: system.memobj: size 0x8
273653000: system.memobj: id 94061725811856
273653000: system.memobj: data_hex : FFC084ED744A38D5 
273653000: system.memobj: data : 1111111111000000100001001110110101110100010010100011100011010101 
273653000: system.memobj: fix data : 1111111111000000100001001110110101110100010010100011100011010101 
273653000: system.memobj: -------------------------------------
273702000: system.memobj: mem->cpu Got response for addr 0x29f10 , 171792
273702000: system.memobj: size 0x8
273702000: system.memobj: id 94061725811568
273702000: system.memobj: data_hex : FFC084ED744A38D5 
273702000: system.memobj: data : 1111111111000000100001001110110101110100010010100011100011010101 
273702000: system.memobj: fix data : 1111111111000000100001001110110101110100010010100011100011010101 
273702000: system.memobj: -------------------------------------
273751000: system.memobj: mem->cpu Got response for addr 0x29f10 , 171792
273751000: system.memobj: size 0x8
273751000: system.memobj: id 94061725811856
273751000: system.memobj: data_hex : FFC084ED744A38D5 
273751000: system.memobj: data : 1111111111000000100001001110110101110100010010100011100011010101 
273751000: system.memobj: fix data : 1111111111000000100001001110110101110100010010100011100011010101 
273751000: system.memobj: -------------------------------------
273800000: system.memobj: mem->cpu Got response for addr 0x29f18 , 171800
273800000: system.memobj: size 0x8
273800000: system.memobj: id 94061725811568
273800000: system.memobj: data_hex : 74DE48FFC048C1E9 
273800000: system.memobj: data : 0111010011011110010010001111111111000000010010001100000111101001 
273800000: system.memobj: fix data : 0111010011011110010010001111111111000000010010001100000111101001 
273800000: system.memobj: -------------------------------------
273849000: system.memobj: mem->cpu Got response for addr 0x29f18 , 171800
273849000: system.memobj: size 0x8
273849000: system.memobj: id 94061725811856
273849000: system.memobj: data_hex : 74DE48FFC048C1E9 
273849000: system.memobj: data : 0111010011011110010010001111111111000000010010001100000111101001 
273849000: system.memobj: fix data : 0111010011011110010010001111111111000000010010001100000111101001 
273849000: system.memobj: -------------------------------------
273898000: system.memobj: mem->cpu Got response for addr 0x29f18 , 171800
273898000: system.memobj: size 0x8
273898000: system.memobj: id 94061725811568
273898000: system.memobj: data_hex : 74DE48FFC048C1E9 
273898000: system.memobj: data : 0111010011011110010010001111111111000000010010001100000111101001 
273898000: system.memobj: fix data : 0111010011011110010010001111111111000000010010001100000111101001 
273898000: system.memobj: -------------------------------------
273947000: system.memobj: mem->cpu Got response for addr 0x29f20 , 171808
273947000: system.memobj: size 0x8
273947000: system.memobj: id 94061725811856
273947000: system.memobj: data_hex : 1084C9743B38D174 
273947000: system.memobj: data : 0001000010000100110010010111010000111011001110001101000101110100 
273947000: system.memobj: fix data : 0001000010000100110010010111010000111011001110001101000101110100 
273947000: system.memobj: -------------------------------------
273996000: system.memobj: mem->cpu Got response for addr 0x29f20 , 171808
273996000: system.memobj: size 0x8
273996000: system.memobj: id 94061725811568
273996000: system.memobj: data_hex : 1084C9743B38D174 
273996000: system.memobj: data : 0001000010000100110010010111010000111011001110001101000101110100 
273996000: system.memobj: fix data : 0001000010000100110010010111010000111011001110001101000101110100 
273996000: system.memobj: -------------------------------------
274045000: system.memobj: mem->cpu Got response for addr 0x29f20 , 171808
274045000: system.memobj: size 0x8
274045000: system.memobj: id 94061725811856
274045000: system.memobj: data_hex : 1084C9743B38D174 
274045000: system.memobj: data : 0001000010000100110010010111010000111011001110001101000101110100 
274045000: system.memobj: fix data : 0001000010000100110010010111010000111011001110001101000101110100 
274045000: system.memobj: -------------------------------------
274094000: system.memobj: mem->cpu Got response for addr 0x29f20 , 171808
274094000: system.memobj: size 0x8
274094000: system.memobj: id 94061725811568
274094000: system.memobj: data_hex : 1084C9743B38D174 
274094000: system.memobj: data : 0001000010000100110010010111010000111011001110001101000101110100 
274094000: system.memobj: fix data : 0001000010000100110010010111010000111011001110001101000101110100 
274094000: system.memobj: -------------------------------------
274143000: system.memobj: mem->cpu Got response for addr 0x29f20 , 171808
274143000: system.memobj: size 0x8
274143000: system.memobj: id 94061725811856
274143000: system.memobj: data_hex : 1084C9743B38D174 
274143000: system.memobj: data : 0001000010000100110010010111010000111011001110001101000101110100 
274143000: system.memobj: fix data : 0001000010000100110010010111010000111011001110001101000101110100 
274143000: system.memobj: -------------------------------------
274192000: system.memobj: mem->cpu Got response for addr 0x29f28 , 171816
274192000: system.memobj: size 0x8
274192000: system.memobj: id 94061725811568
274192000: system.memobj: data_hex : CF48FFC084ED7430 
274192000: system.memobj: data : 1100111101001000111111111100000010000100111011010111010000110000 
274192000: system.memobj: fix data : 1100111101001000111111111100000010000100111011010111010000110000 
274192000: system.memobj: -------------------------------------
274241000: system.memobj: mem->cpu Got response for addr 0x29f28 , 171816
274241000: system.memobj: size 0x8
274241000: system.memobj: id 94061725811856
274241000: system.memobj: data_hex : CF48FFC084ED7430 
274241000: system.memobj: data : 1100111101001000111111111100000010000100111011010111010000110000 
274241000: system.memobj: fix data : 1100111101001000111111111100000010000100111011010111010000110000 
274241000: system.memobj: -------------------------------------
274290000: system.memobj: mem->cpu Got response for addr 0x29f28 , 171816
274290000: system.memobj: size 0x8
274290000: system.memobj: id 94061725811568
274290000: system.memobj: data_hex : CF48FFC084ED7430 
274290000: system.memobj: data : 1100111101001000111111111100000010000100111011010111010000110000 
274290000: system.memobj: fix data : 1100111101001000111111111100000010000100111011010111010000110000 
274290000: system.memobj: -------------------------------------
274339000: system.memobj: mem->cpu Got response for addr 0x29f28 , 171816
274339000: system.memobj: size 0x8
274339000: system.memobj: id 94061725811856
274339000: system.memobj: data_hex : CF48FFC084ED7430 
274339000: system.memobj: data : 1100111101001000111111111100000010000100111011010111010000110000 
274339000: system.memobj: fix data : 1100111101001000111111111100000010000100111011010111010000110000 
274339000: system.memobj: -------------------------------------
274388000: system.memobj: mem->cpu Got response for addr 0x29f60 , 171872
274388000: system.memobj: size 0x8
274388000: system.memobj: id 94061725811568
274388000: system.memobj: data_hex : 90C3909090909090 
274388000: system.memobj: data : 1001000011000011100100001001000010010000100100001001000010010000 
274388000: system.memobj: fix data : 1001000011000011100100001001000010010000100100001001000010010000 
274388000: system.memobj: -------------------------------------
274451000: system.memobj: mem->cpu Got response for addr 0x29f60 , 171872
274451000: system.memobj: size 0x8
274451000: system.memobj: id 94061725811856
274451000: system.memobj: data_hex : 90C3909090909090 
274451000: system.memobj: data : 1001000011000011100100001001000010010000100100001001000010010000 
274451000: system.memobj: fix data : 1001000011000011100100001001000010010000100100001001000010010000 
274451000: system.memobj: -------------------------------------
274514000: system.memobj: mem->cpu Got response for addr 0x94b48 , 609096
274514000: system.memobj: size 0x8
274514000: system.memobj: id 94061725811568
274514000: system.memobj: data_hex : 7EA6420000000000 
274514000: system.memobj: data : 0111111010100110010000100000000000000000000000000000000000000000 
274514000: system.memobj: hamming code addr: 609096 
274514000: system.memobj: hamming code out: 9 
274514000: system.memobj: find Error Bit index : 2 
274514000: system.memobj: hamming code addr: 609104 
274514000: system.memobj: hamming code out: 4 
274514000: system.memobj: hamming code addr: 609112 
274514000: system.memobj: hamming code out: 14 
274514000: system.memobj: hamming code addr: 609120 
274514000: system.memobj: hamming code out: 0 
274514000: system.memobj: hamming code addr: 609128 
274514000: system.memobj: hamming code out: 0 
274514000: system.memobj: hamming code addr: 609136 
274514000: system.memobj: hamming code out: 0 
274514000: system.memobj: hamming code addr: 609144 
274514000: system.memobj: hamming code out: 0 
274514000: system.memobj: hamming code addr: 609152 
274514000: system.memobj: hamming code out: 0 
274514000: system.memobj: fix data : 0011111010100110010000100000000000000000000000000000000000000000 
274514000: system.memobj: -------------------------------------
274577000: system.memobj: mem->cpu Got response for addr 0x2a638 , 173624
274577000: system.memobj: size 0x8
274577000: system.memobj: id 94061725811568
274577000: system.memobj: data_hex : DEE882F7FFFF4885 
274577000: system.memobj: data : 1101111011101000100000101111011111111111111111110100100010000101 
274577000: system.memobj: fix data : 1101111011101000100000101111011111111111111111110100100010000101 
274577000: system.memobj: -------------------------------------
274626000: system.memobj: mem->cpu Got response for addr 0x2a640 , 173632
274626000: system.memobj: size 0x8
274626000: system.memobj: id 94061725811856
274626000: system.memobj: data_hex : C075ED4883C40848 
274626000: system.memobj: data : 1100000001110101111011010100100010000011110001000000100001001000 
274626000: system.memobj: fix data : 1100000001110101111011010100100010000011110001000000100001001000 
274626000: system.memobj: -------------------------------------
274675000: system.memobj: mem->cpu Got response for addr 0x2a640 , 173632
274675000: system.memobj: size 0x8
274675000: system.memobj: id 94061725811568
274675000: system.memobj: data_hex : C075ED4883C40848 
274675000: system.memobj: data : 1100000001110101111011010100100010000011110001000000100001001000 
274675000: system.memobj: fix data : 1100000001110101111011010100100010000011110001000000100001001000 
274675000: system.memobj: -------------------------------------
274724000: system.memobj: mem->cpu Got response for addr 0x2a630 , 173616
274724000: system.memobj: size 0x8
274724000: system.memobj: id 94061725811856
274724000: system.memobj: data_hex : 488D78014889C589 
274724000: system.memobj: data : 0100100010001101011110000000000101001000100010011100010110001001 
274724000: system.memobj: fix data : 0100100010001101011110000000000101001000100010011100010110001001 
274724000: system.memobj: -------------------------------------
274773000: system.memobj: mem->cpu Got response for addr 0x2a630 , 173616
274773000: system.memobj: size 0x8
274773000: system.memobj: id 94061725811568
274773000: system.memobj: data_hex : 488D78014889C589 
274773000: system.memobj: data : 0100100010001101011110000000000101001000100010011100010110001001 
274773000: system.memobj: fix data : 0100100010001101011110000000000101001000100010011100010110001001 
274773000: system.memobj: -------------------------------------
274822000: system.memobj: mem->cpu Got response for addr 0x2a630 , 173616
274822000: system.memobj: size 0x8
274822000: system.memobj: id 94061725811856
274822000: system.memobj: data_hex : 488D78014889C589 
274822000: system.memobj: data : 0100100010001101011110000000000101001000100010011100010110001001 
274822000: system.memobj: fix data : 0100100010001101011110000000000101001000100010011100010110001001 
274822000: system.memobj: -------------------------------------
274871000: system.memobj: mem->cpu Got response for addr 0x2a638 , 173624
274871000: system.memobj: size 0x8
274871000: system.memobj: id 94061725811568
274871000: system.memobj: data_hex : DEE882F7FFFF4885 
274871000: system.memobj: data : 1101111011101000100000101111011111111111111111110100100010000101 
274871000: system.memobj: fix data : 1101111011101000100000101111011111111111111111110100100010000101 
274871000: system.memobj: -------------------------------------
274920000: system.memobj: mem->cpu Got response for addr 0x2a638 , 173624
274920000: system.memobj: size 0x8
274920000: system.memobj: id 94061725811856
274920000: system.memobj: data_hex : DEE882F7FFFF4885 
274920000: system.memobj: data : 1101111011101000100000101111011111111111111111110100100010000101 
274920000: system.memobj: fix data : 1101111011101000100000101111011111111111111111110100100010000101 
274920000: system.memobj: -------------------------------------
274920000: system.memobj: cpu->mem Got request for addr 0x94b48 , 609096
274920000: system.memobj: size 0x8
274920000: system.memobj: id 94061725811568
274920000: system.memobj: data_hex : 3EA6420000000000 
274920000: system.memobj: data : 0011111010100110010000100000000000000000000000000000000000000000 
274920000: system.memobj: hamming code addr: 609096 
274920000: system.memobj: hamming code : 9 
274920000: system.memobj: hamming code addr: 609104 
274920000: system.memobj: hamming code : 4 
274920000: system.memobj: hamming code addr: 609112 
274920000: system.memobj: hamming code : 14 
274920000: system.memobj: hamming code addr: 609120 
274920000: system.memobj: hamming code : 0 
274920000: system.memobj: hamming code addr: 609128 
274920000: system.memobj: hamming code : 0 
274920000: system.memobj: hamming code addr: 609136 
274920000: system.memobj: hamming code : 0 
274920000: system.memobj: hamming code addr: 609144 
274920000: system.memobj: hamming code : 0 
274920000: system.memobj: hamming code addr: 609152 
274920000: system.memobj: hamming code : 0 
274920000: system.memobj: Enter Error Bit index: 6 
274920000: system.memobj: flip data : 0011101010100110010000100000000000000000000000000000000000000000 
274920000: system.memobj: -------------------------------------
274990000: system.memobj: mem->cpu Got response for addr 0x29dc0 , 171456
274990000: system.memobj: size 0x8
274990000: system.memobj: id 94061725811568
274990000: system.memobj: data_hex : 4889FA83E2074889 
274990000: system.memobj: data : 0100100010001001111110101000001111100010000001110100100010001001 
274990000: system.memobj: fix data : 0100100010001001111110101000001111100010000001110100100010001001 
274990000: system.memobj: -------------------------------------
275039000: system.memobj: mem->cpu Got response for addr 0x29dc0 , 171456
275039000: system.memobj: size 0x8
275039000: system.memobj: id 94061725811856
275039000: system.memobj: data_hex : 4889FA83E2074889 
275039000: system.memobj: data : 0100100010001001111110101000001111100010000001110100100010001001 
275039000: system.memobj: fix data : 0100100010001001111110101000001111100010000001110100100010001001 
275039000: system.memobj: -------------------------------------
275088000: system.memobj: mem->cpu Got response for addr 0x29dc0 , 171456
275088000: system.memobj: size 0x8
275088000: system.memobj: id 94061725811568
275088000: system.memobj: data_hex : 4889FA83E2074889 
275088000: system.memobj: data : 0100100010001001111110101000001111100010000001110100100010001001 
275088000: system.memobj: fix data : 0100100010001001111110101000001111100010000001110100100010001001 
275088000: system.memobj: -------------------------------------
275137000: system.memobj: mem->cpu Got response for addr 0x29dc8 , 171464
275137000: system.memobj: size 0x8
275137000: system.memobj: id 94061725811856
275137000: system.memobj: data_hex : F8741FF7DA83C208 
275137000: system.memobj: data : 1111100001110100000111111111011111011010100000111100001000001000 
275137000: system.memobj: fix data : 1111100001110100000111111111011111011010100000111100001000001000 
275137000: system.memobj: -------------------------------------
275186000: system.memobj: mem->cpu Got response for addr 0x29dc8 , 171464
275186000: system.memobj: size 0x8
275186000: system.memobj: id 94061725811568
275186000: system.memobj: data_hex : F8741FF7DA83C208 
275186000: system.memobj: data : 1111100001110100000111111111011111011010100000111100001000001000 
275186000: system.memobj: fix data : 1111100001110100000111111111011111011010100000111100001000001000 
275186000: system.memobj: -------------------------------------
275235000: system.memobj: mem->cpu Got response for addr 0x29dc8 , 171464
275235000: system.memobj: size 0x8
275235000: system.memobj: id 94061725811856
275235000: system.memobj: data_hex : F8741FF7DA83C208 
275235000: system.memobj: data : 1111100001110100000111111111011111011010100000111100001000001000 
275235000: system.memobj: fix data : 1111100001110100000111111111011111011010100000111100001000001000 
275235000: system.memobj: -------------------------------------
275284000: system.memobj: mem->cpu Got response for addr 0x29dc8 , 171464
275284000: system.memobj: size 0x8
275284000: system.memobj: id 94061725811568
275284000: system.memobj: data_hex : F8741FF7DA83C208 
275284000: system.memobj: data : 1111100001110100000111111111011111011010100000111100001000001000 
275284000: system.memobj: fix data : 1111100001110100000111111111011111011010100000111100001000001000 
275284000: system.memobj: -------------------------------------
275333000: system.memobj: mem->cpu Got response for addr 0x29dd0 , 171472
275333000: system.memobj: size 0x8
275333000: system.memobj: id 94061725811856
275333000: system.memobj: data_hex : 8A084038CE0F8485 
275333000: system.memobj: data : 1000101000001000010000000011100011001110000011111000010010000101 
275333000: system.memobj: fix data : 1000101000001000010000000011100011001110000011111000010010000101 
275333000: system.memobj: -------------------------------------
275382000: system.memobj: mem->cpu Got response for addr 0x94f54 , 610132
275382000: system.memobj: size 0x1
275382000: system.memobj: id 94061725811568
275382000: system.memobj: data_hex : 63 
275382000: system.memobj: data : 01100011 
275382000: system.memobj: fix data : 01100011 
275382000: system.memobj: -------------------------------------
275431000: system.memobj: mem->cpu Got response for addr 0x29dd0 , 171472
275431000: system.memobj: size 0x8
275431000: system.memobj: id 94061725811568
275431000: system.memobj: data_hex : 8A084038CE0F8485 
275431000: system.memobj: data : 1000101000001000010000000011100011001110000011111000010010000101 
275431000: system.memobj: fix data : 1000101000001000010000000011100011001110000011111000010010000101 
275431000: system.memobj: -------------------------------------
275480000: system.memobj: mem->cpu Got response for addr 0x29dd0 , 171472
275480000: system.memobj: size 0x8
275480000: system.memobj: id 94061725811856
275480000: system.memobj: data_hex : 8A084038CE0F8485 
275480000: system.memobj: data : 1000101000001000010000000011100011001110000011111000010010000101 
275480000: system.memobj: fix data : 1000101000001000010000000011100011001110000011111000010010000101 
275480000: system.memobj: -------------------------------------
275529000: system.memobj: mem->cpu Got response for addr 0x29dd8 , 171480
275529000: system.memobj: size 0x8
275529000: system.memobj: id 94061725811568
275529000: system.memobj: data_hex : 01000084C90F8415 
275529000: system.memobj: data : 0000000100000000000000001000010011001001000011111000010000010101 
275529000: system.memobj: fix data : 0000000100000000000000001000010011001001000011111000010000010101 
275529000: system.memobj: -------------------------------------
275578000: system.memobj: mem->cpu Got response for addr 0x29dd8 , 171480
275578000: system.memobj: size 0x8
275578000: system.memobj: id 94061725811856
275578000: system.memobj: data_hex : 01000084C90F8415 
275578000: system.memobj: data : 0000000100000000000000001000010011001001000011111000010000010101 
275578000: system.memobj: fix data : 0000000100000000000000001000010011001001000011111000010000010101 
275578000: system.memobj: -------------------------------------
275627000: system.memobj: mem->cpu Got response for addr 0x29dd8 , 171480
275627000: system.memobj: size 0x8
275627000: system.memobj: id 94061725811568
275627000: system.memobj: data_hex : 01000084C90F8415 
275627000: system.memobj: data : 0000000100000000000000001000010011001001000011111000010000010101 
275627000: system.memobj: fix data : 0000000100000000000000001000010011001001000011111000010000010101 
275627000: system.memobj: -------------------------------------
275676000: system.memobj: mem->cpu Got response for addr 0x29de0 , 171488
275676000: system.memobj: size 0x8
275676000: system.memobj: id 94061725811856
275676000: system.memobj: data_hex : 01000048FFC0FFCA 
275676000: system.memobj: data : 0000000100000000000000000100100011111111110000001111111111001010 
275676000: system.memobj: fix data : 0000000100000000000000000100100011111111110000001111111111001010 
275676000: system.memobj: -------------------------------------
275725000: system.memobj: mem->cpu Got response for addr 0x29de0 , 171488
275725000: system.memobj: size 0x8
275725000: system.memobj: id 94061725811568
275725000: system.memobj: data_hex : 01000048FFC0FFCA 
275725000: system.memobj: data : 0000000100000000000000000100100011111111110000001111111111001010 
275725000: system.memobj: fix data : 0000000100000000000000000100100011111111110000001111111111001010 
275725000: system.memobj: -------------------------------------
275788000: system.memobj: mem->cpu Got response for addr 0x29de0 , 171488
275788000: system.memobj: size 0x8
275788000: system.memobj: id 94061725811856
275788000: system.memobj: data_hex : 01000048FFC0FFCA 
275788000: system.memobj: data : 0000000100000000000000000100100011111111110000001111111111001010 
275788000: system.memobj: fix data : 0000000100000000000000000100100011111111110000001111111111001010 
275788000: system.memobj: -------------------------------------
275837000: system.memobj: mem->cpu Got response for addr 0x29de8 , 171496
275837000: system.memobj: size 0x8
275837000: system.memobj: id 94061725811568
275837000: system.memobj: data_hex : 75E649B901010101 
275837000: system.memobj: data : 0111010111100110010010011011100100000001000000010000000100000001 
275837000: system.memobj: fix data : 0111010111100110010010011011100100000001000000010000000100000001 
275837000: system.memobj: -------------------------------------
275886000: system.memobj: mem->cpu Got response for addr 0x29dd0 , 171472
275886000: system.memobj: size 0x8
275886000: system.memobj: id 94061725811856
275886000: system.memobj: data_hex : 8A084038CE0F8485 
275886000: system.memobj: data : 1000101000001000010000000011100011001110000011111000010010000101 
275886000: system.memobj: fix data : 1000101000001000010000000011100011001110000011111000010010000101 
275886000: system.memobj: -------------------------------------
275935000: system.memobj: mem->cpu Got response for addr 0x94f55 , 610133
275935000: system.memobj: size 0x1
275935000: system.memobj: id 94061725811568
275935000: system.memobj: data_hex : 6F 
275935000: system.memobj: data : 01101111 
275935000: system.memobj: fix data : 01101111 
275935000: system.memobj: -------------------------------------
275984000: system.memobj: mem->cpu Got response for addr 0x29dd0 , 171472
275984000: system.memobj: size 0x8
275984000: system.memobj: id 94061725811568
275984000: system.memobj: data_hex : 8A084038CE0F8485 
275984000: system.memobj: data : 1000101000001000010000000011100011001110000011111000010010000101 
275984000: system.memobj: fix data : 1000101000001000010000000011100011001110000011111000010010000101 
275984000: system.memobj: -------------------------------------
276033000: system.memobj: mem->cpu Got response for addr 0x29dd0 , 171472
276033000: system.memobj: size 0x8
276033000: system.memobj: id 94061725811856
276033000: system.memobj: data_hex : 8A084038CE0F8485 
276033000: system.memobj: data : 1000101000001000010000000011100011001110000011111000010010000101 
276033000: system.memobj: fix data : 1000101000001000010000000011100011001110000011111000010010000101 
276033000: system.memobj: -------------------------------------
276082000: system.memobj: mem->cpu Got response for addr 0x29dd8 , 171480
276082000: system.memobj: size 0x8
276082000: system.memobj: id 94061725811568
276082000: system.memobj: data_hex : 01000084C90F8415 
276082000: system.memobj: data : 0000000100000000000000001000010011001001000011111000010000010101 
276082000: system.memobj: fix data : 0000000100000000000000001000010011001001000011111000010000010101 
276082000: system.memobj: -------------------------------------
276131000: system.memobj: mem->cpu Got response for addr 0x29dd8 , 171480
276131000: system.memobj: size 0x8
276131000: system.memobj: id 94061725811856
276131000: system.memobj: data_hex : 01000084C90F8415 
276131000: system.memobj: data : 0000000100000000000000001000010011001001000011111000010000010101 
276131000: system.memobj: fix data : 0000000100000000000000001000010011001001000011111000010000010101 
276131000: system.memobj: -------------------------------------
276180000: system.memobj: mem->cpu Got response for addr 0x29dd8 , 171480
276180000: system.memobj: size 0x8
276180000: system.memobj: id 94061725811568
276180000: system.memobj: data_hex : 01000084C90F8415 
276180000: system.memobj: data : 0000000100000000000000001000010011001001000011111000010000010101 
276180000: system.memobj: fix data : 0000000100000000000000001000010011001001000011111000010000010101 
276180000: system.memobj: -------------------------------------
276229000: system.memobj: mem->cpu Got response for addr 0x29de0 , 171488
276229000: system.memobj: size 0x8
276229000: system.memobj: id 94061725811856
276229000: system.memobj: data_hex : 01000048FFC0FFCA 
276229000: system.memobj: data : 0000000100000000000000000100100011111111110000001111111111001010 
276229000: system.memobj: fix data : 0000000100000000000000000100100011111111110000001111111111001010 
276229000: system.memobj: -------------------------------------
276278000: system.memobj: mem->cpu Got response for addr 0x29de0 , 171488
276278000: system.memobj: size 0x8
276278000: system.memobj: id 94061725811568
276278000: system.memobj: data_hex : 01000048FFC0FFCA 
276278000: system.memobj: data : 0000000100000000000000000100100011111111110000001111111111001010 
276278000: system.memobj: fix data : 0000000100000000000000000100100011111111110000001111111111001010 
276278000: system.memobj: -------------------------------------
276327000: system.memobj: mem->cpu Got response for addr 0x29de0 , 171488
276327000: system.memobj: size 0x8
276327000: system.memobj: id 94061725811856
276327000: system.memobj: data_hex : 01000048FFC0FFCA 
276327000: system.memobj: data : 0000000100000000000000000100100011111111110000001111111111001010 
276327000: system.memobj: fix data : 0000000100000000000000000100100011111111110000001111111111001010 
276327000: system.memobj: -------------------------------------
276376000: system.memobj: mem->cpu Got response for addr 0x29de8 , 171496
276376000: system.memobj: size 0x8
276376000: system.memobj: id 94061725811568
276376000: system.memobj: data_hex : 75E649B901010101 
276376000: system.memobj: data : 0111010111100110010010011011100100000001000000010000000100000001 
276376000: system.memobj: fix data : 0111010111100110010010011011100100000001000000010000000100000001 
276376000: system.memobj: -------------------------------------
276425000: system.memobj: mem->cpu Got response for addr 0x29dd0 , 171472
276425000: system.memobj: size 0x8
276425000: system.memobj: id 94061725811856
276425000: system.memobj: data_hex : 8A084038CE0F8485 
276425000: system.memobj: data : 1000101000001000010000000011100011001110000011111000010010000101 
276425000: system.memobj: fix data : 1000101000001000010000000011100011001110000011111000010010000101 
276425000: system.memobj: -------------------------------------
276474000: system.memobj: mem->cpu Got response for addr 0x94f56 , 610134
276474000: system.memobj: size 0x1
276474000: system.memobj: id 94061725811568
276474000: system.memobj: data_hex : 6E 
276474000: system.memobj: data : 01101110 
276474000: system.memobj: fix data : 01101110 
276474000: system.memobj: -------------------------------------
276523000: system.memobj: mem->cpu Got response for addr 0x29dd0 , 171472
276523000: system.memobj: size 0x8
276523000: system.memobj: id 94061725811568
276523000: system.memobj: data_hex : 8A084038CE0F8485 
276523000: system.memobj: data : 1000101000001000010000000011100011001110000011111000010010000101 
276523000: system.memobj: fix data : 1000101000001000010000000011100011001110000011111000010010000101 
276523000: system.memobj: -------------------------------------
276572000: system.memobj: mem->cpu Got response for addr 0x29dd0 , 171472
276572000: system.memobj: size 0x8
276572000: system.memobj: id 94061725811856
276572000: system.memobj: data_hex : 8A084038CE0F8485 
276572000: system.memobj: data : 1000101000001000010000000011100011001110000011111000010010000101 
276572000: system.memobj: fix data : 1000101000001000010000000011100011001110000011111000010010000101 
276572000: system.memobj: -------------------------------------
276621000: system.memobj: mem->cpu Got response for addr 0x29dd8 , 171480
276621000: system.memobj: size 0x8
276621000: system.memobj: id 94061725811568
276621000: system.memobj: data_hex : 01000084C90F8415 
276621000: system.memobj: data : 0000000100000000000000001000010011001001000011111000010000010101 
276621000: system.memobj: fix data : 0000000100000000000000001000010011001001000011111000010000010101 
276621000: system.memobj: -------------------------------------
276684000: system.memobj: mem->cpu Got response for addr 0x29dd8 , 171480
276684000: system.memobj: size 0x8
276684000: system.memobj: id 94061725811856
276684000: system.memobj: data_hex : 01000084C90F8415 
276684000: system.memobj: data : 0000000100000000000000001000010011001001000011111000010000010101 
276684000: system.memobj: fix data : 0000000100000000000000001000010011001001000011111000010000010101 
276684000: system.memobj: -------------------------------------
276733000: system.memobj: mem->cpu Got response for addr 0x29dd8 , 171480
276733000: system.memobj: size 0x8
276733000: system.memobj: id 94061725811568
276733000: system.memobj: data_hex : 01000084C90F8415 
276733000: system.memobj: data : 0000000100000000000000001000010011001001000011111000010000010101 
276733000: system.memobj: fix data : 0000000100000000000000001000010011001001000011111000010000010101 
276733000: system.memobj: -------------------------------------
276782000: system.memobj: mem->cpu Got response for addr 0x29de0 , 171488
276782000: system.memobj: size 0x8
276782000: system.memobj: id 94061725811856
276782000: system.memobj: data_hex : 01000048FFC0FFCA 
276782000: system.memobj: data : 0000000100000000000000000100100011111111110000001111111111001010 
276782000: system.memobj: fix data : 0000000100000000000000000100100011111111110000001111111111001010 
276782000: system.memobj: -------------------------------------
276831000: system.memobj: mem->cpu Got response for addr 0x29de0 , 171488
276831000: system.memobj: size 0x8
276831000: system.memobj: id 94061725811568
276831000: system.memobj: data_hex : 01000048FFC0FFCA 
276831000: system.memobj: data : 0000000100000000000000000100100011111111110000001111111111001010 
276831000: system.memobj: fix data : 0000000100000000000000000100100011111111110000001111111111001010 
276831000: system.memobj: -------------------------------------
276880000: system.memobj: mem->cpu Got response for addr 0x29de0 , 171488
276880000: system.memobj: size 0x8
276880000: system.memobj: id 94061725811856
276880000: system.memobj: data_hex : 01000048FFC0FFCA 
276880000: system.memobj: data : 0000000100000000000000000100100011111111110000001111111111001010 
276880000: system.memobj: fix data : 0000000100000000000000000100100011111111110000001111111111001010 
276880000: system.memobj: -------------------------------------
276929000: system.memobj: mem->cpu Got response for addr 0x29de8 , 171496
276929000: system.memobj: size 0x8
276929000: system.memobj: id 94061725811568
276929000: system.memobj: data_hex : 75E649B901010101 
276929000: system.memobj: data : 0111010111100110010010011011100100000001000000010000000100000001 
276929000: system.memobj: fix data : 0111010111100110010010011011100100000001000000010000000100000001 
276929000: system.memobj: -------------------------------------
276978000: system.memobj: mem->cpu Got response for addr 0x29dd0 , 171472
276978000: system.memobj: size 0x8
276978000: system.memobj: id 94061725811856
276978000: system.memobj: data_hex : 8A084038CE0F8485 
276978000: system.memobj: data : 1000101000001000010000000011100011001110000011111000010010000101 
276978000: system.memobj: fix data : 1000101000001000010000000011100011001110000011111000010010000101 
276978000: system.memobj: -------------------------------------
277027000: system.memobj: mem->cpu Got response for addr 0x94f57 , 610135
277027000: system.memobj: size 0x1
277027000: system.memobj: id 94061725811568
277027000: system.memobj: data_hex : 66 
277027000: system.memobj: data : 01100110 
277027000: system.memobj: fix data : 01100110 
277027000: system.memobj: -------------------------------------
277076000: system.memobj: mem->cpu Got response for addr 0x29dd0 , 171472
277076000: system.memobj: size 0x8
277076000: system.memobj: id 94061725811568
277076000: system.memobj: data_hex : 8A084038CE0F8485 
277076000: system.memobj: data : 1000101000001000010000000011100011001110000011111000010010000101 
277076000: system.memobj: fix data : 1000101000001000010000000011100011001110000011111000010010000101 
277076000: system.memobj: -------------------------------------
277125000: system.memobj: mem->cpu Got response for addr 0x29dd0 , 171472
277125000: system.memobj: size 0x8
277125000: system.memobj: id 94061725811856
277125000: system.memobj: data_hex : 8A084038CE0F8485 
277125000: system.memobj: data : 1000101000001000010000000011100011001110000011111000010010000101 
277125000: system.memobj: fix data : 1000101000001000010000000011100011001110000011111000010010000101 
277125000: system.memobj: -------------------------------------
277174000: system.memobj: mem->cpu Got response for addr 0x29dd8 , 171480
277174000: system.memobj: size 0x8
277174000: system.memobj: id 94061725811568
277174000: system.memobj: data_hex : 01000084C90F8415 
277174000: system.memobj: data : 0000000100000000000000001000010011001001000011111000010000010101 
277174000: system.memobj: fix data : 0000000100000000000000001000010011001001000011111000010000010101 
277174000: system.memobj: -------------------------------------
277223000: system.memobj: mem->cpu Got response for addr 0x29dd8 , 171480
277223000: system.memobj: size 0x8
277223000: system.memobj: id 94061725811856
277223000: system.memobj: data_hex : 01000084C90F8415 
277223000: system.memobj: data : 0000000100000000000000001000010011001001000011111000010000010101 
277223000: system.memobj: fix data : 0000000100000000000000001000010011001001000011111000010000010101 
277223000: system.memobj: -------------------------------------
277272000: system.memobj: mem->cpu Got response for addr 0x29dd8 , 171480
277272000: system.memobj: size 0x8
277272000: system.memobj: id 94061725811568
277272000: system.memobj: data_hex : 01000084C90F8415 
277272000: system.memobj: data : 0000000100000000000000001000010011001001000011111000010000010101 
277272000: system.memobj: fix data : 0000000100000000000000001000010011001001000011111000010000010101 
277272000: system.memobj: -------------------------------------
277321000: system.memobj: mem->cpu Got response for addr 0x29de0 , 171488
277321000: system.memobj: size 0x8
277321000: system.memobj: id 94061725811856
277321000: system.memobj: data_hex : 01000048FFC0FFCA 
277321000: system.memobj: data : 0000000100000000000000000100100011111111110000001111111111001010 
277321000: system.memobj: fix data : 0000000100000000000000000100100011111111110000001111111111001010 
277321000: system.memobj: -------------------------------------
277370000: system.memobj: mem->cpu Got response for addr 0x29de0 , 171488
277370000: system.memobj: size 0x8
277370000: system.memobj: id 94061725811568
277370000: system.memobj: data_hex : 01000048FFC0FFCA 
277370000: system.memobj: data : 0000000100000000000000000100100011111111110000001111111111001010 
277370000: system.memobj: fix data : 0000000100000000000000000100100011111111110000001111111111001010 
277370000: system.memobj: -------------------------------------
277419000: system.memobj: mem->cpu Got response for addr 0x29de0 , 171488
277419000: system.memobj: size 0x8
277419000: system.memobj: id 94061725811856
277419000: system.memobj: data_hex : 01000048FFC0FFCA 
277419000: system.memobj: data : 0000000100000000000000000100100011111111110000001111111111001010 
277419000: system.memobj: fix data : 0000000100000000000000000100100011111111110000001111111111001010 
277419000: system.memobj: -------------------------------------
277468000: system.memobj: mem->cpu Got response for addr 0x29de8 , 171496
277468000: system.memobj: size 0x8
277468000: system.memobj: id 94061725811568
277468000: system.memobj: data_hex : 75E649B901010101 
277468000: system.memobj: data : 0111010111100110010010011011100100000001000000010000000100000001 
277468000: system.memobj: fix data : 0111010111100110010010011011100100000001000000010000000100000001 
277468000: system.memobj: -------------------------------------
277531000: system.memobj: mem->cpu Got response for addr 0x29de8 , 171496
277531000: system.memobj: size 0x8
277531000: system.memobj: id 94061725811856
277531000: system.memobj: data_hex : 75E649B901010101 
277531000: system.memobj: data : 0111010111100110010010011011100100000001000000010000000100000001 
277531000: system.memobj: fix data : 0111010111100110010010011011100100000001000000010000000100000001 
277531000: system.memobj: -------------------------------------
277580000: system.memobj: mem->cpu Got response for addr 0x29df0 , 171504
277580000: system.memobj: size 0x8
277580000: system.memobj: id 94061725811568
277580000: system.memobj: data_hex : 01010101400FB6D6 
277580000: system.memobj: data : 0000000100000001000000010000000101000000000011111011011011010110 
277580000: system.memobj: fix data : 0000000100000001000000010000000101000000000011111011011011010110 
277580000: system.memobj: -------------------------------------
277629000: system.memobj: mem->cpu Got response for addr 0x29df0 , 171504
277629000: system.memobj: size 0x8
277629000: system.memobj: id 94061725811856
277629000: system.memobj: data_hex : 01010101400FB6D6 
277629000: system.memobj: data : 0000000100000001000000010000000101000000000011111011011011010110 
277629000: system.memobj: fix data : 0000000100000001000000010000000101000000000011111011011011010110 
277629000: system.memobj: -------------------------------------
277678000: system.memobj: mem->cpu Got response for addr 0x29df8 , 171512
277678000: system.memobj: size 0x8
277678000: system.memobj: id 94061725811568
277678000: system.memobj: data_hex : 4C0FAFCA49B8FFFE 
277678000: system.memobj: data : 0100110000001111101011111100101001001001101110001111111111111110 
277678000: system.memobj: fix data : 0100110000001111101011111100101001001001101110001111111111111110 
277678000: system.memobj: -------------------------------------
277727000: system.memobj: mem->cpu Got response for addr 0x29df8 , 171512
277727000: system.memobj: size 0x8
277727000: system.memobj: id 94061725811856
277727000: system.memobj: data_hex : 4C0FAFCA49B8FFFE 
277727000: system.memobj: data : 0100110000001111101011111100101001001001101110001111111111111110 
277727000: system.memobj: fix data : 0100110000001111101011111100101001001001101110001111111111111110 
277727000: system.memobj: -------------------------------------
277776000: system.memobj: mem->cpu Got response for addr 0x29e00 , 171520
277776000: system.memobj: size 0x8
277776000: system.memobj: id 94061725811568
277776000: system.memobj: data_hex : FEFEFEFEFEFE6666 
277776000: system.memobj: data : 1111111011111110111111101111111011111110111111100110011001100110 
277776000: system.memobj: fix data : 1111111011111110111111101111111011111110111111100110011001100110 
277776000: system.memobj: -------------------------------------
277825000: system.memobj: mem->cpu Got response for addr 0x29e00 , 171520
277825000: system.memobj: size 0x8
277825000: system.memobj: id 94061725811856
277825000: system.memobj: data_hex : FEFEFEFEFEFE6666 
277825000: system.memobj: data : 1111111011111110111111101111111011111110111111100110011001100110 
277825000: system.memobj: fix data : 1111111011111110111111101111111011111110111111100110011001100110 
277825000: system.memobj: -------------------------------------
277874000: system.memobj: mem->cpu Got response for addr 0x29e08 , 171528
277874000: system.memobj: size 0x8
277874000: system.memobj: id 94061725811568
277874000: system.memobj: data_hex : 6690666690666690 
277874000: system.memobj: data : 0110011010010000011001100110011010010000011001100110011010010000 
277874000: system.memobj: fix data : 0110011010010000011001100110011010010000011001100110011010010000 
277874000: system.memobj: -------------------------------------
277923000: system.memobj: mem->cpu Got response for addr 0x29e08 , 171528
277923000: system.memobj: size 0x8
277923000: system.memobj: id 94061725811856
277923000: system.memobj: data_hex : 6690666690666690 
277923000: system.memobj: data : 0110011010010000011001100110011010010000011001100110011010010000 
277923000: system.memobj: fix data : 0110011010010000011001100110011010010000011001100110011010010000 
277923000: system.memobj: -------------------------------------
277972000: system.memobj: mem->cpu Got response for addr 0x29e08 , 171528
277972000: system.memobj: size 0x8
277972000: system.memobj: id 94061725811568
277972000: system.memobj: data_hex : 6690666690666690 
277972000: system.memobj: data : 0110011010010000011001100110011010010000011001100110011010010000 
277972000: system.memobj: fix data : 0110011010010000011001100110011010010000011001100110011010010000 
277972000: system.memobj: -------------------------------------
278021000: system.memobj: mem->cpu Got response for addr 0x29e10 , 171536
278021000: system.memobj: size 0x8
278021000: system.memobj: id 94061725811856
278021000: system.memobj: data_hex : 488B084883C0084C 
278021000: system.memobj: data : 0100100010001011000010000100100010000011110000000000100001001100 
278021000: system.memobj: fix data : 0100100010001011000010000100100010000011110000000000100001001100 
278021000: system.memobj: -------------------------------------
278070000: system.memobj: mem->cpu Got response for addr 0x94f58 , 610136
278070000: system.memobj: size 0x8
278070000: system.memobj: id 94061725811568
278070000: system.memobj: data_hex : 6967732F6E63755F 
278070000: system.memobj: data : 0110100101100111011100110010111101101110011000110111010101011111 
278070000: system.memobj: fix data : 0110100101100111011100110010111101101110011000110111010101011111 
278070000: system.memobj: -------------------------------------
278119000: system.memobj: mem->cpu Got response for addr 0x29e10 , 171536
278119000: system.memobj: size 0x8
278119000: system.memobj: id 94061725811568
278119000: system.memobj: data_hex : 488B084883C0084C 
278119000: system.memobj: data : 0100100010001011000010000100100010000011110000000000100001001100 
278119000: system.memobj: fix data : 0100100010001011000010000100100010000011110000000000100001001100 
278119000: system.memobj: -------------------------------------
278168000: system.memobj: mem->cpu Got response for addr 0x29e10 , 171536
278168000: system.memobj: size 0x8
278168000: system.memobj: id 94061725811856
278168000: system.memobj: data_hex : 488B084883C0084C 
278168000: system.memobj: data : 0100100010001011000010000100100010000011110000000000100001001100 
278168000: system.memobj: fix data : 0100100010001011000010000100100010000011110000000000100001001100 
278168000: system.memobj: -------------------------------------
278217000: system.memobj: mem->cpu Got response for addr 0x29e18 , 171544
278217000: system.memobj: size 0x8
278217000: system.memobj: id 94061725811568
278217000: system.memobj: data_hex : 89C24C31C94801CA 
278217000: system.memobj: data : 1000100111000010010011000011000111001001010010000000000111001010 
278217000: system.memobj: fix data : 1000100111000010010011000011000111001001010010000000000111001010 
278217000: system.memobj: -------------------------------------
278266000: system.memobj: mem->cpu Got response for addr 0x29e18 , 171544
278266000: system.memobj: size 0x8
278266000: system.memobj: id 94061725811856
278266000: system.memobj: data_hex : 89C24C31C94801CA 
278266000: system.memobj: data : 1000100111000010010011000011000111001001010010000000000111001010 
278266000: system.memobj: fix data : 1000100111000010010011000011000111001001010010000000000111001010 
278266000: system.memobj: -------------------------------------
278315000: system.memobj: mem->cpu Got response for addr 0x29e18 , 171544
278315000: system.memobj: size 0x8
278315000: system.memobj: id 94061725811568
278315000: system.memobj: data_hex : 89C24C31C94801CA 
278315000: system.memobj: data : 1000100111000010010011000011000111001001010010000000000111001010 
278315000: system.memobj: fix data : 1000100111000010010011000011000111001001010010000000000111001010 
278315000: system.memobj: -------------------------------------
278378000: system.memobj: mem->cpu Got response for addr 0x29e20 , 171552
278378000: system.memobj: size 0x8
278378000: system.memobj: id 94061725811856
278378000: system.memobj: data_hex : 0F83DA0000004831 
278378000: system.memobj: data : 0000111110000011110110100000000000000000000000000100100000110001 
278378000: system.memobj: fix data : 0000111110000011110110100000000000000000000000000100100000110001 
278378000: system.memobj: -------------------------------------
278427000: system.memobj: mem->cpu Got response for addr 0x29e20 , 171552
278427000: system.memobj: size 0x8
278427000: system.memobj: id 94061725811568
278427000: system.memobj: data_hex : 0F83DA0000004831 
278427000: system.memobj: data : 0000111110000011110110100000000000000000000000000100100000110001 
278427000: system.memobj: fix data : 0000111110000011110110100000000000000000000000000100100000110001 
278427000: system.memobj: -------------------------------------
278476000: system.memobj: mem->cpu Got response for addr 0x29e28 , 171560
278476000: system.memobj: size 0x8
278476000: system.memobj: id 94061725811856
278476000: system.memobj: data_hex : CA4C09C248FFC20F 
278476000: system.memobj: data : 1100101001001100000010011100001001001000111111111100001000001111 
278476000: system.memobj: fix data : 1100101001001100000010011100001001001000111111111100001000001111 
278476000: system.memobj: -------------------------------------
278525000: system.memobj: mem->cpu Got response for addr 0x29e28 , 171560
278525000: system.memobj: size 0x8
278525000: system.memobj: id 94061725811568
278525000: system.memobj: data_hex : CA4C09C248FFC20F 
278525000: system.memobj: data : 1100101001001100000010011100001001001000111111111100001000001111 
278525000: system.memobj: fix data : 1100101001001100000010011100001001001000111111111100001000001111 
278525000: system.memobj: -------------------------------------
278574000: system.memobj: mem->cpu Got response for addr 0x29e28 , 171560
278574000: system.memobj: size 0x8
278574000: system.memobj: id 94061725811856
278574000: system.memobj: data_hex : CA4C09C248FFC20F 
278574000: system.memobj: data : 1100101001001100000010011100001001001000111111111100001000001111 
278574000: system.memobj: fix data : 1100101001001100000010011100001001001000111111111100001000001111 
278574000: system.memobj: -------------------------------------
278623000: system.memobj: mem->cpu Got response for addr 0x29e28 , 171560
278623000: system.memobj: size 0x8
278623000: system.memobj: id 94061725811568
278623000: system.memobj: data_hex : CA4C09C248FFC20F 
278623000: system.memobj: data : 1100101001001100000010011100001001001000111111111100001000001111 
278623000: system.memobj: fix data : 1100101001001100000010011100001001001000111111111100001000001111 
278623000: system.memobj: -------------------------------------
278672000: system.memobj: mem->cpu Got response for addr 0x29e30 , 171568
278672000: system.memobj: size 0x8
278672000: system.memobj: id 94061725811856
278672000: system.memobj: data_hex : 85CB0000004C31C9 
278672000: system.memobj: data : 1000010111001011000000000000000000000000010011000011000111001001 
278672000: system.memobj: fix data : 1000010111001011000000000000000000000000010011000011000111001001 
278672000: system.memobj: -------------------------------------
278721000: system.memobj: mem->cpu Got response for addr 0x29f00 , 171776
278721000: system.memobj: size 0x8
278721000: system.memobj: id 94061725811568
278721000: system.memobj: data_hex : 4C89CA4883E80884 
278721000: system.memobj: data : 0100110010001001110010100100100010000011111010000000100010000100 
278721000: system.memobj: fix data : 0100110010001001110010100100100010000011111010000000100010000100 
278721000: system.memobj: -------------------------------------
278770000: system.memobj: mem->cpu Got response for addr 0x29f00 , 171776
278770000: system.memobj: size 0x8
278770000: system.memobj: id 94061725811856
278770000: system.memobj: data_hex : 4C89CA4883E80884 
278770000: system.memobj: data : 0100110010001001110010100100100010000011111010000000100010000100 
278770000: system.memobj: fix data : 0100110010001001110010100100100010000011111010000000100010000100 
278770000: system.memobj: -------------------------------------
278819000: system.memobj: mem->cpu Got response for addr 0x29f00 , 171776
278819000: system.memobj: size 0x8
278819000: system.memobj: id 94061725811568
278819000: system.memobj: data_hex : 4C89CA4883E80884 
278819000: system.memobj: data : 0100110010001001110010100100100010000011111010000000100010000100 
278819000: system.memobj: fix data : 0100110010001001110010100100100010000011111010000000100010000100 
278819000: system.memobj: -------------------------------------
278868000: system.memobj: mem->cpu Got response for addr 0x29f08 , 171784
278868000: system.memobj: size 0x8
278868000: system.memobj: id 94061725811856
278868000: system.memobj: data_hex : C9745538D174E948 
278868000: system.memobj: data : 1100100101110100010101010011100011010001011101001110100101001000 
278868000: system.memobj: fix data : 1100100101110100010101010011100011010001011101001110100101001000 
278868000: system.memobj: -------------------------------------
278917000: system.memobj: mem->cpu Got response for addr 0x29f08 , 171784
278917000: system.memobj: size 0x8
278917000: system.memobj: id 94061725811568
278917000: system.memobj: data_hex : C9745538D174E948 
278917000: system.memobj: data : 1100100101110100010101010011100011010001011101001110100101001000 
278917000: system.memobj: fix data : 1100100101110100010101010011100011010001011101001110100101001000 
278917000: system.memobj: -------------------------------------
278966000: system.memobj: mem->cpu Got response for addr 0x29f08 , 171784
278966000: system.memobj: size 0x8
278966000: system.memobj: id 94061725811856
278966000: system.memobj: data_hex : C9745538D174E948 
278966000: system.memobj: data : 1100100101110100010101010011100011010001011101001110100101001000 
278966000: system.memobj: fix data : 1100100101110100010101010011100011010001011101001110100101001000 
278966000: system.memobj: -------------------------------------
279015000: system.memobj: mem->cpu Got response for addr 0x29f08 , 171784
279015000: system.memobj: size 0x8
279015000: system.memobj: id 94061725811568
279015000: system.memobj: data_hex : C9745538D174E948 
279015000: system.memobj: data : 1100100101110100010101010011100011010001011101001110100101001000 
279015000: system.memobj: fix data : 1100100101110100010101010011100011010001011101001110100101001000 
279015000: system.memobj: -------------------------------------
279064000: system.memobj: mem->cpu Got response for addr 0x29f08 , 171784
279064000: system.memobj: size 0x8
279064000: system.memobj: id 94061725811856
279064000: system.memobj: data_hex : C9745538D174E948 
279064000: system.memobj: data : 1100100101110100010101010011100011010001011101001110100101001000 
279064000: system.memobj: fix data : 1100100101110100010101010011100011010001011101001110100101001000 
279064000: system.memobj: -------------------------------------
279113000: system.memobj: mem->cpu Got response for addr 0x29f10 , 171792
279113000: system.memobj: size 0x8
279113000: system.memobj: id 94061725811568
279113000: system.memobj: data_hex : FFC084ED744A38D5 
279113000: system.memobj: data : 1111111111000000100001001110110101110100010010100011100011010101 
279113000: system.memobj: fix data : 1111111111000000100001001110110101110100010010100011100011010101 
279113000: system.memobj: -------------------------------------
279176000: system.memobj: mem->cpu Got response for addr 0x29f10 , 171792
279176000: system.memobj: size 0x8
279176000: system.memobj: id 94061725811856
279176000: system.memobj: data_hex : FFC084ED744A38D5 
279176000: system.memobj: data : 1111111111000000100001001110110101110100010010100011100011010101 
279176000: system.memobj: fix data : 1111111111000000100001001110110101110100010010100011100011010101 
279176000: system.memobj: -------------------------------------
279225000: system.memobj: mem->cpu Got response for addr 0x29f10 , 171792
279225000: system.memobj: size 0x8
279225000: system.memobj: id 94061725811568
279225000: system.memobj: data_hex : FFC084ED744A38D5 
279225000: system.memobj: data : 1111111111000000100001001110110101110100010010100011100011010101 
279225000: system.memobj: fix data : 1111111111000000100001001110110101110100010010100011100011010101 
279225000: system.memobj: -------------------------------------
279274000: system.memobj: mem->cpu Got response for addr 0x29f10 , 171792
279274000: system.memobj: size 0x8
279274000: system.memobj: id 94061725811856
279274000: system.memobj: data_hex : FFC084ED744A38D5 
279274000: system.memobj: data : 1111111111000000100001001110110101110100010010100011100011010101 
279274000: system.memobj: fix data : 1111111111000000100001001110110101110100010010100011100011010101 
279274000: system.memobj: -------------------------------------
279323000: system.memobj: mem->cpu Got response for addr 0x29f18 , 171800
279323000: system.memobj: size 0x8
279323000: system.memobj: id 94061725811568
279323000: system.memobj: data_hex : 74DE48FFC048C1E9 
279323000: system.memobj: data : 0111010011011110010010001111111111000000010010001100000111101001 
279323000: system.memobj: fix data : 0111010011011110010010001111111111000000010010001100000111101001 
279323000: system.memobj: -------------------------------------
279372000: system.memobj: mem->cpu Got response for addr 0x29f18 , 171800
279372000: system.memobj: size 0x8
279372000: system.memobj: id 94061725811856
279372000: system.memobj: data_hex : 74DE48FFC048C1E9 
279372000: system.memobj: data : 0111010011011110010010001111111111000000010010001100000111101001 
279372000: system.memobj: fix data : 0111010011011110010010001111111111000000010010001100000111101001 
279372000: system.memobj: -------------------------------------
279421000: system.memobj: mem->cpu Got response for addr 0x29f18 , 171800
279421000: system.memobj: size 0x8
279421000: system.memobj: id 94061725811568
279421000: system.memobj: data_hex : 74DE48FFC048C1E9 
279421000: system.memobj: data : 0111010011011110010010001111111111000000010010001100000111101001 
279421000: system.memobj: fix data : 0111010011011110010010001111111111000000010010001100000111101001 
279421000: system.memobj: -------------------------------------
279470000: system.memobj: mem->cpu Got response for addr 0x29f20 , 171808
279470000: system.memobj: size 0x8
279470000: system.memobj: id 94061725811856
279470000: system.memobj: data_hex : 1084C9743B38D174 
279470000: system.memobj: data : 0001000010000100110010010111010000111011001110001101000101110100 
279470000: system.memobj: fix data : 0001000010000100110010010111010000111011001110001101000101110100 
279470000: system.memobj: -------------------------------------
279519000: system.memobj: mem->cpu Got response for addr 0x29f20 , 171808
279519000: system.memobj: size 0x8
279519000: system.memobj: id 94061725811568
279519000: system.memobj: data_hex : 1084C9743B38D174 
279519000: system.memobj: data : 0001000010000100110010010111010000111011001110001101000101110100 
279519000: system.memobj: fix data : 0001000010000100110010010111010000111011001110001101000101110100 
279519000: system.memobj: -------------------------------------
279568000: system.memobj: mem->cpu Got response for addr 0x29f20 , 171808
279568000: system.memobj: size 0x8
279568000: system.memobj: id 94061725811856
279568000: system.memobj: data_hex : 1084C9743B38D174 
279568000: system.memobj: data : 0001000010000100110010010111010000111011001110001101000101110100 
279568000: system.memobj: fix data : 0001000010000100110010010111010000111011001110001101000101110100 
279568000: system.memobj: -------------------------------------
279617000: system.memobj: mem->cpu Got response for addr 0x29f20 , 171808
279617000: system.memobj: size 0x8
279617000: system.memobj: id 94061725811568
279617000: system.memobj: data_hex : 1084C9743B38D174 
279617000: system.memobj: data : 0001000010000100110010010111010000111011001110001101000101110100 
279617000: system.memobj: fix data : 0001000010000100110010010111010000111011001110001101000101110100 
279617000: system.memobj: -------------------------------------
279666000: system.memobj: mem->cpu Got response for addr 0x29f20 , 171808
279666000: system.memobj: size 0x8
279666000: system.memobj: id 94061725811856
279666000: system.memobj: data_hex : 1084C9743B38D174 
279666000: system.memobj: data : 0001000010000100110010010111010000111011001110001101000101110100 
279666000: system.memobj: fix data : 0001000010000100110010010111010000111011001110001101000101110100 
279666000: system.memobj: -------------------------------------
279715000: system.memobj: mem->cpu Got response for addr 0x29f28 , 171816
279715000: system.memobj: size 0x8
279715000: system.memobj: id 94061725811568
279715000: system.memobj: data_hex : CF48FFC084ED7430 
279715000: system.memobj: data : 1100111101001000111111111100000010000100111011010111010000110000 
279715000: system.memobj: fix data : 1100111101001000111111111100000010000100111011010111010000110000 
279715000: system.memobj: -------------------------------------
279764000: system.memobj: mem->cpu Got response for addr 0x29f28 , 171816
279764000: system.memobj: size 0x8
279764000: system.memobj: id 94061725811856
279764000: system.memobj: data_hex : CF48FFC084ED7430 
279764000: system.memobj: data : 1100111101001000111111111100000010000100111011010111010000110000 
279764000: system.memobj: fix data : 1100111101001000111111111100000010000100111011010111010000110000 
279764000: system.memobj: -------------------------------------
279813000: system.memobj: mem->cpu Got response for addr 0x29f28 , 171816
279813000: system.memobj: size 0x8
279813000: system.memobj: id 94061725811568
279813000: system.memobj: data_hex : CF48FFC084ED7430 
279813000: system.memobj: data : 1100111101001000111111111100000010000100111011010111010000110000 
279813000: system.memobj: fix data : 1100111101001000111111111100000010000100111011010111010000110000 
279813000: system.memobj: -------------------------------------
279862000: system.memobj: mem->cpu Got response for addr 0x29f28 , 171816
279862000: system.memobj: size 0x8
279862000: system.memobj: id 94061725811856
279862000: system.memobj: data_hex : CF48FFC084ED7430 
279862000: system.memobj: data : 1100111101001000111111111100000010000100111011010111010000110000 
279862000: system.memobj: fix data : 1100111101001000111111111100000010000100111011010111010000110000 
279862000: system.memobj: -------------------------------------
279911000: system.memobj: mem->cpu Got response for addr 0x29f60 , 171872
279911000: system.memobj: size 0x8
279911000: system.memobj: id 94061725811568
279911000: system.memobj: data_hex : 90C3909090909090 
279911000: system.memobj: data : 1001000011000011100100001001000010010000100100001001000010010000 
279911000: system.memobj: fix data : 1001000011000011100100001001000010010000100100001001000010010000 
279911000: system.memobj: -------------------------------------
279974000: system.memobj: mem->cpu Got response for addr 0x29f60 , 171872
279974000: system.memobj: size 0x8
279974000: system.memobj: id 94061725811856
279974000: system.memobj: data_hex : 90C3909090909090 
279974000: system.memobj: data : 1001000011000011100100001001000010010000100100001001000010010000 
279974000: system.memobj: fix data : 1001000011000011100100001001000010010000100100001001000010010000 
279974000: system.memobj: -------------------------------------
280023000: system.memobj: mem->cpu Got response for addr 0x94b48 , 609096
280023000: system.memobj: size 0x8
280023000: system.memobj: id 94061725811568
280023000: system.memobj: data_hex : 3AA6420000000000 
280023000: system.memobj: data : 0011101010100110010000100000000000000000000000000000000000000000 
280023000: system.memobj: hamming code addr: 609096 
280023000: system.memobj: hamming code out: 9 
280023000: system.memobj: find Error Bit index : 6 
280023000: system.memobj: hamming code addr: 609104 
280023000: system.memobj: hamming code out: 4 
280023000: system.memobj: hamming code addr: 609112 
280023000: system.memobj: hamming code out: 14 
280023000: system.memobj: hamming code addr: 609120 
280023000: system.memobj: hamming code out: 0 
280023000: system.memobj: hamming code addr: 609128 
280023000: system.memobj: hamming code out: 0 
280023000: system.memobj: hamming code addr: 609136 
280023000: system.memobj: hamming code out: 0 
280023000: system.memobj: hamming code addr: 609144 
280023000: system.memobj: hamming code out: 0 
280023000: system.memobj: hamming code addr: 609152 
280023000: system.memobj: hamming code out: 0 
280023000: system.memobj: fix data : 0011111010100110010000100000000000000000000000000000000000000000 
280023000: system.memobj: -------------------------------------
280072000: system.memobj: mem->cpu Got response for addr 0x2a638 , 173624
280072000: system.memobj: size 0x8
280072000: system.memobj: id 94061725811568
280072000: system.memobj: data_hex : DEE882F7FFFF4885 
280072000: system.memobj: data : 1101111011101000100000101111011111111111111111110100100010000101 
280072000: system.memobj: fix data : 1101111011101000100000101111011111111111111111110100100010000101 
280072000: system.memobj: -------------------------------------
280121000: system.memobj: mem->cpu Got response for addr 0x2a640 , 173632
280121000: system.memobj: size 0x8
280121000: system.memobj: id 94061725811856
280121000: system.memobj: data_hex : C075ED4883C40848 
280121000: system.memobj: data : 1100000001110101111011010100100010000011110001000000100001001000 
280121000: system.memobj: fix data : 1100000001110101111011010100100010000011110001000000100001001000 
280121000: system.memobj: -------------------------------------
280170000: system.memobj: mem->cpu Got response for addr 0x2a640 , 173632
280170000: system.memobj: size 0x8
280170000: system.memobj: id 94061725811568
280170000: system.memobj: data_hex : C075ED4883C40848 
280170000: system.memobj: data : 1100000001110101111011010100100010000011110001000000100001001000 
280170000: system.memobj: fix data : 1100000001110101111011010100100010000011110001000000100001001000 
280170000: system.memobj: -------------------------------------
280219000: system.memobj: mem->cpu Got response for addr 0x2a630 , 173616
280219000: system.memobj: size 0x8
280219000: system.memobj: id 94061725811856
280219000: system.memobj: data_hex : 488D78014889C589 
280219000: system.memobj: data : 0100100010001101011110000000000101001000100010011100010110001001 
280219000: system.memobj: fix data : 0100100010001101011110000000000101001000100010011100010110001001 
280219000: system.memobj: -------------------------------------
280268000: system.memobj: mem->cpu Got response for addr 0x2a630 , 173616
280268000: system.memobj: size 0x8
280268000: system.memobj: id 94061725811568
280268000: system.memobj: data_hex : 488D78014889C589 
280268000: system.memobj: data : 0100100010001101011110000000000101001000100010011100010110001001 
280268000: system.memobj: fix data : 0100100010001101011110000000000101001000100010011100010110001001 
280268000: system.memobj: -------------------------------------
280317000: system.memobj: mem->cpu Got response for addr 0x2a630 , 173616
280317000: system.memobj: size 0x8
280317000: system.memobj: id 94061725811856
280317000: system.memobj: data_hex : 488D78014889C589 
280317000: system.memobj: data : 0100100010001101011110000000000101001000100010011100010110001001 
280317000: system.memobj: fix data : 0100100010001101011110000000000101001000100010011100010110001001 
280317000: system.memobj: -------------------------------------
280642000: system.memobj: mem->cpu Got response for addr 0x2a638 , 173624
280642000: system.memobj: size 0x8
280642000: system.memobj: id 94061725811568
280642000: system.memobj: data_hex : DEE882F7FFFF4885 
280642000: system.memobj: data : 1101111011101000100000101111011111111111111111110100100010000101 
280642000: system.memobj: fix data : 1101111011101000100000101111011111111111111111110100100010000101 
280642000: system.memobj: -------------------------------------
280691000: system.memobj: mem->cpu Got response for addr 0x2a638 , 173624
280691000: system.memobj: size 0x8
280691000: system.memobj: id 94061725811856
280691000: system.memobj: data_hex : DEE882F7FFFF4885 
280691000: system.memobj: data : 1101111011101000100000101111011111111111111111110100100010000101 
280691000: system.memobj: fix data : 1101111011101000100000101111011111111111111111110100100010000101 
280691000: system.memobj: -------------------------------------
280691000: system.memobj: cpu->mem Got request for addr 0x94b48 , 609096
280691000: system.memobj: size 0x8
280691000: system.memobj: id 94061725811568
280691000: system.memobj: data_hex : 3EA6420000000000 
280691000: system.memobj: data : 0011111010100110010000100000000000000000000000000000000000000000 
280691000: system.memobj: hamming code addr: 609096 
280691000: system.memobj: hamming code : 9 
280691000: system.memobj: hamming code addr: 609104 
280691000: system.memobj: hamming code : 4 
280691000: system.memobj: hamming code addr: 609112 
280691000: system.memobj: hamming code : 14 
280691000: system.memobj: hamming code addr: 609120 
280691000: system.memobj: hamming code : 0 
280691000: system.memobj: hamming code addr: 609128 
280691000: system.memobj: hamming code : 0 
280691000: system.memobj: hamming code addr: 609136 
280691000: system.memobj: hamming code : 0 
280691000: system.memobj: hamming code addr: 609144 
280691000: system.memobj: hamming code : 0 
280691000: system.memobj: hamming code addr: 609152 
280691000: system.memobj: hamming code : 0 
280691000: system.memobj: Enter Error Bit index: 7 
280691000: system.memobj: flip data : 0011110010100110010000100000000000000000000000000000000000000000 
280691000: system.memobj: -------------------------------------
280775000: system.memobj: mem->cpu Got response for addr 0x29dc0 , 171456
280775000: system.memobj: size 0x8
280775000: system.memobj: id 94061725811568
280775000: system.memobj: data_hex : 4889FA83E2074889 
280775000: system.memobj: data : 0100100010001001111110101000001111100010000001110100100010001001 
280775000: system.memobj: fix data : 0100100010001001111110101000001111100010000001110100100010001001 
280775000: system.memobj: -------------------------------------
280824000: system.memobj: mem->cpu Got response for addr 0x29dc0 , 171456
280824000: system.memobj: size 0x8
280824000: system.memobj: id 94061725811856
280824000: system.memobj: data_hex : 4889FA83E2074889 
280824000: system.memobj: data : 0100100010001001111110101000001111100010000001110100100010001001 
280824000: system.memobj: fix data : 0100100010001001111110101000001111100010000001110100100010001001 
280824000: system.memobj: -------------------------------------
280873000: system.memobj: mem->cpu Got response for addr 0x29dc0 , 171456
280873000: system.memobj: size 0x8
280873000: system.memobj: id 94061725811568
280873000: system.memobj: data_hex : 4889FA83E2074889 
280873000: system.memobj: data : 0100100010001001111110101000001111100010000001110100100010001001 
280873000: system.memobj: fix data : 0100100010001001111110101000001111100010000001110100100010001001 
280873000: system.memobj: -------------------------------------
280922000: system.memobj: mem->cpu Got response for addr 0x29dc8 , 171464
280922000: system.memobj: size 0x8
280922000: system.memobj: id 94061725811856
280922000: system.memobj: data_hex : F8741FF7DA83C208 
280922000: system.memobj: data : 1111100001110100000111111111011111011010100000111100001000001000 
280922000: system.memobj: fix data : 1111100001110100000111111111011111011010100000111100001000001000 
280922000: system.memobj: -------------------------------------
280971000: system.memobj: mem->cpu Got response for addr 0x29dc8 , 171464
280971000: system.memobj: size 0x8
280971000: system.memobj: id 94061725811568
280971000: system.memobj: data_hex : F8741FF7DA83C208 
280971000: system.memobj: data : 1111100001110100000111111111011111011010100000111100001000001000 
280971000: system.memobj: fix data : 1111100001110100000111111111011111011010100000111100001000001000 
280971000: system.memobj: -------------------------------------
281020000: system.memobj: mem->cpu Got response for addr 0x29dc8 , 171464
281020000: system.memobj: size 0x8
281020000: system.memobj: id 94061725811856
281020000: system.memobj: data_hex : F8741FF7DA83C208 
281020000: system.memobj: data : 1111100001110100000111111111011111011010100000111100001000001000 
281020000: system.memobj: fix data : 1111100001110100000111111111011111011010100000111100001000001000 
281020000: system.memobj: -------------------------------------
281069000: system.memobj: mem->cpu Got response for addr 0x29dc8 , 171464
281069000: system.memobj: size 0x8
281069000: system.memobj: id 94061725811568
281069000: system.memobj: data_hex : F8741FF7DA83C208 
281069000: system.memobj: data : 1111100001110100000111111111011111011010100000111100001000001000 
281069000: system.memobj: fix data : 1111100001110100000111111111011111011010100000111100001000001000 
281069000: system.memobj: -------------------------------------
281118000: system.memobj: mem->cpu Got response for addr 0x29dd0 , 171472
281118000: system.memobj: size 0x8
281118000: system.memobj: id 94061725811856
281118000: system.memobj: data_hex : 8A084038CE0F8485 
281118000: system.memobj: data : 1000101000001000010000000011100011001110000011111000010010000101 
281118000: system.memobj: fix data : 1000101000001000010000000011100011001110000011111000010010000101 
281118000: system.memobj: -------------------------------------
281181000: system.memobj: mem->cpu Got response for addr 0x94f5c , 610140
281181000: system.memobj: size 0x1
281181000: system.memobj: id 94061725811568
281181000: system.memobj: data_hex : 6E 
281181000: system.memobj: data : 01101110 
281181000: system.memobj: fix data : 01101110 
281181000: system.memobj: -------------------------------------
281230000: system.memobj: mem->cpu Got response for addr 0x29dd0 , 171472
281230000: system.memobj: size 0x8
281230000: system.memobj: id 94061725811568
281230000: system.memobj: data_hex : 8A084038CE0F8485 
281230000: system.memobj: data : 1000101000001000010000000011100011001110000011111000010010000101 
281230000: system.memobj: fix data : 1000101000001000010000000011100011001110000011111000010010000101 
281230000: system.memobj: -------------------------------------
281279000: system.memobj: mem->cpu Got response for addr 0x29dd0 , 171472
281279000: system.memobj: size 0x8
281279000: system.memobj: id 94061725811856
281279000: system.memobj: data_hex : 8A084038CE0F8485 
281279000: system.memobj: data : 1000101000001000010000000011100011001110000011111000010010000101 
281279000: system.memobj: fix data : 1000101000001000010000000011100011001110000011111000010010000101 
281279000: system.memobj: -------------------------------------
281328000: system.memobj: mem->cpu Got response for addr 0x29dd8 , 171480
281328000: system.memobj: size 0x8
281328000: system.memobj: id 94061725811568
281328000: system.memobj: data_hex : 01000084C90F8415 
281328000: system.memobj: data : 0000000100000000000000001000010011001001000011111000010000010101 
281328000: system.memobj: fix data : 0000000100000000000000001000010011001001000011111000010000010101 
281328000: system.memobj: -------------------------------------
281377000: system.memobj: mem->cpu Got response for addr 0x29dd8 , 171480
281377000: system.memobj: size 0x8
281377000: system.memobj: id 94061725811856
281377000: system.memobj: data_hex : 01000084C90F8415 
281377000: system.memobj: data : 0000000100000000000000001000010011001001000011111000010000010101 
281377000: system.memobj: fix data : 0000000100000000000000001000010011001001000011111000010000010101 
281377000: system.memobj: -------------------------------------
281426000: system.memobj: mem->cpu Got response for addr 0x29dd8 , 171480
281426000: system.memobj: size 0x8
281426000: system.memobj: id 94061725811568
281426000: system.memobj: data_hex : 01000084C90F8415 
281426000: system.memobj: data : 0000000100000000000000001000010011001001000011111000010000010101 
281426000: system.memobj: fix data : 0000000100000000000000001000010011001001000011111000010000010101 
281426000: system.memobj: -------------------------------------
281475000: system.memobj: mem->cpu Got response for addr 0x29de0 , 171488
281475000: system.memobj: size 0x8
281475000: system.memobj: id 94061725811856
281475000: system.memobj: data_hex : 01000048FFC0FFCA 
281475000: system.memobj: data : 0000000100000000000000000100100011111111110000001111111111001010 
281475000: system.memobj: fix data : 0000000100000000000000000100100011111111110000001111111111001010 
281475000: system.memobj: -------------------------------------
281524000: system.memobj: mem->cpu Got response for addr 0x29de0 , 171488
281524000: system.memobj: size 0x8
281524000: system.memobj: id 94061725811568
281524000: system.memobj: data_hex : 01000048FFC0FFCA 
281524000: system.memobj: data : 0000000100000000000000000100100011111111110000001111111111001010 
281524000: system.memobj: fix data : 0000000100000000000000000100100011111111110000001111111111001010 
281524000: system.memobj: -------------------------------------
281573000: system.memobj: mem->cpu Got response for addr 0x29de0 , 171488
281573000: system.memobj: size 0x8
281573000: system.memobj: id 94061725811856
281573000: system.memobj: data_hex : 01000048FFC0FFCA 
281573000: system.memobj: data : 0000000100000000000000000100100011111111110000001111111111001010 
281573000: system.memobj: fix data : 0000000100000000000000000100100011111111110000001111111111001010 
281573000: system.memobj: -------------------------------------
281636000: system.memobj: mem->cpu Got response for addr 0x29de8 , 171496
281636000: system.memobj: size 0x8
281636000: system.memobj: id 94061725811568
281636000: system.memobj: data_hex : 75E649B901010101 
281636000: system.memobj: data : 0111010111100110010010011011100100000001000000010000000100000001 
281636000: system.memobj: fix data : 0111010111100110010010011011100100000001000000010000000100000001 
281636000: system.memobj: -------------------------------------
281685000: system.memobj: mem->cpu Got response for addr 0x29dd0 , 171472
281685000: system.memobj: size 0x8
281685000: system.memobj: id 94061725811856
281685000: system.memobj: data_hex : 8A084038CE0F8485 
281685000: system.memobj: data : 1000101000001000010000000011100011001110000011111000010010000101 
281685000: system.memobj: fix data : 1000101000001000010000000011100011001110000011111000010010000101 
281685000: system.memobj: -------------------------------------
281734000: system.memobj: mem->cpu Got response for addr 0x94f5d , 610141
281734000: system.memobj: size 0x1
281734000: system.memobj: id 94061725811568
281734000: system.memobj: data_hex : 63 
281734000: system.memobj: data : 01100011 
281734000: system.memobj: fix data : 01100011 
281734000: system.memobj: -------------------------------------
281783000: system.memobj: mem->cpu Got response for addr 0x29dd0 , 171472
281783000: system.memobj: size 0x8
281783000: system.memobj: id 94061725811568
281783000: system.memobj: data_hex : 8A084038CE0F8485 
281783000: system.memobj: data : 1000101000001000010000000011100011001110000011111000010010000101 
281783000: system.memobj: fix data : 1000101000001000010000000011100011001110000011111000010010000101 
281783000: system.memobj: -------------------------------------
281832000: system.memobj: mem->cpu Got response for addr 0x29dd0 , 171472
281832000: system.memobj: size 0x8
281832000: system.memobj: id 94061725811856
281832000: system.memobj: data_hex : 8A084038CE0F8485 
281832000: system.memobj: data : 1000101000001000010000000011100011001110000011111000010010000101 
281832000: system.memobj: fix data : 1000101000001000010000000011100011001110000011111000010010000101 
281832000: system.memobj: -------------------------------------
281881000: system.memobj: mem->cpu Got response for addr 0x29dd8 , 171480
281881000: system.memobj: size 0x8
281881000: system.memobj: id 94061725811568
281881000: system.memobj: data_hex : 01000084C90F8415 
281881000: system.memobj: data : 0000000100000000000000001000010011001001000011111000010000010101 
281881000: system.memobj: fix data : 0000000100000000000000001000010011001001000011111000010000010101 
281881000: system.memobj: -------------------------------------
281930000: system.memobj: mem->cpu Got response for addr 0x29dd8 , 171480
281930000: system.memobj: size 0x8
281930000: system.memobj: id 94061725811856
281930000: system.memobj: data_hex : 01000084C90F8415 
281930000: system.memobj: data : 0000000100000000000000001000010011001001000011111000010000010101 
281930000: system.memobj: fix data : 0000000100000000000000001000010011001001000011111000010000010101 
281930000: system.memobj: -------------------------------------
281979000: system.memobj: mem->cpu Got response for addr 0x29dd8 , 171480
281979000: system.memobj: size 0x8
281979000: system.memobj: id 94061725811568
281979000: system.memobj: data_hex : 01000084C90F8415 
281979000: system.memobj: data : 0000000100000000000000001000010011001001000011111000010000010101 
281979000: system.memobj: fix data : 0000000100000000000000001000010011001001000011111000010000010101 
281979000: system.memobj: -------------------------------------
282028000: system.memobj: mem->cpu Got response for addr 0x29de0 , 171488
282028000: system.memobj: size 0x8
282028000: system.memobj: id 94061725811856
282028000: system.memobj: data_hex : 01000048FFC0FFCA 
282028000: system.memobj: data : 0000000100000000000000000100100011111111110000001111111111001010 
282028000: system.memobj: fix data : 0000000100000000000000000100100011111111110000001111111111001010 
282028000: system.memobj: -------------------------------------
282077000: system.memobj: mem->cpu Got response for addr 0x29de0 , 171488
282077000: system.memobj: size 0x8
282077000: system.memobj: id 94061725811568
282077000: system.memobj: data_hex : 01000048FFC0FFCA 
282077000: system.memobj: data : 0000000100000000000000000100100011111111110000001111111111001010 
282077000: system.memobj: fix data : 0000000100000000000000000100100011111111110000001111111111001010 
282077000: system.memobj: -------------------------------------
282126000: system.memobj: mem->cpu Got response for addr 0x29de0 , 171488
282126000: system.memobj: size 0x8
282126000: system.memobj: id 94061725811856
282126000: system.memobj: data_hex : 01000048FFC0FFCA 
282126000: system.memobj: data : 0000000100000000000000000100100011111111110000001111111111001010 
282126000: system.memobj: fix data : 0000000100000000000000000100100011111111110000001111111111001010 
282126000: system.memobj: -------------------------------------
282175000: system.memobj: mem->cpu Got response for addr 0x29de8 , 171496
282175000: system.memobj: size 0x8
282175000: system.memobj: id 94061725811568
282175000: system.memobj: data_hex : 75E649B901010101 
282175000: system.memobj: data : 0111010111100110010010011011100100000001000000010000000100000001 
282175000: system.memobj: fix data : 0111010111100110010010011011100100000001000000010000000100000001 
282175000: system.memobj: -------------------------------------
282224000: system.memobj: mem->cpu Got response for addr 0x29dd0 , 171472
282224000: system.memobj: size 0x8
282224000: system.memobj: id 94061725811856
282224000: system.memobj: data_hex : 8A084038CE0F8485 
282224000: system.memobj: data : 1000101000001000010000000011100011001110000011111000010010000101 
282224000: system.memobj: fix data : 1000101000001000010000000011100011001110000011111000010010000101 
282224000: system.memobj: -------------------------------------
282273000: system.memobj: mem->cpu Got response for addr 0x94f5e , 610142
282273000: system.memobj: size 0x1
282273000: system.memobj: id 94061725811568
282273000: system.memobj: data_hex : 75 
282273000: system.memobj: data : 01110101 
282273000: system.memobj: fix data : 01110101 
282273000: system.memobj: -------------------------------------
282322000: system.memobj: mem->cpu Got response for addr 0x29dd0 , 171472
282322000: system.memobj: size 0x8
282322000: system.memobj: id 94061725811568
282322000: system.memobj: data_hex : 8A084038CE0F8485 
282322000: system.memobj: data : 1000101000001000010000000011100011001110000011111000010010000101 
282322000: system.memobj: fix data : 1000101000001000010000000011100011001110000011111000010010000101 
282322000: system.memobj: -------------------------------------
282371000: system.memobj: mem->cpu Got response for addr 0x29dd0 , 171472
282371000: system.memobj: size 0x8
282371000: system.memobj: id 94061725811856
282371000: system.memobj: data_hex : 8A084038CE0F8485 
282371000: system.memobj: data : 1000101000001000010000000011100011001110000011111000010010000101 
282371000: system.memobj: fix data : 1000101000001000010000000011100011001110000011111000010010000101 
282371000: system.memobj: -------------------------------------
282420000: system.memobj: mem->cpu Got response for addr 0x29dd8 , 171480
282420000: system.memobj: size 0x8
282420000: system.memobj: id 94061725811568
282420000: system.memobj: data_hex : 01000084C90F8415 
282420000: system.memobj: data : 0000000100000000000000001000010011001001000011111000010000010101 
282420000: system.memobj: fix data : 0000000100000000000000001000010011001001000011111000010000010101 
282420000: system.memobj: -------------------------------------
282469000: system.memobj: mem->cpu Got response for addr 0x29dd8 , 171480
282469000: system.memobj: size 0x8
282469000: system.memobj: id 94061725811856
282469000: system.memobj: data_hex : 01000084C90F8415 
282469000: system.memobj: data : 0000000100000000000000001000010011001001000011111000010000010101 
282469000: system.memobj: fix data : 0000000100000000000000001000010011001001000011111000010000010101 
282469000: system.memobj: -------------------------------------
282532000: system.memobj: mem->cpu Got response for addr 0x29dd8 , 171480
282532000: system.memobj: size 0x8
282532000: system.memobj: id 94061725811568
282532000: system.memobj: data_hex : 01000084C90F8415 
282532000: system.memobj: data : 0000000100000000000000001000010011001001000011111000010000010101 
282532000: system.memobj: fix data : 0000000100000000000000001000010011001001000011111000010000010101 
282532000: system.memobj: -------------------------------------
282581000: system.memobj: mem->cpu Got response for addr 0x29de0 , 171488
282581000: system.memobj: size 0x8
282581000: system.memobj: id 94061725811856
282581000: system.memobj: data_hex : 01000048FFC0FFCA 
282581000: system.memobj: data : 0000000100000000000000000100100011111111110000001111111111001010 
282581000: system.memobj: fix data : 0000000100000000000000000100100011111111110000001111111111001010 
282581000: system.memobj: -------------------------------------
282630000: system.memobj: mem->cpu Got response for addr 0x29de0 , 171488
282630000: system.memobj: size 0x8
282630000: system.memobj: id 94061725811568
282630000: system.memobj: data_hex : 01000048FFC0FFCA 
282630000: system.memobj: data : 0000000100000000000000000100100011111111110000001111111111001010 
282630000: system.memobj: fix data : 0000000100000000000000000100100011111111110000001111111111001010 
282630000: system.memobj: -------------------------------------
282679000: system.memobj: mem->cpu Got response for addr 0x29de0 , 171488
282679000: system.memobj: size 0x8
282679000: system.memobj: id 94061725811856
282679000: system.memobj: data_hex : 01000048FFC0FFCA 
282679000: system.memobj: data : 0000000100000000000000000100100011111111110000001111111111001010 
282679000: system.memobj: fix data : 0000000100000000000000000100100011111111110000001111111111001010 
282679000: system.memobj: -------------------------------------
282728000: system.memobj: mem->cpu Got response for addr 0x29de8 , 171496
282728000: system.memobj: size 0x8
282728000: system.memobj: id 94061725811568
282728000: system.memobj: data_hex : 75E649B901010101 
282728000: system.memobj: data : 0111010111100110010010011011100100000001000000010000000100000001 
282728000: system.memobj: fix data : 0111010111100110010010011011100100000001000000010000000100000001 
282728000: system.memobj: -------------------------------------
282777000: system.memobj: mem->cpu Got response for addr 0x29dd0 , 171472
282777000: system.memobj: size 0x8
282777000: system.memobj: id 94061725811856
282777000: system.memobj: data_hex : 8A084038CE0F8485 
282777000: system.memobj: data : 1000101000001000010000000011100011001110000011111000010010000101 
282777000: system.memobj: fix data : 1000101000001000010000000011100011001110000011111000010010000101 
282777000: system.memobj: -------------------------------------
282826000: system.memobj: mem->cpu Got response for addr 0x94f5f , 610143
282826000: system.memobj: size 0x1
282826000: system.memobj: id 94061725811568
282826000: system.memobj: data_hex : 5F 
282826000: system.memobj: data : 01011111 
282826000: system.memobj: fix data : 01011111 
282826000: system.memobj: -------------------------------------
282875000: system.memobj: mem->cpu Got response for addr 0x29dd0 , 171472
282875000: system.memobj: size 0x8
282875000: system.memobj: id 94061725811568
282875000: system.memobj: data_hex : 8A084038CE0F8485 
282875000: system.memobj: data : 1000101000001000010000000011100011001110000011111000010010000101 
282875000: system.memobj: fix data : 1000101000001000010000000011100011001110000011111000010010000101 
282875000: system.memobj: -------------------------------------
282924000: system.memobj: mem->cpu Got response for addr 0x29dd0 , 171472
282924000: system.memobj: size 0x8
282924000: system.memobj: id 94061725811856
282924000: system.memobj: data_hex : 8A084038CE0F8485 
282924000: system.memobj: data : 1000101000001000010000000011100011001110000011111000010010000101 
282924000: system.memobj: fix data : 1000101000001000010000000011100011001110000011111000010010000101 
282924000: system.memobj: -------------------------------------
282973000: system.memobj: mem->cpu Got response for addr 0x29dd8 , 171480
282973000: system.memobj: size 0x8
282973000: system.memobj: id 94061725811568
282973000: system.memobj: data_hex : 01000084C90F8415 
282973000: system.memobj: data : 0000000100000000000000001000010011001001000011111000010000010101 
282973000: system.memobj: fix data : 0000000100000000000000001000010011001001000011111000010000010101 
282973000: system.memobj: -------------------------------------
283022000: system.memobj: mem->cpu Got response for addr 0x29dd8 , 171480
283022000: system.memobj: size 0x8
283022000: system.memobj: id 94061725811856
283022000: system.memobj: data_hex : 01000084C90F8415 
283022000: system.memobj: data : 0000000100000000000000001000010011001001000011111000010000010101 
283022000: system.memobj: fix data : 0000000100000000000000001000010011001001000011111000010000010101 
283022000: system.memobj: -------------------------------------
283071000: system.memobj: mem->cpu Got response for addr 0x29dd8 , 171480
283071000: system.memobj: size 0x8
283071000: system.memobj: id 94061725811568
283071000: system.memobj: data_hex : 01000084C90F8415 
283071000: system.memobj: data : 0000000100000000000000001000010011001001000011111000010000010101 
283071000: system.memobj: fix data : 0000000100000000000000001000010011001001000011111000010000010101 
283071000: system.memobj: -------------------------------------
283120000: system.memobj: mem->cpu Got response for addr 0x29de0 , 171488
283120000: system.memobj: size 0x8
283120000: system.memobj: id 94061725811856
283120000: system.memobj: data_hex : 01000048FFC0FFCA 
283120000: system.memobj: data : 0000000100000000000000000100100011111111110000001111111111001010 
283120000: system.memobj: fix data : 0000000100000000000000000100100011111111110000001111111111001010 
283120000: system.memobj: -------------------------------------
283169000: system.memobj: mem->cpu Got response for addr 0x29de0 , 171488
283169000: system.memobj: size 0x8
283169000: system.memobj: id 94061725811568
283169000: system.memobj: data_hex : 01000048FFC0FFCA 
283169000: system.memobj: data : 0000000100000000000000000100100011111111110000001111111111001010 
283169000: system.memobj: fix data : 0000000100000000000000000100100011111111110000001111111111001010 
283169000: system.memobj: -------------------------------------
283218000: system.memobj: mem->cpu Got response for addr 0x29de0 , 171488
283218000: system.memobj: size 0x8
283218000: system.memobj: id 94061725811856
283218000: system.memobj: data_hex : 01000048FFC0FFCA 
283218000: system.memobj: data : 0000000100000000000000000100100011111111110000001111111111001010 
283218000: system.memobj: fix data : 0000000100000000000000000100100011111111110000001111111111001010 
283218000: system.memobj: -------------------------------------
283267000: system.memobj: mem->cpu Got response for addr 0x29de8 , 171496
283267000: system.memobj: size 0x8
283267000: system.memobj: id 94061725811568
283267000: system.memobj: data_hex : 75E649B901010101 
283267000: system.memobj: data : 0111010111100110010010011011100100000001000000010000000100000001 
283267000: system.memobj: fix data : 0111010111100110010010011011100100000001000000010000000100000001 
283267000: system.memobj: -------------------------------------
283316000: system.memobj: mem->cpu Got response for addr 0x29de8 , 171496
283316000: system.memobj: size 0x8
283316000: system.memobj: id 94061725811856
283316000: system.memobj: data_hex : 75E649B901010101 
283316000: system.memobj: data : 0111010111100110010010011011100100000001000000010000000100000001 
283316000: system.memobj: fix data : 0111010111100110010010011011100100000001000000010000000100000001 
283316000: system.memobj: -------------------------------------
283379000: system.memobj: mem->cpu Got response for addr 0x29df0 , 171504
283379000: system.memobj: size 0x8
283379000: system.memobj: id 94061725811568
283379000: system.memobj: data_hex : 01010101400FB6D6 
283379000: system.memobj: data : 0000000100000001000000010000000101000000000011111011011011010110 
283379000: system.memobj: fix data : 0000000100000001000000010000000101000000000011111011011011010110 
283379000: system.memobj: -------------------------------------
283428000: system.memobj: mem->cpu Got response for addr 0x29df0 , 171504
283428000: system.memobj: size 0x8
283428000: system.memobj: id 94061725811856
283428000: system.memobj: data_hex : 01010101400FB6D6 
283428000: system.memobj: data : 0000000100000001000000010000000101000000000011111011011011010110 
283428000: system.memobj: fix data : 0000000100000001000000010000000101000000000011111011011011010110 
283428000: system.memobj: -------------------------------------
283477000: system.memobj: mem->cpu Got response for addr 0x29df8 , 171512
283477000: system.memobj: size 0x8
283477000: system.memobj: id 94061725811568
283477000: system.memobj: data_hex : 4C0FAFCA49B8FFFE 
283477000: system.memobj: data : 0100110000001111101011111100101001001001101110001111111111111110 
283477000: system.memobj: fix data : 0100110000001111101011111100101001001001101110001111111111111110 
283477000: system.memobj: -------------------------------------
283526000: system.memobj: mem->cpu Got response for addr 0x29df8 , 171512
283526000: system.memobj: size 0x8
283526000: system.memobj: id 94061725811856
283526000: system.memobj: data_hex : 4C0FAFCA49B8FFFE 
283526000: system.memobj: data : 0100110000001111101011111100101001001001101110001111111111111110 
283526000: system.memobj: fix data : 0100110000001111101011111100101001001001101110001111111111111110 
283526000: system.memobj: -------------------------------------
283575000: system.memobj: mem->cpu Got response for addr 0x29e00 , 171520
283575000: system.memobj: size 0x8
283575000: system.memobj: id 94061725811568
283575000: system.memobj: data_hex : FEFEFEFEFEFE6666 
283575000: system.memobj: data : 1111111011111110111111101111111011111110111111100110011001100110 
283575000: system.memobj: fix data : 1111111011111110111111101111111011111110111111100110011001100110 
283575000: system.memobj: -------------------------------------
283624000: system.memobj: mem->cpu Got response for addr 0x29e00 , 171520
283624000: system.memobj: size 0x8
283624000: system.memobj: id 94061725811856
283624000: system.memobj: data_hex : FEFEFEFEFEFE6666 
283624000: system.memobj: data : 1111111011111110111111101111111011111110111111100110011001100110 
283624000: system.memobj: fix data : 1111111011111110111111101111111011111110111111100110011001100110 
283624000: system.memobj: -------------------------------------
283673000: system.memobj: mem->cpu Got response for addr 0x29e08 , 171528
283673000: system.memobj: size 0x8
283673000: system.memobj: id 94061725811568
283673000: system.memobj: data_hex : 6690666690666690 
283673000: system.memobj: data : 0110011010010000011001100110011010010000011001100110011010010000 
283673000: system.memobj: fix data : 0110011010010000011001100110011010010000011001100110011010010000 
283673000: system.memobj: -------------------------------------
283722000: system.memobj: mem->cpu Got response for addr 0x29e08 , 171528
283722000: system.memobj: size 0x8
283722000: system.memobj: id 94061725811856
283722000: system.memobj: data_hex : 6690666690666690 
283722000: system.memobj: data : 0110011010010000011001100110011010010000011001100110011010010000 
283722000: system.memobj: fix data : 0110011010010000011001100110011010010000011001100110011010010000 
283722000: system.memobj: -------------------------------------
283771000: system.memobj: mem->cpu Got response for addr 0x29e08 , 171528
283771000: system.memobj: size 0x8
283771000: system.memobj: id 94061725811568
283771000: system.memobj: data_hex : 6690666690666690 
283771000: system.memobj: data : 0110011010010000011001100110011010010000011001100110011010010000 
283771000: system.memobj: fix data : 0110011010010000011001100110011010010000011001100110011010010000 
283771000: system.memobj: -------------------------------------
283820000: system.memobj: mem->cpu Got response for addr 0x29e10 , 171536
283820000: system.memobj: size 0x8
283820000: system.memobj: id 94061725811856
283820000: system.memobj: data_hex : 488B084883C0084C 
283820000: system.memobj: data : 0100100010001011000010000100100010000011110000000000100001001100 
283820000: system.memobj: fix data : 0100100010001011000010000100100010000011110000000000100001001100 
283820000: system.memobj: -------------------------------------
283869000: system.memobj: mem->cpu Got response for addr 0x94f60 , 610144
283869000: system.memobj: size 0x8
283869000: system.memobj: id 94061725811568
283869000: system.memobj: data_hex : 6C6162315F636F6E 
283869000: system.memobj: data : 0110110001100001011000100011000101011111011000110110111101101110 
283869000: system.memobj: fix data : 0110110001100001011000100011000101011111011000110110111101101110 
283869000: system.memobj: -------------------------------------
283918000: system.memobj: mem->cpu Got response for addr 0x29e10 , 171536
283918000: system.memobj: size 0x8
283918000: system.memobj: id 94061725811568
283918000: system.memobj: data_hex : 488B084883C0084C 
283918000: system.memobj: data : 0100100010001011000010000100100010000011110000000000100001001100 
283918000: system.memobj: fix data : 0100100010001011000010000100100010000011110000000000100001001100 
283918000: system.memobj: -------------------------------------
283967000: system.memobj: mem->cpu Got response for addr 0x29e10 , 171536
283967000: system.memobj: size 0x8
283967000: system.memobj: id 94061725811856
283967000: system.memobj: data_hex : 488B084883C0084C 
283967000: system.memobj: data : 0100100010001011000010000100100010000011110000000000100001001100 
283967000: system.memobj: fix data : 0100100010001011000010000100100010000011110000000000100001001100 
283967000: system.memobj: -------------------------------------
284016000: system.memobj: mem->cpu Got response for addr 0x29e18 , 171544
284016000: system.memobj: size 0x8
284016000: system.memobj: id 94061725811568
284016000: system.memobj: data_hex : 89C24C31C94801CA 
284016000: system.memobj: data : 1000100111000010010011000011000111001001010010000000000111001010 
284016000: system.memobj: fix data : 1000100111000010010011000011000111001001010010000000000111001010 
284016000: system.memobj: -------------------------------------
284065000: system.memobj: mem->cpu Got response for addr 0x29e18 , 171544
284065000: system.memobj: size 0x8
284065000: system.memobj: id 94061725811856
284065000: system.memobj: data_hex : 89C24C31C94801CA 
284065000: system.memobj: data : 1000100111000010010011000011000111001001010010000000000111001010 
284065000: system.memobj: fix data : 1000100111000010010011000011000111001001010010000000000111001010 
284065000: system.memobj: -------------------------------------
284114000: system.memobj: mem->cpu Got response for addr 0x29e18 , 171544
284114000: system.memobj: size 0x8
284114000: system.memobj: id 94061725811568
284114000: system.memobj: data_hex : 89C24C31C94801CA 
284114000: system.memobj: data : 1000100111000010010011000011000111001001010010000000000111001010 
284114000: system.memobj: fix data : 1000100111000010010011000011000111001001010010000000000111001010 
284114000: system.memobj: -------------------------------------
284163000: system.memobj: mem->cpu Got response for addr 0x29e20 , 171552
284163000: system.memobj: size 0x8
284163000: system.memobj: id 94061725811856
284163000: system.memobj: data_hex : 0F83DA0000004831 
284163000: system.memobj: data : 0000111110000011110110100000000000000000000000000100100000110001 
284163000: system.memobj: fix data : 0000111110000011110110100000000000000000000000000100100000110001 
284163000: system.memobj: -------------------------------------
284226000: system.memobj: mem->cpu Got response for addr 0x29e20 , 171552
284226000: system.memobj: size 0x8
284226000: system.memobj: id 94061725811568
284226000: system.memobj: data_hex : 0F83DA0000004831 
284226000: system.memobj: data : 0000111110000011110110100000000000000000000000000100100000110001 
284226000: system.memobj: fix data : 0000111110000011110110100000000000000000000000000100100000110001 
284226000: system.memobj: -------------------------------------
284275000: system.memobj: mem->cpu Got response for addr 0x29e28 , 171560
284275000: system.memobj: size 0x8
284275000: system.memobj: id 94061725811856
284275000: system.memobj: data_hex : CA4C09C248FFC20F 
284275000: system.memobj: data : 1100101001001100000010011100001001001000111111111100001000001111 
284275000: system.memobj: fix data : 1100101001001100000010011100001001001000111111111100001000001111 
284275000: system.memobj: -------------------------------------
284324000: system.memobj: mem->cpu Got response for addr 0x29e28 , 171560
284324000: system.memobj: size 0x8
284324000: system.memobj: id 94061725811568
284324000: system.memobj: data_hex : CA4C09C248FFC20F 
284324000: system.memobj: data : 1100101001001100000010011100001001001000111111111100001000001111 
284324000: system.memobj: fix data : 1100101001001100000010011100001001001000111111111100001000001111 
284324000: system.memobj: -------------------------------------
284373000: system.memobj: mem->cpu Got response for addr 0x29e28 , 171560
284373000: system.memobj: size 0x8
284373000: system.memobj: id 94061725811856
284373000: system.memobj: data_hex : CA4C09C248FFC20F 
284373000: system.memobj: data : 1100101001001100000010011100001001001000111111111100001000001111 
284373000: system.memobj: fix data : 1100101001001100000010011100001001001000111111111100001000001111 
284373000: system.memobj: -------------------------------------
284422000: system.memobj: mem->cpu Got response for addr 0x29e28 , 171560
284422000: system.memobj: size 0x8
284422000: system.memobj: id 94061725811568
284422000: system.memobj: data_hex : CA4C09C248FFC20F 
284422000: system.memobj: data : 1100101001001100000010011100001001001000111111111100001000001111 
284422000: system.memobj: fix data : 1100101001001100000010011100001001001000111111111100001000001111 
284422000: system.memobj: -------------------------------------
284471000: system.memobj: mem->cpu Got response for addr 0x29e30 , 171568
284471000: system.memobj: size 0x8
284471000: system.memobj: id 94061725811856
284471000: system.memobj: data_hex : 85CB0000004C31C9 
284471000: system.memobj: data : 1000010111001011000000000000000000000000010011000011000111001001 
284471000: system.memobj: fix data : 1000010111001011000000000000000000000000010011000011000111001001 
284471000: system.memobj: -------------------------------------
284520000: system.memobj: mem->cpu Got response for addr 0x29e30 , 171568
284520000: system.memobj: size 0x8
284520000: system.memobj: id 94061725811568
284520000: system.memobj: data_hex : 85CB0000004C31C9 
284520000: system.memobj: data : 1000010111001011000000000000000000000000010011000011000111001001 
284520000: system.memobj: fix data : 1000010111001011000000000000000000000000010011000011000111001001 
284520000: system.memobj: -------------------------------------
284569000: system.memobj: mem->cpu Got response for addr 0x29e38 , 171576
284569000: system.memobj: size 0x8
284569000: system.memobj: id 94061725811856
284569000: system.memobj: data_hex : 4C89C24801CA0F83 
284569000: system.memobj: data : 0100110010001001110000100100100000000001110010100000111110000011 
284569000: system.memobj: fix data : 0100110010001001110000100100100000000001110010100000111110000011 
284569000: system.memobj: -------------------------------------
284618000: system.memobj: mem->cpu Got response for addr 0x29e38 , 171576
284618000: system.memobj: size 0x8
284618000: system.memobj: id 94061725811568
284618000: system.memobj: data_hex : 4C89C24801CA0F83 
284618000: system.memobj: data : 0100110010001001110000100100100000000001110010100000111110000011 
284618000: system.memobj: fix data : 0100110010001001110000100100100000000001110010100000111110000011 
284618000: system.memobj: -------------------------------------
284667000: system.memobj: mem->cpu Got response for addr 0x29e38 , 171576
284667000: system.memobj: size 0x8
284667000: system.memobj: id 94061725811856
284667000: system.memobj: data_hex : 4C89C24801CA0F83 
284667000: system.memobj: data : 0100110010001001110000100100100000000001110010100000111110000011 
284667000: system.memobj: fix data : 0100110010001001110000100100100000000001110010100000111110000011 
284667000: system.memobj: -------------------------------------
284716000: system.memobj: mem->cpu Got response for addr 0x29e40 , 171584
284716000: system.memobj: size 0x8
284716000: system.memobj: id 94061725811568
284716000: system.memobj: data_hex : B40000004831CA4C 
284716000: system.memobj: data : 1011010000000000000000000000000001001000001100011100101001001100 
284716000: system.memobj: fix data : 1011010000000000000000000000000001001000001100011100101001001100 
284716000: system.memobj: -------------------------------------
284765000: system.memobj: mem->cpu Got response for addr 0x29e40 , 171584
284765000: system.memobj: size 0x8
284765000: system.memobj: id 94061725811856
284765000: system.memobj: data_hex : B40000004831CA4C 
284765000: system.memobj: data : 1011010000000000000000000000000001001000001100011100101001001100 
284765000: system.memobj: fix data : 1011010000000000000000000000000001001000001100011100101001001100 
284765000: system.memobj: -------------------------------------
284814000: system.memobj: mem->cpu Got response for addr 0x29e40 , 171584
284814000: system.memobj: size 0x8
284814000: system.memobj: id 94061725811568
284814000: system.memobj: data_hex : B40000004831CA4C 
284814000: system.memobj: data : 1011010000000000000000000000000001001000001100011100101001001100 
284814000: system.memobj: fix data : 1011010000000000000000000000000001001000001100011100101001001100 
284814000: system.memobj: -------------------------------------
284863000: system.memobj: mem->cpu Got response for addr 0x29e48 , 171592
284863000: system.memobj: size 0x8
284863000: system.memobj: id 94061725811856
284863000: system.memobj: data_hex : 09C248FFC20F85A5 
284863000: system.memobj: data : 0000100111000010010010001111111111000010000011111000010110100101 
284863000: system.memobj: fix data : 0000100111000010010010001111111111000010000011111000010110100101 
284863000: system.memobj: -------------------------------------
284912000: system.memobj: mem->cpu Got response for addr 0x29e48 , 171592
284912000: system.memobj: size 0x8
284912000: system.memobj: id 94061725811568
284912000: system.memobj: data_hex : 09C248FFC20F85A5 
284912000: system.memobj: data : 0000100111000010010010001111111111000010000011111000010110100101 
284912000: system.memobj: fix data : 0000100111000010010010001111111111000010000011111000010110100101 
284912000: system.memobj: -------------------------------------
284961000: system.memobj: mem->cpu Got response for addr 0x29e48 , 171592
284961000: system.memobj: size 0x8
284961000: system.memobj: id 94061725811856
284961000: system.memobj: data_hex : 09C248FFC20F85A5 
284961000: system.memobj: data : 0000100111000010010010001111111111000010000011111000010110100101 
284961000: system.memobj: fix data : 0000100111000010010010001111111111000010000011111000010110100101 
284961000: system.memobj: -------------------------------------
285024000: system.memobj: mem->cpu Got response for addr 0x29e50 , 171600
285024000: system.memobj: size 0x8
285024000: system.memobj: id 94061725811568
285024000: system.memobj: data_hex : 000000488B084883 
285024000: system.memobj: data : 0000000000000000000000000100100010001011000010000100100010000011 
285024000: system.memobj: fix data : 0000000000000000000000000100100010001011000010000100100010000011 
285024000: system.memobj: -------------------------------------
285073000: system.memobj: mem->cpu Got response for addr 0x29e50 , 171600
285073000: system.memobj: size 0x8
285073000: system.memobj: id 94061725811856
285073000: system.memobj: data_hex : 000000488B084883 
285073000: system.memobj: data : 0000000000000000000000000100100010001011000010000100100010000011 
285073000: system.memobj: fix data : 0000000000000000000000000100100010001011000010000100100010000011 
285073000: system.memobj: -------------------------------------
285122000: system.memobj: mem->cpu Got response for addr 0x94f68 , 610152
285122000: system.memobj: size 0x8
285122000: system.memobj: id 94061725811568
285122000: system.memobj: data_hex : 6669672F2E2E2F2E 
285122000: system.memobj: data : 0110011001101001011001110010111100101110001011100010111100101110 
285122000: system.memobj: fix data : 0110011001101001011001110010111100101110001011100010111100101110 
285122000: system.memobj: -------------------------------------
285171000: system.memobj: mem->cpu Got response for addr 0x29e50 , 171600
285171000: system.memobj: size 0x8
285171000: system.memobj: id 94061725811568
285171000: system.memobj: data_hex : 000000488B084883 
285171000: system.memobj: data : 0000000000000000000000000100100010001011000010000100100010000011 
285171000: system.memobj: fix data : 0000000000000000000000000100100010001011000010000100100010000011 
285171000: system.memobj: -------------------------------------
285220000: system.memobj: mem->cpu Got response for addr 0x29e58 , 171608
285220000: system.memobj: size 0x8
285220000: system.memobj: id 94061725811856
285220000: system.memobj: data_hex : C0084C89C24C31C9 
285220000: system.memobj: data : 1100000000001000010011001000100111000010010011000011000111001001 
285220000: system.memobj: fix data : 1100000000001000010011001000100111000010010011000011000111001001 
285220000: system.memobj: -------------------------------------
285269000: system.memobj: mem->cpu Got response for addr 0x29e58 , 171608
285269000: system.memobj: size 0x8
285269000: system.memobj: id 94061725811568
285269000: system.memobj: data_hex : C0084C89C24C31C9 
285269000: system.memobj: data : 1100000000001000010011001000100111000010010011000011000111001001 
285269000: system.memobj: fix data : 1100000000001000010011001000100111000010010011000011000111001001 
285269000: system.memobj: -------------------------------------
285318000: system.memobj: mem->cpu Got response for addr 0x29e58 , 171608
285318000: system.memobj: size 0x8
285318000: system.memobj: id 94061725811856
285318000: system.memobj: data_hex : C0084C89C24C31C9 
285318000: system.memobj: data : 1100000000001000010011001000100111000010010011000011000111001001 
285318000: system.memobj: fix data : 1100000000001000010011001000100111000010010011000011000111001001 
285318000: system.memobj: -------------------------------------
285367000: system.memobj: mem->cpu Got response for addr 0x29e60 , 171616
285367000: system.memobj: size 0x8
285367000: system.memobj: id 94061725811568
285367000: system.memobj: data_hex : 4801CA0F83970000 
285367000: system.memobj: data : 0100100000000001110010100000111110000011100101110000000000000000 
285367000: system.memobj: fix data : 0100100000000001110010100000111110000011100101110000000000000000 
285367000: system.memobj: -------------------------------------
285416000: system.memobj: mem->cpu Got response for addr 0x29e60 , 171616
285416000: system.memobj: size 0x8
285416000: system.memobj: id 94061725811856
285416000: system.memobj: data_hex : 4801CA0F83970000 
285416000: system.memobj: data : 0100100000000001110010100000111110000011100101110000000000000000 
285416000: system.memobj: fix data : 0100100000000001110010100000111110000011100101110000000000000000 
285416000: system.memobj: -------------------------------------
285465000: system.memobj: mem->cpu Got response for addr 0x29e68 , 171624
285465000: system.memobj: size 0x8
285465000: system.memobj: id 94061725811568
285465000: system.memobj: data_hex : 004831CA4C09C248 
285465000: system.memobj: data : 0000000001001000001100011100101001001100000010011100001001001000 
285465000: system.memobj: fix data : 0000000001001000001100011100101001001100000010011100001001001000 
285465000: system.memobj: -------------------------------------
285514000: system.memobj: mem->cpu Got response for addr 0x29f00 , 171776
285514000: system.memobj: size 0x8
285514000: system.memobj: id 94061725811856
285514000: system.memobj: data_hex : 4C89CA4883E80884 
285514000: system.memobj: data : 0100110010001001110010100100100010000011111010000000100010000100 
285514000: system.memobj: fix data : 0100110010001001110010100100100010000011111010000000100010000100 
285514000: system.memobj: -------------------------------------
285563000: system.memobj: mem->cpu Got response for addr 0x29f00 , 171776
285563000: system.memobj: size 0x8
285563000: system.memobj: id 94061725811568
285563000: system.memobj: data_hex : 4C89CA4883E80884 
285563000: system.memobj: data : 0100110010001001110010100100100010000011111010000000100010000100 
285563000: system.memobj: fix data : 0100110010001001110010100100100010000011111010000000100010000100 
285563000: system.memobj: -------------------------------------
285612000: system.memobj: mem->cpu Got response for addr 0x29f00 , 171776
285612000: system.memobj: size 0x8
285612000: system.memobj: id 94061725811856
285612000: system.memobj: data_hex : 4C89CA4883E80884 
285612000: system.memobj: data : 0100110010001001110010100100100010000011111010000000100010000100 
285612000: system.memobj: fix data : 0100110010001001110010100100100010000011111010000000100010000100 
285612000: system.memobj: -------------------------------------
285661000: system.memobj: mem->cpu Got response for addr 0x29f08 , 171784
285661000: system.memobj: size 0x8
285661000: system.memobj: id 94061725811568
285661000: system.memobj: data_hex : C9745538D174E948 
285661000: system.memobj: data : 1100100101110100010101010011100011010001011101001110100101001000 
285661000: system.memobj: fix data : 1100100101110100010101010011100011010001011101001110100101001000 
285661000: system.memobj: -------------------------------------
285710000: system.memobj: mem->cpu Got response for addr 0x29f08 , 171784
285710000: system.memobj: size 0x8
285710000: system.memobj: id 94061725811856
285710000: system.memobj: data_hex : C9745538D174E948 
285710000: system.memobj: data : 1100100101110100010101010011100011010001011101001110100101001000 
285710000: system.memobj: fix data : 1100100101110100010101010011100011010001011101001110100101001000 
285710000: system.memobj: -------------------------------------
285759000: system.memobj: mem->cpu Got response for addr 0x29f08 , 171784
285759000: system.memobj: size 0x8
285759000: system.memobj: id 94061725811568
285759000: system.memobj: data_hex : C9745538D174E948 
285759000: system.memobj: data : 1100100101110100010101010011100011010001011101001110100101001000 
285759000: system.memobj: fix data : 1100100101110100010101010011100011010001011101001110100101001000 
285759000: system.memobj: -------------------------------------
285808000: system.memobj: mem->cpu Got response for addr 0x29f08 , 171784
285808000: system.memobj: size 0x8
285808000: system.memobj: id 94061725811856
285808000: system.memobj: data_hex : C9745538D174E948 
285808000: system.memobj: data : 1100100101110100010101010011100011010001011101001110100101001000 
285808000: system.memobj: fix data : 1100100101110100010101010011100011010001011101001110100101001000 
285808000: system.memobj: -------------------------------------
285871000: system.memobj: mem->cpu Got response for addr 0x29f08 , 171784
285871000: system.memobj: size 0x8
285871000: system.memobj: id 94061725811568
285871000: system.memobj: data_hex : C9745538D174E948 
285871000: system.memobj: data : 1100100101110100010101010011100011010001011101001110100101001000 
285871000: system.memobj: fix data : 1100100101110100010101010011100011010001011101001110100101001000 
285871000: system.memobj: -------------------------------------
285920000: system.memobj: mem->cpu Got response for addr 0x29f10 , 171792
285920000: system.memobj: size 0x8
285920000: system.memobj: id 94061725811856
285920000: system.memobj: data_hex : FFC084ED744A38D5 
285920000: system.memobj: data : 1111111111000000100001001110110101110100010010100011100011010101 
285920000: system.memobj: fix data : 1111111111000000100001001110110101110100010010100011100011010101 
285920000: system.memobj: -------------------------------------
285969000: system.memobj: mem->cpu Got response for addr 0x29f10 , 171792
285969000: system.memobj: size 0x8
285969000: system.memobj: id 94061725811568
285969000: system.memobj: data_hex : FFC084ED744A38D5 
285969000: system.memobj: data : 1111111111000000100001001110110101110100010010100011100011010101 
285969000: system.memobj: fix data : 1111111111000000100001001110110101110100010010100011100011010101 
285969000: system.memobj: -------------------------------------
286018000: system.memobj: mem->cpu Got response for addr 0x29f10 , 171792
286018000: system.memobj: size 0x8
286018000: system.memobj: id 94061725811856
286018000: system.memobj: data_hex : FFC084ED744A38D5 
286018000: system.memobj: data : 1111111111000000100001001110110101110100010010100011100011010101 
286018000: system.memobj: fix data : 1111111111000000100001001110110101110100010010100011100011010101 
286018000: system.memobj: -------------------------------------
286067000: system.memobj: mem->cpu Got response for addr 0x29f10 , 171792
286067000: system.memobj: size 0x8
286067000: system.memobj: id 94061725811568
286067000: system.memobj: data_hex : FFC084ED744A38D5 
286067000: system.memobj: data : 1111111111000000100001001110110101110100010010100011100011010101 
286067000: system.memobj: fix data : 1111111111000000100001001110110101110100010010100011100011010101 
286067000: system.memobj: -------------------------------------
286116000: system.memobj: mem->cpu Got response for addr 0x29f18 , 171800
286116000: system.memobj: size 0x8
286116000: system.memobj: id 94061725811856
286116000: system.memobj: data_hex : 74DE48FFC048C1E9 
286116000: system.memobj: data : 0111010011011110010010001111111111000000010010001100000111101001 
286116000: system.memobj: fix data : 0111010011011110010010001111111111000000010010001100000111101001 
286116000: system.memobj: -------------------------------------
286165000: system.memobj: mem->cpu Got response for addr 0x29f18 , 171800
286165000: system.memobj: size 0x8
286165000: system.memobj: id 94061725811568
286165000: system.memobj: data_hex : 74DE48FFC048C1E9 
286165000: system.memobj: data : 0111010011011110010010001111111111000000010010001100000111101001 
286165000: system.memobj: fix data : 0111010011011110010010001111111111000000010010001100000111101001 
286165000: system.memobj: -------------------------------------
286214000: system.memobj: mem->cpu Got response for addr 0x29f18 , 171800
286214000: system.memobj: size 0x8
286214000: system.memobj: id 94061725811856
286214000: system.memobj: data_hex : 74DE48FFC048C1E9 
286214000: system.memobj: data : 0111010011011110010010001111111111000000010010001100000111101001 
286214000: system.memobj: fix data : 0111010011011110010010001111111111000000010010001100000111101001 
286214000: system.memobj: -------------------------------------
286263000: system.memobj: mem->cpu Got response for addr 0x29f20 , 171808
286263000: system.memobj: size 0x8
286263000: system.memobj: id 94061725811568
286263000: system.memobj: data_hex : 1084C9743B38D174 
286263000: system.memobj: data : 0001000010000100110010010111010000111011001110001101000101110100 
286263000: system.memobj: fix data : 0001000010000100110010010111010000111011001110001101000101110100 
286263000: system.memobj: -------------------------------------
286312000: system.memobj: mem->cpu Got response for addr 0x29f20 , 171808
286312000: system.memobj: size 0x8
286312000: system.memobj: id 94061725811856
286312000: system.memobj: data_hex : 1084C9743B38D174 
286312000: system.memobj: data : 0001000010000100110010010111010000111011001110001101000101110100 
286312000: system.memobj: fix data : 0001000010000100110010010111010000111011001110001101000101110100 
286312000: system.memobj: -------------------------------------
286361000: system.memobj: mem->cpu Got response for addr 0x29f20 , 171808
286361000: system.memobj: size 0x8
286361000: system.memobj: id 94061725811568
286361000: system.memobj: data_hex : 1084C9743B38D174 
286361000: system.memobj: data : 0001000010000100110010010111010000111011001110001101000101110100 
286361000: system.memobj: fix data : 0001000010000100110010010111010000111011001110001101000101110100 
286361000: system.memobj: -------------------------------------
286410000: system.memobj: mem->cpu Got response for addr 0x29f20 , 171808
286410000: system.memobj: size 0x8
286410000: system.memobj: id 94061725811856
286410000: system.memobj: data_hex : 1084C9743B38D174 
286410000: system.memobj: data : 0001000010000100110010010111010000111011001110001101000101110100 
286410000: system.memobj: fix data : 0001000010000100110010010111010000111011001110001101000101110100 
286410000: system.memobj: -------------------------------------
286459000: system.memobj: mem->cpu Got response for addr 0x29f20 , 171808
286459000: system.memobj: size 0x8
286459000: system.memobj: id 94061725811568
286459000: system.memobj: data_hex : 1084C9743B38D174 
286459000: system.memobj: data : 0001000010000100110010010111010000111011001110001101000101110100 
286459000: system.memobj: fix data : 0001000010000100110010010111010000111011001110001101000101110100 
286459000: system.memobj: -------------------------------------
286508000: system.memobj: mem->cpu Got response for addr 0x29f28 , 171816
286508000: system.memobj: size 0x8
286508000: system.memobj: id 94061725811856
286508000: system.memobj: data_hex : CF48FFC084ED7430 
286508000: system.memobj: data : 1100111101001000111111111100000010000100111011010111010000110000 
286508000: system.memobj: fix data : 1100111101001000111111111100000010000100111011010111010000110000 
286508000: system.memobj: -------------------------------------
286557000: system.memobj: mem->cpu Got response for addr 0x29f28 , 171816
286557000: system.memobj: size 0x8
286557000: system.memobj: id 94061725811568
286557000: system.memobj: data_hex : CF48FFC084ED7430 
286557000: system.memobj: data : 1100111101001000111111111100000010000100111011010111010000110000 
286557000: system.memobj: fix data : 1100111101001000111111111100000010000100111011010111010000110000 
286557000: system.memobj: -------------------------------------
286606000: system.memobj: mem->cpu Got response for addr 0x29f28 , 171816
286606000: system.memobj: size 0x8
286606000: system.memobj: id 94061725811856
286606000: system.memobj: data_hex : CF48FFC084ED7430 
286606000: system.memobj: data : 1100111101001000111111111100000010000100111011010111010000110000 
286606000: system.memobj: fix data : 1100111101001000111111111100000010000100111011010111010000110000 
286606000: system.memobj: -------------------------------------
286669000: system.memobj: mem->cpu Got response for addr 0x29f28 , 171816
286669000: system.memobj: size 0x8
286669000: system.memobj: id 94061725811568
286669000: system.memobj: data_hex : CF48FFC084ED7430 
286669000: system.memobj: data : 1100111101001000111111111100000010000100111011010111010000110000 
286669000: system.memobj: fix data : 1100111101001000111111111100000010000100111011010111010000110000 
286669000: system.memobj: -------------------------------------
286718000: system.memobj: mem->cpu Got response for addr 0x29f60 , 171872
286718000: system.memobj: size 0x8
286718000: system.memobj: id 94061725811856
286718000: system.memobj: data_hex : 90C3909090909090 
286718000: system.memobj: data : 1001000011000011100100001001000010010000100100001001000010010000 
286718000: system.memobj: fix data : 1001000011000011100100001001000010010000100100001001000010010000 
286718000: system.memobj: -------------------------------------
286767000: system.memobj: mem->cpu Got response for addr 0x29f60 , 171872
286767000: system.memobj: size 0x8
286767000: system.memobj: id 94061725811568
286767000: system.memobj: data_hex : 90C3909090909090 
286767000: system.memobj: data : 1001000011000011100100001001000010010000100100001001000010010000 
286767000: system.memobj: fix data : 1001000011000011100100001001000010010000100100001001000010010000 
286767000: system.memobj: -------------------------------------
286816000: system.memobj: mem->cpu Got response for addr 0x94b48 , 609096
286816000: system.memobj: size 0x8
286816000: system.memobj: id 94061725811856
286816000: system.memobj: data_hex : 3CA6420000000000 
286816000: system.memobj: data : 0011110010100110010000100000000000000000000000000000000000000000 
286816000: system.memobj: hamming code addr: 609096 
286816000: system.memobj: hamming code out: 9 
286816000: system.memobj: find Error Bit index : 7 
286816000: system.memobj: hamming code addr: 609104 
286816000: system.memobj: hamming code out: 4 
286816000: system.memobj: hamming code addr: 609112 
286816000: system.memobj: hamming code out: 14 
286816000: system.memobj: hamming code addr: 609120 
286816000: system.memobj: hamming code out: 0 
286816000: system.memobj: hamming code addr: 609128 
286816000: system.memobj: hamming code out: 0 
286816000: system.memobj: hamming code addr: 609136 
286816000: system.memobj: hamming code out: 0 
286816000: system.memobj: hamming code addr: 609144 
286816000: system.memobj: hamming code out: 0 
286816000: system.memobj: hamming code addr: 609152 
286816000: system.memobj: hamming code out: 0 
286816000: system.memobj: fix data : 0011111010100110010000100000000000000000000000000000000000000000 
286816000: system.memobj: -------------------------------------
286865000: system.memobj: mem->cpu Got response for addr 0x2a638 , 173624
286865000: system.memobj: size 0x8
286865000: system.memobj: id 94061725811856
286865000: system.memobj: data_hex : DEE882F7FFFF4885 
286865000: system.memobj: data : 1101111011101000100000101111011111111111111111110100100010000101 
286865000: system.memobj: fix data : 1101111011101000100000101111011111111111111111110100100010000101 
286865000: system.memobj: -------------------------------------
286914000: system.memobj: mem->cpu Got response for addr 0x2a640 , 173632
286914000: system.memobj: size 0x8
286914000: system.memobj: id 94061725811568
286914000: system.memobj: data_hex : C075ED4883C40848 
286914000: system.memobj: data : 1100000001110101111011010100100010000011110001000000100001001000 
286914000: system.memobj: fix data : 1100000001110101111011010100100010000011110001000000100001001000 
286914000: system.memobj: -------------------------------------
286963000: system.memobj: mem->cpu Got response for addr 0x2a640 , 173632
286963000: system.memobj: size 0x8
286963000: system.memobj: id 94061725811856
286963000: system.memobj: data_hex : C075ED4883C40848 
286963000: system.memobj: data : 1100000001110101111011010100100010000011110001000000100001001000 
286963000: system.memobj: fix data : 1100000001110101111011010100100010000011110001000000100001001000 
286963000: system.memobj: -------------------------------------
287012000: system.memobj: mem->cpu Got response for addr 0x2a630 , 173616
287012000: system.memobj: size 0x8
287012000: system.memobj: id 94061725811568
287012000: system.memobj: data_hex : 488D78014889C589 
287012000: system.memobj: data : 0100100010001101011110000000000101001000100010011100010110001001 
287012000: system.memobj: fix data : 0100100010001101011110000000000101001000100010011100010110001001 
287012000: system.memobj: -------------------------------------
287061000: system.memobj: mem->cpu Got response for addr 0x2a630 , 173616
287061000: system.memobj: size 0x8
287061000: system.memobj: id 94061725811856
287061000: system.memobj: data_hex : 488D78014889C589 
287061000: system.memobj: data : 0100100010001101011110000000000101001000100010011100010110001001 
287061000: system.memobj: fix data : 0100100010001101011110000000000101001000100010011100010110001001 
287061000: system.memobj: -------------------------------------
287110000: system.memobj: mem->cpu Got response for addr 0x2a630 , 173616
287110000: system.memobj: size 0x8
287110000: system.memobj: id 94061725811568
287110000: system.memobj: data_hex : 488D78014889C589 
287110000: system.memobj: data : 0100100010001101011110000000000101001000100010011100010110001001 
287110000: system.memobj: fix data : 0100100010001101011110000000000101001000100010011100010110001001 
287110000: system.memobj: -------------------------------------
287159000: system.memobj: mem->cpu Got response for addr 0x2a638 , 173624
287159000: system.memobj: size 0x8
287159000: system.memobj: id 94061725811856
287159000: system.memobj: data_hex : DEE882F7FFFF4885 
287159000: system.memobj: data : 1101111011101000100000101111011111111111111111110100100010000101 
287159000: system.memobj: fix data : 1101111011101000100000101111011111111111111111110100100010000101 
287159000: system.memobj: -------------------------------------
287208000: system.memobj: mem->cpu Got response for addr 0x2a638 , 173624
287208000: system.memobj: size 0x8
287208000: system.memobj: id 94061725811568
287208000: system.memobj: data_hex : DEE882F7FFFF4885 
287208000: system.memobj: data : 1101111011101000100000101111011111111111111111110100100010000101 
287208000: system.memobj: fix data : 1101111011101000100000101111011111111111111111110100100010000101 
287208000: system.memobj: -------------------------------------
287208000: system.memobj: cpu->mem Got request for addr 0x94b48 , 609096
287208000: system.memobj: size 0x8
287208000: system.memobj: id 94061725811856
287208000: system.memobj: data_hex : 3EA6420000000000 
287208000: system.memobj: data : 0011111010100110010000100000000000000000000000000000000000000000 
287208000: system.memobj: hamming code addr: 609096 
287208000: system.memobj: hamming code : 9 
287208000: system.memobj: hamming code addr: 609104 
287208000: system.memobj: hamming code : 4 
287208000: system.memobj: hamming code addr: 609112 
287208000: system.memobj: hamming code : 14 
287208000: system.memobj: hamming code addr: 609120 
287208000: system.memobj: hamming code : 0 
287208000: system.memobj: hamming code addr: 609128 
287208000: system.memobj: hamming code : 0 
287208000: system.memobj: hamming code addr: 609136 
287208000: system.memobj: hamming code : 0 
287208000: system.memobj: hamming code addr: 609144 
287208000: system.memobj: hamming code : 0 
287208000: system.memobj: hamming code addr: 609152 
287208000: system.memobj: hamming code : 0 
287208000: system.memobj: Enter Error Bit index: 4 
287208000: system.memobj: flip data : 0010111010100110010000100000000000000000000000000000000000000000 
287208000: system.memobj: -------------------------------------
287278000: system.memobj: mem->cpu Got response for addr 0x29dc0 , 171456
287278000: system.memobj: size 0x8
287278000: system.memobj: id 94061725811856
287278000: system.memobj: data_hex : 4889FA83E2074889 
287278000: system.memobj: data : 0100100010001001111110101000001111100010000001110100100010001001 
287278000: system.memobj: fix data : 0100100010001001111110101000001111100010000001110100100010001001 
287278000: system.memobj: -------------------------------------
287327000: system.memobj: mem->cpu Got response for addr 0x29dc0 , 171456
287327000: system.memobj: size 0x8
287327000: system.memobj: id 94061725811568
287327000: system.memobj: data_hex : 4889FA83E2074889 
287327000: system.memobj: data : 0100100010001001111110101000001111100010000001110100100010001001 
287327000: system.memobj: fix data : 0100100010001001111110101000001111100010000001110100100010001001 
287327000: system.memobj: -------------------------------------
287376000: system.memobj: mem->cpu Got response for addr 0x29dc0 , 171456
287376000: system.memobj: size 0x8
287376000: system.memobj: id 94061725811856
287376000: system.memobj: data_hex : 4889FA83E2074889 
287376000: system.memobj: data : 0100100010001001111110101000001111100010000001110100100010001001 
287376000: system.memobj: fix data : 0100100010001001111110101000001111100010000001110100100010001001 
287376000: system.memobj: -------------------------------------
287425000: system.memobj: mem->cpu Got response for addr 0x29dc8 , 171464
287425000: system.memobj: size 0x8
287425000: system.memobj: id 94061725811568
287425000: system.memobj: data_hex : F8741FF7DA83C208 
287425000: system.memobj: data : 1111100001110100000111111111011111011010100000111100001000001000 
287425000: system.memobj: fix data : 1111100001110100000111111111011111011010100000111100001000001000 
287425000: system.memobj: -------------------------------------
287474000: system.memobj: mem->cpu Got response for addr 0x29dc8 , 171464
287474000: system.memobj: size 0x8
287474000: system.memobj: id 94061725811856
287474000: system.memobj: data_hex : F8741FF7DA83C208 
287474000: system.memobj: data : 1111100001110100000111111111011111011010100000111100001000001000 
287474000: system.memobj: fix data : 1111100001110100000111111111011111011010100000111100001000001000 
287474000: system.memobj: -------------------------------------
287523000: system.memobj: mem->cpu Got response for addr 0x29dc8 , 171464
287523000: system.memobj: size 0x8
287523000: system.memobj: id 94061725811568
287523000: system.memobj: data_hex : F8741FF7DA83C208 
287523000: system.memobj: data : 1111100001110100000111111111011111011010100000111100001000001000 
287523000: system.memobj: fix data : 1111100001110100000111111111011111011010100000111100001000001000 
287523000: system.memobj: -------------------------------------
287572000: system.memobj: mem->cpu Got response for addr 0x29dc8 , 171464
287572000: system.memobj: size 0x8
287572000: system.memobj: id 94061725811856
287572000: system.memobj: data_hex : F8741FF7DA83C208 
287572000: system.memobj: data : 1111100001110100000111111111011111011010100000111100001000001000 
287572000: system.memobj: fix data : 1111100001110100000111111111011111011010100000111100001000001000 
287572000: system.memobj: -------------------------------------
287621000: system.memobj: mem->cpu Got response for addr 0x29dd0 , 171472
287621000: system.memobj: size 0x8
287621000: system.memobj: id 94061725811568
287621000: system.memobj: data_hex : 8A084038CE0F8485 
287621000: system.memobj: data : 1000101000001000010000000011100011001110000011111000010010000101 
287621000: system.memobj: fix data : 1000101000001000010000000011100011001110000011111000010010000101 
287621000: system.memobj: -------------------------------------
287670000: system.memobj: mem->cpu Got response for addr 0x94f6c , 610156
287670000: system.memobj: size 0x1
287670000: system.memobj: id 94061725811856
287670000: system.memobj: data_hex : 2E 
287670000: system.memobj: data : 00101110 
287670000: system.memobj: fix data : 00101110 
287670000: system.memobj: -------------------------------------
287719000: system.memobj: mem->cpu Got response for addr 0x29dd0 , 171472
287719000: system.memobj: size 0x8
287719000: system.memobj: id 94061725811856
287719000: system.memobj: data_hex : 8A084038CE0F8485 
287719000: system.memobj: data : 1000101000001000010000000011100011001110000011111000010010000101 
287719000: system.memobj: fix data : 1000101000001000010000000011100011001110000011111000010010000101 
287719000: system.memobj: -------------------------------------
287768000: system.memobj: mem->cpu Got response for addr 0x29dd0 , 171472
287768000: system.memobj: size 0x8
287768000: system.memobj: id 94061725811568
287768000: system.memobj: data_hex : 8A084038CE0F8485 
287768000: system.memobj: data : 1000101000001000010000000011100011001110000011111000010010000101 
287768000: system.memobj: fix data : 1000101000001000010000000011100011001110000011111000010010000101 
287768000: system.memobj: -------------------------------------
287817000: system.memobj: mem->cpu Got response for addr 0x29dd8 , 171480
287817000: system.memobj: size 0x8
287817000: system.memobj: id 94061725811856
287817000: system.memobj: data_hex : 01000084C90F8415 
287817000: system.memobj: data : 0000000100000000000000001000010011001001000011111000010000010101 
287817000: system.memobj: fix data : 0000000100000000000000001000010011001001000011111000010000010101 
287817000: system.memobj: -------------------------------------
287866000: system.memobj: mem->cpu Got response for addr 0x29dd8 , 171480
287866000: system.memobj: size 0x8
287866000: system.memobj: id 94061725811568
287866000: system.memobj: data_hex : 01000084C90F8415 
287866000: system.memobj: data : 0000000100000000000000001000010011001001000011111000010000010101 
287866000: system.memobj: fix data : 0000000100000000000000001000010011001001000011111000010000010101 
287866000: system.memobj: -------------------------------------
287915000: system.memobj: mem->cpu Got response for addr 0x29dd8 , 171480
287915000: system.memobj: size 0x8
287915000: system.memobj: id 94061725811856
287915000: system.memobj: data_hex : 01000084C90F8415 
287915000: system.memobj: data : 0000000100000000000000001000010011001001000011111000010000010101 
287915000: system.memobj: fix data : 0000000100000000000000001000010011001001000011111000010000010101 
287915000: system.memobj: -------------------------------------
287978000: system.memobj: mem->cpu Got response for addr 0x29de0 , 171488
287978000: system.memobj: size 0x8
287978000: system.memobj: id 94061725811568
287978000: system.memobj: data_hex : 01000048FFC0FFCA 
287978000: system.memobj: data : 0000000100000000000000000100100011111111110000001111111111001010 
287978000: system.memobj: fix data : 0000000100000000000000000100100011111111110000001111111111001010 
287978000: system.memobj: -------------------------------------
288027000: system.memobj: mem->cpu Got response for addr 0x29de0 , 171488
288027000: system.memobj: size 0x8
288027000: system.memobj: id 94061725811856
288027000: system.memobj: data_hex : 01000048FFC0FFCA 
288027000: system.memobj: data : 0000000100000000000000000100100011111111110000001111111111001010 
288027000: system.memobj: fix data : 0000000100000000000000000100100011111111110000001111111111001010 
288027000: system.memobj: -------------------------------------
288076000: system.memobj: mem->cpu Got response for addr 0x29de0 , 171488
288076000: system.memobj: size 0x8
288076000: system.memobj: id 94061725811568
288076000: system.memobj: data_hex : 01000048FFC0FFCA 
288076000: system.memobj: data : 0000000100000000000000000100100011111111110000001111111111001010 
288076000: system.memobj: fix data : 0000000100000000000000000100100011111111110000001111111111001010 
288076000: system.memobj: -------------------------------------
288125000: system.memobj: mem->cpu Got response for addr 0x29de8 , 171496
288125000: system.memobj: size 0x8
288125000: system.memobj: id 94061725811856
288125000: system.memobj: data_hex : 75E649B901010101 
288125000: system.memobj: data : 0111010111100110010010011011100100000001000000010000000100000001 
288125000: system.memobj: fix data : 0111010111100110010010011011100100000001000000010000000100000001 
288125000: system.memobj: -------------------------------------
288428000: system.memobj: mem->cpu Got response for addr 0x29dd0 , 171472
288428000: system.memobj: size 0x8
288428000: system.memobj: id 94061725811568
288428000: system.memobj: data_hex : 8A084038CE0F8485 
288428000: system.memobj: data : 1000101000001000010000000011100011001110000011111000010010000101 
288428000: system.memobj: fix data : 1000101000001000010000000011100011001110000011111000010010000101 
288428000: system.memobj: -------------------------------------
288491000: system.memobj: mem->cpu Got response for addr 0x94f6d , 610157
288491000: system.memobj: size 0x1
288491000: system.memobj: id 94061725811856
288491000: system.memobj: data_hex : 2E 
288491000: system.memobj: data : 00101110 
288491000: system.memobj: fix data : 00101110 
288491000: system.memobj: -------------------------------------
288540000: system.memobj: mem->cpu Got response for addr 0x29dd0 , 171472
288540000: system.memobj: size 0x8
288540000: system.memobj: id 94061725811856
288540000: system.memobj: data_hex : 8A084038CE0F8485 
288540000: system.memobj: data : 1000101000001000010000000011100011001110000011111000010010000101 
288540000: system.memobj: fix data : 1000101000001000010000000011100011001110000011111000010010000101 
288540000: system.memobj: -------------------------------------
288589000: system.memobj: mem->cpu Got response for addr 0x29dd0 , 171472
288589000: system.memobj: size 0x8
288589000: system.memobj: id 94061725811568
288589000: system.memobj: data_hex : 8A084038CE0F8485 
288589000: system.memobj: data : 1000101000001000010000000011100011001110000011111000010010000101 
288589000: system.memobj: fix data : 1000101000001000010000000011100011001110000011111000010010000101 
288589000: system.memobj: -------------------------------------
288638000: system.memobj: mem->cpu Got response for addr 0x29dd8 , 171480
288638000: system.memobj: size 0x8
288638000: system.memobj: id 94061725811856
288638000: system.memobj: data_hex : 01000084C90F8415 
288638000: system.memobj: data : 0000000100000000000000001000010011001001000011111000010000010101 
288638000: system.memobj: fix data : 0000000100000000000000001000010011001001000011111000010000010101 
288638000: system.memobj: -------------------------------------
288687000: system.memobj: mem->cpu Got response for addr 0x29dd8 , 171480
288687000: system.memobj: size 0x8
288687000: system.memobj: id 94061725811568
288687000: system.memobj: data_hex : 01000084C90F8415 
288687000: system.memobj: data : 0000000100000000000000001000010011001001000011111000010000010101 
288687000: system.memobj: fix data : 0000000100000000000000001000010011001001000011111000010000010101 
288687000: system.memobj: -------------------------------------
288736000: system.memobj: mem->cpu Got response for addr 0x29dd8 , 171480
288736000: system.memobj: size 0x8
288736000: system.memobj: id 94061725811856
288736000: system.memobj: data_hex : 01000084C90F8415 
288736000: system.memobj: data : 0000000100000000000000001000010011001001000011111000010000010101 
288736000: system.memobj: fix data : 0000000100000000000000001000010011001001000011111000010000010101 
288736000: system.memobj: -------------------------------------
288785000: system.memobj: mem->cpu Got response for addr 0x29de0 , 171488
288785000: system.memobj: size 0x8
288785000: system.memobj: id 94061725811568
288785000: system.memobj: data_hex : 01000048FFC0FFCA 
288785000: system.memobj: data : 0000000100000000000000000100100011111111110000001111111111001010 
288785000: system.memobj: fix data : 0000000100000000000000000100100011111111110000001111111111001010 
288785000: system.memobj: -------------------------------------
288834000: system.memobj: mem->cpu Got response for addr 0x29de0 , 171488
288834000: system.memobj: size 0x8
288834000: system.memobj: id 94061725811856
288834000: system.memobj: data_hex : 01000048FFC0FFCA 
288834000: system.memobj: data : 0000000100000000000000000100100011111111110000001111111111001010 
288834000: system.memobj: fix data : 0000000100000000000000000100100011111111110000001111111111001010 
288834000: system.memobj: -------------------------------------
288883000: system.memobj: mem->cpu Got response for addr 0x29de0 , 171488
288883000: system.memobj: size 0x8
288883000: system.memobj: id 94061725811568
288883000: system.memobj: data_hex : 01000048FFC0FFCA 
288883000: system.memobj: data : 0000000100000000000000000100100011111111110000001111111111001010 
288883000: system.memobj: fix data : 0000000100000000000000000100100011111111110000001111111111001010 
288883000: system.memobj: -------------------------------------
288932000: system.memobj: mem->cpu Got response for addr 0x29de8 , 171496
288932000: system.memobj: size 0x8
288932000: system.memobj: id 94061725811856
288932000: system.memobj: data_hex : 75E649B901010101 
288932000: system.memobj: data : 0111010111100110010010011011100100000001000000010000000100000001 
288932000: system.memobj: fix data : 0111010111100110010010011011100100000001000000010000000100000001 
288932000: system.memobj: -------------------------------------
288981000: system.memobj: mem->cpu Got response for addr 0x29dd0 , 171472
288981000: system.memobj: size 0x8
288981000: system.memobj: id 94061725811568
288981000: system.memobj: data_hex : 8A084038CE0F8485 
288981000: system.memobj: data : 1000101000001000010000000011100011001110000011111000010010000101 
288981000: system.memobj: fix data : 1000101000001000010000000011100011001110000011111000010010000101 
288981000: system.memobj: -------------------------------------
289030000: system.memobj: mem->cpu Got response for addr 0x94f6e , 610158
289030000: system.memobj: size 0x1
289030000: system.memobj: id 94061725811856
289030000: system.memobj: data_hex : 2F 
289030000: system.memobj: data : 00101111 
289030000: system.memobj: fix data : 00101111 
289030000: system.memobj: -------------------------------------
289079000: system.memobj: mem->cpu Got response for addr 0x29dd0 , 171472
289079000: system.memobj: size 0x8
289079000: system.memobj: id 94061725811856
289079000: system.memobj: data_hex : 8A084038CE0F8485 
289079000: system.memobj: data : 1000101000001000010000000011100011001110000011111000010010000101 
289079000: system.memobj: fix data : 1000101000001000010000000011100011001110000011111000010010000101 
289079000: system.memobj: -------------------------------------
289128000: system.memobj: mem->cpu Got response for addr 0x29dd0 , 171472
289128000: system.memobj: size 0x8
289128000: system.memobj: id 94061725811568
289128000: system.memobj: data_hex : 8A084038CE0F8485 
289128000: system.memobj: data : 1000101000001000010000000011100011001110000011111000010010000101 
289128000: system.memobj: fix data : 1000101000001000010000000011100011001110000011111000010010000101 
289128000: system.memobj: -------------------------------------
289177000: system.memobj: mem->cpu Got response for addr 0x29dd8 , 171480
289177000: system.memobj: size 0x8
289177000: system.memobj: id 94061725811856
289177000: system.memobj: data_hex : 01000084C90F8415 
289177000: system.memobj: data : 0000000100000000000000001000010011001001000011111000010000010101 
289177000: system.memobj: fix data : 0000000100000000000000001000010011001001000011111000010000010101 
289177000: system.memobj: -------------------------------------
289226000: system.memobj: mem->cpu Got response for addr 0x29f60 , 171872
289226000: system.memobj: size 0x8
289226000: system.memobj: id 94061725811568
289226000: system.memobj: data_hex : 90C3909090909090 
289226000: system.memobj: data : 1001000011000011100100001001000010010000100100001001000010010000 
289226000: system.memobj: fix data : 1001000011000011100100001001000010010000100100001001000010010000 
289226000: system.memobj: -------------------------------------
289275000: system.memobj: mem->cpu Got response for addr 0x29f60 , 171872
289275000: system.memobj: size 0x8
289275000: system.memobj: id 94061725811856
289275000: system.memobj: data_hex : 90C3909090909090 
289275000: system.memobj: data : 1001000011000011100100001001000010010000100100001001000010010000 
289275000: system.memobj: fix data : 1001000011000011100100001001000010010000100100001001000010010000 
289275000: system.memobj: -------------------------------------
289324000: system.memobj: mem->cpu Got response for addr 0x94b48 , 609096
289324000: system.memobj: size 0x8
289324000: system.memobj: id 94061725811568
289324000: system.memobj: data_hex : 2EA6420000000000 
289324000: system.memobj: data : 0010111010100110010000100000000000000000000000000000000000000000 
289324000: system.memobj: hamming code addr: 609096 
289324000: system.memobj: hamming code out: 9 
289324000: system.memobj: find Error Bit index : 4 
289324000: system.memobj: hamming code addr: 609104 
289324000: system.memobj: hamming code out: 4 
289324000: system.memobj: hamming code addr: 609112 
289324000: system.memobj: hamming code out: 14 
289324000: system.memobj: hamming code addr: 609120 
289324000: system.memobj: hamming code out: 0 
289324000: system.memobj: hamming code addr: 609128 
289324000: system.memobj: hamming code out: 0 
289324000: system.memobj: hamming code addr: 609136 
289324000: system.memobj: hamming code out: 0 
289324000: system.memobj: hamming code addr: 609144 
289324000: system.memobj: hamming code out: 0 
289324000: system.memobj: hamming code addr: 609152 
289324000: system.memobj: hamming code out: 0 
289324000: system.memobj: fix data : 0011111010100110010000100000000000000000000000000000000000000000 
289324000: system.memobj: -------------------------------------
289387000: system.memobj: mem->cpu Got response for addr 0x2a638 , 173624
289387000: system.memobj: size 0x8
289387000: system.memobj: id 94061725811568
289387000: system.memobj: data_hex : DEE882F7FFFF4885 
289387000: system.memobj: data : 1101111011101000100000101111011111111111111111110100100010000101 
289387000: system.memobj: fix data : 1101111011101000100000101111011111111111111111110100100010000101 
289387000: system.memobj: -------------------------------------
289436000: system.memobj: mem->cpu Got response for addr 0x2a640 , 173632
289436000: system.memobj: size 0x8
289436000: system.memobj: id 94061725811856
289436000: system.memobj: data_hex : C075ED4883C40848 
289436000: system.memobj: data : 1100000001110101111011010100100010000011110001000000100001001000 
289436000: system.memobj: fix data : 1100000001110101111011010100100010000011110001000000100001001000 
289436000: system.memobj: -------------------------------------
289485000: system.memobj: mem->cpu Got response for addr 0x2a640 , 173632
289485000: system.memobj: size 0x8
289485000: system.memobj: id 94061725811568
289485000: system.memobj: data_hex : C075ED4883C40848 
289485000: system.memobj: data : 1100000001110101111011010100100010000011110001000000100001001000 
289485000: system.memobj: fix data : 1100000001110101111011010100100010000011110001000000100001001000 
289485000: system.memobj: -------------------------------------
289534000: system.memobj: mem->cpu Got response for addr 0x2a630 , 173616
289534000: system.memobj: size 0x8
289534000: system.memobj: id 94061725811856
289534000: system.memobj: data_hex : 488D78014889C589 
289534000: system.memobj: data : 0100100010001101011110000000000101001000100010011100010110001001 
289534000: system.memobj: fix data : 0100100010001101011110000000000101001000100010011100010110001001 
289534000: system.memobj: -------------------------------------
289583000: system.memobj: mem->cpu Got response for addr 0x2a630 , 173616
289583000: system.memobj: size 0x8
289583000: system.memobj: id 94061725811568
289583000: system.memobj: data_hex : 488D78014889C589 
289583000: system.memobj: data : 0100100010001101011110000000000101001000100010011100010110001001 
289583000: system.memobj: fix data : 0100100010001101011110000000000101001000100010011100010110001001 
289583000: system.memobj: -------------------------------------
289632000: system.memobj: mem->cpu Got response for addr 0x2a630 , 173616
289632000: system.memobj: size 0x8
289632000: system.memobj: id 94061725811856
289632000: system.memobj: data_hex : 488D78014889C589 
289632000: system.memobj: data : 0100100010001101011110000000000101001000100010011100010110001001 
289632000: system.memobj: fix data : 0100100010001101011110000000000101001000100010011100010110001001 
289632000: system.memobj: -------------------------------------
289681000: system.memobj: mem->cpu Got response for addr 0x2a638 , 173624
289681000: system.memobj: size 0x8
289681000: system.memobj: id 94061725811568
289681000: system.memobj: data_hex : DEE882F7FFFF4885 
289681000: system.memobj: data : 1101111011101000100000101111011111111111111111110100100010000101 
289681000: system.memobj: fix data : 1101111011101000100000101111011111111111111111110100100010000101 
289681000: system.memobj: -------------------------------------
289730000: system.memobj: mem->cpu Got response for addr 0x2a638 , 173624
289730000: system.memobj: size 0x8
289730000: system.memobj: id 94061725811856
289730000: system.memobj: data_hex : DEE882F7FFFF4885 
289730000: system.memobj: data : 1101111011101000100000101111011111111111111111110100100010000101 
289730000: system.memobj: fix data : 1101111011101000100000101111011111111111111111110100100010000101 
289730000: system.memobj: -------------------------------------
289730000: system.memobj: cpu->mem Got request for addr 0x94b48 , 609096
289730000: system.memobj: size 0x8
289730000: system.memobj: id 94061725811568
289730000: system.memobj: data_hex : 3EA6420000000000 
289730000: system.memobj: data : 0011111010100110010000100000000000000000000000000000000000000000 
289730000: system.memobj: hamming code addr: 609096 
289730000: system.memobj: hamming code : 9 
289730000: system.memobj: hamming code addr: 609104 
289730000: system.memobj: hamming code : 4 
289730000: system.memobj: hamming code addr: 609112 
289730000: system.memobj: hamming code : 14 
289730000: system.memobj: hamming code addr: 609120 
289730000: system.memobj: hamming code : 0 
289730000: system.memobj: hamming code addr: 609128 
289730000: system.memobj: hamming code : 0 
289730000: system.memobj: hamming code addr: 609136 
289730000: system.memobj: hamming code : 0 
289730000: system.memobj: hamming code addr: 609144 
289730000: system.memobj: hamming code : 0 
289730000: system.memobj: hamming code addr: 609152 
289730000: system.memobj: hamming code : 0 
289730000: system.memobj: Enter Error Bit index: 4 
289730000: system.memobj: flip data : 0010111010100110010000100000000000000000000000000000000000000000 
289730000: system.memobj: -------------------------------------
289814000: system.memobj: mem->cpu Got response for addr 0x29dc0 , 171456
289814000: system.memobj: size 0x8
289814000: system.memobj: id 94061725811568
289814000: system.memobj: data_hex : 4889FA83E2074889 
289814000: system.memobj: data : 0100100010001001111110101000001111100010000001110100100010001001 
289814000: system.memobj: fix data : 0100100010001001111110101000001111100010000001110100100010001001 
289814000: system.memobj: -------------------------------------
289863000: system.memobj: mem->cpu Got response for addr 0x29dc0 , 171456
289863000: system.memobj: size 0x8
289863000: system.memobj: id 94061725811856
289863000: system.memobj: data_hex : 4889FA83E2074889 
289863000: system.memobj: data : 0100100010001001111110101000001111100010000001110100100010001001 
289863000: system.memobj: fix data : 0100100010001001111110101000001111100010000001110100100010001001 
289863000: system.memobj: -------------------------------------
289912000: system.memobj: mem->cpu Got response for addr 0x29dc0 , 171456
289912000: system.memobj: size 0x8
289912000: system.memobj: id 94061725811568
289912000: system.memobj: data_hex : 4889FA83E2074889 
289912000: system.memobj: data : 0100100010001001111110101000001111100010000001110100100010001001 
289912000: system.memobj: fix data : 0100100010001001111110101000001111100010000001110100100010001001 
289912000: system.memobj: -------------------------------------
289961000: system.memobj: mem->cpu Got response for addr 0x29dc8 , 171464
289961000: system.memobj: size 0x8
289961000: system.memobj: id 94061725811856
289961000: system.memobj: data_hex : F8741FF7DA83C208 
289961000: system.memobj: data : 1111100001110100000111111111011111011010100000111100001000001000 
289961000: system.memobj: fix data : 1111100001110100000111111111011111011010100000111100001000001000 
289961000: system.memobj: -------------------------------------
290010000: system.memobj: mem->cpu Got response for addr 0x29dc8 , 171464
290010000: system.memobj: size 0x8
290010000: system.memobj: id 94061725811568
290010000: system.memobj: data_hex : F8741FF7DA83C208 
290010000: system.memobj: data : 1111100001110100000111111111011111011010100000111100001000001000 
290010000: system.memobj: fix data : 1111100001110100000111111111011111011010100000111100001000001000 
290010000: system.memobj: -------------------------------------
290059000: system.memobj: mem->cpu Got response for addr 0x29dc8 , 171464
290059000: system.memobj: size 0x8
290059000: system.memobj: id 94061725811856
290059000: system.memobj: data_hex : F8741FF7DA83C208 
290059000: system.memobj: data : 1111100001110100000111111111011111011010100000111100001000001000 
290059000: system.memobj: fix data : 1111100001110100000111111111011111011010100000111100001000001000 
290059000: system.memobj: -------------------------------------
290108000: system.memobj: mem->cpu Got response for addr 0x29dc8 , 171464
290108000: system.memobj: size 0x8
290108000: system.memobj: id 94061725811568
290108000: system.memobj: data_hex : F8741FF7DA83C208 
290108000: system.memobj: data : 1111100001110100000111111111011111011010100000111100001000001000 
290108000: system.memobj: fix data : 1111100001110100000111111111011111011010100000111100001000001000 
290108000: system.memobj: -------------------------------------
290157000: system.memobj: mem->cpu Got response for addr 0x29dd0 , 171472
290157000: system.memobj: size 0x8
290157000: system.memobj: id 94061725811856
290157000: system.memobj: data_hex : 8A084038CE0F8485 
290157000: system.memobj: data : 1000101000001000010000000011100011001110000011111000010010000101 
290157000: system.memobj: fix data : 1000101000001000010000000011100011001110000011111000010010000101 
290157000: system.memobj: -------------------------------------
290206000: system.memobj: mem->cpu Got response for addr 0x94f6f , 610159
290206000: system.memobj: size 0x1
290206000: system.memobj: id 94061725811568
290206000: system.memobj: data_hex : 2E 
290206000: system.memobj: data : 00101110 
290206000: system.memobj: fix data : 00101110 
290206000: system.memobj: -------------------------------------
290255000: system.memobj: mem->cpu Got response for addr 0x29dd0 , 171472
290255000: system.memobj: size 0x8
290255000: system.memobj: id 94061725811568
290255000: system.memobj: data_hex : 8A084038CE0F8485 
290255000: system.memobj: data : 1000101000001000010000000011100011001110000011111000010010000101 
290255000: system.memobj: fix data : 1000101000001000010000000011100011001110000011111000010010000101 
290255000: system.memobj: -------------------------------------
290304000: system.memobj: mem->cpu Got response for addr 0x29dd0 , 171472
290304000: system.memobj: size 0x8
290304000: system.memobj: id 94061725811856
290304000: system.memobj: data_hex : 8A084038CE0F8485 
290304000: system.memobj: data : 1000101000001000010000000011100011001110000011111000010010000101 
290304000: system.memobj: fix data : 1000101000001000010000000011100011001110000011111000010010000101 
290304000: system.memobj: -------------------------------------
290353000: system.memobj: mem->cpu Got response for addr 0x29dd8 , 171480
290353000: system.memobj: size 0x8
290353000: system.memobj: id 94061725811568
290353000: system.memobj: data_hex : 01000084C90F8415 
290353000: system.memobj: data : 0000000100000000000000001000010011001001000011111000010000010101 
290353000: system.memobj: fix data : 0000000100000000000000001000010011001001000011111000010000010101 
290353000: system.memobj: -------------------------------------
290402000: system.memobj: mem->cpu Got response for addr 0x29dd8 , 171480
290402000: system.memobj: size 0x8
290402000: system.memobj: id 94061725811856
290402000: system.memobj: data_hex : 01000084C90F8415 
290402000: system.memobj: data : 0000000100000000000000001000010011001001000011111000010000010101 
290402000: system.memobj: fix data : 0000000100000000000000001000010011001001000011111000010000010101 
290402000: system.memobj: -------------------------------------
290451000: system.memobj: mem->cpu Got response for addr 0x29dd8 , 171480
290451000: system.memobj: size 0x8
290451000: system.memobj: id 94061725811568
290451000: system.memobj: data_hex : 01000084C90F8415 
290451000: system.memobj: data : 0000000100000000000000001000010011001001000011111000010000010101 
290451000: system.memobj: fix data : 0000000100000000000000001000010011001001000011111000010000010101 
290451000: system.memobj: -------------------------------------
290500000: system.memobj: mem->cpu Got response for addr 0x29de0 , 171488
290500000: system.memobj: size 0x8
290500000: system.memobj: id 94061725811856
290500000: system.memobj: data_hex : 01000048FFC0FFCA 
290500000: system.memobj: data : 0000000100000000000000000100100011111111110000001111111111001010 
290500000: system.memobj: fix data : 0000000100000000000000000100100011111111110000001111111111001010 
290500000: system.memobj: -------------------------------------
290549000: system.memobj: mem->cpu Got response for addr 0x29de0 , 171488
290549000: system.memobj: size 0x8
290549000: system.memobj: id 94061725811568
290549000: system.memobj: data_hex : 01000048FFC0FFCA 
290549000: system.memobj: data : 0000000100000000000000000100100011111111110000001111111111001010 
290549000: system.memobj: fix data : 0000000100000000000000000100100011111111110000001111111111001010 
290549000: system.memobj: -------------------------------------
290598000: system.memobj: mem->cpu Got response for addr 0x29de0 , 171488
290598000: system.memobj: size 0x8
290598000: system.memobj: id 94061725811856
290598000: system.memobj: data_hex : 01000048FFC0FFCA 
290598000: system.memobj: data : 0000000100000000000000000100100011111111110000001111111111001010 
290598000: system.memobj: fix data : 0000000100000000000000000100100011111111110000001111111111001010 
290598000: system.memobj: -------------------------------------
290661000: system.memobj: mem->cpu Got response for addr 0x29de8 , 171496
290661000: system.memobj: size 0x8
290661000: system.memobj: id 94061725811568
290661000: system.memobj: data_hex : 75E649B901010101 
290661000: system.memobj: data : 0111010111100110010010011011100100000001000000010000000100000001 
290661000: system.memobj: fix data : 0111010111100110010010011011100100000001000000010000000100000001 
290661000: system.memobj: -------------------------------------
290710000: system.memobj: mem->cpu Got response for addr 0x29de8 , 171496
290710000: system.memobj: size 0x8
290710000: system.memobj: id 94061725811856
290710000: system.memobj: data_hex : 75E649B901010101 
290710000: system.memobj: data : 0111010111100110010010011011100100000001000000010000000100000001 
290710000: system.memobj: fix data : 0111010111100110010010011011100100000001000000010000000100000001 
290710000: system.memobj: -------------------------------------
290759000: system.memobj: mem->cpu Got response for addr 0x29df0 , 171504
290759000: system.memobj: size 0x8
290759000: system.memobj: id 94061725811568
290759000: system.memobj: data_hex : 01010101400FB6D6 
290759000: system.memobj: data : 0000000100000001000000010000000101000000000011111011011011010110 
290759000: system.memobj: fix data : 0000000100000001000000010000000101000000000011111011011011010110 
290759000: system.memobj: -------------------------------------
290808000: system.memobj: mem->cpu Got response for addr 0x29df0 , 171504
290808000: system.memobj: size 0x8
290808000: system.memobj: id 94061725811856
290808000: system.memobj: data_hex : 01010101400FB6D6 
290808000: system.memobj: data : 0000000100000001000000010000000101000000000011111011011011010110 
290808000: system.memobj: fix data : 0000000100000001000000010000000101000000000011111011011011010110 
290808000: system.memobj: -------------------------------------
290857000: system.memobj: mem->cpu Got response for addr 0x29df8 , 171512
290857000: system.memobj: size 0x8
290857000: system.memobj: id 94061725811568
290857000: system.memobj: data_hex : 4C0FAFCA49B8FFFE 
290857000: system.memobj: data : 0100110000001111101011111100101001001001101110001111111111111110 
290857000: system.memobj: fix data : 0100110000001111101011111100101001001001101110001111111111111110 
290857000: system.memobj: -------------------------------------
290906000: system.memobj: mem->cpu Got response for addr 0x29df8 , 171512
290906000: system.memobj: size 0x8
290906000: system.memobj: id 94061725811856
290906000: system.memobj: data_hex : 4C0FAFCA49B8FFFE 
290906000: system.memobj: data : 0100110000001111101011111100101001001001101110001111111111111110 
290906000: system.memobj: fix data : 0100110000001111101011111100101001001001101110001111111111111110 
290906000: system.memobj: -------------------------------------
290955000: system.memobj: mem->cpu Got response for addr 0x29e00 , 171520
290955000: system.memobj: size 0x8
290955000: system.memobj: id 94061725811568
290955000: system.memobj: data_hex : FEFEFEFEFEFE6666 
290955000: system.memobj: data : 1111111011111110111111101111111011111110111111100110011001100110 
290955000: system.memobj: fix data : 1111111011111110111111101111111011111110111111100110011001100110 
290955000: system.memobj: -------------------------------------
291004000: system.memobj: mem->cpu Got response for addr 0x29e00 , 171520
291004000: system.memobj: size 0x8
291004000: system.memobj: id 94061725811856
291004000: system.memobj: data_hex : FEFEFEFEFEFE6666 
291004000: system.memobj: data : 1111111011111110111111101111111011111110111111100110011001100110 
291004000: system.memobj: fix data : 1111111011111110111111101111111011111110111111100110011001100110 
291004000: system.memobj: -------------------------------------
291053000: system.memobj: mem->cpu Got response for addr 0x29e08 , 171528
291053000: system.memobj: size 0x8
291053000: system.memobj: id 94061725811568
291053000: system.memobj: data_hex : 6690666690666690 
291053000: system.memobj: data : 0110011010010000011001100110011010010000011001100110011010010000 
291053000: system.memobj: fix data : 0110011010010000011001100110011010010000011001100110011010010000 
291053000: system.memobj: -------------------------------------
291102000: system.memobj: mem->cpu Got response for addr 0x29e08 , 171528
291102000: system.memobj: size 0x8
291102000: system.memobj: id 94061725811856
291102000: system.memobj: data_hex : 6690666690666690 
291102000: system.memobj: data : 0110011010010000011001100110011010010000011001100110011010010000 
291102000: system.memobj: fix data : 0110011010010000011001100110011010010000011001100110011010010000 
291102000: system.memobj: -------------------------------------
291151000: system.memobj: mem->cpu Got response for addr 0x29e08 , 171528
291151000: system.memobj: size 0x8
291151000: system.memobj: id 94061725811568
291151000: system.memobj: data_hex : 6690666690666690 
291151000: system.memobj: data : 0110011010010000011001100110011010010000011001100110011010010000 
291151000: system.memobj: fix data : 0110011010010000011001100110011010010000011001100110011010010000 
291151000: system.memobj: -------------------------------------
291200000: system.memobj: mem->cpu Got response for addr 0x29e10 , 171536
291200000: system.memobj: size 0x8
291200000: system.memobj: id 94061725811856
291200000: system.memobj: data_hex : 488B084883C0084C 
291200000: system.memobj: data : 0100100010001011000010000100100010000011110000000000100001001100 
291200000: system.memobj: fix data : 0100100010001011000010000100100010000011110000000000100001001100 
291200000: system.memobj: -------------------------------------
291249000: system.memobj: mem->cpu Got response for addr 0x94f70 , 610160
291249000: system.memobj: size 0x8
291249000: system.memobj: id 94061725811568
291249000: system.memobj: data_hex : 2E2F74657374732F 
291249000: system.memobj: data : 0010111000101111011101000110010101110011011101000111001100101111 
291249000: system.memobj: fix data : 0010111000101111011101000110010101110011011101000111001100101111 
291249000: system.memobj: -------------------------------------
291298000: system.memobj: mem->cpu Got response for addr 0x29e10 , 171536
291298000: system.memobj: size 0x8
291298000: system.memobj: id 94061725811568
291298000: system.memobj: data_hex : 488B084883C0084C 
291298000: system.memobj: data : 0100100010001011000010000100100010000011110000000000100001001100 
291298000: system.memobj: fix data : 0100100010001011000010000100100010000011110000000000100001001100 
291298000: system.memobj: -------------------------------------
291347000: system.memobj: mem->cpu Got response for addr 0x29e10 , 171536
291347000: system.memobj: size 0x8
291347000: system.memobj: id 94061725811856
291347000: system.memobj: data_hex : 488B084883C0084C 
291347000: system.memobj: data : 0100100010001011000010000100100010000011110000000000100001001100 
291347000: system.memobj: fix data : 0100100010001011000010000100100010000011110000000000100001001100 
291347000: system.memobj: -------------------------------------
291396000: system.memobj: mem->cpu Got response for addr 0x29e18 , 171544
291396000: system.memobj: size 0x8
291396000: system.memobj: id 94061725811568
291396000: system.memobj: data_hex : 89C24C31C94801CA 
291396000: system.memobj: data : 1000100111000010010011000011000111001001010010000000000111001010 
291396000: system.memobj: fix data : 1000100111000010010011000011000111001001010010000000000111001010 
291396000: system.memobj: -------------------------------------
291445000: system.memobj: mem->cpu Got response for addr 0x29e18 , 171544
291445000: system.memobj: size 0x8
291445000: system.memobj: id 94061725811856
291445000: system.memobj: data_hex : 89C24C31C94801CA 
291445000: system.memobj: data : 1000100111000010010011000011000111001001010010000000000111001010 
291445000: system.memobj: fix data : 1000100111000010010011000011000111001001010010000000000111001010 
291445000: system.memobj: -------------------------------------
291508000: system.memobj: mem->cpu Got response for addr 0x29e18 , 171544
291508000: system.memobj: size 0x8
291508000: system.memobj: id 94061725811568
291508000: system.memobj: data_hex : 89C24C31C94801CA 
291508000: system.memobj: data : 1000100111000010010011000011000111001001010010000000000111001010 
291508000: system.memobj: fix data : 1000100111000010010011000011000111001001010010000000000111001010 
291508000: system.memobj: -------------------------------------
291557000: system.memobj: mem->cpu Got response for addr 0x29e20 , 171552
291557000: system.memobj: size 0x8
291557000: system.memobj: id 94061725811856
291557000: system.memobj: data_hex : 0F83DA0000004831 
291557000: system.memobj: data : 0000111110000011110110100000000000000000000000000100100000110001 
291557000: system.memobj: fix data : 0000111110000011110110100000000000000000000000000100100000110001 
291557000: system.memobj: -------------------------------------
291606000: system.memobj: mem->cpu Got response for addr 0x29f00 , 171776
291606000: system.memobj: size 0x8
291606000: system.memobj: id 94061725811568
291606000: system.memobj: data_hex : 4C89CA4883E80884 
291606000: system.memobj: data : 0100110010001001110010100100100010000011111010000000100010000100 
291606000: system.memobj: fix data : 0100110010001001110010100100100010000011111010000000100010000100 
291606000: system.memobj: -------------------------------------
291655000: system.memobj: mem->cpu Got response for addr 0x29f00 , 171776
291655000: system.memobj: size 0x8
291655000: system.memobj: id 94061725811856
291655000: system.memobj: data_hex : 4C89CA4883E80884 
291655000: system.memobj: data : 0100110010001001110010100100100010000011111010000000100010000100 
291655000: system.memobj: fix data : 0100110010001001110010100100100010000011111010000000100010000100 
291655000: system.memobj: -------------------------------------
291704000: system.memobj: mem->cpu Got response for addr 0x29f00 , 171776
291704000: system.memobj: size 0x8
291704000: system.memobj: id 94061725811568
291704000: system.memobj: data_hex : 4C89CA4883E80884 
291704000: system.memobj: data : 0100110010001001110010100100100010000011111010000000100010000100 
291704000: system.memobj: fix data : 0100110010001001110010100100100010000011111010000000100010000100 
291704000: system.memobj: -------------------------------------
291753000: system.memobj: mem->cpu Got response for addr 0x29f08 , 171784
291753000: system.memobj: size 0x8
291753000: system.memobj: id 94061725811856
291753000: system.memobj: data_hex : C9745538D174E948 
291753000: system.memobj: data : 1100100101110100010101010011100011010001011101001110100101001000 
291753000: system.memobj: fix data : 1100100101110100010101010011100011010001011101001110100101001000 
291753000: system.memobj: -------------------------------------
291802000: system.memobj: mem->cpu Got response for addr 0x29f08 , 171784
291802000: system.memobj: size 0x8
291802000: system.memobj: id 94061725811568
291802000: system.memobj: data_hex : C9745538D174E948 
291802000: system.memobj: data : 1100100101110100010101010011100011010001011101001110100101001000 
291802000: system.memobj: fix data : 1100100101110100010101010011100011010001011101001110100101001000 
291802000: system.memobj: -------------------------------------
291851000: system.memobj: mem->cpu Got response for addr 0x29f08 , 171784
291851000: system.memobj: size 0x8
291851000: system.memobj: id 94061725811856
291851000: system.memobj: data_hex : C9745538D174E948 
291851000: system.memobj: data : 1100100101110100010101010011100011010001011101001110100101001000 
291851000: system.memobj: fix data : 1100100101110100010101010011100011010001011101001110100101001000 
291851000: system.memobj: -------------------------------------
291900000: system.memobj: mem->cpu Got response for addr 0x29f08 , 171784
291900000: system.memobj: size 0x8
291900000: system.memobj: id 94061725811568
291900000: system.memobj: data_hex : C9745538D174E948 
291900000: system.memobj: data : 1100100101110100010101010011100011010001011101001110100101001000 
291900000: system.memobj: fix data : 1100100101110100010101010011100011010001011101001110100101001000 
291900000: system.memobj: -------------------------------------
291949000: system.memobj: mem->cpu Got response for addr 0x29f08 , 171784
291949000: system.memobj: size 0x8
291949000: system.memobj: id 94061725811856
291949000: system.memobj: data_hex : C9745538D174E948 
291949000: system.memobj: data : 1100100101110100010101010011100011010001011101001110100101001000 
291949000: system.memobj: fix data : 1100100101110100010101010011100011010001011101001110100101001000 
291949000: system.memobj: -------------------------------------
291998000: system.memobj: mem->cpu Got response for addr 0x29f10 , 171792
291998000: system.memobj: size 0x8
291998000: system.memobj: id 94061725811568
291998000: system.memobj: data_hex : FFC084ED744A38D5 
291998000: system.memobj: data : 1111111111000000100001001110110101110100010010100011100011010101 
291998000: system.memobj: fix data : 1111111111000000100001001110110101110100010010100011100011010101 
291998000: system.memobj: -------------------------------------
292047000: system.memobj: mem->cpu Got response for addr 0x29f10 , 171792
292047000: system.memobj: size 0x8
292047000: system.memobj: id 94061725811856
292047000: system.memobj: data_hex : FFC084ED744A38D5 
292047000: system.memobj: data : 1111111111000000100001001110110101110100010010100011100011010101 
292047000: system.memobj: fix data : 1111111111000000100001001110110101110100010010100011100011010101 
292047000: system.memobj: -------------------------------------
292096000: system.memobj: mem->cpu Got response for addr 0x29f10 , 171792
292096000: system.memobj: size 0x8
292096000: system.memobj: id 94061725811568
292096000: system.memobj: data_hex : FFC084ED744A38D5 
292096000: system.memobj: data : 1111111111000000100001001110110101110100010010100011100011010101 
292096000: system.memobj: fix data : 1111111111000000100001001110110101110100010010100011100011010101 
292096000: system.memobj: -------------------------------------
292145000: system.memobj: mem->cpu Got response for addr 0x29f60 , 171872
292145000: system.memobj: size 0x8
292145000: system.memobj: id 94061725811856
292145000: system.memobj: data_hex : 90C3909090909090 
292145000: system.memobj: data : 1001000011000011100100001001000010010000100100001001000010010000 
292145000: system.memobj: fix data : 1001000011000011100100001001000010010000100100001001000010010000 
292145000: system.memobj: -------------------------------------
292194000: system.memobj: mem->cpu Got response for addr 0x29f60 , 171872
292194000: system.memobj: size 0x8
292194000: system.memobj: id 94061725811568
292194000: system.memobj: data_hex : 90C3909090909090 
292194000: system.memobj: data : 1001000011000011100100001001000010010000100100001001000010010000 
292194000: system.memobj: fix data : 1001000011000011100100001001000010010000100100001001000010010000 
292194000: system.memobj: -------------------------------------
292243000: system.memobj: mem->cpu Got response for addr 0x94b48 , 609096
292243000: system.memobj: size 0x8
292243000: system.memobj: id 94061725811856
292243000: system.memobj: data_hex : 2EA6420000000000 
292243000: system.memobj: data : 0010111010100110010000100000000000000000000000000000000000000000 
292243000: system.memobj: hamming code addr: 609096 
292243000: system.memobj: hamming code out: 9 
292243000: system.memobj: find Error Bit index : 4 
292243000: system.memobj: hamming code addr: 609104 
292243000: system.memobj: hamming code out: 4 
292243000: system.memobj: hamming code addr: 609112 
292243000: system.memobj: hamming code out: 14 
292243000: system.memobj: hamming code addr: 609120 
292243000: system.memobj: hamming code out: 0 
292243000: system.memobj: hamming code addr: 609128 
292243000: system.memobj: hamming code out: 0 
292243000: system.memobj: hamming code addr: 609136 
292243000: system.memobj: hamming code out: 0 
292243000: system.memobj: hamming code addr: 609144 
292243000: system.memobj: hamming code out: 0 
292243000: system.memobj: hamming code addr: 609152 
292243000: system.memobj: hamming code out: 0 
292243000: system.memobj: fix data : 0011111010100110010000100000000000000000000000000000000000000000 
292243000: system.memobj: -------------------------------------
292292000: system.memobj: mem->cpu Got response for addr 0x2a638 , 173624
292292000: system.memobj: size 0x8
292292000: system.memobj: id 94061725811856
292292000: system.memobj: data_hex : DEE882F7FFFF4885 
292292000: system.memobj: data : 1101111011101000100000101111011111111111111111110100100010000101 
292292000: system.memobj: fix data : 1101111011101000100000101111011111111111111111110100100010000101 
292292000: system.memobj: -------------------------------------
292341000: system.memobj: mem->cpu Got response for addr 0x2a640 , 173632
292341000: system.memobj: size 0x8
292341000: system.memobj: id 94061725811568
292341000: system.memobj: data_hex : C075ED4883C40848 
292341000: system.memobj: data : 1100000001110101111011010100100010000011110001000000100001001000 
292341000: system.memobj: fix data : 1100000001110101111011010100100010000011110001000000100001001000 
292341000: system.memobj: -------------------------------------
292390000: system.memobj: mem->cpu Got response for addr 0x2a640 , 173632
292390000: system.memobj: size 0x8
292390000: system.memobj: id 94061725811856
292390000: system.memobj: data_hex : C075ED4883C40848 
292390000: system.memobj: data : 1100000001110101111011010100100010000011110001000000100001001000 
292390000: system.memobj: fix data : 1100000001110101111011010100100010000011110001000000100001001000 
292390000: system.memobj: -------------------------------------
292439000: system.memobj: mem->cpu Got response for addr 0x2a630 , 173616
292439000: system.memobj: size 0x8
292439000: system.memobj: id 94061725811568
292439000: system.memobj: data_hex : 488D78014889C589 
292439000: system.memobj: data : 0100100010001101011110000000000101001000100010011100010110001001 
292439000: system.memobj: fix data : 0100100010001101011110000000000101001000100010011100010110001001 
292439000: system.memobj: -------------------------------------
292488000: system.memobj: mem->cpu Got response for addr 0x2a630 , 173616
292488000: system.memobj: size 0x8
292488000: system.memobj: id 94061725811856
292488000: system.memobj: data_hex : 488D78014889C589 
292488000: system.memobj: data : 0100100010001101011110000000000101001000100010011100010110001001 
292488000: system.memobj: fix data : 0100100010001101011110000000000101001000100010011100010110001001 
292488000: system.memobj: -------------------------------------
292537000: system.memobj: mem->cpu Got response for addr 0x2a630 , 173616
292537000: system.memobj: size 0x8
292537000: system.memobj: id 94061725811568
292537000: system.memobj: data_hex : 488D78014889C589 
292537000: system.memobj: data : 0100100010001101011110000000000101001000100010011100010110001001 
292537000: system.memobj: fix data : 0100100010001101011110000000000101001000100010011100010110001001 
292537000: system.memobj: -------------------------------------
292586000: system.memobj: mem->cpu Got response for addr 0x2a638 , 173624
292586000: system.memobj: size 0x8
292586000: system.memobj: id 94061725811856
292586000: system.memobj: data_hex : DEE882F7FFFF4885 
292586000: system.memobj: data : 1101111011101000100000101111011111111111111111110100100010000101 
292586000: system.memobj: fix data : 1101111011101000100000101111011111111111111111110100100010000101 
292586000: system.memobj: -------------------------------------
292635000: system.memobj: mem->cpu Got response for addr 0x2a638 , 173624
292635000: system.memobj: size 0x8
292635000: system.memobj: id 94061725811568
292635000: system.memobj: data_hex : DEE882F7FFFF4885 
292635000: system.memobj: data : 1101111011101000100000101111011111111111111111110100100010000101 
292635000: system.memobj: fix data : 1101111011101000100000101111011111111111111111110100100010000101 
292635000: system.memobj: -------------------------------------
292635000: system.memobj: cpu->mem Got request for addr 0x94b48 , 609096
292635000: system.memobj: size 0x8
292635000: system.memobj: id 94061725811856
292635000: system.memobj: data_hex : 3EA6420000000000 
292635000: system.memobj: data : 0011111010100110010000100000000000000000000000000000000000000000 
292635000: system.memobj: hamming code addr: 609096 
292635000: system.memobj: hamming code : 9 
292635000: system.memobj: hamming code addr: 609104 
292635000: system.memobj: hamming code : 4 
292635000: system.memobj: hamming code addr: 609112 
292635000: system.memobj: hamming code : 14 
292635000: system.memobj: hamming code addr: 609120 
292635000: system.memobj: hamming code : 0 
292635000: system.memobj: hamming code addr: 609128 
292635000: system.memobj: hamming code : 0 
292635000: system.memobj: hamming code addr: 609136 
292635000: system.memobj: hamming code : 0 
292635000: system.memobj: hamming code addr: 609144 
292635000: system.memobj: hamming code : 0 
292635000: system.memobj: hamming code addr: 609152 
292635000: system.memobj: hamming code : 0 
292635000: system.memobj: Enter Error Bit index: 8 
292635000: system.memobj: flip data : 0011111110100110010000100000000000000000000000000000000000000000 
292635000: system.memobj: -------------------------------------
292705000: system.memobj: mem->cpu Got response for addr 0x29dc0 , 171456
292705000: system.memobj: size 0x8
292705000: system.memobj: id 94061725811856
292705000: system.memobj: data_hex : 4889FA83E2074889 
292705000: system.memobj: data : 0100100010001001111110101000001111100010000001110100100010001001 
292705000: system.memobj: fix data : 0100100010001001111110101000001111100010000001110100100010001001 
292705000: system.memobj: -------------------------------------
292768000: system.memobj: mem->cpu Got response for addr 0x29dc0 , 171456
292768000: system.memobj: size 0x8
292768000: system.memobj: id 94061725811568
292768000: system.memobj: data_hex : 4889FA83E2074889 
292768000: system.memobj: data : 0100100010001001111110101000001111100010000001110100100010001001 
292768000: system.memobj: fix data : 0100100010001001111110101000001111100010000001110100100010001001 
292768000: system.memobj: -------------------------------------
292817000: system.memobj: mem->cpu Got response for addr 0x29dc0 , 171456
292817000: system.memobj: size 0x8
292817000: system.memobj: id 94061725811856
292817000: system.memobj: data_hex : 4889FA83E2074889 
292817000: system.memobj: data : 0100100010001001111110101000001111100010000001110100100010001001 
292817000: system.memobj: fix data : 0100100010001001111110101000001111100010000001110100100010001001 
292817000: system.memobj: -------------------------------------
292866000: system.memobj: mem->cpu Got response for addr 0x29dc8 , 171464
292866000: system.memobj: size 0x8
292866000: system.memobj: id 94061725811568
292866000: system.memobj: data_hex : F8741FF7DA83C208 
292866000: system.memobj: data : 1111100001110100000111111111011111011010100000111100001000001000 
292866000: system.memobj: fix data : 1111100001110100000111111111011111011010100000111100001000001000 
292866000: system.memobj: -------------------------------------
292915000: system.memobj: mem->cpu Got response for addr 0x29dc8 , 171464
292915000: system.memobj: size 0x8
292915000: system.memobj: id 94061725811856
292915000: system.memobj: data_hex : F8741FF7DA83C208 
292915000: system.memobj: data : 1111100001110100000111111111011111011010100000111100001000001000 
292915000: system.memobj: fix data : 1111100001110100000111111111011111011010100000111100001000001000 
292915000: system.memobj: -------------------------------------
292964000: system.memobj: mem->cpu Got response for addr 0x29dc8 , 171464
292964000: system.memobj: size 0x8
292964000: system.memobj: id 94061725811568
292964000: system.memobj: data_hex : F8741FF7DA83C208 
292964000: system.memobj: data : 1111100001110100000111111111011111011010100000111100001000001000 
292964000: system.memobj: fix data : 1111100001110100000111111111011111011010100000111100001000001000 
292964000: system.memobj: -------------------------------------
293013000: system.memobj: mem->cpu Got response for addr 0x29dc8 , 171464
293013000: system.memobj: size 0x8
293013000: system.memobj: id 94061725811856
293013000: system.memobj: data_hex : F8741FF7DA83C208 
293013000: system.memobj: data : 1111100001110100000111111111011111011010100000111100001000001000 
293013000: system.memobj: fix data : 1111100001110100000111111111011111011010100000111100001000001000 
293013000: system.memobj: -------------------------------------
293062000: system.memobj: mem->cpu Got response for addr 0x29dd0 , 171472
293062000: system.memobj: size 0x8
293062000: system.memobj: id 94061725811568
293062000: system.memobj: data_hex : 8A084038CE0F8485 
293062000: system.memobj: data : 1000101000001000010000000011100011001110000011111000010010000101 
293062000: system.memobj: fix data : 1000101000001000010000000011100011001110000011111000010010000101 
293062000: system.memobj: -------------------------------------
293111000: system.memobj: mem->cpu Got response for addr 0x94f72 , 610162
293111000: system.memobj: size 0x1
293111000: system.memobj: id 94061725811856
293111000: system.memobj: data_hex : 74 
293111000: system.memobj: data : 01110100 
293111000: system.memobj: fix data : 01110100 
293111000: system.memobj: -------------------------------------
293160000: system.memobj: mem->cpu Got response for addr 0x29dd0 , 171472
293160000: system.memobj: size 0x8
293160000: system.memobj: id 94061725811856
293160000: system.memobj: data_hex : 8A084038CE0F8485 
293160000: system.memobj: data : 1000101000001000010000000011100011001110000011111000010010000101 
293160000: system.memobj: fix data : 1000101000001000010000000011100011001110000011111000010010000101 
293160000: system.memobj: -------------------------------------
293209000: system.memobj: mem->cpu Got response for addr 0x29dd0 , 171472
293209000: system.memobj: size 0x8
293209000: system.memobj: id 94061725811568
293209000: system.memobj: data_hex : 8A084038CE0F8485 
293209000: system.memobj: data : 1000101000001000010000000011100011001110000011111000010010000101 
293209000: system.memobj: fix data : 1000101000001000010000000011100011001110000011111000010010000101 
293209000: system.memobj: -------------------------------------
293258000: system.memobj: mem->cpu Got response for addr 0x29dd8 , 171480
293258000: system.memobj: size 0x8
293258000: system.memobj: id 94061725811856
293258000: system.memobj: data_hex : 01000084C90F8415 
293258000: system.memobj: data : 0000000100000000000000001000010011001001000011111000010000010101 
293258000: system.memobj: fix data : 0000000100000000000000001000010011001001000011111000010000010101 
293258000: system.memobj: -------------------------------------
293307000: system.memobj: mem->cpu Got response for addr 0x29dd8 , 171480
293307000: system.memobj: size 0x8
293307000: system.memobj: id 94061725811568
293307000: system.memobj: data_hex : 01000084C90F8415 
293307000: system.memobj: data : 0000000100000000000000001000010011001001000011111000010000010101 
293307000: system.memobj: fix data : 0000000100000000000000001000010011001001000011111000010000010101 
293307000: system.memobj: -------------------------------------
293356000: system.memobj: mem->cpu Got response for addr 0x29dd8 , 171480
293356000: system.memobj: size 0x8
293356000: system.memobj: id 94061725811856
293356000: system.memobj: data_hex : 01000084C90F8415 
293356000: system.memobj: data : 0000000100000000000000001000010011001001000011111000010000010101 
293356000: system.memobj: fix data : 0000000100000000000000001000010011001001000011111000010000010101 
293356000: system.memobj: -------------------------------------
293405000: system.memobj: mem->cpu Got response for addr 0x29de0 , 171488
293405000: system.memobj: size 0x8
293405000: system.memobj: id 94061725811568
293405000: system.memobj: data_hex : 01000048FFC0FFCA 
293405000: system.memobj: data : 0000000100000000000000000100100011111111110000001111111111001010 
293405000: system.memobj: fix data : 0000000100000000000000000100100011111111110000001111111111001010 
293405000: system.memobj: -------------------------------------
293454000: system.memobj: mem->cpu Got response for addr 0x29de0 , 171488
293454000: system.memobj: size 0x8
293454000: system.memobj: id 94061725811856
293454000: system.memobj: data_hex : 01000048FFC0FFCA 
293454000: system.memobj: data : 0000000100000000000000000100100011111111110000001111111111001010 
293454000: system.memobj: fix data : 0000000100000000000000000100100011111111110000001111111111001010 
293454000: system.memobj: -------------------------------------
293503000: system.memobj: mem->cpu Got response for addr 0x29de0 , 171488
293503000: system.memobj: size 0x8
293503000: system.memobj: id 94061725811568
293503000: system.memobj: data_hex : 01000048FFC0FFCA 
293503000: system.memobj: data : 0000000100000000000000000100100011111111110000001111111111001010 
293503000: system.memobj: fix data : 0000000100000000000000000100100011111111110000001111111111001010 
293503000: system.memobj: -------------------------------------
293552000: system.memobj: mem->cpu Got response for addr 0x29de8 , 171496
293552000: system.memobj: size 0x8
293552000: system.memobj: id 94061725811856
293552000: system.memobj: data_hex : 75E649B901010101 
293552000: system.memobj: data : 0111010111100110010010011011100100000001000000010000000100000001 
293552000: system.memobj: fix data : 0111010111100110010010011011100100000001000000010000000100000001 
293552000: system.memobj: -------------------------------------
293615000: system.memobj: mem->cpu Got response for addr 0x29dd0 , 171472
293615000: system.memobj: size 0x8
293615000: system.memobj: id 94061725811568
293615000: system.memobj: data_hex : 8A084038CE0F8485 
293615000: system.memobj: data : 1000101000001000010000000011100011001110000011111000010010000101 
293615000: system.memobj: fix data : 1000101000001000010000000011100011001110000011111000010010000101 
293615000: system.memobj: -------------------------------------
293664000: system.memobj: mem->cpu Got response for addr 0x94f73 , 610163
293664000: system.memobj: size 0x1
293664000: system.memobj: id 94061725811856
293664000: system.memobj: data_hex : 65 
293664000: system.memobj: data : 01100101 
293664000: system.memobj: fix data : 01100101 
293664000: system.memobj: -------------------------------------
293713000: system.memobj: mem->cpu Got response for addr 0x29dd0 , 171472
293713000: system.memobj: size 0x8
293713000: system.memobj: id 94061725811856
293713000: system.memobj: data_hex : 8A084038CE0F8485 
293713000: system.memobj: data : 1000101000001000010000000011100011001110000011111000010010000101 
293713000: system.memobj: fix data : 1000101000001000010000000011100011001110000011111000010010000101 
293713000: system.memobj: -------------------------------------
293762000: system.memobj: mem->cpu Got response for addr 0x29dd0 , 171472
293762000: system.memobj: size 0x8
293762000: system.memobj: id 94061725811568
293762000: system.memobj: data_hex : 8A084038CE0F8485 
293762000: system.memobj: data : 1000101000001000010000000011100011001110000011111000010010000101 
293762000: system.memobj: fix data : 1000101000001000010000000011100011001110000011111000010010000101 
293762000: system.memobj: -------------------------------------
293811000: system.memobj: mem->cpu Got response for addr 0x29dd8 , 171480
293811000: system.memobj: size 0x8
293811000: system.memobj: id 94061725811856
293811000: system.memobj: data_hex : 01000084C90F8415 
293811000: system.memobj: data : 0000000100000000000000001000010011001001000011111000010000010101 
293811000: system.memobj: fix data : 0000000100000000000000001000010011001001000011111000010000010101 
293811000: system.memobj: -------------------------------------
293860000: system.memobj: mem->cpu Got response for addr 0x29dd8 , 171480
293860000: system.memobj: size 0x8
293860000: system.memobj: id 94061725811568
293860000: system.memobj: data_hex : 01000084C90F8415 
293860000: system.memobj: data : 0000000100000000000000001000010011001001000011111000010000010101 
293860000: system.memobj: fix data : 0000000100000000000000001000010011001001000011111000010000010101 
293860000: system.memobj: -------------------------------------
293909000: system.memobj: mem->cpu Got response for addr 0x29dd8 , 171480
293909000: system.memobj: size 0x8
293909000: system.memobj: id 94061725811856
293909000: system.memobj: data_hex : 01000084C90F8415 
293909000: system.memobj: data : 0000000100000000000000001000010011001001000011111000010000010101 
293909000: system.memobj: fix data : 0000000100000000000000001000010011001001000011111000010000010101 
293909000: system.memobj: -------------------------------------
293958000: system.memobj: mem->cpu Got response for addr 0x29de0 , 171488
293958000: system.memobj: size 0x8
293958000: system.memobj: id 94061725811568
293958000: system.memobj: data_hex : 01000048FFC0FFCA 
293958000: system.memobj: data : 0000000100000000000000000100100011111111110000001111111111001010 
293958000: system.memobj: fix data : 0000000100000000000000000100100011111111110000001111111111001010 
293958000: system.memobj: -------------------------------------
294007000: system.memobj: mem->cpu Got response for addr 0x29de0 , 171488
294007000: system.memobj: size 0x8
294007000: system.memobj: id 94061725811856
294007000: system.memobj: data_hex : 01000048FFC0FFCA 
294007000: system.memobj: data : 0000000100000000000000000100100011111111110000001111111111001010 
294007000: system.memobj: fix data : 0000000100000000000000000100100011111111110000001111111111001010 
294007000: system.memobj: -------------------------------------
294056000: system.memobj: mem->cpu Got response for addr 0x29de0 , 171488
294056000: system.memobj: size 0x8
294056000: system.memobj: id 94061725811568
294056000: system.memobj: data_hex : 01000048FFC0FFCA 
294056000: system.memobj: data : 0000000100000000000000000100100011111111110000001111111111001010 
294056000: system.memobj: fix data : 0000000100000000000000000100100011111111110000001111111111001010 
294056000: system.memobj: -------------------------------------
294105000: system.memobj: mem->cpu Got response for addr 0x29de8 , 171496
294105000: system.memobj: size 0x8
294105000: system.memobj: id 94061725811856
294105000: system.memobj: data_hex : 75E649B901010101 
294105000: system.memobj: data : 0111010111100110010010011011100100000001000000010000000100000001 
294105000: system.memobj: fix data : 0111010111100110010010011011100100000001000000010000000100000001 
294105000: system.memobj: -------------------------------------
294154000: system.memobj: mem->cpu Got response for addr 0x29dd0 , 171472
294154000: system.memobj: size 0x8
294154000: system.memobj: id 94061725811568
294154000: system.memobj: data_hex : 8A084038CE0F8485 
294154000: system.memobj: data : 1000101000001000010000000011100011001110000011111000010010000101 
294154000: system.memobj: fix data : 1000101000001000010000000011100011001110000011111000010010000101 
294154000: system.memobj: -------------------------------------
294203000: system.memobj: mem->cpu Got response for addr 0x94f74 , 610164
294203000: system.memobj: size 0x1
294203000: system.memobj: id 94061725811856
294203000: system.memobj: data_hex : 73 
294203000: system.memobj: data : 01110011 
294203000: system.memobj: fix data : 01110011 
294203000: system.memobj: -------------------------------------
294252000: system.memobj: mem->cpu Got response for addr 0x29dd0 , 171472
294252000: system.memobj: size 0x8
294252000: system.memobj: id 94061725811856
294252000: system.memobj: data_hex : 8A084038CE0F8485 
294252000: system.memobj: data : 1000101000001000010000000011100011001110000011111000010010000101 
294252000: system.memobj: fix data : 1000101000001000010000000011100011001110000011111000010010000101 
294252000: system.memobj: -------------------------------------
294301000: system.memobj: mem->cpu Got response for addr 0x29dd0 , 171472
294301000: system.memobj: size 0x8
294301000: system.memobj: id 94061725811568
294301000: system.memobj: data_hex : 8A084038CE0F8485 
294301000: system.memobj: data : 1000101000001000010000000011100011001110000011111000010010000101 
294301000: system.memobj: fix data : 1000101000001000010000000011100011001110000011111000010010000101 
294301000: system.memobj: -------------------------------------
294350000: system.memobj: mem->cpu Got response for addr 0x29dd8 , 171480
294350000: system.memobj: size 0x8
294350000: system.memobj: id 94061725811856
294350000: system.memobj: data_hex : 01000084C90F8415 
294350000: system.memobj: data : 0000000100000000000000001000010011001001000011111000010000010101 
294350000: system.memobj: fix data : 0000000100000000000000001000010011001001000011111000010000010101 
294350000: system.memobj: -------------------------------------
294399000: system.memobj: mem->cpu Got response for addr 0x29dd8 , 171480
294399000: system.memobj: size 0x8
294399000: system.memobj: id 94061725811568
294399000: system.memobj: data_hex : 01000084C90F8415 
294399000: system.memobj: data : 0000000100000000000000001000010011001001000011111000010000010101 
294399000: system.memobj: fix data : 0000000100000000000000001000010011001001000011111000010000010101 
294399000: system.memobj: -------------------------------------
294448000: system.memobj: mem->cpu Got response for addr 0x29dd8 , 171480
294448000: system.memobj: size 0x8
294448000: system.memobj: id 94061725811856
294448000: system.memobj: data_hex : 01000084C90F8415 
294448000: system.memobj: data : 0000000100000000000000001000010011001001000011111000010000010101 
294448000: system.memobj: fix data : 0000000100000000000000001000010011001001000011111000010000010101 
294448000: system.memobj: -------------------------------------
294511000: system.memobj: mem->cpu Got response for addr 0x29de0 , 171488
294511000: system.memobj: size 0x8
294511000: system.memobj: id 94061725811568
294511000: system.memobj: data_hex : 01000048FFC0FFCA 
294511000: system.memobj: data : 0000000100000000000000000100100011111111110000001111111111001010 
294511000: system.memobj: fix data : 0000000100000000000000000100100011111111110000001111111111001010 
294511000: system.memobj: -------------------------------------
294560000: system.memobj: mem->cpu Got response for addr 0x29de0 , 171488
294560000: system.memobj: size 0x8
294560000: system.memobj: id 94061725811856
294560000: system.memobj: data_hex : 01000048FFC0FFCA 
294560000: system.memobj: data : 0000000100000000000000000100100011111111110000001111111111001010 
294560000: system.memobj: fix data : 0000000100000000000000000100100011111111110000001111111111001010 
294560000: system.memobj: -------------------------------------
294609000: system.memobj: mem->cpu Got response for addr 0x29de0 , 171488
294609000: system.memobj: size 0x8
294609000: system.memobj: id 94061725811568
294609000: system.memobj: data_hex : 01000048FFC0FFCA 
294609000: system.memobj: data : 0000000100000000000000000100100011111111110000001111111111001010 
294609000: system.memobj: fix data : 0000000100000000000000000100100011111111110000001111111111001010 
294609000: system.memobj: -------------------------------------
294658000: system.memobj: mem->cpu Got response for addr 0x29de8 , 171496
294658000: system.memobj: size 0x8
294658000: system.memobj: id 94061725811856
294658000: system.memobj: data_hex : 75E649B901010101 
294658000: system.memobj: data : 0111010111100110010010011011100100000001000000010000000100000001 
294658000: system.memobj: fix data : 0111010111100110010010011011100100000001000000010000000100000001 
294658000: system.memobj: -------------------------------------
294707000: system.memobj: mem->cpu Got response for addr 0x29dd0 , 171472
294707000: system.memobj: size 0x8
294707000: system.memobj: id 94061725811568
294707000: system.memobj: data_hex : 8A084038CE0F8485 
294707000: system.memobj: data : 1000101000001000010000000011100011001110000011111000010010000101 
294707000: system.memobj: fix data : 1000101000001000010000000011100011001110000011111000010010000101 
294707000: system.memobj: -------------------------------------
294756000: system.memobj: mem->cpu Got response for addr 0x94f75 , 610165
294756000: system.memobj: size 0x1
294756000: system.memobj: id 94061725811856
294756000: system.memobj: data_hex : 74 
294756000: system.memobj: data : 01110100 
294756000: system.memobj: fix data : 01110100 
294756000: system.memobj: -------------------------------------
294805000: system.memobj: mem->cpu Got response for addr 0x29dd0 , 171472
294805000: system.memobj: size 0x8
294805000: system.memobj: id 94061725811856
294805000: system.memobj: data_hex : 8A084038CE0F8485 
294805000: system.memobj: data : 1000101000001000010000000011100011001110000011111000010010000101 
294805000: system.memobj: fix data : 1000101000001000010000000011100011001110000011111000010010000101 
294805000: system.memobj: -------------------------------------
294854000: system.memobj: mem->cpu Got response for addr 0x29dd0 , 171472
294854000: system.memobj: size 0x8
294854000: system.memobj: id 94061725811568
294854000: system.memobj: data_hex : 8A084038CE0F8485 
294854000: system.memobj: data : 1000101000001000010000000011100011001110000011111000010010000101 
294854000: system.memobj: fix data : 1000101000001000010000000011100011001110000011111000010010000101 
294854000: system.memobj: -------------------------------------
294903000: system.memobj: mem->cpu Got response for addr 0x29dd8 , 171480
294903000: system.memobj: size 0x8
294903000: system.memobj: id 94061725811856
294903000: system.memobj: data_hex : 01000084C90F8415 
294903000: system.memobj: data : 0000000100000000000000001000010011001001000011111000010000010101 
294903000: system.memobj: fix data : 0000000100000000000000001000010011001001000011111000010000010101 
294903000: system.memobj: -------------------------------------
294952000: system.memobj: mem->cpu Got response for addr 0x29dd8 , 171480
294952000: system.memobj: size 0x8
294952000: system.memobj: id 94061725811568
294952000: system.memobj: data_hex : 01000084C90F8415 
294952000: system.memobj: data : 0000000100000000000000001000010011001001000011111000010000010101 
294952000: system.memobj: fix data : 0000000100000000000000001000010011001001000011111000010000010101 
294952000: system.memobj: -------------------------------------
295001000: system.memobj: mem->cpu Got response for addr 0x29dd8 , 171480
295001000: system.memobj: size 0x8
295001000: system.memobj: id 94061725811856
295001000: system.memobj: data_hex : 01000084C90F8415 
295001000: system.memobj: data : 0000000100000000000000001000010011001001000011111000010000010101 
295001000: system.memobj: fix data : 0000000100000000000000001000010011001001000011111000010000010101 
295001000: system.memobj: -------------------------------------
295050000: system.memobj: mem->cpu Got response for addr 0x29de0 , 171488
295050000: system.memobj: size 0x8
295050000: system.memobj: id 94061725811568
295050000: system.memobj: data_hex : 01000048FFC0FFCA 
295050000: system.memobj: data : 0000000100000000000000000100100011111111110000001111111111001010 
295050000: system.memobj: fix data : 0000000100000000000000000100100011111111110000001111111111001010 
295050000: system.memobj: -------------------------------------
295099000: system.memobj: mem->cpu Got response for addr 0x29de0 , 171488
295099000: system.memobj: size 0x8
295099000: system.memobj: id 94061725811856
295099000: system.memobj: data_hex : 01000048FFC0FFCA 
295099000: system.memobj: data : 0000000100000000000000000100100011111111110000001111111111001010 
295099000: system.memobj: fix data : 0000000100000000000000000100100011111111110000001111111111001010 
295099000: system.memobj: -------------------------------------
295148000: system.memobj: mem->cpu Got response for addr 0x29de0 , 171488
295148000: system.memobj: size 0x8
295148000: system.memobj: id 94061725811568
295148000: system.memobj: data_hex : 01000048FFC0FFCA 
295148000: system.memobj: data : 0000000100000000000000000100100011111111110000001111111111001010 
295148000: system.memobj: fix data : 0000000100000000000000000100100011111111110000001111111111001010 
295148000: system.memobj: -------------------------------------
295197000: system.memobj: mem->cpu Got response for addr 0x29de8 , 171496
295197000: system.memobj: size 0x8
295197000: system.memobj: id 94061725811856
295197000: system.memobj: data_hex : 75E649B901010101 
295197000: system.memobj: data : 0111010111100110010010011011100100000001000000010000000100000001 
295197000: system.memobj: fix data : 0111010111100110010010011011100100000001000000010000000100000001 
295197000: system.memobj: -------------------------------------
295246000: system.memobj: mem->cpu Got response for addr 0x29dd0 , 171472
295246000: system.memobj: size 0x8
295246000: system.memobj: id 94061725811568
295246000: system.memobj: data_hex : 8A084038CE0F8485 
295246000: system.memobj: data : 1000101000001000010000000011100011001110000011111000010010000101 
295246000: system.memobj: fix data : 1000101000001000010000000011100011001110000011111000010010000101 
295246000: system.memobj: -------------------------------------
295295000: system.memobj: mem->cpu Got response for addr 0x94f76 , 610166
295295000: system.memobj: size 0x1
295295000: system.memobj: id 94061725811856
295295000: system.memobj: data_hex : 73 
295295000: system.memobj: data : 01110011 
295295000: system.memobj: fix data : 01110011 
295295000: system.memobj: -------------------------------------
295344000: system.memobj: mem->cpu Got response for addr 0x29dd0 , 171472
295344000: system.memobj: size 0x8
295344000: system.memobj: id 94061725811856
295344000: system.memobj: data_hex : 8A084038CE0F8485 
295344000: system.memobj: data : 1000101000001000010000000011100011001110000011111000010010000101 
295344000: system.memobj: fix data : 1000101000001000010000000011100011001110000011111000010010000101 
295344000: system.memobj: -------------------------------------
295407000: system.memobj: mem->cpu Got response for addr 0x29dd0 , 171472
295407000: system.memobj: size 0x8
295407000: system.memobj: id 94061725811568
295407000: system.memobj: data_hex : 8A084038CE0F8485 
295407000: system.memobj: data : 1000101000001000010000000011100011001110000011111000010010000101 
295407000: system.memobj: fix data : 1000101000001000010000000011100011001110000011111000010010000101 
295407000: system.memobj: -------------------------------------
295456000: system.memobj: mem->cpu Got response for addr 0x29dd8 , 171480
295456000: system.memobj: size 0x8
295456000: system.memobj: id 94061725811856
295456000: system.memobj: data_hex : 01000084C90F8415 
295456000: system.memobj: data : 0000000100000000000000001000010011001001000011111000010000010101 
295456000: system.memobj: fix data : 0000000100000000000000001000010011001001000011111000010000010101 
295456000: system.memobj: -------------------------------------
295505000: system.memobj: mem->cpu Got response for addr 0x29dd8 , 171480
295505000: system.memobj: size 0x8
295505000: system.memobj: id 94061725811568
295505000: system.memobj: data_hex : 01000084C90F8415 
295505000: system.memobj: data : 0000000100000000000000001000010011001001000011111000010000010101 
295505000: system.memobj: fix data : 0000000100000000000000001000010011001001000011111000010000010101 
295505000: system.memobj: -------------------------------------
295554000: system.memobj: mem->cpu Got response for addr 0x29dd8 , 171480
295554000: system.memobj: size 0x8
295554000: system.memobj: id 94061725811856
295554000: system.memobj: data_hex : 01000084C90F8415 
295554000: system.memobj: data : 0000000100000000000000001000010011001001000011111000010000010101 
295554000: system.memobj: fix data : 0000000100000000000000001000010011001001000011111000010000010101 
295554000: system.memobj: -------------------------------------
295603000: system.memobj: mem->cpu Got response for addr 0x29de0 , 171488
295603000: system.memobj: size 0x8
295603000: system.memobj: id 94061725811568
295603000: system.memobj: data_hex : 01000048FFC0FFCA 
295603000: system.memobj: data : 0000000100000000000000000100100011111111110000001111111111001010 
295603000: system.memobj: fix data : 0000000100000000000000000100100011111111110000001111111111001010 
295603000: system.memobj: -------------------------------------
295652000: system.memobj: mem->cpu Got response for addr 0x29de0 , 171488
295652000: system.memobj: size 0x8
295652000: system.memobj: id 94061725811856
295652000: system.memobj: data_hex : 01000048FFC0FFCA 
295652000: system.memobj: data : 0000000100000000000000000100100011111111110000001111111111001010 
295652000: system.memobj: fix data : 0000000100000000000000000100100011111111110000001111111111001010 
295652000: system.memobj: -------------------------------------
295701000: system.memobj: mem->cpu Got response for addr 0x29de0 , 171488
295701000: system.memobj: size 0x8
295701000: system.memobj: id 94061725811568
295701000: system.memobj: data_hex : 01000048FFC0FFCA 
295701000: system.memobj: data : 0000000100000000000000000100100011111111110000001111111111001010 
295701000: system.memobj: fix data : 0000000100000000000000000100100011111111110000001111111111001010 
295701000: system.memobj: -------------------------------------
295750000: system.memobj: mem->cpu Got response for addr 0x29de8 , 171496
295750000: system.memobj: size 0x8
295750000: system.memobj: id 94061725811856
295750000: system.memobj: data_hex : 75E649B901010101 
295750000: system.memobj: data : 0111010111100110010010011011100100000001000000010000000100000001 
295750000: system.memobj: fix data : 0111010111100110010010011011100100000001000000010000000100000001 
295750000: system.memobj: -------------------------------------
295799000: system.memobj: mem->cpu Got response for addr 0x29dd0 , 171472
295799000: system.memobj: size 0x8
295799000: system.memobj: id 94061725811568
295799000: system.memobj: data_hex : 8A084038CE0F8485 
295799000: system.memobj: data : 1000101000001000010000000011100011001110000011111000010010000101 
295799000: system.memobj: fix data : 1000101000001000010000000011100011001110000011111000010010000101 
295799000: system.memobj: -------------------------------------
295848000: system.memobj: mem->cpu Got response for addr 0x94f77 , 610167
295848000: system.memobj: size 0x1
295848000: system.memobj: id 94061725811856
295848000: system.memobj: data_hex : 2F 
295848000: system.memobj: data : 00101111 
295848000: system.memobj: fix data : 00101111 
295848000: system.memobj: -------------------------------------
295897000: system.memobj: mem->cpu Got response for addr 0x29dd0 , 171472
295897000: system.memobj: size 0x8
295897000: system.memobj: id 94061725811856
295897000: system.memobj: data_hex : 8A084038CE0F8485 
295897000: system.memobj: data : 1000101000001000010000000011100011001110000011111000010010000101 
295897000: system.memobj: fix data : 1000101000001000010000000011100011001110000011111000010010000101 
295897000: system.memobj: -------------------------------------
296214000: system.memobj: mem->cpu Got response for addr 0x29dd0 , 171472
296214000: system.memobj: size 0x8
296214000: system.memobj: id 94061725811568
296214000: system.memobj: data_hex : 8A084038CE0F8485 
296214000: system.memobj: data : 1000101000001000010000000011100011001110000011111000010010000101 
296214000: system.memobj: fix data : 1000101000001000010000000011100011001110000011111000010010000101 
296214000: system.memobj: -------------------------------------
296263000: system.memobj: mem->cpu Got response for addr 0x29dd8 , 171480
296263000: system.memobj: size 0x8
296263000: system.memobj: id 94061725811856
296263000: system.memobj: data_hex : 01000084C90F8415 
296263000: system.memobj: data : 0000000100000000000000001000010011001001000011111000010000010101 
296263000: system.memobj: fix data : 0000000100000000000000001000010011001001000011111000010000010101 
296263000: system.memobj: -------------------------------------
296312000: system.memobj: mem->cpu Got response for addr 0x29f60 , 171872
296312000: system.memobj: size 0x8
296312000: system.memobj: id 94061725811568
296312000: system.memobj: data_hex : 90C3909090909090 
296312000: system.memobj: data : 1001000011000011100100001001000010010000100100001001000010010000 
296312000: system.memobj: fix data : 1001000011000011100100001001000010010000100100001001000010010000 
296312000: system.memobj: -------------------------------------
296361000: system.memobj: mem->cpu Got response for addr 0x29f60 , 171872
296361000: system.memobj: size 0x8
296361000: system.memobj: id 94061725811856
296361000: system.memobj: data_hex : 90C3909090909090 
296361000: system.memobj: data : 1001000011000011100100001001000010010000100100001001000010010000 
296361000: system.memobj: fix data : 1001000011000011100100001001000010010000100100001001000010010000 
296361000: system.memobj: -------------------------------------
296424000: system.memobj: mem->cpu Got response for addr 0x94b48 , 609096
296424000: system.memobj: size 0x8
296424000: system.memobj: id 94061725811568
296424000: system.memobj: data_hex : 3FA6420000000000 
296424000: system.memobj: data : 0011111110100110010000100000000000000000000000000000000000000000 
296424000: system.memobj: hamming code addr: 609096 
296424000: system.memobj: hamming code out: 9 
296424000: system.memobj: find Error Bit index : 8 
296424000: system.memobj: hamming code addr: 609104 
296424000: system.memobj: hamming code out: 4 
296424000: system.memobj: hamming code addr: 609112 
296424000: system.memobj: hamming code out: 14 
296424000: system.memobj: hamming code addr: 609120 
296424000: system.memobj: hamming code out: 0 
296424000: system.memobj: hamming code addr: 609128 
296424000: system.memobj: hamming code out: 0 
296424000: system.memobj: hamming code addr: 609136 
296424000: system.memobj: hamming code out: 0 
296424000: system.memobj: hamming code addr: 609144 
296424000: system.memobj: hamming code out: 0 
296424000: system.memobj: hamming code addr: 609152 
296424000: system.memobj: hamming code out: 0 
296424000: system.memobj: fix data : 0011111010100110010000100000000000000000000000000000000000000000 
296424000: system.memobj: -------------------------------------
296487000: system.memobj: mem->cpu Got response for addr 0x2a638 , 173624
296487000: system.memobj: size 0x8
296487000: system.memobj: id 94061725811568
296487000: system.memobj: data_hex : DEE882F7FFFF4885 
296487000: system.memobj: data : 1101111011101000100000101111011111111111111111110100100010000101 
296487000: system.memobj: fix data : 1101111011101000100000101111011111111111111111110100100010000101 
296487000: system.memobj: -------------------------------------
296536000: system.memobj: mem->cpu Got response for addr 0x2a640 , 173632
296536000: system.memobj: size 0x8
296536000: system.memobj: id 94061725811856
296536000: system.memobj: data_hex : C075ED4883C40848 
296536000: system.memobj: data : 1100000001110101111011010100100010000011110001000000100001001000 
296536000: system.memobj: fix data : 1100000001110101111011010100100010000011110001000000100001001000 
296536000: system.memobj: -------------------------------------
296585000: system.memobj: mem->cpu Got response for addr 0x2a640 , 173632
296585000: system.memobj: size 0x8
296585000: system.memobj: id 94061725811568
296585000: system.memobj: data_hex : C075ED4883C40848 
296585000: system.memobj: data : 1100000001110101111011010100100010000011110001000000100001001000 
296585000: system.memobj: fix data : 1100000001110101111011010100100010000011110001000000100001001000 
296585000: system.memobj: -------------------------------------
296634000: system.memobj: mem->cpu Got response for addr 0x2a630 , 173616
296634000: system.memobj: size 0x8
296634000: system.memobj: id 94061725811856
296634000: system.memobj: data_hex : 488D78014889C589 
296634000: system.memobj: data : 0100100010001101011110000000000101001000100010011100010110001001 
296634000: system.memobj: fix data : 0100100010001101011110000000000101001000100010011100010110001001 
296634000: system.memobj: -------------------------------------
296683000: system.memobj: mem->cpu Got response for addr 0x2a630 , 173616
296683000: system.memobj: size 0x8
296683000: system.memobj: id 94061725811568
296683000: system.memobj: data_hex : 488D78014889C589 
296683000: system.memobj: data : 0100100010001101011110000000000101001000100010011100010110001001 
296683000: system.memobj: fix data : 0100100010001101011110000000000101001000100010011100010110001001 
296683000: system.memobj: -------------------------------------
296732000: system.memobj: mem->cpu Got response for addr 0x2a630 , 173616
296732000: system.memobj: size 0x8
296732000: system.memobj: id 94061725811856
296732000: system.memobj: data_hex : 488D78014889C589 
296732000: system.memobj: data : 0100100010001101011110000000000101001000100010011100010110001001 
296732000: system.memobj: fix data : 0100100010001101011110000000000101001000100010011100010110001001 
296732000: system.memobj: -------------------------------------
296781000: system.memobj: mem->cpu Got response for addr 0x2a638 , 173624
296781000: system.memobj: size 0x8
296781000: system.memobj: id 94061725811568
296781000: system.memobj: data_hex : DEE882F7FFFF4885 
296781000: system.memobj: data : 1101111011101000100000101111011111111111111111110100100010000101 
296781000: system.memobj: fix data : 1101111011101000100000101111011111111111111111110100100010000101 
296781000: system.memobj: -------------------------------------
296830000: system.memobj: mem->cpu Got response for addr 0x2a638 , 173624
296830000: system.memobj: size 0x8
296830000: system.memobj: id 94061725811856
296830000: system.memobj: data_hex : DEE882F7FFFF4885 
296830000: system.memobj: data : 1101111011101000100000101111011111111111111111110100100010000101 
296830000: system.memobj: fix data : 1101111011101000100000101111011111111111111111110100100010000101 
296830000: system.memobj: -------------------------------------
296830000: system.memobj: cpu->mem Got request for addr 0x94b48 , 609096
296830000: system.memobj: size 0x8
296830000: system.memobj: id 94061725811568
296830000: system.memobj: data_hex : 3EA6420000000000 
296830000: system.memobj: data : 0011111010100110010000100000000000000000000000000000000000000000 
296830000: system.memobj: hamming code addr: 609096 
296830000: system.memobj: hamming code : 9 
296830000: system.memobj: hamming code addr: 609104 
296830000: system.memobj: hamming code : 4 
296830000: system.memobj: hamming code addr: 609112 
296830000: system.memobj: hamming code : 14 
296830000: system.memobj: hamming code addr: 609120 
296830000: system.memobj: hamming code : 0 
296830000: system.memobj: hamming code addr: 609128 
296830000: system.memobj: hamming code : 0 
296830000: system.memobj: hamming code addr: 609136 
296830000: system.memobj: hamming code : 0 
296830000: system.memobj: hamming code addr: 609144 
296830000: system.memobj: hamming code : 0 
296830000: system.memobj: hamming code addr: 609152 
296830000: system.memobj: hamming code : 0 
296830000: system.memobj: Enter Error Bit index: 8 
296830000: system.memobj: flip data : 0011111110100110010000100000000000000000000000000000000000000000 
296830000: system.memobj: -------------------------------------
296900000: system.memobj: mem->cpu Got response for addr 0x29dc0 , 171456
296900000: system.memobj: size 0x8
296900000: system.memobj: id 94061725811568
296900000: system.memobj: data_hex : 4889FA83E2074889 
296900000: system.memobj: data : 0100100010001001111110101000001111100010000001110100100010001001 
296900000: system.memobj: fix data : 0100100010001001111110101000001111100010000001110100100010001001 
296900000: system.memobj: -------------------------------------
296949000: system.memobj: mem->cpu Got response for addr 0x29dc0 , 171456
296949000: system.memobj: size 0x8
296949000: system.memobj: id 94061725811856
296949000: system.memobj: data_hex : 4889FA83E2074889 
296949000: system.memobj: data : 0100100010001001111110101000001111100010000001110100100010001001 
296949000: system.memobj: fix data : 0100100010001001111110101000001111100010000001110100100010001001 
296949000: system.memobj: -------------------------------------
296998000: system.memobj: mem->cpu Got response for addr 0x29dc0 , 171456
296998000: system.memobj: size 0x8
296998000: system.memobj: id 94061725811568
296998000: system.memobj: data_hex : 4889FA83E2074889 
296998000: system.memobj: data : 0100100010001001111110101000001111100010000001110100100010001001 
296998000: system.memobj: fix data : 0100100010001001111110101000001111100010000001110100100010001001 
296998000: system.memobj: -------------------------------------
297047000: system.memobj: mem->cpu Got response for addr 0x29dc8 , 171464
297047000: system.memobj: size 0x8
297047000: system.memobj: id 94061725811856
297047000: system.memobj: data_hex : F8741FF7DA83C208 
297047000: system.memobj: data : 1111100001110100000111111111011111011010100000111100001000001000 
297047000: system.memobj: fix data : 1111100001110100000111111111011111011010100000111100001000001000 
297047000: system.memobj: -------------------------------------
297096000: system.memobj: mem->cpu Got response for addr 0x29dc8 , 171464
297096000: system.memobj: size 0x8
297096000: system.memobj: id 94061725811568
297096000: system.memobj: data_hex : F8741FF7DA83C208 
297096000: system.memobj: data : 1111100001110100000111111111011111011010100000111100001000001000 
297096000: system.memobj: fix data : 1111100001110100000111111111011111011010100000111100001000001000 
297096000: system.memobj: -------------------------------------
297145000: system.memobj: mem->cpu Got response for addr 0x29de8 , 171496
297145000: system.memobj: size 0x8
297145000: system.memobj: id 94061725811856
297145000: system.memobj: data_hex : 75E649B901010101 
297145000: system.memobj: data : 0111010111100110010010011011100100000001000000010000000100000001 
297145000: system.memobj: fix data : 0111010111100110010010011011100100000001000000010000000100000001 
297145000: system.memobj: -------------------------------------
297194000: system.memobj: mem->cpu Got response for addr 0x29df0 , 171504
297194000: system.memobj: size 0x8
297194000: system.memobj: id 94061725811568
297194000: system.memobj: data_hex : 01010101400FB6D6 
297194000: system.memobj: data : 0000000100000001000000010000000101000000000011111011011011010110 
297194000: system.memobj: fix data : 0000000100000001000000010000000101000000000011111011011011010110 
297194000: system.memobj: -------------------------------------
297243000: system.memobj: mem->cpu Got response for addr 0x29df0 , 171504
297243000: system.memobj: size 0x8
297243000: system.memobj: id 94061725811856
297243000: system.memobj: data_hex : 01010101400FB6D6 
297243000: system.memobj: data : 0000000100000001000000010000000101000000000011111011011011010110 
297243000: system.memobj: fix data : 0000000100000001000000010000000101000000000011111011011011010110 
297243000: system.memobj: -------------------------------------
297292000: system.memobj: mem->cpu Got response for addr 0x29df8 , 171512
297292000: system.memobj: size 0x8
297292000: system.memobj: id 94061725811568
297292000: system.memobj: data_hex : 4C0FAFCA49B8FFFE 
297292000: system.memobj: data : 0100110000001111101011111100101001001001101110001111111111111110 
297292000: system.memobj: fix data : 0100110000001111101011111100101001001001101110001111111111111110 
297292000: system.memobj: -------------------------------------
297341000: system.memobj: mem->cpu Got response for addr 0x29df8 , 171512
297341000: system.memobj: size 0x8
297341000: system.memobj: id 94061725811856
297341000: system.memobj: data_hex : 4C0FAFCA49B8FFFE 
297341000: system.memobj: data : 0100110000001111101011111100101001001001101110001111111111111110 
297341000: system.memobj: fix data : 0100110000001111101011111100101001001001101110001111111111111110 
297341000: system.memobj: -------------------------------------
297390000: system.memobj: mem->cpu Got response for addr 0x29e00 , 171520
297390000: system.memobj: size 0x8
297390000: system.memobj: id 94061725811568
297390000: system.memobj: data_hex : FEFEFEFEFEFE6666 
297390000: system.memobj: data : 1111111011111110111111101111111011111110111111100110011001100110 
297390000: system.memobj: fix data : 1111111011111110111111101111111011111110111111100110011001100110 
297390000: system.memobj: -------------------------------------
297439000: system.memobj: mem->cpu Got response for addr 0x29e00 , 171520
297439000: system.memobj: size 0x8
297439000: system.memobj: id 94061725811856
297439000: system.memobj: data_hex : FEFEFEFEFEFE6666 
297439000: system.memobj: data : 1111111011111110111111101111111011111110111111100110011001100110 
297439000: system.memobj: fix data : 1111111011111110111111101111111011111110111111100110011001100110 
297439000: system.memobj: -------------------------------------
297502000: system.memobj: mem->cpu Got response for addr 0x29e08 , 171528
297502000: system.memobj: size 0x8
297502000: system.memobj: id 94061725811568
297502000: system.memobj: data_hex : 6690666690666690 
297502000: system.memobj: data : 0110011010010000011001100110011010010000011001100110011010010000 
297502000: system.memobj: fix data : 0110011010010000011001100110011010010000011001100110011010010000 
297502000: system.memobj: -------------------------------------
297551000: system.memobj: mem->cpu Got response for addr 0x29e08 , 171528
297551000: system.memobj: size 0x8
297551000: system.memobj: id 94061725811856
297551000: system.memobj: data_hex : 6690666690666690 
297551000: system.memobj: data : 0110011010010000011001100110011010010000011001100110011010010000 
297551000: system.memobj: fix data : 0110011010010000011001100110011010010000011001100110011010010000 
297551000: system.memobj: -------------------------------------
297600000: system.memobj: mem->cpu Got response for addr 0x29e08 , 171528
297600000: system.memobj: size 0x8
297600000: system.memobj: id 94061725811568
297600000: system.memobj: data_hex : 6690666690666690 
297600000: system.memobj: data : 0110011010010000011001100110011010010000011001100110011010010000 
297600000: system.memobj: fix data : 0110011010010000011001100110011010010000011001100110011010010000 
297600000: system.memobj: -------------------------------------
297649000: system.memobj: mem->cpu Got response for addr 0x29e10 , 171536
297649000: system.memobj: size 0x8
297649000: system.memobj: id 94061725811856
297649000: system.memobj: data_hex : 488B084883C0084C 
297649000: system.memobj: data : 0100100010001011000010000100100010000011110000000000100001001100 
297649000: system.memobj: fix data : 0100100010001011000010000100100010000011110000000000100001001100 
297649000: system.memobj: -------------------------------------
297698000: system.memobj: mem->cpu Got response for addr 0x94f78 , 610168
297698000: system.memobj: size 0x8
297698000: system.memobj: id 94061725811568
297698000: system.memobj: data_hex : 746573742D70726F 
297698000: system.memobj: data : 0111010001100101011100110111010000101101011100000111001001101111 
297698000: system.memobj: fix data : 0111010001100101011100110111010000101101011100000111001001101111 
297698000: system.memobj: -------------------------------------
297747000: system.memobj: mem->cpu Got response for addr 0x29e10 , 171536
297747000: system.memobj: size 0x8
297747000: system.memobj: id 94061725811568
297747000: system.memobj: data_hex : 488B084883C0084C 
297747000: system.memobj: data : 0100100010001011000010000100100010000011110000000000100001001100 
297747000: system.memobj: fix data : 0100100010001011000010000100100010000011110000000000100001001100 
297747000: system.memobj: -------------------------------------
297796000: system.memobj: mem->cpu Got response for addr 0x29e10 , 171536
297796000: system.memobj: size 0x8
297796000: system.memobj: id 94061725811856
297796000: system.memobj: data_hex : 488B084883C0084C 
297796000: system.memobj: data : 0100100010001011000010000100100010000011110000000000100001001100 
297796000: system.memobj: fix data : 0100100010001011000010000100100010000011110000000000100001001100 
297796000: system.memobj: -------------------------------------
297845000: system.memobj: mem->cpu Got response for addr 0x29e18 , 171544
297845000: system.memobj: size 0x8
297845000: system.memobj: id 94061725811568
297845000: system.memobj: data_hex : 89C24C31C94801CA 
297845000: system.memobj: data : 1000100111000010010011000011000111001001010010000000000111001010 
297845000: system.memobj: fix data : 1000100111000010010011000011000111001001010010000000000111001010 
297845000: system.memobj: -------------------------------------
297894000: system.memobj: mem->cpu Got response for addr 0x29e18 , 171544
297894000: system.memobj: size 0x8
297894000: system.memobj: id 94061725811856
297894000: system.memobj: data_hex : 89C24C31C94801CA 
297894000: system.memobj: data : 1000100111000010010011000011000111001001010010000000000111001010 
297894000: system.memobj: fix data : 1000100111000010010011000011000111001001010010000000000111001010 
297894000: system.memobj: -------------------------------------
297943000: system.memobj: mem->cpu Got response for addr 0x29e18 , 171544
297943000: system.memobj: size 0x8
297943000: system.memobj: id 94061725811568
297943000: system.memobj: data_hex : 89C24C31C94801CA 
297943000: system.memobj: data : 1000100111000010010011000011000111001001010010000000000111001010 
297943000: system.memobj: fix data : 1000100111000010010011000011000111001001010010000000000111001010 
297943000: system.memobj: -------------------------------------
297992000: system.memobj: mem->cpu Got response for addr 0x29e20 , 171552
297992000: system.memobj: size 0x8
297992000: system.memobj: id 94061725811856
297992000: system.memobj: data_hex : 0F83DA0000004831 
297992000: system.memobj: data : 0000111110000011110110100000000000000000000000000100100000110001 
297992000: system.memobj: fix data : 0000111110000011110110100000000000000000000000000100100000110001 
297992000: system.memobj: -------------------------------------
298041000: system.memobj: mem->cpu Got response for addr 0x29e20 , 171552
298041000: system.memobj: size 0x8
298041000: system.memobj: id 94061725811568
298041000: system.memobj: data_hex : 0F83DA0000004831 
298041000: system.memobj: data : 0000111110000011110110100000000000000000000000000100100000110001 
298041000: system.memobj: fix data : 0000111110000011110110100000000000000000000000000100100000110001 
298041000: system.memobj: -------------------------------------
298090000: system.memobj: mem->cpu Got response for addr 0x29e28 , 171560
298090000: system.memobj: size 0x8
298090000: system.memobj: id 94061725811856
298090000: system.memobj: data_hex : CA4C09C248FFC20F 
298090000: system.memobj: data : 1100101001001100000010011100001001001000111111111100001000001111 
298090000: system.memobj: fix data : 1100101001001100000010011100001001001000111111111100001000001111 
298090000: system.memobj: -------------------------------------
298139000: system.memobj: mem->cpu Got response for addr 0x29e28 , 171560
298139000: system.memobj: size 0x8
298139000: system.memobj: id 94061725811568
298139000: system.memobj: data_hex : CA4C09C248FFC20F 
298139000: system.memobj: data : 1100101001001100000010011100001001001000111111111100001000001111 
298139000: system.memobj: fix data : 1100101001001100000010011100001001001000111111111100001000001111 
298139000: system.memobj: -------------------------------------
298188000: system.memobj: mem->cpu Got response for addr 0x29e28 , 171560
298188000: system.memobj: size 0x8
298188000: system.memobj: id 94061725811856
298188000: system.memobj: data_hex : CA4C09C248FFC20F 
298188000: system.memobj: data : 1100101001001100000010011100001001001000111111111100001000001111 
298188000: system.memobj: fix data : 1100101001001100000010011100001001001000111111111100001000001111 
298188000: system.memobj: -------------------------------------
298237000: system.memobj: mem->cpu Got response for addr 0x29e28 , 171560
298237000: system.memobj: size 0x8
298237000: system.memobj: id 94061725811568
298237000: system.memobj: data_hex : CA4C09C248FFC20F 
298237000: system.memobj: data : 1100101001001100000010011100001001001000111111111100001000001111 
298237000: system.memobj: fix data : 1100101001001100000010011100001001001000111111111100001000001111 
298237000: system.memobj: -------------------------------------
298286000: system.memobj: mem->cpu Got response for addr 0x29e30 , 171568
298286000: system.memobj: size 0x8
298286000: system.memobj: id 94061725811856
298286000: system.memobj: data_hex : 85CB0000004C31C9 
298286000: system.memobj: data : 1000010111001011000000000000000000000000010011000011000111001001 
298286000: system.memobj: fix data : 1000010111001011000000000000000000000000010011000011000111001001 
298286000: system.memobj: -------------------------------------
298349000: system.memobj: mem->cpu Got response for addr 0x29e30 , 171568
298349000: system.memobj: size 0x8
298349000: system.memobj: id 94061725811568
298349000: system.memobj: data_hex : 85CB0000004C31C9 
298349000: system.memobj: data : 1000010111001011000000000000000000000000010011000011000111001001 
298349000: system.memobj: fix data : 1000010111001011000000000000000000000000010011000011000111001001 
298349000: system.memobj: -------------------------------------
298398000: system.memobj: mem->cpu Got response for addr 0x29e38 , 171576
298398000: system.memobj: size 0x8
298398000: system.memobj: id 94061725811856
298398000: system.memobj: data_hex : 4C89C24801CA0F83 
298398000: system.memobj: data : 0100110010001001110000100100100000000001110010100000111110000011 
298398000: system.memobj: fix data : 0100110010001001110000100100100000000001110010100000111110000011 
298398000: system.memobj: -------------------------------------
298447000: system.memobj: mem->cpu Got response for addr 0x29e38 , 171576
298447000: system.memobj: size 0x8
298447000: system.memobj: id 94061725811568
298447000: system.memobj: data_hex : 4C89C24801CA0F83 
298447000: system.memobj: data : 0100110010001001110000100100100000000001110010100000111110000011 
298447000: system.memobj: fix data : 0100110010001001110000100100100000000001110010100000111110000011 
298447000: system.memobj: -------------------------------------
298496000: system.memobj: mem->cpu Got response for addr 0x29e38 , 171576
298496000: system.memobj: size 0x8
298496000: system.memobj: id 94061725811856
298496000: system.memobj: data_hex : 4C89C24801CA0F83 
298496000: system.memobj: data : 0100110010001001110000100100100000000001110010100000111110000011 
298496000: system.memobj: fix data : 0100110010001001110000100100100000000001110010100000111110000011 
298496000: system.memobj: -------------------------------------
298545000: system.memobj: mem->cpu Got response for addr 0x29e40 , 171584
298545000: system.memobj: size 0x8
298545000: system.memobj: id 94061725811568
298545000: system.memobj: data_hex : B40000004831CA4C 
298545000: system.memobj: data : 1011010000000000000000000000000001001000001100011100101001001100 
298545000: system.memobj: fix data : 1011010000000000000000000000000001001000001100011100101001001100 
298545000: system.memobj: -------------------------------------
298594000: system.memobj: mem->cpu Got response for addr 0x29e40 , 171584
298594000: system.memobj: size 0x8
298594000: system.memobj: id 94061725811856
298594000: system.memobj: data_hex : B40000004831CA4C 
298594000: system.memobj: data : 1011010000000000000000000000000001001000001100011100101001001100 
298594000: system.memobj: fix data : 1011010000000000000000000000000001001000001100011100101001001100 
298594000: system.memobj: -------------------------------------
298643000: system.memobj: mem->cpu Got response for addr 0x29e40 , 171584
298643000: system.memobj: size 0x8
298643000: system.memobj: id 94061725811568
298643000: system.memobj: data_hex : B40000004831CA4C 
298643000: system.memobj: data : 1011010000000000000000000000000001001000001100011100101001001100 
298643000: system.memobj: fix data : 1011010000000000000000000000000001001000001100011100101001001100 
298643000: system.memobj: -------------------------------------
298692000: system.memobj: mem->cpu Got response for addr 0x29e48 , 171592
298692000: system.memobj: size 0x8
298692000: system.memobj: id 94061725811856
298692000: system.memobj: data_hex : 09C248FFC20F85A5 
298692000: system.memobj: data : 0000100111000010010010001111111111000010000011111000010110100101 
298692000: system.memobj: fix data : 0000100111000010010010001111111111000010000011111000010110100101 
298692000: system.memobj: -------------------------------------
298741000: system.memobj: mem->cpu Got response for addr 0x29e48 , 171592
298741000: system.memobj: size 0x8
298741000: system.memobj: id 94061725811568
298741000: system.memobj: data_hex : 09C248FFC20F85A5 
298741000: system.memobj: data : 0000100111000010010010001111111111000010000011111000010110100101 
298741000: system.memobj: fix data : 0000100111000010010010001111111111000010000011111000010110100101 
298741000: system.memobj: -------------------------------------
298790000: system.memobj: mem->cpu Got response for addr 0x29e48 , 171592
298790000: system.memobj: size 0x8
298790000: system.memobj: id 94061725811856
298790000: system.memobj: data_hex : 09C248FFC20F85A5 
298790000: system.memobj: data : 0000100111000010010010001111111111000010000011111000010110100101 
298790000: system.memobj: fix data : 0000100111000010010010001111111111000010000011111000010110100101 
298790000: system.memobj: -------------------------------------
298839000: system.memobj: mem->cpu Got response for addr 0x29e50 , 171600
298839000: system.memobj: size 0x8
298839000: system.memobj: id 94061725811568
298839000: system.memobj: data_hex : 000000488B084883 
298839000: system.memobj: data : 0000000000000000000000000100100010001011000010000100100010000011 
298839000: system.memobj: fix data : 0000000000000000000000000100100010001011000010000100100010000011 
298839000: system.memobj: -------------------------------------
298888000: system.memobj: mem->cpu Got response for addr 0x29e50 , 171600
298888000: system.memobj: size 0x8
298888000: system.memobj: id 94061725811856
298888000: system.memobj: data_hex : 000000488B084883 
298888000: system.memobj: data : 0000000000000000000000000100100010001011000010000100100010000011 
298888000: system.memobj: fix data : 0000000000000000000000000100100010001011000010000100100010000011 
298888000: system.memobj: -------------------------------------
298937000: system.memobj: mem->cpu Got response for addr 0x94f80 , 610176
298937000: system.memobj: size 0x8
298937000: system.memobj: id 94061725811568
298937000: system.memobj: data_hex : 67732F68656C6C6F 
298937000: system.memobj: data : 0110011101110011001011110110100001100101011011000110110001101111 
298937000: system.memobj: fix data : 0110011101110011001011110110100001100101011011000110110001101111 
298937000: system.memobj: -------------------------------------
298986000: system.memobj: mem->cpu Got response for addr 0x29e50 , 171600
298986000: system.memobj: size 0x8
298986000: system.memobj: id 94061725811568
298986000: system.memobj: data_hex : 000000488B084883 
298986000: system.memobj: data : 0000000000000000000000000100100010001011000010000100100010000011 
298986000: system.memobj: fix data : 0000000000000000000000000100100010001011000010000100100010000011 
298986000: system.memobj: -------------------------------------
299035000: system.memobj: mem->cpu Got response for addr 0x29e58 , 171608
299035000: system.memobj: size 0x8
299035000: system.memobj: id 94061725811856
299035000: system.memobj: data_hex : C0084C89C24C31C9 
299035000: system.memobj: data : 1100000000001000010011001000100111000010010011000011000111001001 
299035000: system.memobj: fix data : 1100000000001000010011001000100111000010010011000011000111001001 
299035000: system.memobj: -------------------------------------
299084000: system.memobj: mem->cpu Got response for addr 0x29e58 , 171608
299084000: system.memobj: size 0x8
299084000: system.memobj: id 94061725811568
299084000: system.memobj: data_hex : C0084C89C24C31C9 
299084000: system.memobj: data : 1100000000001000010011001000100111000010010011000011000111001001 
299084000: system.memobj: fix data : 1100000000001000010011001000100111000010010011000011000111001001 
299084000: system.memobj: -------------------------------------
299133000: system.memobj: mem->cpu Got response for addr 0x29e58 , 171608
299133000: system.memobj: size 0x8
299133000: system.memobj: id 94061725811856
299133000: system.memobj: data_hex : C0084C89C24C31C9 
299133000: system.memobj: data : 1100000000001000010011001000100111000010010011000011000111001001 
299133000: system.memobj: fix data : 1100000000001000010011001000100111000010010011000011000111001001 
299133000: system.memobj: -------------------------------------
299196000: system.memobj: mem->cpu Got response for addr 0x29e60 , 171616
299196000: system.memobj: size 0x8
299196000: system.memobj: id 94061725811568
299196000: system.memobj: data_hex : 4801CA0F83970000 
299196000: system.memobj: data : 0100100000000001110010100000111110000011100101110000000000000000 
299196000: system.memobj: fix data : 0100100000000001110010100000111110000011100101110000000000000000 
299196000: system.memobj: -------------------------------------
299245000: system.memobj: mem->cpu Got response for addr 0x29e60 , 171616
299245000: system.memobj: size 0x8
299245000: system.memobj: id 94061725811856
299245000: system.memobj: data_hex : 4801CA0F83970000 
299245000: system.memobj: data : 0100100000000001110010100000111110000011100101110000000000000000 
299245000: system.memobj: fix data : 0100100000000001110010100000111110000011100101110000000000000000 
299245000: system.memobj: -------------------------------------
299294000: system.memobj: mem->cpu Got response for addr 0x29e68 , 171624
299294000: system.memobj: size 0x8
299294000: system.memobj: id 94061725811568
299294000: system.memobj: data_hex : 004831CA4C09C248 
299294000: system.memobj: data : 0000000001001000001100011100101001001100000010011100001001001000 
299294000: system.memobj: fix data : 0000000001001000001100011100101001001100000010011100001001001000 
299294000: system.memobj: -------------------------------------
299343000: system.memobj: mem->cpu Got response for addr 0x29e68 , 171624
299343000: system.memobj: size 0x8
299343000: system.memobj: id 94061725811856
299343000: system.memobj: data_hex : 004831CA4C09C248 
299343000: system.memobj: data : 0000000001001000001100011100101001001100000010011100001001001000 
299343000: system.memobj: fix data : 0000000001001000001100011100101001001100000010011100001001001000 
299343000: system.memobj: -------------------------------------
299392000: system.memobj: mem->cpu Got response for addr 0x29e68 , 171624
299392000: system.memobj: size 0x8
299392000: system.memobj: id 94061725811568
299392000: system.memobj: data_hex : 004831CA4C09C248 
299392000: system.memobj: data : 0000000001001000001100011100101001001100000010011100001001001000 
299392000: system.memobj: fix data : 0000000001001000001100011100101001001100000010011100001001001000 
299392000: system.memobj: -------------------------------------
299441000: system.memobj: mem->cpu Got response for addr 0x29e68 , 171624
299441000: system.memobj: size 0x8
299441000: system.memobj: id 94061725811856
299441000: system.memobj: data_hex : 004831CA4C09C248 
299441000: system.memobj: data : 0000000001001000001100011100101001001100000010011100001001001000 
299441000: system.memobj: fix data : 0000000001001000001100011100101001001100000010011100001001001000 
299441000: system.memobj: -------------------------------------
299490000: system.memobj: mem->cpu Got response for addr 0x29e70 , 171632
299490000: system.memobj: size 0x8
299490000: system.memobj: id 94061725811568
299490000: system.memobj: data_hex : FFC20F8588000000 
299490000: system.memobj: data : 1111111111000010000011111000010110001000000000000000000000000000 
299490000: system.memobj: fix data : 1111111111000010000011111000010110001000000000000000000000000000 
299490000: system.memobj: -------------------------------------
299539000: system.memobj: mem->cpu Got response for addr 0x29e70 , 171632
299539000: system.memobj: size 0x8
299539000: system.memobj: id 94061725811856
299539000: system.memobj: data_hex : FFC20F8588000000 
299539000: system.memobj: data : 1111111111000010000011111000010110001000000000000000000000000000 
299539000: system.memobj: fix data : 1111111111000010000011111000010110001000000000000000000000000000 
299539000: system.memobj: -------------------------------------
299588000: system.memobj: mem->cpu Got response for addr 0x29f00 , 171776
299588000: system.memobj: size 0x8
299588000: system.memobj: id 94061725811568
299588000: system.memobj: data_hex : 4C89CA4883E80884 
299588000: system.memobj: data : 0100110010001001110010100100100010000011111010000000100010000100 
299588000: system.memobj: fix data : 0100110010001001110010100100100010000011111010000000100010000100 
299588000: system.memobj: -------------------------------------
299637000: system.memobj: mem->cpu Got response for addr 0x29f00 , 171776
299637000: system.memobj: size 0x8
299637000: system.memobj: id 94061725811856
299637000: system.memobj: data_hex : 4C89CA4883E80884 
299637000: system.memobj: data : 0100110010001001110010100100100010000011111010000000100010000100 
299637000: system.memobj: fix data : 0100110010001001110010100100100010000011111010000000100010000100 
299637000: system.memobj: -------------------------------------
299686000: system.memobj: mem->cpu Got response for addr 0x29f00 , 171776
299686000: system.memobj: size 0x8
299686000: system.memobj: id 94061725811568
299686000: system.memobj: data_hex : 4C89CA4883E80884 
299686000: system.memobj: data : 0100110010001001110010100100100010000011111010000000100010000100 
299686000: system.memobj: fix data : 0100110010001001110010100100100010000011111010000000100010000100 
299686000: system.memobj: -------------------------------------
299735000: system.memobj: mem->cpu Got response for addr 0x29f08 , 171784
299735000: system.memobj: size 0x8
299735000: system.memobj: id 94061725811856
299735000: system.memobj: data_hex : C9745538D174E948 
299735000: system.memobj: data : 1100100101110100010101010011100011010001011101001110100101001000 
299735000: system.memobj: fix data : 1100100101110100010101010011100011010001011101001110100101001000 
299735000: system.memobj: -------------------------------------
299784000: system.memobj: mem->cpu Got response for addr 0x29f08 , 171784
299784000: system.memobj: size 0x8
299784000: system.memobj: id 94061725811568
299784000: system.memobj: data_hex : C9745538D174E948 
299784000: system.memobj: data : 1100100101110100010101010011100011010001011101001110100101001000 
299784000: system.memobj: fix data : 1100100101110100010101010011100011010001011101001110100101001000 
299784000: system.memobj: -------------------------------------
299833000: system.memobj: mem->cpu Got response for addr 0x29f08 , 171784
299833000: system.memobj: size 0x8
299833000: system.memobj: id 94061725811856
299833000: system.memobj: data_hex : C9745538D174E948 
299833000: system.memobj: data : 1100100101110100010101010011100011010001011101001110100101001000 
299833000: system.memobj: fix data : 1100100101110100010101010011100011010001011101001110100101001000 
299833000: system.memobj: -------------------------------------
299882000: system.memobj: mem->cpu Got response for addr 0x29f08 , 171784
299882000: system.memobj: size 0x8
299882000: system.memobj: id 94061725811568
299882000: system.memobj: data_hex : C9745538D174E948 
299882000: system.memobj: data : 1100100101110100010101010011100011010001011101001110100101001000 
299882000: system.memobj: fix data : 1100100101110100010101010011100011010001011101001110100101001000 
299882000: system.memobj: -------------------------------------
299931000: system.memobj: mem->cpu Got response for addr 0x29f08 , 171784
299931000: system.memobj: size 0x8
299931000: system.memobj: id 94061725811856
299931000: system.memobj: data_hex : C9745538D174E948 
299931000: system.memobj: data : 1100100101110100010101010011100011010001011101001110100101001000 
299931000: system.memobj: fix data : 1100100101110100010101010011100011010001011101001110100101001000 
299931000: system.memobj: -------------------------------------
299994000: system.memobj: mem->cpu Got response for addr 0x29f10 , 171792
299994000: system.memobj: size 0x8
299994000: system.memobj: id 94061725811568
299994000: system.memobj: data_hex : FFC084ED744A38D5 
299994000: system.memobj: data : 1111111111000000100001001110110101110100010010100011100011010101 
299994000: system.memobj: fix data : 1111111111000000100001001110110101110100010010100011100011010101 
299994000: system.memobj: -------------------------------------
300043000: system.memobj: mem->cpu Got response for addr 0x29f10 , 171792
300043000: system.memobj: size 0x8
300043000: system.memobj: id 94061725811856
300043000: system.memobj: data_hex : FFC084ED744A38D5 
300043000: system.memobj: data : 1111111111000000100001001110110101110100010010100011100011010101 
300043000: system.memobj: fix data : 1111111111000000100001001110110101110100010010100011100011010101 
300043000: system.memobj: -------------------------------------
300092000: system.memobj: mem->cpu Got response for addr 0x29f10 , 171792
300092000: system.memobj: size 0x8
300092000: system.memobj: id 94061725811568
300092000: system.memobj: data_hex : FFC084ED744A38D5 
300092000: system.memobj: data : 1111111111000000100001001110110101110100010010100011100011010101 
300092000: system.memobj: fix data : 1111111111000000100001001110110101110100010010100011100011010101 
300092000: system.memobj: -------------------------------------
300141000: system.memobj: mem->cpu Got response for addr 0x29f10 , 171792
300141000: system.memobj: size 0x8
300141000: system.memobj: id 94061725811856
300141000: system.memobj: data_hex : FFC084ED744A38D5 
300141000: system.memobj: data : 1111111111000000100001001110110101110100010010100011100011010101 
300141000: system.memobj: fix data : 1111111111000000100001001110110101110100010010100011100011010101 
300141000: system.memobj: -------------------------------------
300190000: system.memobj: mem->cpu Got response for addr 0x29f18 , 171800
300190000: system.memobj: size 0x8
300190000: system.memobj: id 94061725811568
300190000: system.memobj: data_hex : 74DE48FFC048C1E9 
300190000: system.memobj: data : 0111010011011110010010001111111111000000010010001100000111101001 
300190000: system.memobj: fix data : 0111010011011110010010001111111111000000010010001100000111101001 
300190000: system.memobj: -------------------------------------
300239000: system.memobj: mem->cpu Got response for addr 0x29f18 , 171800
300239000: system.memobj: size 0x8
300239000: system.memobj: id 94061725811856
300239000: system.memobj: data_hex : 74DE48FFC048C1E9 
300239000: system.memobj: data : 0111010011011110010010001111111111000000010010001100000111101001 
300239000: system.memobj: fix data : 0111010011011110010010001111111111000000010010001100000111101001 
300239000: system.memobj: -------------------------------------
300288000: system.memobj: mem->cpu Got response for addr 0x29f18 , 171800
300288000: system.memobj: size 0x8
300288000: system.memobj: id 94061725811568
300288000: system.memobj: data_hex : 74DE48FFC048C1E9 
300288000: system.memobj: data : 0111010011011110010010001111111111000000010010001100000111101001 
300288000: system.memobj: fix data : 0111010011011110010010001111111111000000010010001100000111101001 
300288000: system.memobj: -------------------------------------
300337000: system.memobj: mem->cpu Got response for addr 0x29f20 , 171808
300337000: system.memobj: size 0x8
300337000: system.memobj: id 94061725811856
300337000: system.memobj: data_hex : 1084C9743B38D174 
300337000: system.memobj: data : 0001000010000100110010010111010000111011001110001101000101110100 
300337000: system.memobj: fix data : 0001000010000100110010010111010000111011001110001101000101110100 
300337000: system.memobj: -------------------------------------
300386000: system.memobj: mem->cpu Got response for addr 0x29f20 , 171808
300386000: system.memobj: size 0x8
300386000: system.memobj: id 94061725811568
300386000: system.memobj: data_hex : 1084C9743B38D174 
300386000: system.memobj: data : 0001000010000100110010010111010000111011001110001101000101110100 
300386000: system.memobj: fix data : 0001000010000100110010010111010000111011001110001101000101110100 
300386000: system.memobj: -------------------------------------
300435000: system.memobj: mem->cpu Got response for addr 0x29f20 , 171808
300435000: system.memobj: size 0x8
300435000: system.memobj: id 94061725811856
300435000: system.memobj: data_hex : 1084C9743B38D174 
300435000: system.memobj: data : 0001000010000100110010010111010000111011001110001101000101110100 
300435000: system.memobj: fix data : 0001000010000100110010010111010000111011001110001101000101110100 
300435000: system.memobj: -------------------------------------
300484000: system.memobj: mem->cpu Got response for addr 0x29f60 , 171872
300484000: system.memobj: size 0x8
300484000: system.memobj: id 94061725811568
300484000: system.memobj: data_hex : 90C3909090909090 
300484000: system.memobj: data : 1001000011000011100100001001000010010000100100001001000010010000 
300484000: system.memobj: fix data : 1001000011000011100100001001000010010000100100001001000010010000 
300484000: system.memobj: -------------------------------------
300533000: system.memobj: mem->cpu Got response for addr 0x29f60 , 171872
300533000: system.memobj: size 0x8
300533000: system.memobj: id 94061725811856
300533000: system.memobj: data_hex : 90C3909090909090 
300533000: system.memobj: data : 1001000011000011100100001001000010010000100100001001000010010000 
300533000: system.memobj: fix data : 1001000011000011100100001001000010010000100100001001000010010000 
300533000: system.memobj: -------------------------------------
300582000: system.memobj: mem->cpu Got response for addr 0x94b48 , 609096
300582000: system.memobj: size 0x8
300582000: system.memobj: id 94061725811568
300582000: system.memobj: data_hex : 3FA6420000000000 
300582000: system.memobj: data : 0011111110100110010000100000000000000000000000000000000000000000 
300582000: system.memobj: hamming code addr: 609096 
300582000: system.memobj: hamming code out: 9 
300582000: system.memobj: find Error Bit index : 8 
300582000: system.memobj: hamming code addr: 609104 
300582000: system.memobj: hamming code out: 4 
300582000: system.memobj: hamming code addr: 609112 
300582000: system.memobj: hamming code out: 14 
300582000: system.memobj: hamming code addr: 609120 
300582000: system.memobj: hamming code out: 0 
300582000: system.memobj: hamming code addr: 609128 
300582000: system.memobj: hamming code out: 0 
300582000: system.memobj: hamming code addr: 609136 
300582000: system.memobj: hamming code out: 0 
300582000: system.memobj: hamming code addr: 609144 
300582000: system.memobj: hamming code out: 0 
300582000: system.memobj: hamming code addr: 609152 
300582000: system.memobj: hamming code out: 0 
300582000: system.memobj: fix data : 0011111010100110010000100000000000000000000000000000000000000000 
300582000: system.memobj: -------------------------------------
300631000: system.memobj: mem->cpu Got response for addr 0x2a638 , 173624
300631000: system.memobj: size 0x8
300631000: system.memobj: id 94061725811568
300631000: system.memobj: data_hex : DEE882F7FFFF4885 
300631000: system.memobj: data : 1101111011101000100000101111011111111111111111110100100010000101 
300631000: system.memobj: fix data : 1101111011101000100000101111011111111111111111110100100010000101 
300631000: system.memobj: -------------------------------------
300680000: system.memobj: mem->cpu Got response for addr 0x2a640 , 173632
300680000: system.memobj: size 0x8
300680000: system.memobj: id 94061725811856
300680000: system.memobj: data_hex : C075ED4883C40848 
300680000: system.memobj: data : 1100000001110101111011010100100010000011110001000000100001001000 
300680000: system.memobj: fix data : 1100000001110101111011010100100010000011110001000000100001001000 
300680000: system.memobj: -------------------------------------
300729000: system.memobj: mem->cpu Got response for addr 0x2a640 , 173632
300729000: system.memobj: size 0x8
300729000: system.memobj: id 94061725811568
300729000: system.memobj: data_hex : C075ED4883C40848 
300729000: system.memobj: data : 1100000001110101111011010100100010000011110001000000100001001000 
300729000: system.memobj: fix data : 1100000001110101111011010100100010000011110001000000100001001000 
300729000: system.memobj: -------------------------------------
300778000: system.memobj: mem->cpu Got response for addr 0x2a630 , 173616
300778000: system.memobj: size 0x8
300778000: system.memobj: id 94061725811856
300778000: system.memobj: data_hex : 488D78014889C589 
300778000: system.memobj: data : 0100100010001101011110000000000101001000100010011100010110001001 
300778000: system.memobj: fix data : 0100100010001101011110000000000101001000100010011100010110001001 
300778000: system.memobj: -------------------------------------
300827000: system.memobj: mem->cpu Got response for addr 0x2a630 , 173616
300827000: system.memobj: size 0x8
300827000: system.memobj: id 94061725811568
300827000: system.memobj: data_hex : 488D78014889C589 
300827000: system.memobj: data : 0100100010001101011110000000000101001000100010011100010110001001 
300827000: system.memobj: fix data : 0100100010001101011110000000000101001000100010011100010110001001 
300827000: system.memobj: -------------------------------------
300876000: system.memobj: mem->cpu Got response for addr 0x2a630 , 173616
300876000: system.memobj: size 0x8
300876000: system.memobj: id 94061725811856
300876000: system.memobj: data_hex : 488D78014889C589 
300876000: system.memobj: data : 0100100010001101011110000000000101001000100010011100010110001001 
300876000: system.memobj: fix data : 0100100010001101011110000000000101001000100010011100010110001001 
300876000: system.memobj: -------------------------------------
300925000: system.memobj: mem->cpu Got response for addr 0x2a638 , 173624
300925000: system.memobj: size 0x8
300925000: system.memobj: id 94061725811568
300925000: system.memobj: data_hex : DEE882F7FFFF4885 
300925000: system.memobj: data : 1101111011101000100000101111011111111111111111110100100010000101 
300925000: system.memobj: fix data : 1101111011101000100000101111011111111111111111110100100010000101 
300925000: system.memobj: -------------------------------------
300974000: system.memobj: mem->cpu Got response for addr 0x2a638 , 173624
300974000: system.memobj: size 0x8
300974000: system.memobj: id 94061725811856
300974000: system.memobj: data_hex : DEE882F7FFFF4885 
300974000: system.memobj: data : 1101111011101000100000101111011111111111111111110100100010000101 
300974000: system.memobj: fix data : 1101111011101000100000101111011111111111111111110100100010000101 
300974000: system.memobj: -------------------------------------
300974000: system.memobj: cpu->mem Got request for addr 0x94b48 , 609096
300974000: system.memobj: size 0x8
300974000: system.memobj: id 94061725811568
300974000: system.memobj: data_hex : 3EA6420000000000 
300974000: system.memobj: data : 0011111010100110010000100000000000000000000000000000000000000000 
300974000: system.memobj: hamming code addr: 609096 
300974000: system.memobj: hamming code : 9 
300974000: system.memobj: hamming code addr: 609104 
300974000: system.memobj: hamming code : 4 
300974000: system.memobj: hamming code addr: 609112 
300974000: system.memobj: hamming code : 14 
300974000: system.memobj: hamming code addr: 609120 
300974000: system.memobj: hamming code : 0 
300974000: system.memobj: hamming code addr: 609128 
300974000: system.memobj: hamming code : 0 
300974000: system.memobj: hamming code addr: 609136 
300974000: system.memobj: hamming code : 0 
300974000: system.memobj: hamming code addr: 609144 
300974000: system.memobj: hamming code : 0 
300974000: system.memobj: hamming code addr: 609152 
300974000: system.memobj: hamming code : 0 
300974000: system.memobj: Enter Error Bit index: 6 
300974000: system.memobj: flip data : 0011101010100110010000100000000000000000000000000000000000000000 
300974000: system.memobj: -------------------------------------
301044000: system.memobj: mem->cpu Got response for addr 0x29dc0 , 171456
301044000: system.memobj: size 0x8
301044000: system.memobj: id 94061725811568
301044000: system.memobj: data_hex : 4889FA83E2074889 
301044000: system.memobj: data : 0100100010001001111110101000001111100010000001110100100010001001 
301044000: system.memobj: fix data : 0100100010001001111110101000001111100010000001110100100010001001 
301044000: system.memobj: -------------------------------------
301093000: system.memobj: mem->cpu Got response for addr 0x29dc0 , 171456
301093000: system.memobj: size 0x8
301093000: system.memobj: id 94061725811856
301093000: system.memobj: data_hex : 4889FA83E2074889 
301093000: system.memobj: data : 0100100010001001111110101000001111100010000001110100100010001001 
301093000: system.memobj: fix data : 0100100010001001111110101000001111100010000001110100100010001001 
301093000: system.memobj: -------------------------------------
301142000: system.memobj: mem->cpu Got response for addr 0x29dc0 , 171456
301142000: system.memobj: size 0x8
301142000: system.memobj: id 94061725811568
301142000: system.memobj: data_hex : 4889FA83E2074889 
301142000: system.memobj: data : 0100100010001001111110101000001111100010000001110100100010001001 
301142000: system.memobj: fix data : 0100100010001001111110101000001111100010000001110100100010001001 
301142000: system.memobj: -------------------------------------
301191000: system.memobj: mem->cpu Got response for addr 0x29dc8 , 171464
301191000: system.memobj: size 0x8
301191000: system.memobj: id 94061725811856
301191000: system.memobj: data_hex : F8741FF7DA83C208 
301191000: system.memobj: data : 1111100001110100000111111111011111011010100000111100001000001000 
301191000: system.memobj: fix data : 1111100001110100000111111111011111011010100000111100001000001000 
301191000: system.memobj: -------------------------------------
301254000: system.memobj: mem->cpu Got response for addr 0x29dc8 , 171464
301254000: system.memobj: size 0x8
301254000: system.memobj: id 94061725811568
301254000: system.memobj: data_hex : F8741FF7DA83C208 
301254000: system.memobj: data : 1111100001110100000111111111011111011010100000111100001000001000 
301254000: system.memobj: fix data : 1111100001110100000111111111011111011010100000111100001000001000 
301254000: system.memobj: -------------------------------------
301303000: system.memobj: mem->cpu Got response for addr 0x29dc8 , 171464
301303000: system.memobj: size 0x8
301303000: system.memobj: id 94061725811856
301303000: system.memobj: data_hex : F8741FF7DA83C208 
301303000: system.memobj: data : 1111100001110100000111111111011111011010100000111100001000001000 
301303000: system.memobj: fix data : 1111100001110100000111111111011111011010100000111100001000001000 
301303000: system.memobj: -------------------------------------
301352000: system.memobj: mem->cpu Got response for addr 0x29dc8 , 171464
301352000: system.memobj: size 0x8
301352000: system.memobj: id 94061725811568
301352000: system.memobj: data_hex : F8741FF7DA83C208 
301352000: system.memobj: data : 1111100001110100000111111111011111011010100000111100001000001000 
301352000: system.memobj: fix data : 1111100001110100000111111111011111011010100000111100001000001000 
301352000: system.memobj: -------------------------------------
301401000: system.memobj: mem->cpu Got response for addr 0x29dd0 , 171472
301401000: system.memobj: size 0x8
301401000: system.memobj: id 94061725811856
301401000: system.memobj: data_hex : 8A084038CE0F8485 
301401000: system.memobj: data : 1000101000001000010000000011100011001110000011111000010010000101 
301401000: system.memobj: fix data : 1000101000001000010000000011100011001110000011111000010010000101 
301401000: system.memobj: -------------------------------------
301450000: system.memobj: mem->cpu Got response for addr 0x94f83 , 610179
301450000: system.memobj: size 0x1
301450000: system.memobj: id 94061725811568
301450000: system.memobj: data_hex : 68 
301450000: system.memobj: data : 01101000 
301450000: system.memobj: fix data : 01101000 
301450000: system.memobj: -------------------------------------
301499000: system.memobj: mem->cpu Got response for addr 0x29dd0 , 171472
301499000: system.memobj: size 0x8
301499000: system.memobj: id 94061725811568
301499000: system.memobj: data_hex : 8A084038CE0F8485 
301499000: system.memobj: data : 1000101000001000010000000011100011001110000011111000010010000101 
301499000: system.memobj: fix data : 1000101000001000010000000011100011001110000011111000010010000101 
301499000: system.memobj: -------------------------------------
301548000: system.memobj: mem->cpu Got response for addr 0x29dd0 , 171472
301548000: system.memobj: size 0x8
301548000: system.memobj: id 94061725811856
301548000: system.memobj: data_hex : 8A084038CE0F8485 
301548000: system.memobj: data : 1000101000001000010000000011100011001110000011111000010010000101 
301548000: system.memobj: fix data : 1000101000001000010000000011100011001110000011111000010010000101 
301548000: system.memobj: -------------------------------------
301597000: system.memobj: mem->cpu Got response for addr 0x29dd8 , 171480
301597000: system.memobj: size 0x8
301597000: system.memobj: id 94061725811568
301597000: system.memobj: data_hex : 01000084C90F8415 
301597000: system.memobj: data : 0000000100000000000000001000010011001001000011111000010000010101 
301597000: system.memobj: fix data : 0000000100000000000000001000010011001001000011111000010000010101 
301597000: system.memobj: -------------------------------------
301646000: system.memobj: mem->cpu Got response for addr 0x29dd8 , 171480
301646000: system.memobj: size 0x8
301646000: system.memobj: id 94061725811856
301646000: system.memobj: data_hex : 01000084C90F8415 
301646000: system.memobj: data : 0000000100000000000000001000010011001001000011111000010000010101 
301646000: system.memobj: fix data : 0000000100000000000000001000010011001001000011111000010000010101 
301646000: system.memobj: -------------------------------------
301695000: system.memobj: mem->cpu Got response for addr 0x29dd8 , 171480
301695000: system.memobj: size 0x8
301695000: system.memobj: id 94061725811568
301695000: system.memobj: data_hex : 01000084C90F8415 
301695000: system.memobj: data : 0000000100000000000000001000010011001001000011111000010000010101 
301695000: system.memobj: fix data : 0000000100000000000000001000010011001001000011111000010000010101 
301695000: system.memobj: -------------------------------------
301744000: system.memobj: mem->cpu Got response for addr 0x29de0 , 171488
301744000: system.memobj: size 0x8
301744000: system.memobj: id 94061725811856
301744000: system.memobj: data_hex : 01000048FFC0FFCA 
301744000: system.memobj: data : 0000000100000000000000000100100011111111110000001111111111001010 
301744000: system.memobj: fix data : 0000000100000000000000000100100011111111110000001111111111001010 
301744000: system.memobj: -------------------------------------
301793000: system.memobj: mem->cpu Got response for addr 0x29de0 , 171488
301793000: system.memobj: size 0x8
301793000: system.memobj: id 94061725811568
301793000: system.memobj: data_hex : 01000048FFC0FFCA 
301793000: system.memobj: data : 0000000100000000000000000100100011111111110000001111111111001010 
301793000: system.memobj: fix data : 0000000100000000000000000100100011111111110000001111111111001010 
301793000: system.memobj: -------------------------------------
301842000: system.memobj: mem->cpu Got response for addr 0x29de0 , 171488
301842000: system.memobj: size 0x8
301842000: system.memobj: id 94061725811856
301842000: system.memobj: data_hex : 01000048FFC0FFCA 
301842000: system.memobj: data : 0000000100000000000000000100100011111111110000001111111111001010 
301842000: system.memobj: fix data : 0000000100000000000000000100100011111111110000001111111111001010 
301842000: system.memobj: -------------------------------------
301891000: system.memobj: mem->cpu Got response for addr 0x29de8 , 171496
301891000: system.memobj: size 0x8
301891000: system.memobj: id 94061725811568
301891000: system.memobj: data_hex : 75E649B901010101 
301891000: system.memobj: data : 0111010111100110010010011011100100000001000000010000000100000001 
301891000: system.memobj: fix data : 0111010111100110010010011011100100000001000000010000000100000001 
301891000: system.memobj: -------------------------------------
301940000: system.memobj: mem->cpu Got response for addr 0x29dd0 , 171472
301940000: system.memobj: size 0x8
301940000: system.memobj: id 94061725811856
301940000: system.memobj: data_hex : 8A084038CE0F8485 
301940000: system.memobj: data : 1000101000001000010000000011100011001110000011111000010010000101 
301940000: system.memobj: fix data : 1000101000001000010000000011100011001110000011111000010010000101 
301940000: system.memobj: -------------------------------------
301989000: system.memobj: mem->cpu Got response for addr 0x94f84 , 610180
301989000: system.memobj: size 0x1
301989000: system.memobj: id 94061725811568
301989000: system.memobj: data_hex : 65 
301989000: system.memobj: data : 01100101 
301989000: system.memobj: fix data : 01100101 
301989000: system.memobj: -------------------------------------
302038000: system.memobj: mem->cpu Got response for addr 0x29dd0 , 171472
302038000: system.memobj: size 0x8
302038000: system.memobj: id 94061725811568
302038000: system.memobj: data_hex : 8A084038CE0F8485 
302038000: system.memobj: data : 1000101000001000010000000011100011001110000011111000010010000101 
302038000: system.memobj: fix data : 1000101000001000010000000011100011001110000011111000010010000101 
302038000: system.memobj: -------------------------------------
302087000: system.memobj: mem->cpu Got response for addr 0x29dd0 , 171472
302087000: system.memobj: size 0x8
302087000: system.memobj: id 94061725811856
302087000: system.memobj: data_hex : 8A084038CE0F8485 
302087000: system.memobj: data : 1000101000001000010000000011100011001110000011111000010010000101 
302087000: system.memobj: fix data : 1000101000001000010000000011100011001110000011111000010010000101 
302087000: system.memobj: -------------------------------------
302150000: system.memobj: mem->cpu Got response for addr 0x29dd8 , 171480
302150000: system.memobj: size 0x8
302150000: system.memobj: id 94061725811568
302150000: system.memobj: data_hex : 01000084C90F8415 
302150000: system.memobj: data : 0000000100000000000000001000010011001001000011111000010000010101 
302150000: system.memobj: fix data : 0000000100000000000000001000010011001001000011111000010000010101 
302150000: system.memobj: -------------------------------------
302199000: system.memobj: mem->cpu Got response for addr 0x29dd8 , 171480
302199000: system.memobj: size 0x8
302199000: system.memobj: id 94061725811856
302199000: system.memobj: data_hex : 01000084C90F8415 
302199000: system.memobj: data : 0000000100000000000000001000010011001001000011111000010000010101 
302199000: system.memobj: fix data : 0000000100000000000000001000010011001001000011111000010000010101 
302199000: system.memobj: -------------------------------------
302248000: system.memobj: mem->cpu Got response for addr 0x29dd8 , 171480
302248000: system.memobj: size 0x8
302248000: system.memobj: id 94061725811568
302248000: system.memobj: data_hex : 01000084C90F8415 
302248000: system.memobj: data : 0000000100000000000000001000010011001001000011111000010000010101 
302248000: system.memobj: fix data : 0000000100000000000000001000010011001001000011111000010000010101 
302248000: system.memobj: -------------------------------------
302297000: system.memobj: mem->cpu Got response for addr 0x29de0 , 171488
302297000: system.memobj: size 0x8
302297000: system.memobj: id 94061725811856
302297000: system.memobj: data_hex : 01000048FFC0FFCA 
302297000: system.memobj: data : 0000000100000000000000000100100011111111110000001111111111001010 
302297000: system.memobj: fix data : 0000000100000000000000000100100011111111110000001111111111001010 
302297000: system.memobj: -------------------------------------
302346000: system.memobj: mem->cpu Got response for addr 0x29de0 , 171488
302346000: system.memobj: size 0x8
302346000: system.memobj: id 94061725811568
302346000: system.memobj: data_hex : 01000048FFC0FFCA 
302346000: system.memobj: data : 0000000100000000000000000100100011111111110000001111111111001010 
302346000: system.memobj: fix data : 0000000100000000000000000100100011111111110000001111111111001010 
302346000: system.memobj: -------------------------------------
302395000: system.memobj: mem->cpu Got response for addr 0x29de0 , 171488
302395000: system.memobj: size 0x8
302395000: system.memobj: id 94061725811856
302395000: system.memobj: data_hex : 01000048FFC0FFCA 
302395000: system.memobj: data : 0000000100000000000000000100100011111111110000001111111111001010 
302395000: system.memobj: fix data : 0000000100000000000000000100100011111111110000001111111111001010 
302395000: system.memobj: -------------------------------------
302444000: system.memobj: mem->cpu Got response for addr 0x29de8 , 171496
302444000: system.memobj: size 0x8
302444000: system.memobj: id 94061725811568
302444000: system.memobj: data_hex : 75E649B901010101 
302444000: system.memobj: data : 0111010111100110010010011011100100000001000000010000000100000001 
302444000: system.memobj: fix data : 0111010111100110010010011011100100000001000000010000000100000001 
302444000: system.memobj: -------------------------------------
302493000: system.memobj: mem->cpu Got response for addr 0x29dd0 , 171472
302493000: system.memobj: size 0x8
302493000: system.memobj: id 94061725811856
302493000: system.memobj: data_hex : 8A084038CE0F8485 
302493000: system.memobj: data : 1000101000001000010000000011100011001110000011111000010010000101 
302493000: system.memobj: fix data : 1000101000001000010000000011100011001110000011111000010010000101 
302493000: system.memobj: -------------------------------------
302542000: system.memobj: mem->cpu Got response for addr 0x94f85 , 610181
302542000: system.memobj: size 0x1
302542000: system.memobj: id 94061725811568
302542000: system.memobj: data_hex : 6C 
302542000: system.memobj: data : 01101100 
302542000: system.memobj: fix data : 01101100 
302542000: system.memobj: -------------------------------------
302591000: system.memobj: mem->cpu Got response for addr 0x29dd0 , 171472
302591000: system.memobj: size 0x8
302591000: system.memobj: id 94061725811568
302591000: system.memobj: data_hex : 8A084038CE0F8485 
302591000: system.memobj: data : 1000101000001000010000000011100011001110000011111000010010000101 
302591000: system.memobj: fix data : 1000101000001000010000000011100011001110000011111000010010000101 
302591000: system.memobj: -------------------------------------
302640000: system.memobj: mem->cpu Got response for addr 0x29dd0 , 171472
302640000: system.memobj: size 0x8
302640000: system.memobj: id 94061725811856
302640000: system.memobj: data_hex : 8A084038CE0F8485 
302640000: system.memobj: data : 1000101000001000010000000011100011001110000011111000010010000101 
302640000: system.memobj: fix data : 1000101000001000010000000011100011001110000011111000010010000101 
302640000: system.memobj: -------------------------------------
302689000: system.memobj: mem->cpu Got response for addr 0x29dd8 , 171480
302689000: system.memobj: size 0x8
302689000: system.memobj: id 94061725811568
302689000: system.memobj: data_hex : 01000084C90F8415 
302689000: system.memobj: data : 0000000100000000000000001000010011001001000011111000010000010101 
302689000: system.memobj: fix data : 0000000100000000000000001000010011001001000011111000010000010101 
302689000: system.memobj: -------------------------------------
302738000: system.memobj: mem->cpu Got response for addr 0x29dd8 , 171480
302738000: system.memobj: size 0x8
302738000: system.memobj: id 94061725811856
302738000: system.memobj: data_hex : 01000084C90F8415 
302738000: system.memobj: data : 0000000100000000000000001000010011001001000011111000010000010101 
302738000: system.memobj: fix data : 0000000100000000000000001000010011001001000011111000010000010101 
302738000: system.memobj: -------------------------------------
302787000: system.memobj: mem->cpu Got response for addr 0x29dd8 , 171480
302787000: system.memobj: size 0x8
302787000: system.memobj: id 94061725811568
302787000: system.memobj: data_hex : 01000084C90F8415 
302787000: system.memobj: data : 0000000100000000000000001000010011001001000011111000010000010101 
302787000: system.memobj: fix data : 0000000100000000000000001000010011001001000011111000010000010101 
302787000: system.memobj: -------------------------------------
302836000: system.memobj: mem->cpu Got response for addr 0x29de0 , 171488
302836000: system.memobj: size 0x8
302836000: system.memobj: id 94061725811856
302836000: system.memobj: data_hex : 01000048FFC0FFCA 
302836000: system.memobj: data : 0000000100000000000000000100100011111111110000001111111111001010 
302836000: system.memobj: fix data : 0000000100000000000000000100100011111111110000001111111111001010 
302836000: system.memobj: -------------------------------------
302885000: system.memobj: mem->cpu Got response for addr 0x29de0 , 171488
302885000: system.memobj: size 0x8
302885000: system.memobj: id 94061725811568
302885000: system.memobj: data_hex : 01000048FFC0FFCA 
302885000: system.memobj: data : 0000000100000000000000000100100011111111110000001111111111001010 
302885000: system.memobj: fix data : 0000000100000000000000000100100011111111110000001111111111001010 
302885000: system.memobj: -------------------------------------
302934000: system.memobj: mem->cpu Got response for addr 0x29de0 , 171488
302934000: system.memobj: size 0x8
302934000: system.memobj: id 94061725811856
302934000: system.memobj: data_hex : 01000048FFC0FFCA 
302934000: system.memobj: data : 0000000100000000000000000100100011111111110000001111111111001010 
302934000: system.memobj: fix data : 0000000100000000000000000100100011111111110000001111111111001010 
302934000: system.memobj: -------------------------------------
302997000: system.memobj: mem->cpu Got response for addr 0x29de8 , 171496
302997000: system.memobj: size 0x8
302997000: system.memobj: id 94061725811568
302997000: system.memobj: data_hex : 75E649B901010101 
302997000: system.memobj: data : 0111010111100110010010011011100100000001000000010000000100000001 
302997000: system.memobj: fix data : 0111010111100110010010011011100100000001000000010000000100000001 
302997000: system.memobj: -------------------------------------
303046000: system.memobj: mem->cpu Got response for addr 0x29dd0 , 171472
303046000: system.memobj: size 0x8
303046000: system.memobj: id 94061725811856
303046000: system.memobj: data_hex : 8A084038CE0F8485 
303046000: system.memobj: data : 1000101000001000010000000011100011001110000011111000010010000101 
303046000: system.memobj: fix data : 1000101000001000010000000011100011001110000011111000010010000101 
303046000: system.memobj: -------------------------------------
303095000: system.memobj: mem->cpu Got response for addr 0x94f86 , 610182
303095000: system.memobj: size 0x1
303095000: system.memobj: id 94061725811568
303095000: system.memobj: data_hex : 6C 
303095000: system.memobj: data : 01101100 
303095000: system.memobj: fix data : 01101100 
303095000: system.memobj: -------------------------------------
303144000: system.memobj: mem->cpu Got response for addr 0x29dd0 , 171472
303144000: system.memobj: size 0x8
303144000: system.memobj: id 94061725811568
303144000: system.memobj: data_hex : 8A084038CE0F8485 
303144000: system.memobj: data : 1000101000001000010000000011100011001110000011111000010010000101 
303144000: system.memobj: fix data : 1000101000001000010000000011100011001110000011111000010010000101 
303144000: system.memobj: -------------------------------------
303193000: system.memobj: mem->cpu Got response for addr 0x29dd0 , 171472
303193000: system.memobj: size 0x8
303193000: system.memobj: id 94061725811856
303193000: system.memobj: data_hex : 8A084038CE0F8485 
303193000: system.memobj: data : 1000101000001000010000000011100011001110000011111000010010000101 
303193000: system.memobj: fix data : 1000101000001000010000000011100011001110000011111000010010000101 
303193000: system.memobj: -------------------------------------
303242000: system.memobj: mem->cpu Got response for addr 0x29dd8 , 171480
303242000: system.memobj: size 0x8
303242000: system.memobj: id 94061725811568
303242000: system.memobj: data_hex : 01000084C90F8415 
303242000: system.memobj: data : 0000000100000000000000001000010011001001000011111000010000010101 
303242000: system.memobj: fix data : 0000000100000000000000001000010011001001000011111000010000010101 
303242000: system.memobj: -------------------------------------
303291000: system.memobj: mem->cpu Got response for addr 0x29dd8 , 171480
303291000: system.memobj: size 0x8
303291000: system.memobj: id 94061725811856
303291000: system.memobj: data_hex : 01000084C90F8415 
303291000: system.memobj: data : 0000000100000000000000001000010011001001000011111000010000010101 
303291000: system.memobj: fix data : 0000000100000000000000001000010011001001000011111000010000010101 
303291000: system.memobj: -------------------------------------
303340000: system.memobj: mem->cpu Got response for addr 0x29dd8 , 171480
303340000: system.memobj: size 0x8
303340000: system.memobj: id 94061725811568
303340000: system.memobj: data_hex : 01000084C90F8415 
303340000: system.memobj: data : 0000000100000000000000001000010011001001000011111000010000010101 
303340000: system.memobj: fix data : 0000000100000000000000001000010011001001000011111000010000010101 
303340000: system.memobj: -------------------------------------
303389000: system.memobj: mem->cpu Got response for addr 0x29de0 , 171488
303389000: system.memobj: size 0x8
303389000: system.memobj: id 94061725811856
303389000: system.memobj: data_hex : 01000048FFC0FFCA 
303389000: system.memobj: data : 0000000100000000000000000100100011111111110000001111111111001010 
303389000: system.memobj: fix data : 0000000100000000000000000100100011111111110000001111111111001010 
303389000: system.memobj: -------------------------------------
303438000: system.memobj: mem->cpu Got response for addr 0x29de0 , 171488
303438000: system.memobj: size 0x8
303438000: system.memobj: id 94061725811568
303438000: system.memobj: data_hex : 01000048FFC0FFCA 
303438000: system.memobj: data : 0000000100000000000000000100100011111111110000001111111111001010 
303438000: system.memobj: fix data : 0000000100000000000000000100100011111111110000001111111111001010 
303438000: system.memobj: -------------------------------------
303487000: system.memobj: mem->cpu Got response for addr 0x29de0 , 171488
303487000: system.memobj: size 0x8
303487000: system.memobj: id 94061725811856
303487000: system.memobj: data_hex : 01000048FFC0FFCA 
303487000: system.memobj: data : 0000000100000000000000000100100011111111110000001111111111001010 
303487000: system.memobj: fix data : 0000000100000000000000000100100011111111110000001111111111001010 
303487000: system.memobj: -------------------------------------
303536000: system.memobj: mem->cpu Got response for addr 0x29de8 , 171496
303536000: system.memobj: size 0x8
303536000: system.memobj: id 94061725811568
303536000: system.memobj: data_hex : 75E649B901010101 
303536000: system.memobj: data : 0111010111100110010010011011100100000001000000010000000100000001 
303536000: system.memobj: fix data : 0111010111100110010010011011100100000001000000010000000100000001 
303536000: system.memobj: -------------------------------------
303585000: system.memobj: mem->cpu Got response for addr 0x29dd0 , 171472
303585000: system.memobj: size 0x8
303585000: system.memobj: id 94061725811856
303585000: system.memobj: data_hex : 8A084038CE0F8485 
303585000: system.memobj: data : 1000101000001000010000000011100011001110000011111000010010000101 
303585000: system.memobj: fix data : 1000101000001000010000000011100011001110000011111000010010000101 
303585000: system.memobj: -------------------------------------
303634000: system.memobj: mem->cpu Got response for addr 0x94f87 , 610183
303634000: system.memobj: size 0x1
303634000: system.memobj: id 94061725811568
303634000: system.memobj: data_hex : 6F 
303634000: system.memobj: data : 01101111 
303634000: system.memobj: fix data : 01101111 
303634000: system.memobj: -------------------------------------
303683000: system.memobj: mem->cpu Got response for addr 0x29dd0 , 171472
303683000: system.memobj: size 0x8
303683000: system.memobj: id 94061725811568
303683000: system.memobj: data_hex : 8A084038CE0F8485 
303683000: system.memobj: data : 1000101000001000010000000011100011001110000011111000010010000101 
303683000: system.memobj: fix data : 1000101000001000010000000011100011001110000011111000010010000101 
303683000: system.memobj: -------------------------------------
304000000: system.memobj: mem->cpu Got response for addr 0x29dd0 , 171472
304000000: system.memobj: size 0x8
304000000: system.memobj: id 94061725811856
304000000: system.memobj: data_hex : 8A084038CE0F8485 
304000000: system.memobj: data : 1000101000001000010000000011100011001110000011111000010010000101 
304000000: system.memobj: fix data : 1000101000001000010000000011100011001110000011111000010010000101 
304000000: system.memobj: -------------------------------------
304049000: system.memobj: mem->cpu Got response for addr 0x29dd8 , 171480
304049000: system.memobj: size 0x8
304049000: system.memobj: id 94061725811568
304049000: system.memobj: data_hex : 01000084C90F8415 
304049000: system.memobj: data : 0000000100000000000000001000010011001001000011111000010000010101 
304049000: system.memobj: fix data : 0000000100000000000000001000010011001001000011111000010000010101 
304049000: system.memobj: -------------------------------------
304098000: system.memobj: mem->cpu Got response for addr 0x29dd8 , 171480
304098000: system.memobj: size 0x8
304098000: system.memobj: id 94061725811856
304098000: system.memobj: data_hex : 01000084C90F8415 
304098000: system.memobj: data : 0000000100000000000000001000010011001001000011111000010000010101 
304098000: system.memobj: fix data : 0000000100000000000000001000010011001001000011111000010000010101 
304098000: system.memobj: -------------------------------------
304147000: system.memobj: mem->cpu Got response for addr 0x29dd8 , 171480
304147000: system.memobj: size 0x8
304147000: system.memobj: id 94061725811568
304147000: system.memobj: data_hex : 01000084C90F8415 
304147000: system.memobj: data : 0000000100000000000000001000010011001001000011111000010000010101 
304147000: system.memobj: fix data : 0000000100000000000000001000010011001001000011111000010000010101 
304147000: system.memobj: -------------------------------------
304196000: system.memobj: mem->cpu Got response for addr 0x29de0 , 171488
304196000: system.memobj: size 0x8
304196000: system.memobj: id 94061725811856
304196000: system.memobj: data_hex : 01000048FFC0FFCA 
304196000: system.memobj: data : 0000000100000000000000000100100011111111110000001111111111001010 
304196000: system.memobj: fix data : 0000000100000000000000000100100011111111110000001111111111001010 
304196000: system.memobj: -------------------------------------
304245000: system.memobj: mem->cpu Got response for addr 0x29de0 , 171488
304245000: system.memobj: size 0x8
304245000: system.memobj: id 94061725811568
304245000: system.memobj: data_hex : 01000048FFC0FFCA 
304245000: system.memobj: data : 0000000100000000000000000100100011111111110000001111111111001010 
304245000: system.memobj: fix data : 0000000100000000000000000100100011111111110000001111111111001010 
304245000: system.memobj: -------------------------------------
304294000: system.memobj: mem->cpu Got response for addr 0x29de0 , 171488
304294000: system.memobj: size 0x8
304294000: system.memobj: id 94061725811856
304294000: system.memobj: data_hex : 01000048FFC0FFCA 
304294000: system.memobj: data : 0000000100000000000000000100100011111111110000001111111111001010 
304294000: system.memobj: fix data : 0000000100000000000000000100100011111111110000001111111111001010 
304294000: system.memobj: -------------------------------------
304343000: system.memobj: mem->cpu Got response for addr 0x29de8 , 171496
304343000: system.memobj: size 0x8
304343000: system.memobj: id 94061725811568
304343000: system.memobj: data_hex : 75E649B901010101 
304343000: system.memobj: data : 0111010111100110010010011011100100000001000000010000000100000001 
304343000: system.memobj: fix data : 0111010111100110010010011011100100000001000000010000000100000001 
304343000: system.memobj: -------------------------------------
304392000: system.memobj: mem->cpu Got response for addr 0x29de8 , 171496
304392000: system.memobj: size 0x8
304392000: system.memobj: id 94061725811856
304392000: system.memobj: data_hex : 75E649B901010101 
304392000: system.memobj: data : 0111010111100110010010011011100100000001000000010000000100000001 
304392000: system.memobj: fix data : 0111010111100110010010011011100100000001000000010000000100000001 
304392000: system.memobj: -------------------------------------
304441000: system.memobj: mem->cpu Got response for addr 0x29df0 , 171504
304441000: system.memobj: size 0x8
304441000: system.memobj: id 94061725811568
304441000: system.memobj: data_hex : 01010101400FB6D6 
304441000: system.memobj: data : 0000000100000001000000010000000101000000000011111011011011010110 
304441000: system.memobj: fix data : 0000000100000001000000010000000101000000000011111011011011010110 
304441000: system.memobj: -------------------------------------
304490000: system.memobj: mem->cpu Got response for addr 0x29df0 , 171504
304490000: system.memobj: size 0x8
304490000: system.memobj: id 94061725811856
304490000: system.memobj: data_hex : 01010101400FB6D6 
304490000: system.memobj: data : 0000000100000001000000010000000101000000000011111011011011010110 
304490000: system.memobj: fix data : 0000000100000001000000010000000101000000000011111011011011010110 
304490000: system.memobj: -------------------------------------
304539000: system.memobj: mem->cpu Got response for addr 0x29df8 , 171512
304539000: system.memobj: size 0x8
304539000: system.memobj: id 94061725811568
304539000: system.memobj: data_hex : 4C0FAFCA49B8FFFE 
304539000: system.memobj: data : 0100110000001111101011111100101001001001101110001111111111111110 
304539000: system.memobj: fix data : 0100110000001111101011111100101001001001101110001111111111111110 
304539000: system.memobj: -------------------------------------
304588000: system.memobj: mem->cpu Got response for addr 0x29df8 , 171512
304588000: system.memobj: size 0x8
304588000: system.memobj: id 94061725811856
304588000: system.memobj: data_hex : 4C0FAFCA49B8FFFE 
304588000: system.memobj: data : 0100110000001111101011111100101001001001101110001111111111111110 
304588000: system.memobj: fix data : 0100110000001111101011111100101001001001101110001111111111111110 
304588000: system.memobj: -------------------------------------
304637000: system.memobj: mem->cpu Got response for addr 0x29e00 , 171520
304637000: system.memobj: size 0x8
304637000: system.memobj: id 94061725811568
304637000: system.memobj: data_hex : FEFEFEFEFEFE6666 
304637000: system.memobj: data : 1111111011111110111111101111111011111110111111100110011001100110 
304637000: system.memobj: fix data : 1111111011111110111111101111111011111110111111100110011001100110 
304637000: system.memobj: -------------------------------------
304686000: system.memobj: mem->cpu Got response for addr 0x29e00 , 171520
304686000: system.memobj: size 0x8
304686000: system.memobj: id 94061725811856
304686000: system.memobj: data_hex : FEFEFEFEFEFE6666 
304686000: system.memobj: data : 1111111011111110111111101111111011111110111111100110011001100110 
304686000: system.memobj: fix data : 1111111011111110111111101111111011111110111111100110011001100110 
304686000: system.memobj: -------------------------------------
304735000: system.memobj: mem->cpu Got response for addr 0x29e08 , 171528
304735000: system.memobj: size 0x8
304735000: system.memobj: id 94061725811568
304735000: system.memobj: data_hex : 6690666690666690 
304735000: system.memobj: data : 0110011010010000011001100110011010010000011001100110011010010000 
304735000: system.memobj: fix data : 0110011010010000011001100110011010010000011001100110011010010000 
304735000: system.memobj: -------------------------------------
304798000: system.memobj: mem->cpu Got response for addr 0x29e08 , 171528
304798000: system.memobj: size 0x8
304798000: system.memobj: id 94061725811856
304798000: system.memobj: data_hex : 6690666690666690 
304798000: system.memobj: data : 0110011010010000011001100110011010010000011001100110011010010000 
304798000: system.memobj: fix data : 0110011010010000011001100110011010010000011001100110011010010000 
304798000: system.memobj: -------------------------------------
304847000: system.memobj: mem->cpu Got response for addr 0x29e08 , 171528
304847000: system.memobj: size 0x8
304847000: system.memobj: id 94061725811568
304847000: system.memobj: data_hex : 6690666690666690 
304847000: system.memobj: data : 0110011010010000011001100110011010010000011001100110011010010000 
304847000: system.memobj: fix data : 0110011010010000011001100110011010010000011001100110011010010000 
304847000: system.memobj: -------------------------------------
304896000: system.memobj: mem->cpu Got response for addr 0x29e10 , 171536
304896000: system.memobj: size 0x8
304896000: system.memobj: id 94061725811856
304896000: system.memobj: data_hex : 488B084883C0084C 
304896000: system.memobj: data : 0100100010001011000010000100100010000011110000000000100001001100 
304896000: system.memobj: fix data : 0100100010001011000010000100100010000011110000000000100001001100 
304896000: system.memobj: -------------------------------------
304959000: system.memobj: mem->cpu Got response for addr 0x94f88 , 610184
304959000: system.memobj: size 0x8
304959000: system.memobj: id 94061725811568
304959000: system.memobj: data_hex : 2F62696E2F783836 
304959000: system.memobj: data : 0010111101100010011010010110111000101111011110000011100000110110 
304959000: system.memobj: fix data : 0010111101100010011010010110111000101111011110000011100000110110 
304959000: system.memobj: -------------------------------------
305008000: system.memobj: mem->cpu Got response for addr 0x29e10 , 171536
305008000: system.memobj: size 0x8
305008000: system.memobj: id 94061725811568
305008000: system.memobj: data_hex : 488B084883C0084C 
305008000: system.memobj: data : 0100100010001011000010000100100010000011110000000000100001001100 
305008000: system.memobj: fix data : 0100100010001011000010000100100010000011110000000000100001001100 
305008000: system.memobj: -------------------------------------
305057000: system.memobj: mem->cpu Got response for addr 0x29e10 , 171536
305057000: system.memobj: size 0x8
305057000: system.memobj: id 94061725811856
305057000: system.memobj: data_hex : 488B084883C0084C 
305057000: system.memobj: data : 0100100010001011000010000100100010000011110000000000100001001100 
305057000: system.memobj: fix data : 0100100010001011000010000100100010000011110000000000100001001100 
305057000: system.memobj: -------------------------------------
305106000: system.memobj: mem->cpu Got response for addr 0x29e18 , 171544
305106000: system.memobj: size 0x8
305106000: system.memobj: id 94061725811568
305106000: system.memobj: data_hex : 89C24C31C94801CA 
305106000: system.memobj: data : 1000100111000010010011000011000111001001010010000000000111001010 
305106000: system.memobj: fix data : 1000100111000010010011000011000111001001010010000000000111001010 
305106000: system.memobj: -------------------------------------
305155000: system.memobj: mem->cpu Got response for addr 0x29e18 , 171544
305155000: system.memobj: size 0x8
305155000: system.memobj: id 94061725811856
305155000: system.memobj: data_hex : 89C24C31C94801CA 
305155000: system.memobj: data : 1000100111000010010011000011000111001001010010000000000111001010 
305155000: system.memobj: fix data : 1000100111000010010011000011000111001001010010000000000111001010 
305155000: system.memobj: -------------------------------------
305204000: system.memobj: mem->cpu Got response for addr 0x29e18 , 171544
305204000: system.memobj: size 0x8
305204000: system.memobj: id 94061725811568
305204000: system.memobj: data_hex : 89C24C31C94801CA 
305204000: system.memobj: data : 1000100111000010010011000011000111001001010010000000000111001010 
305204000: system.memobj: fix data : 1000100111000010010011000011000111001001010010000000000111001010 
305204000: system.memobj: -------------------------------------
305253000: system.memobj: mem->cpu Got response for addr 0x29e20 , 171552
305253000: system.memobj: size 0x8
305253000: system.memobj: id 94061725811856
305253000: system.memobj: data_hex : 0F83DA0000004831 
305253000: system.memobj: data : 0000111110000011110110100000000000000000000000000100100000110001 
305253000: system.memobj: fix data : 0000111110000011110110100000000000000000000000000100100000110001 
305253000: system.memobj: -------------------------------------
305302000: system.memobj: mem->cpu Got response for addr 0x29e20 , 171552
305302000: system.memobj: size 0x8
305302000: system.memobj: id 94061725811568
305302000: system.memobj: data_hex : 0F83DA0000004831 
305302000: system.memobj: data : 0000111110000011110110100000000000000000000000000100100000110001 
305302000: system.memobj: fix data : 0000111110000011110110100000000000000000000000000100100000110001 
305302000: system.memobj: -------------------------------------
305351000: system.memobj: mem->cpu Got response for addr 0x29e28 , 171560
305351000: system.memobj: size 0x8
305351000: system.memobj: id 94061725811856
305351000: system.memobj: data_hex : CA4C09C248FFC20F 
305351000: system.memobj: data : 1100101001001100000010011100001001001000111111111100001000001111 
305351000: system.memobj: fix data : 1100101001001100000010011100001001001000111111111100001000001111 
305351000: system.memobj: -------------------------------------
305400000: system.memobj: mem->cpu Got response for addr 0x29e28 , 171560
305400000: system.memobj: size 0x8
305400000: system.memobj: id 94061725811568
305400000: system.memobj: data_hex : CA4C09C248FFC20F 
305400000: system.memobj: data : 1100101001001100000010011100001001001000111111111100001000001111 
305400000: system.memobj: fix data : 1100101001001100000010011100001001001000111111111100001000001111 
305400000: system.memobj: -------------------------------------
305449000: system.memobj: mem->cpu Got response for addr 0x29e28 , 171560
305449000: system.memobj: size 0x8
305449000: system.memobj: id 94061725811856
305449000: system.memobj: data_hex : CA4C09C248FFC20F 
305449000: system.memobj: data : 1100101001001100000010011100001001001000111111111100001000001111 
305449000: system.memobj: fix data : 1100101001001100000010011100001001001000111111111100001000001111 
305449000: system.memobj: -------------------------------------
305498000: system.memobj: mem->cpu Got response for addr 0x29e28 , 171560
305498000: system.memobj: size 0x8
305498000: system.memobj: id 94061725811568
305498000: system.memobj: data_hex : CA4C09C248FFC20F 
305498000: system.memobj: data : 1100101001001100000010011100001001001000111111111100001000001111 
305498000: system.memobj: fix data : 1100101001001100000010011100001001001000111111111100001000001111 
305498000: system.memobj: -------------------------------------
305547000: system.memobj: mem->cpu Got response for addr 0x29e30 , 171568
305547000: system.memobj: size 0x8
305547000: system.memobj: id 94061725811856
305547000: system.memobj: data_hex : 85CB0000004C31C9 
305547000: system.memobj: data : 1000010111001011000000000000000000000000010011000011000111001001 
305547000: system.memobj: fix data : 1000010111001011000000000000000000000000010011000011000111001001 
305547000: system.memobj: -------------------------------------
305596000: system.memobj: mem->cpu Got response for addr 0x29f00 , 171776
305596000: system.memobj: size 0x8
305596000: system.memobj: id 94061725811568
305596000: system.memobj: data_hex : 4C89CA4883E80884 
305596000: system.memobj: data : 0100110010001001110010100100100010000011111010000000100010000100 
305596000: system.memobj: fix data : 0100110010001001110010100100100010000011111010000000100010000100 
305596000: system.memobj: -------------------------------------
305659000: system.memobj: mem->cpu Got response for addr 0x29f00 , 171776
305659000: system.memobj: size 0x8
305659000: system.memobj: id 94061725811856
305659000: system.memobj: data_hex : 4C89CA4883E80884 
305659000: system.memobj: data : 0100110010001001110010100100100010000011111010000000100010000100 
305659000: system.memobj: fix data : 0100110010001001110010100100100010000011111010000000100010000100 
305659000: system.memobj: -------------------------------------
305708000: system.memobj: mem->cpu Got response for addr 0x29f00 , 171776
305708000: system.memobj: size 0x8
305708000: system.memobj: id 94061725811568
305708000: system.memobj: data_hex : 4C89CA4883E80884 
305708000: system.memobj: data : 0100110010001001110010100100100010000011111010000000100010000100 
305708000: system.memobj: fix data : 0100110010001001110010100100100010000011111010000000100010000100 
305708000: system.memobj: -------------------------------------
305757000: system.memobj: mem->cpu Got response for addr 0x29f08 , 171784
305757000: system.memobj: size 0x8
305757000: system.memobj: id 94061725811856
305757000: system.memobj: data_hex : C9745538D174E948 
305757000: system.memobj: data : 1100100101110100010101010011100011010001011101001110100101001000 
305757000: system.memobj: fix data : 1100100101110100010101010011100011010001011101001110100101001000 
305757000: system.memobj: -------------------------------------
305806000: system.memobj: mem->cpu Got response for addr 0x29f08 , 171784
305806000: system.memobj: size 0x8
305806000: system.memobj: id 94061725811568
305806000: system.memobj: data_hex : C9745538D174E948 
305806000: system.memobj: data : 1100100101110100010101010011100011010001011101001110100101001000 
305806000: system.memobj: fix data : 1100100101110100010101010011100011010001011101001110100101001000 
305806000: system.memobj: -------------------------------------
305855000: system.memobj: mem->cpu Got response for addr 0x29f60 , 171872
305855000: system.memobj: size 0x8
305855000: system.memobj: id 94061725811856
305855000: system.memobj: data_hex : 90C3909090909090 
305855000: system.memobj: data : 1001000011000011100100001001000010010000100100001001000010010000 
305855000: system.memobj: fix data : 1001000011000011100100001001000010010000100100001001000010010000 
305855000: system.memobj: -------------------------------------
305904000: system.memobj: mem->cpu Got response for addr 0x29f60 , 171872
305904000: system.memobj: size 0x8
305904000: system.memobj: id 94061725811568
305904000: system.memobj: data_hex : 90C3909090909090 
305904000: system.memobj: data : 1001000011000011100100001001000010010000100100001001000010010000 
305904000: system.memobj: fix data : 1001000011000011100100001001000010010000100100001001000010010000 
305904000: system.memobj: -------------------------------------
305953000: system.memobj: mem->cpu Got response for addr 0x94b48 , 609096
305953000: system.memobj: size 0x8
305953000: system.memobj: id 94061725811856
305953000: system.memobj: data_hex : 3AA6420000000000 
305953000: system.memobj: data : 0011101010100110010000100000000000000000000000000000000000000000 
305953000: system.memobj: hamming code addr: 609096 
305953000: system.memobj: hamming code out: 9 
305953000: system.memobj: find Error Bit index : 6 
305953000: system.memobj: hamming code addr: 609104 
305953000: system.memobj: hamming code out: 4 
305953000: system.memobj: hamming code addr: 609112 
305953000: system.memobj: hamming code out: 14 
305953000: system.memobj: hamming code addr: 609120 
305953000: system.memobj: hamming code out: 0 
305953000: system.memobj: hamming code addr: 609128 
305953000: system.memobj: hamming code out: 0 
305953000: system.memobj: hamming code addr: 609136 
305953000: system.memobj: hamming code out: 0 
305953000: system.memobj: hamming code addr: 609144 
305953000: system.memobj: hamming code out: 0 
305953000: system.memobj: hamming code addr: 609152 
305953000: system.memobj: hamming code out: 0 
305953000: system.memobj: fix data : 0011111010100110010000100000000000000000000000000000000000000000 
305953000: system.memobj: -------------------------------------
306016000: system.memobj: mem->cpu Got response for addr 0x2a638 , 173624
306016000: system.memobj: size 0x8
306016000: system.memobj: id 94061725811856
306016000: system.memobj: data_hex : DEE882F7FFFF4885 
306016000: system.memobj: data : 1101111011101000100000101111011111111111111111110100100010000101 
306016000: system.memobj: fix data : 1101111011101000100000101111011111111111111111110100100010000101 
306016000: system.memobj: -------------------------------------
306065000: system.memobj: mem->cpu Got response for addr 0x2a640 , 173632
306065000: system.memobj: size 0x8
306065000: system.memobj: id 94061725811568
306065000: system.memobj: data_hex : C075ED4883C40848 
306065000: system.memobj: data : 1100000001110101111011010100100010000011110001000000100001001000 
306065000: system.memobj: fix data : 1100000001110101111011010100100010000011110001000000100001001000 
306065000: system.memobj: -------------------------------------
306114000: system.memobj: mem->cpu Got response for addr 0x2a640 , 173632
306114000: system.memobj: size 0x8
306114000: system.memobj: id 94061725811856
306114000: system.memobj: data_hex : C075ED4883C40848 
306114000: system.memobj: data : 1100000001110101111011010100100010000011110001000000100001001000 
306114000: system.memobj: fix data : 1100000001110101111011010100100010000011110001000000100001001000 
306114000: system.memobj: -------------------------------------
306163000: system.memobj: mem->cpu Got response for addr 0x2a630 , 173616
306163000: system.memobj: size 0x8
306163000: system.memobj: id 94061725811568
306163000: system.memobj: data_hex : 488D78014889C589 
306163000: system.memobj: data : 0100100010001101011110000000000101001000100010011100010110001001 
306163000: system.memobj: fix data : 0100100010001101011110000000000101001000100010011100010110001001 
306163000: system.memobj: -------------------------------------
306212000: system.memobj: mem->cpu Got response for addr 0x2a630 , 173616
306212000: system.memobj: size 0x8
306212000: system.memobj: id 94061725811856
306212000: system.memobj: data_hex : 488D78014889C589 
306212000: system.memobj: data : 0100100010001101011110000000000101001000100010011100010110001001 
306212000: system.memobj: fix data : 0100100010001101011110000000000101001000100010011100010110001001 
306212000: system.memobj: -------------------------------------
306261000: system.memobj: mem->cpu Got response for addr 0x2a630 , 173616
306261000: system.memobj: size 0x8
306261000: system.memobj: id 94061725811568
306261000: system.memobj: data_hex : 488D78014889C589 
306261000: system.memobj: data : 0100100010001101011110000000000101001000100010011100010110001001 
306261000: system.memobj: fix data : 0100100010001101011110000000000101001000100010011100010110001001 
306261000: system.memobj: -------------------------------------
306310000: system.memobj: mem->cpu Got response for addr 0x2a638 , 173624
306310000: system.memobj: size 0x8
306310000: system.memobj: id 94061725811856
306310000: system.memobj: data_hex : DEE882F7FFFF4885 
306310000: system.memobj: data : 1101111011101000100000101111011111111111111111110100100010000101 
306310000: system.memobj: fix data : 1101111011101000100000101111011111111111111111110100100010000101 
306310000: system.memobj: -------------------------------------
306359000: system.memobj: mem->cpu Got response for addr 0x2a638 , 173624
306359000: system.memobj: size 0x8
306359000: system.memobj: id 94061725811568
306359000: system.memobj: data_hex : DEE882F7FFFF4885 
306359000: system.memobj: data : 1101111011101000100000101111011111111111111111110100100010000101 
306359000: system.memobj: fix data : 1101111011101000100000101111011111111111111111110100100010000101 
306359000: system.memobj: -------------------------------------
306359000: system.memobj: cpu->mem Got request for addr 0x94b48 , 609096
306359000: system.memobj: size 0x8
306359000: system.memobj: id 94061725811856
306359000: system.memobj: data_hex : 3EA6420000000000 
306359000: system.memobj: data : 0011111010100110010000100000000000000000000000000000000000000000 
306359000: system.memobj: hamming code addr: 609096 
306359000: system.memobj: hamming code : 9 
306359000: system.memobj: hamming code addr: 609104 
306359000: system.memobj: hamming code : 4 
306359000: system.memobj: hamming code addr: 609112 
306359000: system.memobj: hamming code : 14 
306359000: system.memobj: hamming code addr: 609120 
306359000: system.memobj: hamming code : 0 
306359000: system.memobj: hamming code addr: 609128 
306359000: system.memobj: hamming code : 0 
306359000: system.memobj: hamming code addr: 609136 
306359000: system.memobj: hamming code : 0 
306359000: system.memobj: hamming code addr: 609144 
306359000: system.memobj: hamming code : 0 
306359000: system.memobj: hamming code addr: 609152 
306359000: system.memobj: hamming code : 0 
306359000: system.memobj: Enter Error Bit index: 2 
306359000: system.memobj: flip data : 0111111010100110010000100000000000000000000000000000000000000000 
306359000: system.memobj: -------------------------------------
306429000: system.memobj: mem->cpu Got response for addr 0x29dc0 , 171456
306429000: system.memobj: size 0x8
306429000: system.memobj: id 94061725811856
306429000: system.memobj: data_hex : 4889FA83E2074889 
306429000: system.memobj: data : 0100100010001001111110101000001111100010000001110100100010001001 
306429000: system.memobj: fix data : 0100100010001001111110101000001111100010000001110100100010001001 
306429000: system.memobj: -------------------------------------
306478000: system.memobj: mem->cpu Got response for addr 0x29dc0 , 171456
306478000: system.memobj: size 0x8
306478000: system.memobj: id 94061725811568
306478000: system.memobj: data_hex : 4889FA83E2074889 
306478000: system.memobj: data : 0100100010001001111110101000001111100010000001110100100010001001 
306478000: system.memobj: fix data : 0100100010001001111110101000001111100010000001110100100010001001 
306478000: system.memobj: -------------------------------------
306527000: system.memobj: mem->cpu Got response for addr 0x29dc0 , 171456
306527000: system.memobj: size 0x8
306527000: system.memobj: id 94061725811856
306527000: system.memobj: data_hex : 4889FA83E2074889 
306527000: system.memobj: data : 0100100010001001111110101000001111100010000001110100100010001001 
306527000: system.memobj: fix data : 0100100010001001111110101000001111100010000001110100100010001001 
306527000: system.memobj: -------------------------------------
306576000: system.memobj: mem->cpu Got response for addr 0x29dc8 , 171464
306576000: system.memobj: size 0x8
306576000: system.memobj: id 94061725811568
306576000: system.memobj: data_hex : F8741FF7DA83C208 
306576000: system.memobj: data : 1111100001110100000111111111011111011010100000111100001000001000 
306576000: system.memobj: fix data : 1111100001110100000111111111011111011010100000111100001000001000 
306576000: system.memobj: -------------------------------------
306625000: system.memobj: mem->cpu Got response for addr 0x29dc8 , 171464
306625000: system.memobj: size 0x8
306625000: system.memobj: id 94061725811856
306625000: system.memobj: data_hex : F8741FF7DA83C208 
306625000: system.memobj: data : 1111100001110100000111111111011111011010100000111100001000001000 
306625000: system.memobj: fix data : 1111100001110100000111111111011111011010100000111100001000001000 
306625000: system.memobj: -------------------------------------
306674000: system.memobj: mem->cpu Got response for addr 0x29dc8 , 171464
306674000: system.memobj: size 0x8
306674000: system.memobj: id 94061725811568
306674000: system.memobj: data_hex : F8741FF7DA83C208 
306674000: system.memobj: data : 1111100001110100000111111111011111011010100000111100001000001000 
306674000: system.memobj: fix data : 1111100001110100000111111111011111011010100000111100001000001000 
306674000: system.memobj: -------------------------------------
306723000: system.memobj: mem->cpu Got response for addr 0x29dc8 , 171464
306723000: system.memobj: size 0x8
306723000: system.memobj: id 94061725811856
306723000: system.memobj: data_hex : F8741FF7DA83C208 
306723000: system.memobj: data : 1111100001110100000111111111011111011010100000111100001000001000 
306723000: system.memobj: fix data : 1111100001110100000111111111011111011010100000111100001000001000 
306723000: system.memobj: -------------------------------------
306772000: system.memobj: mem->cpu Got response for addr 0x29dd0 , 171472
306772000: system.memobj: size 0x8
306772000: system.memobj: id 94061725811568
306772000: system.memobj: data_hex : 8A084038CE0F8485 
306772000: system.memobj: data : 1000101000001000010000000011100011001110000011111000010010000101 
306772000: system.memobj: fix data : 1000101000001000010000000011100011001110000011111000010010000101 
306772000: system.memobj: -------------------------------------
306821000: system.memobj: mem->cpu Got response for addr 0x94f89 , 610185
306821000: system.memobj: size 0x1
306821000: system.memobj: id 94061725811856
306821000: system.memobj: data_hex : 62 
306821000: system.memobj: data : 01100010 
306821000: system.memobj: fix data : 01100010 
306821000: system.memobj: -------------------------------------
306870000: system.memobj: mem->cpu Got response for addr 0x29dd0 , 171472
306870000: system.memobj: size 0x8
306870000: system.memobj: id 94061725811856
306870000: system.memobj: data_hex : 8A084038CE0F8485 
306870000: system.memobj: data : 1000101000001000010000000011100011001110000011111000010010000101 
306870000: system.memobj: fix data : 1000101000001000010000000011100011001110000011111000010010000101 
306870000: system.memobj: -------------------------------------
306919000: system.memobj: mem->cpu Got response for addr 0x29dd0 , 171472
306919000: system.memobj: size 0x8
306919000: system.memobj: id 94061725811568
306919000: system.memobj: data_hex : 8A084038CE0F8485 
306919000: system.memobj: data : 1000101000001000010000000011100011001110000011111000010010000101 
306919000: system.memobj: fix data : 1000101000001000010000000011100011001110000011111000010010000101 
306919000: system.memobj: -------------------------------------
306982000: system.memobj: mem->cpu Got response for addr 0x29dd8 , 171480
306982000: system.memobj: size 0x8
306982000: system.memobj: id 94061725811856
306982000: system.memobj: data_hex : 01000084C90F8415 
306982000: system.memobj: data : 0000000100000000000000001000010011001001000011111000010000010101 
306982000: system.memobj: fix data : 0000000100000000000000001000010011001001000011111000010000010101 
306982000: system.memobj: -------------------------------------
307031000: system.memobj: mem->cpu Got response for addr 0x29dd8 , 171480
307031000: system.memobj: size 0x8
307031000: system.memobj: id 94061725811568
307031000: system.memobj: data_hex : 01000084C90F8415 
307031000: system.memobj: data : 0000000100000000000000001000010011001001000011111000010000010101 
307031000: system.memobj: fix data : 0000000100000000000000001000010011001001000011111000010000010101 
307031000: system.memobj: -------------------------------------
307080000: system.memobj: mem->cpu Got response for addr 0x29dd8 , 171480
307080000: system.memobj: size 0x8
307080000: system.memobj: id 94061725811856
307080000: system.memobj: data_hex : 01000084C90F8415 
307080000: system.memobj: data : 0000000100000000000000001000010011001001000011111000010000010101 
307080000: system.memobj: fix data : 0000000100000000000000001000010011001001000011111000010000010101 
307080000: system.memobj: -------------------------------------
307129000: system.memobj: mem->cpu Got response for addr 0x29de0 , 171488
307129000: system.memobj: size 0x8
307129000: system.memobj: id 94061725811568
307129000: system.memobj: data_hex : 01000048FFC0FFCA 
307129000: system.memobj: data : 0000000100000000000000000100100011111111110000001111111111001010 
307129000: system.memobj: fix data : 0000000100000000000000000100100011111111110000001111111111001010 
307129000: system.memobj: -------------------------------------
307178000: system.memobj: mem->cpu Got response for addr 0x29de0 , 171488
307178000: system.memobj: size 0x8
307178000: system.memobj: id 94061725811856
307178000: system.memobj: data_hex : 01000048FFC0FFCA 
307178000: system.memobj: data : 0000000100000000000000000100100011111111110000001111111111001010 
307178000: system.memobj: fix data : 0000000100000000000000000100100011111111110000001111111111001010 
307178000: system.memobj: -------------------------------------
307227000: system.memobj: mem->cpu Got response for addr 0x29de0 , 171488
307227000: system.memobj: size 0x8
307227000: system.memobj: id 94061725811568
307227000: system.memobj: data_hex : 01000048FFC0FFCA 
307227000: system.memobj: data : 0000000100000000000000000100100011111111110000001111111111001010 
307227000: system.memobj: fix data : 0000000100000000000000000100100011111111110000001111111111001010 
307227000: system.memobj: -------------------------------------
307276000: system.memobj: mem->cpu Got response for addr 0x29de8 , 171496
307276000: system.memobj: size 0x8
307276000: system.memobj: id 94061725811856
307276000: system.memobj: data_hex : 75E649B901010101 
307276000: system.memobj: data : 0111010111100110010010011011100100000001000000010000000100000001 
307276000: system.memobj: fix data : 0111010111100110010010011011100100000001000000010000000100000001 
307276000: system.memobj: -------------------------------------
307325000: system.memobj: mem->cpu Got response for addr 0x29dd0 , 171472
307325000: system.memobj: size 0x8
307325000: system.memobj: id 94061725811568
307325000: system.memobj: data_hex : 8A084038CE0F8485 
307325000: system.memobj: data : 1000101000001000010000000011100011001110000011111000010010000101 
307325000: system.memobj: fix data : 1000101000001000010000000011100011001110000011111000010010000101 
307325000: system.memobj: -------------------------------------
307374000: system.memobj: mem->cpu Got response for addr 0x94f8a , 610186
307374000: system.memobj: size 0x1
307374000: system.memobj: id 94061725811856
307374000: system.memobj: data_hex : 69 
307374000: system.memobj: data : 01101001 
307374000: system.memobj: fix data : 01101001 
307374000: system.memobj: -------------------------------------
307423000: system.memobj: mem->cpu Got response for addr 0x29dd0 , 171472
307423000: system.memobj: size 0x8
307423000: system.memobj: id 94061725811856
307423000: system.memobj: data_hex : 8A084038CE0F8485 
307423000: system.memobj: data : 1000101000001000010000000011100011001110000011111000010010000101 
307423000: system.memobj: fix data : 1000101000001000010000000011100011001110000011111000010010000101 
307423000: system.memobj: -------------------------------------
307472000: system.memobj: mem->cpu Got response for addr 0x29dd0 , 171472
307472000: system.memobj: size 0x8
307472000: system.memobj: id 94061725811568
307472000: system.memobj: data_hex : 8A084038CE0F8485 
307472000: system.memobj: data : 1000101000001000010000000011100011001110000011111000010010000101 
307472000: system.memobj: fix data : 1000101000001000010000000011100011001110000011111000010010000101 
307472000: system.memobj: -------------------------------------
307521000: system.memobj: mem->cpu Got response for addr 0x29dd8 , 171480
307521000: system.memobj: size 0x8
307521000: system.memobj: id 94061725811856
307521000: system.memobj: data_hex : 01000084C90F8415 
307521000: system.memobj: data : 0000000100000000000000001000010011001001000011111000010000010101 
307521000: system.memobj: fix data : 0000000100000000000000001000010011001001000011111000010000010101 
307521000: system.memobj: -------------------------------------
307570000: system.memobj: mem->cpu Got response for addr 0x29dd8 , 171480
307570000: system.memobj: size 0x8
307570000: system.memobj: id 94061725811568
307570000: system.memobj: data_hex : 01000084C90F8415 
307570000: system.memobj: data : 0000000100000000000000001000010011001001000011111000010000010101 
307570000: system.memobj: fix data : 0000000100000000000000001000010011001001000011111000010000010101 
307570000: system.memobj: -------------------------------------
307619000: system.memobj: mem->cpu Got response for addr 0x29dd8 , 171480
307619000: system.memobj: size 0x8
307619000: system.memobj: id 94061725811856
307619000: system.memobj: data_hex : 01000084C90F8415 
307619000: system.memobj: data : 0000000100000000000000001000010011001001000011111000010000010101 
307619000: system.memobj: fix data : 0000000100000000000000001000010011001001000011111000010000010101 
307619000: system.memobj: -------------------------------------
307668000: system.memobj: mem->cpu Got response for addr 0x29de0 , 171488
307668000: system.memobj: size 0x8
307668000: system.memobj: id 94061725811568
307668000: system.memobj: data_hex : 01000048FFC0FFCA 
307668000: system.memobj: data : 0000000100000000000000000100100011111111110000001111111111001010 
307668000: system.memobj: fix data : 0000000100000000000000000100100011111111110000001111111111001010 
307668000: system.memobj: -------------------------------------
307717000: system.memobj: mem->cpu Got response for addr 0x29de0 , 171488
307717000: system.memobj: size 0x8
307717000: system.memobj: id 94061725811856
307717000: system.memobj: data_hex : 01000048FFC0FFCA 
307717000: system.memobj: data : 0000000100000000000000000100100011111111110000001111111111001010 
307717000: system.memobj: fix data : 0000000100000000000000000100100011111111110000001111111111001010 
307717000: system.memobj: -------------------------------------
307766000: system.memobj: mem->cpu Got response for addr 0x29de0 , 171488
307766000: system.memobj: size 0x8
307766000: system.memobj: id 94061725811568
307766000: system.memobj: data_hex : 01000048FFC0FFCA 
307766000: system.memobj: data : 0000000100000000000000000100100011111111110000001111111111001010 
307766000: system.memobj: fix data : 0000000100000000000000000100100011111111110000001111111111001010 
307766000: system.memobj: -------------------------------------
307829000: system.memobj: mem->cpu Got response for addr 0x29de8 , 171496
307829000: system.memobj: size 0x8
307829000: system.memobj: id 94061725811856
307829000: system.memobj: data_hex : 75E649B901010101 
307829000: system.memobj: data : 0111010111100110010010011011100100000001000000010000000100000001 
307829000: system.memobj: fix data : 0111010111100110010010011011100100000001000000010000000100000001 
307829000: system.memobj: -------------------------------------
307878000: system.memobj: mem->cpu Got response for addr 0x29dd0 , 171472
307878000: system.memobj: size 0x8
307878000: system.memobj: id 94061725811568
307878000: system.memobj: data_hex : 8A084038CE0F8485 
307878000: system.memobj: data : 1000101000001000010000000011100011001110000011111000010010000101 
307878000: system.memobj: fix data : 1000101000001000010000000011100011001110000011111000010010000101 
307878000: system.memobj: -------------------------------------
307927000: system.memobj: mem->cpu Got response for addr 0x94f8b , 610187
307927000: system.memobj: size 0x1
307927000: system.memobj: id 94061725811856
307927000: system.memobj: data_hex : 6E 
307927000: system.memobj: data : 01101110 
307927000: system.memobj: fix data : 01101110 
307927000: system.memobj: -------------------------------------
307976000: system.memobj: mem->cpu Got response for addr 0x29dd0 , 171472
307976000: system.memobj: size 0x8
307976000: system.memobj: id 94061725811856
307976000: system.memobj: data_hex : 8A084038CE0F8485 
307976000: system.memobj: data : 1000101000001000010000000011100011001110000011111000010010000101 
307976000: system.memobj: fix data : 1000101000001000010000000011100011001110000011111000010010000101 
307976000: system.memobj: -------------------------------------
308025000: system.memobj: mem->cpu Got response for addr 0x29dd0 , 171472
308025000: system.memobj: size 0x8
308025000: system.memobj: id 94061725811568
308025000: system.memobj: data_hex : 8A084038CE0F8485 
308025000: system.memobj: data : 1000101000001000010000000011100011001110000011111000010010000101 
308025000: system.memobj: fix data : 1000101000001000010000000011100011001110000011111000010010000101 
308025000: system.memobj: -------------------------------------
308074000: system.memobj: mem->cpu Got response for addr 0x29dd8 , 171480
308074000: system.memobj: size 0x8
308074000: system.memobj: id 94061725811856
308074000: system.memobj: data_hex : 01000084C90F8415 
308074000: system.memobj: data : 0000000100000000000000001000010011001001000011111000010000010101 
308074000: system.memobj: fix data : 0000000100000000000000001000010011001001000011111000010000010101 
308074000: system.memobj: -------------------------------------
308123000: system.memobj: mem->cpu Got response for addr 0x29dd8 , 171480
308123000: system.memobj: size 0x8
308123000: system.memobj: id 94061725811568
308123000: system.memobj: data_hex : 01000084C90F8415 
308123000: system.memobj: data : 0000000100000000000000001000010011001001000011111000010000010101 
308123000: system.memobj: fix data : 0000000100000000000000001000010011001001000011111000010000010101 
308123000: system.memobj: -------------------------------------
308172000: system.memobj: mem->cpu Got response for addr 0x29dd8 , 171480
308172000: system.memobj: size 0x8
308172000: system.memobj: id 94061725811856
308172000: system.memobj: data_hex : 01000084C90F8415 
308172000: system.memobj: data : 0000000100000000000000001000010011001001000011111000010000010101 
308172000: system.memobj: fix data : 0000000100000000000000001000010011001001000011111000010000010101 
308172000: system.memobj: -------------------------------------
308221000: system.memobj: mem->cpu Got response for addr 0x29de0 , 171488
308221000: system.memobj: size 0x8
308221000: system.memobj: id 94061725811568
308221000: system.memobj: data_hex : 01000048FFC0FFCA 
308221000: system.memobj: data : 0000000100000000000000000100100011111111110000001111111111001010 
308221000: system.memobj: fix data : 0000000100000000000000000100100011111111110000001111111111001010 
308221000: system.memobj: -------------------------------------
308270000: system.memobj: mem->cpu Got response for addr 0x29de0 , 171488
308270000: system.memobj: size 0x8
308270000: system.memobj: id 94061725811856
308270000: system.memobj: data_hex : 01000048FFC0FFCA 
308270000: system.memobj: data : 0000000100000000000000000100100011111111110000001111111111001010 
308270000: system.memobj: fix data : 0000000100000000000000000100100011111111110000001111111111001010 
308270000: system.memobj: -------------------------------------
308319000: system.memobj: mem->cpu Got response for addr 0x29de0 , 171488
308319000: system.memobj: size 0x8
308319000: system.memobj: id 94061725811568
308319000: system.memobj: data_hex : 01000048FFC0FFCA 
308319000: system.memobj: data : 0000000100000000000000000100100011111111110000001111111111001010 
308319000: system.memobj: fix data : 0000000100000000000000000100100011111111110000001111111111001010 
308319000: system.memobj: -------------------------------------
308368000: system.memobj: mem->cpu Got response for addr 0x29de8 , 171496
308368000: system.memobj: size 0x8
308368000: system.memobj: id 94061725811856
308368000: system.memobj: data_hex : 75E649B901010101 
308368000: system.memobj: data : 0111010111100110010010011011100100000001000000010000000100000001 
308368000: system.memobj: fix data : 0111010111100110010010011011100100000001000000010000000100000001 
308368000: system.memobj: -------------------------------------
308417000: system.memobj: mem->cpu Got response for addr 0x29dd0 , 171472
308417000: system.memobj: size 0x8
308417000: system.memobj: id 94061725811568
308417000: system.memobj: data_hex : 8A084038CE0F8485 
308417000: system.memobj: data : 1000101000001000010000000011100011001110000011111000010010000101 
308417000: system.memobj: fix data : 1000101000001000010000000011100011001110000011111000010010000101 
308417000: system.memobj: -------------------------------------
308466000: system.memobj: mem->cpu Got response for addr 0x94f8c , 610188
308466000: system.memobj: size 0x1
308466000: system.memobj: id 94061725811856
308466000: system.memobj: data_hex : 2F 
308466000: system.memobj: data : 00101111 
308466000: system.memobj: fix data : 00101111 
308466000: system.memobj: -------------------------------------
308515000: system.memobj: mem->cpu Got response for addr 0x29dd0 , 171472
308515000: system.memobj: size 0x8
308515000: system.memobj: id 94061725811856
308515000: system.memobj: data_hex : 8A084038CE0F8485 
308515000: system.memobj: data : 1000101000001000010000000011100011001110000011111000010010000101 
308515000: system.memobj: fix data : 1000101000001000010000000011100011001110000011111000010010000101 
308515000: system.memobj: -------------------------------------
308564000: system.memobj: mem->cpu Got response for addr 0x29dd0 , 171472
308564000: system.memobj: size 0x8
308564000: system.memobj: id 94061725811568
308564000: system.memobj: data_hex : 8A084038CE0F8485 
308564000: system.memobj: data : 1000101000001000010000000011100011001110000011111000010010000101 
308564000: system.memobj: fix data : 1000101000001000010000000011100011001110000011111000010010000101 
308564000: system.memobj: -------------------------------------
308613000: system.memobj: mem->cpu Got response for addr 0x29dd8 , 171480
308613000: system.memobj: size 0x8
308613000: system.memobj: id 94061725811856
308613000: system.memobj: data_hex : 01000084C90F8415 
308613000: system.memobj: data : 0000000100000000000000001000010011001001000011111000010000010101 
308613000: system.memobj: fix data : 0000000100000000000000001000010011001001000011111000010000010101 
308613000: system.memobj: -------------------------------------
308662000: system.memobj: mem->cpu Got response for addr 0x29f60 , 171872
308662000: system.memobj: size 0x8
308662000: system.memobj: id 94061725811568
308662000: system.memobj: data_hex : 90C3909090909090 
308662000: system.memobj: data : 1001000011000011100100001001000010010000100100001001000010010000 
308662000: system.memobj: fix data : 1001000011000011100100001001000010010000100100001001000010010000 
308662000: system.memobj: -------------------------------------
308725000: system.memobj: mem->cpu Got response for addr 0x29f60 , 171872
308725000: system.memobj: size 0x8
308725000: system.memobj: id 94061725811856
308725000: system.memobj: data_hex : 90C3909090909090 
308725000: system.memobj: data : 1001000011000011100100001001000010010000100100001001000010010000 
308725000: system.memobj: fix data : 1001000011000011100100001001000010010000100100001001000010010000 
308725000: system.memobj: -------------------------------------
308774000: system.memobj: mem->cpu Got response for addr 0x94b48 , 609096
308774000: system.memobj: size 0x8
308774000: system.memobj: id 94061725811568
308774000: system.memobj: data_hex : 7EA6420000000000 
308774000: system.memobj: data : 0111111010100110010000100000000000000000000000000000000000000000 
308774000: system.memobj: hamming code addr: 609096 
308774000: system.memobj: hamming code out: 9 
308774000: system.memobj: find Error Bit index : 2 
308774000: system.memobj: hamming code addr: 609104 
308774000: system.memobj: hamming code out: 4 
308774000: system.memobj: hamming code addr: 609112 
308774000: system.memobj: hamming code out: 14 
308774000: system.memobj: hamming code addr: 609120 
308774000: system.memobj: hamming code out: 0 
308774000: system.memobj: hamming code addr: 609128 
308774000: system.memobj: hamming code out: 0 
308774000: system.memobj: hamming code addr: 609136 
308774000: system.memobj: hamming code out: 0 
308774000: system.memobj: hamming code addr: 609144 
308774000: system.memobj: hamming code out: 0 
308774000: system.memobj: hamming code addr: 609152 
308774000: system.memobj: hamming code out: 0 
308774000: system.memobj: fix data : 0011111010100110010000100000000000000000000000000000000000000000 
308774000: system.memobj: -------------------------------------
308823000: system.memobj: mem->cpu Got response for addr 0x2a638 , 173624
308823000: system.memobj: size 0x8
308823000: system.memobj: id 94061725811568
308823000: system.memobj: data_hex : DEE882F7FFFF4885 
308823000: system.memobj: data : 1101111011101000100000101111011111111111111111110100100010000101 
308823000: system.memobj: fix data : 1101111011101000100000101111011111111111111111110100100010000101 
308823000: system.memobj: -------------------------------------
308872000: system.memobj: mem->cpu Got response for addr 0x2a640 , 173632
308872000: system.memobj: size 0x8
308872000: system.memobj: id 94061725811856
308872000: system.memobj: data_hex : C075ED4883C40848 
308872000: system.memobj: data : 1100000001110101111011010100100010000011110001000000100001001000 
308872000: system.memobj: fix data : 1100000001110101111011010100100010000011110001000000100001001000 
308872000: system.memobj: -------------------------------------
308921000: system.memobj: mem->cpu Got response for addr 0x2a640 , 173632
308921000: system.memobj: size 0x8
308921000: system.memobj: id 94061725811568
308921000: system.memobj: data_hex : C075ED4883C40848 
308921000: system.memobj: data : 1100000001110101111011010100100010000011110001000000100001001000 
308921000: system.memobj: fix data : 1100000001110101111011010100100010000011110001000000100001001000 
308921000: system.memobj: -------------------------------------
308970000: system.memobj: mem->cpu Got response for addr 0x2a630 , 173616
308970000: system.memobj: size 0x8
308970000: system.memobj: id 94061725811856
308970000: system.memobj: data_hex : 488D78014889C589 
308970000: system.memobj: data : 0100100010001101011110000000000101001000100010011100010110001001 
308970000: system.memobj: fix data : 0100100010001101011110000000000101001000100010011100010110001001 
308970000: system.memobj: -------------------------------------
309019000: system.memobj: mem->cpu Got response for addr 0x2a630 , 173616
309019000: system.memobj: size 0x8
309019000: system.memobj: id 94061725811568
309019000: system.memobj: data_hex : 488D78014889C589 
309019000: system.memobj: data : 0100100010001101011110000000000101001000100010011100010110001001 
309019000: system.memobj: fix data : 0100100010001101011110000000000101001000100010011100010110001001 
309019000: system.memobj: -------------------------------------
309068000: system.memobj: mem->cpu Got response for addr 0x2a630 , 173616
309068000: system.memobj: size 0x8
309068000: system.memobj: id 94061725811856
309068000: system.memobj: data_hex : 488D78014889C589 
309068000: system.memobj: data : 0100100010001101011110000000000101001000100010011100010110001001 
309068000: system.memobj: fix data : 0100100010001101011110000000000101001000100010011100010110001001 
309068000: system.memobj: -------------------------------------
309117000: system.memobj: mem->cpu Got response for addr 0x2a638 , 173624
309117000: system.memobj: size 0x8
309117000: system.memobj: id 94061725811568
309117000: system.memobj: data_hex : DEE882F7FFFF4885 
309117000: system.memobj: data : 1101111011101000100000101111011111111111111111110100100010000101 
309117000: system.memobj: fix data : 1101111011101000100000101111011111111111111111110100100010000101 
309117000: system.memobj: -------------------------------------
309166000: system.memobj: mem->cpu Got response for addr 0x2a638 , 173624
309166000: system.memobj: size 0x8
309166000: system.memobj: id 94061725811856
309166000: system.memobj: data_hex : DEE882F7FFFF4885 
309166000: system.memobj: data : 1101111011101000100000101111011111111111111111110100100010000101 
309166000: system.memobj: fix data : 1101111011101000100000101111011111111111111111110100100010000101 
309166000: system.memobj: -------------------------------------
309166000: system.memobj: cpu->mem Got request for addr 0x94b48 , 609096
309166000: system.memobj: size 0x8
309166000: system.memobj: id 94061725811568
309166000: system.memobj: data_hex : 3EA6420000000000 
309166000: system.memobj: data : 0011111010100110010000100000000000000000000000000000000000000000 
309166000: system.memobj: hamming code addr: 609096 
309166000: system.memobj: hamming code : 9 
309166000: system.memobj: hamming code addr: 609104 
309166000: system.memobj: hamming code : 4 
309166000: system.memobj: hamming code addr: 609112 
309166000: system.memobj: hamming code : 14 
309166000: system.memobj: hamming code addr: 609120 
309166000: system.memobj: hamming code : 0 
309166000: system.memobj: hamming code addr: 609128 
309166000: system.memobj: hamming code : 0 
309166000: system.memobj: hamming code addr: 609136 
309166000: system.memobj: hamming code : 0 
309166000: system.memobj: hamming code addr: 609144 
309166000: system.memobj: hamming code : 0 
309166000: system.memobj: hamming code addr: 609152 
309166000: system.memobj: hamming code : 0 
309166000: system.memobj: Enter Error Bit index: 5 
309166000: system.memobj: flip data : 0011011010100110010000100000000000000000000000000000000000000000 
309166000: system.memobj: -------------------------------------
309236000: system.memobj: mem->cpu Got response for addr 0x29dc0 , 171456
309236000: system.memobj: size 0x8
309236000: system.memobj: id 94061725811568
309236000: system.memobj: data_hex : 4889FA83E2074889 
309236000: system.memobj: data : 0100100010001001111110101000001111100010000001110100100010001001 
309236000: system.memobj: fix data : 0100100010001001111110101000001111100010000001110100100010001001 
309236000: system.memobj: -------------------------------------
309285000: system.memobj: mem->cpu Got response for addr 0x29dc0 , 171456
309285000: system.memobj: size 0x8
309285000: system.memobj: id 94061725811856
309285000: system.memobj: data_hex : 4889FA83E2074889 
309285000: system.memobj: data : 0100100010001001111110101000001111100010000001110100100010001001 
309285000: system.memobj: fix data : 0100100010001001111110101000001111100010000001110100100010001001 
309285000: system.memobj: -------------------------------------
309334000: system.memobj: mem->cpu Got response for addr 0x29dc0 , 171456
309334000: system.memobj: size 0x8
309334000: system.memobj: id 94061725811568
309334000: system.memobj: data_hex : 4889FA83E2074889 
309334000: system.memobj: data : 0100100010001001111110101000001111100010000001110100100010001001 
309334000: system.memobj: fix data : 0100100010001001111110101000001111100010000001110100100010001001 
309334000: system.memobj: -------------------------------------
309383000: system.memobj: mem->cpu Got response for addr 0x29dc8 , 171464
309383000: system.memobj: size 0x8
309383000: system.memobj: id 94061725811856
309383000: system.memobj: data_hex : F8741FF7DA83C208 
309383000: system.memobj: data : 1111100001110100000111111111011111011010100000111100001000001000 
309383000: system.memobj: fix data : 1111100001110100000111111111011111011010100000111100001000001000 
309383000: system.memobj: -------------------------------------
309432000: system.memobj: mem->cpu Got response for addr 0x29dc8 , 171464
309432000: system.memobj: size 0x8
309432000: system.memobj: id 94061725811568
309432000: system.memobj: data_hex : F8741FF7DA83C208 
309432000: system.memobj: data : 1111100001110100000111111111011111011010100000111100001000001000 
309432000: system.memobj: fix data : 1111100001110100000111111111011111011010100000111100001000001000 
309432000: system.memobj: -------------------------------------
309481000: system.memobj: mem->cpu Got response for addr 0x29dc8 , 171464
309481000: system.memobj: size 0x8
309481000: system.memobj: id 94061725811856
309481000: system.memobj: data_hex : F8741FF7DA83C208 
309481000: system.memobj: data : 1111100001110100000111111111011111011010100000111100001000001000 
309481000: system.memobj: fix data : 1111100001110100000111111111011111011010100000111100001000001000 
309481000: system.memobj: -------------------------------------
309530000: system.memobj: mem->cpu Got response for addr 0x29dc8 , 171464
309530000: system.memobj: size 0x8
309530000: system.memobj: id 94061725811568
309530000: system.memobj: data_hex : F8741FF7DA83C208 
309530000: system.memobj: data : 1111100001110100000111111111011111011010100000111100001000001000 
309530000: system.memobj: fix data : 1111100001110100000111111111011111011010100000111100001000001000 
309530000: system.memobj: -------------------------------------
309579000: system.memobj: mem->cpu Got response for addr 0x29dd0 , 171472
309579000: system.memobj: size 0x8
309579000: system.memobj: id 94061725811856
309579000: system.memobj: data_hex : 8A084038CE0F8485 
309579000: system.memobj: data : 1000101000001000010000000011100011001110000011111000010010000101 
309579000: system.memobj: fix data : 1000101000001000010000000011100011001110000011111000010010000101 
309579000: system.memobj: -------------------------------------
309628000: system.memobj: mem->cpu Got response for addr 0x94f8d , 610189
309628000: system.memobj: size 0x1
309628000: system.memobj: id 94061725811568
309628000: system.memobj: data_hex : 78 
309628000: system.memobj: data : 01111000 
309628000: system.memobj: fix data : 01111000 
309628000: system.memobj: -------------------------------------
309677000: system.memobj: mem->cpu Got response for addr 0x29dd0 , 171472
309677000: system.memobj: size 0x8
309677000: system.memobj: id 94061725811568
309677000: system.memobj: data_hex : 8A084038CE0F8485 
309677000: system.memobj: data : 1000101000001000010000000011100011001110000011111000010010000101 
309677000: system.memobj: fix data : 1000101000001000010000000011100011001110000011111000010010000101 
309677000: system.memobj: -------------------------------------
309726000: system.memobj: mem->cpu Got response for addr 0x29dd0 , 171472
309726000: system.memobj: size 0x8
309726000: system.memobj: id 94061725811856
309726000: system.memobj: data_hex : 8A084038CE0F8485 
309726000: system.memobj: data : 1000101000001000010000000011100011001110000011111000010010000101 
309726000: system.memobj: fix data : 1000101000001000010000000011100011001110000011111000010010000101 
309726000: system.memobj: -------------------------------------
309775000: system.memobj: mem->cpu Got response for addr 0x29dd8 , 171480
309775000: system.memobj: size 0x8
309775000: system.memobj: id 94061725811568
309775000: system.memobj: data_hex : 01000084C90F8415 
309775000: system.memobj: data : 0000000100000000000000001000010011001001000011111000010000010101 
309775000: system.memobj: fix data : 0000000100000000000000001000010011001001000011111000010000010101 
309775000: system.memobj: -------------------------------------
309824000: system.memobj: mem->cpu Got response for addr 0x29dd8 , 171480
309824000: system.memobj: size 0x8
309824000: system.memobj: id 94061725811856
309824000: system.memobj: data_hex : 01000084C90F8415 
309824000: system.memobj: data : 0000000100000000000000001000010011001001000011111000010000010101 
309824000: system.memobj: fix data : 0000000100000000000000001000010011001001000011111000010000010101 
309824000: system.memobj: -------------------------------------
309873000: system.memobj: mem->cpu Got response for addr 0x29dd8 , 171480
309873000: system.memobj: size 0x8
309873000: system.memobj: id 94061725811568
309873000: system.memobj: data_hex : 01000084C90F8415 
309873000: system.memobj: data : 0000000100000000000000001000010011001001000011111000010000010101 
309873000: system.memobj: fix data : 0000000100000000000000001000010011001001000011111000010000010101 
309873000: system.memobj: -------------------------------------
309922000: system.memobj: mem->cpu Got response for addr 0x29de0 , 171488
309922000: system.memobj: size 0x8
309922000: system.memobj: id 94061725811856
309922000: system.memobj: data_hex : 01000048FFC0FFCA 
309922000: system.memobj: data : 0000000100000000000000000100100011111111110000001111111111001010 
309922000: system.memobj: fix data : 0000000100000000000000000100100011111111110000001111111111001010 
309922000: system.memobj: -------------------------------------
309971000: system.memobj: mem->cpu Got response for addr 0x29de0 , 171488
309971000: system.memobj: size 0x8
309971000: system.memobj: id 94061725811568
309971000: system.memobj: data_hex : 01000048FFC0FFCA 
309971000: system.memobj: data : 0000000100000000000000000100100011111111110000001111111111001010 
309971000: system.memobj: fix data : 0000000100000000000000000100100011111111110000001111111111001010 
309971000: system.memobj: -------------------------------------
310034000: system.memobj: mem->cpu Got response for addr 0x29de0 , 171488
310034000: system.memobj: size 0x8
310034000: system.memobj: id 94061725811856
310034000: system.memobj: data_hex : 01000048FFC0FFCA 
310034000: system.memobj: data : 0000000100000000000000000100100011111111110000001111111111001010 
310034000: system.memobj: fix data : 0000000100000000000000000100100011111111110000001111111111001010 
310034000: system.memobj: -------------------------------------
310083000: system.memobj: mem->cpu Got response for addr 0x29de8 , 171496
310083000: system.memobj: size 0x8
310083000: system.memobj: id 94061725811568
310083000: system.memobj: data_hex : 75E649B901010101 
310083000: system.memobj: data : 0111010111100110010010011011100100000001000000010000000100000001 
310083000: system.memobj: fix data : 0111010111100110010010011011100100000001000000010000000100000001 
310083000: system.memobj: -------------------------------------
310132000: system.memobj: mem->cpu Got response for addr 0x29dd0 , 171472
310132000: system.memobj: size 0x8
310132000: system.memobj: id 94061725811856
310132000: system.memobj: data_hex : 8A084038CE0F8485 
310132000: system.memobj: data : 1000101000001000010000000011100011001110000011111000010010000101 
310132000: system.memobj: fix data : 1000101000001000010000000011100011001110000011111000010010000101 
310132000: system.memobj: -------------------------------------
310181000: system.memobj: mem->cpu Got response for addr 0x94f8e , 610190
310181000: system.memobj: size 0x1
310181000: system.memobj: id 94061725811568
310181000: system.memobj: data_hex : 38 
310181000: system.memobj: data : 00111000 
310181000: system.memobj: fix data : 00111000 
310181000: system.memobj: -------------------------------------
310230000: system.memobj: mem->cpu Got response for addr 0x29dd0 , 171472
310230000: system.memobj: size 0x8
310230000: system.memobj: id 94061725811568
310230000: system.memobj: data_hex : 8A084038CE0F8485 
310230000: system.memobj: data : 1000101000001000010000000011100011001110000011111000010010000101 
310230000: system.memobj: fix data : 1000101000001000010000000011100011001110000011111000010010000101 
310230000: system.memobj: -------------------------------------
310279000: system.memobj: mem->cpu Got response for addr 0x29dd0 , 171472
310279000: system.memobj: size 0x8
310279000: system.memobj: id 94061725811856
310279000: system.memobj: data_hex : 8A084038CE0F8485 
310279000: system.memobj: data : 1000101000001000010000000011100011001110000011111000010010000101 
310279000: system.memobj: fix data : 1000101000001000010000000011100011001110000011111000010010000101 
310279000: system.memobj: -------------------------------------
310328000: system.memobj: mem->cpu Got response for addr 0x29dd8 , 171480
310328000: system.memobj: size 0x8
310328000: system.memobj: id 94061725811568
310328000: system.memobj: data_hex : 01000084C90F8415 
310328000: system.memobj: data : 0000000100000000000000001000010011001001000011111000010000010101 
310328000: system.memobj: fix data : 0000000100000000000000001000010011001001000011111000010000010101 
310328000: system.memobj: -------------------------------------
310377000: system.memobj: mem->cpu Got response for addr 0x29dd8 , 171480
310377000: system.memobj: size 0x8
310377000: system.memobj: id 94061725811856
310377000: system.memobj: data_hex : 01000084C90F8415 
310377000: system.memobj: data : 0000000100000000000000001000010011001001000011111000010000010101 
310377000: system.memobj: fix data : 0000000100000000000000001000010011001001000011111000010000010101 
310377000: system.memobj: -------------------------------------
310426000: system.memobj: mem->cpu Got response for addr 0x29dd8 , 171480
310426000: system.memobj: size 0x8
310426000: system.memobj: id 94061725811568
310426000: system.memobj: data_hex : 01000084C90F8415 
310426000: system.memobj: data : 0000000100000000000000001000010011001001000011111000010000010101 
310426000: system.memobj: fix data : 0000000100000000000000001000010011001001000011111000010000010101 
310426000: system.memobj: -------------------------------------
310475000: system.memobj: mem->cpu Got response for addr 0x29de0 , 171488
310475000: system.memobj: size 0x8
310475000: system.memobj: id 94061725811856
310475000: system.memobj: data_hex : 01000048FFC0FFCA 
310475000: system.memobj: data : 0000000100000000000000000100100011111111110000001111111111001010 
310475000: system.memobj: fix data : 0000000100000000000000000100100011111111110000001111111111001010 
310475000: system.memobj: -------------------------------------
310524000: system.memobj: mem->cpu Got response for addr 0x29de0 , 171488
310524000: system.memobj: size 0x8
310524000: system.memobj: id 94061725811568
310524000: system.memobj: data_hex : 01000048FFC0FFCA 
310524000: system.memobj: data : 0000000100000000000000000100100011111111110000001111111111001010 
310524000: system.memobj: fix data : 0000000100000000000000000100100011111111110000001111111111001010 
310524000: system.memobj: -------------------------------------
310573000: system.memobj: mem->cpu Got response for addr 0x29de0 , 171488
310573000: system.memobj: size 0x8
310573000: system.memobj: id 94061725811856
310573000: system.memobj: data_hex : 01000048FFC0FFCA 
310573000: system.memobj: data : 0000000100000000000000000100100011111111110000001111111111001010 
310573000: system.memobj: fix data : 0000000100000000000000000100100011111111110000001111111111001010 
310573000: system.memobj: -------------------------------------
310622000: system.memobj: mem->cpu Got response for addr 0x29de8 , 171496
310622000: system.memobj: size 0x8
310622000: system.memobj: id 94061725811568
310622000: system.memobj: data_hex : 75E649B901010101 
310622000: system.memobj: data : 0111010111100110010010011011100100000001000000010000000100000001 
310622000: system.memobj: fix data : 0111010111100110010010011011100100000001000000010000000100000001 
310622000: system.memobj: -------------------------------------
310671000: system.memobj: mem->cpu Got response for addr 0x29dd0 , 171472
310671000: system.memobj: size 0x8
310671000: system.memobj: id 94061725811856
310671000: system.memobj: data_hex : 8A084038CE0F8485 
310671000: system.memobj: data : 1000101000001000010000000011100011001110000011111000010010000101 
310671000: system.memobj: fix data : 1000101000001000010000000011100011001110000011111000010010000101 
310671000: system.memobj: -------------------------------------
310720000: system.memobj: mem->cpu Got response for addr 0x94f8f , 610191
310720000: system.memobj: size 0x1
310720000: system.memobj: id 94061725811568
310720000: system.memobj: data_hex : 36 
310720000: system.memobj: data : 00110110 
310720000: system.memobj: fix data : 00110110 
310720000: system.memobj: -------------------------------------
310769000: system.memobj: mem->cpu Got response for addr 0x29dd0 , 171472
310769000: system.memobj: size 0x8
310769000: system.memobj: id 94061725811568
310769000: system.memobj: data_hex : 8A084038CE0F8485 
310769000: system.memobj: data : 1000101000001000010000000011100011001110000011111000010010000101 
310769000: system.memobj: fix data : 1000101000001000010000000011100011001110000011111000010010000101 
310769000: system.memobj: -------------------------------------
310818000: system.memobj: mem->cpu Got response for addr 0x29dd0 , 171472
310818000: system.memobj: size 0x8
310818000: system.memobj: id 94061725811856
310818000: system.memobj: data_hex : 8A084038CE0F8485 
310818000: system.memobj: data : 1000101000001000010000000011100011001110000011111000010010000101 
310818000: system.memobj: fix data : 1000101000001000010000000011100011001110000011111000010010000101 
310818000: system.memobj: -------------------------------------
310867000: system.memobj: mem->cpu Got response for addr 0x29dd8 , 171480
310867000: system.memobj: size 0x8
310867000: system.memobj: id 94061725811568
310867000: system.memobj: data_hex : 01000084C90F8415 
310867000: system.memobj: data : 0000000100000000000000001000010011001001000011111000010000010101 
310867000: system.memobj: fix data : 0000000100000000000000001000010011001001000011111000010000010101 
310867000: system.memobj: -------------------------------------
310930000: system.memobj: mem->cpu Got response for addr 0x29dd8 , 171480
310930000: system.memobj: size 0x8
310930000: system.memobj: id 94061725811856
310930000: system.memobj: data_hex : 01000084C90F8415 
310930000: system.memobj: data : 0000000100000000000000001000010011001001000011111000010000010101 
310930000: system.memobj: fix data : 0000000100000000000000001000010011001001000011111000010000010101 
310930000: system.memobj: -------------------------------------
310979000: system.memobj: mem->cpu Got response for addr 0x29dd8 , 171480
310979000: system.memobj: size 0x8
310979000: system.memobj: id 94061725811568
310979000: system.memobj: data_hex : 01000084C90F8415 
310979000: system.memobj: data : 0000000100000000000000001000010011001001000011111000010000010101 
310979000: system.memobj: fix data : 0000000100000000000000001000010011001001000011111000010000010101 
310979000: system.memobj: -------------------------------------
311028000: system.memobj: mem->cpu Got response for addr 0x29de0 , 171488
311028000: system.memobj: size 0x8
311028000: system.memobj: id 94061725811856
311028000: system.memobj: data_hex : 01000048FFC0FFCA 
311028000: system.memobj: data : 0000000100000000000000000100100011111111110000001111111111001010 
311028000: system.memobj: fix data : 0000000100000000000000000100100011111111110000001111111111001010 
311028000: system.memobj: -------------------------------------
311077000: system.memobj: mem->cpu Got response for addr 0x29de0 , 171488
311077000: system.memobj: size 0x8
311077000: system.memobj: id 94061725811568
311077000: system.memobj: data_hex : 01000048FFC0FFCA 
311077000: system.memobj: data : 0000000100000000000000000100100011111111110000001111111111001010 
311077000: system.memobj: fix data : 0000000100000000000000000100100011111111110000001111111111001010 
311077000: system.memobj: -------------------------------------
311126000: system.memobj: mem->cpu Got response for addr 0x29de0 , 171488
311126000: system.memobj: size 0x8
311126000: system.memobj: id 94061725811856
311126000: system.memobj: data_hex : 01000048FFC0FFCA 
311126000: system.memobj: data : 0000000100000000000000000100100011111111110000001111111111001010 
311126000: system.memobj: fix data : 0000000100000000000000000100100011111111110000001111111111001010 
311126000: system.memobj: -------------------------------------
311175000: system.memobj: mem->cpu Got response for addr 0x29de8 , 171496
311175000: system.memobj: size 0x8
311175000: system.memobj: id 94061725811568
311175000: system.memobj: data_hex : 75E649B901010101 
311175000: system.memobj: data : 0111010111100110010010011011100100000001000000010000000100000001 
311175000: system.memobj: fix data : 0111010111100110010010011011100100000001000000010000000100000001 
311175000: system.memobj: -------------------------------------
311224000: system.memobj: mem->cpu Got response for addr 0x29de8 , 171496
311224000: system.memobj: size 0x8
311224000: system.memobj: id 94061725811856
311224000: system.memobj: data_hex : 75E649B901010101 
311224000: system.memobj: data : 0111010111100110010010011011100100000001000000010000000100000001 
311224000: system.memobj: fix data : 0111010111100110010010011011100100000001000000010000000100000001 
311224000: system.memobj: -------------------------------------
311273000: system.memobj: mem->cpu Got response for addr 0x29df0 , 171504
311273000: system.memobj: size 0x8
311273000: system.memobj: id 94061725811568
311273000: system.memobj: data_hex : 01010101400FB6D6 
311273000: system.memobj: data : 0000000100000001000000010000000101000000000011111011011011010110 
311273000: system.memobj: fix data : 0000000100000001000000010000000101000000000011111011011011010110 
311273000: system.memobj: -------------------------------------
311322000: system.memobj: mem->cpu Got response for addr 0x29df0 , 171504
311322000: system.memobj: size 0x8
311322000: system.memobj: id 94061725811856
311322000: system.memobj: data_hex : 01010101400FB6D6 
311322000: system.memobj: data : 0000000100000001000000010000000101000000000011111011011011010110 
311322000: system.memobj: fix data : 0000000100000001000000010000000101000000000011111011011011010110 
311322000: system.memobj: -------------------------------------
311371000: system.memobj: mem->cpu Got response for addr 0x29df8 , 171512
311371000: system.memobj: size 0x8
311371000: system.memobj: id 94061725811568
311371000: system.memobj: data_hex : 4C0FAFCA49B8FFFE 
311371000: system.memobj: data : 0100110000001111101011111100101001001001101110001111111111111110 
311371000: system.memobj: fix data : 0100110000001111101011111100101001001001101110001111111111111110 
311371000: system.memobj: -------------------------------------
311420000: system.memobj: mem->cpu Got response for addr 0x29df8 , 171512
311420000: system.memobj: size 0x8
311420000: system.memobj: id 94061725811856
311420000: system.memobj: data_hex : 4C0FAFCA49B8FFFE 
311420000: system.memobj: data : 0100110000001111101011111100101001001001101110001111111111111110 
311420000: system.memobj: fix data : 0100110000001111101011111100101001001001101110001111111111111110 
311420000: system.memobj: -------------------------------------
311469000: system.memobj: mem->cpu Got response for addr 0x29e00 , 171520
311469000: system.memobj: size 0x8
311469000: system.memobj: id 94061725811568
311469000: system.memobj: data_hex : FEFEFEFEFEFE6666 
311469000: system.memobj: data : 1111111011111110111111101111111011111110111111100110011001100110 
311469000: system.memobj: fix data : 1111111011111110111111101111111011111110111111100110011001100110 
311469000: system.memobj: -------------------------------------
311787000: system.memobj: mem->cpu Got response for addr 0x29e00 , 171520
311787000: system.memobj: size 0x8
311787000: system.memobj: id 94061725811856
311787000: system.memobj: data_hex : FEFEFEFEFEFE6666 
311787000: system.memobj: data : 1111111011111110111111101111111011111110111111100110011001100110 
311787000: system.memobj: fix data : 1111111011111110111111101111111011111110111111100110011001100110 
311787000: system.memobj: -------------------------------------
311836000: system.memobj: mem->cpu Got response for addr 0x29e08 , 171528
311836000: system.memobj: size 0x8
311836000: system.memobj: id 94061725811568
311836000: system.memobj: data_hex : 6690666690666690 
311836000: system.memobj: data : 0110011010010000011001100110011010010000011001100110011010010000 
311836000: system.memobj: fix data : 0110011010010000011001100110011010010000011001100110011010010000 
311836000: system.memobj: -------------------------------------
311885000: system.memobj: mem->cpu Got response for addr 0x29e08 , 171528
311885000: system.memobj: size 0x8
311885000: system.memobj: id 94061725811856
311885000: system.memobj: data_hex : 6690666690666690 
311885000: system.memobj: data : 0110011010010000011001100110011010010000011001100110011010010000 
311885000: system.memobj: fix data : 0110011010010000011001100110011010010000011001100110011010010000 
311885000: system.memobj: -------------------------------------
311934000: system.memobj: mem->cpu Got response for addr 0x29e08 , 171528
311934000: system.memobj: size 0x8
311934000: system.memobj: id 94061725811568
311934000: system.memobj: data_hex : 6690666690666690 
311934000: system.memobj: data : 0110011010010000011001100110011010010000011001100110011010010000 
311934000: system.memobj: fix data : 0110011010010000011001100110011010010000011001100110011010010000 
311934000: system.memobj: -------------------------------------
311983000: system.memobj: mem->cpu Got response for addr 0x29e10 , 171536
311983000: system.memobj: size 0x8
311983000: system.memobj: id 94061725811856
311983000: system.memobj: data_hex : 488B084883C0084C 
311983000: system.memobj: data : 0100100010001011000010000100100010000011110000000000100001001100 
311983000: system.memobj: fix data : 0100100010001011000010000100100010000011110000000000100001001100 
311983000: system.memobj: -------------------------------------
312046000: system.memobj: mem->cpu Got response for addr 0x94f90 , 610192
312046000: system.memobj: size 0x8
312046000: system.memobj: id 94061725811568
312046000: system.memobj: data_hex : 2F6C696E75782F68 
312046000: system.memobj: data : 0010111101101100011010010110111001110101011110000010111101101000 
312046000: system.memobj: fix data : 0010111101101100011010010110111001110101011110000010111101101000 
312046000: system.memobj: -------------------------------------
312095000: system.memobj: mem->cpu Got response for addr 0x29e10 , 171536
312095000: system.memobj: size 0x8
312095000: system.memobj: id 94061725811568
312095000: system.memobj: data_hex : 488B084883C0084C 
312095000: system.memobj: data : 0100100010001011000010000100100010000011110000000000100001001100 
312095000: system.memobj: fix data : 0100100010001011000010000100100010000011110000000000100001001100 
312095000: system.memobj: -------------------------------------
312144000: system.memobj: mem->cpu Got response for addr 0x29e10 , 171536
312144000: system.memobj: size 0x8
312144000: system.memobj: id 94061725811856
312144000: system.memobj: data_hex : 488B084883C0084C 
312144000: system.memobj: data : 0100100010001011000010000100100010000011110000000000100001001100 
312144000: system.memobj: fix data : 0100100010001011000010000100100010000011110000000000100001001100 
312144000: system.memobj: -------------------------------------
312193000: system.memobj: mem->cpu Got response for addr 0x29e18 , 171544
312193000: system.memobj: size 0x8
312193000: system.memobj: id 94061725811568
312193000: system.memobj: data_hex : 89C24C31C94801CA 
312193000: system.memobj: data : 1000100111000010010011000011000111001001010010000000000111001010 
312193000: system.memobj: fix data : 1000100111000010010011000011000111001001010010000000000111001010 
312193000: system.memobj: -------------------------------------
312242000: system.memobj: mem->cpu Got response for addr 0x29e18 , 171544
312242000: system.memobj: size 0x8
312242000: system.memobj: id 94061725811856
312242000: system.memobj: data_hex : 89C24C31C94801CA 
312242000: system.memobj: data : 1000100111000010010011000011000111001001010010000000000111001010 
312242000: system.memobj: fix data : 1000100111000010010011000011000111001001010010000000000111001010 
312242000: system.memobj: -------------------------------------
312291000: system.memobj: mem->cpu Got response for addr 0x29e18 , 171544
312291000: system.memobj: size 0x8
312291000: system.memobj: id 94061725811568
312291000: system.memobj: data_hex : 89C24C31C94801CA 
312291000: system.memobj: data : 1000100111000010010011000011000111001001010010000000000111001010 
312291000: system.memobj: fix data : 1000100111000010010011000011000111001001010010000000000111001010 
312291000: system.memobj: -------------------------------------
312340000: system.memobj: mem->cpu Got response for addr 0x29e20 , 171552
312340000: system.memobj: size 0x8
312340000: system.memobj: id 94061725811856
312340000: system.memobj: data_hex : 0F83DA0000004831 
312340000: system.memobj: data : 0000111110000011110110100000000000000000000000000100100000110001 
312340000: system.memobj: fix data : 0000111110000011110110100000000000000000000000000100100000110001 
312340000: system.memobj: -------------------------------------
312389000: system.memobj: mem->cpu Got response for addr 0x29e20 , 171552
312389000: system.memobj: size 0x8
312389000: system.memobj: id 94061725811568
312389000: system.memobj: data_hex : 0F83DA0000004831 
312389000: system.memobj: data : 0000111110000011110110100000000000000000000000000100100000110001 
312389000: system.memobj: fix data : 0000111110000011110110100000000000000000000000000100100000110001 
312389000: system.memobj: -------------------------------------
312438000: system.memobj: mem->cpu Got response for addr 0x29e28 , 171560
312438000: system.memobj: size 0x8
312438000: system.memobj: id 94061725811856
312438000: system.memobj: data_hex : CA4C09C248FFC20F 
312438000: system.memobj: data : 1100101001001100000010011100001001001000111111111100001000001111 
312438000: system.memobj: fix data : 1100101001001100000010011100001001001000111111111100001000001111 
312438000: system.memobj: -------------------------------------
312487000: system.memobj: mem->cpu Got response for addr 0x29e28 , 171560
312487000: system.memobj: size 0x8
312487000: system.memobj: id 94061725811568
312487000: system.memobj: data_hex : CA4C09C248FFC20F 
312487000: system.memobj: data : 1100101001001100000010011100001001001000111111111100001000001111 
312487000: system.memobj: fix data : 1100101001001100000010011100001001001000111111111100001000001111 
312487000: system.memobj: -------------------------------------
312536000: system.memobj: mem->cpu Got response for addr 0x29e28 , 171560
312536000: system.memobj: size 0x8
312536000: system.memobj: id 94061725811856
312536000: system.memobj: data_hex : CA4C09C248FFC20F 
312536000: system.memobj: data : 1100101001001100000010011100001001001000111111111100001000001111 
312536000: system.memobj: fix data : 1100101001001100000010011100001001001000111111111100001000001111 
312536000: system.memobj: -------------------------------------
312585000: system.memobj: mem->cpu Got response for addr 0x29e28 , 171560
312585000: system.memobj: size 0x8
312585000: system.memobj: id 94061725811568
312585000: system.memobj: data_hex : CA4C09C248FFC20F 
312585000: system.memobj: data : 1100101001001100000010011100001001001000111111111100001000001111 
312585000: system.memobj: fix data : 1100101001001100000010011100001001001000111111111100001000001111 
312585000: system.memobj: -------------------------------------
312648000: system.memobj: mem->cpu Got response for addr 0x29e30 , 171568
312648000: system.memobj: size 0x8
312648000: system.memobj: id 94061725811856
312648000: system.memobj: data_hex : 85CB0000004C31C9 
312648000: system.memobj: data : 1000010111001011000000000000000000000000010011000011000111001001 
312648000: system.memobj: fix data : 1000010111001011000000000000000000000000010011000011000111001001 
312648000: system.memobj: -------------------------------------
312697000: system.memobj: mem->cpu Got response for addr 0x29f00 , 171776
312697000: system.memobj: size 0x8
312697000: system.memobj: id 94061725811568
312697000: system.memobj: data_hex : 4C89CA4883E80884 
312697000: system.memobj: data : 0100110010001001110010100100100010000011111010000000100010000100 
312697000: system.memobj: fix data : 0100110010001001110010100100100010000011111010000000100010000100 
312697000: system.memobj: -------------------------------------
312746000: system.memobj: mem->cpu Got response for addr 0x29f00 , 171776
312746000: system.memobj: size 0x8
312746000: system.memobj: id 94061725811856
312746000: system.memobj: data_hex : 4C89CA4883E80884 
312746000: system.memobj: data : 0100110010001001110010100100100010000011111010000000100010000100 
312746000: system.memobj: fix data : 0100110010001001110010100100100010000011111010000000100010000100 
312746000: system.memobj: -------------------------------------
312795000: system.memobj: mem->cpu Got response for addr 0x29f00 , 171776
312795000: system.memobj: size 0x8
312795000: system.memobj: id 94061725811568
312795000: system.memobj: data_hex : 4C89CA4883E80884 
312795000: system.memobj: data : 0100110010001001110010100100100010000011111010000000100010000100 
312795000: system.memobj: fix data : 0100110010001001110010100100100010000011111010000000100010000100 
312795000: system.memobj: -------------------------------------
312844000: system.memobj: mem->cpu Got response for addr 0x29f08 , 171784
312844000: system.memobj: size 0x8
312844000: system.memobj: id 94061725811856
312844000: system.memobj: data_hex : C9745538D174E948 
312844000: system.memobj: data : 1100100101110100010101010011100011010001011101001110100101001000 
312844000: system.memobj: fix data : 1100100101110100010101010011100011010001011101001110100101001000 
312844000: system.memobj: -------------------------------------
312893000: system.memobj: mem->cpu Got response for addr 0x29f08 , 171784
312893000: system.memobj: size 0x8
312893000: system.memobj: id 94061725811568
312893000: system.memobj: data_hex : C9745538D174E948 
312893000: system.memobj: data : 1100100101110100010101010011100011010001011101001110100101001000 
312893000: system.memobj: fix data : 1100100101110100010101010011100011010001011101001110100101001000 
312893000: system.memobj: -------------------------------------
312942000: system.memobj: mem->cpu Got response for addr 0x29f60 , 171872
312942000: system.memobj: size 0x8
312942000: system.memobj: id 94061725811856
312942000: system.memobj: data_hex : 90C3909090909090 
312942000: system.memobj: data : 1001000011000011100100001001000010010000100100001001000010010000 
312942000: system.memobj: fix data : 1001000011000011100100001001000010010000100100001001000010010000 
312942000: system.memobj: -------------------------------------
312991000: system.memobj: mem->cpu Got response for addr 0x29f60 , 171872
312991000: system.memobj: size 0x8
312991000: system.memobj: id 94061725811568
312991000: system.memobj: data_hex : 90C3909090909090 
312991000: system.memobj: data : 1001000011000011100100001001000010010000100100001001000010010000 
312991000: system.memobj: fix data : 1001000011000011100100001001000010010000100100001001000010010000 
312991000: system.memobj: -------------------------------------
313040000: system.memobj: mem->cpu Got response for addr 0x94b48 , 609096
313040000: system.memobj: size 0x8
313040000: system.memobj: id 94061725811856
313040000: system.memobj: data_hex : 36A6420000000000 
313040000: system.memobj: data : 0011011010100110010000100000000000000000000000000000000000000000 
313040000: system.memobj: hamming code addr: 609096 
313040000: system.memobj: hamming code out: 9 
313040000: system.memobj: find Error Bit index : 5 
313040000: system.memobj: hamming code addr: 609104 
313040000: system.memobj: hamming code out: 4 
313040000: system.memobj: hamming code addr: 609112 
313040000: system.memobj: hamming code out: 14 
313040000: system.memobj: hamming code addr: 609120 
313040000: system.memobj: hamming code out: 0 
313040000: system.memobj: hamming code addr: 609128 
313040000: system.memobj: hamming code out: 0 
313040000: system.memobj: hamming code addr: 609136 
313040000: system.memobj: hamming code out: 0 
313040000: system.memobj: hamming code addr: 609144 
313040000: system.memobj: hamming code out: 0 
313040000: system.memobj: hamming code addr: 609152 
313040000: system.memobj: hamming code out: 0 
313040000: system.memobj: fix data : 0011111010100110010000100000000000000000000000000000000000000000 
313040000: system.memobj: -------------------------------------
313103000: system.memobj: mem->cpu Got response for addr 0x2a638 , 173624
313103000: system.memobj: size 0x8
313103000: system.memobj: id 94061725811856
313103000: system.memobj: data_hex : DEE882F7FFFF4885 
313103000: system.memobj: data : 1101111011101000100000101111011111111111111111110100100010000101 
313103000: system.memobj: fix data : 1101111011101000100000101111011111111111111111110100100010000101 
313103000: system.memobj: -------------------------------------
313152000: system.memobj: mem->cpu Got response for addr 0x2a640 , 173632
313152000: system.memobj: size 0x8
313152000: system.memobj: id 94061725811568
313152000: system.memobj: data_hex : C075ED4883C40848 
313152000: system.memobj: data : 1100000001110101111011010100100010000011110001000000100001001000 
313152000: system.memobj: fix data : 1100000001110101111011010100100010000011110001000000100001001000 
313152000: system.memobj: -------------------------------------
313201000: system.memobj: mem->cpu Got response for addr 0x2a640 , 173632
313201000: system.memobj: size 0x8
313201000: system.memobj: id 94061725811856
313201000: system.memobj: data_hex : C075ED4883C40848 
313201000: system.memobj: data : 1100000001110101111011010100100010000011110001000000100001001000 
313201000: system.memobj: fix data : 1100000001110101111011010100100010000011110001000000100001001000 
313201000: system.memobj: -------------------------------------
313250000: system.memobj: mem->cpu Got response for addr 0x2a630 , 173616
313250000: system.memobj: size 0x8
313250000: system.memobj: id 94061725811568
313250000: system.memobj: data_hex : 488D78014889C589 
313250000: system.memobj: data : 0100100010001101011110000000000101001000100010011100010110001001 
313250000: system.memobj: fix data : 0100100010001101011110000000000101001000100010011100010110001001 
313250000: system.memobj: -------------------------------------
313299000: system.memobj: mem->cpu Got response for addr 0x2a630 , 173616
313299000: system.memobj: size 0x8
313299000: system.memobj: id 94061725811856
313299000: system.memobj: data_hex : 488D78014889C589 
313299000: system.memobj: data : 0100100010001101011110000000000101001000100010011100010110001001 
313299000: system.memobj: fix data : 0100100010001101011110000000000101001000100010011100010110001001 
313299000: system.memobj: -------------------------------------
313348000: system.memobj: mem->cpu Got response for addr 0x2a630 , 173616
313348000: system.memobj: size 0x8
313348000: system.memobj: id 94061725811568
313348000: system.memobj: data_hex : 488D78014889C589 
313348000: system.memobj: data : 0100100010001101011110000000000101001000100010011100010110001001 
313348000: system.memobj: fix data : 0100100010001101011110000000000101001000100010011100010110001001 
313348000: system.memobj: -------------------------------------
313397000: system.memobj: mem->cpu Got response for addr 0x2a638 , 173624
313397000: system.memobj: size 0x8
313397000: system.memobj: id 94061725811856
313397000: system.memobj: data_hex : DEE882F7FFFF4885 
313397000: system.memobj: data : 1101111011101000100000101111011111111111111111110100100010000101 
313397000: system.memobj: fix data : 1101111011101000100000101111011111111111111111110100100010000101 
313397000: system.memobj: -------------------------------------
313446000: system.memobj: mem->cpu Got response for addr 0x2a638 , 173624
313446000: system.memobj: size 0x8
313446000: system.memobj: id 94061725811568
313446000: system.memobj: data_hex : DEE882F7FFFF4885 
313446000: system.memobj: data : 1101111011101000100000101111011111111111111111110100100010000101 
313446000: system.memobj: fix data : 1101111011101000100000101111011111111111111111110100100010000101 
313446000: system.memobj: -------------------------------------
313446000: system.memobj: cpu->mem Got request for addr 0x94b48 , 609096
313446000: system.memobj: size 0x8
313446000: system.memobj: id 94061725811856
313446000: system.memobj: data_hex : 3EA6420000000000 
313446000: system.memobj: data : 0011111010100110010000100000000000000000000000000000000000000000 
313446000: system.memobj: hamming code addr: 609096 
313446000: system.memobj: hamming code : 9 
313446000: system.memobj: hamming code addr: 609104 
313446000: system.memobj: hamming code : 4 
313446000: system.memobj: hamming code addr: 609112 
313446000: system.memobj: hamming code : 14 
313446000: system.memobj: hamming code addr: 609120 
313446000: system.memobj: hamming code : 0 
313446000: system.memobj: hamming code addr: 609128 
313446000: system.memobj: hamming code : 0 
313446000: system.memobj: hamming code addr: 609136 
313446000: system.memobj: hamming code : 0 
313446000: system.memobj: hamming code addr: 609144 
313446000: system.memobj: hamming code : 0 
313446000: system.memobj: hamming code addr: 609152 
313446000: system.memobj: hamming code : 0 
313446000: system.memobj: Enter Error Bit index: 7 
313446000: system.memobj: flip data : 0011110010100110010000100000000000000000000000000000000000000000 
313446000: system.memobj: -------------------------------------
313516000: system.memobj: mem->cpu Got response for addr 0x29dc0 , 171456
313516000: system.memobj: size 0x8
313516000: system.memobj: id 94061725811856
313516000: system.memobj: data_hex : 4889FA83E2074889 
313516000: system.memobj: data : 0100100010001001111110101000001111100010000001110100100010001001 
313516000: system.memobj: fix data : 0100100010001001111110101000001111100010000001110100100010001001 
313516000: system.memobj: -------------------------------------
313565000: system.memobj: mem->cpu Got response for addr 0x29dc0 , 171456
313565000: system.memobj: size 0x8
313565000: system.memobj: id 94061725811568
313565000: system.memobj: data_hex : 4889FA83E2074889 
313565000: system.memobj: data : 0100100010001001111110101000001111100010000001110100100010001001 
313565000: system.memobj: fix data : 0100100010001001111110101000001111100010000001110100100010001001 
313565000: system.memobj: -------------------------------------
313614000: system.memobj: mem->cpu Got response for addr 0x29dc0 , 171456
313614000: system.memobj: size 0x8
313614000: system.memobj: id 94061725811856
313614000: system.memobj: data_hex : 4889FA83E2074889 
313614000: system.memobj: data : 0100100010001001111110101000001111100010000001110100100010001001 
313614000: system.memobj: fix data : 0100100010001001111110101000001111100010000001110100100010001001 
313614000: system.memobj: -------------------------------------
313663000: system.memobj: mem->cpu Got response for addr 0x29dc8 , 171464
313663000: system.memobj: size 0x8
313663000: system.memobj: id 94061725811568
313663000: system.memobj: data_hex : F8741FF7DA83C208 
313663000: system.memobj: data : 1111100001110100000111111111011111011010100000111100001000001000 
313663000: system.memobj: fix data : 1111100001110100000111111111011111011010100000111100001000001000 
313663000: system.memobj: -------------------------------------
313712000: system.memobj: mem->cpu Got response for addr 0x29dc8 , 171464
313712000: system.memobj: size 0x8
313712000: system.memobj: id 94061725811856
313712000: system.memobj: data_hex : F8741FF7DA83C208 
313712000: system.memobj: data : 1111100001110100000111111111011111011010100000111100001000001000 
313712000: system.memobj: fix data : 1111100001110100000111111111011111011010100000111100001000001000 
313712000: system.memobj: -------------------------------------
313761000: system.memobj: mem->cpu Got response for addr 0x29dc8 , 171464
313761000: system.memobj: size 0x8
313761000: system.memobj: id 94061725811568
313761000: system.memobj: data_hex : F8741FF7DA83C208 
313761000: system.memobj: data : 1111100001110100000111111111011111011010100000111100001000001000 
313761000: system.memobj: fix data : 1111100001110100000111111111011111011010100000111100001000001000 
313761000: system.memobj: -------------------------------------
313810000: system.memobj: mem->cpu Got response for addr 0x29dc8 , 171464
313810000: system.memobj: size 0x8
313810000: system.memobj: id 94061725811856
313810000: system.memobj: data_hex : F8741FF7DA83C208 
313810000: system.memobj: data : 1111100001110100000111111111011111011010100000111100001000001000 
313810000: system.memobj: fix data : 1111100001110100000111111111011111011010100000111100001000001000 
313810000: system.memobj: -------------------------------------
313859000: system.memobj: mem->cpu Got response for addr 0x29dd0 , 171472
313859000: system.memobj: size 0x8
313859000: system.memobj: id 94061725811568
313859000: system.memobj: data_hex : 8A084038CE0F8485 
313859000: system.memobj: data : 1000101000001000010000000011100011001110000011111000010010000101 
313859000: system.memobj: fix data : 1000101000001000010000000011100011001110000011111000010010000101 
313859000: system.memobj: -------------------------------------
313908000: system.memobj: mem->cpu Got response for addr 0x94f91 , 610193
313908000: system.memobj: size 0x1
313908000: system.memobj: id 94061725811856
313908000: system.memobj: data_hex : 6C 
313908000: system.memobj: data : 01101100 
313908000: system.memobj: fix data : 01101100 
313908000: system.memobj: -------------------------------------
313971000: system.memobj: mem->cpu Got response for addr 0x29dd0 , 171472
313971000: system.memobj: size 0x8
313971000: system.memobj: id 94061725811856
313971000: system.memobj: data_hex : 8A084038CE0F8485 
313971000: system.memobj: data : 1000101000001000010000000011100011001110000011111000010010000101 
313971000: system.memobj: fix data : 1000101000001000010000000011100011001110000011111000010010000101 
313971000: system.memobj: -------------------------------------
314020000: system.memobj: mem->cpu Got response for addr 0x29dd0 , 171472
314020000: system.memobj: size 0x8
314020000: system.memobj: id 94061725811568
314020000: system.memobj: data_hex : 8A084038CE0F8485 
314020000: system.memobj: data : 1000101000001000010000000011100011001110000011111000010010000101 
314020000: system.memobj: fix data : 1000101000001000010000000011100011001110000011111000010010000101 
314020000: system.memobj: -------------------------------------
314069000: system.memobj: mem->cpu Got response for addr 0x29dd8 , 171480
314069000: system.memobj: size 0x8
314069000: system.memobj: id 94061725811856
314069000: system.memobj: data_hex : 01000084C90F8415 
314069000: system.memobj: data : 0000000100000000000000001000010011001001000011111000010000010101 
314069000: system.memobj: fix data : 0000000100000000000000001000010011001001000011111000010000010101 
314069000: system.memobj: -------------------------------------
314118000: system.memobj: mem->cpu Got response for addr 0x29dd8 , 171480
314118000: system.memobj: size 0x8
314118000: system.memobj: id 94061725811568
314118000: system.memobj: data_hex : 01000084C90F8415 
314118000: system.memobj: data : 0000000100000000000000001000010011001001000011111000010000010101 
314118000: system.memobj: fix data : 0000000100000000000000001000010011001001000011111000010000010101 
314118000: system.memobj: -------------------------------------
314167000: system.memobj: mem->cpu Got response for addr 0x29dd8 , 171480
314167000: system.memobj: size 0x8
314167000: system.memobj: id 94061725811856
314167000: system.memobj: data_hex : 01000084C90F8415 
314167000: system.memobj: data : 0000000100000000000000001000010011001001000011111000010000010101 
314167000: system.memobj: fix data : 0000000100000000000000001000010011001001000011111000010000010101 
314167000: system.memobj: -------------------------------------
314216000: system.memobj: mem->cpu Got response for addr 0x29de0 , 171488
314216000: system.memobj: size 0x8
314216000: system.memobj: id 94061725811568
314216000: system.memobj: data_hex : 01000048FFC0FFCA 
314216000: system.memobj: data : 0000000100000000000000000100100011111111110000001111111111001010 
314216000: system.memobj: fix data : 0000000100000000000000000100100011111111110000001111111111001010 
314216000: system.memobj: -------------------------------------
314265000: system.memobj: mem->cpu Got response for addr 0x29de0 , 171488
314265000: system.memobj: size 0x8
314265000: system.memobj: id 94061725811856
314265000: system.memobj: data_hex : 01000048FFC0FFCA 
314265000: system.memobj: data : 0000000100000000000000000100100011111111110000001111111111001010 
314265000: system.memobj: fix data : 0000000100000000000000000100100011111111110000001111111111001010 
314265000: system.memobj: -------------------------------------
314314000: system.memobj: mem->cpu Got response for addr 0x29de0 , 171488
314314000: system.memobj: size 0x8
314314000: system.memobj: id 94061725811568
314314000: system.memobj: data_hex : 01000048FFC0FFCA 
314314000: system.memobj: data : 0000000100000000000000000100100011111111110000001111111111001010 
314314000: system.memobj: fix data : 0000000100000000000000000100100011111111110000001111111111001010 
314314000: system.memobj: -------------------------------------
314363000: system.memobj: mem->cpu Got response for addr 0x29de8 , 171496
314363000: system.memobj: size 0x8
314363000: system.memobj: id 94061725811856
314363000: system.memobj: data_hex : 75E649B901010101 
314363000: system.memobj: data : 0111010111100110010010011011100100000001000000010000000100000001 
314363000: system.memobj: fix data : 0111010111100110010010011011100100000001000000010000000100000001 
314363000: system.memobj: -------------------------------------
314412000: system.memobj: mem->cpu Got response for addr 0x29dd0 , 171472
314412000: system.memobj: size 0x8
314412000: system.memobj: id 94061725811568
314412000: system.memobj: data_hex : 8A084038CE0F8485 
314412000: system.memobj: data : 1000101000001000010000000011100011001110000011111000010010000101 
314412000: system.memobj: fix data : 1000101000001000010000000011100011001110000011111000010010000101 
314412000: system.memobj: -------------------------------------
314461000: system.memobj: mem->cpu Got response for addr 0x94f92 , 610194
314461000: system.memobj: size 0x1
314461000: system.memobj: id 94061725811856
314461000: system.memobj: data_hex : 69 
314461000: system.memobj: data : 01101001 
314461000: system.memobj: fix data : 01101001 
314461000: system.memobj: -------------------------------------
314510000: system.memobj: mem->cpu Got response for addr 0x29dd0 , 171472
314510000: system.memobj: size 0x8
314510000: system.memobj: id 94061725811856
314510000: system.memobj: data_hex : 8A084038CE0F8485 
314510000: system.memobj: data : 1000101000001000010000000011100011001110000011111000010010000101 
314510000: system.memobj: fix data : 1000101000001000010000000011100011001110000011111000010010000101 
314510000: system.memobj: -------------------------------------
314559000: system.memobj: mem->cpu Got response for addr 0x29dd0 , 171472
314559000: system.memobj: size 0x8
314559000: system.memobj: id 94061725811568
314559000: system.memobj: data_hex : 8A084038CE0F8485 
314559000: system.memobj: data : 1000101000001000010000000011100011001110000011111000010010000101 
314559000: system.memobj: fix data : 1000101000001000010000000011100011001110000011111000010010000101 
314559000: system.memobj: -------------------------------------
314608000: system.memobj: mem->cpu Got response for addr 0x29dd8 , 171480
314608000: system.memobj: size 0x8
314608000: system.memobj: id 94061725811856
314608000: system.memobj: data_hex : 01000084C90F8415 
314608000: system.memobj: data : 0000000100000000000000001000010011001001000011111000010000010101 
314608000: system.memobj: fix data : 0000000100000000000000001000010011001001000011111000010000010101 
314608000: system.memobj: -------------------------------------
314657000: system.memobj: mem->cpu Got response for addr 0x29dd8 , 171480
314657000: system.memobj: size 0x8
314657000: system.memobj: id 94061725811568
314657000: system.memobj: data_hex : 01000084C90F8415 
314657000: system.memobj: data : 0000000100000000000000001000010011001001000011111000010000010101 
314657000: system.memobj: fix data : 0000000100000000000000001000010011001001000011111000010000010101 
314657000: system.memobj: -------------------------------------
314706000: system.memobj: mem->cpu Got response for addr 0x29dd8 , 171480
314706000: system.memobj: size 0x8
314706000: system.memobj: id 94061725811856
314706000: system.memobj: data_hex : 01000084C90F8415 
314706000: system.memobj: data : 0000000100000000000000001000010011001001000011111000010000010101 
314706000: system.memobj: fix data : 0000000100000000000000001000010011001001000011111000010000010101 
314706000: system.memobj: -------------------------------------
314755000: system.memobj: mem->cpu Got response for addr 0x29de0 , 171488
314755000: system.memobj: size 0x8
314755000: system.memobj: id 94061725811568
314755000: system.memobj: data_hex : 01000048FFC0FFCA 
314755000: system.memobj: data : 0000000100000000000000000100100011111111110000001111111111001010 
314755000: system.memobj: fix data : 0000000100000000000000000100100011111111110000001111111111001010 
314755000: system.memobj: -------------------------------------
314818000: system.memobj: mem->cpu Got response for addr 0x29de0 , 171488
314818000: system.memobj: size 0x8
314818000: system.memobj: id 94061725811856
314818000: system.memobj: data_hex : 01000048FFC0FFCA 
314818000: system.memobj: data : 0000000100000000000000000100100011111111110000001111111111001010 
314818000: system.memobj: fix data : 0000000100000000000000000100100011111111110000001111111111001010 
314818000: system.memobj: -------------------------------------
314867000: system.memobj: mem->cpu Got response for addr 0x29de0 , 171488
314867000: system.memobj: size 0x8
314867000: system.memobj: id 94061725811568
314867000: system.memobj: data_hex : 01000048FFC0FFCA 
314867000: system.memobj: data : 0000000100000000000000000100100011111111110000001111111111001010 
314867000: system.memobj: fix data : 0000000100000000000000000100100011111111110000001111111111001010 
314867000: system.memobj: -------------------------------------
314916000: system.memobj: mem->cpu Got response for addr 0x29de8 , 171496
314916000: system.memobj: size 0x8
314916000: system.memobj: id 94061725811856
314916000: system.memobj: data_hex : 75E649B901010101 
314916000: system.memobj: data : 0111010111100110010010011011100100000001000000010000000100000001 
314916000: system.memobj: fix data : 0111010111100110010010011011100100000001000000010000000100000001 
314916000: system.memobj: -------------------------------------
314965000: system.memobj: mem->cpu Got response for addr 0x29dd0 , 171472
314965000: system.memobj: size 0x8
314965000: system.memobj: id 94061725811568
314965000: system.memobj: data_hex : 8A084038CE0F8485 
314965000: system.memobj: data : 1000101000001000010000000011100011001110000011111000010010000101 
314965000: system.memobj: fix data : 1000101000001000010000000011100011001110000011111000010010000101 
314965000: system.memobj: -------------------------------------
315014000: system.memobj: mem->cpu Got response for addr 0x94f93 , 610195
315014000: system.memobj: size 0x1
315014000: system.memobj: id 94061725811856
315014000: system.memobj: data_hex : 6E 
315014000: system.memobj: data : 01101110 
315014000: system.memobj: fix data : 01101110 
315014000: system.memobj: -------------------------------------
315063000: system.memobj: mem->cpu Got response for addr 0x29dd0 , 171472
315063000: system.memobj: size 0x8
315063000: system.memobj: id 94061725811856
315063000: system.memobj: data_hex : 8A084038CE0F8485 
315063000: system.memobj: data : 1000101000001000010000000011100011001110000011111000010010000101 
315063000: system.memobj: fix data : 1000101000001000010000000011100011001110000011111000010010000101 
315063000: system.memobj: -------------------------------------
315112000: system.memobj: mem->cpu Got response for addr 0x29dd0 , 171472
315112000: system.memobj: size 0x8
315112000: system.memobj: id 94061725811568
315112000: system.memobj: data_hex : 8A084038CE0F8485 
315112000: system.memobj: data : 1000101000001000010000000011100011001110000011111000010010000101 
315112000: system.memobj: fix data : 1000101000001000010000000011100011001110000011111000010010000101 
315112000: system.memobj: -------------------------------------
315161000: system.memobj: mem->cpu Got response for addr 0x29dd8 , 171480
315161000: system.memobj: size 0x8
315161000: system.memobj: id 94061725811856
315161000: system.memobj: data_hex : 01000084C90F8415 
315161000: system.memobj: data : 0000000100000000000000001000010011001001000011111000010000010101 
315161000: system.memobj: fix data : 0000000100000000000000001000010011001001000011111000010000010101 
315161000: system.memobj: -------------------------------------
315210000: system.memobj: mem->cpu Got response for addr 0x29dd8 , 171480
315210000: system.memobj: size 0x8
315210000: system.memobj: id 94061725811568
315210000: system.memobj: data_hex : 01000084C90F8415 
315210000: system.memobj: data : 0000000100000000000000001000010011001001000011111000010000010101 
315210000: system.memobj: fix data : 0000000100000000000000001000010011001001000011111000010000010101 
315210000: system.memobj: -------------------------------------
315259000: system.memobj: mem->cpu Got response for addr 0x29dd8 , 171480
315259000: system.memobj: size 0x8
315259000: system.memobj: id 94061725811856
315259000: system.memobj: data_hex : 01000084C90F8415 
315259000: system.memobj: data : 0000000100000000000000001000010011001001000011111000010000010101 
315259000: system.memobj: fix data : 0000000100000000000000001000010011001001000011111000010000010101 
315259000: system.memobj: -------------------------------------
315308000: system.memobj: mem->cpu Got response for addr 0x29de0 , 171488
315308000: system.memobj: size 0x8
315308000: system.memobj: id 94061725811568
315308000: system.memobj: data_hex : 01000048FFC0FFCA 
315308000: system.memobj: data : 0000000100000000000000000100100011111111110000001111111111001010 
315308000: system.memobj: fix data : 0000000100000000000000000100100011111111110000001111111111001010 
315308000: system.memobj: -------------------------------------
315357000: system.memobj: mem->cpu Got response for addr 0x29de0 , 171488
315357000: system.memobj: size 0x8
315357000: system.memobj: id 94061725811856
315357000: system.memobj: data_hex : 01000048FFC0FFCA 
315357000: system.memobj: data : 0000000100000000000000000100100011111111110000001111111111001010 
315357000: system.memobj: fix data : 0000000100000000000000000100100011111111110000001111111111001010 
315357000: system.memobj: -------------------------------------
315406000: system.memobj: mem->cpu Got response for addr 0x29de0 , 171488
315406000: system.memobj: size 0x8
315406000: system.memobj: id 94061725811568
315406000: system.memobj: data_hex : 01000048FFC0FFCA 
315406000: system.memobj: data : 0000000100000000000000000100100011111111110000001111111111001010 
315406000: system.memobj: fix data : 0000000100000000000000000100100011111111110000001111111111001010 
315406000: system.memobj: -------------------------------------
315455000: system.memobj: mem->cpu Got response for addr 0x29de8 , 171496
315455000: system.memobj: size 0x8
315455000: system.memobj: id 94061725811856
315455000: system.memobj: data_hex : 75E649B901010101 
315455000: system.memobj: data : 0111010111100110010010011011100100000001000000010000000100000001 
315455000: system.memobj: fix data : 0111010111100110010010011011100100000001000000010000000100000001 
315455000: system.memobj: -------------------------------------
315504000: system.memobj: mem->cpu Got response for addr 0x29dd0 , 171472
315504000: system.memobj: size 0x8
315504000: system.memobj: id 94061725811568
315504000: system.memobj: data_hex : 8A084038CE0F8485 
315504000: system.memobj: data : 1000101000001000010000000011100011001110000011111000010010000101 
315504000: system.memobj: fix data : 1000101000001000010000000011100011001110000011111000010010000101 
315504000: system.memobj: -------------------------------------
315553000: system.memobj: mem->cpu Got response for addr 0x94f94 , 610196
315553000: system.memobj: size 0x1
315553000: system.memobj: id 94061725811856
315553000: system.memobj: data_hex : 75 
315553000: system.memobj: data : 01110101 
315553000: system.memobj: fix data : 01110101 
315553000: system.memobj: -------------------------------------
315602000: system.memobj: mem->cpu Got response for addr 0x29dd0 , 171472
315602000: system.memobj: size 0x8
315602000: system.memobj: id 94061725811856
315602000: system.memobj: data_hex : 8A084038CE0F8485 
315602000: system.memobj: data : 1000101000001000010000000011100011001110000011111000010010000101 
315602000: system.memobj: fix data : 1000101000001000010000000011100011001110000011111000010010000101 
315602000: system.memobj: -------------------------------------
315651000: system.memobj: mem->cpu Got response for addr 0x29dd0 , 171472
315651000: system.memobj: size 0x8
315651000: system.memobj: id 94061725811568
315651000: system.memobj: data_hex : 8A084038CE0F8485 
315651000: system.memobj: data : 1000101000001000010000000011100011001110000011111000010010000101 
315651000: system.memobj: fix data : 1000101000001000010000000011100011001110000011111000010010000101 
315651000: system.memobj: -------------------------------------
315714000: system.memobj: mem->cpu Got response for addr 0x29dd8 , 171480
315714000: system.memobj: size 0x8
315714000: system.memobj: id 94061725811856
315714000: system.memobj: data_hex : 01000084C90F8415 
315714000: system.memobj: data : 0000000100000000000000001000010011001001000011111000010000010101 
315714000: system.memobj: fix data : 0000000100000000000000001000010011001001000011111000010000010101 
315714000: system.memobj: -------------------------------------
315763000: system.memobj: mem->cpu Got response for addr 0x29dd8 , 171480
315763000: system.memobj: size 0x8
315763000: system.memobj: id 94061725811568
315763000: system.memobj: data_hex : 01000084C90F8415 
315763000: system.memobj: data : 0000000100000000000000001000010011001001000011111000010000010101 
315763000: system.memobj: fix data : 0000000100000000000000001000010011001001000011111000010000010101 
315763000: system.memobj: -------------------------------------
315812000: system.memobj: mem->cpu Got response for addr 0x29dd8 , 171480
315812000: system.memobj: size 0x8
315812000: system.memobj: id 94061725811856
315812000: system.memobj: data_hex : 01000084C90F8415 
315812000: system.memobj: data : 0000000100000000000000001000010011001001000011111000010000010101 
315812000: system.memobj: fix data : 0000000100000000000000001000010011001001000011111000010000010101 
315812000: system.memobj: -------------------------------------
315861000: system.memobj: mem->cpu Got response for addr 0x29de0 , 171488
315861000: system.memobj: size 0x8
315861000: system.memobj: id 94061725811568
315861000: system.memobj: data_hex : 01000048FFC0FFCA 
315861000: system.memobj: data : 0000000100000000000000000100100011111111110000001111111111001010 
315861000: system.memobj: fix data : 0000000100000000000000000100100011111111110000001111111111001010 
315861000: system.memobj: -------------------------------------
315910000: system.memobj: mem->cpu Got response for addr 0x29de0 , 171488
315910000: system.memobj: size 0x8
315910000: system.memobj: id 94061725811856
315910000: system.memobj: data_hex : 01000048FFC0FFCA 
315910000: system.memobj: data : 0000000100000000000000000100100011111111110000001111111111001010 
315910000: system.memobj: fix data : 0000000100000000000000000100100011111111110000001111111111001010 
315910000: system.memobj: -------------------------------------
315959000: system.memobj: mem->cpu Got response for addr 0x29de0 , 171488
315959000: system.memobj: size 0x8
315959000: system.memobj: id 94061725811568
315959000: system.memobj: data_hex : 01000048FFC0FFCA 
315959000: system.memobj: data : 0000000100000000000000000100100011111111110000001111111111001010 
315959000: system.memobj: fix data : 0000000100000000000000000100100011111111110000001111111111001010 
315959000: system.memobj: -------------------------------------
316008000: system.memobj: mem->cpu Got response for addr 0x29de8 , 171496
316008000: system.memobj: size 0x8
316008000: system.memobj: id 94061725811856
316008000: system.memobj: data_hex : 75E649B901010101 
316008000: system.memobj: data : 0111010111100110010010011011100100000001000000010000000100000001 
316008000: system.memobj: fix data : 0111010111100110010010011011100100000001000000010000000100000001 
316008000: system.memobj: -------------------------------------
316057000: system.memobj: mem->cpu Got response for addr 0x29dd0 , 171472
316057000: system.memobj: size 0x8
316057000: system.memobj: id 94061725811568
316057000: system.memobj: data_hex : 8A084038CE0F8485 
316057000: system.memobj: data : 1000101000001000010000000011100011001110000011111000010010000101 
316057000: system.memobj: fix data : 1000101000001000010000000011100011001110000011111000010010000101 
316057000: system.memobj: -------------------------------------
316106000: system.memobj: mem->cpu Got response for addr 0x94f95 , 610197
316106000: system.memobj: size 0x1
316106000: system.memobj: id 94061725811856
316106000: system.memobj: data_hex : 78 
316106000: system.memobj: data : 01111000 
316106000: system.memobj: fix data : 01111000 
316106000: system.memobj: -------------------------------------
316155000: system.memobj: mem->cpu Got response for addr 0x29dd0 , 171472
316155000: system.memobj: size 0x8
316155000: system.memobj: id 94061725811856
316155000: system.memobj: data_hex : 8A084038CE0F8485 
316155000: system.memobj: data : 1000101000001000010000000011100011001110000011111000010010000101 
316155000: system.memobj: fix data : 1000101000001000010000000011100011001110000011111000010010000101 
316155000: system.memobj: -------------------------------------
316204000: system.memobj: mem->cpu Got response for addr 0x29dd0 , 171472
316204000: system.memobj: size 0x8
316204000: system.memobj: id 94061725811568
316204000: system.memobj: data_hex : 8A084038CE0F8485 
316204000: system.memobj: data : 1000101000001000010000000011100011001110000011111000010010000101 
316204000: system.memobj: fix data : 1000101000001000010000000011100011001110000011111000010010000101 
316204000: system.memobj: -------------------------------------
316253000: system.memobj: mem->cpu Got response for addr 0x29dd8 , 171480
316253000: system.memobj: size 0x8
316253000: system.memobj: id 94061725811856
316253000: system.memobj: data_hex : 01000084C90F8415 
316253000: system.memobj: data : 0000000100000000000000001000010011001001000011111000010000010101 
316253000: system.memobj: fix data : 0000000100000000000000001000010011001001000011111000010000010101 
316253000: system.memobj: -------------------------------------
316302000: system.memobj: mem->cpu Got response for addr 0x29dd8 , 171480
316302000: system.memobj: size 0x8
316302000: system.memobj: id 94061725811568
316302000: system.memobj: data_hex : 01000084C90F8415 
316302000: system.memobj: data : 0000000100000000000000001000010011001001000011111000010000010101 
316302000: system.memobj: fix data : 0000000100000000000000001000010011001001000011111000010000010101 
316302000: system.memobj: -------------------------------------
316351000: system.memobj: mem->cpu Got response for addr 0x29dd8 , 171480
316351000: system.memobj: size 0x8
316351000: system.memobj: id 94061725811856
316351000: system.memobj: data_hex : 01000084C90F8415 
316351000: system.memobj: data : 0000000100000000000000001000010011001001000011111000010000010101 
316351000: system.memobj: fix data : 0000000100000000000000001000010011001001000011111000010000010101 
316351000: system.memobj: -------------------------------------
316400000: system.memobj: mem->cpu Got response for addr 0x29de0 , 171488
316400000: system.memobj: size 0x8
316400000: system.memobj: id 94061725811568
316400000: system.memobj: data_hex : 01000048FFC0FFCA 
316400000: system.memobj: data : 0000000100000000000000000100100011111111110000001111111111001010 
316400000: system.memobj: fix data : 0000000100000000000000000100100011111111110000001111111111001010 
316400000: system.memobj: -------------------------------------
316449000: system.memobj: mem->cpu Got response for addr 0x29de0 , 171488
316449000: system.memobj: size 0x8
316449000: system.memobj: id 94061725811856
316449000: system.memobj: data_hex : 01000048FFC0FFCA 
316449000: system.memobj: data : 0000000100000000000000000100100011111111110000001111111111001010 
316449000: system.memobj: fix data : 0000000100000000000000000100100011111111110000001111111111001010 
316449000: system.memobj: -------------------------------------
316498000: system.memobj: mem->cpu Got response for addr 0x29de0 , 171488
316498000: system.memobj: size 0x8
316498000: system.memobj: id 94061725811568
316498000: system.memobj: data_hex : 01000048FFC0FFCA 
316498000: system.memobj: data : 0000000100000000000000000100100011111111110000001111111111001010 
316498000: system.memobj: fix data : 0000000100000000000000000100100011111111110000001111111111001010 
316498000: system.memobj: -------------------------------------
316561000: system.memobj: mem->cpu Got response for addr 0x29de8 , 171496
316561000: system.memobj: size 0x8
316561000: system.memobj: id 94061725811856
316561000: system.memobj: data_hex : 75E649B901010101 
316561000: system.memobj: data : 0111010111100110010010011011100100000001000000010000000100000001 
316561000: system.memobj: fix data : 0111010111100110010010011011100100000001000000010000000100000001 
316561000: system.memobj: -------------------------------------
316610000: system.memobj: mem->cpu Got response for addr 0x29dd0 , 171472
316610000: system.memobj: size 0x8
316610000: system.memobj: id 94061725811568
316610000: system.memobj: data_hex : 8A084038CE0F8485 
316610000: system.memobj: data : 1000101000001000010000000011100011001110000011111000010010000101 
316610000: system.memobj: fix data : 1000101000001000010000000011100011001110000011111000010010000101 
316610000: system.memobj: -------------------------------------
316659000: system.memobj: mem->cpu Got response for addr 0x94f96 , 610198
316659000: system.memobj: size 0x1
316659000: system.memobj: id 94061725811856
316659000: system.memobj: data_hex : 2F 
316659000: system.memobj: data : 00101111 
316659000: system.memobj: fix data : 00101111 
316659000: system.memobj: -------------------------------------
316708000: system.memobj: mem->cpu Got response for addr 0x29dd0 , 171472
316708000: system.memobj: size 0x8
316708000: system.memobj: id 94061725811856
316708000: system.memobj: data_hex : 8A084038CE0F8485 
316708000: system.memobj: data : 1000101000001000010000000011100011001110000011111000010010000101 
316708000: system.memobj: fix data : 1000101000001000010000000011100011001110000011111000010010000101 
316708000: system.memobj: -------------------------------------
316757000: system.memobj: mem->cpu Got response for addr 0x29dd0 , 171472
316757000: system.memobj: size 0x8
316757000: system.memobj: id 94061725811568
316757000: system.memobj: data_hex : 8A084038CE0F8485 
316757000: system.memobj: data : 1000101000001000010000000011100011001110000011111000010010000101 
316757000: system.memobj: fix data : 1000101000001000010000000011100011001110000011111000010010000101 
316757000: system.memobj: -------------------------------------
316806000: system.memobj: mem->cpu Got response for addr 0x29dd8 , 171480
316806000: system.memobj: size 0x8
316806000: system.memobj: id 94061725811856
316806000: system.memobj: data_hex : 01000084C90F8415 
316806000: system.memobj: data : 0000000100000000000000001000010011001001000011111000010000010101 
316806000: system.memobj: fix data : 0000000100000000000000001000010011001001000011111000010000010101 
316806000: system.memobj: -------------------------------------
316855000: system.memobj: mem->cpu Got response for addr 0x29f60 , 171872
316855000: system.memobj: size 0x8
316855000: system.memobj: id 94061725811568
316855000: system.memobj: data_hex : 90C3909090909090 
316855000: system.memobj: data : 1001000011000011100100001001000010010000100100001001000010010000 
316855000: system.memobj: fix data : 1001000011000011100100001001000010010000100100001001000010010000 
316855000: system.memobj: -------------------------------------
316904000: system.memobj: mem->cpu Got response for addr 0x29f60 , 171872
316904000: system.memobj: size 0x8
316904000: system.memobj: id 94061725811856
316904000: system.memobj: data_hex : 90C3909090909090 
316904000: system.memobj: data : 1001000011000011100100001001000010010000100100001001000010010000 
316904000: system.memobj: fix data : 1001000011000011100100001001000010010000100100001001000010010000 
316904000: system.memobj: -------------------------------------
316953000: system.memobj: mem->cpu Got response for addr 0x94b48 , 609096
316953000: system.memobj: size 0x8
316953000: system.memobj: id 94061725811568
316953000: system.memobj: data_hex : 3CA6420000000000 
316953000: system.memobj: data : 0011110010100110010000100000000000000000000000000000000000000000 
316953000: system.memobj: hamming code addr: 609096 
316953000: system.memobj: hamming code out: 9 
316953000: system.memobj: find Error Bit index : 7 
316953000: system.memobj: hamming code addr: 609104 
316953000: system.memobj: hamming code out: 4 
316953000: system.memobj: hamming code addr: 609112 
316953000: system.memobj: hamming code out: 14 
316953000: system.memobj: hamming code addr: 609120 
316953000: system.memobj: hamming code out: 0 
316953000: system.memobj: hamming code addr: 609128 
316953000: system.memobj: hamming code out: 0 
316953000: system.memobj: hamming code addr: 609136 
316953000: system.memobj: hamming code out: 0 
316953000: system.memobj: hamming code addr: 609144 
316953000: system.memobj: hamming code out: 0 
316953000: system.memobj: hamming code addr: 609152 
316953000: system.memobj: hamming code out: 0 
316953000: system.memobj: fix data : 0011111010100110010000100000000000000000000000000000000000000000 
316953000: system.memobj: -------------------------------------
317002000: system.memobj: mem->cpu Got response for addr 0x2a638 , 173624
317002000: system.memobj: size 0x8
317002000: system.memobj: id 94061725811568
317002000: system.memobj: data_hex : DEE882F7FFFF4885 
317002000: system.memobj: data : 1101111011101000100000101111011111111111111111110100100010000101 
317002000: system.memobj: fix data : 1101111011101000100000101111011111111111111111110100100010000101 
317002000: system.memobj: -------------------------------------
317051000: system.memobj: mem->cpu Got response for addr 0x2a640 , 173632
317051000: system.memobj: size 0x8
317051000: system.memobj: id 94061725811856
317051000: system.memobj: data_hex : C075ED4883C40848 
317051000: system.memobj: data : 1100000001110101111011010100100010000011110001000000100001001000 
317051000: system.memobj: fix data : 1100000001110101111011010100100010000011110001000000100001001000 
317051000: system.memobj: -------------------------------------
317100000: system.memobj: mem->cpu Got response for addr 0x2a640 , 173632
317100000: system.memobj: size 0x8
317100000: system.memobj: id 94061725811568
317100000: system.memobj: data_hex : C075ED4883C40848 
317100000: system.memobj: data : 1100000001110101111011010100100010000011110001000000100001001000 
317100000: system.memobj: fix data : 1100000001110101111011010100100010000011110001000000100001001000 
317100000: system.memobj: -------------------------------------
317149000: system.memobj: mem->cpu Got response for addr 0x2a630 , 173616
317149000: system.memobj: size 0x8
317149000: system.memobj: id 94061725811856
317149000: system.memobj: data_hex : 488D78014889C589 
317149000: system.memobj: data : 0100100010001101011110000000000101001000100010011100010110001001 
317149000: system.memobj: fix data : 0100100010001101011110000000000101001000100010011100010110001001 
317149000: system.memobj: -------------------------------------
317198000: system.memobj: mem->cpu Got response for addr 0x2a630 , 173616
317198000: system.memobj: size 0x8
317198000: system.memobj: id 94061725811568
317198000: system.memobj: data_hex : 488D78014889C589 
317198000: system.memobj: data : 0100100010001101011110000000000101001000100010011100010110001001 
317198000: system.memobj: fix data : 0100100010001101011110000000000101001000100010011100010110001001 
317198000: system.memobj: -------------------------------------
317247000: system.memobj: mem->cpu Got response for addr 0x2a630 , 173616
317247000: system.memobj: size 0x8
317247000: system.memobj: id 94061725811856
317247000: system.memobj: data_hex : 488D78014889C589 
317247000: system.memobj: data : 0100100010001101011110000000000101001000100010011100010110001001 
317247000: system.memobj: fix data : 0100100010001101011110000000000101001000100010011100010110001001 
317247000: system.memobj: -------------------------------------
317296000: system.memobj: mem->cpu Got response for addr 0x2a638 , 173624
317296000: system.memobj: size 0x8
317296000: system.memobj: id 94061725811568
317296000: system.memobj: data_hex : DEE882F7FFFF4885 
317296000: system.memobj: data : 1101111011101000100000101111011111111111111111110100100010000101 
317296000: system.memobj: fix data : 1101111011101000100000101111011111111111111111110100100010000101 
317296000: system.memobj: -------------------------------------
317345000: system.memobj: mem->cpu Got response for addr 0x2a638 , 173624
317345000: system.memobj: size 0x8
317345000: system.memobj: id 94061725811856
317345000: system.memobj: data_hex : DEE882F7FFFF4885 
317345000: system.memobj: data : 1101111011101000100000101111011111111111111111110100100010000101 
317345000: system.memobj: fix data : 1101111011101000100000101111011111111111111111110100100010000101 
317345000: system.memobj: -------------------------------------
317345000: system.memobj: cpu->mem Got request for addr 0x94b48 , 609096
317345000: system.memobj: size 0x8
317345000: system.memobj: id 94061725811568
317345000: system.memobj: data_hex : 3EA6420000000000 
317345000: system.memobj: data : 0011111010100110010000100000000000000000000000000000000000000000 
317345000: system.memobj: hamming code addr: 609096 
317345000: system.memobj: hamming code : 9 
317345000: system.memobj: hamming code addr: 609104 
317345000: system.memobj: hamming code : 4 
317345000: system.memobj: hamming code addr: 609112 
317345000: system.memobj: hamming code : 14 
317345000: system.memobj: hamming code addr: 609120 
317345000: system.memobj: hamming code : 0 
317345000: system.memobj: hamming code addr: 609128 
317345000: system.memobj: hamming code : 0 
317345000: system.memobj: hamming code addr: 609136 
317345000: system.memobj: hamming code : 0 
317345000: system.memobj: hamming code addr: 609144 
317345000: system.memobj: hamming code : 0 
317345000: system.memobj: hamming code addr: 609152 
317345000: system.memobj: hamming code : 0 
317345000: system.memobj: Enter Error Bit index: 7 
317345000: system.memobj: flip data : 0011110010100110010000100000000000000000000000000000000000000000 
317345000: system.memobj: -------------------------------------
317415000: system.memobj: mem->cpu Got response for addr 0x29dc0 , 171456
317415000: system.memobj: size 0x8
317415000: system.memobj: id 94061725811568
317415000: system.memobj: data_hex : 4889FA83E2074889 
317415000: system.memobj: data : 0100100010001001111110101000001111100010000001110100100010001001 
317415000: system.memobj: fix data : 0100100010001001111110101000001111100010000001110100100010001001 
317415000: system.memobj: -------------------------------------
317464000: system.memobj: mem->cpu Got response for addr 0x29dc0 , 171456
317464000: system.memobj: size 0x8
317464000: system.memobj: id 94061725811856
317464000: system.memobj: data_hex : 4889FA83E2074889 
317464000: system.memobj: data : 0100100010001001111110101000001111100010000001110100100010001001 
317464000: system.memobj: fix data : 0100100010001001111110101000001111100010000001110100100010001001 
317464000: system.memobj: -------------------------------------
317513000: system.memobj: mem->cpu Got response for addr 0x29dc0 , 171456
317513000: system.memobj: size 0x8
317513000: system.memobj: id 94061725811568
317513000: system.memobj: data_hex : 4889FA83E2074889 
317513000: system.memobj: data : 0100100010001001111110101000001111100010000001110100100010001001 
317513000: system.memobj: fix data : 0100100010001001111110101000001111100010000001110100100010001001 
317513000: system.memobj: -------------------------------------
317562000: system.memobj: mem->cpu Got response for addr 0x29dc8 , 171464
317562000: system.memobj: size 0x8
317562000: system.memobj: id 94061725811856
317562000: system.memobj: data_hex : F8741FF7DA83C208 
317562000: system.memobj: data : 1111100001110100000111111111011111011010100000111100001000001000 
317562000: system.memobj: fix data : 1111100001110100000111111111011111011010100000111100001000001000 
317562000: system.memobj: -------------------------------------
317611000: system.memobj: mem->cpu Got response for addr 0x29dc8 , 171464
317611000: system.memobj: size 0x8
317611000: system.memobj: id 94061725811568
317611000: system.memobj: data_hex : F8741FF7DA83C208 
317611000: system.memobj: data : 1111100001110100000111111111011111011010100000111100001000001000 
317611000: system.memobj: fix data : 1111100001110100000111111111011111011010100000111100001000001000 
317611000: system.memobj: -------------------------------------
317660000: system.memobj: mem->cpu Got response for addr 0x29dc8 , 171464
317660000: system.memobj: size 0x8
317660000: system.memobj: id 94061725811856
317660000: system.memobj: data_hex : F8741FF7DA83C208 
317660000: system.memobj: data : 1111100001110100000111111111011111011010100000111100001000001000 
317660000: system.memobj: fix data : 1111100001110100000111111111011111011010100000111100001000001000 
317660000: system.memobj: -------------------------------------
317709000: system.memobj: mem->cpu Got response for addr 0x29dc8 , 171464
317709000: system.memobj: size 0x8
317709000: system.memobj: id 94061725811568
317709000: system.memobj: data_hex : F8741FF7DA83C208 
317709000: system.memobj: data : 1111100001110100000111111111011111011010100000111100001000001000 
317709000: system.memobj: fix data : 1111100001110100000111111111011111011010100000111100001000001000 
317709000: system.memobj: -------------------------------------
317758000: system.memobj: mem->cpu Got response for addr 0x29dd0 , 171472
317758000: system.memobj: size 0x8
317758000: system.memobj: id 94061725811856
317758000: system.memobj: data_hex : 8A084038CE0F8485 
317758000: system.memobj: data : 1000101000001000010000000011100011001110000011111000010010000101 
317758000: system.memobj: fix data : 1000101000001000010000000011100011001110000011111000010010000101 
317758000: system.memobj: -------------------------------------
317807000: system.memobj: mem->cpu Got response for addr 0x94f97 , 610199
317807000: system.memobj: size 0x1
317807000: system.memobj: id 94061725811568
317807000: system.memobj: data_hex : 68 
317807000: system.memobj: data : 01101000 
317807000: system.memobj: fix data : 01101000 
317807000: system.memobj: -------------------------------------
317856000: system.memobj: mem->cpu Got response for addr 0x29dd0 , 171472
317856000: system.memobj: size 0x8
317856000: system.memobj: id 94061725811568
317856000: system.memobj: data_hex : 8A084038CE0F8485 
317856000: system.memobj: data : 1000101000001000010000000011100011001110000011111000010010000101 
317856000: system.memobj: fix data : 1000101000001000010000000011100011001110000011111000010010000101 
317856000: system.memobj: -------------------------------------
317919000: system.memobj: mem->cpu Got response for addr 0x29dd0 , 171472
317919000: system.memobj: size 0x8
317919000: system.memobj: id 94061725811856
317919000: system.memobj: data_hex : 8A084038CE0F8485 
317919000: system.memobj: data : 1000101000001000010000000011100011001110000011111000010010000101 
317919000: system.memobj: fix data : 1000101000001000010000000011100011001110000011111000010010000101 
317919000: system.memobj: -------------------------------------
317968000: system.memobj: mem->cpu Got response for addr 0x29dd8 , 171480
317968000: system.memobj: size 0x8
317968000: system.memobj: id 94061725811568
317968000: system.memobj: data_hex : 01000084C90F8415 
317968000: system.memobj: data : 0000000100000000000000001000010011001001000011111000010000010101 
317968000: system.memobj: fix data : 0000000100000000000000001000010011001001000011111000010000010101 
317968000: system.memobj: -------------------------------------
318017000: system.memobj: mem->cpu Got response for addr 0x29dd8 , 171480
318017000: system.memobj: size 0x8
318017000: system.memobj: id 94061725811856
318017000: system.memobj: data_hex : 01000084C90F8415 
318017000: system.memobj: data : 0000000100000000000000001000010011001001000011111000010000010101 
318017000: system.memobj: fix data : 0000000100000000000000001000010011001001000011111000010000010101 
318017000: system.memobj: -------------------------------------
318066000: system.memobj: mem->cpu Got response for addr 0x29dd8 , 171480
318066000: system.memobj: size 0x8
318066000: system.memobj: id 94061725811568
318066000: system.memobj: data_hex : 01000084C90F8415 
318066000: system.memobj: data : 0000000100000000000000001000010011001001000011111000010000010101 
318066000: system.memobj: fix data : 0000000100000000000000001000010011001001000011111000010000010101 
318066000: system.memobj: -------------------------------------
318115000: system.memobj: mem->cpu Got response for addr 0x29de0 , 171488
318115000: system.memobj: size 0x8
318115000: system.memobj: id 94061725811856
318115000: system.memobj: data_hex : 01000048FFC0FFCA 
318115000: system.memobj: data : 0000000100000000000000000100100011111111110000001111111111001010 
318115000: system.memobj: fix data : 0000000100000000000000000100100011111111110000001111111111001010 
318115000: system.memobj: -------------------------------------
318164000: system.memobj: mem->cpu Got response for addr 0x29de0 , 171488
318164000: system.memobj: size 0x8
318164000: system.memobj: id 94061725811568
318164000: system.memobj: data_hex : 01000048FFC0FFCA 
318164000: system.memobj: data : 0000000100000000000000000100100011111111110000001111111111001010 
318164000: system.memobj: fix data : 0000000100000000000000000100100011111111110000001111111111001010 
318164000: system.memobj: -------------------------------------
318213000: system.memobj: mem->cpu Got response for addr 0x29de0 , 171488
318213000: system.memobj: size 0x8
318213000: system.memobj: id 94061725811856
318213000: system.memobj: data_hex : 01000048FFC0FFCA 
318213000: system.memobj: data : 0000000100000000000000000100100011111111110000001111111111001010 
318213000: system.memobj: fix data : 0000000100000000000000000100100011111111110000001111111111001010 
318213000: system.memobj: -------------------------------------
318262000: system.memobj: mem->cpu Got response for addr 0x29de8 , 171496
318262000: system.memobj: size 0x8
318262000: system.memobj: id 94061725811568
318262000: system.memobj: data_hex : 75E649B901010101 
318262000: system.memobj: data : 0111010111100110010010011011100100000001000000010000000100000001 
318262000: system.memobj: fix data : 0111010111100110010010011011100100000001000000010000000100000001 
318262000: system.memobj: -------------------------------------
318311000: system.memobj: mem->cpu Got response for addr 0x29de8 , 171496
318311000: system.memobj: size 0x8
318311000: system.memobj: id 94061725811856
318311000: system.memobj: data_hex : 75E649B901010101 
318311000: system.memobj: data : 0111010111100110010010011011100100000001000000010000000100000001 
318311000: system.memobj: fix data : 0111010111100110010010011011100100000001000000010000000100000001 
318311000: system.memobj: -------------------------------------
318360000: system.memobj: mem->cpu Got response for addr 0x29df0 , 171504
318360000: system.memobj: size 0x8
318360000: system.memobj: id 94061725811568
318360000: system.memobj: data_hex : 01010101400FB6D6 
318360000: system.memobj: data : 0000000100000001000000010000000101000000000011111011011011010110 
318360000: system.memobj: fix data : 0000000100000001000000010000000101000000000011111011011011010110 
318360000: system.memobj: -------------------------------------
318409000: system.memobj: mem->cpu Got response for addr 0x29df0 , 171504
318409000: system.memobj: size 0x8
318409000: system.memobj: id 94061725811856
318409000: system.memobj: data_hex : 01010101400FB6D6 
318409000: system.memobj: data : 0000000100000001000000010000000101000000000011111011011011010110 
318409000: system.memobj: fix data : 0000000100000001000000010000000101000000000011111011011011010110 
318409000: system.memobj: -------------------------------------
318458000: system.memobj: mem->cpu Got response for addr 0x29df8 , 171512
318458000: system.memobj: size 0x8
318458000: system.memobj: id 94061725811568
318458000: system.memobj: data_hex : 4C0FAFCA49B8FFFE 
318458000: system.memobj: data : 0100110000001111101011111100101001001001101110001111111111111110 
318458000: system.memobj: fix data : 0100110000001111101011111100101001001001101110001111111111111110 
318458000: system.memobj: -------------------------------------
318507000: system.memobj: mem->cpu Got response for addr 0x29df8 , 171512
318507000: system.memobj: size 0x8
318507000: system.memobj: id 94061725811856
318507000: system.memobj: data_hex : 4C0FAFCA49B8FFFE 
318507000: system.memobj: data : 0100110000001111101011111100101001001001101110001111111111111110 
318507000: system.memobj: fix data : 0100110000001111101011111100101001001001101110001111111111111110 
318507000: system.memobj: -------------------------------------
318556000: system.memobj: mem->cpu Got response for addr 0x29e00 , 171520
318556000: system.memobj: size 0x8
318556000: system.memobj: id 94061725811568
318556000: system.memobj: data_hex : FEFEFEFEFEFE6666 
318556000: system.memobj: data : 1111111011111110111111101111111011111110111111100110011001100110 
318556000: system.memobj: fix data : 1111111011111110111111101111111011111110111111100110011001100110 
318556000: system.memobj: -------------------------------------
318605000: system.memobj: mem->cpu Got response for addr 0x29e00 , 171520
318605000: system.memobj: size 0x8
318605000: system.memobj: id 94061725811856
318605000: system.memobj: data_hex : FEFEFEFEFEFE6666 
318605000: system.memobj: data : 1111111011111110111111101111111011111110111111100110011001100110 
318605000: system.memobj: fix data : 1111111011111110111111101111111011111110111111100110011001100110 
318605000: system.memobj: -------------------------------------
318654000: system.memobj: mem->cpu Got response for addr 0x29e08 , 171528
318654000: system.memobj: size 0x8
318654000: system.memobj: id 94061725811568
318654000: system.memobj: data_hex : 6690666690666690 
318654000: system.memobj: data : 0110011010010000011001100110011010010000011001100110011010010000 
318654000: system.memobj: fix data : 0110011010010000011001100110011010010000011001100110011010010000 
318654000: system.memobj: -------------------------------------
318717000: system.memobj: mem->cpu Got response for addr 0x29e08 , 171528
318717000: system.memobj: size 0x8
318717000: system.memobj: id 94061725811856
318717000: system.memobj: data_hex : 6690666690666690 
318717000: system.memobj: data : 0110011010010000011001100110011010010000011001100110011010010000 
318717000: system.memobj: fix data : 0110011010010000011001100110011010010000011001100110011010010000 
318717000: system.memobj: -------------------------------------
318766000: system.memobj: mem->cpu Got response for addr 0x29e08 , 171528
318766000: system.memobj: size 0x8
318766000: system.memobj: id 94061725811568
318766000: system.memobj: data_hex : 6690666690666690 
318766000: system.memobj: data : 0110011010010000011001100110011010010000011001100110011010010000 
318766000: system.memobj: fix data : 0110011010010000011001100110011010010000011001100110011010010000 
318766000: system.memobj: -------------------------------------
318815000: system.memobj: mem->cpu Got response for addr 0x29e10 , 171536
318815000: system.memobj: size 0x8
318815000: system.memobj: id 94061725811856
318815000: system.memobj: data_hex : 488B084883C0084C 
318815000: system.memobj: data : 0100100010001011000010000100100010000011110000000000100001001100 
318815000: system.memobj: fix data : 0100100010001011000010000100100010000011110000000000100001001100 
318815000: system.memobj: -------------------------------------
318864000: system.memobj: mem->cpu Got response for addr 0x94f98 , 610200
318864000: system.memobj: size 0x8
318864000: system.memobj: id 94061725811568
318864000: system.memobj: data_hex : 656C6C6F002F686F 
318864000: system.memobj: data : 0110010101101100011011000110111100000000001011110110100001101111 
318864000: system.memobj: fix data : 0110010101101100011011000110111100000000001011110110100001101111 
318864000: system.memobj: -------------------------------------
318913000: system.memobj: mem->cpu Got response for addr 0x29e10 , 171536
318913000: system.memobj: size 0x8
318913000: system.memobj: id 94061725811568
318913000: system.memobj: data_hex : 488B084883C0084C 
318913000: system.memobj: data : 0100100010001011000010000100100010000011110000000000100001001100 
318913000: system.memobj: fix data : 0100100010001011000010000100100010000011110000000000100001001100 
318913000: system.memobj: -------------------------------------
318962000: system.memobj: mem->cpu Got response for addr 0x29e10 , 171536
318962000: system.memobj: size 0x8
318962000: system.memobj: id 94061725811856
318962000: system.memobj: data_hex : 488B084883C0084C 
318962000: system.memobj: data : 0100100010001011000010000100100010000011110000000000100001001100 
318962000: system.memobj: fix data : 0100100010001011000010000100100010000011110000000000100001001100 
318962000: system.memobj: -------------------------------------
319011000: system.memobj: mem->cpu Got response for addr 0x29e18 , 171544
319011000: system.memobj: size 0x8
319011000: system.memobj: id 94061725811568
319011000: system.memobj: data_hex : 89C24C31C94801CA 
319011000: system.memobj: data : 1000100111000010010011000011000111001001010010000000000111001010 
319011000: system.memobj: fix data : 1000100111000010010011000011000111001001010010000000000111001010 
319011000: system.memobj: -------------------------------------
319060000: system.memobj: mem->cpu Got response for addr 0x29e18 , 171544
319060000: system.memobj: size 0x8
319060000: system.memobj: id 94061725811856
319060000: system.memobj: data_hex : 89C24C31C94801CA 
319060000: system.memobj: data : 1000100111000010010011000011000111001001010010000000000111001010 
319060000: system.memobj: fix data : 1000100111000010010011000011000111001001010010000000000111001010 
319060000: system.memobj: -------------------------------------
319109000: system.memobj: mem->cpu Got response for addr 0x29e18 , 171544
319109000: system.memobj: size 0x8
319109000: system.memobj: id 94061725811568
319109000: system.memobj: data_hex : 89C24C31C94801CA 
319109000: system.memobj: data : 1000100111000010010011000011000111001001010010000000000111001010 
319109000: system.memobj: fix data : 1000100111000010010011000011000111001001010010000000000111001010 
319109000: system.memobj: -------------------------------------
319158000: system.memobj: mem->cpu Got response for addr 0x29e20 , 171552
319158000: system.memobj: size 0x8
319158000: system.memobj: id 94061725811856
319158000: system.memobj: data_hex : 0F83DA0000004831 
319158000: system.memobj: data : 0000111110000011110110100000000000000000000000000100100000110001 
319158000: system.memobj: fix data : 0000111110000011110110100000000000000000000000000100100000110001 
319158000: system.memobj: -------------------------------------
319207000: system.memobj: mem->cpu Got response for addr 0x29e20 , 171552
319207000: system.memobj: size 0x8
319207000: system.memobj: id 94061725811568
319207000: system.memobj: data_hex : 0F83DA0000004831 
319207000: system.memobj: data : 0000111110000011110110100000000000000000000000000100100000110001 
319207000: system.memobj: fix data : 0000111110000011110110100000000000000000000000000100100000110001 
319207000: system.memobj: -------------------------------------
319256000: system.memobj: mem->cpu Got response for addr 0x29e28 , 171560
319256000: system.memobj: size 0x8
319256000: system.memobj: id 94061725811856
319256000: system.memobj: data_hex : CA4C09C248FFC20F 
319256000: system.memobj: data : 1100101001001100000010011100001001001000111111111100001000001111 
319256000: system.memobj: fix data : 1100101001001100000010011100001001001000111111111100001000001111 
319256000: system.memobj: -------------------------------------
319573000: system.memobj: mem->cpu Got response for addr 0x29e28 , 171560
319573000: system.memobj: size 0x8
319573000: system.memobj: id 94061725811568
319573000: system.memobj: data_hex : CA4C09C248FFC20F 
319573000: system.memobj: data : 1100101001001100000010011100001001001000111111111100001000001111 
319573000: system.memobj: fix data : 1100101001001100000010011100001001001000111111111100001000001111 
319573000: system.memobj: -------------------------------------
319622000: system.memobj: mem->cpu Got response for addr 0x29e28 , 171560
319622000: system.memobj: size 0x8
319622000: system.memobj: id 94061725811856
319622000: system.memobj: data_hex : CA4C09C248FFC20F 
319622000: system.memobj: data : 1100101001001100000010011100001001001000111111111100001000001111 
319622000: system.memobj: fix data : 1100101001001100000010011100001001001000111111111100001000001111 
319622000: system.memobj: -------------------------------------
319671000: system.memobj: mem->cpu Got response for addr 0x29e28 , 171560
319671000: system.memobj: size 0x8
319671000: system.memobj: id 94061725811568
319671000: system.memobj: data_hex : CA4C09C248FFC20F 
319671000: system.memobj: data : 1100101001001100000010011100001001001000111111111100001000001111 
319671000: system.memobj: fix data : 1100101001001100000010011100001001001000111111111100001000001111 
319671000: system.memobj: -------------------------------------
319720000: system.memobj: mem->cpu Got response for addr 0x29e30 , 171568
319720000: system.memobj: size 0x8
319720000: system.memobj: id 94061725811856
319720000: system.memobj: data_hex : 85CB0000004C31C9 
319720000: system.memobj: data : 1000010111001011000000000000000000000000010011000011000111001001 
319720000: system.memobj: fix data : 1000010111001011000000000000000000000000010011000011000111001001 
319720000: system.memobj: -------------------------------------
319769000: system.memobj: mem->cpu Got response for addr 0x29f00 , 171776
319769000: system.memobj: size 0x8
319769000: system.memobj: id 94061725811568
319769000: system.memobj: data_hex : 4C89CA4883E80884 
319769000: system.memobj: data : 0100110010001001110010100100100010000011111010000000100010000100 
319769000: system.memobj: fix data : 0100110010001001110010100100100010000011111010000000100010000100 
319769000: system.memobj: -------------------------------------
319818000: system.memobj: mem->cpu Got response for addr 0x29f00 , 171776
319818000: system.memobj: size 0x8
319818000: system.memobj: id 94061725811856
319818000: system.memobj: data_hex : 4C89CA4883E80884 
319818000: system.memobj: data : 0100110010001001110010100100100010000011111010000000100010000100 
319818000: system.memobj: fix data : 0100110010001001110010100100100010000011111010000000100010000100 
319818000: system.memobj: -------------------------------------
319867000: system.memobj: mem->cpu Got response for addr 0x29f00 , 171776
319867000: system.memobj: size 0x8
319867000: system.memobj: id 94061725811568
319867000: system.memobj: data_hex : 4C89CA4883E80884 
319867000: system.memobj: data : 0100110010001001110010100100100010000011111010000000100010000100 
319867000: system.memobj: fix data : 0100110010001001110010100100100010000011111010000000100010000100 
319867000: system.memobj: -------------------------------------
319916000: system.memobj: mem->cpu Got response for addr 0x29f08 , 171784
319916000: system.memobj: size 0x8
319916000: system.memobj: id 94061725811856
319916000: system.memobj: data_hex : C9745538D174E948 
319916000: system.memobj: data : 1100100101110100010101010011100011010001011101001110100101001000 
319916000: system.memobj: fix data : 1100100101110100010101010011100011010001011101001110100101001000 
319916000: system.memobj: -------------------------------------
319965000: system.memobj: mem->cpu Got response for addr 0x29f08 , 171784
319965000: system.memobj: size 0x8
319965000: system.memobj: id 94061725811568
319965000: system.memobj: data_hex : C9745538D174E948 
319965000: system.memobj: data : 1100100101110100010101010011100011010001011101001110100101001000 
319965000: system.memobj: fix data : 1100100101110100010101010011100011010001011101001110100101001000 
319965000: system.memobj: -------------------------------------
320014000: system.memobj: mem->cpu Got response for addr 0x29f08 , 171784
320014000: system.memobj: size 0x8
320014000: system.memobj: id 94061725811856
320014000: system.memobj: data_hex : C9745538D174E948 
320014000: system.memobj: data : 1100100101110100010101010011100011010001011101001110100101001000 
320014000: system.memobj: fix data : 1100100101110100010101010011100011010001011101001110100101001000 
320014000: system.memobj: -------------------------------------
320063000: system.memobj: mem->cpu Got response for addr 0x29f08 , 171784
320063000: system.memobj: size 0x8
320063000: system.memobj: id 94061725811568
320063000: system.memobj: data_hex : C9745538D174E948 
320063000: system.memobj: data : 1100100101110100010101010011100011010001011101001110100101001000 
320063000: system.memobj: fix data : 1100100101110100010101010011100011010001011101001110100101001000 
320063000: system.memobj: -------------------------------------
320112000: system.memobj: mem->cpu Got response for addr 0x29f08 , 171784
320112000: system.memobj: size 0x8
320112000: system.memobj: id 94061725811856
320112000: system.memobj: data_hex : C9745538D174E948 
320112000: system.memobj: data : 1100100101110100010101010011100011010001011101001110100101001000 
320112000: system.memobj: fix data : 1100100101110100010101010011100011010001011101001110100101001000 
320112000: system.memobj: -------------------------------------
320161000: system.memobj: mem->cpu Got response for addr 0x29f10 , 171792
320161000: system.memobj: size 0x8
320161000: system.memobj: id 94061725811568
320161000: system.memobj: data_hex : FFC084ED744A38D5 
320161000: system.memobj: data : 1111111111000000100001001110110101110100010010100011100011010101 
320161000: system.memobj: fix data : 1111111111000000100001001110110101110100010010100011100011010101 
320161000: system.memobj: -------------------------------------
320210000: system.memobj: mem->cpu Got response for addr 0x29f10 , 171792
320210000: system.memobj: size 0x8
320210000: system.memobj: id 94061725811856
320210000: system.memobj: data_hex : FFC084ED744A38D5 
320210000: system.memobj: data : 1111111111000000100001001110110101110100010010100011100011010101 
320210000: system.memobj: fix data : 1111111111000000100001001110110101110100010010100011100011010101 
320210000: system.memobj: -------------------------------------
320259000: system.memobj: mem->cpu Got response for addr 0x29f10 , 171792
320259000: system.memobj: size 0x8
320259000: system.memobj: id 94061725811568
320259000: system.memobj: data_hex : FFC084ED744A38D5 
320259000: system.memobj: data : 1111111111000000100001001110110101110100010010100011100011010101 
320259000: system.memobj: fix data : 1111111111000000100001001110110101110100010010100011100011010101 
320259000: system.memobj: -------------------------------------
320308000: system.memobj: mem->cpu Got response for addr 0x29f10 , 171792
320308000: system.memobj: size 0x8
320308000: system.memobj: id 94061725811856
320308000: system.memobj: data_hex : FFC084ED744A38D5 
320308000: system.memobj: data : 1111111111000000100001001110110101110100010010100011100011010101 
320308000: system.memobj: fix data : 1111111111000000100001001110110101110100010010100011100011010101 
320308000: system.memobj: -------------------------------------
320371000: system.memobj: mem->cpu Got response for addr 0x29f18 , 171800
320371000: system.memobj: size 0x8
320371000: system.memobj: id 94061725811568
320371000: system.memobj: data_hex : 74DE48FFC048C1E9 
320371000: system.memobj: data : 0111010011011110010010001111111111000000010010001100000111101001 
320371000: system.memobj: fix data : 0111010011011110010010001111111111000000010010001100000111101001 
320371000: system.memobj: -------------------------------------
320420000: system.memobj: mem->cpu Got response for addr 0x29f18 , 171800
320420000: system.memobj: size 0x8
320420000: system.memobj: id 94061725811856
320420000: system.memobj: data_hex : 74DE48FFC048C1E9 
320420000: system.memobj: data : 0111010011011110010010001111111111000000010010001100000111101001 
320420000: system.memobj: fix data : 0111010011011110010010001111111111000000010010001100000111101001 
320420000: system.memobj: -------------------------------------
320469000: system.memobj: mem->cpu Got response for addr 0x29f18 , 171800
320469000: system.memobj: size 0x8
320469000: system.memobj: id 94061725811568
320469000: system.memobj: data_hex : 74DE48FFC048C1E9 
320469000: system.memobj: data : 0111010011011110010010001111111111000000010010001100000111101001 
320469000: system.memobj: fix data : 0111010011011110010010001111111111000000010010001100000111101001 
320469000: system.memobj: -------------------------------------
320518000: system.memobj: mem->cpu Got response for addr 0x29f20 , 171808
320518000: system.memobj: size 0x8
320518000: system.memobj: id 94061725811856
320518000: system.memobj: data_hex : 1084C9743B38D174 
320518000: system.memobj: data : 0001000010000100110010010111010000111011001110001101000101110100 
320518000: system.memobj: fix data : 0001000010000100110010010111010000111011001110001101000101110100 
320518000: system.memobj: -------------------------------------
320567000: system.memobj: mem->cpu Got response for addr 0x29f20 , 171808
320567000: system.memobj: size 0x8
320567000: system.memobj: id 94061725811568
320567000: system.memobj: data_hex : 1084C9743B38D174 
320567000: system.memobj: data : 0001000010000100110010010111010000111011001110001101000101110100 
320567000: system.memobj: fix data : 0001000010000100110010010111010000111011001110001101000101110100 
320567000: system.memobj: -------------------------------------
320616000: system.memobj: mem->cpu Got response for addr 0x29f20 , 171808
320616000: system.memobj: size 0x8
320616000: system.memobj: id 94061725811856
320616000: system.memobj: data_hex : 1084C9743B38D174 
320616000: system.memobj: data : 0001000010000100110010010111010000111011001110001101000101110100 
320616000: system.memobj: fix data : 0001000010000100110010010111010000111011001110001101000101110100 
320616000: system.memobj: -------------------------------------
320665000: system.memobj: mem->cpu Got response for addr 0x29f20 , 171808
320665000: system.memobj: size 0x8
320665000: system.memobj: id 94061725811568
320665000: system.memobj: data_hex : 1084C9743B38D174 
320665000: system.memobj: data : 0001000010000100110010010111010000111011001110001101000101110100 
320665000: system.memobj: fix data : 0001000010000100110010010111010000111011001110001101000101110100 
320665000: system.memobj: -------------------------------------
320714000: system.memobj: mem->cpu Got response for addr 0x29f20 , 171808
320714000: system.memobj: size 0x8
320714000: system.memobj: id 94061725811856
320714000: system.memobj: data_hex : 1084C9743B38D174 
320714000: system.memobj: data : 0001000010000100110010010111010000111011001110001101000101110100 
320714000: system.memobj: fix data : 0001000010000100110010010111010000111011001110001101000101110100 
320714000: system.memobj: -------------------------------------
320763000: system.memobj: mem->cpu Got response for addr 0x29f28 , 171816
320763000: system.memobj: size 0x8
320763000: system.memobj: id 94061725811568
320763000: system.memobj: data_hex : CF48FFC084ED7430 
320763000: system.memobj: data : 1100111101001000111111111100000010000100111011010111010000110000 
320763000: system.memobj: fix data : 1100111101001000111111111100000010000100111011010111010000110000 
320763000: system.memobj: -------------------------------------
320812000: system.memobj: mem->cpu Got response for addr 0x29f28 , 171816
320812000: system.memobj: size 0x8
320812000: system.memobj: id 94061725811856
320812000: system.memobj: data_hex : CF48FFC084ED7430 
320812000: system.memobj: data : 1100111101001000111111111100000010000100111011010111010000110000 
320812000: system.memobj: fix data : 1100111101001000111111111100000010000100111011010111010000110000 
320812000: system.memobj: -------------------------------------
320861000: system.memobj: mem->cpu Got response for addr 0x29f28 , 171816
320861000: system.memobj: size 0x8
320861000: system.memobj: id 94061725811568
320861000: system.memobj: data_hex : CF48FFC084ED7430 
320861000: system.memobj: data : 1100111101001000111111111100000010000100111011010111010000110000 
320861000: system.memobj: fix data : 1100111101001000111111111100000010000100111011010111010000110000 
320861000: system.memobj: -------------------------------------
320910000: system.memobj: mem->cpu Got response for addr 0x29f28 , 171816
320910000: system.memobj: size 0x8
320910000: system.memobj: id 94061725811856
320910000: system.memobj: data_hex : CF48FFC084ED7430 
320910000: system.memobj: data : 1100111101001000111111111100000010000100111011010111010000110000 
320910000: system.memobj: fix data : 1100111101001000111111111100000010000100111011010111010000110000 
320910000: system.memobj: -------------------------------------
320959000: system.memobj: mem->cpu Got response for addr 0x29f30 , 171824
320959000: system.memobj: size 0x8
320959000: system.memobj: id 94061725811568
320959000: system.memobj: data_hex : 38D574C448FFC048 
320959000: system.memobj: data : 0011100011010101011101001100010001001000111111111100000001001000 
320959000: system.memobj: fix data : 0011100011010101011101001100010001001000111111111100000001001000 
320959000: system.memobj: -------------------------------------
321008000: system.memobj: mem->cpu Got response for addr 0x29f30 , 171824
321008000: system.memobj: size 0x8
321008000: system.memobj: id 94061725811856
321008000: system.memobj: data_hex : 38D574C448FFC048 
321008000: system.memobj: data : 0011100011010101011101001100010001001000111111111100000001001000 
321008000: system.memobj: fix data : 0011100011010101011101001100010001001000111111111100000001001000 
321008000: system.memobj: -------------------------------------
321057000: system.memobj: mem->cpu Got response for addr 0x29f30 , 171824
321057000: system.memobj: size 0x8
321057000: system.memobj: id 94061725811568
321057000: system.memobj: data_hex : 38D574C448FFC048 
321057000: system.memobj: data : 0011100011010101011101001100010001001000111111111100000001001000 
321057000: system.memobj: fix data : 0011100011010101011101001100010001001000111111111100000001001000 
321057000: system.memobj: -------------------------------------
321106000: system.memobj: mem->cpu Got response for addr 0x29f30 , 171824
321106000: system.memobj: size 0x8
321106000: system.memobj: id 94061725811856
321106000: system.memobj: data_hex : 38D574C448FFC048 
321106000: system.memobj: data : 0011100011010101011101001100010001001000111111111100000001001000 
321106000: system.memobj: fix data : 0011100011010101011101001100010001001000111111111100000001001000 
321106000: system.memobj: -------------------------------------
321169000: system.memobj: mem->cpu Got response for addr 0x29f38 , 171832
321169000: system.memobj: size 0x8
321169000: system.memobj: id 94061725811568
321169000: system.memobj: data_hex : C1E91084C9742138 
321169000: system.memobj: data : 1100000111101001000100001000010011001001011101000010000100111000 
321169000: system.memobj: fix data : 1100000111101001000100001000010011001001011101000010000100111000 
321169000: system.memobj: -------------------------------------
321218000: system.memobj: mem->cpu Got response for addr 0x29f38 , 171832
321218000: system.memobj: size 0x8
321218000: system.memobj: id 94061725811856
321218000: system.memobj: data_hex : C1E91084C9742138 
321218000: system.memobj: data : 1100000111101001000100001000010011001001011101000010000100111000 
321218000: system.memobj: fix data : 1100000111101001000100001000010011001001011101000010000100111000 
321218000: system.memobj: -------------------------------------
321267000: system.memobj: mem->cpu Got response for addr 0x29f38 , 171832
321267000: system.memobj: size 0x8
321267000: system.memobj: id 94061725811568
321267000: system.memobj: data_hex : C1E91084C9742138 
321267000: system.memobj: data : 1100000111101001000100001000010011001001011101000010000100111000 
321267000: system.memobj: fix data : 1100000111101001000100001000010011001001011101000010000100111000 
321267000: system.memobj: -------------------------------------
321316000: system.memobj: mem->cpu Got response for addr 0x29f38 , 171832
321316000: system.memobj: size 0x8
321316000: system.memobj: id 94061725811856
321316000: system.memobj: data_hex : C1E91084C9742138 
321316000: system.memobj: data : 1100000111101001000100001000010011001001011101000010000100111000 
321316000: system.memobj: fix data : 1100000111101001000100001000010011001001011101000010000100111000 
321316000: system.memobj: -------------------------------------
321365000: system.memobj: mem->cpu Got response for addr 0x29f40 , 171840
321365000: system.memobj: size 0x8
321365000: system.memobj: id 94061725811568
321365000: system.memobj: data_hex : D174B548FFC084ED 
321365000: system.memobj: data : 1101000101110100101101010100100011111111110000001000010011101101 
321365000: system.memobj: fix data : 1101000101110100101101010100100011111111110000001000010011101101 
321365000: system.memobj: -------------------------------------
321414000: system.memobj: mem->cpu Got response for addr 0x29f40 , 171840
321414000: system.memobj: size 0x8
321414000: system.memobj: id 94061725811856
321414000: system.memobj: data_hex : D174B548FFC084ED 
321414000: system.memobj: data : 1101000101110100101101010100100011111111110000001000010011101101 
321414000: system.memobj: fix data : 1101000101110100101101010100100011111111110000001000010011101101 
321414000: system.memobj: -------------------------------------
321463000: system.memobj: mem->cpu Got response for addr 0x29ef8 , 171768
321463000: system.memobj: size 0x8
321463000: system.memobj: id 94061725811568
321463000: system.memobj: data_hex : 4831C0C366666690 
321463000: system.memobj: data : 0100100000110001110000001100001101100110011001100110011010010000 
321463000: system.memobj: fix data : 0100100000110001110000001100001101100110011001100110011010010000 
321463000: system.memobj: -------------------------------------
321512000: system.memobj: mem->cpu Got response for addr 0x29ef8 , 171768
321512000: system.memobj: size 0x8
321512000: system.memobj: id 94061725811856
321512000: system.memobj: data_hex : 4831C0C366666690 
321512000: system.memobj: data : 0100100000110001110000001100001101100110011001100110011010010000 
321512000: system.memobj: fix data : 0100100000110001110000001100001101100110011001100110011010010000 
321512000: system.memobj: -------------------------------------
321575000: system.memobj: mem->cpu Got response for addr 0x94b48 , 609096
321575000: system.memobj: size 0x8
321575000: system.memobj: id 94061725811568
321575000: system.memobj: data_hex : 3CA6420000000000 
321575000: system.memobj: data : 0011110010100110010000100000000000000000000000000000000000000000 
321575000: system.memobj: hamming code addr: 609096 
321575000: system.memobj: hamming code out: 9 
321575000: system.memobj: find Error Bit index : 7 
321575000: system.memobj: hamming code addr: 609104 
321575000: system.memobj: hamming code out: 4 
321575000: system.memobj: hamming code addr: 609112 
321575000: system.memobj: hamming code out: 14 
321575000: system.memobj: hamming code addr: 609120 
321575000: system.memobj: hamming code out: 0 
321575000: system.memobj: hamming code addr: 609128 
321575000: system.memobj: hamming code out: 0 
321575000: system.memobj: hamming code addr: 609136 
321575000: system.memobj: hamming code out: 0 
321575000: system.memobj: hamming code addr: 609144 
321575000: system.memobj: hamming code out: 0 
321575000: system.memobj: hamming code addr: 609152 
321575000: system.memobj: hamming code out: 0 
321575000: system.memobj: fix data : 0011111010100110010000100000000000000000000000000000000000000000 
321575000: system.memobj: -------------------------------------
321638000: system.memobj: mem->cpu Got response for addr 0x2a638 , 173624
321638000: system.memobj: size 0x8
321638000: system.memobj: id 94061725811568
321638000: system.memobj: data_hex : DEE882F7FFFF4885 
321638000: system.memobj: data : 1101111011101000100000101111011111111111111111110100100010000101 
321638000: system.memobj: fix data : 1101111011101000100000101111011111111111111111110100100010000101 
321638000: system.memobj: -------------------------------------
321687000: system.memobj: mem->cpu Got response for addr 0x2a640 , 173632
321687000: system.memobj: size 0x8
321687000: system.memobj: id 94061725811856
321687000: system.memobj: data_hex : C075ED4883C40848 
321687000: system.memobj: data : 1100000001110101111011010100100010000011110001000000100001001000 
321687000: system.memobj: fix data : 1100000001110101111011010100100010000011110001000000100001001000 
321687000: system.memobj: -------------------------------------
321736000: system.memobj: mem->cpu Got response for addr 0x2a640 , 173632
321736000: system.memobj: size 0x8
321736000: system.memobj: id 94061725811568
321736000: system.memobj: data_hex : C075ED4883C40848 
321736000: system.memobj: data : 1100000001110101111011010100100010000011110001000000100001001000 
321736000: system.memobj: fix data : 1100000001110101111011010100100010000011110001000000100001001000 
321736000: system.memobj: -------------------------------------
321785000: system.memobj: mem->cpu Got response for addr 0x2a640 , 173632
321785000: system.memobj: size 0x8
321785000: system.memobj: id 94061725811856
321785000: system.memobj: data_hex : C075ED4883C40848 
321785000: system.memobj: data : 1100000001110101111011010100100010000011110001000000100001001000 
321785000: system.memobj: fix data : 1100000001110101111011010100100010000011110001000000100001001000 
321785000: system.memobj: -------------------------------------
321834000: system.memobj: mem->cpu Got response for addr 0x2a640 , 173632
321834000: system.memobj: size 0x8
321834000: system.memobj: id 94061725811568
321834000: system.memobj: data_hex : C075ED4883C40848 
321834000: system.memobj: data : 1100000001110101111011010100100010000011110001000000100001001000 
321834000: system.memobj: fix data : 1100000001110101111011010100100010000011110001000000100001001000 
321834000: system.memobj: -------------------------------------
321883000: system.memobj: mem->cpu Got response for addr 0x2a648 , 173640
321883000: system.memobj: size 0x8
321883000: system.memobj: id 94061725811856
321883000: system.memobj: data_hex : 89E85B5DC3909090 
321883000: system.memobj: data : 1000100111101000010110110101110111000011100100001001000010010000 
321883000: system.memobj: fix data : 1000100111101000010110110101110111000011100100001001000010010000 
321883000: system.memobj: -------------------------------------
321932000: system.memobj: mem->cpu Got response for addr 0x2a648 , 173640
321932000: system.memobj: size 0x8
321932000: system.memobj: id 94061725811568
321932000: system.memobj: data_hex : 89E85B5DC3909090 
321932000: system.memobj: data : 1000100111101000010110110101110111000011100100001001000010010000 
321932000: system.memobj: fix data : 1000100111101000010110110101110111000011100100001001000010010000 
321932000: system.memobj: -------------------------------------
321981000: system.memobj: mem->cpu Got response for addr 0x94b58 , 609112
321981000: system.memobj: size 0x8
321981000: system.memobj: id 94061725811856
321981000: system.memobj: data_hex : 4AEFFFFFFF7F0000 
321981000: system.memobj: data : 0100101011101111111111111111111111111111011111110000000000000000 
321981000: system.memobj: hamming code addr: 609112 
321981000: system.memobj: hamming code out: 14 
321981000: system.memobj: find Error Bit index : 5 
321981000: system.memobj: hamming code addr: 609120 
321981000: system.memobj: hamming code out: 4 
321981000: system.memobj: hamming code addr: 609128 
321981000: system.memobj: hamming code out: 3 
321981000: system.memobj: hamming code addr: 609136 
321981000: system.memobj: hamming code out: 3 
321981000: system.memobj: hamming code addr: 609144 
321981000: system.memobj: hamming code out: 3 
321981000: system.memobj: hamming code addr: 609152 
321981000: system.memobj: hamming code out: 0 
321981000: system.memobj: hamming code addr: 609160 
321981000: system.memobj: hamming code out: 0 
321981000: system.memobj: hamming code addr: 609168 
321981000: system.memobj: hamming code out: 0 
321981000: system.memobj: fix data : 0100001011101111111111111111111111111111011111110000000000000000 
321981000: system.memobj: -------------------------------------
322030000: system.memobj: mem->cpu Got response for addr 0x2a648 , 173640
322030000: system.memobj: size 0x8
322030000: system.memobj: id 94061725811856
322030000: system.memobj: data_hex : 89E85B5DC3909090 
322030000: system.memobj: data : 1000100111101000010110110101110111000011100100001001000010010000 
322030000: system.memobj: fix data : 1000100111101000010110110101110111000011100100001001000010010000 
322030000: system.memobj: -------------------------------------
322079000: system.memobj: mem->cpu Got response for addr 0x94b60 , 609120
322079000: system.memobj: size 0x8
322079000: system.memobj: id 94061725811568
322079000: system.memobj: data_hex : DAEDFFFFFF7F0000 
322079000: system.memobj: data : 1101101011101101111111111111111111111111011111110000000000000000 
322079000: system.memobj: hamming code addr: 609120 
322079000: system.memobj: hamming code out: 8 
322079000: system.memobj: find Error Bit index : 7 
322079000: system.memobj: hamming code addr: 609128 
322079000: system.memobj: hamming code out: 15 
322079000: system.memobj: hamming code addr: 609136 
322079000: system.memobj: hamming code out: 3 
322079000: system.memobj: hamming code addr: 609144 
322079000: system.memobj: hamming code out: 3 
322079000: system.memobj: hamming code addr: 609152 
322079000: system.memobj: hamming code out: 3 
322079000: system.memobj: hamming code addr: 609160 
322079000: system.memobj: hamming code out: 0 
322079000: system.memobj: hamming code addr: 609168 
322079000: system.memobj: hamming code out: 0 
322079000: system.memobj: hamming code addr: 609176 
322079000: system.memobj: hamming code out: 0 
322079000: system.memobj: fix data : 1101100011101101111111111111111111111111011111110000000000000000 
322079000: system.memobj: -------------------------------------
322128000: system.memobj: mem->cpu Got response for addr 0x2a648 , 173640
322128000: system.memobj: size 0x8
322128000: system.memobj: id 94061725811568
322128000: system.memobj: data_hex : 89E85B5DC3909090 
322128000: system.memobj: data : 1000100111101000010110110101110111000011100100001001000010010000 
322128000: system.memobj: fix data : 1000100111101000010110110101110111000011100100001001000010010000 
322128000: system.memobj: -------------------------------------
322177000: system.memobj: mem->cpu Got response for addr 0x94b68 , 609128
322177000: system.memobj: size 0x8
322177000: system.memobj: id 94061725811856
322177000: system.memobj: data_hex : BB41410000000000 
322177000: system.memobj: data : 1011101101000001010000010000000000000000000000000000000000000000 
322177000: system.memobj: hamming code addr: 609128 
322177000: system.memobj: hamming code out: 10 
322177000: system.memobj: find Error Bit index : 3 
322177000: system.memobj: hamming code addr: 609136 
322177000: system.memobj: hamming code out: 9 
322177000: system.memobj: hamming code addr: 609144 
322177000: system.memobj: hamming code out: 9 
322177000: system.memobj: hamming code addr: 609152 
322177000: system.memobj: hamming code out: 0 
322177000: system.memobj: hamming code addr: 609160 
322177000: system.memobj: hamming code out: 0 
322177000: system.memobj: hamming code addr: 609168 
322177000: system.memobj: hamming code out: 0 
322177000: system.memobj: hamming code addr: 609176 
322177000: system.memobj: hamming code out: 0 
322177000: system.memobj: hamming code addr: 609184 
322177000: system.memobj: hamming code out: 0 
322177000: system.memobj: fix data : 1001101101000001010000010000000000000000000000000000000000000000 
322177000: system.memobj: -------------------------------------
322254000: system.memobj: mem->cpu Got response for addr 0x14198 , 82328
322254000: system.memobj: size 0x8
322254000: system.memobj: id 94061725811856
322254000: system.memobj: data_hex : 6401004885C07424 
322254000: system.memobj: data : 0110010000000001000000000100100010000101110000000111010000100100 
322254000: system.memobj: fix data : 0110010000000001000000000100100010000101110000000111010000100100 
322254000: system.memobj: -------------------------------------
322303000: system.memobj: mem->cpu Got response for addr 0x14198 , 82328
322303000: system.memobj: size 0x8
322303000: system.memobj: id 94061725811568
322303000: system.memobj: data_hex : 6401004885C07424 
322303000: system.memobj: data : 0110010000000001000000000100100010000101110000000111010000100100 
322303000: system.memobj: fix data : 0110010000000001000000000100100010000101110000000111010000100100 
322303000: system.memobj: -------------------------------------
322352000: system.memobj: mem->cpu Got response for addr 0x141a0 , 82336
322352000: system.memobj: size 0x8
322352000: system.memobj: id 94061725811856
322352000: system.memobj: data_hex : 48FFC048890576C5 
322352000: system.memobj: data : 0100100011111111110000000100100010001001000001010111011011000101 
322352000: system.memobj: fix data : 0100100011111111110000000100100010001001000001010111011011000101 
322352000: system.memobj: -------------------------------------
322401000: system.memobj: mem->cpu Got response for addr 0x141a0 , 82336
322401000: system.memobj: size 0x8
322401000: system.memobj: id 94061725811568
322401000: system.memobj: data_hex : 48FFC048890576C5 
322401000: system.memobj: data : 0100100011111111110000000100100010001001000001010111011011000101 
322401000: system.memobj: fix data : 0100100011111111110000000100100010001001000001010111011011000101 
322401000: system.memobj: -------------------------------------
322450000: system.memobj: mem->cpu Got response for addr 0x141a8 , 82344
322450000: system.memobj: size 0x8
322450000: system.memobj: id 94061725811856
322450000: system.memobj: data_hex : 1600488B45004889 
322450000: system.memobj: data : 0001011000000000010010001000101101000101000000000100100010001001 
322450000: system.memobj: fix data : 0001011000000000010010001000101101000101000000000100100010001001 
322450000: system.memobj: -------------------------------------
322450000: system.memobj: cpu->mem Got request for addr 0x80720 , 526112
322450000: system.memobj: size 0x8
322450000: system.memobj: id 94061725812144
322450000: system.memobj: data_hex : 97EFFFFFFF7F0000 
322450000: system.memobj: data : 1001011111101111111111111111111111111111011111110000000000000000 
322450000: system.memobj: hamming code addr: 526112 
322450000: system.memobj: hamming code : 9 
322450000: system.memobj: hamming code addr: 526120 
322450000: system.memobj: hamming code : 4 
322450000: system.memobj: hamming code addr: 526128 
322450000: system.memobj: hamming code : 3 
322450000: system.memobj: hamming code addr: 526136 
322450000: system.memobj: hamming code : 3 
322450000: system.memobj: hamming code addr: 526144 
322450000: system.memobj: hamming code : 3 
322450000: system.memobj: hamming code addr: 526152 
322450000: system.memobj: hamming code : 0 
322450000: system.memobj: hamming code addr: 526160 
322450000: system.memobj: hamming code : 0 
322450000: system.memobj: hamming code addr: 526168 
322450000: system.memobj: hamming code : 0 
322450000: system.memobj: Enter Error Bit index: 3 
322450000: system.memobj: flip data : 1011011111101111111111111111111111111111011111110000000000000000 
322450000: system.memobj: -------------------------------------
322520000: system.memobj: mem->cpu Got response for addr 0x141a8 , 82344
322520000: system.memobj: size 0x8
322520000: system.memobj: id 94061725812144
322520000: system.memobj: data_hex : 1600488B45004889 
322520000: system.memobj: data : 0001011000000000010010001000101101000101000000000100100010001001 
322520000: system.memobj: fix data : 0001011000000000010010001000101101000101000000000100100010001001 
322520000: system.memobj: -------------------------------------
322597000: system.memobj: mem->cpu Got response for addr 0x94dd8 , 609752
322597000: system.memobj: size 0x8
322597000: system.memobj: id 94061725812432
322597000: system.memobj: data_hex : 42EFFFFFFF7F0000 
322597000: system.memobj: data : 0100001011101111111111111111111111111111011111110000000000000000 
322597000: system.memobj: fix data : 0100001011101111111111111111111111111111011111110000000000000000 
322597000: system.memobj: -------------------------------------
322674000: system.memobj: mem->cpu Got response for addr 0x141a8 , 82344
322674000: system.memobj: size 0x8
322674000: system.memobj: id 94061725812432
322674000: system.memobj: data_hex : 1600488B45004889 
322674000: system.memobj: data : 0001011000000000010010001000101101000101000000000100100010001001 
322674000: system.memobj: fix data : 0001011000000000010010001000101101000101000000000100100010001001 
322674000: system.memobj: -------------------------------------
322723000: system.memobj: mem->cpu Got response for addr 0x141b0 , 82352
322723000: system.memobj: size 0x8
322723000: system.memobj: id 94061725812144
322723000: system.memobj: data_hex : 0573C51600488B5C 
322723000: system.memobj: data : 0000010101110011110001010001011000000000010010001000101101011100 
322723000: system.memobj: fix data : 0000010101110011110001010001011000000000010010001000101101011100 
322723000: system.memobj: -------------------------------------
322723000: system.memobj: cpu->mem Got request for addr 0x80728 , 526120
322723000: system.memobj: size 0x8
322723000: system.memobj: id 94061725812720
322723000: system.memobj: data_hex : 42EFFFFFFF7F0000 
322723000: system.memobj: data : 0100001011101111111111111111111111111111011111110000000000000000 
322723000: system.memobj: hamming code addr: 526120 
322723000: system.memobj: hamming code : 14 
322723000: system.memobj: hamming code addr: 526128 
322723000: system.memobj: hamming code : 4 
322723000: system.memobj: hamming code addr: 526136 
322723000: system.memobj: hamming code : 3 
322723000: system.memobj: hamming code addr: 526144 
322723000: system.memobj: hamming code : 3 
322723000: system.memobj: hamming code addr: 526152 
322723000: system.memobj: hamming code : 3 
322723000: system.memobj: hamming code addr: 526160 
322723000: system.memobj: hamming code : 0 
322723000: system.memobj: hamming code addr: 526168 
322723000: system.memobj: hamming code : 0 
322723000: system.memobj: hamming code addr: 526176 
322723000: system.memobj: hamming code : 0 
322723000: system.memobj: Enter Error Bit index: 6 
322723000: system.memobj: flip data : 0100011011101111111111111111111111111111011111110000000000000000 
322723000: system.memobj: -------------------------------------
322793000: system.memobj: mem->cpu Got response for addr 0x141b0 , 82352
322793000: system.memobj: size 0x8
322793000: system.memobj: id 94061725812720
322793000: system.memobj: data_hex : 0573C51600488B5C 
322793000: system.memobj: data : 0000010101110011110001010001011000000000010010001000101101011100 
322793000: system.memobj: fix data : 0000010101110011110001010001011000000000010010001000101101011100 
322793000: system.memobj: -------------------------------------
322842000: system.memobj: mem->cpu Got response for addr 0x141b8 , 82360
322842000: system.memobj: size 0x8
322842000: system.memobj: id 94061725812144
322842000: system.memobj: data_hex : 2408488B6C241048 
322842000: system.memobj: data : 0010010000001000010010001000101101101100001001000001000001001000 
322842000: system.memobj: fix data : 0010010000001000010010001000101101101100001001000001000001001000 
322842000: system.memobj: -------------------------------------
322862000: system.memobj: mem->cpu Got response for addr 0x94b78 , 609144
322862000: system.memobj: size 0x8
322862000: system.memobj: id 94061725812720
322862000: system.memobj: data_hex : B2EBFFFFFF7F0000 
322862000: system.memobj: data : 1011001011101011111111111111111111111111011111110000000000000000 
322862000: system.memobj: hamming code addr: 609144 
322862000: system.memobj: hamming code out: 2 
322862000: system.memobj: find Error Bit index : 7 
322862000: system.memobj: hamming code addr: 609152 
322862000: system.memobj: hamming code out: 14 
322862000: system.memobj: hamming code addr: 609160 
322862000: system.memobj: hamming code out: 3 
322862000: system.memobj: hamming code addr: 609168 
322862000: system.memobj: hamming code out: 3 
322862000: system.memobj: hamming code addr: 609176 
322862000: system.memobj: hamming code out: 3 
322862000: system.memobj: hamming code addr: 609184 
322862000: system.memobj: hamming code out: 0 
322862000: system.memobj: hamming code addr: 609192 
322862000: system.memobj: hamming code out: 0 
322862000: system.memobj: hamming code addr: 609200 
322862000: system.memobj: hamming code out: 0 
322862000: system.memobj: fix data : 1011000011101011111111111111111111111111011111110000000000000000 
322862000: system.memobj: -------------------------------------
322911000: system.memobj: mem->cpu Got response for addr 0x141b8 , 82360
322911000: system.memobj: size 0x8
322911000: system.memobj: id 94061725812720
322911000: system.memobj: data_hex : 2408488B6C241048 
322911000: system.memobj: data : 0010010000001000010010001000101101101100001001000001000001001000 
322911000: system.memobj: fix data : 0010010000001000010010001000101101101100001001000001000001001000 
322911000: system.memobj: -------------------------------------
322931000: system.memobj: mem->cpu Got response for addr 0x94b80 , 609152
322931000: system.memobj: size 0x8
322931000: system.memobj: id 94061725812144
322931000: system.memobj: data_hex : 0100000000000000 
322931000: system.memobj: data : 0000000100000000000000000000000000000000000000000000000000000000 
322931000: system.memobj: hamming code addr: 609152 
322931000: system.memobj: hamming code out: 0 
322931000: system.memobj: find Error Bit index : 8 
322931000: system.memobj: hamming code addr: 609160 
322931000: system.memobj: hamming code out: 0 
322931000: system.memobj: hamming code addr: 609168 
322931000: system.memobj: hamming code out: 0 
322931000: system.memobj: hamming code addr: 609176 
322931000: system.memobj: hamming code out: 0 
322931000: system.memobj: hamming code addr: 609184 
322931000: system.memobj: hamming code out: 0 
322931000: system.memobj: hamming code addr: 609192 
322931000: system.memobj: hamming code out: 0 
322931000: system.memobj: hamming code addr: 609200 
322931000: system.memobj: hamming code out: 0 
322931000: system.memobj: hamming code addr: 609208 
322931000: system.memobj: hamming code out: 0 
322931000: system.memobj: fix data : 0000000000000000000000000000000000000000000000000000000000000000 
322931000: system.memobj: -------------------------------------
322980000: system.memobj: mem->cpu Got response for addr 0x141b8 , 82360
322980000: system.memobj: size 0x8
322980000: system.memobj: id 94061725812144
322980000: system.memobj: data_hex : 2408488B6C241048 
322980000: system.memobj: data : 0010010000001000010010001000101101101100001001000001000001001000 
322980000: system.memobj: fix data : 0010010000001000010010001000101101101100001001000001000001001000 
322980000: system.memobj: -------------------------------------
323029000: system.memobj: mem->cpu Got response for addr 0x141c0 , 82368
323029000: system.memobj: size 0x8
323029000: system.memobj: id 94061725812720
323029000: system.memobj: data_hex : 83C418C348891D55 
323029000: system.memobj: data : 1000001111000100000110001100001101001000100010010001110101010101 
323029000: system.memobj: fix data : 1000001111000100000110001100001101001000100010010001110101010101 
323029000: system.memobj: -------------------------------------
323078000: system.memobj: mem->cpu Got response for addr 0x141c0 , 82368
323078000: system.memobj: size 0x8
323078000: system.memobj: id 94061725812144
323078000: system.memobj: data_hex : 83C418C348891D55 
323078000: system.memobj: data : 1000001111000100000110001100001101001000100010010001110101010101 
323078000: system.memobj: fix data : 1000001111000100000110001100001101001000100010010001110101010101 
323078000: system.memobj: -------------------------------------
323155000: system.memobj: mem->cpu Got response for addr 0x94b88 , 609160
323155000: system.memobj: size 0x8
323155000: system.memobj: id 94061725812720
323155000: system.memobj: data_hex : 5C9B400000000000 
323155000: system.memobj: data : 0101110010011011010000000000000000000000000000000000000000000000 
323155000: system.memobj: hamming code addr: 609160 
323155000: system.memobj: hamming code out: 13 
323155000: system.memobj: find Error Bit index : 8 
323155000: system.memobj: hamming code addr: 609168 
323155000: system.memobj: hamming code out: 10 
323155000: system.memobj: hamming code addr: 609176 
323155000: system.memobj: hamming code out: 5 
323155000: system.memobj: hamming code addr: 609184 
323155000: system.memobj: hamming code out: 0 
323155000: system.memobj: hamming code addr: 609192 
323155000: system.memobj: hamming code out: 0 
323155000: system.memobj: hamming code addr: 609200 
323155000: system.memobj: hamming code out: 0 
323155000: system.memobj: hamming code addr: 609208 
323155000: system.memobj: hamming code out: 0 
323155000: system.memobj: hamming code addr: 609216 
323155000: system.memobj: hamming code out: 0 
323155000: system.memobj: fix data : 0101110110011011010000000000000000000000000000000000000000000000 
323155000: system.memobj: -------------------------------------
323232000: system.memobj: mem->cpu Got response for addr 0x9b58 , 39768
323232000: system.memobj: size 0x8
323232000: system.memobj: id 94061725812720
323232000: system.memobj: data_hex : E813C7000048837C 
323232000: system.memobj: data : 1110100000010011110001110000000000000000010010001000001101111100 
323232000: system.memobj: fix data : 1110100000010011110001110000000000000000010010001000001101111100 
323232000: system.memobj: -------------------------------------
323281000: system.memobj: mem->cpu Got response for addr 0x9b60 , 39776
323281000: system.memobj: size 0x8
323281000: system.memobj: id 94061725812144
323281000: system.memobj: data_hex : 240800740E488B7C 
323281000: system.memobj: data : 0010010000001000000000000111010000001110010010001000101101111100 
323281000: system.memobj: fix data : 0010010000001000000000000111010000001110010010001000101101111100 
323281000: system.memobj: -------------------------------------
323330000: system.memobj: mem->cpu Got response for addr 0x94b98 , 609176
323330000: system.memobj: size 0x8
323330000: system.memobj: id 94061725813008
323330000: system.memobj: data_hex : 70A0400000000000 
323330000: system.memobj: data : 0111000010100000010000000000000000000000000000000000000000000000 
323330000: system.memobj: hamming code addr: 609176 
323330000: system.memobj: hamming code out: 3 
323330000: system.memobj: find Error Bit index : 4 
323330000: system.memobj: hamming code addr: 609184 
323330000: system.memobj: hamming code out: 5 
323330000: system.memobj: hamming code addr: 609192 
323330000: system.memobj: hamming code out: 5 
323330000: system.memobj: hamming code addr: 609200 
323330000: system.memobj: hamming code out: 0 
323330000: system.memobj: hamming code addr: 609208 
323330000: system.memobj: hamming code out: 0 
323330000: system.memobj: hamming code addr: 609216 
323330000: system.memobj: hamming code out: 0 
323330000: system.memobj: hamming code addr: 609224 
323330000: system.memobj: hamming code out: 0 
323330000: system.memobj: hamming code addr: 609232 
323330000: system.memobj: hamming code out: 0 
323330000: system.memobj: fix data : 0110000010100000010000000000000000000000000000000000000000000000 
323330000: system.memobj: -------------------------------------
323379000: system.memobj: mem->cpu Got response for addr 0x9b60 , 39776
323379000: system.memobj: size 0x8
323379000: system.memobj: id 94061725813008
323379000: system.memobj: data_hex : 240800740E488B7C 
323379000: system.memobj: data : 0010010000001000000000000111010000001110010010001000101101111100 
323379000: system.memobj: fix data : 0010010000001000000000000111010000001110010010001000101101111100 
323379000: system.memobj: -------------------------------------
323428000: system.memobj: mem->cpu Got response for addr 0x9b60 , 39776
323428000: system.memobj: size 0x8
323428000: system.memobj: id 94061725812144
323428000: system.memobj: data_hex : 240800740E488B7C 
323428000: system.memobj: data : 0010010000001000000000000111010000001110010010001000101101111100 
323428000: system.memobj: fix data : 0010010000001000000000000111010000001110010010001000101101111100 
323428000: system.memobj: -------------------------------------
323477000: system.memobj: mem->cpu Got response for addr 0x9b68 , 39784
323477000: system.memobj: size 0x8
323477000: system.memobj: id 94061725813008
323477000: system.memobj: data_hex : 240831D231F6E80D 
323477000: system.memobj: data : 0010010000001000001100011101001000110001111101101110100000001101 
323477000: system.memobj: fix data : 0010010000001000001100011101001000110001111101101110100000001101 
323477000: system.memobj: -------------------------------------
323526000: system.memobj: mem->cpu Got response for addr 0x94b98 , 609176
323526000: system.memobj: size 0x8
323526000: system.memobj: id 94061725813296
323526000: system.memobj: data_hex : 70A0400000000000 
323526000: system.memobj: data : 0111000010100000010000000000000000000000000000000000000000000000 
323526000: system.memobj: hamming code addr: 609176 
323526000: system.memobj: hamming code out: 3 
323526000: system.memobj: find Error Bit index : 4 
323526000: system.memobj: hamming code addr: 609184 
323526000: system.memobj: hamming code out: 5 
323526000: system.memobj: hamming code addr: 609192 
323526000: system.memobj: hamming code out: 5 
323526000: system.memobj: hamming code addr: 609200 
323526000: system.memobj: hamming code out: 0 
323526000: system.memobj: hamming code addr: 609208 
323526000: system.memobj: hamming code out: 0 
323526000: system.memobj: hamming code addr: 609216 
323526000: system.memobj: hamming code out: 0 
323526000: system.memobj: hamming code addr: 609224 
323526000: system.memobj: hamming code out: 0 
323526000: system.memobj: hamming code addr: 609232 
323526000: system.memobj: hamming code out: 0 
323526000: system.memobj: fix data : 0110000010100000010000000000000000000000000000000000000000000000 
323526000: system.memobj: -------------------------------------
323575000: system.memobj: mem->cpu Got response for addr 0x9b68 , 39784
323575000: system.memobj: size 0x8
323575000: system.memobj: id 94061725813296
323575000: system.memobj: data_hex : 240831D231F6E80D 
323575000: system.memobj: data : 0010010000001000001100011101001000110001111101101110100000001101 
323575000: system.memobj: fix data : 0010010000001000001100011101001000110001111101101110100000001101 
323575000: system.memobj: -------------------------------------
323624000: system.memobj: mem->cpu Got response for addr 0x9b68 , 39784
323624000: system.memobj: size 0x8
323624000: system.memobj: id 94061725813008
323624000: system.memobj: data_hex : 240831D231F6E80D 
323624000: system.memobj: data : 0010010000001000001100011101001000110001111101101110100000001101 
323624000: system.memobj: fix data : 0010010000001000001100011101001000110001111101101110100000001101 
323624000: system.memobj: -------------------------------------
323673000: system.memobj: mem->cpu Got response for addr 0x9b68 , 39784
323673000: system.memobj: size 0x8
323673000: system.memobj: id 94061725813296
323673000: system.memobj: data_hex : 240831D231F6E80D 
323673000: system.memobj: data : 0010010000001000001100011101001000110001111101101110100000001101 
323673000: system.memobj: fix data : 0010010000001000001100011101001000110001111101101110100000001101 
323673000: system.memobj: -------------------------------------
323722000: system.memobj: mem->cpu Got response for addr 0x9b70 , 39792
323722000: system.memobj: size 0x8
323722000: system.memobj: id 94061725813008
323722000: system.memobj: data_hex : 0F00008B05875E17 
323722000: system.memobj: data : 0000111100000000000000001000101100000101100001110101111000010111 
323722000: system.memobj: fix data : 0000111100000000000000001000101100000101100001110101111000010111 
323722000: system.memobj: -------------------------------------
323722000: system.memobj: cpu->mem Got request for addr 0x94b88 , 609160
323722000: system.memobj: size 0x8
323722000: system.memobj: id 94061725813584
323722000: system.memobj: data_hex : 739B400000000000 
323722000: system.memobj: data : 0111001110011011010000000000000000000000000000000000000000000000 
323722000: system.memobj: hamming code addr: 609160 
323722000: system.memobj: hamming code : 3 
323722000: system.memobj: hamming code addr: 609168 
323722000: system.memobj: hamming code : 10 
323722000: system.memobj: hamming code addr: 609176 
323722000: system.memobj: hamming code : 5 
323722000: system.memobj: hamming code addr: 609184 
323722000: system.memobj: hamming code : 0 
323722000: system.memobj: hamming code addr: 609192 
323722000: system.memobj: hamming code : 0 
323722000: system.memobj: hamming code addr: 609200 
323722000: system.memobj: hamming code : 0 
323722000: system.memobj: hamming code addr: 609208 
323722000: system.memobj: hamming code : 0 
323722000: system.memobj: hamming code addr: 609216 
323722000: system.memobj: hamming code : 0 
323722000: system.memobj: Enter Error Bit index: 2 
323722000: system.memobj: flip data : 0011001110011011010000000000000000000000000000000000000000000000 
323722000: system.memobj: -------------------------------------
323820000: system.memobj: mem->cpu Got response for addr 0xaa80 , 43648
323820000: system.memobj: size 0x8
323820000: system.memobj: id 94061725813584
323820000: system.memobj: data_hex : 48895C24E848896C 
323820000: system.memobj: data : 0100100010001001010111000010010011101000010010001000100101101100 
323820000: system.memobj: fix data : 0100100010001001010111000010010011101000010010001000100101101100 
323820000: system.memobj: -------------------------------------
323820000: system.memobj: cpu->mem Got request for addr 0x94b70 , 609136
323820000: system.memobj: size 0x8
323820000: system.memobj: id 94061725813008
323820000: system.memobj: data_hex : B0EBFFFFFF7F0000 
323820000: system.memobj: data : 1011000011101011111111111111111111111111011111110000000000000000 
323820000: system.memobj: hamming code addr: 609136 
323820000: system.memobj: hamming code : 2 
323820000: system.memobj: hamming code addr: 609144 
323820000: system.memobj: hamming code : 14 
323820000: system.memobj: hamming code addr: 609152 
323820000: system.memobj: hamming code : 3 
323820000: system.memobj: hamming code addr: 609160 
323820000: system.memobj: hamming code : 3 
323820000: system.memobj: hamming code addr: 609168 
323820000: system.memobj: hamming code : 3 
323820000: system.memobj: hamming code addr: 609176 
323820000: system.memobj: hamming code : 0 
323820000: system.memobj: hamming code addr: 609184 
323820000: system.memobj: hamming code : 0 
323820000: system.memobj: hamming code addr: 609192 
323820000: system.memobj: hamming code : 0 
323820000: system.memobj: Enter Error Bit index: 5 
323820000: system.memobj: flip data : 1011100011101011111111111111111111111111011111110000000000000000 
323820000: system.memobj: -------------------------------------
323890000: system.memobj: mem->cpu Got response for addr 0xaa80 , 43648
323890000: system.memobj: size 0x8
323890000: system.memobj: id 94061725813008
323890000: system.memobj: data_hex : 48895C24E848896C 
323890000: system.memobj: data : 0100100010001001010111000010010011101000010010001000100101101100 
323890000: system.memobj: fix data : 0100100010001001010111000010010011101000010010001000100101101100 
323890000: system.memobj: -------------------------------------
323939000: system.memobj: mem->cpu Got response for addr 0xaa88 , 43656
323939000: system.memobj: size 0x8
323939000: system.memobj: id 94061725813584
323939000: system.memobj: data_hex : 24F04889FB4C8964 
323939000: system.memobj: data : 0010010011110000010010001000100111111011010011001000100101100100 
323939000: system.memobj: fix data : 0010010011110000010010001000100111111011010011001000100101100100 
323939000: system.memobj: -------------------------------------
323939000: system.memobj: cpu->mem Got request for addr 0x94b78 , 609144
323939000: system.memobj: size 0x8
323939000: system.memobj: id 94061725813008
323939000: system.memobj: data_hex : 0000000000000000 
323939000: system.memobj: data : 0000000000000000000000000000000000000000000000000000000000000000 
323939000: system.memobj: hamming code addr: 609144 
323939000: system.memobj: hamming code : 0 
323939000: system.memobj: hamming code addr: 609152 
323939000: system.memobj: hamming code : 0 
323939000: system.memobj: hamming code addr: 609160 
323939000: system.memobj: hamming code : 0 
323939000: system.memobj: hamming code addr: 609168 
323939000: system.memobj: hamming code : 0 
323939000: system.memobj: hamming code addr: 609176 
323939000: system.memobj: hamming code : 0 
323939000: system.memobj: hamming code addr: 609184 
323939000: system.memobj: hamming code : 0 
323939000: system.memobj: hamming code addr: 609192 
323939000: system.memobj: hamming code : 0 
323939000: system.memobj: hamming code addr: 609200 
323939000: system.memobj: hamming code : 0 
323939000: system.memobj: Enter Error Bit index: 5 
323939000: system.memobj: flip data : 0000100000000000000000000000000000000000000000000000000000000000 
323939000: system.memobj: -------------------------------------
324009000: system.memobj: mem->cpu Got response for addr 0xaa88 , 43656
324009000: system.memobj: size 0x8
324009000: system.memobj: id 94061725813008
324009000: system.memobj: data_hex : 24F04889FB4C8964 
324009000: system.memobj: data : 0010010011110000010010001000100111111011010011001000100101100100 
324009000: system.memobj: fix data : 0010010011110000010010001000100111111011010011001000100101100100 
324009000: system.memobj: -------------------------------------
324058000: system.memobj: mem->cpu Got response for addr 0xaa88 , 43656
324058000: system.memobj: size 0x8
324058000: system.memobj: id 94061725813584
324058000: system.memobj: data_hex : 24F04889FB4C8964 
324058000: system.memobj: data : 0010010011110000010010001000100111111011010011001000100101100100 
324058000: system.memobj: fix data : 0010010011110000010010001000100111111011010011001000100101100100 
324058000: system.memobj: -------------------------------------
324107000: system.memobj: mem->cpu Got response for addr 0xaa90 , 43664
324107000: system.memobj: size 0x8
324107000: system.memobj: id 94061725813008
324107000: system.memobj: data_hex : 24F84883EC184989 
324107000: system.memobj: data : 0010010011111000010010001000001111101100000110000100100110001001 
324107000: system.memobj: fix data : 0010010011111000010010001000001111101100000110000100100110001001 
324107000: system.memobj: -------------------------------------
324107000: system.memobj: cpu->mem Got request for addr 0x94b80 , 609152
324107000: system.memobj: size 0x8
324107000: system.memobj: id 94061725813584
324107000: system.memobj: data_hex : 32ECFFFFFF7F0000 
324107000: system.memobj: data : 0011001011101100111111111111111111111111011111110000000000000000 
324107000: system.memobj: hamming code addr: 609152 
324107000: system.memobj: hamming code : 10 
324107000: system.memobj: hamming code addr: 609160 
324107000: system.memobj: hamming code : 3 
324107000: system.memobj: hamming code addr: 609168 
324107000: system.memobj: hamming code : 3 
324107000: system.memobj: hamming code addr: 609176 
324107000: system.memobj: hamming code : 3 
324107000: system.memobj: hamming code addr: 609184 
324107000: system.memobj: hamming code : 3 
324107000: system.memobj: hamming code addr: 609192 
324107000: system.memobj: hamming code : 0 
324107000: system.memobj: hamming code addr: 609200 
324107000: system.memobj: hamming code : 0 
324107000: system.memobj: hamming code addr: 609208 
324107000: system.memobj: hamming code : 0 
324107000: system.memobj: Enter Error Bit index: 3 
324107000: system.memobj: flip data : 0001001011101100111111111111111111111111011111110000000000000000 
324107000: system.memobj: -------------------------------------
324177000: system.memobj: mem->cpu Got response for addr 0xaa90 , 43664
324177000: system.memobj: size 0x8
324177000: system.memobj: id 94061725813584
324177000: system.memobj: data_hex : 24F84883EC184989 
324177000: system.memobj: data : 0010010011111000010010001000001111101100000110000100100110001001 
324177000: system.memobj: fix data : 0010010011111000010010001000001111101100000110000100100110001001 
324177000: system.memobj: -------------------------------------
324226000: system.memobj: mem->cpu Got response for addr 0xaa90 , 43664
324226000: system.memobj: size 0x8
324226000: system.memobj: id 94061725813008
324226000: system.memobj: data_hex : 24F84883EC184989 
324226000: system.memobj: data : 0010010011111000010010001000001111101100000110000100100110001001 
324226000: system.memobj: fix data : 0010010011111000010010001000001111101100000110000100100110001001 
324226000: system.memobj: -------------------------------------
324275000: system.memobj: mem->cpu Got response for addr 0xaa98 , 43672
324275000: system.memobj: size 0x8
324275000: system.memobj: id 94061725813584
324275000: system.memobj: data_hex : D44889F5E8AFFEFF 
324275000: system.memobj: data : 1101010001001000100010011111010111101000101011111111111011111111 
324275000: system.memobj: fix data : 1101010001001000100010011111010111101000101011111111111011111111 
324275000: system.memobj: -------------------------------------
324324000: system.memobj: mem->cpu Got response for addr 0xaa98 , 43672
324324000: system.memobj: size 0x8
324324000: system.memobj: id 94061725813008
324324000: system.memobj: data_hex : D44889F5E8AFFEFF 
324324000: system.memobj: data : 1101010001001000100010011111010111101000101011111111111011111111 
324324000: system.memobj: fix data : 1101010001001000100010011111010111101000101011111111111011111111 
324324000: system.memobj: -------------------------------------
324373000: system.memobj: mem->cpu Got response for addr 0xaa98 , 43672
324373000: system.memobj: size 0x8
324373000: system.memobj: id 94061725813584
324373000: system.memobj: data_hex : D44889F5E8AFFEFF 
324373000: system.memobj: data : 1101010001001000100010011111010111101000101011111111111011111111 
324373000: system.memobj: fix data : 1101010001001000100010011111010111101000101011111111111011111111 
324373000: system.memobj: -------------------------------------
324422000: system.memobj: mem->cpu Got response for addr 0xaaa0 , 43680
324422000: system.memobj: size 0x8
324422000: system.memobj: id 94061725813008
324422000: system.memobj: data_hex : FF4885C0BAFFFFFF 
324422000: system.memobj: data : 1111111101001000100001011100000010111010111111111111111111111111 
324422000: system.memobj: fix data : 1111111101001000100001011100000010111010111111111111111111111111 
324422000: system.memobj: -------------------------------------
324422000: system.memobj: cpu->mem Got request for addr 0x94b68 , 609128
324422000: system.memobj: size 0x8
324422000: system.memobj: id 94061725813872
324422000: system.memobj: data_hex : A1AA400000000000 
324422000: system.memobj: data : 1010000110101010010000000000000000000000000000000000000000000000 
324422000: system.memobj: hamming code addr: 609128 
324422000: system.memobj: hamming code : 9 
324422000: system.memobj: hamming code addr: 609136 
324422000: system.memobj: hamming code : 7 
324422000: system.memobj: hamming code addr: 609144 
324422000: system.memobj: hamming code : 5 
324422000: system.memobj: hamming code addr: 609152 
324422000: system.memobj: hamming code : 0 
324422000: system.memobj: hamming code addr: 609160 
324422000: system.memobj: hamming code : 0 
324422000: system.memobj: hamming code addr: 609168 
324422000: system.memobj: hamming code : 0 
324422000: system.memobj: hamming code addr: 609176 
324422000: system.memobj: hamming code : 0 
324422000: system.memobj: hamming code addr: 609184 
324422000: system.memobj: hamming code : 0 
324422000: system.memobj: Enter Error Bit index: 8 
324422000: system.memobj: flip data : 1010000010101010010000000000000000000000000000000000000000000000 
324422000: system.memobj: -------------------------------------
324492000: system.memobj: mem->cpu Got response for addr 0xa950 , 43344
324492000: system.memobj: size 0x8
324492000: system.memobj: id 94061725813872
324492000: system.memobj: data_hex : 4154B80000000045 
324492000: system.memobj: data : 0100000101010100101110000000000000000000000000000000000001000101 
324492000: system.memobj: fix data : 0100000101010100101110000000000000000000000000000000000001000101 
324492000: system.memobj: -------------------------------------
324492000: system.memobj: cpu->mem Got request for addr 0x94b60 , 609120
324492000: system.memobj: size 0x8
324492000: system.memobj: id 94061725813008
324492000: system.memobj: data_hex : 0000000000000000 
324492000: system.memobj: data : 0000000000000000000000000000000000000000000000000000000000000000 
324492000: system.memobj: hamming code addr: 609120 
324492000: system.memobj: hamming code : 0 
324492000: system.memobj: hamming code addr: 609128 
324492000: system.memobj: hamming code : 0 
324492000: system.memobj: hamming code addr: 609136 
324492000: system.memobj: hamming code : 0 
324492000: system.memobj: hamming code addr: 609144 
324492000: system.memobj: hamming code : 0 
324492000: system.memobj: hamming code addr: 609152 
324492000: system.memobj: hamming code : 0 
324492000: system.memobj: hamming code addr: 609160 
324492000: system.memobj: hamming code : 0 
324492000: system.memobj: hamming code addr: 609168 
324492000: system.memobj: hamming code : 0 
324492000: system.memobj: hamming code addr: 609176 
324492000: system.memobj: hamming code : 0 
324492000: system.memobj: Enter Error Bit index: 4 
324492000: system.memobj: flip data : 0001000000000000000000000000000000000000000000000000000000000000 
324492000: system.memobj: -------------------------------------
324562000: system.memobj: mem->cpu Got response for addr 0xa950 , 43344
324562000: system.memobj: size 0x8
324562000: system.memobj: id 94061725813008
324562000: system.memobj: data_hex : 4154B80000000045 
324562000: system.memobj: data : 0100000101010100101110000000000000000000000000000000000001000101 
324562000: system.memobj: fix data : 0100000101010100101110000000000000000000000000000000000001000101 
324562000: system.memobj: -------------------------------------
324611000: system.memobj: mem->cpu Got response for addr 0xa950 , 43344
324611000: system.memobj: size 0x8
324611000: system.memobj: id 94061725813872
324611000: system.memobj: data_hex : 4154B80000000045 
324611000: system.memobj: data : 0100000101010100101110000000000000000000000000000000000001000101 
324611000: system.memobj: fix data : 0100000101010100101110000000000000000000000000000000000001000101 
324611000: system.memobj: -------------------------------------
324660000: system.memobj: mem->cpu Got response for addr 0xa958 , 43352
324660000: system.memobj: size 0x8
324660000: system.memobj: id 94061725813008
324660000: system.memobj: data_hex : 31E45531ED5331DB 
324660000: system.memobj: data : 0011000111100100010101010011000111101101010100110011000111011011 
324660000: system.memobj: fix data : 0011000111100100010101010011000111101101010100110011000111011011 
324660000: system.memobj: -------------------------------------
324723000: system.memobj: mem->cpu Got response for addr 0xa958 , 43352
324723000: system.memobj: size 0x8
324723000: system.memobj: id 94061725813872
324723000: system.memobj: data_hex : 31E45531ED5331DB 
324723000: system.memobj: data : 0011000111100100010101010011000111101101010100110011000111011011 
324723000: system.memobj: fix data : 0011000111100100010101010011000111101101010100110011000111011011 
324723000: system.memobj: -------------------------------------
324723000: system.memobj: cpu->mem Got request for addr 0x94b58 , 609112
324723000: system.memobj: size 0x8
324723000: system.memobj: id 94061725813008
324723000: system.memobj: data_hex : 0000000000000000 
324723000: system.memobj: data : 0000000000000000000000000000000000000000000000000000000000000000 
324723000: system.memobj: hamming code addr: 609112 
324723000: system.memobj: hamming code : 0 
324723000: system.memobj: hamming code addr: 609120 
324723000: system.memobj: hamming code : 0 
324723000: system.memobj: hamming code addr: 609128 
324723000: system.memobj: hamming code : 0 
324723000: system.memobj: hamming code addr: 609136 
324723000: system.memobj: hamming code : 0 
324723000: system.memobj: hamming code addr: 609144 
324723000: system.memobj: hamming code : 0 
324723000: system.memobj: hamming code addr: 609152 
324723000: system.memobj: hamming code : 0 
324723000: system.memobj: hamming code addr: 609160 
324723000: system.memobj: hamming code : 0 
324723000: system.memobj: hamming code addr: 609168 
324723000: system.memobj: hamming code : 0 
324723000: system.memobj: Enter Error Bit index: 5 
324723000: system.memobj: flip data : 0000100000000000000000000000000000000000000000000000000000000000 
324723000: system.memobj: -------------------------------------
324793000: system.memobj: mem->cpu Got response for addr 0xa958 , 43352
324793000: system.memobj: size 0x8
324793000: system.memobj: id 94061725813008
324793000: system.memobj: data_hex : 31E45531ED5331DB 
324793000: system.memobj: data : 0011000111100100010101010011000111101101010100110011000111011011 
324793000: system.memobj: fix data : 0011000111100100010101010011000111101101010100110011000111011011 
324793000: system.memobj: -------------------------------------
324842000: system.memobj: mem->cpu Got response for addr 0xa958 , 43352
324842000: system.memobj: size 0x8
324842000: system.memobj: id 94061725813872
324842000: system.memobj: data_hex : 31E45531ED5331DB 
324842000: system.memobj: data : 0011000111100100010101010011000111101101010100110011000111011011 
324842000: system.memobj: fix data : 0011000111100100010101010011000111101101010100110011000111011011 
324842000: system.memobj: -------------------------------------
324842000: system.memobj: cpu->mem Got request for addr 0x94b50 , 609104
324842000: system.memobj: size 0x8
324842000: system.memobj: id 94061725813008
324842000: system.memobj: data_hex : 60A0400000000000 
324842000: system.memobj: data : 0110000010100000010000000000000000000000000000000000000000000000 
324842000: system.memobj: hamming code addr: 609104 
324842000: system.memobj: hamming code : 3 
324842000: system.memobj: hamming code addr: 609112 
324842000: system.memobj: hamming code : 5 
324842000: system.memobj: hamming code addr: 609120 
324842000: system.memobj: hamming code : 5 
324842000: system.memobj: hamming code addr: 609128 
324842000: system.memobj: hamming code : 0 
324842000: system.memobj: hamming code addr: 609136 
324842000: system.memobj: hamming code : 0 
324842000: system.memobj: hamming code addr: 609144 
324842000: system.memobj: hamming code : 0 
324842000: system.memobj: hamming code addr: 609152 
324842000: system.memobj: hamming code : 0 
324842000: system.memobj: hamming code addr: 609160 
324842000: system.memobj: hamming code : 0 
324842000: system.memobj: Enter Error Bit index: 5 
324842000: system.memobj: flip data : 0110100010100000010000000000000000000000000000000000000000000000 
324842000: system.memobj: -------------------------------------
324912000: system.memobj: mem->cpu Got response for addr 0xa958 , 43352
324912000: system.memobj: size 0x8
324912000: system.memobj: id 94061725813008
324912000: system.memobj: data_hex : 31E45531ED5331DB 
324912000: system.memobj: data : 0011000111100100010101010011000111101101010100110011000111011011 
324912000: system.memobj: fix data : 0011000111100100010101010011000111101101010100110011000111011011 
324912000: system.memobj: -------------------------------------
324961000: system.memobj: mem->cpu Got response for addr 0xa960 , 43360
324961000: system.memobj: size 0x8
324961000: system.memobj: id 94061725813872
324961000: system.memobj: data_hex : 4885C0740ABF0020 
324961000: system.memobj: data : 0100100010000101110000000111010000001010101111110000000000100000 
324961000: system.memobj: fix data : 0100100010000101110000000111010000001010101111110000000000100000 
324961000: system.memobj: -------------------------------------
325010000: system.memobj: mem->cpu Got response for addr 0xa960 , 43360
325010000: system.memobj: size 0x8
325010000: system.memobj: id 94061725813008
325010000: system.memobj: data_hex : 4885C0740ABF0020 
325010000: system.memobj: data : 0100100010000101110000000111010000001010101111110000000000100000 
325010000: system.memobj: fix data : 0100100010000101110000000111010000001010101111110000000000100000 
325010000: system.memobj: -------------------------------------
325059000: system.memobj: mem->cpu Got response for addr 0xa968 , 43368
325059000: system.memobj: size 0x8
325059000: system.memobj: id 94061725813872
325059000: system.memobj: data_hex : 5900E89156BFFF48 
325059000: system.memobj: data : 0101100100000000111010001001000101010110101111111111111101001000 
325059000: system.memobj: fix data : 0101100100000000111010001001000101010110101111111111111101001000 
325059000: system.memobj: -------------------------------------
325108000: system.memobj: mem->cpu Got response for addr 0xa970 , 43376
325108000: system.memobj: size 0x8
325108000: system.memobj: id 94061725813008
325108000: system.memobj: data_hex : 8B0D725517004885 
325108000: system.memobj: data : 1000101100001101011100100101010100010111000000000100100010000101 
325108000: system.memobj: fix data : 1000101100001101011100100101010100010111000000000100100010000101 
325108000: system.memobj: -------------------------------------
325171000: system.memobj: mem->cpu Got response for addr 0x7fee8 , 524008
325171000: system.memobj: size 0x8
325171000: system.memobj: id 94061725814160
325171000: system.memobj: data_hex : 4020590000000000 
325171000: system.memobj: data : 0100000000100000010110010000000000000000000000000000000000000000 
325171000: system.memobj: fix data : 0100000000100000010110010000000000000000000000000000000000000000 
325171000: system.memobj: -------------------------------------
325220000: system.memobj: mem->cpu Got response for addr 0xa970 , 43376
325220000: system.memobj: size 0x8
325220000: system.memobj: id 94061725814160
325220000: system.memobj: data_hex : 8B0D725517004885 
325220000: system.memobj: data : 1000101100001101011100100101010100010111000000000100100010000101 
325220000: system.memobj: fix data : 1000101100001101011100100101010100010111000000000100100010000101 
325220000: system.memobj: -------------------------------------
325269000: system.memobj: mem->cpu Got response for addr 0xa978 , 43384
325269000: system.memobj: size 0x8
325269000: system.memobj: id 94061725813008
325269000: system.memobj: data_hex : C9743C6666906690 
325269000: system.memobj: data : 1100100101110100001111000110011001100110100100000110011010010000 
325269000: system.memobj: fix data : 1100100101110100001111000110011001100110100100000110011010010000 
325269000: system.memobj: -------------------------------------
325318000: system.memobj: mem->cpu Got response for addr 0xa978 , 43384
325318000: system.memobj: size 0x8
325318000: system.memobj: id 94061725814160
325318000: system.memobj: data_hex : C9743C6666906690 
325318000: system.memobj: data : 1100100101110100001111000110011001100110100100000110011010010000 
325318000: system.memobj: fix data : 1100100101110100001111000110011001100110100100000110011010010000 
325318000: system.memobj: -------------------------------------
325367000: system.memobj: mem->cpu Got response for addr 0xa978 , 43384
325367000: system.memobj: size 0x8
325367000: system.memobj: id 94061725813008
325367000: system.memobj: data_hex : C9743C6666906690 
325367000: system.memobj: data : 1100100101110100001111000110011001100110100100000110011010010000 
325367000: system.memobj: fix data : 1100100101110100001111000110011001100110100100000110011010010000 
325367000: system.memobj: -------------------------------------
325416000: system.memobj: mem->cpu Got response for addr 0xa978 , 43384
325416000: system.memobj: size 0x8
325416000: system.memobj: id 94061725814160
325416000: system.memobj: data_hex : C9743C6666906690 
325416000: system.memobj: data : 1100100101110100001111000110011001100110100100000110011010010000 
325416000: system.memobj: fix data : 1100100101110100001111000110011001100110100100000110011010010000 
325416000: system.memobj: -------------------------------------
325465000: system.memobj: mem->cpu Got response for addr 0xa980 , 43392
325465000: system.memobj: size 0x8
325465000: system.memobj: id 94061725813008
325465000: system.memobj: data_hex : 488B59084885DB74 
325465000: system.memobj: data : 0100100010001011010110010000100001001000100001011101101101110100 
325465000: system.memobj: fix data : 0100100010001011010110010000100001001000100001011101101101110100 
325465000: system.memobj: -------------------------------------
325528000: system.memobj: mem->cpu Got response for addr 0x92048 , 598088
325528000: system.memobj: size 0x8
325528000: system.memobj: id 94061725814448
325528000: system.memobj: data_hex : 0000000000000000 
325528000: system.memobj: data : 0000000000000000000000000000000000000000000000000000000000000000 
325528000: system.memobj: fix data : 0000000000000000000000000000000000000000000000000000000000000000 
325528000: system.memobj: -------------------------------------
325577000: system.memobj: mem->cpu Got response for addr 0xa980 , 43392
325577000: system.memobj: size 0x8
325577000: system.memobj: id 94061725814448
325577000: system.memobj: data_hex : 488B59084885DB74 
325577000: system.memobj: data : 0100100010001011010110010000100001001000100001011101101101110100 
325577000: system.memobj: fix data : 0100100010001011010110010000100001001000100001011101101101110100 
325577000: system.memobj: -------------------------------------
325626000: system.memobj: mem->cpu Got response for addr 0xa980 , 43392
325626000: system.memobj: size 0x8
325626000: system.memobj: id 94061725813008
325626000: system.memobj: data_hex : 488B59084885DB74 
325626000: system.memobj: data : 0100100010001011010110010000100001001000100001011101101101110100 
325626000: system.memobj: fix data : 0100100010001011010110010000100001001000100001011101101101110100 
325626000: system.memobj: -------------------------------------
325689000: system.memobj: mem->cpu Got response for addr 0xa988 , 43400
325689000: system.memobj: size 0x8
325689000: system.memobj: id 94061725814448
325689000: system.memobj: data_hex : 1B4889D848C1E005 
325689000: system.memobj: data : 0001101101001000100010011101100001001000110000011110000000000101 
325689000: system.memobj: fix data : 0001101101001000100010011101100001001000110000011110000000000101 
325689000: system.memobj: -------------------------------------
325738000: system.memobj: mem->cpu Got response for addr 0xa9a0 , 43424
325738000: system.memobj: size 0x8
325738000: system.memobj: id 94061725813008
325738000: system.memobj: data_hex : FFCB75F148C74108 
325738000: system.memobj: data : 1111111111001011011101011111000101001000110001110100000100001000 
325738000: system.memobj: fix data : 1111111111001011011101011111000101001000110001110100000100001000 
325738000: system.memobj: -------------------------------------
325787000: system.memobj: mem->cpu Got response for addr 0xa9a8 , 43432
325787000: system.memobj: size 0x8
325787000: system.memobj: id 94061725814448
325787000: system.memobj: data_hex : 000000004889CD48 
325787000: system.memobj: data : 0000000000000000000000000000000001001000100010011100110101001000 
325787000: system.memobj: fix data : 0000000000000000000000000000000001001000100010011100110101001000 
325787000: system.memobj: -------------------------------------
325787000: system.memobj: cpu->mem Got request for addr 0x92048 , 598088
325787000: system.memobj: size 0x8
325787000: system.memobj: id 94061725814736
325787000: system.memobj: data_hex : 0000000000000000 
325787000: system.memobj: data : 0000000000000000000000000000000000000000000000000000000000000000 
325787000: system.memobj: hamming code addr: 598088 
325787000: system.memobj: hamming code : 0 
325787000: system.memobj: hamming code addr: 598096 
325787000: system.memobj: hamming code : 0 
325787000: system.memobj: hamming code addr: 598104 
325787000: system.memobj: hamming code : 0 
325787000: system.memobj: hamming code addr: 598112 
325787000: system.memobj: hamming code : 0 
325787000: system.memobj: hamming code addr: 598120 
325787000: system.memobj: hamming code : 0 
325787000: system.memobj: hamming code addr: 598128 
325787000: system.memobj: hamming code : 0 
325787000: system.memobj: hamming code addr: 598136 
325787000: system.memobj: hamming code : 0 
325787000: system.memobj: hamming code addr: 598144 
325787000: system.memobj: hamming code : 0 
325787000: system.memobj: Enter Error Bit index: 3 
325787000: system.memobj: flip data : 0010000000000000000000000000000000000000000000000000000000000000 
325787000: system.memobj: -------------------------------------
325857000: system.memobj: mem->cpu Got response for addr 0xa9a8 , 43432
325857000: system.memobj: size 0x8
325857000: system.memobj: id 94061725814736
325857000: system.memobj: data_hex : 000000004889CD48 
325857000: system.memobj: data : 0000000000000000000000000000000001001000100010011100110101001000 
325857000: system.memobj: fix data : 0000000000000000000000000000000001001000100010011100110101001000 
325857000: system.memobj: -------------------------------------
325906000: system.memobj: mem->cpu Got response for addr 0xa9a8 , 43432
325906000: system.memobj: size 0x8
325906000: system.memobj: id 94061725814448
325906000: system.memobj: data_hex : 000000004889CD48 
325906000: system.memobj: data : 0000000000000000000000000000000001001000100010011100110101001000 
325906000: system.memobj: fix data : 0000000000000000000000000000000001001000100010011100110101001000 
325906000: system.memobj: -------------------------------------
325955000: system.memobj: mem->cpu Got response for addr 0xa9b0 , 43440
325955000: system.memobj: size 0x8
325955000: system.memobj: id 94061725814736
325955000: system.memobj: data_hex : 8B094885C975C948 
325955000: system.memobj: data : 1000101100001001010010001000010111001001011101011100100101001000 
325955000: system.memobj: fix data : 1000101100001001010010001000010111001001011101011100100101001000 
325955000: system.memobj: -------------------------------------
326004000: system.memobj: mem->cpu Got response for addr 0x92040 , 598080
326004000: system.memobj: size 0x8
326004000: system.memobj: id 94061725815024
326004000: system.memobj: data_hex : 0000000000000000 
326004000: system.memobj: data : 0000000000000000000000000000000000000000000000000000000000000000 
326004000: system.memobj: fix data : 0000000000000000000000000000000000000000000000000000000000000000 
326004000: system.memobj: -------------------------------------
326053000: system.memobj: mem->cpu Got response for addr 0xa9b0 , 43440
326053000: system.memobj: size 0x8
326053000: system.memobj: id 94061725815024
326053000: system.memobj: data_hex : 8B094885C975C948 
326053000: system.memobj: data : 1000101100001001010010001000010111001001011101011100100101001000 
326053000: system.memobj: fix data : 1000101100001001010010001000010111001001011101011100100101001000 
326053000: system.memobj: -------------------------------------
326102000: system.memobj: mem->cpu Got response for addr 0xa9b0 , 43440
326102000: system.memobj: size 0x8
326102000: system.memobj: id 94061725814736
326102000: system.memobj: data_hex : 8B094885C975C948 
326102000: system.memobj: data : 1000101100001001010010001000010111001001011101011100100101001000 
326102000: system.memobj: fix data : 1000101100001001010010001000010111001001011101011100100101001000 
326102000: system.memobj: -------------------------------------
326151000: system.memobj: mem->cpu Got response for addr 0xa9b0 , 43440
326151000: system.memobj: size 0x8
326151000: system.memobj: id 94061725815024
326151000: system.memobj: data_hex : 8B094885C975C948 
326151000: system.memobj: data : 1000101100001001010010001000010111001001011101011100100101001000 
326151000: system.memobj: fix data : 1000101100001001010010001000010111001001011101011100100101001000 
326151000: system.memobj: -------------------------------------
326200000: system.memobj: mem->cpu Got response for addr 0xa9b8 , 43448
326200000: system.memobj: size 0x8
326200000: system.memobj: id 94061725814736
326200000: system.memobj: data_hex : 85C90F94C24883FB 
326200000: system.memobj: data : 1000010111001001000011111001010011000010010010001000001111111011 
326200000: system.memobj: fix data : 1000010111001001000011111001010011000010010010001000001111111011 
326200000: system.memobj: -------------------------------------
326249000: system.memobj: mem->cpu Got response for addr 0xa9b8 , 43448
326249000: system.memobj: size 0x8
326249000: system.memobj: id 94061725815024
326249000: system.memobj: data_hex : 85C90F94C24883FB 
326249000: system.memobj: data : 1000010111001001000011111001010011000010010010001000001111111011 
326249000: system.memobj: fix data : 1000010111001001000011111001010011000010010010001000001111111011 
326249000: system.memobj: -------------------------------------
326298000: system.memobj: mem->cpu Got response for addr 0xa9b8 , 43448
326298000: system.memobj: size 0x8
326298000: system.memobj: id 94061725814736
326298000: system.memobj: data_hex : 85C90F94C24883FB 
326298000: system.memobj: data : 1000010111001001000011111001010011000010010010001000001111111011 
326298000: system.memobj: fix data : 1000010111001001000011111001010011000010010010001000001111111011 
326298000: system.memobj: -------------------------------------
326347000: system.memobj: mem->cpu Got response for addr 0xa9c0 , 43456
326347000: system.memobj: size 0x8
326347000: system.memobj: id 94061725815024
326347000: system.memobj: data_hex : 200F94C009D0A801 
326347000: system.memobj: data : 0010000000001111100101001100000000001001110100001010100000000001 
326347000: system.memobj: fix data : 0010000000001111100101001100000000001001110100001010100000000001 
326347000: system.memobj: -------------------------------------
326396000: system.memobj: mem->cpu Got response for addr 0xa9c0 , 43456
326396000: system.memobj: size 0x8
326396000: system.memobj: id 94061725814736
326396000: system.memobj: data_hex : 200F94C009D0A801 
326396000: system.memobj: data : 0010000000001111100101001100000000001001110100001010100000000001 
326396000: system.memobj: fix data : 0010000000001111100101001100000000001001110100001010100000000001 
326396000: system.memobj: -------------------------------------
326445000: system.memobj: mem->cpu Got response for addr 0xa9c0 , 43456
326445000: system.memobj: size 0x8
326445000: system.memobj: id 94061725815024
326445000: system.memobj: data_hex : 200F94C009D0A801 
326445000: system.memobj: data : 0010000000001111100101001100000000001001110100001010100000000001 
326445000: system.memobj: fix data : 0010000000001111100101001100000000001001110100001010100000000001 
326445000: system.memobj: -------------------------------------
326494000: system.memobj: mem->cpu Got response for addr 0xa9c0 , 43456
326494000: system.memobj: size 0x8
326494000: system.memobj: id 94061725814736
326494000: system.memobj: data_hex : 200F94C009D0A801 
326494000: system.memobj: data : 0010000000001111100101001100000000001001110100001010100000000001 
326494000: system.memobj: fix data : 0010000000001111100101001100000000001001110100001010100000000001 
326494000: system.memobj: -------------------------------------
326557000: system.memobj: mem->cpu Got response for addr 0xa9c8 , 43464
326557000: system.memobj: size 0x8
326557000: system.memobj: id 94061725815024
326557000: system.memobj: data_hex : 744F4885ED74604C 
326557000: system.memobj: data : 0111010001001111010010001000010111101101011101000110000001001100 
326557000: system.memobj: fix data : 0111010001001111010010001000010111101101011101000110000001001100 
326557000: system.memobj: -------------------------------------
326606000: system.memobj: mem->cpu Got response for addr 0xa9c8 , 43464
326606000: system.memobj: size 0x8
326606000: system.memobj: id 94061725814736
326606000: system.memobj: data_hex : 744F4885ED74604C 
326606000: system.memobj: data : 0111010001001111010010001000010111101101011101000110000001001100 
326606000: system.memobj: fix data : 0111010001001111010010001000010111101101011101000110000001001100 
326606000: system.memobj: -------------------------------------
326655000: system.memobj: mem->cpu Got response for addr 0xa9c8 , 43464
326655000: system.memobj: size 0x8
326655000: system.memobj: id 94061725815024
326655000: system.memobj: data_hex : 744F4885ED74604C 
326655000: system.memobj: data : 0111010001001111010010001000010111101101011101000110000001001100 
326655000: system.memobj: fix data : 0111010001001111010010001000010111101101011101000110000001001100 
326655000: system.memobj: -------------------------------------
326704000: system.memobj: mem->cpu Got response for addr 0xa9c8 , 43464
326704000: system.memobj: size 0x8
326704000: system.memobj: id 94061725814736
326704000: system.memobj: data_hex : 744F4885ED74604C 
326704000: system.memobj: data : 0111010001001111010010001000010111101101011101000110000001001100 
326704000: system.memobj: fix data : 0111010001001111010010001000010111101101011101000110000001001100 
326704000: system.memobj: -------------------------------------
326753000: system.memobj: mem->cpu Got response for addr 0xa9d0 , 43472
326753000: system.memobj: size 0x8
326753000: system.memobj: id 94061725815024
326753000: system.memobj: data_hex : 8D651048C7450801 
326753000: system.memobj: data : 1000110101100101000100000100100011000111010001010000100000000001 
326753000: system.memobj: fix data : 1000110101100101000100000100100011000111010001010000100000000001 
326753000: system.memobj: -------------------------------------
326802000: system.memobj: mem->cpu Got response for addr 0xa9d0 , 43472
326802000: system.memobj: size 0x8
326802000: system.memobj: id 94061725815312
326802000: system.memobj: data_hex : 8D651048C7450801 
326802000: system.memobj: data : 1000110101100101000100000100100011000111010001010000100000000001 
326802000: system.memobj: fix data : 1000110101100101000100000100100011000111010001010000100000000001 
326802000: system.memobj: -------------------------------------
326851000: system.memobj: mem->cpu Got response for addr 0xa9d8 , 43480
326851000: system.memobj: size 0x8
326851000: system.memobj: id 94061725815024
326851000: system.memobj: data_hex : 0000004D85E47408 
326851000: system.memobj: data : 0000000000000000000000000100110110000101111001000111010000001000 
326851000: system.memobj: fix data : 0000000000000000000000000100110110000101111001000111010000001000 
326851000: system.memobj: -------------------------------------
326851000: system.memobj: cpu->mem Got request for addr 0x92048 , 598088
326851000: system.memobj: size 0x8
326851000: system.memobj: id 94061725815600
326851000: system.memobj: data_hex : 0100000000000000 
326851000: system.memobj: data : 0000000100000000000000000000000000000000000000000000000000000000 
326851000: system.memobj: hamming code addr: 598088 
326851000: system.memobj: hamming code : 12 
326851000: system.memobj: hamming code addr: 598096 
326851000: system.memobj: hamming code : 0 
326851000: system.memobj: hamming code addr: 598104 
326851000: system.memobj: hamming code : 0 
326851000: system.memobj: hamming code addr: 598112 
326851000: system.memobj: hamming code : 0 
326851000: system.memobj: hamming code addr: 598120 
326851000: system.memobj: hamming code : 0 
326851000: system.memobj: hamming code addr: 598128 
326851000: system.memobj: hamming code : 0 
326851000: system.memobj: hamming code addr: 598136 
326851000: system.memobj: hamming code : 0 
326851000: system.memobj: hamming code addr: 598144 
326851000: system.memobj: hamming code : 0 
326851000: system.memobj: Enter Error Bit index: 5 
326851000: system.memobj: flip data : 0000100100000000000000000000000000000000000000000000000000000000 
326851000: system.memobj: -------------------------------------
326921000: system.memobj: mem->cpu Got response for addr 0xa9d8 , 43480
326921000: system.memobj: size 0x8
326921000: system.memobj: id 94061725815600
326921000: system.memobj: data_hex : 0000004D85E47408 
326921000: system.memobj: data : 0000000000000000000000000100110110000101111001000111010000001000 
326921000: system.memobj: fix data : 0000000000000000000000000100110110000101111001000111010000001000 
326921000: system.memobj: -------------------------------------
326970000: system.memobj: mem->cpu Got response for addr 0xa9d8 , 43480
326970000: system.memobj: size 0x8
326970000: system.memobj: id 94061725815024
326970000: system.memobj: data_hex : 0000004D85E47408 
326970000: system.memobj: data : 0000000000000000000000000100110110000101111001000111010000001000 
326970000: system.memobj: fix data : 0000000000000000000000000100110110000101111001000111010000001000 
326970000: system.memobj: -------------------------------------
327019000: system.memobj: mem->cpu Got response for addr 0xa9e0 , 43488
327019000: system.memobj: size 0x8
327019000: system.memobj: id 94061725815600
327019000: system.memobj: data_hex : 49C7042401000000 
327019000: system.memobj: data : 0100100111000111000001000010010000000001000000000000000000000000 
327019000: system.memobj: fix data : 0100100111000111000001000010010000000001000000000000000000000000 
327019000: system.memobj: -------------------------------------
327019000: system.memobj: cpu->mem Got request for addr 0x92050 , 598096
327019000: system.memobj: size 0x8
327019000: system.memobj: id 94061725815888
327019000: system.memobj: data_hex : 0100000000000000 
327019000: system.memobj: data : 0000000100000000000000000000000000000000000000000000000000000000 
327019000: system.memobj: hamming code addr: 598096 
327019000: system.memobj: hamming code : 12 
327019000: system.memobj: hamming code addr: 598104 
327019000: system.memobj: hamming code : 0 
327019000: system.memobj: hamming code addr: 598112 
327019000: system.memobj: hamming code : 0 
327019000: system.memobj: hamming code addr: 598120 
327019000: system.memobj: hamming code : 0 
327019000: system.memobj: hamming code addr: 598128 
327019000: system.memobj: hamming code : 0 
327019000: system.memobj: hamming code addr: 598136 
327019000: system.memobj: hamming code : 0 
327019000: system.memobj: hamming code addr: 598144 
327019000: system.memobj: hamming code : 0 
327019000: system.memobj: hamming code addr: 598152 
327019000: system.memobj: hamming code : 0 
327019000: system.memobj: Enter Error Bit index: 3 
327019000: system.memobj: flip data : 0010000100000000000000000000000000000000000000000000000000000000 
327019000: system.memobj: -------------------------------------
327359000: system.memobj: mem->cpu Got response for addr 0xa9e8 , 43496
327359000: system.memobj: size 0x8
327359000: system.memobj: id 94061725815888
327359000: system.memobj: data_hex : B8000000004885C0 
327359000: system.memobj: data : 1011100000000000000000000000000000000000010010001000010111000000 
327359000: system.memobj: fix data : 1011100000000000000000000000000000000000010010001000010111000000 
327359000: system.memobj: -------------------------------------
327408000: system.memobj: mem->cpu Got response for addr 0xa9e8 , 43496
327408000: system.memobj: size 0x8
327408000: system.memobj: id 94061725815600
327408000: system.memobj: data_hex : B8000000004885C0 
327408000: system.memobj: data : 1011100000000000000000000000000000000000010010001000010111000000 
327408000: system.memobj: fix data : 1011100000000000000000000000000000000000010010001000010111000000 
327408000: system.memobj: -------------------------------------
327457000: system.memobj: mem->cpu Got response for addr 0xa9f0 , 43504
327457000: system.memobj: size 0x8
327457000: system.memobj: id 94061725815888
327457000: system.memobj: data_hex : 740ABF00205900E8 
327457000: system.memobj: data : 0111010000001010101111110000000000100000010110010000000011101000 
327457000: system.memobj: fix data : 0111010000001010101111110000000000100000010110010000000011101000 
327457000: system.memobj: -------------------------------------
327506000: system.memobj: mem->cpu Got response for addr 0xa9f8 , 43512
327506000: system.memobj: size 0x8
327506000: system.memobj: id 94061725815600
327506000: system.memobj: data_hex : 0456BFFF5B5D4C89 
327506000: system.memobj: data : 0000010001010110101111111111111101011011010111010100110010001001 
327506000: system.memobj: fix data : 0000010001010110101111111111111101011011010111010100110010001001 
327506000: system.memobj: -------------------------------------
327569000: system.memobj: mem->cpu Got response for addr 0x94b50 , 609104
327569000: system.memobj: size 0x8
327569000: system.memobj: id 94061725815888
327569000: system.memobj: data_hex : 68A0400000000000 
327569000: system.memobj: data : 0110100010100000010000000000000000000000000000000000000000000000 
327569000: system.memobj: hamming code addr: 609104 
327569000: system.memobj: hamming code out: 3 
327569000: system.memobj: find Error Bit index : 5 
327569000: system.memobj: hamming code addr: 609112 
327569000: system.memobj: hamming code out: 5 
327569000: system.memobj: hamming code addr: 609120 
327569000: system.memobj: hamming code out: 5 
327569000: system.memobj: hamming code addr: 609128 
327569000: system.memobj: hamming code out: 0 
327569000: system.memobj: hamming code addr: 609136 
327569000: system.memobj: hamming code out: 0 
327569000: system.memobj: hamming code addr: 609144 
327569000: system.memobj: hamming code out: 0 
327569000: system.memobj: hamming code addr: 609152 
327569000: system.memobj: hamming code out: 0 
327569000: system.memobj: hamming code addr: 609160 
327569000: system.memobj: hamming code out: 0 
327569000: system.memobj: fix data : 0110000010100000010000000000000000000000000000000000000000000000 
327569000: system.memobj: -------------------------------------
327618000: system.memobj: mem->cpu Got response for addr 0xa9f8 , 43512
327618000: system.memobj: size 0x8
327618000: system.memobj: id 94061725815888
327618000: system.memobj: data_hex : 0456BFFF5B5D4C89 
327618000: system.memobj: data : 0000010001010110101111111111111101011011010111010100110010001001 
327618000: system.memobj: fix data : 0000010001010110101111111111111101011011010111010100110010001001 
327618000: system.memobj: -------------------------------------
327667000: system.memobj: mem->cpu Got response for addr 0x94b58 , 609112
327667000: system.memobj: size 0x8
327667000: system.memobj: id 94061725815600
327667000: system.memobj: data_hex : 0800000000000000 
327667000: system.memobj: data : 0000100000000000000000000000000000000000000000000000000000000000 
327667000: system.memobj: hamming code addr: 609112 
327667000: system.memobj: hamming code out: 0 
327667000: system.memobj: find Error Bit index : 5 
327667000: system.memobj: hamming code addr: 609120 
327667000: system.memobj: hamming code out: 0 
327667000: system.memobj: hamming code addr: 609128 
327667000: system.memobj: hamming code out: 0 
327667000: system.memobj: hamming code addr: 609136 
327667000: system.memobj: hamming code out: 0 
327667000: system.memobj: hamming code addr: 609144 
327667000: system.memobj: hamming code out: 0 
327667000: system.memobj: hamming code addr: 609152 
327667000: system.memobj: hamming code out: 0 
327667000: system.memobj: hamming code addr: 609160 
327667000: system.memobj: hamming code out: 0 
327667000: system.memobj: hamming code addr: 609168 
327667000: system.memobj: hamming code out: 0 
327667000: system.memobj: fix data : 0000000000000000000000000000000000000000000000000000000000000000 
327667000: system.memobj: -------------------------------------
327716000: system.memobj: mem->cpu Got response for addr 0xa9f8 , 43512
327716000: system.memobj: size 0x8
327716000: system.memobj: id 94061725815600
327716000: system.memobj: data_hex : 0456BFFF5B5D4C89 
327716000: system.memobj: data : 0000010001010110101111111111111101011011010111010100110010001001 
327716000: system.memobj: fix data : 0000010001010110101111111111111101011011010111010100110010001001 
327716000: system.memobj: -------------------------------------
327765000: system.memobj: mem->cpu Got response for addr 0xaa00 , 43520
327765000: system.memobj: size 0x8
327765000: system.memobj: id 94061725815888
327765000: system.memobj: data_hex : E0415CC34885DB75 
327765000: system.memobj: data : 1110000001000001010111001100001101001000100001011101101101110101 
327765000: system.memobj: fix data : 1110000001000001010111001100001101001000100001011101101101110101 
327765000: system.memobj: -------------------------------------
327814000: system.memobj: mem->cpu Got response for addr 0xaa00 , 43520
327814000: system.memobj: size 0x8
327814000: system.memobj: id 94061725815600
327814000: system.memobj: data_hex : E0415CC34885DB75 
327814000: system.memobj: data : 1110000001000001010111001100001101001000100001011101101101110101 
327814000: system.memobj: fix data : 1110000001000001010111001100001101001000100001011101101101110101 
327814000: system.memobj: -------------------------------------
327863000: system.memobj: mem->cpu Got response for addr 0x94b60 , 609120
327863000: system.memobj: size 0x8
327863000: system.memobj: id 94061725815888
327863000: system.memobj: data_hex : 1000000000000000 
327863000: system.memobj: data : 0001000000000000000000000000000000000000000000000000000000000000 
327863000: system.memobj: hamming code addr: 609120 
327863000: system.memobj: hamming code out: 0 
327863000: system.memobj: find Error Bit index : 4 
327863000: system.memobj: hamming code addr: 609128 
327863000: system.memobj: hamming code out: 0 
327863000: system.memobj: hamming code addr: 609136 
327863000: system.memobj: hamming code out: 0 
327863000: system.memobj: hamming code addr: 609144 
327863000: system.memobj: hamming code out: 0 
327863000: system.memobj: hamming code addr: 609152 
327863000: system.memobj: hamming code out: 0 
327863000: system.memobj: hamming code addr: 609160 
327863000: system.memobj: hamming code out: 0 
327863000: system.memobj: hamming code addr: 609168 
327863000: system.memobj: hamming code out: 0 
327863000: system.memobj: hamming code addr: 609176 
327863000: system.memobj: hamming code out: 0 
327863000: system.memobj: fix data : 0000000000000000000000000000000000000000000000000000000000000000 
327863000: system.memobj: -------------------------------------
327912000: system.memobj: mem->cpu Got response for addr 0xaa00 , 43520
327912000: system.memobj: size 0x8
327912000: system.memobj: id 94061725815888
327912000: system.memobj: data_hex : E0415CC34885DB75 
327912000: system.memobj: data : 1110000001000001010111001100001101001000100001011101101101110101 
327912000: system.memobj: fix data : 1110000001000001010111001100001101001000100001011101101101110101 
327912000: system.memobj: -------------------------------------
327961000: system.memobj: mem->cpu Got response for addr 0x94b68 , 609128
327961000: system.memobj: size 0x8
327961000: system.memobj: id 94061725815600
327961000: system.memobj: data_hex : A0AA400000000000 
327961000: system.memobj: data : 1010000010101010010000000000000000000000000000000000000000000000 
327961000: system.memobj: hamming code addr: 609128 
327961000: system.memobj: hamming code out: 9 
327961000: system.memobj: find Error Bit index : 8 
327961000: system.memobj: hamming code addr: 609136 
327961000: system.memobj: hamming code out: 7 
327961000: system.memobj: hamming code addr: 609144 
327961000: system.memobj: hamming code out: 5 
327961000: system.memobj: hamming code addr: 609152 
327961000: system.memobj: hamming code out: 0 
327961000: system.memobj: hamming code addr: 609160 
327961000: system.memobj: hamming code out: 0 
327961000: system.memobj: hamming code addr: 609168 
327961000: system.memobj: hamming code out: 0 
327961000: system.memobj: hamming code addr: 609176 
327961000: system.memobj: hamming code out: 0 
327961000: system.memobj: hamming code addr: 609184 
327961000: system.memobj: hamming code out: 0 
327961000: system.memobj: fix data : 1010000110101010010000000000000000000000000000000000000000000000 
327961000: system.memobj: -------------------------------------
328010000: system.memobj: mem->cpu Got response for addr 0xaaa0 , 43680
328010000: system.memobj: size 0x8
328010000: system.memobj: id 94061725815600
328010000: system.memobj: data_hex : FF4885C0BAFFFFFF 
328010000: system.memobj: data : 1111111101001000100001011100000010111010111111111111111111111111 
328010000: system.memobj: fix data : 1111111101001000100001011100000010111010111111111111111111111111 
328010000: system.memobj: -------------------------------------
328059000: system.memobj: mem->cpu Got response for addr 0xaaa0 , 43680
328059000: system.memobj: size 0x8
328059000: system.memobj: id 94061725815888
328059000: system.memobj: data_hex : FF4885C0BAFFFFFF 
328059000: system.memobj: data : 1111111101001000100001011100000010111010111111111111111111111111 
328059000: system.memobj: fix data : 1111111101001000100001011100000010111010111111111111111111111111 
328059000: system.memobj: -------------------------------------
328108000: system.memobj: mem->cpu Got response for addr 0xaaa8 , 43688
328108000: system.memobj: size 0x8
328108000: system.memobj: id 94061725815600
328108000: system.memobj: data_hex : FF741548C7000400 
328108000: system.memobj: data : 1111111101110100000101010100100011000111000000000000010000000000 
328108000: system.memobj: fix data : 1111111101110100000101010100100011000111000000000000010000000000 
328108000: system.memobj: -------------------------------------
328157000: system.memobj: mem->cpu Got response for addr 0xaaa8 , 43688
328157000: system.memobj: size 0x8
328157000: system.memobj: id 94061725815888
328157000: system.memobj: data_hex : FF741548C7000400 
328157000: system.memobj: data : 1111111101110100000101010100100011000111000000000000010000000000 
328157000: system.memobj: fix data : 1111111101110100000101010100100011000111000000000000010000000000 
328157000: system.memobj: -------------------------------------
328206000: system.memobj: mem->cpu Got response for addr 0xaaa8 , 43688
328206000: system.memobj: size 0x8
328206000: system.memobj: id 94061725815600
328206000: system.memobj: data_hex : FF741548C7000400 
328206000: system.memobj: data : 1111111101110100000101010100100011000111000000000000010000000000 
328206000: system.memobj: fix data : 1111111101110100000101010100100011000111000000000000010000000000 
328206000: system.memobj: -------------------------------------
328255000: system.memobj: mem->cpu Got response for addr 0xaab0 , 43696
328255000: system.memobj: size 0x8
328255000: system.memobj: id 94061725815888
328255000: system.memobj: data_hex : 00004889580831D2 
328255000: system.memobj: data : 0000000000000000010010001000100101011000000010000011000111010010 
328255000: system.memobj: fix data : 0000000000000000010010001000100101011000000010000011000111010010 
328255000: system.memobj: -------------------------------------
328255000: system.memobj: cpu->mem Got request for addr 0x92050 , 598096
328255000: system.memobj: size 0x8
328255000: system.memobj: id 94061725816176
328255000: system.memobj: data_hex : 0400000000000000 
328255000: system.memobj: data : 0000010000000000000000000000000000000000000000000000000000000000 
328255000: system.memobj: hamming code addr: 598096 
328255000: system.memobj: hamming code : 10 
328255000: system.memobj: hamming code addr: 598104 
328255000: system.memobj: hamming code : 0 
328255000: system.memobj: hamming code addr: 598112 
328255000: system.memobj: hamming code : 0 
328255000: system.memobj: hamming code addr: 598120 
328255000: system.memobj: hamming code : 0 
328255000: system.memobj: hamming code addr: 598128 
328255000: system.memobj: hamming code : 0 
328255000: system.memobj: hamming code addr: 598136 
328255000: system.memobj: hamming code : 0 
328255000: system.memobj: hamming code addr: 598144 
328255000: system.memobj: hamming code : 0 
328255000: system.memobj: hamming code addr: 598152 
328255000: system.memobj: hamming code : 0 
328255000: system.memobj: Enter Error Bit index: 6 
328255000: system.memobj: flip data : 0000000000000000000000000000000000000000000000000000000000000000 
328255000: system.memobj: -------------------------------------
328325000: system.memobj: mem->cpu Got response for addr 0xaab0 , 43696
328325000: system.memobj: size 0x8
328325000: system.memobj: id 94061725816176
328325000: system.memobj: data_hex : 00004889580831D2 
328325000: system.memobj: data : 0000000000000000010010001000100101011000000010000011000111010010 
328325000: system.memobj: fix data : 0000000000000000010010001000100101011000000010000011000111010010 
328325000: system.memobj: -------------------------------------
328325000: system.memobj: cpu->mem Got request for addr 0x92058 , 598104
328325000: system.memobj: size 0x8
328325000: system.memobj: id 94061725816464
328325000: system.memobj: data_hex : 60A0400000000000 
328325000: system.memobj: data : 0110000010100000010000000000000000000000000000000000000000000000 
328325000: system.memobj: hamming code addr: 598104 
328325000: system.memobj: hamming code : 3 
328325000: system.memobj: hamming code addr: 598112 
328325000: system.memobj: hamming code : 5 
328325000: system.memobj: hamming code addr: 598120 
328325000: system.memobj: hamming code : 5 
328325000: system.memobj: hamming code addr: 598128 
328325000: system.memobj: hamming code : 0 
328325000: system.memobj: hamming code addr: 598136 
328325000: system.memobj: hamming code : 0 
328325000: system.memobj: hamming code addr: 598144 
328325000: system.memobj: hamming code : 0 
328325000: system.memobj: hamming code addr: 598152 
328325000: system.memobj: hamming code : 0 
328325000: system.memobj: hamming code addr: 598160 
328325000: system.memobj: hamming code : 0 
328325000: system.memobj: Enter Error Bit index: 3 
328325000: system.memobj: flip data : 0100000010100000010000000000000000000000000000000000000000000000 
328325000: system.memobj: -------------------------------------
328409000: system.memobj: mem->cpu Got response for addr 0xaab0 , 43696
328409000: system.memobj: size 0x8
328409000: system.memobj: id 94061725816464
328409000: system.memobj: data_hex : 00004889580831D2 
328409000: system.memobj: data : 0000000000000000010010001000100101011000000010000011000111010010 
328409000: system.memobj: fix data : 0000000000000000010010001000100101011000000010000011000111010010 
328409000: system.memobj: -------------------------------------
328458000: system.memobj: mem->cpu Got response for addr 0xaab8 , 43704
328458000: system.memobj: size 0x8
328458000: system.memobj: id 94061725816176
328458000: system.memobj: data_hex : 488968104C896018 
328458000: system.memobj: data : 0100100010001001011010000001000001001100100010010110000000011000 
328458000: system.memobj: fix data : 0100100010001001011010000001000001001100100010010110000000011000 
328458000: system.memobj: -------------------------------------
328458000: system.memobj: cpu->mem Got request for addr 0x92060 , 598112
328458000: system.memobj: size 0x8
328458000: system.memobj: id 94061725816752
328458000: system.memobj: data_hex : 0000000000000000 
328458000: system.memobj: data : 0000000000000000000000000000000000000000000000000000000000000000 
328458000: system.memobj: hamming code addr: 598112 
328458000: system.memobj: hamming code : 0 
328458000: system.memobj: hamming code addr: 598120 
328458000: system.memobj: hamming code : 0 
328458000: system.memobj: hamming code addr: 598128 
328458000: system.memobj: hamming code : 0 
328458000: system.memobj: hamming code addr: 598136 
328458000: system.memobj: hamming code : 0 
328458000: system.memobj: hamming code addr: 598144 
328458000: system.memobj: hamming code : 0 
328458000: system.memobj: hamming code addr: 598152 
328458000: system.memobj: hamming code : 0 
328458000: system.memobj: hamming code addr: 598160 
328458000: system.memobj: hamming code : 0 
328458000: system.memobj: hamming code addr: 598168 
328458000: system.memobj: hamming code : 0 
328458000: system.memobj: Enter Error Bit index: 7 
328458000: system.memobj: flip data : 0000001000000000000000000000000000000000000000000000000000000000 
328458000: system.memobj: -------------------------------------
328528000: system.memobj: mem->cpu Got response for addr 0xaab8 , 43704
328528000: system.memobj: size 0x8
328528000: system.memobj: id 94061725816752
328528000: system.memobj: data_hex : 488968104C896018 
328528000: system.memobj: data : 0100100010001001011010000001000001001100100010010110000000011000 
328528000: system.memobj: fix data : 0100100010001001011010000001000001001100100010010110000000011000 
328528000: system.memobj: -------------------------------------
328528000: system.memobj: cpu->mem Got request for addr 0x92068 , 598120
328528000: system.memobj: size 0x8
328528000: system.memobj: id 94061725817040
328528000: system.memobj: data_hex : 0000000000000000 
328528000: system.memobj: data : 0000000000000000000000000000000000000000000000000000000000000000 
328528000: system.memobj: hamming code addr: 598120 
328528000: system.memobj: hamming code : 0 
328528000: system.memobj: hamming code addr: 598128 
328528000: system.memobj: hamming code : 0 
328528000: system.memobj: hamming code addr: 598136 
328528000: system.memobj: hamming code : 0 
328528000: system.memobj: hamming code addr: 598144 
328528000: system.memobj: hamming code : 0 
328528000: system.memobj: hamming code addr: 598152 
328528000: system.memobj: hamming code : 0 
328528000: system.memobj: hamming code addr: 598160 
328528000: system.memobj: hamming code : 0 
328528000: system.memobj: hamming code addr: 598168 
328528000: system.memobj: hamming code : 0 
328528000: system.memobj: hamming code addr: 598176 
328528000: system.memobj: hamming code : 0 
328528000: system.memobj: Enter Error Bit index: 5 
328528000: system.memobj: flip data : 0000100000000000000000000000000000000000000000000000000000000000 
328528000: system.memobj: -------------------------------------
328598000: system.memobj: mem->cpu Got response for addr 0xaac0 , 43712
328598000: system.memobj: size 0x8
328598000: system.memobj: id 94061725817040
328598000: system.memobj: data_hex : 488B1C24488B6C24 
328598000: system.memobj: data : 0100100010001011000111000010010001001000100010110110110000100100 
328598000: system.memobj: fix data : 0100100010001011000111000010010001001000100010110110110000100100 
328598000: system.memobj: -------------------------------------
328647000: system.memobj: mem->cpu Got response for addr 0x94b70 , 609136
328647000: system.memobj: size 0x8
328647000: system.memobj: id 94061725816752
328647000: system.memobj: data_hex : B8EBFFFFFF7F0000 
328647000: system.memobj: data : 1011100011101011111111111111111111111111011111110000000000000000 
328647000: system.memobj: hamming code addr: 609136 
328647000: system.memobj: hamming code out: 2 
328647000: system.memobj: find Error Bit index : 5 
328647000: system.memobj: hamming code addr: 609144 
328647000: system.memobj: hamming code out: 14 
328647000: system.memobj: hamming code addr: 609152 
328647000: system.memobj: hamming code out: 3 
328647000: system.memobj: hamming code addr: 609160 
328647000: system.memobj: hamming code out: 3 
328647000: system.memobj: hamming code addr: 609168 
328647000: system.memobj: hamming code out: 3 
328647000: system.memobj: hamming code addr: 609176 
328647000: system.memobj: hamming code out: 0 
328647000: system.memobj: hamming code addr: 609184 
328647000: system.memobj: hamming code out: 0 
328647000: system.memobj: hamming code addr: 609192 
328647000: system.memobj: hamming code out: 0 
328647000: system.memobj: fix data : 1011000011101011111111111111111111111111011111110000000000000000 
328647000: system.memobj: -------------------------------------
328696000: system.memobj: mem->cpu Got response for addr 0xaac0 , 43712
328696000: system.memobj: size 0x8
328696000: system.memobj: id 94061725816752
328696000: system.memobj: data_hex : 488B1C24488B6C24 
328696000: system.memobj: data : 0100100010001011000111000010010001001000100010110110110000100100 
328696000: system.memobj: fix data : 0100100010001011000111000010010001001000100010110110110000100100 
328696000: system.memobj: -------------------------------------
328745000: system.memobj: mem->cpu Got response for addr 0xaac8 , 43720
328745000: system.memobj: size 0x8
328745000: system.memobj: id 94061725817040
328745000: system.memobj: data_hex : 0889D04C8B642410 
328745000: system.memobj: data : 0000100010001001110100000100110010001011011001000010010000010000 
328745000: system.memobj: fix data : 0000100010001001110100000100110010001011011001000010010000010000 
328745000: system.memobj: -------------------------------------
328765000: system.memobj: mem->cpu Got response for addr 0x94b78 , 609144
328765000: system.memobj: size 0x8
328765000: system.memobj: id 94061725816752
328765000: system.memobj: data_hex : 0800000000000000 
328765000: system.memobj: data : 0000100000000000000000000000000000000000000000000000000000000000 
328765000: system.memobj: hamming code addr: 609144 
328765000: system.memobj: hamming code out: 0 
328765000: system.memobj: find Error Bit index : 5 
328765000: system.memobj: hamming code addr: 609152 
328765000: system.memobj: hamming code out: 0 
328765000: system.memobj: hamming code addr: 609160 
328765000: system.memobj: hamming code out: 0 
328765000: system.memobj: hamming code addr: 609168 
328765000: system.memobj: hamming code out: 0 
328765000: system.memobj: hamming code addr: 609176 
328765000: system.memobj: hamming code out: 0 
328765000: system.memobj: hamming code addr: 609184 
328765000: system.memobj: hamming code out: 0 
328765000: system.memobj: hamming code addr: 609192 
328765000: system.memobj: hamming code out: 0 
328765000: system.memobj: hamming code addr: 609200 
328765000: system.memobj: hamming code out: 0 
328765000: system.memobj: fix data : 0000000000000000000000000000000000000000000000000000000000000000 
328765000: system.memobj: -------------------------------------
328814000: system.memobj: mem->cpu Got response for addr 0xaac8 , 43720
328814000: system.memobj: size 0x8
328814000: system.memobj: id 94061725816752
328814000: system.memobj: data_hex : 0889D04C8B642410 
328814000: system.memobj: data : 0000100010001001110100000100110010001011011001000010010000010000 
328814000: system.memobj: fix data : 0000100010001001110100000100110010001011011001000010010000010000 
328814000: system.memobj: -------------------------------------
328863000: system.memobj: mem->cpu Got response for addr 0xaac8 , 43720
328863000: system.memobj: size 0x8
328863000: system.memobj: id 94061725817040
328863000: system.memobj: data_hex : 0889D04C8B642410 
328863000: system.memobj: data : 0000100010001001110100000100110010001011011001000010010000010000 
328863000: system.memobj: fix data : 0000100010001001110100000100110010001011011001000010010000010000 
328863000: system.memobj: -------------------------------------
328883000: system.memobj: mem->cpu Got response for addr 0x94b80 , 609152
328883000: system.memobj: size 0x8
328883000: system.memobj: id 94061725816752
328883000: system.memobj: data_hex : 12ECFFFFFF7F0000 
328883000: system.memobj: data : 0001001011101100111111111111111111111111011111110000000000000000 
328883000: system.memobj: hamming code addr: 609152 
328883000: system.memobj: hamming code out: 10 
328883000: system.memobj: find Error Bit index : 3 
328883000: system.memobj: hamming code addr: 609160 
328883000: system.memobj: hamming code out: 3 
328883000: system.memobj: hamming code addr: 609168 
328883000: system.memobj: hamming code out: 3 
328883000: system.memobj: hamming code addr: 609176 
328883000: system.memobj: hamming code out: 3 
328883000: system.memobj: hamming code addr: 609184 
328883000: system.memobj: hamming code out: 3 
328883000: system.memobj: hamming code addr: 609192 
328883000: system.memobj: hamming code out: 0 
328883000: system.memobj: hamming code addr: 609200 
328883000: system.memobj: hamming code out: 0 
328883000: system.memobj: hamming code addr: 609208 
328883000: system.memobj: hamming code out: 0 
328883000: system.memobj: fix data : 0011001011101100111111111111111111111111011111110000000000000000 
328883000: system.memobj: -------------------------------------
328932000: system.memobj: mem->cpu Got response for addr 0xaad0 , 43728
328932000: system.memobj: size 0x8
328932000: system.memobj: id 94061725816752
328932000: system.memobj: data_hex : 4883C418C3909090 
328932000: system.memobj: data : 0100100010000011110001000001100011000011100100001001000010010000 
328932000: system.memobj: fix data : 0100100010000011110001000001100011000011100100001001000010010000 
328932000: system.memobj: -------------------------------------
328981000: system.memobj: mem->cpu Got response for addr 0xaad0 , 43728
328981000: system.memobj: size 0x8
328981000: system.memobj: id 94061725817040
328981000: system.memobj: data_hex : 4883C418C3909090 
328981000: system.memobj: data : 0100100010000011110001000001100011000011100100001001000010010000 
328981000: system.memobj: fix data : 0100100010000011110001000001100011000011100100001001000010010000 
328981000: system.memobj: -------------------------------------
329030000: system.memobj: mem->cpu Got response for addr 0x94b88 , 609160
329030000: system.memobj: size 0x8
329030000: system.memobj: id 94061725816752
329030000: system.memobj: data_hex : 339B400000000000 
329030000: system.memobj: data : 0011001110011011010000000000000000000000000000000000000000000000 
329030000: system.memobj: hamming code addr: 609160 
329030000: system.memobj: hamming code out: 3 
329030000: system.memobj: find Error Bit index : 2 
329030000: system.memobj: hamming code addr: 609168 
329030000: system.memobj: hamming code out: 10 
329030000: system.memobj: hamming code addr: 609176 
329030000: system.memobj: hamming code out: 5 
329030000: system.memobj: hamming code addr: 609184 
329030000: system.memobj: hamming code out: 0 
329030000: system.memobj: hamming code addr: 609192 
329030000: system.memobj: hamming code out: 0 
329030000: system.memobj: hamming code addr: 609200 
329030000: system.memobj: hamming code out: 0 
329030000: system.memobj: hamming code addr: 609208 
329030000: system.memobj: hamming code out: 0 
329030000: system.memobj: hamming code addr: 609216 
329030000: system.memobj: hamming code out: 0 
329030000: system.memobj: fix data : 0111001110011011010000000000000000000000000000000000000000000000 
329030000: system.memobj: -------------------------------------
329093000: system.memobj: mem->cpu Got response for addr 0x9b70 , 39792
329093000: system.memobj: size 0x8
329093000: system.memobj: id 94061725816752
329093000: system.memobj: data_hex : 0F00008B05875E17 
329093000: system.memobj: data : 0000111100000000000000001000101100000101100001110101111000010111 
329093000: system.memobj: fix data : 0000111100000000000000001000101100000101100001110101111000010111 
329093000: system.memobj: -------------------------------------
329142000: system.memobj: mem->cpu Got response for addr 0x9b78 , 39800
329142000: system.memobj: size 0x8
329142000: system.memobj: id 94061725817040
329142000: system.memobj: data_hex : 0085C00F85800000 
329142000: system.memobj: data : 0000000010000101110000000000111110000101100000000000000000000000 
329142000: system.memobj: fix data : 0000000010000101110000000000111110000101100000000000000000000000 
329142000: system.memobj: -------------------------------------
329205000: system.memobj: mem->cpu Got response for addr 0x7fa00 , 522752
329205000: system.memobj: size 0x4
329205000: system.memobj: id 94061725817328
329205000: system.memobj: data_hex : 10000000 
329205000: system.memobj: data : 00010000000000000000000000000000 
329205000: system.memobj: hamming code addr: 522752 
329205000: system.memobj: hamming code out: 0 
329205000: system.memobj: find Error Bit index : 4 
329205000: system.memobj: hamming code addr: 522760 
329205000: system.memobj: hamming code out: 0 
329205000: system.memobj: hamming code addr: 522768 
329205000: system.memobj: hamming code out: 0 
329205000: system.memobj: hamming code addr: 522776 
329205000: system.memobj: hamming code out: 0 
329205000: system.memobj: fix data : 00000000000000000000000000000000 
329205000: system.memobj: -------------------------------------
329254000: system.memobj: mem->cpu Got response for addr 0x9b78 , 39800
329254000: system.memobj: size 0x8
329254000: system.memobj: id 94061725817328
329254000: system.memobj: data_hex : 0085C00F85800000 
329254000: system.memobj: data : 0000000010000101110000000000111110000101100000000000000000000000 
329254000: system.memobj: fix data : 0000000010000101110000000000111110000101100000000000000000000000 
329254000: system.memobj: -------------------------------------
329303000: system.memobj: mem->cpu Got response for addr 0x9b78 , 39800
329303000: system.memobj: size 0x8
329303000: system.memobj: id 94061725817040
329303000: system.memobj: data_hex : 0085C00F85800000 
329303000: system.memobj: data : 0000000010000101110000000000111110000101100000000000000000000000 
329303000: system.memobj: fix data : 0000000010000101110000000000111110000101100000000000000000000000 
329303000: system.memobj: -------------------------------------
329352000: system.memobj: mem->cpu Got response for addr 0x9b80 , 39808
329352000: system.memobj: size 0x8
329352000: system.memobj: id 94061725817328
329352000: system.memobj: data_hex : 0048837C24100074 
329352000: system.memobj: data : 0000000001001000100000110111110000100100000100000000000001110100 
329352000: system.memobj: fix data : 0000000001001000100000110111110000100100000100000000000001110100 
329352000: system.memobj: -------------------------------------
329401000: system.memobj: mem->cpu Got response for addr 0x9b80 , 39808
329401000: system.memobj: size 0x8
329401000: system.memobj: id 94061725817040
329401000: system.memobj: data_hex : 0048837C24100074 
329401000: system.memobj: data : 0000000001001000100000110111110000100100000100000000000001110100 
329401000: system.memobj: fix data : 0000000001001000100000110111110000100100000100000000000001110100 
329401000: system.memobj: -------------------------------------
329450000: system.memobj: mem->cpu Got response for addr 0x94ba0 , 609184
329450000: system.memobj: size 0x8
329450000: system.memobj: id 94061725817616
329450000: system.memobj: data_hex : D09F400000000000 
329450000: system.memobj: data : 1101000010011111010000000000000000000000000000000000000000000000 
329450000: system.memobj: hamming code addr: 609184 
329450000: system.memobj: hamming code out: 7 
329450000: system.memobj: find Error Bit index : 3 
329450000: system.memobj: hamming code addr: 609192 
329450000: system.memobj: hamming code out: 0 
329450000: system.memobj: hamming code addr: 609200 
329450000: system.memobj: hamming code out: 5 
329450000: system.memobj: hamming code addr: 609208 
329450000: system.memobj: hamming code out: 0 
329450000: system.memobj: hamming code addr: 609216 
329450000: system.memobj: hamming code out: 0 
329450000: system.memobj: hamming code addr: 609224 
329450000: system.memobj: hamming code out: 0 
329450000: system.memobj: hamming code addr: 609232 
329450000: system.memobj: hamming code out: 0 
329450000: system.memobj: hamming code addr: 609240 
329450000: system.memobj: hamming code out: 0 
329450000: system.memobj: fix data : 1111000010011111010000000000000000000000000000000000000000000000 
329450000: system.memobj: -------------------------------------
329499000: system.memobj: mem->cpu Got response for addr 0x9b80 , 39808
329499000: system.memobj: size 0x8
329499000: system.memobj: id 94061725817616
329499000: system.memobj: data_hex : 0048837C24100074 
329499000: system.memobj: data : 0000000001001000100000110111110000100100000100000000000001110100 
329499000: system.memobj: fix data : 0000000001001000100000110111110000100100000100000000000001110100 
329499000: system.memobj: -------------------------------------
329548000: system.memobj: mem->cpu Got response for addr 0x9b88 , 39816
329548000: system.memobj: size 0x8
329548000: system.memobj: id 94061725817040
329548000: system.memobj: data_hex : 04FF54241031C090 
329548000: system.memobj: data : 0000010011111111010101000010010000010000001100011100000010010000 
329548000: system.memobj: fix data : 0000010011111111010101000010010000010000001100011100000010010000 
329548000: system.memobj: -------------------------------------
329597000: system.memobj: mem->cpu Got response for addr 0x9b88 , 39816
329597000: system.memobj: size 0x8
329597000: system.memobj: id 94061725817616
329597000: system.memobj: data_hex : 04FF54241031C090 
329597000: system.memobj: data : 0000010011111111010101000010010000010000001100011100000010010000 
329597000: system.memobj: fix data : 0000010011111111010101000010010000010000001100011100000010010000 
329597000: system.memobj: -------------------------------------
329646000: system.memobj: mem->cpu Got response for addr 0x94ba0 , 609184
329646000: system.memobj: size 0x8
329646000: system.memobj: id 94061725818192
329646000: system.memobj: data_hex : D09F400000000000 
329646000: system.memobj: data : 1101000010011111010000000000000000000000000000000000000000000000 
329646000: system.memobj: hamming code addr: 609184 
329646000: system.memobj: hamming code out: 7 
329646000: system.memobj: find Error Bit index : 3 
329646000: system.memobj: hamming code addr: 609192 
329646000: system.memobj: hamming code out: 0 
329646000: system.memobj: hamming code addr: 609200 
329646000: system.memobj: hamming code out: 5 
329646000: system.memobj: hamming code addr: 609208 
329646000: system.memobj: hamming code out: 0 
329646000: system.memobj: hamming code addr: 609216 
329646000: system.memobj: hamming code out: 0 
329646000: system.memobj: hamming code addr: 609224 
329646000: system.memobj: hamming code out: 0 
329646000: system.memobj: hamming code addr: 609232 
329646000: system.memobj: hamming code out: 0 
329646000: system.memobj: hamming code addr: 609240 
329646000: system.memobj: hamming code out: 0 
329646000: system.memobj: fix data : 1111000010011111010000000000000000000000000000000000000000000000 
329646000: system.memobj: -------------------------------------
329646000: system.memobj: cpu->mem Got request for addr 0x94b88 , 609160
329646000: system.memobj: size 0x8
329646000: system.memobj: id 94061725818192
329646000: system.memobj: data_hex : 8D9B400000000000 
329646000: system.memobj: data : 1000110110011011010000000000000000000000000000000000000000000000 
329646000: system.memobj: hamming code addr: 609160 
329646000: system.memobj: hamming code : 12 
329646000: system.memobj: hamming code addr: 609168 
329646000: system.memobj: hamming code : 10 
329646000: system.memobj: hamming code addr: 609176 
329646000: system.memobj: hamming code : 5 
329646000: system.memobj: hamming code addr: 609184 
329646000: system.memobj: hamming code : 0 
329646000: system.memobj: hamming code addr: 609192 
329646000: system.memobj: hamming code : 0 
329646000: system.memobj: hamming code addr: 609200 
329646000: system.memobj: hamming code : 0 
329646000: system.memobj: hamming code addr: 609208 
329646000: system.memobj: hamming code : 0 
329646000: system.memobj: hamming code addr: 609216 
329646000: system.memobj: hamming code : 0 
329646000: system.memobj: Enter Error Bit index: 4 
329646000: system.memobj: flip data : 1001110110011011010000000000000000000000000000000000000000000000 
329646000: system.memobj: -------------------------------------
329716000: system.memobj: mem->cpu Got response for addr 0x9ff0 , 40944
329716000: system.memobj: size 0x8
329716000: system.memobj: id 94061725818192
329716000: system.memobj: data_hex : 55B800F05700482D 
329716000: system.memobj: data : 0101010110111000000000001111000001010111000000000100100000101101 
329716000: system.memobj: fix data : 0101010110111000000000001111000001010111000000000100100000101101 
329716000: system.memobj: -------------------------------------
329716000: system.memobj: cpu->mem Got request for addr 0x94b80 , 609152
329716000: system.memobj: size 0x8
329716000: system.memobj: id 94061725817616
329716000: system.memobj: data_hex : 0000000000000000 
329716000: system.memobj: data : 0000000000000000000000000000000000000000000000000000000000000000 
329716000: system.memobj: hamming code addr: 609152 
329716000: system.memobj: hamming code : 0 
329716000: system.memobj: hamming code addr: 609160 
329716000: system.memobj: hamming code : 0 
329716000: system.memobj: hamming code addr: 609168 
329716000: system.memobj: hamming code : 0 
329716000: system.memobj: hamming code addr: 609176 
329716000: system.memobj: hamming code : 0 
329716000: system.memobj: hamming code addr: 609184 
329716000: system.memobj: hamming code : 0 
329716000: system.memobj: hamming code addr: 609192 
329716000: system.memobj: hamming code : 0 
329716000: system.memobj: hamming code addr: 609200 
329716000: system.memobj: hamming code : 0 
329716000: system.memobj: hamming code addr: 609208 
329716000: system.memobj: hamming code : 0 
329716000: system.memobj: Enter Error Bit index: 2 
329716000: system.memobj: flip data : 0100000000000000000000000000000000000000000000000000000000000000 
329716000: system.memobj: -------------------------------------
329786000: system.memobj: mem->cpu Got response for addr 0x9ff0 , 40944
329786000: system.memobj: size 0x8
329786000: system.memobj: id 94061725817616
329786000: system.memobj: data_hex : 55B800F05700482D 
329786000: system.memobj: data : 0101010110111000000000001111000001010111000000000100100000101101 
329786000: system.memobj: fix data : 0101010110111000000000001111000001010111000000000100100000101101 
329786000: system.memobj: -------------------------------------
329835000: system.memobj: mem->cpu Got response for addr 0x9ff0 , 40944
329835000: system.memobj: size 0x8
329835000: system.memobj: id 94061725818192
329835000: system.memobj: data_hex : 55B800F05700482D 
329835000: system.memobj: data : 0101010110111000000000001111000001010111000000000100100000101101 
329835000: system.memobj: fix data : 0101010110111000000000001111000001010111000000000100100000101101 
329835000: system.memobj: -------------------------------------
329884000: system.memobj: mem->cpu Got response for addr 0x9ff8 , 40952
329884000: system.memobj: size 0x8
329884000: system.memobj: id 94061725817616
329884000: system.memobj: data_hex : 00F057005348C1F8 
329884000: system.memobj: data : 0000000011110000010101110000000001010011010010001100000111111000 
329884000: system.memobj: fix data : 0000000011110000010101110000000001010011010010001100000111111000 
329884000: system.memobj: -------------------------------------
329933000: system.memobj: mem->cpu Got response for addr 0x9ff8 , 40952
329933000: system.memobj: size 0x8
329933000: system.memobj: id 94061725818192
329933000: system.memobj: data_hex : 00F057005348C1F8 
329933000: system.memobj: data : 0000000011110000010101110000000001010011010010001100000111111000 
329933000: system.memobj: fix data : 0000000011110000010101110000000001010011010010001100000111111000 
329933000: system.memobj: -------------------------------------
329933000: system.memobj: cpu->mem Got request for addr 0x94b78 , 609144
329933000: system.memobj: size 0x8
329933000: system.memobj: id 94061725817616
329933000: system.memobj: data_hex : B0EBFFFFFF7F0000 
329933000: system.memobj: data : 1011000011101011111111111111111111111111011111110000000000000000 
329933000: system.memobj: hamming code addr: 609144 
329933000: system.memobj: hamming code : 2 
329933000: system.memobj: hamming code addr: 609152 
329933000: system.memobj: hamming code : 14 
329933000: system.memobj: hamming code addr: 609160 
329933000: system.memobj: hamming code : 3 
329933000: system.memobj: hamming code addr: 609168 
329933000: system.memobj: hamming code : 3 
329933000: system.memobj: hamming code addr: 609176 
329933000: system.memobj: hamming code : 3 
329933000: system.memobj: hamming code addr: 609184 
329933000: system.memobj: hamming code : 0 
329933000: system.memobj: hamming code addr: 609192 
329933000: system.memobj: hamming code : 0 
329933000: system.memobj: hamming code addr: 609200 
329933000: system.memobj: hamming code : 0 
329933000: system.memobj: Enter Error Bit index: 6 
329933000: system.memobj: flip data : 1011010011101011111111111111111111111111011111110000000000000000 
329933000: system.memobj: -------------------------------------
330003000: system.memobj: mem->cpu Got response for addr 0x9ff8 , 40952
330003000: system.memobj: size 0x8
330003000: system.memobj: id 94061725817616
330003000: system.memobj: data_hex : 00F057005348C1F8 
330003000: system.memobj: data : 0000000011110000010101110000000001010011010010001100000111111000 
330003000: system.memobj: fix data : 0000000011110000010101110000000001010011010010001100000111111000 
330003000: system.memobj: -------------------------------------
330052000: system.memobj: mem->cpu Got response for addr 0xa000 , 40960
330052000: system.memobj: size 0x8
330052000: system.memobj: id 94061725818192
330052000: system.memobj: data_hex : 0331DB4883EC0848 
330052000: system.memobj: data : 0000001100110001110110110100100010000011111011000000100001001000 
330052000: system.memobj: fix data : 0000001100110001110110110100100010000011111011000000100001001000 
330052000: system.memobj: -------------------------------------
330101000: system.memobj: mem->cpu Got response for addr 0xa000 , 40960
330101000: system.memobj: size 0x8
330101000: system.memobj: id 94061725817616
330101000: system.memobj: data_hex : 0331DB4883EC0848 
330101000: system.memobj: data : 0000001100110001110110110100100010000011111011000000100001001000 
330101000: system.memobj: fix data : 0000001100110001110110110100100010000011111011000000100001001000 
330101000: system.memobj: -------------------------------------
330150000: system.memobj: mem->cpu Got response for addr 0xa000 , 40960
330150000: system.memobj: size 0x8
330150000: system.memobj: id 94061725818192
330150000: system.memobj: data_hex : 0331DB4883EC0848 
330150000: system.memobj: data : 0000001100110001110110110100100010000011111011000000100001001000 
330150000: system.memobj: fix data : 0000001100110001110110110100100010000011111011000000100001001000 
330150000: system.memobj: -------------------------------------
330199000: system.memobj: mem->cpu Got response for addr 0xa000 , 40960
330199000: system.memobj: size 0x8
330199000: system.memobj: id 94061725817616
330199000: system.memobj: data_hex : 0331DB4883EC0848 
330199000: system.memobj: data : 0000001100110001110110110100100010000011111011000000100001001000 
330199000: system.memobj: fix data : 0000001100110001110110110100100010000011111011000000100001001000 
330199000: system.memobj: -------------------------------------
330248000: system.memobj: mem->cpu Got response for addr 0xa008 , 40968
330248000: system.memobj: size 0x8
330248000: system.memobj: id 94061725818192
330248000: system.memobj: data_hex : 39C373134889C590 
330248000: system.memobj: data : 0011100111000011011100110001001101001000100010011100010110010000 
330248000: system.memobj: fix data : 0011100111000011011100110001001101001000100010011100010110010000 
330248000: system.memobj: -------------------------------------
330297000: system.memobj: mem->cpu Got response for addr 0xa008 , 40968
330297000: system.memobj: size 0x8
330297000: system.memobj: id 94061725817616
330297000: system.memobj: data_hex : 39C373134889C590 
330297000: system.memobj: data : 0011100111000011011100110001001101001000100010011100010110010000 
330297000: system.memobj: fix data : 0011100111000011011100110001001101001000100010011100010110010000 
330297000: system.memobj: -------------------------------------
330360000: system.memobj: mem->cpu Got response for addr 0xa018 , 40984
330360000: system.memobj: size 0x8
330360000: system.memobj: id 94061725818192
330360000: system.memobj: data_hex : FFC34839EB72F1E8 
330360000: system.memobj: data : 1111111111000011010010000011100111101011011100101111000111101000 
330360000: system.memobj: fix data : 1111111111000011010010000011100111101011011100101111000111101000 
330360000: system.memobj: -------------------------------------
330409000: system.memobj: mem->cpu Got response for addr 0xa020 , 40992
330409000: system.memobj: size 0x8
330409000: system.memobj: id 94061725817616
330409000: system.memobj: data_hex : 5461FFFFB800F057 
330409000: system.memobj: data : 0101010001100001111111111111111110111000000000001111000001010111 
330409000: system.memobj: fix data : 0101010001100001111111111111111110111000000000001111000001010111 
330409000: system.memobj: -------------------------------------
330409000: system.memobj: cpu->mem Got request for addr 0x94b68 , 609128
330409000: system.memobj: size 0x8
330409000: system.memobj: id 94061725818480
330409000: system.memobj: data_hex : 24A0400000000000 
330409000: system.memobj: data : 0010010010100000010000000000000000000000000000000000000000000000 
330409000: system.memobj: hamming code addr: 609128 
330409000: system.memobj: hamming code : 12 
330409000: system.memobj: hamming code addr: 609136 
330409000: system.memobj: hamming code : 5 
330409000: system.memobj: hamming code addr: 609144 
330409000: system.memobj: hamming code : 5 
330409000: system.memobj: hamming code addr: 609152 
330409000: system.memobj: hamming code : 0 
330409000: system.memobj: hamming code addr: 609160 
330409000: system.memobj: hamming code : 0 
330409000: system.memobj: hamming code addr: 609168 
330409000: system.memobj: hamming code : 0 
330409000: system.memobj: hamming code addr: 609176 
330409000: system.memobj: hamming code : 0 
330409000: system.memobj: hamming code addr: 609184 
330409000: system.memobj: hamming code : 0 
330409000: system.memobj: Enter Error Bit index: 1 
330409000: system.memobj: flip data : 1010010010100000010000000000000000000000000000000000000000000000 
330409000: system.memobj: -------------------------------------
330493000: system.memobj: mem->cpu Got response for addr 0x178 , 376
330493000: system.memobj: size 0x8
330493000: system.memobj: id 94061725818480
330493000: system.memobj: data_hex : 4883EC08E83B0000 
330493000: system.memobj: data : 0100100010000011111011000000100011101000001110110000000000000000 
330493000: system.memobj: fix data : 0100100010000011111011000000100011101000001110110000000000000000 
330493000: system.memobj: -------------------------------------
330542000: system.memobj: mem->cpu Got response for addr 0x178 , 376
330542000: system.memobj: size 0x8
330542000: system.memobj: id 94061725817616
330542000: system.memobj: data_hex : 4883EC08E83B0000 
330542000: system.memobj: data : 0100100010000011111011000000100011101000001110110000000000000000 
330542000: system.memobj: fix data : 0100100010000011111011000000100011101000001110110000000000000000 
330542000: system.memobj: -------------------------------------
330591000: system.memobj: mem->cpu Got response for addr 0x180 , 384
330591000: system.memobj: size 0x8
330591000: system.memobj: id 94061725818480
330591000: system.memobj: data_hex : 00E8AA000000E805 
330591000: system.memobj: data : 0000000011101000101010100000000000000000000000001110100000000101 
330591000: system.memobj: fix data : 0000000011101000101010100000000000000000000000001110100000000101 
330591000: system.memobj: -------------------------------------
330591000: system.memobj: cpu->mem Got request for addr 0x94b58 , 609112
330591000: system.memobj: size 0x8
330591000: system.memobj: id 94061726679056
330591000: system.memobj: data_hex : 8101400000000000 
330591000: system.memobj: data : 1000000100000001010000000000000000000000000000000000000000000000 
330591000: system.memobj: hamming code addr: 609112 
330591000: system.memobj: hamming code : 15 
330591000: system.memobj: hamming code addr: 609120 
330591000: system.memobj: hamming code : 12 
330591000: system.memobj: hamming code addr: 609128 
330591000: system.memobj: hamming code : 5 
330591000: system.memobj: hamming code addr: 609136 
330591000: system.memobj: hamming code : 0 
330591000: system.memobj: hamming code addr: 609144 
330591000: system.memobj: hamming code : 0 
330591000: system.memobj: hamming code addr: 609152 
330591000: system.memobj: hamming code : 0 
330591000: system.memobj: hamming code addr: 609160 
330591000: system.memobj: hamming code : 0 
330591000: system.memobj: hamming code addr: 609168 
330591000: system.memobj: hamming code : 0 
330591000: system.memobj: Enter Error Bit index: 1 
330591000: system.memobj: flip data : 0000000100000001010000000000000000000000000000000000000000000000 
330591000: system.memobj: -------------------------------------
330661000: system.memobj: mem->cpu Got response for addr 0x1b8 , 440
330661000: system.memobj: size 0x8
330661000: system.memobj: id 94061726679056
330661000: system.memobj: data_hex : 0000F4904883EC08 
330661000: system.memobj: data : 0000000000000000111101001001000001001000100000111110110000001000 
330661000: system.memobj: fix data : 0000000000000000111101001001000001001000100000111110110000001000 
330661000: system.memobj: -------------------------------------
330710000: system.memobj: mem->cpu Got response for addr 0x1c0 , 448
330710000: system.memobj: size 0x8
330710000: system.memobj: id 94061725818480
330710000: system.memobj: data_hex : 488B0509F9170048 
330710000: system.memobj: data : 0100100010001011000001010000100111111001000101110000000001001000 
330710000: system.memobj: fix data : 0100100010001011000001010000100111111001000101110000000001001000 
330710000: system.memobj: -------------------------------------
330759000: system.memobj: mem->cpu Got response for addr 0x7fad0 , 522960
330759000: system.memobj: size 0x8
330759000: system.memobj: id 94061726679344
330759000: system.memobj: data_hex : 0000000000000000 
330759000: system.memobj: data : 0000000000000000000000000000000000000000000000000000000000000000 
330759000: system.memobj: fix data : 0000000000000000000000000000000000000000000000000000000000000000 
330759000: system.memobj: -------------------------------------
330808000: system.memobj: mem->cpu Got response for addr 0x1c0 , 448
330808000: system.memobj: size 0x8
330808000: system.memobj: id 94061726679344
330808000: system.memobj: data_hex : 488B0509F9170048 
330808000: system.memobj: data : 0100100010001011000001010000100111111001000101110000000001001000 
330808000: system.memobj: fix data : 0100100010001011000001010000100111111001000101110000000001001000 
330808000: system.memobj: -------------------------------------
330857000: system.memobj: mem->cpu Got response for addr 0x1c8 , 456
330857000: system.memobj: size 0x8
330857000: system.memobj: id 94061725818480
330857000: system.memobj: data_hex : 85C07402FFD04883 
330857000: system.memobj: data : 1000010111000000011101000000001011111111110100000100100010000011 
330857000: system.memobj: fix data : 1000010111000000011101000000001011111111110100000100100010000011 
330857000: system.memobj: -------------------------------------
330906000: system.memobj: mem->cpu Got response for addr 0x1c8 , 456
330906000: system.memobj: size 0x8
330906000: system.memobj: id 94061726679344
330906000: system.memobj: data_hex : 85C07402FFD04883 
330906000: system.memobj: data : 1000010111000000011101000000001011111111110100000100100010000011 
330906000: system.memobj: fix data : 1000010111000000011101000000001011111111110100000100100010000011 
330906000: system.memobj: -------------------------------------
330955000: system.memobj: mem->cpu Got response for addr 0x1c8 , 456
330955000: system.memobj: size 0x8
330955000: system.memobj: id 94061725818480
330955000: system.memobj: data_hex : 85C07402FFD04883 
330955000: system.memobj: data : 1000010111000000011101000000001011111111110100000100100010000011 
330955000: system.memobj: fix data : 1000010111000000011101000000001011111111110100000100100010000011 
330955000: system.memobj: -------------------------------------
331004000: system.memobj: mem->cpu Got response for addr 0x1d0 , 464
331004000: system.memobj: size 0x8
331004000: system.memobj: id 94061726679344
331004000: system.memobj: data_hex : C408C39090909090 
331004000: system.memobj: data : 1100010000001000110000111001000010010000100100001001000010010000 
331004000: system.memobj: fix data : 1100010000001000110000111001000010010000100100001001000010010000 
331004000: system.memobj: -------------------------------------
331053000: system.memobj: mem->cpu Got response for addr 0x1d0 , 464
331053000: system.memobj: size 0x8
331053000: system.memobj: id 94061725818480
331053000: system.memobj: data_hex : C408C39090909090 
331053000: system.memobj: data : 1100010000001000110000111001000010010000100100001001000010010000 
331053000: system.memobj: fix data : 1100010000001000110000111001000010010000100100001001000010010000 
331053000: system.memobj: -------------------------------------
331102000: system.memobj: mem->cpu Got response for addr 0x94b58 , 609112
331102000: system.memobj: size 0x8
331102000: system.memobj: id 94061726679344
331102000: system.memobj: data_hex : 0101400000000000 
331102000: system.memobj: data : 0000000100000001010000000000000000000000000000000000000000000000 
331102000: system.memobj: hamming code addr: 609112 
331102000: system.memobj: hamming code out: 15 
331102000: system.memobj: find Error Bit index : 1 
331102000: system.memobj: hamming code addr: 609120 
331102000: system.memobj: hamming code out: 12 
331102000: system.memobj: hamming code addr: 609128 
331102000: system.memobj: hamming code out: 5 
331102000: system.memobj: hamming code addr: 609136 
331102000: system.memobj: hamming code out: 0 
331102000: system.memobj: hamming code addr: 609144 
331102000: system.memobj: hamming code out: 0 
331102000: system.memobj: hamming code addr: 609152 
331102000: system.memobj: hamming code out: 0 
331102000: system.memobj: hamming code addr: 609160 
331102000: system.memobj: hamming code out: 0 
331102000: system.memobj: hamming code addr: 609168 
331102000: system.memobj: hamming code out: 0 
331102000: system.memobj: fix data : 1000000100000001010000000000000000000000000000000000000000000000 
331102000: system.memobj: -------------------------------------
331151000: system.memobj: mem->cpu Got response for addr 0x180 , 384
331151000: system.memobj: size 0x8
331151000: system.memobj: id 94061726679344
331151000: system.memobj: data_hex : 00E8AA000000E805 
331151000: system.memobj: data : 0000000011101000101010100000000000000000000000001110100000000101 
331151000: system.memobj: fix data : 0000000011101000101010100000000000000000000000001110100000000101 
331151000: system.memobj: -------------------------------------
331151000: system.memobj: cpu->mem Got request for addr 0x94b58 , 609112
331151000: system.memobj: size 0x8
331151000: system.memobj: id 94061726679632
331151000: system.memobj: data_hex : 8601400000000000 
331151000: system.memobj: data : 1000011000000001010000000000000000000000000000000000000000000000 
331151000: system.memobj: hamming code addr: 609112 
331151000: system.memobj: hamming code : 2 
331151000: system.memobj: hamming code addr: 609120 
331151000: system.memobj: hamming code : 12 
331151000: system.memobj: hamming code addr: 609128 
331151000: system.memobj: hamming code : 5 
331151000: system.memobj: hamming code addr: 609136 
331151000: system.memobj: hamming code : 0 
331151000: system.memobj: hamming code addr: 609144 
331151000: system.memobj: hamming code : 0 
331151000: system.memobj: hamming code addr: 609152 
331151000: system.memobj: hamming code : 0 
331151000: system.memobj: hamming code addr: 609160 
331151000: system.memobj: hamming code : 0 
331151000: system.memobj: hamming code addr: 609168 
331151000: system.memobj: hamming code : 0 
331151000: system.memobj: Enter Error Bit index: 1 
331151000: system.memobj: flip data : 0000011000000001010000000000000000000000000000000000000000000000 
331151000: system.memobj: -------------------------------------
331221000: system.memobj: mem->cpu Got response for addr 0x230 , 560
331221000: system.memobj: size 0x8
331221000: system.memobj: id 94061726679632
331221000: system.memobj: data_hex : 55B8608540004885 
331221000: system.memobj: data : 0101010110111000011000001000010101000000000000000100100010000101 
331221000: system.memobj: fix data : 0101010110111000011000001000010101000000000000000100100010000101 
331221000: system.memobj: -------------------------------------
331221000: system.memobj: cpu->mem Got request for addr 0x94b50 , 609104
331221000: system.memobj: size 0x8
331221000: system.memobj: id 94061726679344
331221000: system.memobj: data_hex : 0000000000000000 
331221000: system.memobj: data : 0000000000000000000000000000000000000000000000000000000000000000 
331221000: system.memobj: hamming code addr: 609104 
331221000: system.memobj: hamming code : 0 
331221000: system.memobj: hamming code addr: 609112 
331221000: system.memobj: hamming code : 0 
331221000: system.memobj: hamming code addr: 609120 
331221000: system.memobj: hamming code : 0 
331221000: system.memobj: hamming code addr: 609128 
331221000: system.memobj: hamming code : 0 
331221000: system.memobj: hamming code addr: 609136 
331221000: system.memobj: hamming code : 0 
331221000: system.memobj: hamming code addr: 609144 
331221000: system.memobj: hamming code : 0 
331221000: system.memobj: hamming code addr: 609152 
331221000: system.memobj: hamming code : 0 
331221000: system.memobj: hamming code addr: 609160 
331221000: system.memobj: hamming code : 0 
331221000: system.memobj: Enter Error Bit index: 4 
331221000: system.memobj: flip data : 0001000000000000000000000000000000000000000000000000000000000000 
331221000: system.memobj: -------------------------------------
331291000: system.memobj: mem->cpu Got response for addr 0x230 , 560
331291000: system.memobj: size 0x8
331291000: system.memobj: id 94061726679344
331291000: system.memobj: data_hex : 55B8608540004885 
331291000: system.memobj: data : 0101010110111000011000001000010101000000000000000100100010000101 
331291000: system.memobj: fix data : 0101010110111000011000001000010101000000000000000100100010000101 
331291000: system.memobj: -------------------------------------
331340000: system.memobj: mem->cpu Got response for addr 0x230 , 560
331340000: system.memobj: size 0x8
331340000: system.memobj: id 94061726679632
331340000: system.memobj: data_hex : 55B8608540004885 
331340000: system.memobj: data : 0101010110111000011000001000010101000000000000000100100010000101 
331340000: system.memobj: fix data : 0101010110111000011000001000010101000000000000000100100010000101 
331340000: system.memobj: -------------------------------------
331389000: system.memobj: mem->cpu Got response for addr 0x238 , 568
331389000: system.memobj: size 0x8
331389000: system.memobj: id 94061726679344
331389000: system.memobj: data_hex : C04889E5740FBEA0 
331389000: system.memobj: data : 1100000001001000100010011110010101110100000011111011111010100000 
331389000: system.memobj: fix data : 1100000001001000100010011110010101110100000011111011111010100000 
331389000: system.memobj: -------------------------------------
331452000: system.memobj: mem->cpu Got response for addr 0x238 , 568
331452000: system.memobj: size 0x8
331452000: system.memobj: id 94061726679632
331452000: system.memobj: data_hex : C04889E5740FBEA0 
331452000: system.memobj: data : 1100000001001000100010011110010101110100000011111011111010100000 
331452000: system.memobj: fix data : 1100000001001000100010011110010101110100000011111011111010100000 
331452000: system.memobj: -------------------------------------
331501000: system.memobj: mem->cpu Got response for addr 0x238 , 568
331501000: system.memobj: size 0x8
331501000: system.memobj: id 94061726679344
331501000: system.memobj: data_hex : C04889E5740FBEA0 
331501000: system.memobj: data : 1100000001001000100010011110010101110100000011111011111010100000 
331501000: system.memobj: fix data : 1100000001001000100010011110010101110100000011111011111010100000 
331501000: system.memobj: -------------------------------------
331550000: system.memobj: mem->cpu Got response for addr 0x238 , 568
331550000: system.memobj: size 0x8
331550000: system.memobj: id 94061726679632
331550000: system.memobj: data_hex : C04889E5740FBEA0 
331550000: system.memobj: data : 1100000001001000100010011110010101110100000011111011111010100000 
331550000: system.memobj: fix data : 1100000001001000100010011110010101110100000011111011111010100000 
331550000: system.memobj: -------------------------------------
331599000: system.memobj: mem->cpu Got response for addr 0x240 , 576
331599000: system.memobj: size 0x8
331599000: system.memobj: id 94061726679344
331599000: system.memobj: data_hex : 145800BF48644700 
331599000: system.memobj: data : 0001010001011000000000001011111101001000011001000100011100000000 
331599000: system.memobj: fix data : 0001010001011000000000001011111101001000011001000100011100000000 
331599000: system.memobj: -------------------------------------
331648000: system.memobj: mem->cpu Got response for addr 0x240 , 576
331648000: system.memobj: size 0x8
331648000: system.memobj: id 94061726679632
331648000: system.memobj: data_hex : 145800BF48644700 
331648000: system.memobj: data : 0001010001011000000000001011111101001000011001000100011100000000 
331648000: system.memobj: fix data : 0001010001011000000000001011111101001000011001000100011100000000 
331648000: system.memobj: -------------------------------------
331697000: system.memobj: mem->cpu Got response for addr 0x248 , 584
331697000: system.memobj: size 0x8
331697000: system.memobj: id 94061726679344
331697000: system.memobj: data_hex : E81383000048833D 
331697000: system.memobj: data : 1110100000010011100000110000000000000000010010001000001100111101 
331697000: system.memobj: fix data : 1110100000010011100000110000000000000000010010001000001100111101 
331697000: system.memobj: -------------------------------------
331697000: system.memobj: cpu->mem Got request for addr 0x94b48 , 609096
331697000: system.memobj: size 0x8
331697000: system.memobj: id 94061726679920
331697000: system.memobj: data_hex : 4D02400000000000 
331697000: system.memobj: data : 0100110100000010010000000000000000000000000000000000000000000000 
331697000: system.memobj: hamming code addr: 609096 
331697000: system.memobj: hamming code : 10 
331697000: system.memobj: hamming code addr: 609104 
331697000: system.memobj: hamming code : 11 
331697000: system.memobj: hamming code addr: 609112 
331697000: system.memobj: hamming code : 5 
331697000: system.memobj: hamming code addr: 609120 
331697000: system.memobj: hamming code : 0 
331697000: system.memobj: hamming code addr: 609128 
331697000: system.memobj: hamming code : 0 
331697000: system.memobj: hamming code addr: 609136 
331697000: system.memobj: hamming code : 0 
331697000: system.memobj: hamming code addr: 609144 
331697000: system.memobj: hamming code : 0 
331697000: system.memobj: hamming code addr: 609152 
331697000: system.memobj: hamming code : 0 
331697000: system.memobj: Enter Error Bit index: 8 
331697000: system.memobj: flip data : 0100110000000010010000000000000000000000000000000000000000000000 
331697000: system.memobj: -------------------------------------
331767000: system.memobj: mem->cpu Got response for addr 0x8560 , 34144
331767000: system.memobj: size 0x8
331767000: system.memobj: id 94061726679920
331767000: system.memobj: data_hex : 31C931D2E957FFFF 
331767000: system.memobj: data : 0011000111001001001100011101001011101001010101111111111111111111 
331767000: system.memobj: fix data : 0011000111001001001100011101001011101001010101111111111111111111 
331767000: system.memobj: -------------------------------------
331830000: system.memobj: mem->cpu Got response for addr 0x8560 , 34144
331830000: system.memobj: size 0x8
331830000: system.memobj: id 94061726679344
331830000: system.memobj: data_hex : 31C931D2E957FFFF 
331830000: system.memobj: data : 0011000111001001001100011101001011101001010101111111111111111111 
331830000: system.memobj: fix data : 0011000111001001001100011101001011101001010101111111111111111111 
331830000: system.memobj: -------------------------------------
331879000: system.memobj: mem->cpu Got response for addr 0x8560 , 34144
331879000: system.memobj: size 0x8
331879000: system.memobj: id 94061726679920
331879000: system.memobj: data_hex : 31C931D2E957FFFF 
331879000: system.memobj: data : 0011000111001001001100011101001011101001010101111111111111111111 
331879000: system.memobj: fix data : 0011000111001001001100011101001011101001010101111111111111111111 
331879000: system.memobj: -------------------------------------
331928000: system.memobj: mem->cpu Got response for addr 0x8568 , 34152
331928000: system.memobj: size 0x8
331928000: system.memobj: id 94061726679344
331928000: system.memobj: data_hex : FF66666690666690 
331928000: system.memobj: data : 1111111101100110011001100110011010010000011001100110011010010000 
331928000: system.memobj: fix data : 1111111101100110011001100110011010010000011001100110011010010000 
331928000: system.memobj: -------------------------------------
331977000: system.memobj: mem->cpu Got response for addr 0x84c0 , 33984
331977000: system.memobj: size 0x8
331977000: system.memobj: id 94061726679920
331977000: system.memobj: data_hex : 48895C24F048896C 
331977000: system.memobj: data : 0100100010001001010111000010010011110000010010001000100101101100 
331977000: system.memobj: fix data : 0100100010001001010111000010010011110000010010001000100101101100 
331977000: system.memobj: -------------------------------------
331977000: system.memobj: cpu->mem Got request for addr 0x94b38 , 609080
331977000: system.memobj: size 0x8
331977000: system.memobj: id 94061726679344
331977000: system.memobj: data_hex : 0000000000000000 
331977000: system.memobj: data : 0000000000000000000000000000000000000000000000000000000000000000 
331977000: system.memobj: hamming code addr: 609080 
331977000: system.memobj: hamming code : 0 
331977000: system.memobj: hamming code addr: 609088 
331977000: system.memobj: hamming code : 0 
331977000: system.memobj: hamming code addr: 609096 
331977000: system.memobj: hamming code : 0 
331977000: system.memobj: hamming code addr: 609104 
331977000: system.memobj: hamming code : 0 
331977000: system.memobj: hamming code addr: 609112 
331977000: system.memobj: hamming code : 0 
331977000: system.memobj: hamming code addr: 609120 
331977000: system.memobj: hamming code : 0 
331977000: system.memobj: hamming code addr: 609128 
331977000: system.memobj: hamming code : 0 
331977000: system.memobj: hamming code addr: 609136 
331977000: system.memobj: hamming code : 0 
331977000: system.memobj: Enter Error Bit index: 8 
331977000: system.memobj: flip data : 0000000100000000000000000000000000000000000000000000000000000000 
331977000: system.memobj: -------------------------------------
332047000: system.memobj: mem->cpu Got response for addr 0x84c0 , 33984
332047000: system.memobj: size 0x8
332047000: system.memobj: id 94061726679344
332047000: system.memobj: data_hex : 48895C24F048896C 
332047000: system.memobj: data : 0100100010001001010111000010010011110000010010001000100101101100 
332047000: system.memobj: fix data : 0100100010001001010111000010010011110000010010001000100101101100 
332047000: system.memobj: -------------------------------------
332096000: system.memobj: mem->cpu Got response for addr 0x84c8 , 33992
332096000: system.memobj: size 0x8
332096000: system.memobj: id 94061726679920
332096000: system.memobj: data_hex : 24F84883EC184885 
332096000: system.memobj: data : 0010010011111000010010001000001111101100000110000100100010000101 
332096000: system.memobj: fix data : 0010010011111000010010001000001111101100000110000100100010000101 
332096000: system.memobj: -------------------------------------
332096000: system.memobj: cpu->mem Got request for addr 0x94b40 , 609088
332096000: system.memobj: size 0x8
332096000: system.memobj: id 94061726679344
332096000: system.memobj: data_hex : 50EBFFFFFF7F0000 
332096000: system.memobj: data : 0101000011101011111111111111111111111111011111110000000000000000 
332096000: system.memobj: hamming code addr: 609088 
332096000: system.memobj: hamming code : 2 
332096000: system.memobj: hamming code addr: 609096 
332096000: system.memobj: hamming code : 14 
332096000: system.memobj: hamming code addr: 609104 
332096000: system.memobj: hamming code : 3 
332096000: system.memobj: hamming code addr: 609112 
332096000: system.memobj: hamming code : 3 
332096000: system.memobj: hamming code addr: 609120 
332096000: system.memobj: hamming code : 3 
332096000: system.memobj: hamming code addr: 609128 
332096000: system.memobj: hamming code : 0 
332096000: system.memobj: hamming code addr: 609136 
332096000: system.memobj: hamming code : 0 
332096000: system.memobj: hamming code addr: 609144 
332096000: system.memobj: hamming code : 0 
332096000: system.memobj: Enter Error Bit index: 2 
332096000: system.memobj: flip data : 0001000011101011111111111111111111111111011111110000000000000000 
332096000: system.memobj: -------------------------------------
332166000: system.memobj: mem->cpu Got response for addr 0x84c8 , 33992
332166000: system.memobj: size 0x8
332166000: system.memobj: id 94061726679344
332166000: system.memobj: data_hex : 24F84883EC184885 
332166000: system.memobj: data : 0010010011111000010010001000001111101100000110000100100010000101 
332166000: system.memobj: fix data : 0010010011111000010010001000001111101100000110000100100010000101 
332166000: system.memobj: -------------------------------------
332215000: system.memobj: mem->cpu Got response for addr 0x84c8 , 33992
332215000: system.memobj: size 0x8
332215000: system.memobj: id 94061726679920
332215000: system.memobj: data_hex : 24F84883EC184885 
332215000: system.memobj: data : 0010010011111000010010001000001111101100000110000100100010000101 
332215000: system.memobj: fix data : 0010010011111000010010001000001111101100000110000100100010000101 
332215000: system.memobj: -------------------------------------
332264000: system.memobj: mem->cpu Got response for addr 0x84d0 , 34000
332264000: system.memobj: size 0x8
332264000: system.memobj: id 94061726679344
332264000: system.memobj: data_hex : FF4889F3744F8B07 
332264000: system.memobj: data : 1111111101001000100010011111001101110100010011111000101100000111 
332264000: system.memobj: fix data : 1111111101001000100010011111001101110100010011111000101100000111 
332264000: system.memobj: -------------------------------------
332313000: system.memobj: mem->cpu Got response for addr 0x84d0 , 34000
332313000: system.memobj: size 0x8
332313000: system.memobj: id 94061726679920
332313000: system.memobj: data_hex : FF4889F3744F8B07 
332313000: system.memobj: data : 1111111101001000100010011111001101110100010011111000101100000111 
332313000: system.memobj: fix data : 1111111101001000100010011111001101110100010011111000101100000111 
332313000: system.memobj: -------------------------------------
332362000: system.memobj: mem->cpu Got response for addr 0x84d0 , 34000
332362000: system.memobj: size 0x8
332362000: system.memobj: id 94061726679344
332362000: system.memobj: data_hex : FF4889F3744F8B07 
332362000: system.memobj: data : 1111111101001000100010011111001101110100010011111000101100000111 
332362000: system.memobj: fix data : 1111111101001000100010011111001101110100010011111000101100000111 
332362000: system.memobj: -------------------------------------
332411000: system.memobj: mem->cpu Got response for addr 0x84d0 , 34000
332411000: system.memobj: size 0x8
332411000: system.memobj: id 94061726679920
332411000: system.memobj: data_hex : FF4889F3744F8B07 
332411000: system.memobj: data : 1111111101001000100010011111001101110100010011111000101100000111 
332411000: system.memobj: fix data : 1111111101001000100010011111001101110100010011111000101100000111 
332411000: system.memobj: -------------------------------------
332474000: system.memobj: mem->cpu Got response for addr 0x76448 , 484424
332474000: system.memobj: size 0x4
332474000: system.memobj: id 94061726680208
332474000: system.memobj: data_hex : 1C000000 
332474000: system.memobj: data : 00011100000000000000000000000000 
332474000: system.memobj: fix data : 00011100000000000000000000000000 
332474000: system.memobj: -------------------------------------
332523000: system.memobj: mem->cpu Got response for addr 0x84d8 , 34008
332523000: system.memobj: size 0x8
332523000: system.memobj: id 94061726680208
332523000: system.memobj: data_hex : 85C0744931ED48C7 
332523000: system.memobj: data : 1000010111000000011101000100100100110001111011010100100011000111 
332523000: system.memobj: fix data : 1000010111000000011101000100100100110001111011010100100011000111 
332523000: system.memobj: -------------------------------------
332572000: system.memobj: mem->cpu Got response for addr 0x84d8 , 34008
332572000: system.memobj: size 0x8
332572000: system.memobj: id 94061726679920
332572000: system.memobj: data_hex : 85C0744931ED48C7 
332572000: system.memobj: data : 1000010111000000011101000100100100110001111011010100100011000111 
332572000: system.memobj: fix data : 1000010111000000011101000100100100110001111011010100100011000111 
332572000: system.memobj: -------------------------------------
332621000: system.memobj: mem->cpu Got response for addr 0x84d8 , 34008
332621000: system.memobj: size 0x8
332621000: system.memobj: id 94061726680208
332621000: system.memobj: data_hex : 85C0744931ED48C7 
332621000: system.memobj: data : 1000010111000000011101000100100100110001111011010100100011000111 
332621000: system.memobj: fix data : 1000010111000000011101000100100100110001111011010100100011000111 
332621000: system.memobj: -------------------------------------
332670000: system.memobj: mem->cpu Got response for addr 0x84d8 , 34008
332670000: system.memobj: size 0x8
332670000: system.memobj: id 94061726679920
332670000: system.memobj: data_hex : 85C0744931ED48C7 
332670000: system.memobj: data : 1000010111000000011101000100100100110001111011010100100011000111 
332670000: system.memobj: fix data : 1000010111000000011101000100100100110001111011010100100011000111 
332670000: system.memobj: -------------------------------------
332733000: system.memobj: mem->cpu Got response for addr 0x84e0 , 34016
332733000: system.memobj: size 0x8
332733000: system.memobj: id 94061726680208
332733000: system.memobj: data_hex : 4620000000006681 
332733000: system.memobj: data : 0100011000100000000000000000000000000000000000000110011010000001 
332733000: system.memobj: fix data : 0100011000100000000000000000000000000000000000000110011010000001 
332733000: system.memobj: -------------------------------------
332733000: system.memobj: cpu->mem Got request for addr 0x814c0 , 529600
332733000: system.memobj: size 0x8
332733000: system.memobj: id 94061726680496
332733000: system.memobj: data_hex : 0000000000000000 
332733000: system.memobj: data : 0000000000000000000000000000000000000000000000000000000000000000 
332733000: system.memobj: hamming code addr: 529600 
332733000: system.memobj: hamming code : 0 
332733000: system.memobj: hamming code addr: 529608 
332733000: system.memobj: hamming code : 0 
332733000: system.memobj: hamming code addr: 529616 
332733000: system.memobj: hamming code : 0 
332733000: system.memobj: hamming code addr: 529624 
332733000: system.memobj: hamming code : 0 
332733000: system.memobj: hamming code addr: 529632 
332733000: system.memobj: hamming code : 0 
332733000: system.memobj: hamming code addr: 529640 
332733000: system.memobj: hamming code : 0 
332733000: system.memobj: hamming code addr: 529648 
332733000: system.memobj: hamming code : 0 
332733000: system.memobj: hamming code addr: 529656 
332733000: system.memobj: hamming code : 0 
332733000: system.memobj: Enter Error Bit index: 1 
332733000: system.memobj: flip data : 1000000000000000000000000000000000000000000000000000000000000000 
332733000: system.memobj: -------------------------------------
332803000: system.memobj: mem->cpu Got response for addr 0x84e0 , 34016
332803000: system.memobj: size 0x8
332803000: system.memobj: id 94061726680496
332803000: system.memobj: data_hex : 4620000000006681 
332803000: system.memobj: data : 0100011000100000000000000000000000000000000000000110011010000001 
332803000: system.memobj: fix data : 0100011000100000000000000000000000000000000000000110011010000001 
332803000: system.memobj: -------------------------------------
332852000: system.memobj: mem->cpu Got response for addr 0x84e8 , 34024
332852000: system.memobj: size 0x8
332852000: system.memobj: id 94061726680208
332852000: system.memobj: data_hex : 4E20F80748833D6C 
332852000: system.memobj: data : 0100111000100000111110000000011101001000100000110011110101101100 
332852000: system.memobj: fix data : 0100111000100000111110000000011101001000100000110011110101101100 
332852000: system.memobj: -------------------------------------
332872000: system.memobj: mem->cpu Got response for addr 0x814c0 , 529600
332872000: system.memobj: size 0x2
332872000: system.memobj: id 94061726681072
332872000: system.memobj: data_hex : 8000 
332872000: system.memobj: data : 1000000000000000 
332872000: system.memobj: hamming code addr: 529600 
332872000: system.memobj: hamming code out: 0 
332872000: system.memobj: find Error Bit index : 1 
332872000: system.memobj: hamming code addr: 529608 
332872000: system.memobj: hamming code out: 0 
332872000: system.memobj: fix data : 0000000000000000 
332872000: system.memobj: -------------------------------------
332872000: system.memobj: cpu->mem Got request for addr 0x814c0 , 529600
332872000: system.memobj: size 0x2
332872000: system.memobj: id 94061726681072
332872000: system.memobj: data_hex : F807 
332872000: system.memobj: data : 1111100000000111 
332872000: system.memobj: hamming code addr: 529600 
332872000: system.memobj: hamming code : 14 
332872000: system.memobj: hamming code addr: 529608 
332872000: system.memobj: hamming code : 13 
332872000: system.memobj: Enter Error Bit index: 2 
332872000: system.memobj: flip data : 1011100000000111 
332872000: system.memobj: -------------------------------------
332942000: system.memobj: mem->cpu Got response for addr 0x84e8 , 34024
332942000: system.memobj: size 0x8
332942000: system.memobj: id 94061726681072
332942000: system.memobj: data_hex : 4E20F80748833D6C 
332942000: system.memobj: data : 0100111000100000111110000000011101001000100000110011110101101100 
332942000: system.memobj: fix data : 0100111000100000111110000000011101001000100000110011110101101100 
332942000: system.memobj: -------------------------------------
332991000: system.memobj: mem->cpu Got response for addr 0x84f0 , 34032
332991000: system.memobj: size 0x8
332991000: system.memobj: id 94061726680208
332991000: system.memobj: data_hex : 7517000048C706FF 
332991000: system.memobj: data : 0111010100010111000000000000000001001000110001110000011011111111 
332991000: system.memobj: fix data : 0111010100010111000000000000000001001000110001110000011011111111 
332991000: system.memobj: -------------------------------------
333040000: system.memobj: mem->cpu Got response for addr 0x7fa60 , 522848
333040000: system.memobj: size 0x8
333040000: system.memobj: id 94061726681360
333040000: system.memobj: data_hex : 0000000000000000 
333040000: system.memobj: data : 0000000000000000000000000000000000000000000000000000000000000000 
333040000: system.memobj: fix data : 0000000000000000000000000000000000000000000000000000000000000000 
333040000: system.memobj: -------------------------------------
333089000: system.memobj: mem->cpu Got response for addr 0x84f0 , 34032
333089000: system.memobj: size 0x8
333089000: system.memobj: id 94061726681360
333089000: system.memobj: data_hex : 7517000048C706FF 
333089000: system.memobj: data : 0111010100010111000000000000000001001000110001110000011011111111 
333089000: system.memobj: fix data : 0111010100010111000000000000000001001000110001110000011011111111 
333089000: system.memobj: -------------------------------------
333138000: system.memobj: mem->cpu Got response for addr 0x84f8 , 34040
333138000: system.memobj: size 0x8
333138000: system.memobj: id 94061726680208
333138000: system.memobj: data_hex : FFFFFF4889560848 
333138000: system.memobj: data : 1111111111111111111111110100100010001001010101100000100001001000 
333138000: system.memobj: fix data : 1111111111111111111111110100100010001001010101100000100001001000 
333138000: system.memobj: -------------------------------------
333138000: system.memobj: cpu->mem Got request for addr 0x814a0 , 529568
333138000: system.memobj: size 0x8
333138000: system.memobj: id 94061726681648
333138000: system.memobj: data_hex : FFFFFFFFFFFFFFFF 
333138000: system.memobj: data : 1111111111111111111111111111111111111111111111111111111111111111 
333138000: system.memobj: hamming code addr: 529568 
333138000: system.memobj: hamming code : 3 
333138000: system.memobj: hamming code addr: 529576 
333138000: system.memobj: hamming code : 3 
333138000: system.memobj: hamming code addr: 529584 
333138000: system.memobj: hamming code : 3 
333138000: system.memobj: hamming code addr: 529592 
333138000: system.memobj: hamming code : 3 
333138000: system.memobj: hamming code addr: 529600 
333138000: system.memobj: hamming code : 3 
333138000: system.memobj: hamming code addr: 529608 
333138000: system.memobj: hamming code : 3 
333138000: system.memobj: hamming code addr: 529616 
333138000: system.memobj: hamming code : 3 
333138000: system.memobj: hamming code addr: 529624 
333138000: system.memobj: hamming code : 3 
333138000: system.memobj: Enter Error Bit index: 8 
333138000: system.memobj: flip data : 1111111011111111111111111111111111111111111111111111111111111111 
333138000: system.memobj: -------------------------------------
333208000: system.memobj: mem->cpu Got response for addr 0x84f8 , 34040
333208000: system.memobj: size 0x8
333208000: system.memobj: id 94061726681648
333208000: system.memobj: data_hex : FFFFFF4889560848 
333208000: system.memobj: data : 1111111111111111111111110100100010001001010101100000100001001000 
333208000: system.memobj: fix data : 1111111111111111111111110100100010001001010101100000100001001000 
333208000: system.memobj: -------------------------------------
333208000: system.memobj: cpu->mem Got request for addr 0x814a8 , 529576
333208000: system.memobj: size 0x8
333208000: system.memobj: id 94061726681936
333208000: system.memobj: data_hex : 0000000000000000 
333208000: system.memobj: data : 0000000000000000000000000000000000000000000000000000000000000000 
333208000: system.memobj: hamming code addr: 529576 
333208000: system.memobj: hamming code : 0 
333208000: system.memobj: hamming code addr: 529584 
333208000: system.memobj: hamming code : 0 
333208000: system.memobj: hamming code addr: 529592 
333208000: system.memobj: hamming code : 0 
333208000: system.memobj: hamming code addr: 529600 
333208000: system.memobj: hamming code : 0 
333208000: system.memobj: hamming code addr: 529608 
333208000: system.memobj: hamming code : 0 
333208000: system.memobj: hamming code addr: 529616 
333208000: system.memobj: hamming code : 0 
333208000: system.memobj: hamming code addr: 529624 
333208000: system.memobj: hamming code : 0 
333208000: system.memobj: hamming code addr: 529632 
333208000: system.memobj: hamming code : 0 
333208000: system.memobj: Enter Error Bit index: 8 
333208000: system.memobj: flip data : 0000000100000000000000000000000000000000000000000000000000000000 
333208000: system.memobj: -------------------------------------
333278000: system.memobj: mem->cpu Got response for addr 0x84f8 , 34040
333278000: system.memobj: size 0x8
333278000: system.memobj: id 94061726681936
333278000: system.memobj: data_hex : FFFFFF4889560848 
333278000: system.memobj: data : 1111111111111111111111110100100010001001010101100000100001001000 
333278000: system.memobj: fix data : 1111111111111111111111110100100010001001010101100000100001001000 
333278000: system.memobj: -------------------------------------
333327000: system.memobj: mem->cpu Got response for addr 0x8500 , 34048
333327000: system.memobj: size 0x8
333327000: system.memobj: id 94061726681648
333327000: system.memobj: data_hex : 894E1048897E1840 
333327000: system.memobj: data : 1000100101001110000100000100100010001001011111100001100001000000 
333327000: system.memobj: fix data : 1000100101001110000100000100100010001001011111100001100001000000 
333327000: system.memobj: -------------------------------------
333327000: system.memobj: cpu->mem Got request for addr 0x814b0 , 529584
333327000: system.memobj: size 0x8
333327000: system.memobj: id 94061726682224
333327000: system.memobj: data_hex : 0000000000000000 
333327000: system.memobj: data : 0000000000000000000000000000000000000000000000000000000000000000 
333327000: system.memobj: hamming code addr: 529584 
333327000: system.memobj: hamming code : 0 
333327000: system.memobj: hamming code addr: 529592 
333327000: system.memobj: hamming code : 0 
333327000: system.memobj: hamming code addr: 529600 
333327000: system.memobj: hamming code : 0 
333327000: system.memobj: hamming code addr: 529608 
333327000: system.memobj: hamming code : 0 
333327000: system.memobj: hamming code addr: 529616 
333327000: system.memobj: hamming code : 0 
333327000: system.memobj: hamming code addr: 529624 
333327000: system.memobj: hamming code : 0 
333327000: system.memobj: hamming code addr: 529632 
333327000: system.memobj: hamming code : 0 
333327000: system.memobj: hamming code addr: 529640 
333327000: system.memobj: hamming code : 0 
333327000: system.memobj: Enter Error Bit index: 7 
333327000: system.memobj: flip data : 0000001000000000000000000000000000000000000000000000000000000000 
333327000: system.memobj: -------------------------------------
333397000: system.memobj: mem->cpu Got response for addr 0x8500 , 34048
333397000: system.memobj: size 0x8
333397000: system.memobj: id 94061726682224
333397000: system.memobj: data_hex : 894E1048897E1840 
333397000: system.memobj: data : 1000100101001110000100000100100010001001011111100001100001000000 
333397000: system.memobj: fix data : 1000100101001110000100000100100010001001011111100001100001000000 
333397000: system.memobj: -------------------------------------
333397000: system.memobj: cpu->mem Got request for addr 0x814b8 , 529592
333397000: system.memobj: size 0x8
333397000: system.memobj: id 94061726682512
333397000: system.memobj: data_hex : 4864470000000000 
333397000: system.memobj: data : 0100100001100100010001110000000000000000000000000000000000000000 
333397000: system.memobj: hamming code addr: 529592 
333397000: system.memobj: hamming code : 12 
333397000: system.memobj: hamming code addr: 529600 
333397000: system.memobj: hamming code : 9 
333397000: system.memobj: hamming code addr: 529608 
333397000: system.memobj: hamming code : 8 
333397000: system.memobj: hamming code addr: 529616 
333397000: system.memobj: hamming code : 0 
333397000: system.memobj: hamming code addr: 529624 
333397000: system.memobj: hamming code : 0 
333397000: system.memobj: hamming code addr: 529632 
333397000: system.memobj: hamming code : 0 
333397000: system.memobj: hamming code addr: 529640 
333397000: system.memobj: hamming code : 0 
333397000: system.memobj: hamming code addr: 529648 
333397000: system.memobj: hamming code : 0 
333397000: system.memobj: Enter Error Bit index: 5 
333397000: system.memobj: flip data : 0100000001100100010001110000000000000000000000000000000000000000 
333397000: system.memobj: -------------------------------------
333467000: system.memobj: mem->cpu Got response for addr 0x8500 , 34048
333467000: system.memobj: size 0x8
333467000: system.memobj: id 94061726682512
333467000: system.memobj: data_hex : 894E1048897E1840 
333467000: system.memobj: data : 1000100101001110000100000100100010001001011111100001100001000000 
333467000: system.memobj: fix data : 1000100101001110000100000100100010001001011111100001100001000000 
333467000: system.memobj: -------------------------------------
333516000: system.memobj: mem->cpu Got response for addr 0x8508 , 34056
333516000: system.memobj: size 0x8
333516000: system.memobj: id 94061726682224
333516000: system.memobj: data_hex : 0F95C585ED754148 
333516000: system.memobj: data : 0000111110010101110001011000010111101101011101010100000101001000 
333516000: system.memobj: fix data : 0000111110010101110001011000010111101101011101010100000101001000 
333516000: system.memobj: -------------------------------------
333565000: system.memobj: mem->cpu Got response for addr 0x8508 , 34056
333565000: system.memobj: size 0x8
333565000: system.memobj: id 94061726682512
333565000: system.memobj: data_hex : 0F95C585ED754148 
333565000: system.memobj: data : 0000111110010101110001011000010111101101011101010100000101001000 
333565000: system.memobj: fix data : 0000111110010101110001011000010111101101011101010100000101001000 
333565000: system.memobj: -------------------------------------
333614000: system.memobj: mem->cpu Got response for addr 0x8508 , 34056
333614000: system.memobj: size 0x8
333614000: system.memobj: id 94061726682224
333614000: system.memobj: data_hex : 0F95C585ED754148 
333614000: system.memobj: data : 0000111110010101110001011000010111101101011101010100000101001000 
333614000: system.memobj: fix data : 0000111110010101110001011000010111101101011101010100000101001000 
333614000: system.memobj: -------------------------------------
333663000: system.memobj: mem->cpu Got response for addr 0x8508 , 34056
333663000: system.memobj: size 0x8
333663000: system.memobj: id 94061726682512
333663000: system.memobj: data_hex : 0F95C585ED754148 
333663000: system.memobj: data : 0000111110010101110001011000010111101101011101010100000101001000 
333663000: system.memobj: fix data : 0000111110010101110001011000010111101101011101010100000101001000 
333663000: system.memobj: -------------------------------------
333726000: system.memobj: mem->cpu Got response for addr 0x8510 , 34064
333726000: system.memobj: size 0x8
333726000: system.memobj: id 94061726682224
333726000: system.memobj: data_hex : 8B055A90180085ED 
333726000: system.memobj: data : 1000101100000101010110101001000000011000000000001000010111101101 
333726000: system.memobj: fix data : 1000101100000101010110101001000000011000000000001000010111101101 
333726000: system.memobj: -------------------------------------
333789000: system.memobj: mem->cpu Got response for addr 0x91570 , 595312
333789000: system.memobj: size 0x8
333789000: system.memobj: id 94061726682800
333789000: system.memobj: data_hex : 0000000000000000 
333789000: system.memobj: data : 0000000000000000000000000000000000000000000000000000000000000000 
333789000: system.memobj: fix data : 0000000000000000000000000000000000000000000000000000000000000000 
333789000: system.memobj: -------------------------------------
333838000: system.memobj: mem->cpu Got response for addr 0x8510 , 34064
333838000: system.memobj: size 0x8
333838000: system.memobj: id 94061726682800
333838000: system.memobj: data_hex : 8B055A90180085ED 
333838000: system.memobj: data : 1000101100000101010110101001000000011000000000001000010111101101 
333838000: system.memobj: fix data : 1000101100000101010110101001000000011000000000001000010111101101 
333838000: system.memobj: -------------------------------------
333887000: system.memobj: mem->cpu Got response for addr 0x8518 , 34072
333887000: system.memobj: size 0x8
333887000: system.memobj: id 94061726682224
333887000: system.memobj: data_hex : 4889432848891D4D 
333887000: system.memobj: data : 0100100010001001010000110010100001001000100010010001110101001101 
333887000: system.memobj: fix data : 0100100010001001010000110010100001001000100010010001110101001101 
333887000: system.memobj: -------------------------------------
333887000: system.memobj: cpu->mem Got request for addr 0x814c8 , 529608
333887000: system.memobj: size 0x8
333887000: system.memobj: id 94061726683088
333887000: system.memobj: data_hex : 0000000000000000 
333887000: system.memobj: data : 0000000000000000000000000000000000000000000000000000000000000000 
333887000: system.memobj: hamming code addr: 529608 
333887000: system.memobj: hamming code : 0 
333887000: system.memobj: hamming code addr: 529616 
333887000: system.memobj: hamming code : 0 
333887000: system.memobj: hamming code addr: 529624 
333887000: system.memobj: hamming code : 0 
333887000: system.memobj: hamming code addr: 529632 
333887000: system.memobj: hamming code : 0 
333887000: system.memobj: hamming code addr: 529640 
333887000: system.memobj: hamming code : 0 
333887000: system.memobj: hamming code addr: 529648 
333887000: system.memobj: hamming code : 0 
333887000: system.memobj: hamming code addr: 529656 
333887000: system.memobj: hamming code : 0 
333887000: system.memobj: hamming code addr: 529664 
333887000: system.memobj: hamming code : 0 
333887000: system.memobj: Enter Error Bit index: 1 
333887000: system.memobj: flip data : 1000000000000000000000000000000000000000000000000000000000000000 
333887000: system.memobj: -------------------------------------
333957000: system.memobj: mem->cpu Got response for addr 0x8518 , 34072
333957000: system.memobj: size 0x8
333957000: system.memobj: id 94061726683088
333957000: system.memobj: data_hex : 4889432848891D4D 
333957000: system.memobj: data : 0100100010001001010000110010100001001000100010010001110101001101 
333957000: system.memobj: fix data : 0100100010001001010000110010100001001000100010010001110101001101 
333957000: system.memobj: -------------------------------------
334006000: system.memobj: mem->cpu Got response for addr 0x8520 , 34080
334006000: system.memobj: size 0x8
334006000: system.memobj: id 94061726682224
334006000: system.memobj: data_hex : 901800750F488B5C 
334006000: system.memobj: data : 1001000000011000000000000111010100001111010010001000101101011100 
334006000: system.memobj: fix data : 1001000000011000000000000111010100001111010010001000101101011100 
334006000: system.memobj: -------------------------------------
334006000: system.memobj: cpu->mem Got request for addr 0x91570 , 595312
334006000: system.memobj: size 0x8
334006000: system.memobj: id 94061726683376
334006000: system.memobj: data_hex : A014580000000000 
334006000: system.memobj: data : 1010000000010100010110000000000000000000000000000000000000000000 
334006000: system.memobj: hamming code addr: 595312 
334006000: system.memobj: hamming code : 5 
334006000: system.memobj: hamming code addr: 595320 
334006000: system.memobj: hamming code : 13 
334006000: system.memobj: hamming code addr: 595328 
334006000: system.memobj: hamming code : 11 
334006000: system.memobj: hamming code addr: 595336 
334006000: system.memobj: hamming code : 0 
334006000: system.memobj: hamming code addr: 595344 
334006000: system.memobj: hamming code : 0 
334006000: system.memobj: hamming code addr: 595352 
334006000: system.memobj: hamming code : 0 
334006000: system.memobj: hamming code addr: 595360 
334006000: system.memobj: hamming code : 0 
334006000: system.memobj: hamming code addr: 595368 
334006000: system.memobj: hamming code : 0 
334006000: system.memobj: Enter Error Bit index: 3 
334006000: system.memobj: flip data : 1000000000010100010110000000000000000000000000000000000000000000 
334006000: system.memobj: -------------------------------------
334138000: system.memobj: mem->cpu Got response for addr 0x8520 , 34080
334138000: system.memobj: size 0x8
334138000: system.memobj: id 94061726683376
334138000: system.memobj: data_hex : 901800750F488B5C 
334138000: system.memobj: data : 1001000000011000000000000111010100001111010010001000101101011100 
334138000: system.memobj: fix data : 1001000000011000000000000111010100001111010010001000101101011100 
334138000: system.memobj: -------------------------------------
334187000: system.memobj: mem->cpu Got response for addr 0x8520 , 34080
334187000: system.memobj: size 0x8
334187000: system.memobj: id 94061726682224
334187000: system.memobj: data_hex : 901800750F488B5C 
334187000: system.memobj: data : 1001000000011000000000000111010100001111010010001000101101011100 
334187000: system.memobj: fix data : 1001000000011000000000000111010100001111010010001000101101011100 
334187000: system.memobj: -------------------------------------
334236000: system.memobj: mem->cpu Got response for addr 0x8528 , 34088
334236000: system.memobj: size 0x8
334236000: system.memobj: id 94061726683376
334236000: system.memobj: data_hex : 2408488B6C241048 
334236000: system.memobj: data : 0010010000001000010010001000101101101100001001000001000001001000 
334236000: system.memobj: fix data : 0010010000001000010010001000101101101100001001000001000001001000 
334236000: system.memobj: -------------------------------------
334299000: system.memobj: mem->cpu Got response for addr 0x94b38 , 609080
334299000: system.memobj: size 0x8
334299000: system.memobj: id 94061726682224
334299000: system.memobj: data_hex : 0100000000000000 
334299000: system.memobj: data : 0000000100000000000000000000000000000000000000000000000000000000 
334299000: system.memobj: hamming code addr: 609080 
334299000: system.memobj: hamming code out: 0 
334299000: system.memobj: find Error Bit index : 8 
334299000: system.memobj: hamming code addr: 609088 
334299000: system.memobj: hamming code out: 0 
334299000: system.memobj: hamming code addr: 609096 
334299000: system.memobj: hamming code out: 0 
334299000: system.memobj: hamming code addr: 609104 
334299000: system.memobj: hamming code out: 0 
334299000: system.memobj: hamming code addr: 609112 
334299000: system.memobj: hamming code out: 0 
334299000: system.memobj: hamming code addr: 609120 
334299000: system.memobj: hamming code out: 0 
334299000: system.memobj: hamming code addr: 609128 
334299000: system.memobj: hamming code out: 0 
334299000: system.memobj: hamming code addr: 609136 
334299000: system.memobj: hamming code out: 0 
334299000: system.memobj: fix data : 0000000000000000000000000000000000000000000000000000000000000000 
334299000: system.memobj: -------------------------------------
334348000: system.memobj: mem->cpu Got response for addr 0x8528 , 34088
334348000: system.memobj: size 0x8
334348000: system.memobj: id 94061726682224
334348000: system.memobj: data_hex : 2408488B6C241048 
334348000: system.memobj: data : 0010010000001000010010001000101101101100001001000001000001001000 
334348000: system.memobj: fix data : 0010010000001000010010001000101101101100001001000001000001001000 
334348000: system.memobj: -------------------------------------
334397000: system.memobj: mem->cpu Got response for addr 0x94b40 , 609088
334397000: system.memobj: size 0x8
334397000: system.memobj: id 94061726683376
334397000: system.memobj: data_hex : 10EBFFFFFF7F0000 
334397000: system.memobj: data : 0001000011101011111111111111111111111111011111110000000000000000 
334397000: system.memobj: hamming code addr: 609088 
334397000: system.memobj: hamming code out: 2 
334397000: system.memobj: find Error Bit index : 2 
334397000: system.memobj: hamming code addr: 609096 
334397000: system.memobj: hamming code out: 14 
334397000: system.memobj: hamming code addr: 609104 
334397000: system.memobj: hamming code out: 3 
334397000: system.memobj: hamming code addr: 609112 
334397000: system.memobj: hamming code out: 3 
334397000: system.memobj: hamming code addr: 609120 
334397000: system.memobj: hamming code out: 3 
334397000: system.memobj: hamming code addr: 609128 
334397000: system.memobj: hamming code out: 0 
334397000: system.memobj: hamming code addr: 609136 
334397000: system.memobj: hamming code out: 0 
334397000: system.memobj: hamming code addr: 609144 
334397000: system.memobj: hamming code out: 0 
334397000: system.memobj: fix data : 0101000011101011111111111111111111111111011111110000000000000000 
334397000: system.memobj: -------------------------------------
334446000: system.memobj: mem->cpu Got response for addr 0x8528 , 34088
334446000: system.memobj: size 0x8
334446000: system.memobj: id 94061726683376
334446000: system.memobj: data_hex : 2408488B6C241048 
334446000: system.memobj: data : 0010010000001000010010001000101101101100001001000001000001001000 
334446000: system.memobj: fix data : 0010010000001000010010001000101101101100001001000001000001001000 
334446000: system.memobj: -------------------------------------
334495000: system.memobj: mem->cpu Got response for addr 0x8530 , 34096
334495000: system.memobj: size 0x8
334495000: system.memobj: id 94061726682224
334495000: system.memobj: data_hex : 83C418C3488D3D05 
334495000: system.memobj: data : 1000001111000100000110001100001101001000100011010011110100000101 
334495000: system.memobj: fix data : 1000001111000100000110001100001101001000100011010011110100000101 
334495000: system.memobj: -------------------------------------
334544000: system.memobj: mem->cpu Got response for addr 0x8530 , 34096
334544000: system.memobj: size 0x8
334544000: system.memobj: id 94061726683376
334544000: system.memobj: data_hex : 83C418C3488D3D05 
334544000: system.memobj: data : 1000001111000100000110001100001101001000100011010011110100000101 
334544000: system.memobj: fix data : 1000001111000100000110001100001101001000100011010011110100000101 
334544000: system.memobj: -------------------------------------
334593000: system.memobj: mem->cpu Got response for addr 0x94b48 , 609096
334593000: system.memobj: size 0x8
334593000: system.memobj: id 94061726682224
334593000: system.memobj: data_hex : 4C02400000000000 
334593000: system.memobj: data : 0100110000000010010000000000000000000000000000000000000000000000 
334593000: system.memobj: hamming code addr: 609096 
334593000: system.memobj: hamming code out: 10 
334593000: system.memobj: find Error Bit index : 8 
334593000: system.memobj: hamming code addr: 609104 
334593000: system.memobj: hamming code out: 11 
334593000: system.memobj: hamming code addr: 609112 
334593000: system.memobj: hamming code out: 5 
334593000: system.memobj: hamming code addr: 609120 
334593000: system.memobj: hamming code out: 0 
334593000: system.memobj: hamming code addr: 609128 
334593000: system.memobj: hamming code out: 0 
334593000: system.memobj: hamming code addr: 609136 
334593000: system.memobj: hamming code out: 0 
334593000: system.memobj: hamming code addr: 609144 
334593000: system.memobj: hamming code out: 0 
334593000: system.memobj: hamming code addr: 609152 
334593000: system.memobj: hamming code out: 0 
334593000: system.memobj: fix data : 0100110100000010010000000000000000000000000000000000000000000000 
334593000: system.memobj: -------------------------------------
334642000: system.memobj: mem->cpu Got response for addr 0x248 , 584
334642000: system.memobj: size 0x8
334642000: system.memobj: id 94061726682224
334642000: system.memobj: data_hex : E81383000048833D 
334642000: system.memobj: data : 1110100000010011100000110000000000000000010010001000001100111101 
334642000: system.memobj: fix data : 1110100000010011100000110000000000000000010010001000001100111101 
334642000: system.memobj: -------------------------------------
334691000: system.memobj: mem->cpu Got response for addr 0x250 , 592
334691000: system.memobj: size 0x8
334691000: system.memobj: id 94061726683376
334691000: system.memobj: data_hex : DBED1700007419B8 
334691000: system.memobj: data : 1101101111101101000101110000000000000000011101000001100110111000 
334691000: system.memobj: fix data : 1101101111101101000101110000000000000000011101000001100110111000 
334691000: system.memobj: -------------------------------------
334740000: system.memobj: mem->cpu Got response for addr 0x7f030 , 520240
334740000: system.memobj: size 0x8
334740000: system.memobj: id 94061726683664
334740000: system.memobj: data_hex : 0000000000000000 
334740000: system.memobj: data : 0000000000000000000000000000000000000000000000000000000000000000 
334740000: system.memobj: fix data : 0000000000000000000000000000000000000000000000000000000000000000 
334740000: system.memobj: -------------------------------------
334789000: system.memobj: mem->cpu Got response for addr 0x250 , 592
334789000: system.memobj: size 0x8
334789000: system.memobj: id 94061726683664
334789000: system.memobj: data_hex : DBED1700007419B8 
334789000: system.memobj: data : 1101101111101101000101110000000000000000011101000001100110111000 
334789000: system.memobj: fix data : 1101101111101101000101110000000000000000011101000001100110111000 
334789000: system.memobj: -------------------------------------
334838000: system.memobj: mem->cpu Got response for addr 0x270 , 624
334838000: system.memobj: size 0x8
334838000: system.memobj: id 94061726683376
334838000: system.memobj: data_hex : C9C39090554889E5 
334838000: system.memobj: data : 1100100111000011100100001001000001010101010010001000100111100101 
334838000: system.memobj: fix data : 1100100111000011100100001001000001010101010010001000100111100101 
334838000: system.memobj: -------------------------------------
335145000: system.memobj: mem->cpu Got response for addr 0x94b50 , 609104
335145000: system.memobj: size 0x8
335145000: system.memobj: id 94061726683664
335145000: system.memobj: data_hex : 1000000000000000 
335145000: system.memobj: data : 0001000000000000000000000000000000000000000000000000000000000000 
335145000: system.memobj: hamming code addr: 609104 
335145000: system.memobj: hamming code out: 0 
335145000: system.memobj: find Error Bit index : 4 
335145000: system.memobj: hamming code addr: 609112 
335145000: system.memobj: hamming code out: 0 
335145000: system.memobj: hamming code addr: 609120 
335145000: system.memobj: hamming code out: 0 
335145000: system.memobj: hamming code addr: 609128 
335145000: system.memobj: hamming code out: 0 
335145000: system.memobj: hamming code addr: 609136 
335145000: system.memobj: hamming code out: 0 
335145000: system.memobj: hamming code addr: 609144 
335145000: system.memobj: hamming code out: 0 
335145000: system.memobj: hamming code addr: 609152 
335145000: system.memobj: hamming code out: 0 
335145000: system.memobj: hamming code addr: 609160 
335145000: system.memobj: hamming code out: 0 
335145000: system.memobj: fix data : 0000000000000000000000000000000000000000000000000000000000000000 
335145000: system.memobj: -------------------------------------
335208000: system.memobj: mem->cpu Got response for addr 0x270 , 624
335208000: system.memobj: size 0x8
335208000: system.memobj: id 94061726683664
335208000: system.memobj: data_hex : C9C39090554889E5 
335208000: system.memobj: data : 1100100111000011100100001001000001010101010010001000100111100101 
335208000: system.memobj: fix data : 1100100111000011100100001001000001010101010010001000100111100101 
335208000: system.memobj: -------------------------------------
335257000: system.memobj: mem->cpu Got response for addr 0x94b58 , 609112
335257000: system.memobj: size 0x8
335257000: system.memobj: id 94061726683376
335257000: system.memobj: data_hex : 0601400000000000 
335257000: system.memobj: data : 0000011000000001010000000000000000000000000000000000000000000000 
335257000: system.memobj: hamming code addr: 609112 
335257000: system.memobj: hamming code out: 2 
335257000: system.memobj: find Error Bit index : 1 
335257000: system.memobj: hamming code addr: 609120 
335257000: system.memobj: hamming code out: 12 
335257000: system.memobj: hamming code addr: 609128 
335257000: system.memobj: hamming code out: 5 
335257000: system.memobj: hamming code addr: 609136 
335257000: system.memobj: hamming code out: 0 
335257000: system.memobj: hamming code addr: 609144 
335257000: system.memobj: hamming code out: 0 
335257000: system.memobj: hamming code addr: 609152 
335257000: system.memobj: hamming code out: 0 
335257000: system.memobj: hamming code addr: 609160 
335257000: system.memobj: hamming code out: 0 
335257000: system.memobj: hamming code addr: 609168 
335257000: system.memobj: hamming code out: 0 
335257000: system.memobj: fix data : 1000011000000001010000000000000000000000000000000000000000000000 
335257000: system.memobj: -------------------------------------
335306000: system.memobj: mem->cpu Got response for addr 0x180 , 384
335306000: system.memobj: size 0x8
335306000: system.memobj: id 94061726683376
335306000: system.memobj: data_hex : 00E8AA000000E805 
335306000: system.memobj: data : 0000000011101000101010100000000000000000000000001110100000000101 
335306000: system.memobj: fix data : 0000000011101000101010100000000000000000000000001110100000000101 
335306000: system.memobj: -------------------------------------
335355000: system.memobj: mem->cpu Got response for addr 0x188 , 392
335355000: system.memobj: size 0x8
335355000: system.memobj: id 94061726683664
335355000: system.memobj: data_hex : CB05004883C408C3 
335355000: system.memobj: data : 1100101100000101000000000100100010000011110001000000100011000011 
335355000: system.memobj: fix data : 1100101100000101000000000100100010000011110001000000100011000011 
335355000: system.memobj: -------------------------------------
335355000: system.memobj: cpu->mem Got request for addr 0x94b58 , 609112
335355000: system.memobj: size 0x8
335355000: system.memobj: id 94061726683952
335355000: system.memobj: data_hex : 8B01400000000000 
335355000: system.memobj: data : 1000101100000001010000000000000000000000000000000000000000000000 
335355000: system.memobj: hamming code addr: 609112 
335355000: system.memobj: hamming code : 13 
335355000: system.memobj: hamming code addr: 609120 
335355000: system.memobj: hamming code : 12 
335355000: system.memobj: hamming code addr: 609128 
335355000: system.memobj: hamming code : 5 
335355000: system.memobj: hamming code addr: 609136 
335355000: system.memobj: hamming code : 0 
335355000: system.memobj: hamming code addr: 609144 
335355000: system.memobj: hamming code : 0 
335355000: system.memobj: hamming code addr: 609152 
335355000: system.memobj: hamming code : 0 
335355000: system.memobj: hamming code addr: 609160 
335355000: system.memobj: hamming code : 0 
335355000: system.memobj: hamming code addr: 609168 
335355000: system.memobj: hamming code : 0 
335355000: system.memobj: Enter Error Bit index: 2 
335355000: system.memobj: flip data : 1100101100000001010000000000000000000000000000000000000000000000 
335355000: system.memobj: -------------------------------------
335439000: system.memobj: mem->cpu Got response for addr 0x5cc90 , 380048
335439000: system.memobj: size 0x8
335439000: system.memobj: id 94061726683952
335439000: system.memobj: data_hex : 554889E55348C7C3 
335439000: system.memobj: data : 0101010101001000100010011110010101010011010010001100011111000011 
335439000: system.memobj: fix data : 0101010101001000100010011110010101010011010010001100011111000011 
335439000: system.memobj: -------------------------------------
335439000: system.memobj: cpu->mem Got request for addr 0x94b50 , 609104
335439000: system.memobj: size 0x8
335439000: system.memobj: id 94061726683664
335439000: system.memobj: data_hex : 0000000000000000 
335439000: system.memobj: data : 0000000000000000000000000000000000000000000000000000000000000000 
335439000: system.memobj: hamming code addr: 609104 
335439000: system.memobj: hamming code : 0 
335439000: system.memobj: hamming code addr: 609112 
335439000: system.memobj: hamming code : 0 
335439000: system.memobj: hamming code addr: 609120 
335439000: system.memobj: hamming code : 0 
335439000: system.memobj: hamming code addr: 609128 
335439000: system.memobj: hamming code : 0 
335439000: system.memobj: hamming code addr: 609136 
335439000: system.memobj: hamming code : 0 
335439000: system.memobj: hamming code addr: 609144 
335439000: system.memobj: hamming code : 0 
335439000: system.memobj: hamming code addr: 609152 
335439000: system.memobj: hamming code : 0 
335439000: system.memobj: hamming code addr: 609160 
335439000: system.memobj: hamming code : 0 
335439000: system.memobj: Enter Error Bit index: 4 
335439000: system.memobj: flip data : 0001000000000000000000000000000000000000000000000000000000000000 
335439000: system.memobj: -------------------------------------
335509000: system.memobj: mem->cpu Got response for addr 0x5cc90 , 380048
335509000: system.memobj: size 0x8
335509000: system.memobj: id 94061726683664
335509000: system.memobj: data_hex : 554889E55348C7C3 
335509000: system.memobj: data : 0101010101001000100010011110010101010011010010001100011111000011 
335509000: system.memobj: fix data : 0101010101001000100010011110010101010011010010001100011111000011 
335509000: system.memobj: -------------------------------------
335558000: system.memobj: mem->cpu Got response for addr 0x5cc90 , 380048
335558000: system.memobj: size 0x8
335558000: system.memobj: id 94061726683952
335558000: system.memobj: data_hex : 554889E55348C7C3 
335558000: system.memobj: data : 0101010101001000100010011110010101010011010010001100011111000011 
335558000: system.memobj: fix data : 0101010101001000100010011110010101010011010010001100011111000011 
335558000: system.memobj: -------------------------------------
335558000: system.memobj: cpu->mem Got request for addr 0x94b48 , 609096
335558000: system.memobj: size 0x8
335558000: system.memobj: id 94061726683664
335558000: system.memobj: data_hex : 0000000000000000 
335558000: system.memobj: data : 0000000000000000000000000000000000000000000000000000000000000000 
335558000: system.memobj: hamming code addr: 609096 
335558000: system.memobj: hamming code : 0 
335558000: system.memobj: hamming code addr: 609104 
335558000: system.memobj: hamming code : 0 
335558000: system.memobj: hamming code addr: 609112 
335558000: system.memobj: hamming code : 0 
335558000: system.memobj: hamming code addr: 609120 
335558000: system.memobj: hamming code : 0 
335558000: system.memobj: hamming code addr: 609128 
335558000: system.memobj: hamming code : 0 
335558000: system.memobj: hamming code addr: 609136 
335558000: system.memobj: hamming code : 0 
335558000: system.memobj: hamming code addr: 609144 
335558000: system.memobj: hamming code : 0 
335558000: system.memobj: hamming code addr: 609152 
335558000: system.memobj: hamming code : 0 
335558000: system.memobj: Enter Error Bit index: 2 
335558000: system.memobj: flip data : 0100000000000000000000000000000000000000000000000000000000000000 
335558000: system.memobj: -------------------------------------
335628000: system.memobj: mem->cpu Got response for addr 0x5cc90 , 380048
335628000: system.memobj: size 0x8
335628000: system.memobj: id 94061726683664
335628000: system.memobj: data_hex : 554889E55348C7C3 
335628000: system.memobj: data : 0101010101001000100010011110010101010011010010001100011111000011 
335628000: system.memobj: fix data : 0101010101001000100010011110010101010011010010001100011111000011 
335628000: system.memobj: -------------------------------------
335677000: system.memobj: mem->cpu Got response for addr 0x5cc98 , 380056
335677000: system.memobj: size 0x8
335677000: system.memobj: id 94061726683952
335677000: system.memobj: data_hex : 08F057004883EC08 
335677000: system.memobj: data : 0000100011110000010101110000000001001000100000111110110000001000 
335677000: system.memobj: fix data : 0000100011110000010101110000000001001000100000111110110000001000 
335677000: system.memobj: -------------------------------------
335726000: system.memobj: mem->cpu Got response for addr 0x5cc98 , 380056
335726000: system.memobj: size 0x8
335726000: system.memobj: id 94061726683664
335726000: system.memobj: data_hex : 08F057004883EC08 
335726000: system.memobj: data : 0000100011110000010101110000000001001000100000111110110000001000 
335726000: system.memobj: fix data : 0000100011110000010101110000000001001000100000111110110000001000 
335726000: system.memobj: -------------------------------------
335775000: system.memobj: mem->cpu Got response for addr 0x5cca0 , 380064
335775000: system.memobj: size 0x8
335775000: system.memobj: id 94061726683952
335775000: system.memobj: data_hex : 488B0561231200EB 
335775000: system.memobj: data : 0100100010001011000001010110000100100011000100100000000011101011 
335775000: system.memobj: fix data : 0100100010001011000001010110000100100011000100100000000011101011 
335775000: system.memobj: -------------------------------------
335838000: system.memobj: mem->cpu Got response for addr 0x7f008 , 520200
335838000: system.memobj: size 0x8
335838000: system.memobj: id 94061726684240
335838000: system.memobj: data_hex : B0A0400000000000 
335838000: system.memobj: data : 1011000010100000010000000000000000000000000000000000000000000000 
335838000: system.memobj: fix data : 1011000010100000010000000000000000000000000000000000000000000000 
335838000: system.memobj: -------------------------------------
335887000: system.memobj: mem->cpu Got response for addr 0x5cca0 , 380064
335887000: system.memobj: size 0x8
335887000: system.memobj: id 94061726684240
335887000: system.memobj: data_hex : 488B0561231200EB 
335887000: system.memobj: data : 0100100010001011000001010110000100100011000100100000000011101011 
335887000: system.memobj: fix data : 0100100010001011000001010110000100100011000100100000000011101011 
335887000: system.memobj: -------------------------------------
335936000: system.memobj: mem->cpu Got response for addr 0x5cca8 , 380072
335936000: system.memobj: size 0x8
335936000: system.memobj: id 94061726683952
335936000: system.memobj: data_hex : 1066666690666690 
335936000: system.memobj: data : 0001000001100110011001100110011010010000011001100110011010010000 
335936000: system.memobj: fix data : 0001000001100110011001100110011010010000011001100110011010010000 
335936000: system.memobj: -------------------------------------
335985000: system.memobj: mem->cpu Got response for addr 0x5ccb8 , 380088
335985000: system.memobj: size 0x8
335985000: system.memobj: id 94061726684240
335985000: system.memobj: data_hex : 034883F8FF75F148 
335985000: system.memobj: data : 0000001101001000100000111111100011111111011101011111000101001000 
335985000: system.memobj: fix data : 0000001101001000100000111111100011111111011101011111000101001000 
335985000: system.memobj: -------------------------------------
336034000: system.memobj: mem->cpu Got response for addr 0x5ccb8 , 380088
336034000: system.memobj: size 0x8
336034000: system.memobj: id 94061726683952
336034000: system.memobj: data_hex : 034883F8FF75F148 
336034000: system.memobj: data : 0000001101001000100000111111100011111111011101011111000101001000 
336034000: system.memobj: fix data : 0000001101001000100000111111100011111111011101011111000101001000 
336034000: system.memobj: -------------------------------------
336083000: system.memobj: mem->cpu Got response for addr 0x5ccb0 , 380080
336083000: system.memobj: size 0x8
336083000: system.memobj: id 94061726684240
336083000: system.memobj: data_hex : 4883EB08FFD0488B 
336083000: system.memobj: data : 0100100010000011111010110000100011111111110100000100100010001011 
336083000: system.memobj: fix data : 0100100010000011111010110000100011111111110100000100100010001011 
336083000: system.memobj: -------------------------------------
336132000: system.memobj: mem->cpu Got response for addr 0x5ccb0 , 380080
336132000: system.memobj: size 0x8
336132000: system.memobj: id 94061726683952
336132000: system.memobj: data_hex : 4883EB08FFD0488B 
336132000: system.memobj: data : 0100100010000011111010110000100011111111110100000100100010001011 
336132000: system.memobj: fix data : 0100100010000011111010110000100011111111110100000100100010001011 
336132000: system.memobj: -------------------------------------
336132000: system.memobj: cpu->mem Got request for addr 0x94b38 , 609080
336132000: system.memobj: size 0x8
336132000: system.memobj: id 94061726684528
336132000: system.memobj: data_hex : B6CC450000000000 
336132000: system.memobj: data : 1011011011001100010001010000000000000000000000000000000000000000 
336132000: system.memobj: hamming code addr: 609080 
336132000: system.memobj: hamming code : 3 
336132000: system.memobj: hamming code addr: 609088 
336132000: system.memobj: hamming code : 5 
336132000: system.memobj: hamming code addr: 609096 
336132000: system.memobj: hamming code : 3 
336132000: system.memobj: hamming code addr: 609104 
336132000: system.memobj: hamming code : 0 
336132000: system.memobj: hamming code addr: 609112 
336132000: system.memobj: hamming code : 0 
336132000: system.memobj: hamming code addr: 609120 
336132000: system.memobj: hamming code : 0 
336132000: system.memobj: hamming code addr: 609128 
336132000: system.memobj: hamming code : 0 
336132000: system.memobj: hamming code addr: 609136 
336132000: system.memobj: hamming code : 0 
336132000: system.memobj: Enter Error Bit index: 5 
336132000: system.memobj: flip data : 1011111011001100010001010000000000000000000000000000000000000000 
336132000: system.memobj: -------------------------------------
336216000: system.memobj: mem->cpu Got response for addr 0xa0b0 , 41136
336216000: system.memobj: size 0x8
336216000: system.memobj: id 94061726684528
336216000: system.memobj: data_hex : 48895C24F048896C 
336216000: system.memobj: data : 0100100010001001010111000010010011110000010010001000100101101100 
336216000: system.memobj: fix data : 0100100010001001010111000010010011110000010010001000100101101100 
336216000: system.memobj: -------------------------------------
336216000: system.memobj: cpu->mem Got request for addr 0x94b28 , 609064
336216000: system.memobj: size 0x8
336216000: system.memobj: id 94061726683952
336216000: system.memobj: data_hex : 00F0570000000000 
336216000: system.memobj: data : 0000000011110000010101110000000000000000000000000000000000000000 
336216000: system.memobj: hamming code addr: 609064 
336216000: system.memobj: hamming code : 0 
336216000: system.memobj: hamming code addr: 609072 
336216000: system.memobj: hamming code : 7 
336216000: system.memobj: hamming code addr: 609080 
336216000: system.memobj: hamming code : 15 
336216000: system.memobj: hamming code addr: 609088 
336216000: system.memobj: hamming code : 0 
336216000: system.memobj: hamming code addr: 609096 
336216000: system.memobj: hamming code : 0 
336216000: system.memobj: hamming code addr: 609104 
336216000: system.memobj: hamming code : 0 
336216000: system.memobj: hamming code addr: 609112 
336216000: system.memobj: hamming code : 0 
336216000: system.memobj: hamming code addr: 609120 
336216000: system.memobj: hamming code : 0 
336216000: system.memobj: Enter Error Bit index: 8 
336216000: system.memobj: flip data : 0000000111110000010101110000000000000000000000000000000000000000 
336216000: system.memobj: -------------------------------------
336286000: system.memobj: mem->cpu Got response for addr 0xa0b0 , 41136
336286000: system.memobj: size 0x8
336286000: system.memobj: id 94061726683952
336286000: system.memobj: data_hex : 48895C24F048896C 
336286000: system.memobj: data : 0100100010001001010111000010010011110000010010001000100101101100 
336286000: system.memobj: fix data : 0100100010001001010111000010010011110000010010001000100101101100 
336286000: system.memobj: -------------------------------------
336335000: system.memobj: mem->cpu Got response for addr 0xa0b8 , 41144
336335000: system.memobj: size 0x8
336335000: system.memobj: id 94061726684528
336335000: system.memobj: data_hex : 24F84883EC284883 
336335000: system.memobj: data : 0010010011111000010010001000001111101100001010000100100010000011 
336335000: system.memobj: fix data : 0010010011111000010010001000001111101100001010000100100010000011 
336335000: system.memobj: -------------------------------------
336335000: system.memobj: cpu->mem Got request for addr 0x94b30 , 609072
336335000: system.memobj: size 0x8
336335000: system.memobj: id 94061726683952
336335000: system.memobj: data_hex : 50EBFFFFFF7F0000 
336335000: system.memobj: data : 0101000011101011111111111111111111111111011111110000000000000000 
336335000: system.memobj: hamming code addr: 609072 
336335000: system.memobj: hamming code : 2 
336335000: system.memobj: hamming code addr: 609080 
336335000: system.memobj: hamming code : 14 
336335000: system.memobj: hamming code addr: 609088 
336335000: system.memobj: hamming code : 3 
336335000: system.memobj: hamming code addr: 609096 
336335000: system.memobj: hamming code : 3 
336335000: system.memobj: hamming code addr: 609104 
336335000: system.memobj: hamming code : 3 
336335000: system.memobj: hamming code addr: 609112 
336335000: system.memobj: hamming code : 0 
336335000: system.memobj: hamming code addr: 609120 
336335000: system.memobj: hamming code : 0 
336335000: system.memobj: hamming code addr: 609128 
336335000: system.memobj: hamming code : 0 
336335000: system.memobj: Enter Error Bit index: 6 
336335000: system.memobj: flip data : 0101010011101011111111111111111111111111011111110000000000000000 
336335000: system.memobj: -------------------------------------
336405000: system.memobj: mem->cpu Got response for addr 0xa0b8 , 41144
336405000: system.memobj: size 0x8
336405000: system.memobj: id 94061726683952
336405000: system.memobj: data_hex : 24F84883EC284883 
336405000: system.memobj: data : 0010010011111000010010001000001111101100001010000100100010000011 
336405000: system.memobj: fix data : 0010010011111000010010001000001111101100001010000100100010000011 
336405000: system.memobj: -------------------------------------
336454000: system.memobj: mem->cpu Got response for addr 0xa0b8 , 41144
336454000: system.memobj: size 0x8
336454000: system.memobj: id 94061726684528
336454000: system.memobj: data_hex : 24F84883EC284883 
336454000: system.memobj: data : 0010010011111000010010001000001111101100001010000100100010000011 
336454000: system.memobj: fix data : 0010010011111000010010001000001111101100001010000100100010000011 
336454000: system.memobj: -------------------------------------
336503000: system.memobj: mem->cpu Got response for addr 0xa0c0 , 41152
336503000: system.memobj: size 0x8
336503000: system.memobj: id 94061726683952
336503000: system.memobj: data_hex : 3D227F180000740F 
336503000: system.memobj: data : 0011110100100010011111110001100000000000000000000111010000001111 
336503000: system.memobj: fix data : 0011110100100010011111110001100000000000000000000111010000001111 
336503000: system.memobj: -------------------------------------
336566000: system.memobj: mem->cpu Got response for addr 0x91fe8 , 597992
336566000: system.memobj: size 0x8
336566000: system.memobj: id 94061726684816
336566000: system.memobj: data_hex : 0000000000000000 
336566000: system.memobj: data : 0000000000000000000000000000000000000000000000000000000000000000 
336566000: system.memobj: fix data : 0000000000000000000000000000000000000000000000000000000000000000 
336566000: system.memobj: -------------------------------------
336615000: system.memobj: mem->cpu Got response for addr 0xa0c0 , 41152
336615000: system.memobj: size 0x8
336615000: system.memobj: id 94061726684816
336615000: system.memobj: data_hex : 3D227F180000740F 
336615000: system.memobj: data : 0011110100100010011111110001100000000000000000000111010000001111 
336615000: system.memobj: fix data : 0011110100100010011111110001100000000000000000000111010000001111 
336615000: system.memobj: -------------------------------------
336664000: system.memobj: mem->cpu Got response for addr 0xa0d0 , 41168
336664000: system.memobj: size 0x8
336664000: system.memobj: id 94061726683952
336664000: system.memobj: data_hex : 24204883C428C3B8 
336664000: system.memobj: data : 0010010000100000010010001000001111000100001010001100001110111000 
336664000: system.memobj: fix data : 0010010000100000010010001000001111000100001010001100001110111000 
336664000: system.memobj: -------------------------------------
336713000: system.memobj: mem->cpu Got response for addr 0xa0d8 , 41176
336713000: system.memobj: size 0x8
336713000: system.memobj: id 94061726684816
336713000: system.memobj: data_hex : 000D0AFF31F6BF25 
336713000: system.memobj: data : 0000000000001101000010101111111100110001111101101011111100100101 
336713000: system.memobj: fix data : 0000000000001101000010101111111100110001111101101011111100100101 
336713000: system.memobj: -------------------------------------
336762000: system.memobj: mem->cpu Got response for addr 0xa0d8 , 41176
336762000: system.memobj: size 0x8
336762000: system.memobj: id 94061726683952
336762000: system.memobj: data_hex : 000D0AFF31F6BF25 
336762000: system.memobj: data : 0000000000001101000010101111111100110001111101101011111100100101 
336762000: system.memobj: fix data : 0000000000001101000010101111111100110001111101101011111100100101 
336762000: system.memobj: -------------------------------------
336811000: system.memobj: mem->cpu Got response for addr 0xa0d8 , 41176
336811000: system.memobj: size 0x8
336811000: system.memobj: id 94061726684816
336811000: system.memobj: data_hex : 000D0AFF31F6BF25 
336811000: system.memobj: data : 0000000000001101000010101111111100110001111101101011111100100101 
336811000: system.memobj: fix data : 0000000000001101000010101111111100110001111101101011111100100101 
336811000: system.memobj: -------------------------------------
336860000: system.memobj: mem->cpu Got response for addr 0xa0e0 , 41184
336860000: system.memobj: size 0x8
336860000: system.memobj: id 94061726683952
336860000: system.memobj: data_hex : E34500488905FE7E 
336860000: system.memobj: data : 1110001101000101000000000100100010001001000001011111111001111110 
336860000: system.memobj: fix data : 1110001101000101000000000100100010001001000001011111111001111110 
336860000: system.memobj: -------------------------------------
336909000: system.memobj: mem->cpu Got response for addr 0xa0e0 , 41184
336909000: system.memobj: size 0x8
336909000: system.memobj: id 94061726684816
336909000: system.memobj: data_hex : E34500488905FE7E 
336909000: system.memobj: data : 1110001101000101000000000100100010001001000001011111111001111110 
336909000: system.memobj: fix data : 1110001101000101000000000100100010001001000001011111111001111110 
336909000: system.memobj: -------------------------------------
336958000: system.memobj: mem->cpu Got response for addr 0xa0e8 , 41192
336958000: system.memobj: size 0x8
336958000: system.memobj: id 94061726683952
336958000: system.memobj: data_hex : 180031C0E88F9200 
336958000: system.memobj: data : 0001100000000000001100011100000011101000100011111001001000000000 
336958000: system.memobj: fix data : 0001100000000000001100011100000011101000100011111001001000000000 
336958000: system.memobj: -------------------------------------
336958000: system.memobj: cpu->mem Got request for addr 0x91fe8 , 597992
336958000: system.memobj: size 0x8
336958000: system.memobj: id 94061726685104
336958000: system.memobj: data_hex : 000D0AFF00000000 
336958000: system.memobj: data : 0000000000001101000010101111111100000000000000000000000000000000 
336958000: system.memobj: hamming code addr: 597992 
336958000: system.memobj: hamming code : 0 
336958000: system.memobj: hamming code addr: 598000 
336958000: system.memobj: hamming code : 15 
336958000: system.memobj: hamming code addr: 598008 
336958000: system.memobj: hamming code : 2 
336958000: system.memobj: hamming code addr: 598016 
336958000: system.memobj: hamming code : 3 
336958000: system.memobj: hamming code addr: 598024 
336958000: system.memobj: hamming code : 0 
336958000: system.memobj: hamming code addr: 598032 
336958000: system.memobj: hamming code : 0 
336958000: system.memobj: hamming code addr: 598040 
336958000: system.memobj: hamming code : 0 
336958000: system.memobj: hamming code addr: 598048 
336958000: system.memobj: hamming code : 0 
336958000: system.memobj: Enter Error Bit index: 7 
336958000: system.memobj: flip data : 0000001000001101000010101111111100000000000000000000000000000000 
336958000: system.memobj: -------------------------------------
337028000: system.memobj: mem->cpu Got response for addr 0xa0e8 , 41192
337028000: system.memobj: size 0x8
337028000: system.memobj: id 94061726685104
337028000: system.memobj: data_hex : 180031C0E88F9200 
337028000: system.memobj: data : 0001100000000000001100011100000011101000100011111001001000000000 
337028000: system.memobj: fix data : 0001100000000000001100011100000011101000100011111001001000000000 
337028000: system.memobj: -------------------------------------
337077000: system.memobj: mem->cpu Got response for addr 0xa0e8 , 41192
337077000: system.memobj: size 0x8
337077000: system.memobj: id 94061726683952
337077000: system.memobj: data_hex : 180031C0E88F9200 
337077000: system.memobj: data : 0001100000000000001100011100000011101000100011111001001000000000 
337077000: system.memobj: fix data : 0001100000000000001100011100000011101000100011111001001000000000 
337077000: system.memobj: -------------------------------------
337140000: system.memobj: mem->cpu Got response for addr 0xa0f0 , 41200
337140000: system.memobj: size 0x8
337140000: system.memobj: id 94061726685104
337140000: system.memobj: data_hex : 0083F8FF89C57421 
337140000: system.memobj: data : 0000000010000011111110001111111110001001110001010111010000100001 
337140000: system.memobj: fix data : 0000000010000011111110001111111110001001110001010111010000100001 
337140000: system.memobj: -------------------------------------
337140000: system.memobj: cpu->mem Got request for addr 0x94b08 , 609032
337140000: system.memobj: size 0x8
337140000: system.memobj: id 94061726685392
337140000: system.memobj: data_hex : F1A0400000000000 
337140000: system.memobj: data : 1111000110100000010000000000000000000000000000000000000000000000 
337140000: system.memobj: hamming code addr: 609032 
337140000: system.memobj: hamming code : 11 
337140000: system.memobj: hamming code addr: 609040 
337140000: system.memobj: hamming code : 5 
337140000: system.memobj: hamming code addr: 609048 
337140000: system.memobj: hamming code : 5 
337140000: system.memobj: hamming code addr: 609056 
337140000: system.memobj: hamming code : 0 
337140000: system.memobj: hamming code addr: 609064 
337140000: system.memobj: hamming code : 0 
337140000: system.memobj: hamming code addr: 609072 
337140000: system.memobj: hamming code : 0 
337140000: system.memobj: hamming code addr: 609080 
337140000: system.memobj: hamming code : 0 
337140000: system.memobj: hamming code addr: 609088 
337140000: system.memobj: hamming code : 0 
337140000: system.memobj: Enter Error Bit index: 4 
337140000: system.memobj: flip data : 1110000110100000010000000000000000000000000000000000000000000000 
337140000: system.memobj: -------------------------------------
337224000: system.memobj: mem->cpu Got response for addr 0x13380 , 78720
337224000: system.memobj: size 0x8
337224000: system.memobj: id 94061726685392
337224000: system.memobj: data_hex : 833DD9FA17000075 
337224000: system.memobj: data : 1000001100111101110110011111101000010111000000000000000001110101 
337224000: system.memobj: fix data : 1000001100111101110110011111101000010111000000000000000001110101 
337224000: system.memobj: -------------------------------------
337301000: system.memobj: mem->cpu Got response for addr 0x92e60 , 601696
337301000: system.memobj: size 0x4
337301000: system.memobj: id 94061726685680
337301000: system.memobj: data_hex : 00000000 
337301000: system.memobj: data : 00000000000000000000000000000000 
337301000: system.memobj: fix data : 00000000000000000000000000000000 
337301000: system.memobj: -------------------------------------
337378000: system.memobj: mem->cpu Got response for addr 0x13380 , 78720
337378000: system.memobj: size 0x8
337378000: system.memobj: id 94061726685680
337378000: system.memobj: data_hex : 833DD9FA17000075 
337378000: system.memobj: data : 1000001100111101110110011111101000010111000000000000000001110101 
337378000: system.memobj: fix data : 1000001100111101110110011111101000010111000000000000000001110101 
337378000: system.memobj: -------------------------------------
337427000: system.memobj: mem->cpu Got response for addr 0x13388 , 78728
337427000: system.memobj: size 0x8
337427000: system.memobj: id 94061726685392
337427000: system.memobj: data_hex : 1648C7C002000000 
337427000: system.memobj: data : 0001011001001000110001111100000000000010000000000000000000000000 
337427000: system.memobj: fix data : 0001011001001000110001111100000000000010000000000000000000000000 
337427000: system.memobj: -------------------------------------
337476000: system.memobj: mem->cpu Got response for addr 0x13388 , 78728
337476000: system.memobj: size 0x8
337476000: system.memobj: id 94061726685680
337476000: system.memobj: data_hex : 1648C7C002000000 
337476000: system.memobj: data : 0001011001001000110001111100000000000010000000000000000000000000 
337476000: system.memobj: fix data : 0001011001001000110001111100000000000010000000000000000000000000 
337476000: system.memobj: -------------------------------------
337525000: system.memobj: mem->cpu Got response for addr 0x13390 , 78736
337525000: system.memobj: size 0x8
337525000: system.memobj: id 94061726685392
337525000: system.memobj: data_hex : 0F05483D01F0FFFF 
337525000: system.memobj: data : 0000111100000101010010000011110100000001111100001111111111111111 
337525000: system.memobj: fix data : 0000111100000101010010000011110100000001111100001111111111111111 
337525000: system.memobj: -------------------------------------
337574000: system.memobj: mem->cpu Got response for addr 0x13390 , 78736
337574000: system.memobj: size 0x8
337574000: system.memobj: id 94061726685392
337574000: system.memobj: data_hex : 0F05483D01F0FFFF 
337574000: system.memobj: data : 0000111100000101010010000011110100000001111100001111111111111111 
337574000: system.memobj: fix data : 0000111100000101010010000011110100000001111100001111111111111111 
337574000: system.memobj: -------------------------------------
337623000: system.memobj: mem->cpu Got response for addr 0x13398 , 78744
337623000: system.memobj: size 0x8
337623000: system.memobj: id 94061726685680
337623000: system.memobj: data_hex : 0F83F22E0000C348 
337623000: system.memobj: data : 0000111110000011111100100010111000000000000000001100001101001000 
337623000: system.memobj: fix data : 0000111110000011111100100010111000000000000000001100001101001000 
337623000: system.memobj: -------------------------------------
337672000: system.memobj: mem->cpu Got response for addr 0x13398 , 78744
337672000: system.memobj: size 0x8
337672000: system.memobj: id 94061726685392
337672000: system.memobj: data_hex : 0F83F22E0000C348 
337672000: system.memobj: data : 0000111110000011111100100010111000000000000000001100001101001000 
337672000: system.memobj: fix data : 0000111110000011111100100010111000000000000000001100001101001000 
337672000: system.memobj: -------------------------------------
337721000: system.memobj: mem->cpu Got response for addr 0x94b08 , 609032
337721000: system.memobj: size 0x8
337721000: system.memobj: id 94061726685680
337721000: system.memobj: data_hex : E1A0400000000000 
337721000: system.memobj: data : 1110000110100000010000000000000000000000000000000000000000000000 
337721000: system.memobj: hamming code addr: 609032 
337721000: system.memobj: hamming code out: 11 
337721000: system.memobj: find Error Bit index : 4 
337721000: system.memobj: hamming code addr: 609040 
337721000: system.memobj: hamming code out: 5 
337721000: system.memobj: hamming code addr: 609048 
337721000: system.memobj: hamming code out: 5 
337721000: system.memobj: hamming code addr: 609056 
337721000: system.memobj: hamming code out: 0 
337721000: system.memobj: hamming code addr: 609064 
337721000: system.memobj: hamming code out: 0 
337721000: system.memobj: hamming code addr: 609072 
337721000: system.memobj: hamming code out: 0 
337721000: system.memobj: hamming code addr: 609080 
337721000: system.memobj: hamming code out: 0 
337721000: system.memobj: hamming code addr: 609088 
337721000: system.memobj: hamming code out: 0 
337721000: system.memobj: fix data : 1111000110100000010000000000000000000000000000000000000000000000 
337721000: system.memobj: -------------------------------------
337770000: system.memobj: mem->cpu Got response for addr 0xa0f0 , 41200
337770000: system.memobj: size 0x8
337770000: system.memobj: id 94061726685680
337770000: system.memobj: data_hex : 0083F8FF89C57421 
337770000: system.memobj: data : 0000000010000011111110001111111110001001110001010111010000100001 
337770000: system.memobj: fix data : 0000000010000011111110001111111110001001110001010111010000100001 
337770000: system.memobj: -------------------------------------
337819000: system.memobj: mem->cpu Got response for addr 0xa0f0 , 41200
337819000: system.memobj: size 0x8
337819000: system.memobj: id 94061726685392
337819000: system.memobj: data_hex : 0083F8FF89C57421 
337819000: system.memobj: data : 0000000010000011111110001111111110001001110001010111010000100001 
337819000: system.memobj: fix data : 0000000010000011111110001111111110001001110001010111010000100001 
337819000: system.memobj: -------------------------------------
337868000: system.memobj: mem->cpu Got response for addr 0xa0f0 , 41200
337868000: system.memobj: size 0x8
337868000: system.memobj: id 94061726685680
337868000: system.memobj: data_hex : 0083F8FF89C57421 
337868000: system.memobj: data : 0000000010000011111110001111111110001001110001010111010000100001 
337868000: system.memobj: fix data : 0000000010000011111110001111111110001001110001010111010000100001 
337868000: system.memobj: -------------------------------------
337917000: system.memobj: mem->cpu Got response for addr 0xa0f8 , 41208
337917000: system.memobj: size 0x8
337917000: system.memobj: id 94061726685392
337917000: system.memobj: data_hex : BA08000000BEE81F 
337917000: system.memobj: data : 1011101000001000000000000000000000000000101111101110100000011111 
337917000: system.memobj: fix data : 1011101000001000000000000000000000000000101111101110100000011111 
337917000: system.memobj: -------------------------------------
337966000: system.memobj: mem->cpu Got response for addr 0xa0f8 , 41208
337966000: system.memobj: size 0x8
337966000: system.memobj: id 94061726685680
337966000: system.memobj: data_hex : BA08000000BEE81F 
337966000: system.memobj: data : 1011101000001000000000000000000000000000101111101110100000011111 
337966000: system.memobj: fix data : 1011101000001000000000000000000000000000101111101110100000011111 
337966000: system.memobj: -------------------------------------
338015000: system.memobj: mem->cpu Got response for addr 0xa100 , 41216
338015000: system.memobj: size 0x8
338015000: system.memobj: id 94061726685392
338015000: system.memobj: data_hex : 590089C7E8679300 
338015000: system.memobj: data : 0101100100000000100010011100011111101000011001111001001100000000 
338015000: system.memobj: fix data : 0101100100000000100010011100011111101000011001111001001100000000 
338015000: system.memobj: -------------------------------------
338064000: system.memobj: mem->cpu Got response for addr 0xa100 , 41216
338064000: system.memobj: size 0x8
338064000: system.memobj: id 94061726685680
338064000: system.memobj: data_hex : 590089C7E8679300 
338064000: system.memobj: data : 0101100100000000100010011100011111101000011001111001001100000000 
338064000: system.memobj: fix data : 0101100100000000100010011100011111101000011001111001001100000000 
338064000: system.memobj: -------------------------------------
338113000: system.memobj: mem->cpu Got response for addr 0xa100 , 41216
338113000: system.memobj: size 0x8
338113000: system.memobj: id 94061726685392
338113000: system.memobj: data_hex : 590089C7E8679300 
338113000: system.memobj: data : 0101100100000000100010011100011111101000011001111001001100000000 
338113000: system.memobj: fix data : 0101100100000000100010011100011111101000011001111001001100000000 
338113000: system.memobj: -------------------------------------
338162000: system.memobj: mem->cpu Got response for addr 0xa108 , 41224
338162000: system.memobj: size 0x8
338162000: system.memobj: id 94061726685680
338162000: system.memobj: data_hex : 0089EF4889C3E8ED 
338162000: system.memobj: data : 0000000010001001111011110100100010001001110000111110100011101101 
338162000: system.memobj: fix data : 0000000010001001111011110100100010001001110000111110100011101101 
338162000: system.memobj: -------------------------------------
338162000: system.memobj: cpu->mem Got request for addr 0x94b08 , 609032
338162000: system.memobj: size 0x8
338162000: system.memobj: id 94061726685968
338162000: system.memobj: data_hex : 09A1400000000000 
338162000: system.memobj: data : 0000100110100001010000000000000000000000000000000000000000000000 
338162000: system.memobj: hamming code addr: 609032 
338162000: system.memobj: hamming code : 5 
338162000: system.memobj: hamming code addr: 609040 
338162000: system.memobj: hamming code : 9 
338162000: system.memobj: hamming code addr: 609048 
338162000: system.memobj: hamming code : 5 
338162000: system.memobj: hamming code addr: 609056 
338162000: system.memobj: hamming code : 0 
338162000: system.memobj: hamming code addr: 609064 
338162000: system.memobj: hamming code : 0 
338162000: system.memobj: hamming code addr: 609072 
338162000: system.memobj: hamming code : 0 
338162000: system.memobj: hamming code addr: 609080 
338162000: system.memobj: hamming code : 0 
338162000: system.memobj: hamming code addr: 609088 
338162000: system.memobj: hamming code : 0 
338162000: system.memobj: Enter Error Bit index: 8 
338162000: system.memobj: flip data : 0000100010100001010000000000000000000000000000000000000000000000 
338162000: system.memobj: -------------------------------------
338232000: system.memobj: mem->cpu Got response for addr 0x13470 , 78960
338232000: system.memobj: size 0x8
338232000: system.memobj: id 94061726685968
338232000: system.memobj: data_hex : 833DE9F917000075 
338232000: system.memobj: data : 1000001100111101111010011111100100010111000000000000000001110101 
338232000: system.memobj: fix data : 1000001100111101111010011111100100010111000000000000000001110101 
338232000: system.memobj: -------------------------------------
338309000: system.memobj: mem->cpu Got response for addr 0x92e60 , 601696
338309000: system.memobj: size 0x4
338309000: system.memobj: id 94061726686256
338309000: system.memobj: data_hex : 00000000 
338309000: system.memobj: data : 00000000000000000000000000000000 
338309000: system.memobj: fix data : 00000000000000000000000000000000 
338309000: system.memobj: -------------------------------------
338386000: system.memobj: mem->cpu Got response for addr 0x13470 , 78960
338386000: system.memobj: size 0x8
338386000: system.memobj: id 94061726686256
338386000: system.memobj: data_hex : 833DE9F917000075 
338386000: system.memobj: data : 1000001100111101111010011111100100010111000000000000000001110101 
338386000: system.memobj: fix data : 1000001100111101111010011111100100010111000000000000000001110101 
338386000: system.memobj: -------------------------------------
338435000: system.memobj: mem->cpu Got response for addr 0x13478 , 78968
338435000: system.memobj: size 0x8
338435000: system.memobj: id 94061726685968
338435000: system.memobj: data_hex : 1648C7C000000000 
338435000: system.memobj: data : 0001011001001000110001111100000000000000000000000000000000000000 
338435000: system.memobj: fix data : 0001011001001000110001111100000000000000000000000000000000000000 
338435000: system.memobj: -------------------------------------
338484000: system.memobj: mem->cpu Got response for addr 0x13478 , 78968
338484000: system.memobj: size 0x8
338484000: system.memobj: id 94061726686256
338484000: system.memobj: data_hex : 1648C7C000000000 
338484000: system.memobj: data : 0001011001001000110001111100000000000000000000000000000000000000 
338484000: system.memobj: fix data : 0001011001001000110001111100000000000000000000000000000000000000 
338484000: system.memobj: -------------------------------------
338533000: system.memobj: mem->cpu Got response for addr 0x13480 , 78976
338533000: system.memobj: size 0x8
338533000: system.memobj: id 94061726685968
338533000: system.memobj: data_hex : 0F05483D01F0FFFF 
338533000: system.memobj: data : 0000111100000101010010000011110100000001111100001111111111111111 
338533000: system.memobj: fix data : 0000111100000101010010000011110100000001111100001111111111111111 
338533000: system.memobj: -------------------------------------
338582000: system.memobj: mem->cpu Got response for addr 0x13480 , 78976
338582000: system.memobj: size 0x8
338582000: system.memobj: id 94061726685968
338582000: system.memobj: data_hex : 0F05483D01F0FFFF 
338582000: system.memobj: data : 0000111100000101010010000011110100000001111100001111111111111111 
338582000: system.memobj: fix data : 0000111100000101010010000011110100000001111100001111111111111111 
338582000: system.memobj: -------------------------------------
338631000: system.memobj: mem->cpu Got response for addr 0x13488 , 78984
338631000: system.memobj: size 0x8
338631000: system.memobj: id 94061726686256
338631000: system.memobj: data_hex : 0F83022E0000C348 
338631000: system.memobj: data : 0000111110000011000000100010111000000000000000001100001101001000 
338631000: system.memobj: fix data : 0000111110000011000000100010111000000000000000001100001101001000 
338631000: system.memobj: -------------------------------------
338680000: system.memobj: mem->cpu Got response for addr 0x13488 , 78984
338680000: system.memobj: size 0x8
338680000: system.memobj: id 94061726685968
338680000: system.memobj: data_hex : 0F83022E0000C348 
338680000: system.memobj: data : 0000111110000011000000100010111000000000000000001100001101001000 
338680000: system.memobj: fix data : 0000111110000011000000100010111000000000000000001100001101001000 
338680000: system.memobj: -------------------------------------
338729000: system.memobj: mem->cpu Got response for addr 0x94b08 , 609032
338729000: system.memobj: size 0x8
338729000: system.memobj: id 94061726686256
338729000: system.memobj: data_hex : 08A1400000000000 
338729000: system.memobj: data : 0000100010100001010000000000000000000000000000000000000000000000 
338729000: system.memobj: hamming code addr: 609032 
338729000: system.memobj: hamming code out: 5 
338729000: system.memobj: find Error Bit index : 8 
338729000: system.memobj: hamming code addr: 609040 
338729000: system.memobj: hamming code out: 9 
338729000: system.memobj: hamming code addr: 609048 
338729000: system.memobj: hamming code out: 5 
338729000: system.memobj: hamming code addr: 609056 
338729000: system.memobj: hamming code out: 0 
338729000: system.memobj: hamming code addr: 609064 
338729000: system.memobj: hamming code out: 0 
338729000: system.memobj: hamming code addr: 609072 
338729000: system.memobj: hamming code out: 0 
338729000: system.memobj: hamming code addr: 609080 
338729000: system.memobj: hamming code out: 0 
338729000: system.memobj: hamming code addr: 609088 
338729000: system.memobj: hamming code out: 0 
338729000: system.memobj: fix data : 0000100110100001010000000000000000000000000000000000000000000000 
338729000: system.memobj: -------------------------------------
338778000: system.memobj: mem->cpu Got response for addr 0xa108 , 41224
338778000: system.memobj: size 0x8
338778000: system.memobj: id 94061726686256
338778000: system.memobj: data_hex : 0089EF4889C3E8ED 
338778000: system.memobj: data : 0000000010001001111011110100100010001001110000111110100011101101 
338778000: system.memobj: fix data : 0000000010001001111011110100100010001001110000111110100011101101 
338778000: system.memobj: -------------------------------------
338827000: system.memobj: mem->cpu Got response for addr 0xa108 , 41224
338827000: system.memobj: size 0x8
338827000: system.memobj: id 94061726685968
338827000: system.memobj: data_hex : 0089EF4889C3E8ED 
338827000: system.memobj: data : 0000000010001001111011110100100010001001110000111110100011101101 
338827000: system.memobj: fix data : 0000000010001001111011110100100010001001110000111110100011101101 
338827000: system.memobj: -------------------------------------
338876000: system.memobj: mem->cpu Got response for addr 0xa108 , 41224
338876000: system.memobj: size 0x8
338876000: system.memobj: id 94061726686256
338876000: system.memobj: data_hex : 0089EF4889C3E8ED 
338876000: system.memobj: data : 0000000010001001111011110100100010001001110000111110100011101101 
338876000: system.memobj: fix data : 0000000010001001111011110100100010001001110000111110100011101101 
338876000: system.memobj: -------------------------------------
338925000: system.memobj: mem->cpu Got response for addr 0xa110 , 41232
338925000: system.memobj: size 0x8
338925000: system.memobj: id 94061726685968
338925000: system.memobj: data_hex : 9200004883FB0874 
338925000: system.memobj: data : 1001001000000000000000000100100010000011111110110000100001110100 
338925000: system.memobj: fix data : 1001001000000000000000000100100010000011111110110000100001110100 
338925000: system.memobj: -------------------------------------
338925000: system.memobj: cpu->mem Got request for addr 0x94b08 , 609032
338925000: system.memobj: size 0x8
338925000: system.memobj: id 94061726686544
338925000: system.memobj: data_hex : 13A1400000000000 
338925000: system.memobj: data : 0001001110100001010000000000000000000000000000000000000000000000 
338925000: system.memobj: hamming code addr: 609032 
338925000: system.memobj: hamming code : 0 
338925000: system.memobj: hamming code addr: 609040 
338925000: system.memobj: hamming code : 9 
338925000: system.memobj: hamming code addr: 609048 
338925000: system.memobj: hamming code : 5 
338925000: system.memobj: hamming code addr: 609056 
338925000: system.memobj: hamming code : 0 
338925000: system.memobj: hamming code addr: 609064 
338925000: system.memobj: hamming code : 0 
338925000: system.memobj: hamming code addr: 609072 
338925000: system.memobj: hamming code : 0 
338925000: system.memobj: hamming code addr: 609080 
338925000: system.memobj: hamming code : 0 
338925000: system.memobj: hamming code addr: 609088 
338925000: system.memobj: hamming code : 0 
338925000: system.memobj: Enter Error Bit index: 4 
338925000: system.memobj: flip data : 0000001110100001010000000000000000000000000000000000000000000000 
338925000: system.memobj: -------------------------------------
338995000: system.memobj: mem->cpu Got response for addr 0x13400 , 78848
338995000: system.memobj: size 0x8
338995000: system.memobj: id 94061726686544
338995000: system.memobj: data_hex : 833D59FA17000075 
338995000: system.memobj: data : 1000001100111101010110011111101000010111000000000000000001110101 
338995000: system.memobj: fix data : 1000001100111101010110011111101000010111000000000000000001110101 
338995000: system.memobj: -------------------------------------
339072000: system.memobj: mem->cpu Got response for addr 0x92e60 , 601696
339072000: system.memobj: size 0x4
339072000: system.memobj: id 94061726686832
339072000: system.memobj: data_hex : 00000000 
339072000: system.memobj: data : 00000000000000000000000000000000 
339072000: system.memobj: fix data : 00000000000000000000000000000000 
339072000: system.memobj: -------------------------------------
339149000: system.memobj: mem->cpu Got response for addr 0x13400 , 78848
339149000: system.memobj: size 0x8
339149000: system.memobj: id 94061726686832
339149000: system.memobj: data_hex : 833D59FA17000075 
339149000: system.memobj: data : 1000001100111101010110011111101000010111000000000000000001110101 
339149000: system.memobj: fix data : 1000001100111101010110011111101000010111000000000000000001110101 
339149000: system.memobj: -------------------------------------
339198000: system.memobj: mem->cpu Got response for addr 0x13408 , 78856
339198000: system.memobj: size 0x8
339198000: system.memobj: id 94061726686544
339198000: system.memobj: data_hex : 1648C7C003000000 
339198000: system.memobj: data : 0001011001001000110001111100000000000011000000000000000000000000 
339198000: system.memobj: fix data : 0001011001001000110001111100000000000011000000000000000000000000 
339198000: system.memobj: -------------------------------------
339247000: system.memobj: mem->cpu Got response for addr 0x13408 , 78856
339247000: system.memobj: size 0x8
339247000: system.memobj: id 94061726686832
339247000: system.memobj: data_hex : 1648C7C003000000 
339247000: system.memobj: data : 0001011001001000110001111100000000000011000000000000000000000000 
339247000: system.memobj: fix data : 0001011001001000110001111100000000000011000000000000000000000000 
339247000: system.memobj: -------------------------------------
339296000: system.memobj: mem->cpu Got response for addr 0x13410 , 78864
339296000: system.memobj: size 0x8
339296000: system.memobj: id 94061726686544
339296000: system.memobj: data_hex : 0F05483D01F0FFFF 
339296000: system.memobj: data : 0000111100000101010010000011110100000001111100001111111111111111 
339296000: system.memobj: fix data : 0000111100000101010010000011110100000001111100001111111111111111 
339296000: system.memobj: -------------------------------------
339345000: system.memobj: mem->cpu Got response for addr 0x13410 , 78864
339345000: system.memobj: size 0x8
339345000: system.memobj: id 94061726686544
339345000: system.memobj: data_hex : 0F05483D01F0FFFF 
339345000: system.memobj: data : 0000111100000101010010000011110100000001111100001111111111111111 
339345000: system.memobj: fix data : 0000111100000101010010000011110100000001111100001111111111111111 
339345000: system.memobj: -------------------------------------
339394000: system.memobj: mem->cpu Got response for addr 0x13418 , 78872
339394000: system.memobj: size 0x8
339394000: system.memobj: id 94061726686832
339394000: system.memobj: data_hex : 0F83722E0000C348 
339394000: system.memobj: data : 0000111110000011011100100010111000000000000000001100001101001000 
339394000: system.memobj: fix data : 0000111110000011011100100010111000000000000000001100001101001000 
339394000: system.memobj: -------------------------------------
339443000: system.memobj: mem->cpu Got response for addr 0x13418 , 78872
339443000: system.memobj: size 0x8
339443000: system.memobj: id 94061726686544
339443000: system.memobj: data_hex : 0F83722E0000C348 
339443000: system.memobj: data : 0000111110000011011100100010111000000000000000001100001101001000 
339443000: system.memobj: fix data : 0000111110000011011100100010111000000000000000001100001101001000 
339443000: system.memobj: -------------------------------------
339492000: system.memobj: mem->cpu Got response for addr 0x94b08 , 609032
339492000: system.memobj: size 0x8
339492000: system.memobj: id 94061726686832
339492000: system.memobj: data_hex : 03A1400000000000 
339492000: system.memobj: data : 0000001110100001010000000000000000000000000000000000000000000000 
339492000: system.memobj: hamming code addr: 609032 
339492000: system.memobj: hamming code out: 0 
339492000: system.memobj: find Error Bit index : 4 
339492000: system.memobj: hamming code addr: 609040 
339492000: system.memobj: hamming code out: 9 
339492000: system.memobj: hamming code addr: 609048 
339492000: system.memobj: hamming code out: 5 
339492000: system.memobj: hamming code addr: 609056 
339492000: system.memobj: hamming code out: 0 
339492000: system.memobj: hamming code addr: 609064 
339492000: system.memobj: hamming code out: 0 
339492000: system.memobj: hamming code addr: 609072 
339492000: system.memobj: hamming code out: 0 
339492000: system.memobj: hamming code addr: 609080 
339492000: system.memobj: hamming code out: 0 
339492000: system.memobj: hamming code addr: 609088 
339492000: system.memobj: hamming code out: 0 
339492000: system.memobj: fix data : 0001001110100001010000000000000000000000000000000000000000000000 
339492000: system.memobj: -------------------------------------
339541000: system.memobj: mem->cpu Got response for addr 0xa110 , 41232
339541000: system.memobj: size 0x8
339541000: system.memobj: id 94061726686832
339541000: system.memobj: data_hex : 9200004883FB0874 
339541000: system.memobj: data : 1001001000000000000000000100100010000011111110110000100001110100 
339541000: system.memobj: fix data : 1001001000000000000000000100100010000011111110110000100001110100 
339541000: system.memobj: -------------------------------------
339590000: system.memobj: mem->cpu Got response for addr 0xa110 , 41232
339590000: system.memobj: size 0x8
339590000: system.memobj: id 94061726686544
339590000: system.memobj: data_hex : 9200004883FB0874 
339590000: system.memobj: data : 1001001000000000000000000100100010000011111110110000100001110100 
339590000: system.memobj: fix data : 1001001000000000000000000100100010000011111110110000100001110100 
339590000: system.memobj: -------------------------------------
339653000: system.memobj: mem->cpu Got response for addr 0xa118 , 41240
339653000: system.memobj: size 0x8
339653000: system.memobj: id 94061726686832
339653000: system.memobj: data_hex : AF4889E731F6E84D 
339653000: system.memobj: data : 1010111101001000100010011110011100110001111101101110100001001101 
339653000: system.memobj: fix data : 1010111101001000100010011110011100110001111101101110100001001101 
339653000: system.memobj: -------------------------------------
339702000: system.memobj: mem->cpu Got response for addr 0xa0c8 , 41160
339702000: system.memobj: size 0x8
339702000: system.memobj: id 94061726686544
339702000: system.memobj: data_hex : 488B5C2418488B6C 
339702000: system.memobj: data : 0100100010001011010111000010010000011000010010001000101101101100 
339702000: system.memobj: fix data : 0100100010001011010111000010010000011000010010001000101101101100 
339702000: system.memobj: -------------------------------------
339751000: system.memobj: mem->cpu Got response for addr 0x94b28 , 609064
339751000: system.memobj: size 0x8
339751000: system.memobj: id 94061726686832
339751000: system.memobj: data_hex : 01F0570000000000 
339751000: system.memobj: data : 0000000111110000010101110000000000000000000000000000000000000000 
339751000: system.memobj: hamming code addr: 609064 
339751000: system.memobj: hamming code out: 0 
339751000: system.memobj: find Error Bit index : 8 
339751000: system.memobj: hamming code addr: 609072 
339751000: system.memobj: hamming code out: 7 
339751000: system.memobj: hamming code addr: 609080 
339751000: system.memobj: hamming code out: 15 
339751000: system.memobj: hamming code addr: 609088 
339751000: system.memobj: hamming code out: 0 
339751000: system.memobj: hamming code addr: 609096 
339751000: system.memobj: hamming code out: 0 
339751000: system.memobj: hamming code addr: 609104 
339751000: system.memobj: hamming code out: 0 
339751000: system.memobj: hamming code addr: 609112 
339751000: system.memobj: hamming code out: 0 
339751000: system.memobj: hamming code addr: 609120 
339751000: system.memobj: hamming code out: 0 
339751000: system.memobj: fix data : 0000000011110000010101110000000000000000000000000000000000000000 
339751000: system.memobj: -------------------------------------
339800000: system.memobj: mem->cpu Got response for addr 0xa0c8 , 41160
339800000: system.memobj: size 0x8
339800000: system.memobj: id 94061726686832
339800000: system.memobj: data_hex : 488B5C2418488B6C 
339800000: system.memobj: data : 0100100010001011010111000010010000011000010010001000101101101100 
339800000: system.memobj: fix data : 0100100010001011010111000010010000011000010010001000101101101100 
339800000: system.memobj: -------------------------------------
339849000: system.memobj: mem->cpu Got response for addr 0xa0d0 , 41168
339849000: system.memobj: size 0x8
339849000: system.memobj: id 94061726686544
339849000: system.memobj: data_hex : 24204883C428C3B8 
339849000: system.memobj: data : 0010010000100000010010001000001111000100001010001100001110111000 
339849000: system.memobj: fix data : 0010010000100000010010001000001111000100001010001100001110111000 
339849000: system.memobj: -------------------------------------
339898000: system.memobj: mem->cpu Got response for addr 0x94b30 , 609072
339898000: system.memobj: size 0x8
339898000: system.memobj: id 94061726686832
339898000: system.memobj: data_hex : 54EBFFFFFF7F0000 
339898000: system.memobj: data : 0101010011101011111111111111111111111111011111110000000000000000 
339898000: system.memobj: hamming code addr: 609072 
339898000: system.memobj: hamming code out: 2 
339898000: system.memobj: find Error Bit index : 6 
339898000: system.memobj: hamming code addr: 609080 
339898000: system.memobj: hamming code out: 14 
339898000: system.memobj: hamming code addr: 609088 
339898000: system.memobj: hamming code out: 3 
339898000: system.memobj: hamming code addr: 609096 
339898000: system.memobj: hamming code out: 3 
339898000: system.memobj: hamming code addr: 609104 
339898000: system.memobj: hamming code out: 3 
339898000: system.memobj: hamming code addr: 609112 
339898000: system.memobj: hamming code out: 0 
339898000: system.memobj: hamming code addr: 609120 
339898000: system.memobj: hamming code out: 0 
339898000: system.memobj: hamming code addr: 609128 
339898000: system.memobj: hamming code out: 0 
339898000: system.memobj: fix data : 0101000011101011111111111111111111111111011111110000000000000000 
339898000: system.memobj: -------------------------------------
339947000: system.memobj: mem->cpu Got response for addr 0xa0d0 , 41168
339947000: system.memobj: size 0x8
339947000: system.memobj: id 94061726686832
339947000: system.memobj: data_hex : 24204883C428C3B8 
339947000: system.memobj: data : 0010010000100000010010001000001111000100001010001100001110111000 
339947000: system.memobj: fix data : 0010010000100000010010001000001111000100001010001100001110111000 
339947000: system.memobj: -------------------------------------
339996000: system.memobj: mem->cpu Got response for addr 0xa0d0 , 41168
339996000: system.memobj: size 0x8
339996000: system.memobj: id 94061726686544
339996000: system.memobj: data_hex : 24204883C428C3B8 
339996000: system.memobj: data : 0010010000100000010010001000001111000100001010001100001110111000 
339996000: system.memobj: fix data : 0010010000100000010010001000001111000100001010001100001110111000 
339996000: system.memobj: -------------------------------------
340016000: system.memobj: mem->cpu Got response for addr 0x94b38 , 609080
340016000: system.memobj: size 0x8
340016000: system.memobj: id 94061726686832
340016000: system.memobj: data_hex : BECC450000000000 
340016000: system.memobj: data : 1011111011001100010001010000000000000000000000000000000000000000 
340016000: system.memobj: hamming code addr: 609080 
340016000: system.memobj: hamming code out: 3 
340016000: system.memobj: find Error Bit index : 5 
340016000: system.memobj: hamming code addr: 609088 
340016000: system.memobj: hamming code out: 5 
340016000: system.memobj: hamming code addr: 609096 
340016000: system.memobj: hamming code out: 3 
340016000: system.memobj: hamming code addr: 609104 
340016000: system.memobj: hamming code out: 0 
340016000: system.memobj: hamming code addr: 609112 
340016000: system.memobj: hamming code out: 0 
340016000: system.memobj: hamming code addr: 609120 
340016000: system.memobj: hamming code out: 0 
340016000: system.memobj: hamming code addr: 609128 
340016000: system.memobj: hamming code out: 0 
340016000: system.memobj: hamming code addr: 609136 
340016000: system.memobj: hamming code out: 0 
340016000: system.memobj: fix data : 1011011011001100010001010000000000000000000000000000000000000000 
340016000: system.memobj: -------------------------------------
340065000: system.memobj: mem->cpu Got response for addr 0x5ccb0 , 380080
340065000: system.memobj: size 0x8
340065000: system.memobj: id 94061726686832
340065000: system.memobj: data_hex : 4883EB08FFD0488B 
340065000: system.memobj: data : 0100100010000011111010110000100011111111110100000100100010001011 
340065000: system.memobj: fix data : 0100100010000011111010110000100011111111110100000100100010001011 
340065000: system.memobj: -------------------------------------
340114000: system.memobj: mem->cpu Got response for addr 0x5ccb8 , 380088
340114000: system.memobj: size 0x8
340114000: system.memobj: id 94061726686544
340114000: system.memobj: data_hex : 034883F8FF75F148 
340114000: system.memobj: data : 0000001101001000100000111111100011111111011101011111000101001000 
340114000: system.memobj: fix data : 0000001101001000100000111111100011111111011101011111000101001000 
340114000: system.memobj: -------------------------------------
340163000: system.memobj: mem->cpu Got response for addr 0x7f000 , 520192
340163000: system.memobj: size 0x8
340163000: system.memobj: id 94061727629328
340163000: system.memobj: data_hex : FFFFFFFFFFFFFFFF 
340163000: system.memobj: data : 1111111111111111111111111111111111111111111111111111111111111111 
340163000: system.memobj: fix data : 1111111111111111111111111111111111111111111111111111111111111111 
340163000: system.memobj: -------------------------------------
340212000: system.memobj: mem->cpu Got response for addr 0x5ccb8 , 380088
340212000: system.memobj: size 0x8
340212000: system.memobj: id 94061727629328
340212000: system.memobj: data_hex : 034883F8FF75F148 
340212000: system.memobj: data : 0000001101001000100000111111100011111111011101011111000101001000 
340212000: system.memobj: fix data : 0000001101001000100000111111100011111111011101011111000101001000 
340212000: system.memobj: -------------------------------------
340275000: system.memobj: mem->cpu Got response for addr 0x5ccb8 , 380088
340275000: system.memobj: size 0x8
340275000: system.memobj: id 94061726686544
340275000: system.memobj: data_hex : 034883F8FF75F148 
340275000: system.memobj: data : 0000001101001000100000111111100011111111011101011111000101001000 
340275000: system.memobj: fix data : 0000001101001000100000111111100011111111011101011111000101001000 
340275000: system.memobj: -------------------------------------
340324000: system.memobj: mem->cpu Got response for addr 0x5ccb8 , 380088
340324000: system.memobj: size 0x8
340324000: system.memobj: id 94061727629328
340324000: system.memobj: data_hex : 034883F8FF75F148 
340324000: system.memobj: data : 0000001101001000100000111111100011111111011101011111000101001000 
340324000: system.memobj: fix data : 0000001101001000100000111111100011111111011101011111000101001000 
340324000: system.memobj: -------------------------------------
340373000: system.memobj: mem->cpu Got response for addr 0x5ccc0 , 380096
340373000: system.memobj: size 0x8
340373000: system.memobj: id 94061726686544
340373000: system.memobj: data_hex : 83C4085BC9C39090 
340373000: system.memobj: data : 1000001111000100000010000101101111001001110000111001000010010000 
340373000: system.memobj: fix data : 1000001111000100000010000101101111001001110000111001000010010000 
340373000: system.memobj: -------------------------------------
340422000: system.memobj: mem->cpu Got response for addr 0x5ccc0 , 380096
340422000: system.memobj: size 0x8
340422000: system.memobj: id 94061727629328
340422000: system.memobj: data_hex : 83C4085BC9C39090 
340422000: system.memobj: data : 1000001111000100000010000101101111001001110000111001000010010000 
340422000: system.memobj: fix data : 1000001111000100000010000101101111001001110000111001000010010000 
340422000: system.memobj: -------------------------------------
340471000: system.memobj: mem->cpu Got response for addr 0x94b48 , 609096
340471000: system.memobj: size 0x8
340471000: system.memobj: id 94061726686544
340471000: system.memobj: data_hex : 4000000000000000 
340471000: system.memobj: data : 0100000000000000000000000000000000000000000000000000000000000000 
340471000: system.memobj: hamming code addr: 609096 
340471000: system.memobj: hamming code out: 0 
340471000: system.memobj: find Error Bit index : 2 
340471000: system.memobj: hamming code addr: 609104 
340471000: system.memobj: hamming code out: 0 
340471000: system.memobj: hamming code addr: 609112 
340471000: system.memobj: hamming code out: 0 
340471000: system.memobj: hamming code addr: 609120 
340471000: system.memobj: hamming code out: 0 
340471000: system.memobj: hamming code addr: 609128 
340471000: system.memobj: hamming code out: 0 
340471000: system.memobj: hamming code addr: 609136 
340471000: system.memobj: hamming code out: 0 
340471000: system.memobj: hamming code addr: 609144 
340471000: system.memobj: hamming code out: 0 
340471000: system.memobj: hamming code addr: 609152 
340471000: system.memobj: hamming code out: 0 
340471000: system.memobj: fix data : 0000000000000000000000000000000000000000000000000000000000000000 
340471000: system.memobj: -------------------------------------
340520000: system.memobj: mem->cpu Got response for addr 0x5ccc0 , 380096
340520000: system.memobj: size 0x8
340520000: system.memobj: id 94061726686544
340520000: system.memobj: data_hex : 83C4085BC9C39090 
340520000: system.memobj: data : 1000001111000100000010000101101111001001110000111001000010010000 
340520000: system.memobj: fix data : 1000001111000100000010000101101111001001110000111001000010010000 
340520000: system.memobj: -------------------------------------
340569000: system.memobj: mem->cpu Got response for addr 0x94b50 , 609104
340569000: system.memobj: size 0x8
340569000: system.memobj: id 94061727629328
340569000: system.memobj: data_hex : 1000000000000000 
340569000: system.memobj: data : 0001000000000000000000000000000000000000000000000000000000000000 
340569000: system.memobj: hamming code addr: 609104 
340569000: system.memobj: hamming code out: 0 
340569000: system.memobj: find Error Bit index : 4 
340569000: system.memobj: hamming code addr: 609112 
340569000: system.memobj: hamming code out: 0 
340569000: system.memobj: hamming code addr: 609120 
340569000: system.memobj: hamming code out: 0 
340569000: system.memobj: hamming code addr: 609128 
340569000: system.memobj: hamming code out: 0 
340569000: system.memobj: hamming code addr: 609136 
340569000: system.memobj: hamming code out: 0 
340569000: system.memobj: hamming code addr: 609144 
340569000: system.memobj: hamming code out: 0 
340569000: system.memobj: hamming code addr: 609152 
340569000: system.memobj: hamming code out: 0 
340569000: system.memobj: hamming code addr: 609160 
340569000: system.memobj: hamming code out: 0 
340569000: system.memobj: fix data : 0000000000000000000000000000000000000000000000000000000000000000 
340569000: system.memobj: -------------------------------------
340618000: system.memobj: mem->cpu Got response for addr 0x5ccc0 , 380096
340618000: system.memobj: size 0x8
340618000: system.memobj: id 94061727629328
340618000: system.memobj: data_hex : 83C4085BC9C39090 
340618000: system.memobj: data : 1000001111000100000010000101101111001001110000111001000010010000 
340618000: system.memobj: fix data : 1000001111000100000010000101101111001001110000111001000010010000 
340618000: system.memobj: -------------------------------------
340667000: system.memobj: mem->cpu Got response for addr 0x94b58 , 609112
340667000: system.memobj: size 0x8
340667000: system.memobj: id 94061726686544
340667000: system.memobj: data_hex : CB01400000000000 
340667000: system.memobj: data : 1100101100000001010000000000000000000000000000000000000000000000 
340667000: system.memobj: hamming code addr: 609112 
340667000: system.memobj: hamming code out: 13 
340667000: system.memobj: find Error Bit index : 2 
340667000: system.memobj: hamming code addr: 609120 
340667000: system.memobj: hamming code out: 12 
340667000: system.memobj: hamming code addr: 609128 
340667000: system.memobj: hamming code out: 5 
340667000: system.memobj: hamming code addr: 609136 
340667000: system.memobj: hamming code out: 0 
340667000: system.memobj: hamming code addr: 609144 
340667000: system.memobj: hamming code out: 0 
340667000: system.memobj: hamming code addr: 609152 
340667000: system.memobj: hamming code out: 0 
340667000: system.memobj: hamming code addr: 609160 
340667000: system.memobj: hamming code out: 0 
340667000: system.memobj: hamming code addr: 609168 
340667000: system.memobj: hamming code out: 0 
340667000: system.memobj: fix data : 1000101100000001010000000000000000000000000000000000000000000000 
340667000: system.memobj: -------------------------------------
340716000: system.memobj: mem->cpu Got response for addr 0x188 , 392
340716000: system.memobj: size 0x8
340716000: system.memobj: id 94061726686544
340716000: system.memobj: data_hex : CB05004883C408C3 
340716000: system.memobj: data : 1100101100000101000000000100100010000011110001000000100011000011 
340716000: system.memobj: fix data : 1100101100000101000000000100100010000011110001000000100011000011 
340716000: system.memobj: -------------------------------------
340765000: system.memobj: mem->cpu Got response for addr 0x188 , 392
340765000: system.memobj: size 0x8
340765000: system.memobj: id 94061727629328
340765000: system.memobj: data_hex : CB05004883C408C3 
340765000: system.memobj: data : 1100101100000101000000000100100010000011110001000000100011000011 
340765000: system.memobj: fix data : 1100101100000101000000000100100010000011110001000000100011000011 
340765000: system.memobj: -------------------------------------
340814000: system.memobj: mem->cpu Got response for addr 0x94b68 , 609128
340814000: system.memobj: size 0x8
340814000: system.memobj: id 94061726686544
340814000: system.memobj: data_hex : A4A0400000000000 
340814000: system.memobj: data : 1010010010100000010000000000000000000000000000000000000000000000 
340814000: system.memobj: hamming code addr: 609128 
340814000: system.memobj: hamming code out: 12 
340814000: system.memobj: find Error Bit index : 1 
340814000: system.memobj: hamming code addr: 609136 
340814000: system.memobj: hamming code out: 5 
340814000: system.memobj: hamming code addr: 609144 
340814000: system.memobj: hamming code out: 5 
340814000: system.memobj: hamming code addr: 609152 
340814000: system.memobj: hamming code out: 0 
340814000: system.memobj: hamming code addr: 609160 
340814000: system.memobj: hamming code out: 0 
340814000: system.memobj: hamming code addr: 609168 
340814000: system.memobj: hamming code out: 0 
340814000: system.memobj: hamming code addr: 609176 
340814000: system.memobj: hamming code out: 0 
340814000: system.memobj: hamming code addr: 609184 
340814000: system.memobj: hamming code out: 0 
340814000: system.memobj: fix data : 0010010010100000010000000000000000000000000000000000000000000000 
340814000: system.memobj: -------------------------------------
340863000: system.memobj: mem->cpu Got response for addr 0xa020 , 40992
340863000: system.memobj: size 0x8
340863000: system.memobj: id 94061726686544
340863000: system.memobj: data_hex : 5461FFFFB800F057 
340863000: system.memobj: data : 0101010001100001111111111111111110111000000000001111000001010111 
340863000: system.memobj: fix data : 0101010001100001111111111111111110111000000000001111000001010111 
340863000: system.memobj: -------------------------------------
340912000: system.memobj: mem->cpu Got response for addr 0xa028 , 41000
340912000: system.memobj: size 0x8
340912000: system.memobj: id 94061727629328
340912000: system.memobj: data_hex : 0031DB482D00F057 
340912000: system.memobj: data : 0000000000110001110110110100100000101101000000001111000001010111 
340912000: system.memobj: fix data : 0000000000110001110110110100100000101101000000001111000001010111 
340912000: system.memobj: -------------------------------------
340961000: system.memobj: mem->cpu Got response for addr 0xa028 , 41000
340961000: system.memobj: size 0x8
340961000: system.memobj: id 94061726686544
340961000: system.memobj: data_hex : 0031DB482D00F057 
340961000: system.memobj: data : 0000000000110001110110110100100000101101000000001111000001010111 
340961000: system.memobj: fix data : 0000000000110001110110110100100000101101000000001111000001010111 
340961000: system.memobj: -------------------------------------
341010000: system.memobj: mem->cpu Got response for addr 0xa028 , 41000
341010000: system.memobj: size 0x8
341010000: system.memobj: id 94061727629328
341010000: system.memobj: data_hex : 0031DB482D00F057 
341010000: system.memobj: data : 0000000000110001110110110100100000101101000000001111000001010111 
341010000: system.memobj: fix data : 0000000000110001110110110100100000101101000000001111000001010111 
341010000: system.memobj: -------------------------------------
341059000: system.memobj: mem->cpu Got response for addr 0xa030 , 41008
341059000: system.memobj: size 0x8
341059000: system.memobj: id 94061726686544
341059000: system.memobj: data_hex : 0048C1F8034839C3 
341059000: system.memobj: data : 0000000001001000110000011111100000000011010010000011100111000011 
341059000: system.memobj: fix data : 0000000001001000110000011111100000000011010010000011100111000011 
341059000: system.memobj: -------------------------------------
341108000: system.memobj: mem->cpu Got response for addr 0xa030 , 41008
341108000: system.memobj: size 0x8
341108000: system.memobj: id 94061727629328
341108000: system.memobj: data_hex : 0048C1F8034839C3 
341108000: system.memobj: data : 0000000001001000110000011111100000000011010010000011100111000011 
341108000: system.memobj: fix data : 0000000001001000110000011111100000000011010010000011100111000011 
341108000: system.memobj: -------------------------------------
341157000: system.memobj: mem->cpu Got response for addr 0xa030 , 41008
341157000: system.memobj: size 0x8
341157000: system.memobj: id 94061726686544
341157000: system.memobj: data_hex : 0048C1F8034839C3 
341157000: system.memobj: data : 0000000001001000110000011111100000000011010010000011100111000011 
341157000: system.memobj: fix data : 0000000001001000110000011111100000000011010010000011100111000011 
341157000: system.memobj: -------------------------------------
341206000: system.memobj: mem->cpu Got response for addr 0xa038 , 41016
341206000: system.memobj: size 0x8
341206000: system.memobj: id 94061727629328
341206000: system.memobj: data_hex : 73154889C5666690 
341206000: system.memobj: data : 0111001100010101010010001000100111000101011001100110011010010000 
341206000: system.memobj: fix data : 0111001100010101010010001000100111000101011001100110011010010000 
341206000: system.memobj: -------------------------------------
341255000: system.memobj: mem->cpu Got response for addr 0xa048 , 41032
341255000: system.memobj: size 0x8
341255000: system.memobj: id 94061726686544
341255000: system.memobj: data_hex : FFC34839EB72F148 
341255000: system.memobj: data : 1111111111000011010010000011100111101011011100101111000101001000 
341255000: system.memobj: fix data : 1111111111000011010010000011100111101011011100101111000101001000 
341255000: system.memobj: -------------------------------------
341304000: system.memobj: mem->cpu Got response for addr 0xa050 , 41040
341304000: system.memobj: size 0x8
341304000: system.memobj: id 94061727629328
341304000: system.memobj: data_hex : 83C4085B5DC36666 
341304000: system.memobj: data : 1000001111000100000010000101101101011101110000110110011001100110 
341304000: system.memobj: fix data : 1000001111000100000010000101101101011101110000110110011001100110 
341304000: system.memobj: -------------------------------------
341367000: system.memobj: mem->cpu Got response for addr 0xa050 , 41040
341367000: system.memobj: size 0x8
341367000: system.memobj: id 94061726686544
341367000: system.memobj: data_hex : 83C4085B5DC36666 
341367000: system.memobj: data : 1000001111000100000010000101101101011101110000110110011001100110 
341367000: system.memobj: fix data : 1000001111000100000010000101101101011101110000110110011001100110 
341367000: system.memobj: -------------------------------------
341387000: system.memobj: mem->cpu Got response for addr 0x94b78 , 609144
341387000: system.memobj: size 0x8
341387000: system.memobj: id 94061727629328
341387000: system.memobj: data_hex : B4EBFFFFFF7F0000 
341387000: system.memobj: data : 1011010011101011111111111111111111111111011111110000000000000000 
341387000: system.memobj: hamming code addr: 609144 
341387000: system.memobj: hamming code out: 2 
341387000: system.memobj: find Error Bit index : 6 
341387000: system.memobj: hamming code addr: 609152 
341387000: system.memobj: hamming code out: 14 
341387000: system.memobj: hamming code addr: 609160 
341387000: system.memobj: hamming code out: 3 
341387000: system.memobj: hamming code addr: 609168 
341387000: system.memobj: hamming code out: 3 
341387000: system.memobj: hamming code addr: 609176 
341387000: system.memobj: hamming code out: 3 
341387000: system.memobj: hamming code addr: 609184 
341387000: system.memobj: hamming code out: 0 
341387000: system.memobj: hamming code addr: 609192 
341387000: system.memobj: hamming code out: 0 
341387000: system.memobj: hamming code addr: 609200 
341387000: system.memobj: hamming code out: 0 
341387000: system.memobj: fix data : 1011000011101011111111111111111111111111011111110000000000000000 
341387000: system.memobj: -------------------------------------
341436000: system.memobj: mem->cpu Got response for addr 0xa050 , 41040
341436000: system.memobj: size 0x8
341436000: system.memobj: id 94061727629328
341436000: system.memobj: data_hex : 83C4085B5DC36666 
341436000: system.memobj: data : 1000001111000100000010000101101101011101110000110110011001100110 
341436000: system.memobj: fix data : 1000001111000100000010000101101101011101110000110110011001100110 
341436000: system.memobj: -------------------------------------
341456000: system.memobj: mem->cpu Got response for addr 0x94b80 , 609152
341456000: system.memobj: size 0x8
341456000: system.memobj: id 94061726686544
341456000: system.memobj: data_hex : 4000000000000000 
341456000: system.memobj: data : 0100000000000000000000000000000000000000000000000000000000000000 
341456000: system.memobj: hamming code addr: 609152 
341456000: system.memobj: hamming code out: 0 
341456000: system.memobj: find Error Bit index : 2 
341456000: system.memobj: hamming code addr: 609160 
341456000: system.memobj: hamming code out: 0 
341456000: system.memobj: hamming code addr: 609168 
341456000: system.memobj: hamming code out: 0 
341456000: system.memobj: hamming code addr: 609176 
341456000: system.memobj: hamming code out: 0 
341456000: system.memobj: hamming code addr: 609184 
341456000: system.memobj: hamming code out: 0 
341456000: system.memobj: hamming code addr: 609192 
341456000: system.memobj: hamming code out: 0 
341456000: system.memobj: hamming code addr: 609200 
341456000: system.memobj: hamming code out: 0 
341456000: system.memobj: hamming code addr: 609208 
341456000: system.memobj: hamming code out: 0 
341456000: system.memobj: fix data : 0000000000000000000000000000000000000000000000000000000000000000 
341456000: system.memobj: -------------------------------------
341505000: system.memobj: mem->cpu Got response for addr 0xa050 , 41040
341505000: system.memobj: size 0x8
341505000: system.memobj: id 94061726686544
341505000: system.memobj: data_hex : 83C4085B5DC36666 
341505000: system.memobj: data : 1000001111000100000010000101101101011101110000110110011001100110 
341505000: system.memobj: fix data : 1000001111000100000010000101101101011101110000110110011001100110 
341505000: system.memobj: -------------------------------------
341554000: system.memobj: mem->cpu Got response for addr 0x94b88 , 609160
341554000: system.memobj: size 0x8
341554000: system.memobj: id 94061727629328
341554000: system.memobj: data_hex : 9D9B400000000000 
341554000: system.memobj: data : 1001110110011011010000000000000000000000000000000000000000000000 
341554000: system.memobj: hamming code addr: 609160 
341554000: system.memobj: hamming code out: 12 
341554000: system.memobj: find Error Bit index : 4 
341554000: system.memobj: hamming code addr: 609168 
341554000: system.memobj: hamming code out: 10 
341554000: system.memobj: hamming code addr: 609176 
341554000: system.memobj: hamming code out: 5 
341554000: system.memobj: hamming code addr: 609184 
341554000: system.memobj: hamming code out: 0 
341554000: system.memobj: hamming code addr: 609192 
341554000: system.memobj: hamming code out: 0 
341554000: system.memobj: hamming code addr: 609200 
341554000: system.memobj: hamming code out: 0 
341554000: system.memobj: hamming code addr: 609208 
341554000: system.memobj: hamming code out: 0 
341554000: system.memobj: hamming code addr: 609216 
341554000: system.memobj: hamming code out: 0 
341554000: system.memobj: fix data : 1000110110011011010000000000000000000000000000000000000000000000 
341554000: system.memobj: -------------------------------------
341617000: system.memobj: mem->cpu Got response for addr 0x9b88 , 39816
341617000: system.memobj: size 0x8
341617000: system.memobj: id 94061727629328
341617000: system.memobj: data_hex : 04FF54241031C090 
341617000: system.memobj: data : 0000010011111111010101000010010000010000001100011100000010010000 
341617000: system.memobj: fix data : 0000010011111111010101000010010000010000001100011100000010010000 
341617000: system.memobj: -------------------------------------
341666000: system.memobj: mem->cpu Got response for addr 0x9b88 , 39816
341666000: system.memobj: size 0x8
341666000: system.memobj: id 94061726686544
341666000: system.memobj: data_hex : 04FF54241031C090 
341666000: system.memobj: data : 0000010011111111010101000010010000010000001100011100000010010000 
341666000: system.memobj: fix data : 0000010011111111010101000010010000010000001100011100000010010000 
341666000: system.memobj: -------------------------------------
341715000: system.memobj: mem->cpu Got response for addr 0x9b90 , 39824
341715000: system.memobj: size 0x8
341715000: system.memobj: id 94061727629328
341715000: system.memobj: data_hex : E81B0500004489EF 
341715000: system.memobj: data : 1110100000011011000001010000000000000000010001001000100111101111 
341715000: system.memobj: fix data : 1110100000011011000001010000000000000000010001001000100111101111 
341715000: system.memobj: -------------------------------------
341715000: system.memobj: cpu->mem Got request for addr 0x94b88 , 609160
341715000: system.memobj: size 0x8
341715000: system.memobj: id 94061727629616
341715000: system.memobj: data_hex : 959B400000000000 
341715000: system.memobj: data : 1001010110011011010000000000000000000000000000000000000000000000 
341715000: system.memobj: hamming code addr: 609160 
341715000: system.memobj: hamming code : 2 
341715000: system.memobj: hamming code addr: 609168 
341715000: system.memobj: hamming code : 10 
341715000: system.memobj: hamming code addr: 609176 
341715000: system.memobj: hamming code : 5 
341715000: system.memobj: hamming code addr: 609184 
341715000: system.memobj: hamming code : 0 
341715000: system.memobj: hamming code addr: 609192 
341715000: system.memobj: hamming code : 0 
341715000: system.memobj: hamming code addr: 609200 
341715000: system.memobj: hamming code : 0 
341715000: system.memobj: hamming code addr: 609208 
341715000: system.memobj: hamming code : 0 
341715000: system.memobj: hamming code addr: 609216 
341715000: system.memobj: hamming code : 0 
341715000: system.memobj: Enter Error Bit index: 7 
341715000: system.memobj: flip data : 1001011110011011010000000000000000000000000000000000000000000000 
341715000: system.memobj: -------------------------------------
341785000: system.memobj: mem->cpu Got response for addr 0xa0b0 , 41136
341785000: system.memobj: size 0x8
341785000: system.memobj: id 94061727629616
341785000: system.memobj: data_hex : 48895C24F048896C 
341785000: system.memobj: data : 0100100010001001010111000010010011110000010010001000100101101100 
341785000: system.memobj: fix data : 0100100010001001010111000010010011110000010010001000100101101100 
341785000: system.memobj: -------------------------------------
341785000: system.memobj: cpu->mem Got request for addr 0x94b78 , 609144
341785000: system.memobj: size 0x8
341785000: system.memobj: id 94061727629328
341785000: system.memobj: data_hex : B0EBFFFFFF7F0000 
341785000: system.memobj: data : 1011000011101011111111111111111111111111011111110000000000000000 
341785000: system.memobj: hamming code addr: 609144 
341785000: system.memobj: hamming code : 2 
341785000: system.memobj: hamming code addr: 609152 
341785000: system.memobj: hamming code : 14 
341785000: system.memobj: hamming code addr: 609160 
341785000: system.memobj: hamming code : 3 
341785000: system.memobj: hamming code addr: 609168 
341785000: system.memobj: hamming code : 3 
341785000: system.memobj: hamming code addr: 609176 
341785000: system.memobj: hamming code : 3 
341785000: system.memobj: hamming code addr: 609184 
341785000: system.memobj: hamming code : 0 
341785000: system.memobj: hamming code addr: 609192 
341785000: system.memobj: hamming code : 0 
341785000: system.memobj: hamming code addr: 609200 
341785000: system.memobj: hamming code : 0 
341785000: system.memobj: Enter Error Bit index: 6 
341785000: system.memobj: flip data : 1011010011101011111111111111111111111111011111110000000000000000 
341785000: system.memobj: -------------------------------------
341855000: system.memobj: mem->cpu Got response for addr 0xa0b0 , 41136
341855000: system.memobj: size 0x8
341855000: system.memobj: id 94061727629328
341855000: system.memobj: data_hex : 48895C24F048896C 
341855000: system.memobj: data : 0100100010001001010111000010010011110000010010001000100101101100 
341855000: system.memobj: fix data : 0100100010001001010111000010010011110000010010001000100101101100 
341855000: system.memobj: -------------------------------------
341904000: system.memobj: mem->cpu Got response for addr 0xa0b8 , 41144
341904000: system.memobj: size 0x8
341904000: system.memobj: id 94061727629616
341904000: system.memobj: data_hex : 24F84883EC284883 
341904000: system.memobj: data : 0010010011111000010010001000001111101100001010000100100010000011 
341904000: system.memobj: fix data : 0010010011111000010010001000001111101100001010000100100010000011 
341904000: system.memobj: -------------------------------------
341904000: system.memobj: cpu->mem Got request for addr 0x94b80 , 609152
341904000: system.memobj: size 0x8
341904000: system.memobj: id 94061727629328
341904000: system.memobj: data_hex : 0000000000000000 
341904000: system.memobj: data : 0000000000000000000000000000000000000000000000000000000000000000 
341904000: system.memobj: hamming code addr: 609152 
341904000: system.memobj: hamming code : 0 
341904000: system.memobj: hamming code addr: 609160 
341904000: system.memobj: hamming code : 0 
341904000: system.memobj: hamming code addr: 609168 
341904000: system.memobj: hamming code : 0 
341904000: system.memobj: hamming code addr: 609176 
341904000: system.memobj: hamming code : 0 
341904000: system.memobj: hamming code addr: 609184 
341904000: system.memobj: hamming code : 0 
341904000: system.memobj: hamming code addr: 609192 
341904000: system.memobj: hamming code : 0 
341904000: system.memobj: hamming code addr: 609200 
341904000: system.memobj: hamming code : 0 
341904000: system.memobj: hamming code addr: 609208 
341904000: system.memobj: hamming code : 0 
341904000: system.memobj: Enter Error Bit index: 1 
341904000: system.memobj: flip data : 1000000000000000000000000000000000000000000000000000000000000000 
341904000: system.memobj: -------------------------------------
341974000: system.memobj: mem->cpu Got response for addr 0xa0b8 , 41144
341974000: system.memobj: size 0x8
341974000: system.memobj: id 94061727629328
341974000: system.memobj: data_hex : 24F84883EC284883 
341974000: system.memobj: data : 0010010011111000010010001000001111101100001010000100100010000011 
341974000: system.memobj: fix data : 0010010011111000010010001000001111101100001010000100100010000011 
341974000: system.memobj: -------------------------------------
342023000: system.memobj: mem->cpu Got response for addr 0xa0b8 , 41144
342023000: system.memobj: size 0x8
342023000: system.memobj: id 94061727629616
342023000: system.memobj: data_hex : 24F84883EC284883 
342023000: system.memobj: data : 0010010011111000010010001000001111101100001010000100100010000011 
342023000: system.memobj: fix data : 0010010011111000010010001000001111101100001010000100100010000011 
342023000: system.memobj: -------------------------------------
342072000: system.memobj: mem->cpu Got response for addr 0xa0c0 , 41152
342072000: system.memobj: size 0x8
342072000: system.memobj: id 94061727629328
342072000: system.memobj: data_hex : 3D227F180000740F 
342072000: system.memobj: data : 0011110100100010011111110001100000000000000000000111010000001111 
342072000: system.memobj: fix data : 0011110100100010011111110001100000000000000000000111010000001111 
342072000: system.memobj: -------------------------------------
342092000: system.memobj: mem->cpu Got response for addr 0x91fe8 , 597992
342092000: system.memobj: size 0x8
342092000: system.memobj: id 94061727629616
342092000: system.memobj: data_hex : C940B5F204674005 
342092000: system.memobj: data : 1100100101000000101101011111001000000100011001110100000000000101 
342092000: system.memobj: hamming code addr: 597992 
342092000: system.memobj: hamming code out: 0 
342092000: system.memobj: find Error Bit index : 1 
342092000: system.memobj: hamming code addr: 598000 
342092000: system.memobj: hamming code out: 15 
342092000: system.memobj: find Error Bit index : 6 
342092000: system.memobj: hamming code addr: 598008 
342092000: system.memobj: hamming code out: 2 
342092000: system.memobj: find Error Bit index : 3 
342092000: system.memobj: hamming code addr: 598016 
342092000: system.memobj: hamming code out: 3 
342092000: system.memobj: find Error Bit index : 21901 
342092000: system.memobj: hamming code addr: 598024 
342092000: system.memobj: hamming code out: 0 
342092000: system.memobj: find Error Bit index : 6 
342092000: system.memobj: hamming code addr: 598032 
342092000: system.memobj: hamming code out: 0 
342092000: system.memobj: find Error Bit index : 1935495449 
